Version identifier: 22.1.0.0 | 2022-03-09 | 1a383f8ce
CPXPARAM_Preprocessing_Reduce                    1
CPXPARAM_Threads                                 1
CPXPARAM_Preprocessing_Reformulations            0
CPXPARAM_Emphasis_MIP                            2
CPXPARAM_MIP_Limits_CutPasses                    300
CPXPARAM_TimeLimit                               10800
CPXPARAM_MIP_Limits_TreeMemory                   20000
Legacy callback                                  BbLUID
         Disabling repeat represolve because of lazy constraint/incumbent callback.
1 of 1 MIP starts provided solutions.
MIP start 'm1' defined initial solution with objective 677.0000.
Tried aggregator 2 times.
MIP Presolve eliminated 22927 rows and 0 columns.
MIP Presolve modified 1399 coefficients.
Aggregator did 2 substitutions.
Reduced MIP has 1700 rows, 7345 columns, and 38047 nonzeros.
Reduced MIP has 7345 binaries, 0 generals, 0 SOSs, and 0 indicators.
Presolve time = 0.03 sec. (51.51 ticks)
Probing time = 0.00 sec. (3.81 ticks)
Clique table members: 1700.
MIP emphasis: optimality.
MIP search method: traditional branch-and-cut.
Parallel mode: none, using 1 thread.
Root relaxation solution time = 0.00 sec. (5.83 ticks)

        Nodes                                         Cuts/
   Node  Left     Objective  IInf  Best Integer    Best Bound    ItCnt     Gap         Variable B NodeID Parent  Depth

*     0+    0                          677.0000        7.0000            98.97%
      0     0      593.0000    83      677.0000      520.0000      170   23.19%
      0     0      612.0000    76      677.0000     Cuts: 106      301    9.60%
      0     0      616.7500   172      677.0000      Cuts: 82      337    8.90%
      0     0      618.7500   193      677.0000      User: 21      382    8.60%
      0     0      619.2500   136      677.0000      Cuts: 14      391    8.53%
      0     0      620.0500   198      677.0000      Cuts: 15      407    8.41%
      0     0      621.3611   228      677.0000      Cuts: 19      429    8.22%
      0     0      622.2500   161      677.0000      Cuts: 16      445    8.09%
      0     0      623.0000   234      677.0000       Cuts: 8      468    7.98%
      0     0      623.0000   238      677.0000      Cuts: 10      471    7.98%
      0     0      623.5833   262      677.0000       Cuts: 5      488    7.89%
      0     0      623.9167   133      677.0000      Cuts: 10      496    7.84%
      0     0      624.5833   281      677.0000       Cuts: 8      516    7.74%
      0     0      624.8333   271      677.0000      Cuts: 10      521    7.71%
      0     0      624.8333   265      677.0000       Cuts: 9      531    7.71%
      0     0      624.8333   231      677.0000      Cuts: 18      536    7.71%
      0     0      625.0000   290      677.0000       User: 3      538    7.68%
      0     0      625.3333   257      677.0000       User: 9      543    7.63%
      0     0      628.3333    85      677.0000       Cuts: 6      564    7.19%
      0     0      629.1667    84      677.0000       Cuts: 8      578    7.07%
      0     0      631.2500   251      677.0000       User: 8      603    6.76%
      0     0      632.3571   235      677.0000      Cuts: 14      626    6.59%
      0     0      633.2500   215      677.0000      Cuts: 16      637    6.46%
      0     0      634.0833   194      677.0000      Cuts: 10      657    6.34%
      0     0      634.6250   207      677.0000      Cuts: 22      673    6.26%
      0     0      634.8981   204      677.0000       Cuts: 8      695    6.22%
      0     0      634.8981   202      677.0000      User: 11      697    6.22%
      0     0      634.9167   199      677.0000      User: 14      700    6.22%
      0     0      635.4444   210      677.0000       User: 9      712    6.14%
      0     0      636.5833   166      677.0000       User: 8      730    5.97%
      0     0      637.0833   178      677.0000      Cuts: 14      735    5.90%
      0     0      638.9167   164      677.0000       Cuts: 5      751    5.63%
      0     0      640.3021   214      677.0000      Cuts: 22      772    5.42%
      0     0      641.4722   229      677.0000       Cuts: 9      803    5.25%
      0     0      642.4762   226      677.0000       Cuts: 8      826    5.10%
      0     0      642.5093   236      677.0000       Cuts: 9      839    5.09%
      0     0      642.5093   175      677.0000       Cuts: 8      858    5.09%
      0     0      642.7000   199      677.0000       User: 4      865    5.07%
      0     0      643.0333   138      677.0000       Cuts: 9      872    5.02%
      0     0      643.3667   260      677.0000      Cuts: 19      902    4.97%
      0     0      643.5333   144      677.0000       Cuts: 8      912    4.94%
      0     0      644.2083   132      677.0000      User: 15      918    4.84%
      0     0      644.6083   196      677.0000       Cuts: 7      943    4.78%
      0     0      644.8333   200      677.0000      Cuts: 13      972    4.75%
      0     0      646.3274   219      677.0000       Cuts: 6     1007    4.53%
      0     0      647.0417   206      677.0000      Cuts: 11     1052    4.43%
      0     0      647.5417   239      677.0000       Cuts: 6     1085    4.35%
      0     0      647.5938   208      677.0000      Cuts: 17     1103    4.34%
      0     0      647.6562   195      677.0000       Cuts: 8     1119    4.33%
      0     0      648.8750   251      677.0000       Cuts: 7     1164    4.15%
      0     0      648.8750   234      677.0000       User: 7     1165    4.15%
      0     0      648.8750   213      677.0000      Cuts: 10     1179    4.15%
      0     0      648.9062   231      677.0000       Cuts: 6     1191    4.15%
      0     2      648.9062   233      677.0000      649.1250     1191    4.12%                        0             0
Elapsed time = 1.34 sec. (2374.13 ticks, tree = 0.01 MB, solutions = 1)
      1     3      650.5192   226      677.0000      650.5625     1292    3.91%         x81_116 N      1      0      1
      2     4      651.3333   195      677.0000      651.3333     1383    3.79%          x13_81 N      2      1      2
      4     6      654.6029   206      677.0000      651.6250     1609    3.75%         x33_150 N      4      2      3
      5     7      654.9823   209      677.0000      651.6250     1652    3.75%          x19_38 D      5      4      4
      8    10      657.8529   187      677.0000      651.6250     1887    3.75%          x72_83 N      8      6      6
     12    14      659.4029   213      677.0000      651.6250     2091    3.75%         x86_111 D     12     11      9
     16    18      663.1545   190      677.0000      651.6250     2408    3.75%          x47_95 N     16     15     12
     22    24      665.8529   152      677.0000      651.6250     2684    3.75%         x110_78 N     22     21     16
     30    31      668.3529   156      677.0000      651.6250     2859    3.75%          x83_33 D     30     28     22
     51    42      660.5447   224      677.0000      652.6029     4094    3.60%         x13_100 N     51     49      7
Elapsed time = 4.11 sec. (6617.94 ticks, tree = 0.17 MB, solutions = 1)
     82    61      663.8686   214      677.0000      652.6029     5025    3.60%         x38_150 N     82      3      4
    101    78      661.9516   216      677.0000      660.8477     7897    2.39%          x72_83 U    101     98      8
    132   101      672.8529   191      677.0000      662.8750    10124    2.09%         x116_43 U    132     85      7
    183   142      674.0196   208      677.0000      664.1863    12884    1.89%         x119_68 U    183     84      5
    221   175      665.7101   195      677.0000      665.0613    15025    1.76%         x139_94 U    221    204     12
    261   212      667.0529   211      677.0000      665.4938    17864    1.70%         x139_19 N    261    178     11
    309   253      666.4792   216      677.0000      666.0196    20304    1.62%         x110_78 D    309    308     16
    360   299      666.8380   225      677.0000      666.2983    22720    1.58%         x139_38 D    360    236     12
    421   355        cutoff            677.0000      666.6912    25726    1.52%         x119_19 N    421    419     11
    492   416      677.5477   144      677.0000      666.9973    29337    1.48%         x100_78 N    492    489     20
Elapsed time = 16.84 sec. (16315.90 ticks, tree = 2.53 MB, solutions = 1)
    552   466      668.8802   243      677.0000      667.3480    32742    1.43%         x67_137 D    552    550     23
    613   520      675.5000   160      677.0000      667.5863    36283    1.39%         x100_78 U    613    481     18
    676   570      675.6176   235      677.0000      667.8529    40002    1.35%         x147_19 N    676    561     23
    733   613        cutoff            677.0000      667.8542    41893    1.35%         x119_68 N    733    516     13
    796   666      669.4295   180      677.0000      668.1529    46206    1.31%        x137_111 U    796    605     24
    850   709      675.1212   205      677.0000      668.3529    50047    1.28%          x77_19 N    850     67     20
    916   772      669.6500   168      677.0000      668.5781    53480    1.24%          x8_111 U    916    757     21
    980   828      668.7500   207      677.0000      668.7048    57099    1.23%           x94_2 D    980    979     23
   1049   879      670.3818   214      677.0000      668.8455    60265    1.20%         x140_95 N   1049   1047     22
   1118   939      670.9420   197      677.0000      668.9268    64155    1.19%          x94_83 D   1118    793      9
Elapsed time = 31.55 sec. (25966.82 ticks, tree = 5.13 MB, solutions = 1)
   1183   996      671.6705   122      677.0000      669.0455    67094    1.17%         x114_36 U   1183    617     13
   1254  1051      675.8193   180      677.0000      669.1529    71452    1.16%         x119_68 N   1254    783     10
   1314  1102      672.3750   212      677.0000      669.2083    74416    1.15%          x94_19 D   1314   1313     33
   1383  1154      675.7045   175      677.0000      669.3266    77612    1.13%         x139_33 N   1383   1381     27
   1461  1215      670.9139   187      677.0000      669.4368    81833    1.12%          x94_83 U   1461    576     19
   1537  1268        cutoff            677.0000      669.5196    85842    1.10%         x66_142 U   1537    412     17
   1605  1321      673.7095   187      677.0000      669.6416    89315    1.09%           x19_2 N   1605   1604     23
   1680  1380      670.0795   202      677.0000      669.7045    93246    1.08%          x94_19 D   1680   1679     19
   1756  1430      673.2667   151      677.0000      669.8194    96811    1.06%          x13_96 U   1756   1431     28
   1820  1475        cutoff            677.0000      669.8718    99838    1.05%         x119_68 U   1820    735     15
Elapsed time = 46.75 sec. (35614.93 ticks, tree = 7.30 MB, solutions = 1)
   1879  1524      672.3545   169      677.0000      669.9545   102791    1.04%          x94_19 D   1879   1437     25
   1957  1580      671.0000   213      677.0000      670.0000   106170    1.03%          x94_19 D   1957   1707     26
   2023  1631        cutoff            677.0000      670.0568   109505    1.03%          x83_19 U   2023   1837      9
   2106  1698      670.1319   214      677.0000      670.1285   113241    1.01%         x38_119 D   2106   1758     31
   2186  1760      671.5975   152      677.0000      670.2000   117251    1.00%         x67_140 D   2186   1847     17
   2257  1801      670.8545   208      677.0000      670.2727   120687    0.99%         x119_33 D   2257   1384     17
   2336  1857      671.2955   159      677.0000      670.3529   124456    0.98%         x119_33 D   2336    532     22
   2409  1905        cutoff            677.0000      670.4242   127947    0.97%           x8_81 U   2409    957     22
   2488  1965      670.9545   228      677.0000      670.4545   131258    0.97%          x94_19 D   2488   1637      6
   2557  2017      670.7955   201      677.0000      670.5379   134920    0.95%         x67_137 D   2557   1882     27
Elapsed time = 61.89 sec. (45222.97 ticks, tree = 8.82 MB, solutions = 1)
   2635  2072      670.9441   217      677.0000      670.6108   138513    0.94%           x31_2 D   2635   1272     22
   2713  2134      673.2955   181      677.0000      670.6776   142058    0.93%        x100_140 U   2713   2184     13
   2796  2176        cutoff            677.0000      670.7371   145864    0.93%         x119_68 U   2796   2043     26
   2871  2238      671.1045   151      677.0000      670.7879   149672    0.92%         x81_114 D   2871   2680     21
   2952  2297      674.1688   133      677.0000      670.8295   153207    0.91%         x86_111 U   2952   2748     22
   3035  2356      672.3788   168      677.0000      670.8788   156994    0.90%         x95_140 D   3035   2675     24
   3110  2407      673.5000   152      677.0000      670.9545   160480    0.89%          x47_95 U   3110   2935     34
   3200  2469        cutoff            677.0000      670.9545   163510    0.89%         x119_68 U   3200   2846      6
   3270  2509      671.4623   182      677.0000      671.0185   166991    0.88%         x114_36 U   3270    546     21
   3344  2568      671.4667   170      677.0000      671.0795   171143    0.87%          x83_19 D   3344   2342      8
Elapsed time = 77.59 sec. (54827.60 ticks, tree = 10.51 MB, solutions = 1)
   3417  2627      673.5909   198      677.0000      671.1364   175416    0.87%         x67_140 U   3417   3415     16
   3494  2675      673.8333   154      677.0000      671.1705   179412    0.86%         x100_36 U   3494   2261     18
   3572  2709      673.5758   190      677.0000      671.2260   183426    0.85%        x100_114 U   3572   2566     23
   3614  2738        cutoff            677.0000      671.2570   185968    0.85%          x83_19 U   3614   1946     34
   3688  2777      671.7312   195      677.0000      671.3117   189799    0.84%          x38_19 D   3688   2706     22
   3750  2814      675.1944   209      677.0000      671.3600   193319    0.83%          x38_19 U   3750   1097     19
   3820  2869      674.2083   198      677.0000      671.4167   196739    0.82%        x143_147 N   3820   3818     23
   3892  2922      674.4167   108      677.0000      671.4545   200680    0.82%         x67_100 U   3892   2404     29
   3969  2966      672.0000   149      677.0000      671.4821   203993    0.82%        x143_147 U   3969   3967     33
   4050  3020      672.5667   173      677.0000      671.5455   207605    0.81%          x94_19 D   4050   1277     20
Elapsed time = 93.35 sec. (64484.57 ticks, tree = 12.11 MB, solutions = 1)
   4127  3070      674.1667   160      677.0000      671.6111   211642    0.80%         x86_111 U   4127   3186     20
   4192  3113      673.6000   131      677.0000      671.6667   215290    0.79%         x86_111 U   4192   2316     20
   4264  3157      674.5417   152      677.0000      671.6667   219109    0.79%         x111_59 U   4264   4262     33
   4340  3198      671.7917   204      677.0000      671.7083   222429    0.78%        x143_147 D   4340   3549     31
   4405  3241      674.8714   200      677.0000      671.7500   225462    0.78%         x95_140 U   4405   3326     28
   4483  3288      672.1569   236      677.0000      671.7778   228852    0.77%         x140_95 D   4483   4041     33
   4564  3326      674.1667   169      677.0000      671.8312   232061    0.76%        x140_114 U   4564   3041     32
   4640  3367      672.0667   208      677.0000      671.8576   235420    0.76%         x119_68 D   4640   2993     13
   4713  3409      674.3909   208      677.0000      671.9000   239151    0.75%         x67_140 U   4713   3787     15
   4796  3459      675.1458   159      677.0000      671.9286   242945    0.75%         x137_59 U   4796   4734     40
Elapsed time = 108.75 sec. (74184.82 ticks, tree = 13.76 MB, solutions = 1)
   4867  3481      672.8889   194      677.0000      671.9583   245983    0.74%          x80_86 D   4867   4109     39
   4945  3538      675.3000   169      677.0000      672.0000   249295    0.74%         x140_95 D   4945   4943     19
   5022  3581      675.1000   173      677.0000      672.0455   252872    0.73%          x47_95 U   5022   1530     19
   5101  3637      672.7589   225      677.0000      672.0878   256468    0.73%          x38_33 D   5101   4183     21
   5177  3677      675.5417   164      677.0000      672.1250   259986    0.72%          x94_19 U   5177   3005     30
   5249  3715      672.2000   129      677.0000      672.1667   262540    0.71%          x47_95 D   5249   5248     24
   5320  3754      672.6667   213      677.0000      672.1667   265962    0.71%         x38_119 D   5320   5060     21
   5400  3784      672.6967   149      677.0000      672.1917   269042    0.71%        x143_147 U   5400   5398     24
   5477  3825      674.5556   118      677.0000      672.2222   272360    0.71%          x47_95 U   5477   4991     29
   5541  3863      673.3833   196      677.0000      672.2500   275238    0.70%          x38_19 D   5541   3595     27
Elapsed time = 123.61 sec. (83841.27 ticks, tree = 15.43 MB, solutions = 1)
   5620  3910      673.9250   172      677.0000      672.2692   278380    0.70%         x95_140 U   5620   4777     16
   5703  3957      673.6405   235      677.0000      672.2941   281680    0.70%         x67_137 D   5703    401     19
   5780  3994        cutoff            677.0000      672.3333   284753    0.69%         x67_137 N   5780   4901      9
   5858  4021      675.3167   225      677.0000      672.3571   288052    0.69%         x119_19 U   5858    910     14
   5939  4068      672.8833   131      677.0000      672.3833   290701    0.68%        x143_147 U   5939   5019     22
   6007  4102      672.4167   131      677.0000      672.4167   294216    0.68%          x36_95 D   6007   5334     14
   6090  4147      673.3000   142      677.0000      672.4359   297670    0.67%         x67_140 U   6090   3633     15
   6159  4192      674.6667   184      677.0000      672.4545   301441    0.67%        x143_147 D   6159   6158     30
   6239  4238      673.2759   216      677.0000      672.4842   304425    0.67%         x119_33 D   6239   6238     17
   6539  4404      674.7000   125      677.0000      672.5750   315944    0.65%         x139_83 U   6539   6538     21
Elapsed time = 142.42 sec. (96311.87 ticks, tree = 17.10 MB, solutions = 1)
   6837  4562      675.3417   168      677.0000      672.6667   328922    0.64%          x94_19 U   6837   3737     17
   7156  4742      673.2286   116      677.0000      672.7292   342115    0.63%        x143_147 U   7156   7154     22
   7455  4920      673.2292   206      677.0000      672.7920   353596    0.62%          x47_95 D   7455   4779     27
   7750  5049        cutoff            677.0000      672.8744   364759    0.61%           x19_2 U   7750   5778     22
   8087  5205        cutoff            677.0000      672.9524   376885    0.60%        x140_114 U   8087   7836     40
   8414  5368      673.6600   191      677.0000      673.0000   388215    0.59%          x38_19 D   8414   2537     22
   8744  5495        cutoff            677.0000      673.0818   399459    0.58%         x100_59 U   8744   7286     27
   9065  5625      673.2615   167      677.0000      673.1636   409825    0.57%         x140_95 D   9065   4612     22
   9378  5747      675.8542    78      677.0000      673.1875   421076    0.56%         x95_136 U   9378   9365     29
   9673  5864      675.4000    77      677.0000      673.2500   432081    0.55%         x67_100 U   9673   9669     25
Elapsed time = 198.20 sec. (134572.01 ticks, tree = 21.87 MB, solutions = 1)
   9984  5986        cutoff            677.0000      673.3000   443852    0.55%        x140_114 U   9984   7504     24
  10289  6085      675.8714   172      677.0000      673.3536   454966    0.54%         x95_140 U  10289  10287     21
  10603  6186      673.8333   184      677.0000      673.4167   465086    0.53%        x143_147 D  10603   8914     24
  10921  6301        cutoff            677.0000      673.4667   476073    0.52%        x114_140 U  10921  10919     24
  11209  6423        cutoff            677.0000      673.5000   485765    0.52%          x38_33 D  11209  11207     20
  11511  6501        cutoff            677.0000      673.5455   496544    0.51%           x19_2 U  11511   1864     19
  11805  6607      675.6005   208      677.0000      673.6181   507649    0.50%         x86_111 U  11805  10390     23
  12103  6696      675.4000   142      677.0000      673.6667   517951    0.49%         x86_111 U  12103   3342     24
  12413  6751      673.7000   195      677.0000      673.6741   527034    0.49%          x111_8 D  12413  10330     30
  12724  6836        cutoff            677.0000      673.7222   537356    0.48%          x13_96 U  12724  11066     31
Elapsed time = 248.25 sec. (172842.45 ticks, tree = 25.20 MB, solutions = 1)
  13024  6914      674.2222   164      677.0000      673.7778   547072    0.48%         x136_95 D  13024  12371     35
  13316  7016      673.8155   146      677.0000      673.8155   556742    0.47%          x38_19 D  13316  10774     27
  13619  7092        cutoff            677.0000      673.8667   566930    0.46%          x47_95 U  13619  13617     23
  13849  7154      675.0833   201      677.0000      673.8939   574346    0.46%         x139_33 D  13849   7140     27
  14153  7227        cutoff            677.0000      673.9343   582939    0.45%           x2_33 U  14153  13926     11
  14460  7304      674.4222   189      677.0000      673.9786   591609    0.45%         x136_95 D  14460  13636     33
  14740  7418      674.6667   152      677.0000      674.0000   600078    0.44%        x137_140 D  14740  11360     28
  15028  7453        cutoff            677.0000      674.0417   608450    0.44%         x100_78 U  15028  15026     24
  15323  7501      674.0778   216      677.0000      674.0780   616370    0.43%           x94_2 D  15323  13798     23
  15627  7559      674.5074   229      677.0000      674.1324   624568    0.42%        x119_147 D  15627  14090     22
Elapsed time = 293.86 sec. (211055.70 ticks, tree = 27.82 MB, solutions = 1)
  15938  7590      675.6667   158      677.0000      674.1667   632814    0.42%         x136_95 D  15938  15936     35
  16234  7615        cutoff            677.0000      674.1750   640843    0.42%        x100_140 U  16234  13008     19
  16507  7635      675.0000   192      677.0000      674.2000   649259    0.41%          x38_19 D  16507   9467     21
  16800  7665      674.5000    45      677.0000      674.2500   657233    0.41%          x35_97 D  16800  14207     40
  17085  7702      674.2917   117      677.0000      674.2917   665351    0.40%         x86_111 D  17085  10283     19
  17390  7725        cutoff            677.0000      674.3000   674017    0.40%         x139_38 U  17390  17388     20
  17694  7760      675.2500   182      677.0000      674.3333   681172    0.39%        x143_147 D  17694   8916     22
  18003  7796        cutoff            677.0000      674.3636   688843    0.39%        x143_147 U  18003   7302     30
  18300  7826        cutoff            677.0000      674.4000   696047    0.38%         x114_36 U  18300  11535     24
  18604  7854      674.4566   233      677.0000      674.4250   703802    0.38%          x19_33 D  18604  17934     22
Elapsed time = 335.85 sec. (249275.07 ticks, tree = 28.44 MB, solutions = 1)
  18900  7864      674.4583   165      677.0000      674.4583   711982    0.38%          x13_58 D  18900  12811     40
  19179  7880      674.5000    47      677.0000      674.5000   718993    0.37%         x136_62 D  19179  14562     32
  19466  7908        cutoff            677.0000      674.5000   726435    0.37%         x95_136 U  19466  10901     28
  19755  7912      675.5000    40      677.0000      674.5219   733170    0.37%         x95_136 D  19755  14542     30
  20048  7914        cutoff            677.0000      674.5500   740724    0.36%        x114_140 U  20048  20046     26
  20347  7926      674.5928   201      677.0000      674.5929   746684    0.36%        x119_147 D  20347   9877     28
  20627  7949        cutoff            677.0000      674.6250   754040    0.35%         x66_142 U  20627   5902     47
  20919  7945        cutoff            677.0000      674.6667   760408    0.34%         x67_100 U  20919  15191     32
  21219  7926        cutoff            677.0000      674.6667   767235    0.34%         x136_95 D  21219  21218     39
  21504  7884      675.8750    76      677.0000      674.6875   773669    0.34%         x110_63 D  21504   9791     29
Elapsed time = 374.71 sec. (287500.59 ticks, tree = 28.38 MB, solutions = 1)
  21806  7842        cutoff            677.0000      674.7000   780525    0.34%        x100_140 D  21806  11801     23
  22089  7822        cutoff            677.0000      674.7444   786557    0.33%         x136_95 U  22089  12809     40
  22359  7812      674.8036   163      677.0000      674.7619   792675    0.33%          x47_95 D  22359  17888     33
  22656  7789        cutoff            677.0000      674.7917   798488    0.33%          x111_8 U  22656   6793     25
  22944  7749      674.8417   196      677.0000      674.8000   805376    0.32%          x47_95 D  22944  14186     16
  23223  7737        cutoff            677.0000      674.8333   811444    0.32%          x96_58 U  23223  14985     28
  23517  7733        cutoff            677.0000      674.8417   817081    0.32%         x100_95 U  23517  20193     34
  23810  7696      675.9500   189      677.0000      674.8685   822859    0.31%          x19_38 D  23810   1709     13
  24098  7662        cutoff            677.0000      674.9000   828508    0.31%          x12_95 U  24098  24096     33
  24401  7635      675.0833   203      677.0000      674.9167   834824    0.31%         x67_137 D  24401  20804     29
Elapsed time = 409.87 sec. (325694.82 ticks, tree = 27.48 MB, solutions = 1)
  24693  7594        cutoff            677.0000      674.9444   840272    0.30%          x47_36 U  24693  24691     27
  24977  7547        cutoff            677.0000      674.9667   845677    0.30%         x136_95 U  24977  24459     29
  25255  7526      675.6667    48      677.0000      675.0000   851291    0.30%         x136_39 U  25255  19209     33
  25557  7547        cutoff            677.0000      675.0000   857917    0.30%          x36_95 U  25557  25554     35
  25847  7509      675.7852   234      677.0000      675.0000   864299    0.30%        x100_140 N  25847  21251     37
  26138  7434        cutoff            677.0000      675.0333   869633    0.29%         x140_95 U  26138  26135     21
  26420  7389      675.2286   123      677.0000      675.0500   874903    0.29%         x143_19 U  26420  10025     27
  26711  7332        cutoff            677.0000      675.0879   879924    0.28%         x140_95 U  26711  17983     28
  26992  7261        cutoff            677.0000      675.1250   884549    0.28%          x13_96 U  26992  26989     35
  27278  7193        cutoff            677.0000      675.1548   889079    0.27%          x38_83 D  27278  26591     24
Elapsed time = 441.18 sec. (363937.63 ticks, tree = 25.99 MB, solutions = 1)
  27546  7077      675.3000   151      677.0000      675.1667   894624    0.27%          x94_19 D  27546   3524     26
  27823  6991        cutoff            677.0000      675.1750   899639    0.27%          x47_36 D  27823  27822     48
  28106  6947      675.2000    72      677.0000      675.2000   904653    0.27%           x13_8 U  28106  21591     37
  28388  6816        cutoff            677.0000      675.2000   909800    0.27%          x19_33 U  28388   8204     19
  28664  6733        cutoff            677.0000      675.2250   914830    0.26%          x47_36 D  28664  25648     24
  28946  6648        cutoff            677.0000      675.2500   919752    0.26%        x143_147 U  28946  21742     23
  29232  6533      675.7833   192      677.0000      675.2778   924727    0.25%         x136_95 U  29232  16116     32
  29514  6402      675.3000    99      677.0000      675.3000   929575    0.25%        x143_147 U  29514   4890     22
  29800  6271      675.8000   133      677.0000      675.3000   933497    0.25%          x47_95 D  29800  10266     21
  30094  6143        cutoff            677.0000      675.3333   938210    0.25%          x8_111 D  30094  26393     39
Elapsed time = 466.17 sec. (402156.76 ticks, tree = 22.20 MB, solutions = 1)
  30393  6015      675.5714   196      677.0000      675.3571   942936    0.24%         x95_136 D  30393  30392     34
  30695  5917        cutoff            677.0000      675.3750   946999    0.24%         x114_36 U  30695  15617     31
  31001  5832      675.5042   209      677.0000      675.4048   951341    0.24%           x31_2 D  31001  11972     31
  31296  5672        cutoff            677.0000      675.4286   955099    0.23%         x136_39 U  31296  31294     35
  31597  5539        cutoff            677.0000      675.4500   959090    0.23%         x114_36 D  31597  27571     30
  31890  5387      675.7318   210      677.0000      675.4818   962628    0.22%         x139_33 D  31890  11616     15
  32178  5241        cutoff            677.0000      675.5000   967159    0.22%         x58_133 U  32178  32176     41
  32489  5072        cutoff            677.0000      675.5000   971336    0.22%          x47_95 U  32489   8308     17
  32785  4891      675.5143   176      677.0000      675.5025   975066    0.22%          x47_95 N  32785  29129     25
  33087  4773      675.7000   208      677.0000      675.5333   978763    0.22%         x100_78 D  33087  30984     17
Elapsed time = 490.26 sec. (440354.46 ticks, tree = 17.36 MB, solutions = 1)
  33390  4611        cutoff            677.0000      675.5619   982256    0.21%          x47_36 U  33390  30794     35
  33679  4439        cutoff            677.0000      675.5917   985727    0.21%         x81_114 D  33679  24976     30
  33979  4254        cutoff            677.0000      675.6250   988439    0.20%         x136_39 U  33979  31691     38
  34275  4069        cutoff            677.0000      675.6500   991313    0.20%         x139_38 U  34275  34273     23
  34569  3871        cutoff            677.0000      675.6667   994397    0.20%          x47_95 D  34569   8118     23
  34871  3660        cutoff            677.0000      675.6833   997209    0.19%          x35_97 D  34871  30756     31
  35177  3467        cutoff            677.0000      675.7000  1000133    0.19%         x81_114 U  35177  17687     33
  35483  3262        cutoff            677.0000      675.7097  1002746    0.19%          x47_95 U  35483  33353     24
  35776  3056        cutoff            677.0000      675.7500  1005100    0.18%          x67_86 D  35776  33145     46
  36080  2842        cutoff            677.0000      675.7727  1007412    0.18%         x86_137 U  36080  28214     38
Elapsed time = 509.96 sec. (478594.94 ticks, tree = 10.61 MB, solutions = 1)
  36384  2622        cutoff            677.0000      675.8000  1009722    0.18%         x95_145 D  36384  36383     36
  36681  2380        cutoff            677.0000      675.8000  1011877    0.18%         x67_137 U  36681  11803     25
  36985  2152        cutoff            677.0000      675.8326  1013926    0.17%         x111_59 U  36985  34734     50
  37285  1898        cutoff            677.0000      675.8500  1015735    0.17%         x137_95 U  37285  32515     36
  37571  1664      675.8750   105      677.0000      675.8750  1017297    0.17%          x35_97 D  37571  17221     35
  37872  1425        cutoff            677.0000      675.9071  1018797    0.16%        x114_140 D  37872  26403     27
  38158  1171        cutoff            677.0000      675.9286  1020127    0.16%        x100_140 D  38158  13719     28
  38448   916        cutoff            677.0000      675.9545  1021319    0.15%          x47_95 U  38448  35922     33
  38733   646        cutoff            677.0000      675.9931  1022382    0.15%        x137_140 U  38733  32946     44
  39030   402      676.0000    55      677.0000      676.0000  1024342    0.15%          x32_82 D  39030  34382     29
Elapsed time = 523.79 sec. (516812.07 ticks, tree = 1.69 MB, solutions = 1)
  39339   148        cutoff            677.0000      676.0000  1026114    0.15%         x136_95 D  39339  26011     30

Clique cuts applied:  1
Zero-half cuts applied:  43
Gomory fractional cuts applied:  2
User cuts applied:  3804

Root node processing (before b&c):
  Real time             =    1.34 sec. (2361.32 ticks)
Sequential b&c:
  Real time             =  524.12 sec. (521361.28 ticks)
                          ------------
Total (root+branch&cut) =  525.46 sec. (523722.60 ticks)

