Version identifier: 22.1.0.0 | 2022-03-09 | 1a383f8ce
CPXPARAM_Preprocessing_Reduce                    1
CPXPARAM_Threads                                 1
CPXPARAM_Preprocessing_Reformulations            0
CPXPARAM_Emphasis_MIP                            2
CPXPARAM_MIP_Limits_CutPasses                    300
CPXPARAM_TimeLimit                               10800
CPXPARAM_MIP_Limits_TreeMemory                   20000
Legacy callback                                  BbLUID
         Disabling repeat represolve because of lazy constraint/incumbent callback.
1 of 1 MIP starts provided solutions.
MIP start 'm1' defined initial solution with objective 762.0000.
Tried aggregator 1 time.
MIP Presolve eliminated 35007 rows and 0 columns.
MIP Presolve modified 1696 coefficients.
Reduced MIP has 1998 rows, 8656 columns, and 49256 nonzeros.
Reduced MIP has 8656 binaries, 0 generals, 0 SOSs, and 0 indicators.
Presolve time = 0.04 sec. (69.41 ticks)
Probing time = 0.00 sec. (4.15 ticks)
Clique table members: 1998.
MIP emphasis: optimality.
MIP search method: traditional branch-and-cut.
Parallel mode: none, using 1 thread.
Root relaxation solution time = 0.00 sec. (8.70 ticks)

        Nodes                                         Cuts/
   Node  Left     Objective  IInf  Best Integer    Best Bound    ItCnt     Gap         Variable B NodeID Parent  Depth

*     0+    0                          762.0000        0.0000           100.00%
      0     0      638.5000    22      762.0000      638.5000      313   16.21%
      0     0      720.9333   209      762.0000      Cuts: 45      376    5.39%
      0     0      722.2500    77      762.0000      Cuts: 27      410    5.22%
      0     0      723.6800   161      762.0000      Cuts: 15      457    5.03%
      0     0      727.2500   133      762.0000      Cuts: 19      565    4.56%
      0     0      727.9167   163      762.0000      Cuts: 27      597    4.47%
      0     0      728.2500    95      762.0000       Cuts: 7      613    4.43%
      0     0      729.2500   160      762.0000      Cuts: 16      633    4.30%
      0     0      730.0833   218      762.0000      Cuts: 14      647    4.19%
      0     0      730.5625   220      762.0000      Cuts: 11      661    4.13%
      0     0      730.7500   108      762.0000      User: 14      670    4.10%
      0     0      730.9167   218      762.0000      Cuts: 20      678    4.08%
      0     0      731.1667   189      762.0000      User: 10      684    4.05%
      0     0      732.0833   219      762.0000      Cuts: 12      723    3.93%
      0     0      732.0833   136      762.0000      Cuts: 13      732    3.93%
      0     0      733.3333   170      762.0000      Cuts: 12      760    3.76%
      0     0      733.5625   223      762.0000      Cuts: 11      783    3.73%
      0     0      734.0833   232      762.0000      Cuts: 11      801    3.66%
      0     0      734.2083   182      762.0000      Cuts: 10      811    3.65%
      0     0      734.5000    93      762.0000       Cuts: 3      817    3.61%
      0     0      734.5000   103      762.0000       Cuts: 4      822    3.61%
      0     0      734.7333   183      762.0000      Cuts: 11      831    3.58%
      0     0      734.7391   175      762.0000       Cuts: 9      838    3.58%
      0     0      734.7500    94      762.0000       Cuts: 9      851    3.58%
      0     0      734.7500    93      762.0000      Cuts: 21      856    3.58%
      0     0      734.7500    77      762.0000      Cuts: 21      862    3.58%
      0     0      734.7500    59      762.0000       Cuts: 6      881    3.58%
      0     0      735.1346   106      762.0000       Cuts: 8      886    3.53%
      0     0      735.7500    92      762.0000      Cuts: 18      893    3.44%
      0     0      735.8000    64      762.0000       Cuts: 8      907    3.44%
      0     0      737.6786   146      762.0000       Cuts: 5      951    3.19%
      0     0      739.3333   136      762.0000      Cuts: 11      964    2.97%
      0     0      739.4428   149      762.0000  ZeroHalf: 10      982    2.96%
      0     0      739.9026   261      762.0000      Cuts: 10     1001    2.90%
      0     0      740.5390   250      762.0000      Cuts: 12     1030    2.82%
      0     0      740.7559   323      762.0000      Cuts: 19     1054    2.79%
      0     0      741.0417   148      762.0000       Cuts: 9     1073    2.75%
      0     0      741.1250   167      762.0000      Cuts: 16     1085    2.74%
      0     0      741.2500   225      762.0000      Cuts: 11     1103    2.72%
      0     0      741.3571   166      762.0000       Cuts: 8     1113    2.71%
      0     0      741.3766   184      762.0000  ZeroHalf: 18     1120    2.71%
      0     0      741.5357   195      762.0000  ZeroHalf: 11     1132    2.69%
      0     0      742.1686   189      762.0000   ZeroHalf: 5     1155    2.60%
      0     0      742.7473   170      762.0000      Cuts: 20     1189    2.53%
      0     0      743.1565   165      762.0000      Cuts: 14     1213    2.47%
      0     0      743.1565   171      762.0000   ZeroHalf: 1     1219    2.47%
      0     0      743.1565   153      762.0000   ZeroHalf: 1     1226    2.47%
      0     0      743.2333   158      762.0000       Cuts: 3     1247    2.46%
      0     0      743.2416   224      762.0000   ZeroHalf: 3     1260    2.46%
      0     0      743.3116   168      762.0000       Cuts: 7     1273    2.45%
      0     0      743.3116   167      762.0000   ZeroHalf: 1     1274    2.45%
      0     2      743.3116   167      762.0000      743.3116     1274    2.45%                        0             0
Elapsed time = 1.65 sec. (2975.86 ticks, tree = 0.01 MB, solutions = 1)
      1     3      743.3116   162      762.0000      743.3116     1277    2.45%           x6_68 D      1      0      1
      3     5      743.3788   171      762.0000      743.3116     1424    2.45%         x134_16 N      3      1      2
      4     6      744.5111   156      762.0000      743.3116     1470    2.45%         x95_129 N      4      2      3
     10    11      748.4000    73      762.0000      743.3116     1699    2.45%         x135_70 N     10      9      8
     17    15      753.2222   146      762.0000      743.3116     1894    2.45%          x59_18 N     17     15     14
     27    20      757.7500   127      762.0000      743.3116     2108    2.45%          x94_89 N     27     26     23
     39    23      744.1250   174      762.0000      743.3871     2275    2.44%           x6_68 N     39      0      1
     43    27      746.3182   184      762.0000      743.3871     2453    2.44%          x70_18 D     43     42      4
     49    32      749.5435   176      762.0000      743.3871     2763    2.44%          x94_70 N     49     48      8
     73    48      756.9889   181      762.0000      743.3871     3689    2.44%          x81_34 D     73     72     28
Elapsed time = 4.68 sec. (7815.95 ticks, tree = 0.33 MB, solutions = 1)
    100    66      745.5238   170      762.0000      745.3333     4875    2.19%        x107_150 N    100     92      6
    136   100      750.5000   114      762.0000      746.2857     7556    2.06%          x95_76 U    136    134      8
    172   132      758.6111   144      762.0000      747.2067    10454    1.94%         x135_70 U    172     99      5
    213   168      747.8333   119      762.0000      747.8333    12593    1.86%        x107_150 D    213    171     12
    260   208      756.5000   154      762.0000      748.2631    15252    1.80%         x129_89 U    260    258     13
    327   262      751.9617   191      762.0000      748.9143    18225    1.72%          x94_70 D    327    309     10
    382   306      757.1389   149      762.0000      749.3333    20831    1.66%         x129_59 U    382    311     15
    428   338      750.4167   102      762.0000      750.1054    23398    1.56%         x43_127 D    428    156     10
    492   375        cutoff            762.0000      750.7083    26821    1.48%        x100_135 U    492    129      8
    546   418      751.2798   188      762.0000      751.0833    30189    1.43%          x14_11 D    546    412     17
Elapsed time = 17.21 sec. (17504.32 ticks, tree = 4.57 MB, solutions = 1)
    604   453      756.0000   106      762.0000      751.4667    32754    1.38%         x135_98 U    604    394     14
    675   504      758.8750   165      762.0000      751.8333    36410    1.33%          x95_43 N    675    577     19
    732   540      759.3147   168      762.0000      752.1000    39649    1.30%          x95_43 N    732    730     13
    798   580      753.0000    63      762.0000      752.5000    43372    1.25%        x135_126 N    798    739     16
    887   642      753.0000    50      762.0000      752.8333    46813    1.20%        x107_150 D    887    764      9
    959   698        cutoff            762.0000      753.0571    50501    1.17%         x129_89 U    959    652     16
   1048   758      753.9071   111      762.0000      753.3110    53822    1.14%         x11_129 D   1048   1046     14
   1143   821      757.1071   128      762.0000      753.5215    57434    1.11%         x135_98 U   1143    898     21
   1219   862      756.5000    44      762.0000      753.7143    60547    1.09%          x59_18 N   1219   1217     20
   1317   920        cutoff            762.0000      753.9567    63664    1.06%         x129_70 U   1317   1118     15
Elapsed time = 32.61 sec. (27182.25 ticks, tree = 6.65 MB, solutions = 1)
   1397   961      760.2000   126      762.0000      754.1500    66817    1.03%         x127_43 U   1397    203     10
   1469  1004      757.6429   117      762.0000      754.3286    70530    1.01%          x18_98 U   1469   1329     18
   1541  1027      754.4762    94      762.0000      754.4912    73595    0.99%        x100_135 D   1541   1401     16
   1637  1072        cutoff            762.0000      754.5195    76355    0.98%          x94_89 U   1637   1441      9
   1720  1121      754.9000   165      762.0000      754.6667    80551    0.96%          x94_89 D   1720   1719      8
   1798  1171      757.1222   174      762.0000      754.8492    84348    0.94%         x95_127 U   1798   1796     17
   1866  1204      757.0000    95      762.0000      755.0000    87139    0.92%         x18_126 U   1866   1768     36
   1968  1243        cutoff            762.0000      755.1667    90391    0.90%         x11_129 U   1968    336     11
   2050  1284      755.5000    87      762.0000      755.3333    93704    0.87%          x11_78 D   2050   2049     29
   2140  1333      755.7937   147      762.0000      755.4839    97289    0.86%         x135_98 D   2140   1319     16
Elapsed time = 46.82 sec. (36795.28 ticks, tree = 7.18 MB, solutions = 1)
   2214  1362        cutoff            762.0000      755.5667   100917    0.84%         x126_51 U   2214   2212     19
   2302  1421      755.8571   126      762.0000      755.6905   104261    0.83%         x11_143 D   2302   1241     23
   2383  1463      756.1071    84      762.0000      755.8571   107765    0.81%          x11_51 D   2383   2284     23
   2474  1502      759.5026   163      762.0000      756.0000   111538    0.79%         x18_126 N   2474   2084     33
   2580  1540      756.5000    82      762.0000      756.1250   114704    0.77%         x126_51 D   2580   2360     18
   2665  1577      758.5625   170      762.0000      756.2222   118213    0.76%         x95_127 D   2665   2545      9
   2761  1611      758.4500   114      762.0000      756.3690   121840    0.74%         x70_135 D   2761   2571     14
   2857  1643        cutoff            762.0000      756.5000   125138    0.72%         x70_135 D   2857   2855     17
   2961  1667        cutoff            762.0000      756.6333   128104    0.70%         x59_135 U   2961   2959     32
   3060  1689      757.4804   164      762.0000      756.7500   131432    0.69%         x94_129 D   3060   1613     17
Elapsed time = 60.82 sec. (46388.24 ticks, tree = 7.62 MB, solutions = 1)
   3082  1704      760.2440   221      762.0000      756.7976   132629    0.68%          x81_34 N   3082     72     28
   3183  1741        cutoff            762.0000      756.9167   135442    0.67%         x11_135 U   3183   3181     23
   3281  1762        cutoff            762.0000      757.0000   137929    0.66%         x59_135 U   3281   2620     25
   3382  1781        cutoff            762.0000      757.0714   141041    0.65%          x18_51 U   3382   2921     18
   3490  1798      757.5000    93      762.0000      757.1667   143451    0.63%          x11_98 D   3490   1967     23
   3592  1846        cutoff            762.0000      757.3000   146154    0.62%         x129_89 U   3592   1355     17
   3696  1863      759.4167    78      762.0000      757.3889   148893    0.61%         x143_51 U   3696   3694     18
   3790  1874        cutoff            762.0000      757.5000   151715    0.59%         x134_54 U   3790   1156     24
   3901  1894      758.8750    75      762.0000      757.5381   153983    0.59%         x59_135 D   3901   2981     24
   4000  1906      759.7500   106      762.0000      757.6579   156173    0.57%         x70_129 D   4000   2877     16
Elapsed time = 73.62 sec. (56132.78 ticks, tree = 8.22 MB, solutions = 1)
   4093  1938      759.6800   146      762.0000      757.7444   159231    0.56%         x129_89 N   4093   3733     17
   4199  1953      760.0000    84      762.0000      757.8333   161632    0.55%         x59_135 D   4199   3488     24
   4306  1986      758.4167   102      762.0000      757.9167   164030    0.54%          x59_18 U   4306   4202     23
   4410  1977        cutoff            762.0000      758.0000   166254    0.52%          x11_51 U   4410   3300     24
   4514  1978        cutoff            762.0000      758.0714   168750    0.52%         x126_51 U   4514   3358     22
   4609  1976        cutoff            762.0000      758.1429   171239    0.51%          x70_18 U   4609   2243     15
   4711  1984        cutoff            762.0000      758.2500   173607    0.49%         x135_51 U   4711   3280     22
   4808  2001      758.4762   170      762.0000      758.3363   176396    0.48%         x126_51 D   4808   4807     25
   4915  1999        cutoff            762.0000      758.4286   179001    0.47%         x135_42 U   4915   1682     13
   5025  1999      758.5833   119      762.0000      758.5000   180984    0.46%         x101_95 D   5025    399     12
Elapsed time = 86.16 sec. (65716.73 ticks, tree = 8.21 MB, solutions = 1)
   5131  2005      758.9325   139      762.0000      758.5909   183521    0.45%         x126_51 D   5131   4341     29
   5222  2003      760.8333   105      762.0000      758.6667   185336    0.44%          x59_18 D   5222   5165     18
   5334  2004        cutoff            762.0000      758.7500   187365    0.43%          x11_51 U   5334   5332     20
   5436  2004        cutoff            762.0000      758.8333   189137    0.42%        x129_128 D   5436   1260     26
   5543  2005        cutoff            762.0000      758.8750   191174    0.41%         x126_51 U   5543   4232     28
   5645  1996        cutoff            762.0000      758.9667   193798    0.40%         x101_95 N   5645   4874     18
   5751  1977        cutoff            762.0000      759.0000   195257    0.39%         x139_70 U   5751   2162     15
   5860  1962    infeasible            762.0000      759.0714   197355    0.38%        x129_135 D   5860   1764     19
   5964  1943        cutoff            762.0000      759.1429   199158    0.37%          x59_98 D   5964   4613     29
   6072  1923      760.7500   143      762.0000      759.2143   201014    0.37%          x59_18 U   6072   5286     23
Elapsed time = 97.62 sec. (75285.61 ticks, tree = 7.76 MB, solutions = 1)
   6168  1906      759.3364   100      762.0000      759.3000   203038    0.35%         x59_135 D   6168   5427     17
   6276  1881      759.6071    83      762.0000      759.3571   204733    0.35%          x59_18 U   6276   4249     24
   6383  1846      759.4048   109      762.0000      759.4048   206321    0.34%         x126_51 D   6383   4517     22
   6485  1841      760.2167   130      762.0000      759.5000   208108    0.33%          x59_18 U   6485   4948     26
   6594  1789        cutoff            762.0000      759.5000   209291    0.33%          x11_94 N   6594   2094     22
   6699  1765      759.9400   122      762.0000      759.5595   211136    0.32%        x129_135 D   6699   5417     22
   6805  1719        cutoff            762.0000      759.6250   212501    0.31%         x94_129 U   6805   2424     16
   6911  1685      760.9325   157      762.0000      759.6833   214043    0.30%         x143_51 D   6911   5262     25
   7017  1635        cutoff            762.0000      759.7679   215491    0.29%         x135_11 U   7017   1142     16
   7125  1594        cutoff            762.0000      759.8333   217037    0.28%         x135_11 D   7125   6241     24
Elapsed time = 107.52 sec. (84865.75 ticks, tree = 6.29 MB, solutions = 1)
   7232  1556      760.7222    74      762.0000      759.8750   218623    0.28%         x126_51 N   7232   5333     21
   7341  1509        cutoff            762.0000      759.9444   219813    0.27%         x95_127 U   7341   6057     12
   7453  1459        cutoff            762.0000      760.0000   221038    0.26%         x146_22 U   7453   7433     22
   7564  1380      760.5000   116      762.0000      760.0238   222159    0.26%          x59_51 D   7564   6292     22
   7677  1333        cutoff            762.0000      760.0808   223176    0.25%         x127_43 U   7677   4610     19
   7794  1271        cutoff            762.0000      760.1442   224351    0.24%          x11_94 U   7794   2238     20
   7899  1211      760.7455   156      762.0000      760.2000   225636    0.24%          x94_70 N   7899   1397     11
   8000  1156      760.5862   145      762.0000      760.2529   226578    0.23%         x126_51 D   8000   7999     19
   8110  1098      760.3333   110      762.0000      760.3333   227634    0.22%         x95_127 U   8110   3697     26
   8543   783      760.6118   131      762.0000      760.5256   230892    0.19%        x100_135 N   8543   8031     16
Elapsed time = 117.23 sec. (97321.81 ticks, tree = 3.12 MB, solutions = 1)
   8988   432        cutoff            762.0000      760.8214   233264    0.15%         x135_76 D   8988   8883     15
   9428    18        cutoff            762.0000      761.0000   234951    0.13%         x135_11 D   9428   5792     13

Clique cuts applied:  1
Zero-half cuts applied:  62
Gomory fractional cuts applied:  2
User cuts applied:  2655

Root node processing (before b&c):
  Real time             =    1.64 sec. (2957.96 ticks)
Sequential b&c:
  Real time             =  118.91 sec. (102460.21 ticks)
                          ------------
Total (root+branch&cut) =  120.55 sec. (105418.16 ticks)

