Version identifier: 22.1.0.0 | 2022-03-09 | 1a383f8ce
CPXPARAM_Preprocessing_Reduce                    1
CPXPARAM_Threads                                 1
CPXPARAM_Preprocessing_Reformulations            0
CPXPARAM_Emphasis_MIP                            2
CPXPARAM_MIP_Limits_CutPasses                    300
CPXPARAM_TimeLimit                               10800
CPXPARAM_MIP_Limits_TreeMemory                   20000
Legacy callback                                  BbLUID
         Disabling repeat represolve because of lazy constraint/incumbent callback.
1 of 1 MIP starts provided solutions.
MIP start 'm1' defined initial solution with objective 711.0000.
Tried aggregator 1 time.
MIP Presolve eliminated 46028 rows and 0 columns.
MIP Presolve modified 1900 coefficients.
Reduced MIP has 2202 rows, 9645 columns, and 65808 nonzeros.
Reduced MIP has 9645 binaries, 0 generals, 0 SOSs, and 0 indicators.
Presolve time = 0.06 sec. (107.45 ticks)
Probing time = 0.00 sec. (4.33 ticks)
Clique table members: 2202.
MIP emphasis: optimality.
MIP search method: traditional branch-and-cut.
Parallel mode: none, using 1 thread.
Root relaxation solution time = 0.00 sec. (9.74 ticks)

        Nodes                                         Cuts/
   Node  Left     Objective  IInf  Best Integer    Best Bound    ItCnt     Gap         Variable B NodeID Parent  Depth

*     0+    0                          711.0000        0.0000           100.00%
      0     0      652.0000    26      711.0000      562.0000      307   20.96%
      0     0      667.5000   208      711.0000     Cuts: 149      425    6.12%
      0     0      670.4583   253      711.0000      Cuts: 38      493    5.70%
      0     0      670.4583   267      711.0000      Cuts: 11      502    5.70%
      0     0      670.5556   157      711.0000      Cuts: 31      518    5.69%
      0     0      670.6667   195      711.0000      Cuts: 37      536    5.67%
      0     0      671.1667   271      711.0000       Cuts: 8      558    5.60%
      0     0      671.5000   121      711.0000      Cuts: 21      571    5.56%
      0     0      673.0000   286      711.0000      Cuts: 45      621    5.34%
      0     0      673.2500   305      711.0000      Cuts: 21      641    5.31%
      0     0      673.2500   272      711.0000      Cuts: 16      650    5.31%
      0     0      674.5000    52      711.0000      Cuts: 17      669    5.13%
      0     0      675.8750   235      711.0000      Cuts: 40      693    4.94%
      0     0      677.0475   294      711.0000      Cuts: 22      738    4.78%
      0     0      677.7500   122      711.0000      Cuts: 29      750    4.68%
      0     0      678.1923   285      711.0000      Cuts: 16      801    4.61%
      0     0      678.1923   287      711.0000      Cuts: 20      812    4.61%
      0     0      678.3333   281      711.0000      User: 15      831    4.59%
      0     0      678.5833   215      711.0000      Cuts: 23      857    4.56%
      0     0      679.1429   232      711.0000      Cuts: 19      880    4.48%
      0     0      679.2308   258      711.0000      Cuts: 17      895    4.47%
      0     0      679.2500   244      711.0000       Cuts: 9      913    4.47%
      0     0      679.3897   271      711.0000       Cuts: 7      936    4.45%
      0     0      679.4035   278      711.0000      User: 14      942    4.44%
      0     0      679.6576   317      711.0000      User: 14      959    4.41%
      0     0      679.7066   320      711.0000      User: 12      969    4.40%
      0     0      679.7066   321      711.0000       User: 4      972    4.40%
      0     0      680.1222   323      711.0000      User: 10      994    4.34%
      0     0      681.0000    74      711.0000      Cuts: 27     1046    4.22%
      0     0      682.6667   334      711.0000       Cuts: 7     1084    3.98%
      0     0      690.8333   291      711.0000      Cuts: 16     1128    2.84%
      0     0      692.1731   296      711.0000      Cuts: 16     1151    2.65%
      0     0      693.5167   338      711.0000      Cuts: 19     1196    2.46%
      0     0      693.7083   332      711.0000      Cuts: 36     1211    2.43%
      0     0      694.1667   309      711.0000      Cuts: 14     1240    2.37%
      0     0      694.5556   356      711.0000      Cuts: 29     1279    2.31%
      0     0      694.7222   364      711.0000      Cuts: 10     1319    2.29%
      0     0      695.0857   353      711.0000      Cuts: 15     1340    2.24%
      0     0      695.2167   343      711.0000      Cuts: 12     1360    2.22%
      0     0      696.0062   340      711.0000      Cuts: 18     1410    2.11%
      0     0      696.4750   355      711.0000      Cuts: 12     1435    2.04%
      0     0      697.0392   354      711.0000      Cuts: 17     1469    1.96%
      0     0      697.1302   361      711.0000       Cuts: 8     1489    1.95%
      0     0      697.8542   232      711.0000       Cuts: 7     1530    1.85%
      0     0      698.0778   371      711.0000      Cuts: 37     1568    1.82%
      0     0      698.2080   381      711.0000      Cuts: 16     1600    1.80%
      0     0      698.2492   384      711.0000       Cuts: 8     1621    1.79%
      0     0      698.2660   387      711.0000       Cuts: 2     1630    1.79%
      0     0      698.2660   375      711.0000       User: 3     1638    1.79%
      0     0      698.6127   386      711.0000       Cuts: 9     1702    1.74%
      0     0      698.6667   347      711.0000       User: 8     1716    1.73%
      0     0      698.6951   362      711.0000       User: 3     1724    1.73%
      0     0      698.6951   361      711.0000      User: 11     1725    1.73%
      0     2      698.6951   361      711.0000      698.7917     1725    1.72%                        0             0
Elapsed time = 2.28 sec. (4056.38 ticks, tree = 0.01 MB, solutions = 1)
      1     3      702.0000   333      711.0000      701.1096     1863    1.39%        x130_117 N      1      0      1
      2     4      703.7957   382      711.0000      701.1096     1999    1.39%           x5_36 N      2      1      2
      3     4      707.8559   332      711.0000      701.1096     2211    1.39%           x5_36 N      3      1      2
      5     3      702.8008   328      711.0000      702.8008     2393    1.15%        x130_117 N      5      0      1
      6     4      703.1667   270      711.0000      703.1667     2435    1.10%           x5_14 N      6      5      2
      7     4      704.3552   337      711.0000      703.1667     2657    1.10%         x137_43 N      7      6      3
     10     5      705.6909   292      711.0000      703.1667     2869    1.10%         x57_141 D     10      9      6
     13     8      706.2921   368      711.0000      703.1667     3037    1.10%          x101_5 D     13     11      8
     18    13      708.3333   136      711.0000      703.1667     3618    1.10%         x41_133 N     18     16     11
     41    15      706.8824   363      711.0000      704.6585     4663    0.89%         x110_28 N     41      2      3
Elapsed time = 5.41 sec. (9426.26 ticks, tree = 0.12 MB, solutions = 1)
     59    23      708.0000    68      711.0000      707.3333     5998    0.52%         x133_35 N     59     55     14
     85    35      709.3203   209      711.0000      708.0000     7389    0.42%         x133_44 U     85     66     12
    115    47      708.9412   290      711.0000      708.4403     9256    0.36%          x14_33 D    115     74     12
    151    57        cutoff            711.0000      708.9714    11408    0.29%          x78_82 N    151    116     14
    199    68      709.3429   307      711.0000      709.0000    13775    0.28%           x6_82 N    199    123     16
    254    72        cutoff            711.0000      709.3684    15304    0.23%          x44_48 U    254    158     27
    337    37        cutoff            711.0000      709.9545    17489    0.15%          x31_39 U    337    267     29

Zero-half cuts applied:  37
Gomory fractional cuts applied:  2
User cuts applied:  1754

Root node processing (before b&c):
  Real time             =    2.26 sec. (4038.66 ticks)
Sequential b&c:
  Real time             =   10.55 sec. (12690.84 ticks)
                          ------------
Total (root+branch&cut) =   12.81 sec. (16729.50 ticks)

