Version identifier: 22.1.0.0 | 2022-03-09 | 1a383f8ce
CPXPARAM_Preprocessing_Reduce                    1
CPXPARAM_Threads                                 1
CPXPARAM_Preprocessing_Reformulations            0
CPXPARAM_Emphasis_MIP                            2
CPXPARAM_MIP_Limits_CutPasses                    300
CPXPARAM_TimeLimit                               10800
CPXPARAM_MIP_Limits_TreeMemory                   20000
Legacy callback                                  BbLUID
         Disabling repeat represolve because of lazy constraint/incumbent callback.
1 of 1 MIP starts provided solutions.
MIP start 'm1' defined initial solution with objective 613.0000.
Tried aggregator 1 time.
MIP Presolve eliminated 32541 rows and 0 columns.
MIP Presolve modified 1642 coefficients.
Reduced MIP has 1944 rows, 8653 columns, and 48436 nonzeros.
Reduced MIP has 8653 binaries, 0 generals, 0 SOSs, and 0 indicators.
Presolve time = 0.04 sec. (66.97 ticks)
Probing time = 0.00 sec. (4.10 ticks)
Clique table members: 1944.
MIP emphasis: optimality.
MIP search method: traditional branch-and-cut.
Parallel mode: none, using 1 thread.
Root relaxation solution time = 0.00 sec. (8.61 ticks)

        Nodes                                         Cuts/
   Node  Left     Objective  IInf  Best Integer    Best Bound    ItCnt     Gap         Variable B NodeID Parent  Depth

*     0+    0                          613.0000        0.0000           100.00%
      0     0      492.5000    16      613.0000      492.5000      183   19.66%
      0     0      555.5000    30      613.0000      Cuts: 72      252    9.38%
      0     0      564.5000   102      613.0000      Cuts: 93      323    7.91%
      0     0      567.3333   123      613.0000      Cuts: 32      364    7.45%
      0     0      568.0000    48      613.0000      Cuts: 27      379    7.34%
      0     0      569.8750   148      613.0000      User: 58      432    7.04%
      0     0      573.5000    44      613.0000      Cuts: 28      456    6.44%
      0     0      577.1429   152      613.0000      Cuts: 60      533    5.85%
      0     0      578.1667   130      613.0000      Cuts: 19      556    5.68%
      0     0      578.1667   136      613.0000      Cuts: 12      568    5.68%
      0     0      578.6429   165      613.0000      Cuts: 12      598    5.60%
      0     0      578.7500   173      613.0000      Cuts: 14      616    5.59%
      0     0      579.8824   206      613.0000      Cuts: 13      678    5.40%
      0     0      580.3824   204      613.0000       Cuts: 9      684    5.32%
      0     0      580.3824   184      613.0000       User: 5      685    5.32%
      0     0      582.8824   202      613.0000       User: 7      700    4.91%
      0     0      583.9000   215      613.0000      Cuts: 10      711    4.75%
      0     0      584.4517   218      613.0000       Cuts: 9      724    4.66%
      0     0      584.8582   188      613.0000      Cuts: 14      739    4.59%
      0     0      585.8582   246      613.0000       User: 7      757    4.43%
      0     0      585.8596   245      613.0000       User: 2      760    4.43%
      0     0      586.8596   239      613.0000       Cuts: 8      771    4.26%
      0     0      586.9070   189      613.0000      Cuts: 14      782    4.26%
      0     0      587.1500   228      613.0000       Cuts: 6      802    4.22%
      0     0      587.9375   244      613.0000      Cuts: 18      831    4.09%
      0     0      589.6667   205      613.0000      Cuts: 15      876    3.81%
      0     0      589.7478   230      613.0000       User: 9      892    3.79%
      0     0      590.0478   236      613.0000      Cuts: 12      907    3.74%
      0     0      590.0978   242      613.0000       User: 9      912    3.74%
      0     0      590.2500   191      613.0000       User: 4      933    3.71%
      0     0      590.5000   175      613.0000      User: 10      937    3.67%
      0     0      591.0972   216      613.0000       Cuts: 9      973    3.57%
      0     0      591.3750   196      613.0000       Cuts: 8      981    3.53%
      0     0      592.3542   229      613.0000       Cuts: 8     1028    3.37%
      0     0      592.7067   259      613.0000      Cuts: 25     1057    3.31%
      0     0      593.0706   287      613.0000      Cuts: 16     1102    3.25%
      0     0      593.2917   265      613.0000      Cuts: 14     1132    3.22%
      0     0      593.6316   267      613.0000       Cuts: 7     1183    3.16%
      0     0      593.6316   286      613.0000      Cuts: 13     1201    3.16%
      0     0      593.6316   281      613.0000   ZeroHalf: 3     1207    3.16%
      0     0      593.6711   262      613.0000       Cuts: 2     1217    3.15%
      0     0      593.7345   264      613.0000   ZeroHalf: 2     1237    3.14%
      0     0      593.7632   283      613.0000       Cuts: 8     1248    3.14%
      0     0      593.9211   280      613.0000       Cuts: 2     1272    3.11%
      0     0      593.9211   283      613.0000   ZeroHalf: 1     1273    3.11%
      0     0      594.0263   276      613.0000   ZeroHalf: 3     1295    3.10%
      0     2      595.4583   210      613.0000      595.5833     1295    2.84%                        0             0
Elapsed time = 1.49 sec. (2483.04 ticks, tree = 0.01 MB, solutions = 1)
      1     3      596.0000   211      613.0000      596.0000     1316    2.77%        x125_115 N      1      0      1
      2     4      597.0000   211      613.0000      596.0000     1346    2.77%          x10_54 N      2      1      2
      3     5      598.0000   205      613.0000      597.0000     1400    2.61%          x10_54 N      3      1      2
      4     6      598.5000   207      613.0000      597.0000     1428    2.61%          x54_10 N      4      2      3
      6     8      599.3500   219      613.0000      597.0833     1565    2.60%         x125_65 D      6      5      4
      9    11      602.3333   196      613.0000      597.0833     1807    2.60%         x52_134 U      9      6      5
     11    13      601.8000   176      613.0000      597.0833     2044    2.60%          x50_24 N     11      8      6
     14    16      602.9091   160      613.0000      597.0833     2191    2.60%          x62_78 D     14     13      9
     21    17      598.4583   193      613.0000      598.0000     2562    2.45%        x125_115 N     21      0      1
     45    28      603.0333   231      613.0000      599.4375     3640    2.21%         x52_134 N     45      4      4
Elapsed time = 5.01 sec. (7221.14 ticks, tree = 0.24 MB, solutions = 1)
     62    45      601.4000   182      613.0000      600.7500     5544    2.00%          x30_59 N     62     10      7
     87    68      603.8854   241      613.0000      602.1912     7904    1.76%          x50_24 D     87     81      8
    110    89      603.5275   199      613.0000      602.9231    10194    1.64%          x24_45 N    110     68      9
    132   110      604.7500   256      613.0000      603.5000    12229    1.55%          x54_40 D    132     46      5
    170   147      605.7692   175      613.0000      604.0283    15231    1.46%         x93_111 U    170     99     11
    200   172      605.5000   188      613.0000      604.6300    18184    1.37%         x93_111 U    200    199     11
    235   203      606.4818   208      613.0000      605.0000    21062    1.31%         x93_111 U    235    197     14
    257   218      609.0123   263      613.0000      605.2500    22866    1.26%          x93_55 N    257    256      8
    290   243      607.0000   164      613.0000      605.5000    25452    1.22%         x81_113 U    290    200     12
    329   279      606.5000    77      613.0000      605.9167    28205    1.16%        x118_134 U    329    320     16
Elapsed time = 18.96 sec. (16995.78 ticks, tree = 4.40 MB, solutions = 1)
    369   310      607.3429   116      613.0000      606.2500    30976    1.10%         x117_59 D    369    313     14
    409   342      608.1250   215      613.0000      606.4818    33896    1.06%          x89_90 D    409    232     11
    457   374      611.7639   115      613.0000      606.7632    37741    1.02%        x118_134 N    457    269     12
    495   394      611.5943   177      613.0000      607.0000    41004    0.98%        x118_134 D    495    269     12
    546   421      608.5217   211      613.0000      607.2076    44399    0.94%          x89_90 N    546    255      9
    594   436      609.9286   215      613.0000      607.4167    48375    0.91%          x30_59 D    594     84      8
    644   466      610.5000   161      613.0000      607.6667    52152    0.87%         x79_139 U    644    389     12
    698   490      608.2500   186      613.0000      607.9167    55888    0.83%         x39_149 D    698    467     12
    746   505      609.6366   261      613.0000      608.1667    59829    0.79%         x130_72 D    746    144     11
    799   521      612.0000   113      613.0000      608.5000    63696    0.73%         x134_52 N    799    328     17
Elapsed time = 34.55 sec. (26725.32 ticks, tree = 5.06 MB, solutions = 1)
    853   529        cutoff            613.0000      608.7571    67373    0.69%          x2_111 U    853    622     10
    911   542        cutoff            613.0000      608.9571    71970    0.66%          x111_2 U    911    472     17
    963   541      609.5000   190      613.0000      609.2500    75749    0.61%         x10_149 D    963    618     14
   1034   547        cutoff            613.0000      609.5937    79783    0.56%         x93_111 U   1034    684     14
   1101   560        cutoff            613.0000      609.8333    82915    0.52%         x115_62 U   1101    552     16
   1172   571      611.3571   153      613.0000      610.0357    86378    0.48%         x93_111 U   1172   1062      9
   1238   577        cutoff            613.0000      610.2500    90454    0.45%        x125_149 U   1238   1066     20
   1330   541        cutoff            613.0000      610.4241    93024    0.42%         x54_149 U   1330    498     16
   1416   534        cutoff            613.0000      610.6000    96042    0.39%         x39_149 U   1416    426     10
   1507   517      610.7500   156      613.0000      610.7500    98704    0.37%          x90_14 D   1507   1299     13
Elapsed time = 48.97 sec. (36326.10 ticks, tree = 3.35 MB, solutions = 1)
   1592   500        cutoff            613.0000      610.9014   101691    0.34%          x30_19 U   1592   1307     14
   1690   460        cutoff            613.0000      611.0000   104057    0.33%         x81_135 U   1690    823     14
   1777   421        cutoff            613.0000      611.1667   106707    0.30%         x134_52 D   1777   1185     13
   1870   383        cutoff            613.0000      611.2500   108717    0.29%          x39_40 D   1870    687     15
   1965   325        cutoff            613.0000      611.4167   110708    0.26%         x81_113 U   1965   1197     11
   2074   276        cutoff            613.0000      611.5000   112373    0.24%          x111_2 U   2074   2072     16
   2169   208        cutoff            613.0000      611.7143   113661    0.21%          x66_27 D   2169   1738     23
   2269   129        cutoff            613.0000      611.8333   114517    0.19%          x111_2 U   2269   1367     16
   2365    52        cutoff            613.0000      612.0000   115212    0.16%         x137_45 N   2365   2364     24

Cover cuts applied:  1
Zero-half cuts applied:  44
Lift and project cuts applied:  1
Gomory fractional cuts applied:  3
User cuts applied:  2106

Root node processing (before b&c):
  Real time             =    1.48 sec. (2466.07 ticks)
Sequential b&c:
  Real time             =   56.19 sec. (43258.39 ticks)
                          ------------
Total (root+branch&cut) =   57.67 sec. (45724.46 ticks)

