Version identifier: 22.1.0.0 | 2022-03-09 | 1a383f8ce
CPXPARAM_Preprocessing_Reduce                    1
CPXPARAM_Threads                                 1
CPXPARAM_Preprocessing_Reformulations            0
CPXPARAM_Emphasis_MIP                            2
CPXPARAM_MIP_Limits_CutPasses                    300
CPXPARAM_TimeLimit                               10800
CPXPARAM_MIP_Limits_TreeMemory                   20000
Legacy callback                                  BbLUID
         Disabling repeat represolve because of lazy constraint/incumbent callback.
1 of 1 MIP starts provided solutions.
MIP start 'm1' defined initial solution with objective 734.0000.
Tried aggregator 1 time.
MIP Presolve eliminated 23394 rows and 0 columns.
MIP Presolve modified 1378 coefficients.
Reduced MIP has 1680 rows, 7310 columns, and 38813 nonzeros.
Reduced MIP has 7310 binaries, 0 generals, 0 SOSs, and 0 indicators.
Presolve time = 0.03 sec. (46.91 ticks)
Probing time = 0.00 sec. (3.76 ticks)
Clique table members: 1680.
MIP emphasis: optimality.
MIP search method: traditional branch-and-cut.
Parallel mode: none, using 1 thread.
Root relaxation solution time = 0.00 sec. (7.25 ticks)

        Nodes                                         Cuts/
   Node  Left     Objective  IInf  Best Integer    Best Bound    ItCnt     Gap         Variable B NodeID Parent  Depth

*     0+    0                          734.0000        0.0000           100.00%
      0     0      689.5000    34      734.0000      589.0000      221   19.75%
      0     0      710.5000    40      734.0000      Cuts: 94      266    3.20%
      0     0      717.6667   122      734.0000      Cuts: 80      327    2.23%
      0     0      717.8333   150      734.0000      Cuts: 18      349    2.20%
      0     0      718.7500   103      734.0000      Cuts: 13      361    2.08%
      0     0      719.2500   123      734.0000      Cuts: 14      376    2.01%
      0     0      720.0000   121      734.0000       Cuts: 8      392    1.91%
      0     0      720.1667   128      734.0000      Cuts: 19      407    1.88%
      0     0      721.1111   200      734.0000      Cuts: 15      430    1.76%
      0     0      721.8400   217      734.0000      Cuts: 21      465    1.66%
      0     0      722.5000    94      734.0000      Cuts: 15      493    1.57%
      0     0      722.8333   124      734.0000      Cuts: 37      516    1.52%
      0     0      724.6190   151      734.0000      Cuts: 34      576    1.28%
      0     0      726.3333   170      734.0000      Cuts: 43      616    1.04%
      0     0      727.8333   199      734.0000      Cuts: 54      666    0.84%
      0     0      728.3278   261      734.0000      Cuts: 35      700    0.77%
      0     0      728.3833   215      734.0000      Cuts: 21      718    0.77%
      0     0      729.4470   241      734.0000      Cuts: 35      759    0.62%
      0     0      729.5556   262      734.0000      Cuts: 29      783    0.61%
      0     0      729.5556   236      734.0000      Cuts: 29      813    0.61%
      0     0      729.6528   252      734.0000      Cuts: 19      844    0.59%
      0     0      729.7083   234      734.0000      Cuts: 17      870    0.58%
      0     0      729.9735   255      734.0000      Cuts: 28      907    0.55%
      0     0      730.1389   218      734.0000  ZeroHalf: 10      958    0.53%
      0     0      730.1626   288      734.0000      Cuts: 16      986    0.52%
      0     0      730.5163   339      734.0000      Cuts: 19     1038    0.47%
      0     0      730.7980   260      734.0000      Cuts: 16     1069    0.44%
      0     0      730.7980   231      734.0000      Cuts: 14     1089    0.44%
      0     0      730.7980   224      734.0000      Cuts: 15     1110    0.44%
      0     0      730.8565   240      734.0000      Cuts: 17     1147    0.43%
      0     0      730.9091   139      734.0000  ZeroHalf: 11     1157    0.42%
      0     0      730.9091   148      734.0000   ZeroHalf: 3     1160    0.42%
      0     2      730.9091   148      734.0000      730.9091     1160    0.42%                        0             0
Elapsed time = 0.76 sec. (1132.19 ticks, tree = 0.01 MB, solutions = 1)
      1     3      731.1000   133      734.0000      731.1000     1228    0.40%          x72_23 N      1      0      1
      4     4      731.5000   169      734.0000      731.4384     1317    0.35%          x59_42 N      4      3      4
     11     7      732.5000   100      734.0000      731.4384     1666    0.35%          x98_77 N     11     10     11
     22     5        cutoff            734.0000      731.6667     2086    0.32%          x4_118 N     22      5      6
     30     7        cutoff            734.0000      732.2200     2494    0.24%          x59_42 U     30      3      4
     52    10      732.7273   101      734.0000      732.6667     2984    0.18%          x30_72 D     52     47     16

Zero-half cuts applied:  76
Gomory fractional cuts applied:  2
User cuts applied:  922

Root node processing (before b&c):
  Real time             =    0.76 sec. (1132.12 ticks)
Sequential b&c:
  Real time             =    1.63 sec. (1748.45 ticks)
                          ------------
Total (root+branch&cut) =    2.38 sec. (2880.57 ticks)

