Version identifier: 22.1.0.0 | 2022-03-09 | 1a383f8ce
CPXPARAM_Preprocessing_Reduce                    1
CPXPARAM_Threads                                 1
CPXPARAM_Preprocessing_Reformulations            0
CPXPARAM_Emphasis_MIP                            2
CPXPARAM_MIP_Limits_CutPasses                    300
CPXPARAM_TimeLimit                               10800
CPXPARAM_MIP_Limits_TreeMemory                   20000
Legacy callback                                  BbLUID
         Disabling repeat represolve because of lazy constraint/incumbent callback.
1 of 1 MIP starts provided solutions.
MIP start 'm1' defined initial solution with objective 747.0000.
Tried aggregator 1 time.
MIP Presolve eliminated 28411 rows and 0 columns.
MIP Presolve modified 1660 coefficients.
Reduced MIP has 1963 rows, 7814 columns, and 43222 nonzeros.
Reduced MIP has 7814 binaries, 0 generals, 0 SOSs, and 0 indicators.
Presolve time = 0.03 sec. (58.53 ticks)
Probing time = 0.00 sec. (3.94 ticks)
Clique table members: 1963.
MIP emphasis: optimality.
MIP search method: traditional branch-and-cut.
Parallel mode: none, using 1 thread.
Root relaxation solution time = 0.00 sec. (9.49 ticks)

        Nodes                                         Cuts/
   Node  Left     Objective  IInf  Best Integer    Best Bound    ItCnt     Gap         Variable B NodeID Parent  Depth

*     0+    0                          747.0000        0.0000           100.00%
      0     0      617.0000    16      747.0000      617.0000      247   17.40%
      0     0      711.0000    32      747.0000      Cuts: 71      340    4.82%
      0     0      724.5000    60      747.0000      Cuts: 65      382    3.01%
      0     0      729.5000    32      747.0000      Cuts: 46      419    2.34%
      0     0      730.5000   132      747.0000      Cuts: 27      451    2.21%
      0     0      732.0000    80      747.0000      Cuts: 24      462    2.01%
      0     0      733.5000    96      747.0000      Cuts: 20      478    1.81%
      0     0      735.0833   147      747.0000       Cuts: 9      495    1.60%
      0     0      735.3333    91      747.0000      Cuts: 13      507    1.56%
      0     0      735.8333   146      747.0000      Cuts: 20      521    1.49%
      0     0      736.3500   164      747.0000      Cuts: 17      541    1.43%
      0     0      736.5000   121      747.0000      Cuts: 13      553    1.41%
      0     0      736.7000   224      747.0000      Cuts: 11      567    1.38%
      0     0      736.7778   167      747.0000      Cuts: 15      587    1.37%
      0     0      736.7778   158      747.0000      Cuts: 19      598    1.37%
      0     0      737.7778   162      747.0000       Cuts: 6      602    1.23%
      0     0      740.2778   199      747.0000      Cuts: 11      610    0.90%
      0     0      741.7778   162      747.0000  ZeroHalf: 12      614    0.70%
      0     0      742.0095   199      747.0000       Cuts: 3      616    0.67%
      0     0      742.4848   203      747.0000       Cuts: 9      622    0.60%
      0     0      742.8182   164      747.0000      Cuts: 14      624    0.56%
      0     0      743.3182   201      747.0000       User: 1      634    0.49%
      0     0      743.8182   206      747.0000       Cuts: 5      639    0.43%
      0     0      743.8182   164      747.0000      Cuts: 19      642    0.43%
      0     2      743.8182   164      747.0000      743.8182      642    0.43%                        0             0
Elapsed time = 0.62 sec. (796.55 ticks, tree = 0.01 MB, solutions = 1)
     12     7      745.2500    75      747.0000      744.1667      796    0.38%          x29_94 U     12     11      6
     35    11      745.3333    84      747.0000      744.5000     1200    0.33%         x148_53 N     35     10      5
     67    32        cutoff            747.0000      744.7857     1606    0.30%          x24_31 N     67     66     14
    110    38      745.5000    24      747.0000      745.2500     2097    0.23%          x98_30 D    110    109     21
    134    30        cutoff            747.0000      745.5000     2446    0.20%          x53_31 U    134    110     22
    194    10      752.0000    22      747.0000      746.0000     3024    0.13%         x129_34 D    194    193     26

Zero-half cuts applied:  50
Gomory fractional cuts applied:  1
User cuts applied:  801

Root node processing (before b&c):
  Real time             =    0.62 sec. (796.46 ticks)
Sequential b&c:
  Real time             =    2.59 sec. (1490.33 ticks)
                          ------------
Total (root+branch&cut) =    3.21 sec. (2286.79 ticks)

