Version identifier: 22.1.0.0 | 2022-03-09 | 1a383f8ce
CPXPARAM_Preprocessing_Reduce                    1
CPXPARAM_Threads                                 1
CPXPARAM_Preprocessing_Reformulations            0
CPXPARAM_Emphasis_MIP                            2
CPXPARAM_MIP_Limits_CutPasses                    300
CPXPARAM_TimeLimit                               10800
CPXPARAM_MIP_Limits_TreeMemory                   20000
Legacy callback                                  BbLUID
         Disabling repeat represolve because of lazy constraint/incumbent callback.
1 of 1 MIP starts provided solutions.
MIP start 'm1' defined initial solution with objective 676.0000.
Tried aggregator 1 time.
MIP Presolve eliminated 34785 rows and 0 columns.
MIP Presolve modified 1790 coefficients.
Reduced MIP has 2092 rows, 8486 columns, and 47517 nonzeros.
Reduced MIP has 8486 binaries, 0 generals, 0 SOSs, and 0 indicators.
Presolve time = 0.04 sec. (67.21 ticks)
Probing time = 0.00 sec. (4.14 ticks)
Clique table members: 2092.
MIP emphasis: optimality.
MIP search method: traditional branch-and-cut.
Parallel mode: none, using 1 thread.
Root relaxation solution time = 0.00 sec. (10.63 ticks)

        Nodes                                         Cuts/
   Node  Left     Objective  IInf  Best Integer    Best Bound    ItCnt     Gap         Variable B NodeID Parent  Depth

*     0+    0                          676.0000        0.0000           100.00%
      0     0      624.5000    28      676.0000      570.0000      239   15.68%
      0     0      652.5000    85      676.0000     Cuts: 165      301    3.48%
      0     0      661.5000    42      676.0000      Cuts: 33      364    2.14%
      0     0      671.0000    36      676.0000      Cuts: 42      395    0.74%
      0     0      672.2857    88      676.0000      Cuts: 30      425    0.55%
      0     0      673.1667    90      676.0000      Cuts: 20      447    0.42%
      0     0      673.6000    45      676.0000      Cuts: 20      454    0.36%
      0     0        cutoff            676.0000      673.6000      454    0.36%                        0             0
Elapsed time = 0.30 sec. (374.05 ticks, tree = 0.01 MB, solutions = 1)

Cover cuts applied:  1
Zero-half cuts applied:  15
Gomory fractional cuts applied:  4
User cuts applied:  503

Root node processing (before b&c):
  Real time             =    0.30 sec. (374.19 ticks)
Sequential b&c:
  Real time             =    0.00 sec. (0.00 ticks)
                          ------------
Total (root+branch&cut) =    0.30 sec. (374.19 ticks)

