Version identifier: 22.1.0.0 | 2022-03-09 | 1a383f8ce
CPXPARAM_Preprocessing_Reduce                    1
CPXPARAM_Threads                                 1
CPXPARAM_Preprocessing_Reformulations            0
CPXPARAM_Emphasis_MIP                            2
CPXPARAM_MIP_Limits_CutPasses                    300
CPXPARAM_TimeLimit                               10800
CPXPARAM_MIP_Limits_TreeMemory                   20000
Legacy callback                                  BbLUID
         Disabling repeat represolve because of lazy constraint/incumbent callback.
1 of 1 MIP starts provided solutions.
MIP start 'm1' defined initial solution with objective 658.0000.
Tried aggregator 1 time.
MIP Presolve eliminated 37892 rows and 0 columns.
MIP Presolve modified 1708 coefficients.
Reduced MIP has 2011 rows, 9248 columns, and 51330 nonzeros.
Reduced MIP has 9248 binaries, 0 generals, 0 SOSs, and 0 indicators.
Presolve time = 0.04 sec. (72.78 ticks)
Probing time = 0.00 sec. (4.30 ticks)
Clique table members: 2011.
MIP emphasis: optimality.
MIP search method: traditional branch-and-cut.
Parallel mode: none, using 1 thread.
Root relaxation solution time = 0.00 sec. (11.15 ticks)

        Nodes                                         Cuts/
   Node  Left     Objective  IInf  Best Integer    Best Bound    ItCnt     Gap         Variable B NodeID Parent  Depth

*     0+    0                          658.0000        0.0000           100.00%
      0     0      569.5000    36      658.0000      481.0000      332   26.90%
      0     0      588.0000    48      658.0000     Cuts: 111      462   10.64%
      0     0      604.9333   160      658.0000      Cuts: 84      527    8.06%
      0     0      606.0000    75      658.0000      Cuts: 15      548    7.90%
      0     0      606.6667    77      658.0000      Cuts: 12      565    7.80%
      0     0      612.0833   138      658.0000      Cuts: 24      592    6.98%
      0     0      613.1667    70      658.0000      Cuts: 19      630    6.81%
      0     0      619.3333   100      658.0000      Cuts: 17      652    5.88%
      0     0      622.5000   148      658.0000       Cuts: 8      723    5.40%
      0     0      628.8750   223      658.0000      Cuts: 27      784    4.43%
      0     0      629.0000   206      658.0000      Cuts: 16      819    4.41%
      0     0      630.6000   201      658.0000      Cuts: 21      865    4.16%
      0     0      630.6000   177      658.0000      Cuts: 22      874    4.16%
      0     0      630.6000   175      658.0000      User: 15      879    4.16%
      0     0      630.6000   174      658.0000      Cuts: 10      882    4.16%
      0     0      630.6000   173      658.0000      Cuts: 11      887    4.16%
      0     0      631.3500   190      658.0000      Cuts: 13      919    4.05%
      0     0      632.4286   189      658.0000      Cuts: 21      977    3.89%
      0     0      633.0705   273      658.0000      Cuts: 28     1030    3.79%
      0     0      633.1705   271      658.0000       User: 5     1036    3.77%
      0     0      633.2045   275      658.0000       User: 9     1053    3.77%
      0     0      634.8409   263      658.0000       Cuts: 8     1088    3.52%
      0     0      635.5000   251      658.0000      Cuts: 30     1131    3.42%
      0     0      635.6440   264      658.0000       Cuts: 6     1153    3.40%
      0     0      635.9667   138      658.0000       User: 9     1181    3.35%
      0     0      636.1333   214      658.0000      Cuts: 22     1204    3.32%
      0     0      636.1333   211      658.0000       Cuts: 5     1213    3.32%
      0     0      637.5667   272      658.0000       Cuts: 4     1286    3.11%
      0     0      639.2841   287      658.0000      Cuts: 32     1356    2.84%
      0     0      639.6140   335      658.0000      Cuts: 13     1394    2.79%
      0     0      639.7222   305      658.0000      Cuts: 13     1423    2.78%
      0     0      639.7236   321      658.0000       User: 6     1430    2.78%
      0     0      639.7500   310      658.0000       Cuts: 6     1445    2.77%
      0     0      640.1410   306      658.0000       User: 6     1475    2.71%
      0     0      641.4362   324      658.0000      Cuts: 18     1513    2.52%
      0     0      642.5028   340      658.0000      Cuts: 18     1551    2.36%
      0     0      642.6000   301      658.0000      Cuts: 10     1560    2.34%
      0     0      642.9750   188      658.0000       Cuts: 9     1593    2.28%
      0     0      643.2812   310      658.0000      Cuts: 19     1643    2.24%
      0     0      643.7481   357      658.0000      Cuts: 13     1699    2.17%
      0     0      643.7831   346      658.0000       User: 9     1706    2.16%
      0     0      644.1154   220      658.0000       Cuts: 9     1739    2.11%
      0     0      644.2000   202      658.0000      Cuts: 12     1757    2.10%
      0     0      644.3667   338      658.0000      Cuts: 31     1778    2.07%
      0     0      644.5417   287      658.0000       User: 4     1803    2.05%
      0     0      644.7014   310      658.0000      Cuts: 12     1816    2.02%
      0     0      644.9062   208      658.0000       Cuts: 6     1823    1.99%
      0     0      645.0556   312      658.0000       Cuts: 3     1837    1.97%
      0     0      645.0556   314      658.0000      User: 19     1843    1.97%
      0     0      645.2534   308      658.0000       Cuts: 4     1861    1.94%
      0     0      645.5556   304      658.0000       Cuts: 3     1871    1.89%
      0     0      645.5556   312      658.0000   ZeroHalf: 4     1875    1.89%
      0     0      645.5556   302      658.0000   ZeroHalf: 1     1885    1.89%
      0     0      645.5605   312      658.0000      Cuts: 13     1895    1.89%
      0     0      645.6562   315      658.0000       Cuts: 6     1906    1.88%
      0     0      645.6562   315      658.0000   ZeroHalf: 2     1907    1.88%
      0     2      645.6562   315      658.0000      645.7500     1907    1.86%                        0             0
Elapsed time = 1.91 sec. (3321.54 ticks, tree = 0.01 MB, solutions = 1)
      1     3      646.2500   311      658.0000      646.5000     1937    1.75%         x31_114 D      1      0      1
      3     5      648.5833   196      658.0000      646.7917     2243    1.70%        x131_123 N      3      2      3
      4     6      647.4861   226      658.0000      646.7917     2274    1.70%        x131_123 N      4      2      3
      5     7      649.1000   193      658.0000      646.7917     2297    1.70%         x62_138 D      5      3      4
      6     8      649.8333   154      658.0000      646.7917     2334    1.70%         x62_138 U      6      3      4
      8    10      650.6667   213      658.0000      646.7917     2612    1.70%         x138_56 N      8      5      5
     10    11      651.0500   207      658.0000      646.7917     2680    1.70%          x76_85 D     10      9      7
     16    15      652.9286   210      658.0000      646.7917     2827    1.70%         x47_126 U     16     15     12
     21    17      655.8000   185      658.0000      646.7917     2979    1.70%         x122_37 N     21     20     17
     29    20      650.0897   230      658.0000      647.5000     3421    1.60%         x134_78 N     29     28      5
Elapsed time = 4.69 sec. (7557.55 ticks, tree = 0.12 MB, solutions = 1)
     44    25      657.0000   316      658.0000      647.5833     4926    1.58%          x24_31 N     44     26      3
     56    36      652.0500   311      658.0000      650.0552     6398    1.21%         x138_56 N     56     48      3
     74    49      656.3407   362      658.0000      650.9449     8443    1.07%          x27_42 N     74     31      8
     92    64      652.0758   312      658.0000      651.2981    10374    1.02%          x32_56 N     92     58      4
    121    87      651.9076   296      658.0000      651.8213    12904    0.94%          x33_69 D    121    114     11
    155   116      653.5267   263      658.0000      652.0500    15497    0.90%          x78_24 N    155    127      6
    188   144      652.7500    95      658.0000      652.3333    18585    0.86%        x146_145 U    188     73      6
    220   160      655.9829   351      658.0000      652.5443    22019    0.83%         x102_70 D    220    219      9
    255   187      653.0000   226      658.0000      652.7569    25498    0.80%          x78_24 D    255     89      7
    290   214      653.8056   202      658.0000      653.1250    28985    0.74%         x76_104 D    290    273     10
Elapsed time = 17.28 sec. (18436.76 ticks, tree = 1.53 MB, solutions = 1)
    330   242      654.7069   225      658.0000      653.4167    32751    0.70%         x126_47 U    330    175     10
    371   273        cutoff            658.0000      653.7037    36655    0.65%         x47_126 D    371    198     14
    411   306      656.5000   183      658.0000      653.9000    40474    0.62%          x33_69 N    411    409     12
    451   333      655.1830   266      658.0000      654.0992    44658    0.59%         x47_126 D    451    402     10
    514   381      656.0000   219      658.0000      654.2955    49731    0.56%         x126_47 D    514    512     11
    568   417      654.6882   240      658.0000      654.4748    54009    0.54%         x47_126 U    568    521     13
    621   443      655.0314   357      658.0000      654.6200    58145    0.51%         x30_115 D    621    222     10
    677   477      656.3333   159      658.0000      654.7308    63524    0.50%         x47_126 U    677    425     10
    742   497      655.1273   337      658.0000      654.8750    67665    0.47%         x126_47 D    742    653      9
    798   527      655.9741   279      658.0000      654.9737    71806    0.46%         x56_138 N    798    550      8
Elapsed time = 33.14 sec. (28213.87 ticks, tree = 3.02 MB, solutions = 1)
    868   564      655.5572   235      658.0000      655.0353    75637    0.45%         x47_126 U    868    509     13
    934   591      656.3333   170      658.0000      655.1667    79671    0.43%          x32_56 D    934    932     14
    996   614        cutoff            658.0000      655.2917    84153    0.41%          x145_6 D    996    662     12
   1059   620        cutoff            658.0000      655.3676    87571    0.40%          x27_42 U   1059   1057     10
   1127   631        cutoff            658.0000      655.5000    90724    0.38%         x63_104 N   1127    694     17
   1198   643      656.5000   108      658.0000      655.5572    94757    0.37%          x30_69 U   1198    883     14
   1270   655        cutoff            658.0000      655.6667    98518    0.35%         x30_115 U   1270    673     11
   1348   669        cutoff            658.0000      655.7500   101882    0.34%        x146_145 D   1348   1281     14
   1429   679      655.8889   150      658.0000      655.8333   105628    0.33%         x129_56 D   1429   1428     19
   1508   679      656.7353   250      658.0000      655.9333   108827    0.31%        x146_145 D   1508   1187     11
Elapsed time = 48.62 sec. (37836.43 ticks, tree = 3.12 MB, solutions = 1)
   1584   662      657.0000   152      658.0000      656.0000   111934    0.30%        x146_145 D   1584   1049     13
   1667   654        cutoff            658.0000      656.0455   115891    0.30%          x30_69 U   1667   1289     15
   1754   624        cutoff            658.0000      656.1449   118677    0.28%        x146_145 D   1754    416     13
   1838   605      656.3333    92      658.0000      656.2278   121650    0.27%          x145_6 N   1838   1193     16
   1931   569      656.7500   154      658.0000      656.3333   124136    0.25%          x30_69 D   1931   1838     17
   2014   548        cutoff            658.0000      656.4000   126613    0.24%         x100_37 U   2014   1296     11
   2098   498        cutoff            658.0000      656.4955   128602    0.23%         x15_116 D   2098    166     13
   2187   445        cutoff            658.0000      656.5000   130950    0.23%        x146_145 D   2187   2043     12
   2281   388      656.6111   146      658.0000      656.6000   132964    0.21%         x63_104 D   2281   1938     16
   2366   354      656.8333   160      658.0000      656.6667   134429    0.20%         x142_99 D   2366   2365     17
Elapsed time = 59.04 sec. (47440.57 ticks, tree = 1.51 MB, solutions = 1)
   2463   288        cutoff            658.0000      656.7500   135474    0.19%          x32_56 D   2463   2042     10
   2566   217        cutoff            658.0000      656.8571   136697    0.17%         x56_138 D   2566    486     17
   2664   132        cutoff            658.0000      656.9758   137467    0.16%        x146_145 U   2664   2196     15
   2768    50        cutoff            658.0000      657.0000   138469    0.15%          x30_33 U   2768   2525     19

Clique cuts applied:  2
Zero-half cuts applied:  55
Gomory fractional cuts applied:  3
User cuts applied:  2363

Root node processing (before b&c):
  Real time             =    1.90 sec. (3305.21 ticks)
Sequential b&c:
  Real time             =   59.63 sec. (48586.67 ticks)
                          ------------
Total (root+branch&cut) =   61.52 sec. (51891.88 ticks)

