Version identifier: 22.1.0.0 | 2022-03-09 | 1a383f8ce
CPXPARAM_Preprocessing_Reduce                    1
CPXPARAM_Threads                                 1
CPXPARAM_Preprocessing_Reformulations            0
CPXPARAM_Emphasis_MIP                            2
CPXPARAM_MIP_Limits_CutPasses                    300
CPXPARAM_TimeLimit                               10800
CPXPARAM_MIP_Limits_TreeMemory                   20000
Legacy callback                                  BbLUID
         Disabling repeat represolve because of lazy constraint/incumbent callback.
1 of 1 MIP starts provided solutions.
MIP start 'm1' defined initial solution with objective 760.0000.
Tried aggregator 1 time.
MIP Presolve eliminated 63591 rows and 0 columns.
MIP Presolve modified 2461 coefficients.
Reduced MIP has 2863 rows, 13554 columns, and 87376 nonzeros.
Reduced MIP has 13554 binaries, 0 generals, 0 SOSs, and 0 indicators.
Presolve time = 0.08 sec. (143.06 ticks)
Probing time = 0.00 sec. (5.15 ticks)
Clique table members: 2863.
MIP emphasis: optimality.
MIP search method: traditional branch-and-cut.
Parallel mode: none, using 1 thread.
Root relaxation solution time = 0.01 sec. (17.01 ticks)

        Nodes                                         Cuts/
   Node  Left     Objective  IInf  Best Integer    Best Bound    ItCnt     Gap         Variable B NodeID Parent  Depth

*     0+    0                          760.0000        0.0000           100.00%
      0     0      697.5000   117      760.0000      609.0000      413   19.87%
      0     0      719.0000    60      760.0000     Cuts: 153      551    5.39%
      0     0      724.5417   244      760.0000     Cuts: 107      680    4.67%
      0     0      724.5417   285      760.0000      Cuts: 29      706    4.67%
      0     0      725.5417   302      760.0000       Cuts: 4      723    4.53%
      0     0      725.5417   275      760.0000      Cuts: 17      733    4.53%
      0     0      726.7917   295      760.0000       Cuts: 6      747    4.37%
      0     0      727.0417   288      760.0000      Cuts: 19      752    4.34%
      0     0      727.5000   274      760.0000      Cuts: 18      775    4.28%
      0     0      727.5000   302      760.0000      Cuts: 18      783    4.28%
      0     0      733.1667   213      760.0000      Cuts: 29      818    3.53%
      0     0      733.6667   251      760.0000      Cuts: 21      847    3.46%
      0     0      733.8988   271      760.0000      Cuts: 17      883    3.43%
      0     0      734.8714   307      760.0000      Cuts: 20      926    3.31%
      0     0      734.9667   337      760.0000      Cuts: 18      955    3.29%
      0     0      735.5119   343      760.0000       Cuts: 6      975    3.22%
      0     0      735.7906   385      760.0000      Cuts: 16     1009    3.19%
      0     0      735.8774   397      760.0000      Cuts: 29     1022    3.17%
      0     0      736.1587   341      760.0000      Cuts: 15     1056    3.14%
      0     0      736.4399   350      760.0000      Cuts: 15     1093    3.10%
      0     0      736.6497   380      760.0000      Cuts: 38     1131    3.07%
      0     0      736.8082   385      760.0000      Cuts: 16     1150    3.05%
      0     0      736.9712   349      760.0000      Cuts: 23     1161    3.03%
      0     0      736.9962   347      760.0000      Cuts: 16     1170    3.03%
      0     0      737.4295   336      760.0000      Cuts: 10     1199    2.97%
      0     0      737.7670   435      760.0000      Cuts: 11     1235    2.93%
      0     0      737.9993   432      760.0000      Cuts: 11     1269    2.89%
      0     0      738.0951   429      760.0000      User: 11     1294    2.88%
      0     0      738.2222   433      760.0000      Cuts: 10     1326    2.87%
      0     0      738.2517   435      760.0000      Cuts: 12     1339    2.86%
      0     0      738.5009   406      760.0000      Cuts: 12     1363    2.83%
      0     0      738.5212   397      760.0000       Cuts: 4     1377    2.83%
      0     0      738.5525   405      760.0000       Cuts: 9     1396    2.82%
      0     0      739.1580   393      760.0000       User: 2     1443    2.74%
      0     0      739.3537   389      760.0000      User: 29     1491    2.72%
      0     0      739.7793   403      760.0000      Cuts: 15     1526    2.66%
      0     0      739.8283   407      760.0000      Cuts: 12     1540    2.65%
      0     0      739.8283   414      760.0000       Cuts: 7     1544    2.65%
      0     0      740.1676   396      760.0000      User: 11     1578    2.61%
      0     0      740.1676   398      760.0000      Cuts: 11     1582    2.61%
      0     0      740.1795   394      760.0000       Cuts: 9     1587    2.61%
      0     0      741.3462   351      760.0000      Cuts: 13     1634    2.45%
      0     0      741.4837   395      760.0000      Cuts: 19     1684    2.44%
      0     0      741.5577   425      760.0000      Cuts: 14     1715    2.43%
      0     0      741.8077   421      760.0000      Cuts: 18     1725    2.39%
      0     0      741.8077   422      760.0000       User: 8     1727    2.39%
      0     0      741.8436   404      760.0000       Cuts: 9     1746    2.39%
      0     0      742.0433   349      760.0000      Cuts: 14     1763    2.36%
      0     0      742.0433   362      760.0000      Cuts: 11     1768    2.36%
      0     0      742.1123   268      760.0000      Cuts: 10     1784    2.35%
      0     0      742.1308   238      760.0000      Cuts: 15     1791    2.35%
      0     0      742.1308   266      760.0000       User: 1     1801    2.35%
      0     0      742.1308   270      760.0000   ZeroHalf: 1     1802    2.35%
      0     0      742.1308   238      760.0000       Cuts: 5     1803    2.35%
      0     0      742.1773   318      760.0000       User: 1     1816    2.35%
      0     0      742.1773   321      760.0000   ZeroHalf: 1     1818    2.35%
      0     2      742.1773   321      760.0000      742.2173     1818    2.34%                        0             0
Elapsed time = 3.00 sec. (5047.77 ticks, tree = 0.01 MB, solutions = 1)
      1     3      742.6773   320      760.0000      742.6773     1866    2.28%         x30_155 N      1      0      1
      2     4      743.6251   314      760.0000      742.6773     2231    2.28%        x112_179 N      2      1      2
      3     5      743.2773   314      760.0000      743.2773     2346    2.20%        x112_179 N      3      1      2
      4     6      744.5773   321      760.0000      743.2773     2407    2.20%        x179_156 N      4      2      3
      5     7      746.0164   429      760.0000      743.2773     2843    2.20%        x179_156 N      5      2      3
      6     8      745.4201   308      760.0000      743.2773     2919    2.20%         x95_107 N      6      4      4
      8    10      751.2773   274      760.0000      743.2773     3083    2.20%           x8_96 N      8      6      5
      9    11      746.6182   408      760.0000      743.2773     3206    2.20%         x172_62 N      9      7      6
     10    12      746.7773   317      760.0000      743.2773     3237    2.20%          x8_170 D     10      9      7
     13    15      747.4664   416      760.0000      743.2773     3393    2.20%           x8_41 D     13     12     10
Elapsed time = 6.16 sec. (12199.15 ticks, tree = 0.24 MB, solutions = 1)
     21    21      752.2340   249      760.0000      743.2773     4515    2.20%         x104_10 N     21     19     16
     34    26      746.1715   362      760.0000      743.2773     5183    2.20%         x165_62 N     34     33      4
     41    33      754.4037   395      760.0000      743.2773     5886    2.20%        x154_179 N     41     40     10
     57    36      745.1298   311      760.0000      744.6106     6679    2.02%         x30_155 N     57      0      1
     63    42      746.9215   388      760.0000      745.9215     7365    1.85%          x88_49 N     63     56      4
     69    46      761.9771   224      760.0000      746.6298     9868    1.76%         x172_62 N     69      7      6
     78    54      747.7965   399      760.0000      747.0273    10819    1.71%         x165_62 U     78     64      4
     93    64      752.6537   329      760.0000      747.6709    12668    1.62%         x62_170 N     93     13     11
    113    84      748.3965   328      760.0000      747.7965    13979    1.61%         x95_107 N    113     70      4
    129    97      753.7965   358      760.0000      748.2965    15695    1.54%          x46_11 N    129     17     15
Elapsed time = 15.49 sec. (23108.36 ticks, tree = 2.48 MB, solutions = 1)
    140   107      748.8706   357      760.0000      748.4632    16708    1.52%        x112_156 N    140    113      5
    158   123      750.6002   407      760.0000      748.7965    18580    1.47%         x165_62 U    158    102      6
    178   143      749.6298   247      760.0000      749.1495    19946    1.43%          x11_16 N    178    177     10
    200   165      749.2965   183      760.0000      749.2965    21356    1.41%          x46_11 D    200    199     10
    220   185      750.7132   192      760.0000      749.5465    23211    1.38%         x28_100 N    220    172     13
    240   205      749.9365   368      760.0000      749.7965    24702    1.34%         x62_170 N    240    146      8
    259   224      750.1537   425      760.0000      749.7965    27019    1.34%          x88_49 U    259     68      5
    276   239      750.7965   313      760.0000      750.0465    28547    1.31%         x95_107 U    276    180      7
    299   261      750.8465   399      760.0000      750.2709    30104    1.28%          x46_11 U    299    229      6
    331   292      750.3965   217      760.0000      750.4465    31853    1.26%          x46_11 D    331    243     13
Elapsed time = 29.06 sec. (33375.91 ticks, tree = 9.43 MB, solutions = 1)
    350   311      755.0465   376      760.0000      750.5965    33593    1.24%        x112_156 U    350    279     10
    370   329      752.7965   184      760.0000      750.7965    35321    1.21%         x189_11 U    370    188     10
    394   351      752.8420   426      760.0000      750.7965    37143    1.21%         x49_179 D    394    393     10
    428   375      751.2502   412      760.0000      750.8590    38591    1.20%        x112_154 D    428    165      8
    458   405      752.0465   381      760.0000      751.0465    40237    1.18%         x28_100 D    458    313      8
    481   428      752.2965   233      760.0000      751.1298    41604    1.17%        x112_154 D    481    327     11
    508   453      755.1715   217      760.0000      751.2965    43564    1.15%         x178_93 N    508    454     18
    540   482      757.2965   367      760.0000      751.2965    45278    1.15%         x28_100 U    540    539     12
    567   501      752.7447   413      760.0000      751.3715    46870    1.14%         x155_30 D    567    297     13
    593   522      755.2965   207      760.0000      751.4632    48699    1.12%         x11_101 N    593    353      8
Elapsed time = 44.07 sec. (43199.88 ticks, tree = 20.54 MB, solutions = 1)
    623   552      751.7965   207      760.0000      751.5465    49965    1.11%        x112_154 D    623    498      8
    643   571      753.2416   205      760.0000      751.6250    51051    1.10%        x110_120 N    643    641     18
    662   587      752.3203   434      760.0000      751.7132    52715    1.09%         x62_170 N    662    231      7
    680   601      756.7765   401      760.0000      751.7869    53711    1.08%        x157_132 D    680    679     12
    710   628      758.3558   390      760.0000      751.7965    55360    1.08%        x154_112 N    710    709     12
    742   654      753.4076   391      760.0000      751.7982    57275    1.08%        x154_112 D    742    565      9
    768   676      752.4911   190      760.0000      751.9215    58831    1.06%         x14_129 N    768    767     20
    800   704      752.3798   203      760.0000      752.0465    60481    1.05%         x104_64 D    800    616     20
    830   727      754.2114   403      760.0000      752.0465    62619    1.05%         x135_11 U    830    342     13
    864   761      754.1179   247      760.0000      752.1179    64538    1.04%        x152_172 U    864    365     16
Elapsed time = 59.73 sec. (53071.78 ticks, tree = 26.40 MB, solutions = 1)
    887   782      753.4798   354      760.0000      752.1965    66596    1.03%         x62_170 U    887    367      8
    920   811      753.8798   218      760.0000      752.2965    68535    1.01%         x100_28 D    920    456     13
    958   843      753.7965   299      760.0000      752.2965    69932    1.01%        x112_154 D    958    213      7
    984   868      755.3333   169      760.0000      752.3430    71778    1.01%        x172_165 N    984    804     19
   1008   890      753.0000   156      760.0000      752.4149    73543    1.00%          x43_65 U   1008    605     21
   1040   922      753.1481   354      760.0000      752.4977    75411    0.99%        x110_120 D   1040    763     16
   1068   949      754.4498   391      760.0000      752.5465    77317    0.98%         x28_100 D   1068    245     14
   1091   967      754.2532   382      760.0000      752.5965    79089    0.97%        x110_120 U   1091    743     15
   1118   991      755.7056   385      760.0000      752.6578    80980    0.97%           x8_58 D   1118     94     13
   1146  1013      757.6465   380      760.0000      752.7000    83110    0.96%          x73_59 N   1146   1145     10
Elapsed time = 75.92 sec. (62959.72 ticks, tree = 33.70 MB, solutions = 1)
   1175  1040      753.4465   431      760.0000      752.7632    85248    0.95%         x95_107 D   1175    431      8
   1200  1064      752.7965   307      760.0000      752.7965    86803    0.95%         x189_11 N   1200    959     13
   1229  1086      758.3755   356      760.0000      752.7965    88549    0.95%         x62_170 N   1229   1227     15
   1256  1109      755.0707   338      760.0000      752.8173    90351    0.95%        x110_120 U   1256    648     15
   1280  1133      753.3750   144      760.0000      752.8798    92482    0.94%         x172_58 D   1280    975     22
   1307  1153      756.4840   245      760.0000      752.9215    94131    0.93%         x178_93 U   1307   1305     13
   1336  1180      757.3521   288      760.0000      752.9632    95899    0.93%         x156_62 N   1336   1024      9
   1370  1213      758.2215   415      760.0000      753.0086    97850    0.92%         x49_179 N   1370   1368     11
   1397  1238      754.4442   254      760.0000      753.0465    99974    0.91%         x100_28 U   1397    685     16
   1430  1260      753.6000   400      760.0000      753.0764   101675    0.91%         x178_93 D   1430   1429     19
Elapsed time = 92.17 sec. (73232.42 ticks, tree = 43.25 MB, solutions = 1)
   1450  1278      753.7154   429      760.0000      753.1132   103228    0.91%        x154_112 U   1450    888      9
   1481  1301      754.3590   253      760.0000      753.1389   105461    0.90%        x172_165 N   1481   1270     16
   1513  1330      753.7965   208      760.0000      753.1847   107669    0.90%         x88_179 D   1513   1274     13
   1537  1349      756.2000   146      760.0000      753.2244   109536    0.89%         x172_58 U   1537    881     22
   1565  1374      757.1151   278      760.0000      753.2818   111746    0.88%          x3_112 U   1565   1187     12
   1597  1406      754.5725   388      760.0000      753.2965   113717    0.88%         x100_28 D   1597    797     14
   1624  1426      754.2132   299      760.0000      753.2965   115025    0.88%         x100_28 D   1624   1623     12
   1649  1445      758.7221   403      760.0000      753.2965   116816    0.88%         x73_179 D   1649   1648     17
   1675  1464      756.7965   394      760.0000      753.3278   118739    0.88%         x156_62 D   1675   1334     10
   1697  1484      754.1715   332      760.0000      753.3634   120551    0.87%         x62_170 U   1697    745     10
Elapsed time = 107.13 sec. (83032.91 ticks, tree = 48.98 MB, solutions = 1)
   1720  1505      756.3874   192      760.0000      753.3874   122997    0.87%        x172_165 D   1720    778     19
   1751  1536      756.5625   294      760.0000      753.4261   124961    0.86%        x172_165 D   1751   1351     17
   1776  1556      753.5116   232      760.0000      753.4617   126463    0.86%        x145_100 D   1776   1111     18
   1806  1584        cutoff            760.0000      753.4938   128324    0.86%         x172_62 U   1806    807     12
   1835  1610      756.6246   419      760.0000      753.5294   129963    0.85%         x62_170 D   1835    997     11
   1855  1625      755.4442   272      760.0000      753.5465   131741    0.85%         x100_28 U   1855   1141     14
   1883  1641      755.5465   269      760.0000      753.5465   133922    0.85%        x152_172 U   1883   1281     16
   1911  1663      755.3041   409      760.0000      753.5640   136274    0.85%        x110_120 U   1911    904     16
   1941  1690      758.3500   230      760.0000      753.6000   138140    0.84%         x178_93 U   1941   1157     19
   1971  1718      758.3769   374      760.0000      753.6257   140283    0.84%         x178_93 N   1971   1379     19
Elapsed time = 123.44 sec. (92864.22 ticks, tree = 56.86 MB, solutions = 1)
   2000  1745      753.8333   170      760.0000      753.6429   142019    0.84%         x104_10 D   2000   1572     16
   2022  1764      754.0000   192      760.0000      753.6667   143602    0.83%         x178_93 D   2022   2021     16
   2048  1790      755.3737   430      760.0000      753.6905   145664    0.83%        x110_120 U   2048   1719     18
   2074  1805      758.0541   173      760.0000      753.6965   146809    0.83%        x152_180 N   2074   2073     29
   2107  1825      753.7251   353      760.0000      753.7132   148183    0.83%         x58_179 D   2107   1784     14
   2135  1849        cutoff            760.0000      753.7359   150207    0.82%         x45_165 U   2135   2133     17
   2163  1877      756.7608   204      760.0000      753.7608   152243    0.82%        x172_165 D   2163   1388     17
   2194  1902      759.0000   203      760.0000      753.7936   154224    0.82%         x58_179 U   2194   1740     15
   2225  1928      758.0465   269      760.0000      753.7965   156167    0.82%        x155_189 N   2225    698     11
   2335  2005      754.1061   207      760.0000      753.8167   164171    0.81%        x110_120 D   2335   1566     13
Elapsed time = 142.65 sec. (105754.78 ticks, tree = 68.43 MB, solutions = 1)
   2429  2091      755.1576   430      760.0000      753.9119   172354    0.80%        x101_112 D   2429    671     14
   2526  2178      754.9989   349      760.0000      753.9870   180043    0.79%         x100_28 D   2526   2420     14
   2640  2258      755.8400   300      760.0000      754.0465   185984    0.78%        x154_112 U   2640    336     10
   2726  2325        cutoff            760.0000      754.0952   192601    0.78%         x172_62 U   2726    982     10
   2824  2413      757.6559   427      760.0000      754.1601   199255    0.77%          x58_88 U   2824   1512     11
   2918  2481      754.2511   386      760.0000      754.2143   206274    0.76%          x8_156 D   2918   1912     15
   3020  2572      757.2965   385      760.0000      754.2809   212398    0.75%        x154_112 D   3020   1505     13
   3131  2658      755.6206   404      760.0000      754.2965   218757    0.75%        x154_112 D   3131    396     12
   3225  2731      755.4062   195      760.0000      754.3528   224889    0.74%        x172_165 U   3225   1442     22
   3313  2794      757.3465   274      760.0000      754.4119   232523    0.74%         x156_62 D   3313   2411     12
Elapsed time = 198.14 sec. (144262.14 ticks, tree = 96.10 MB, solutions = 1)
   3420  2867      756.5048   290      760.0000      754.4632   239323    0.73%          x52_55 N   3420   3419     12
   3525  2951        cutoff            760.0000      754.5000   245724    0.72%         x178_93 U   3525   3150     17
   3606  3010      758.3590   344      760.0000      754.5465   251984    0.72%         x45_165 N   3606   2501     11
   3704  3085        cutoff            760.0000      754.5833   259230    0.71%          x87_11 U   3704   3702     33
   3813  3158      758.4855   436      760.0000      754.6298   266043    0.71%         x49_179 N   3813    784     11
   3924  3243      758.9707   335      760.0000      754.6791   272652    0.70%         x45_165 U   3924   3668     17
   4032  3323        cutoff            760.0000      754.7230   279344    0.69%          x87_11 U   4032   4030     25
   4148  3398      755.5841   426      760.0000      754.7741   284552    0.69%        x179_112 N   4148   4147     16
   4250  3470      757.2965   236      760.0000      754.7965   291132    0.68%          x8_156 N   4250   1541     11
   4352  3519      756.1151   257      760.0000      754.8000   297814    0.68%        x172_165 D   4352   1404     14
Elapsed time = 251.58 sec. (182905.36 ticks, tree = 125.77 MB, solutions = 1)
   4470  3607      754.9298   272      760.0000      754.8441   303572    0.68%         x178_93 D   4470   2764     17
   4571  3683      758.5874   223      760.0000      754.8874   309861    0.67%         x178_93 U   4571   3285     17
   4664  3745      757.3272   340      760.0000      754.9291   316336    0.67%         x165_45 D   4664   3582     21
   4756  3807      755.0689   344      760.0000      754.9670   323026    0.66%          x46_87 D   4756   3818     33
   4857  3884      756.9792   209      760.0000      755.0000   329044    0.66%          x39_28 U   4857   4854     37
   4963  3952      758.1069   373      760.0000      755.0149   337567    0.66%         x165_45 N   4963   3928     29
   5071  4027      756.6465   284      760.0000      755.0465   343836    0.65%         x100_28 U   5071   3548     14
   5167  4080        cutoff            760.0000      755.0571   350346    0.65%        x112_101 U   5167   5165     24
   5266  4139      758.0000   193      760.0000      755.1000   356285    0.64%         x172_41 N   5266   3524     21
   5371  4213        cutoff            760.0000      755.1298   362710    0.64%         x178_93 U   5371   4548     14
Elapsed time = 304.62 sec. (221293.40 ticks, tree = 144.59 MB, solutions = 1)
   5455  4263        cutoff            760.0000      755.1639   367823    0.64%          x3_112 U   5455   5453     22
   5548  4318        cutoff            760.0000      755.1806   374565    0.63%        x118_129 U   5548   5190     29
   5632  4376      755.5108   344      760.0000      755.2096   380757    0.63%         x11_135 D   5632   3982     17
   5729  4430      758.8465   312      760.0000      755.2384   387952    0.63%         x165_45 U   5729   3544     17
   5825  4471      756.9840   275      760.0000      755.2765   393831    0.62%         x45_165 D   5825   3356      9
   5933  4540      759.0000   212      760.0000      755.2965   399964    0.62%        x110_120 D   5933   5931     21
   6035  4593      755.7956   330      760.0000      755.3132   405655    0.62%         x64_186 N   6035   2965     19
   6135  4659      757.8312   334      760.0000      755.3333   411483    0.61%        x155_189 D   6135   6133     21
   6243  4731        cutoff            760.0000      755.3560   417515    0.61%         x45_165 U   6243   3267     14
   6335  4783      758.0215   294      760.0000      755.3798   423241    0.61%         x100_28 U   6335   3309     12
Elapsed time = 355.97 sec. (259642.51 ticks, tree = 165.59 MB, solutions = 1)
   6426  4837        cutoff            760.0000      755.4076   428421    0.60%         x45_165 U   6426   2719     18
   6524  4893        cutoff            760.0000      755.4375   434729    0.60%          x87_11 U   6524   4889     24
   6623  4964      755.6566   301      760.0000      755.4671   441537    0.60%        x172_165 U   6623   6622     25
   6719  5010      757.5000   172      760.0000      755.5000   447513    0.59%          x3_112 U   6719   6496     19
   6811  5072      757.2222   263      760.0000      755.5000   453178    0.59%          x3_112 U   6811   3110     21
   6911  5119      758.8501   415      760.0000      755.5269   459248    0.59%        x112_156 U   6911   1122      9
   7002  5164        cutoff            760.0000      755.5465   465019    0.59%           x8_96 U   7002   3121     12
   7118  5213        cutoff            760.0000      755.5541   470486    0.58%         x45_165 U   7118   2656     17
   7213  5261        cutoff            760.0000      755.5833   476073    0.58%          x46_11 U   7213   3177     22
   7312  5297      756.3439   436      760.0000      755.6090   482024    0.58%         x28_100 N   7312   6014     15
Elapsed time = 406.02 sec. (297967.45 ticks, tree = 185.75 MB, solutions = 1)
   7410  5341      758.7453   386      760.0000      755.6298   487772    0.58%         x104_10 D   7410   7408     20
   7525  5409        cutoff            760.0000      755.6571   493103    0.57%          x46_16 U   7525   7523     27
   7627  5454        cutoff            760.0000      755.6715   498546    0.57%         x165_45 U   7627   6988     20
   7724  5510      758.5465   258      760.0000      755.6965   504143    0.57%        x154_179 U   7724   5448     19
   7819  5548        cutoff            760.0000      755.7132   510303    0.56%         x178_93 U   7819   3993     15
   7927  5606      756.4609   436      760.0000      755.7416   515694    0.56%         x100_28 D   7927   7926     15
   8026  5642      756.8163   404      760.0000      755.7524   520478    0.56%         x165_45 D   8026   3608     12
   8128  5698      757.2741   397      760.0000      755.7829   525431    0.55%        x110_120 U   8128   7711     19
   8221  5748      755.8465   262      760.0000      755.7965   531805    0.55%         x178_93 D   8221   2910     14
   8325  5790        cutoff            760.0000      755.7965   538251    0.55%         x49_179 U   8325   7401     16
Elapsed time = 455.28 sec. (336326.17 ticks, tree = 204.95 MB, solutions = 1)
   8429  5833      756.2251   347      760.0000      755.8095   543383    0.55%         x179_58 D   8429   5033     18
   8536  5908      758.9583   260      760.0000      755.8333   548772    0.55%           x58_3 D   8536   8534     32
   8658  5956        cutoff            760.0000      755.8465   556925    0.55%         x11_135 U   8658   8206     16
   8753  6006      756.0884   426      760.0000      755.8666   563846    0.54%         x178_93 N   8753   5192     12
   8862  6077      757.4632   357      760.0000      755.8798   569428    0.54%         x165_45 D   8862   6286     19
   8963  6133      756.4135   344      760.0000      755.9000   575076    0.54%         x104_10 D   8963   2718     18
   9067  6170      758.6053   393      760.0000      755.9244   580583    0.54%         x45_165 D   9067   3026     18
   9167  6229      755.9915   360      760.0000      755.9457   586290    0.53%         x165_33 D   9167   7549     23
   9260  6289      756.6076   381      760.0000      755.9632   592090    0.53%         x16_101 D   9260   5906     17
   9350  6325      756.1988   294      760.0000      755.9840   598021    0.53%        x101_112 D   9350   3947     13
Elapsed time = 507.62 sec. (374716.04 ticks, tree = 217.39 MB, solutions = 1)
   9444  6372      758.0000   190      760.0000      756.0000   603701    0.53%          x28_39 D   9444   8796     26
   9538  6410      756.2937   359      760.0000      756.0000   608131    0.53%         x165_45 N   9538   6048     20
   9616  6438      758.8283   398      760.0000      756.0076   613149    0.53%         x100_28 U   9616   9271     13
   9697  6461      758.7610   399      760.0000      756.0278   619166    0.52%        x172_165 D   9697   6569     23
   9789  6504      756.9132   281      760.0000      756.0465   625277    0.52%          x88_96 D   9789   5979     18
   9880  6535      757.0141   363      760.0000      756.0541   631396    0.52%         x45_165 D   9880   9879     18
   9984  6567      756.3068   399      760.0000      756.0596   636443    0.52%         x11_101 D   9984   8633     17
  10067  6588      756.3409   315      760.0000      756.0833   642678    0.52%          x88_96 D  10067   5754     34
  10149  6619      758.6282   375      760.0000      756.1061   648943    0.51%         x165_45 U  10149   8097     18
  10240  6641      758.1250   243      760.0000      756.1250   655298    0.51%          x88_41 D  10240  10238     31
Elapsed time = 552.21 sec. (413019.70 ticks, tree = 231.01 MB, solutions = 1)
  10329  6667        cutoff            760.0000      756.1374   661403    0.51%         x156_62 U  10329   6473     20
  10419  6705        cutoff            760.0000      756.1626   667911    0.50%           x8_96 U  10419   1492     12
  10509  6754      756.1667   172      760.0000      756.1667   673432    0.50%          x8_156 D  10509  10026     18
  10601  6783      756.1990   329      760.0000      756.1875   680156    0.50%          x152_6 D  10601   9621     37
  10702  6822      757.3333   176      760.0000      756.2083   685974    0.50%          x93_21 N  10702   9736     23
  10800  6863      756.5000   257      760.0000      756.2222   692030    0.50%          x3_112 D  10800   9971     25
  10891  6889      756.6667   213      760.0000      756.2500   698290    0.49%        x199_129 D  10891   8541     24
  10988  6928        cutoff            760.0000      756.2727   704027    0.49%           x8_96 U  10988   7701     22
  11075  6981      756.3333   160      760.0000      756.2925   710297    0.49%        x112_179 D  11075  10428     18
  11173  7005        cutoff            760.0000      756.2965   715704    0.49%         x178_93 U  11173   3596     12
Elapsed time = 598.72 sec. (451384.82 ticks, tree = 242.59 MB, solutions = 1)
  11265  7056      756.4167   203      760.0000      756.3125   721802    0.49%        x172_165 U  11265  10242     23
  11366  7087      758.8431   231      760.0000      756.3333   727719    0.48%         x87_112 U  11366   9196     28
  11462  7119      756.4234   359      760.0000      756.3333   734251    0.48%         x88_179 D  11462  10499     24
  11571  7155      756.7667   222      760.0000      756.3571   741361    0.48%         x165_45 D  11571  10157     25
  11672  7184      756.8190   176      760.0000      756.3798   746811    0.48%        x188_179 D  11672  10704     25
  11760  7215      757.4132   417      760.0000      756.3889   752353    0.48%        x172_165 U  11760   8503     15
  11848  7237      756.8074   410      760.0000      756.4097   757913    0.47%        x110_120 D  11848   8896     15
  11941  7266        cutoff            760.0000      756.4286   763677    0.47%        x165_133 U  11941  10613     23
  12041  7307      757.2586   406      760.0000      756.4504   769931    0.47%         x100_28 D  12041  10619     15
  12137  7324        cutoff            760.0000      756.4647   775735    0.47%         x104_10 U  12137  12135     16
Elapsed time = 644.98 sec. (489646.99 ticks, tree = 244.97 MB, solutions = 1)
  12236  7346        cutoff            760.0000      756.4878   781131    0.46%         x45_165 U  12236   2324     23
  12335  7395      756.7463   314      760.0000      756.5000   786510    0.46%        x188_179 N  12335  11398     27
  12437  7416      757.2965   262      760.0000      756.5000   791576    0.46%         x156_62 U  12437   1294     10
  12545  7451      758.2410   420      760.0000      756.5238   798841    0.46%         x112_62 U  12545   4330     14
  12674  7513      758.7965   216      760.0000      756.5426   806110    0.45%         x45_165 U  12674   9755     13
  12791  7570      758.8322   305      760.0000      756.5465   813903    0.45%          x88_96 U  12791  12771     14
  12896  7606      756.7207   258      760.0000      756.5541   822559    0.45%         x45_165 D  12896   5121     16
  13012  7630      756.9667   213      760.0000      756.5752   830050    0.45%         x62_170 U  13012  10359     20
  13123  7645      757.9215   255      760.0000      756.5965   838488    0.45%         x112_62 U  13123   3873     15
  13218  7674      756.9836   374      760.0000      756.6154   844377    0.45%         x45_165 D  13218  12850     19
Elapsed time = 690.13 sec. (528015.88 ticks, tree = 238.90 MB, solutions = 1)
  13331  7721      757.2965   244      760.0000      756.6298   850997    0.44%         x88_179 D  13331   7413     15
  13442  7744        cutoff            760.0000      756.6493   858575    0.44%         x11_135 U  13442  11725     22
  13532  7757        cutoff            760.0000      756.6667   864696    0.44%          x16_46 U  13532   2548     23
  13625  7797      757.1333   271      760.0000      756.6667   870542    0.44%         x172_58 D  13625   2016     23
  13724  7843        cutoff            760.0000      756.6715   875683    0.44%         x45_165 U  13724   7182     15
  13815  7874      757.3543   377      760.0000      756.6877   881157    0.44%         x178_93 D  13815   3155     18
  13924  7916      757.1667   277      760.0000      756.7083   888549    0.43%          x88_96 D  13924   5687     20
  14020  7959      758.5086   399      760.0000      756.7133   894025    0.43%         x45_165 D  14020   2517     12
  14123  8005        cutoff            760.0000      756.7288   900931    0.43%        x118_186 U  14123   4781     24
  14237  8042        cutoff            760.0000      756.7500   908286    0.43%           x66_7 U  14237   4064     26
Elapsed time = 735.53 sec. (566378.08 ticks, tree = 237.65 MB, solutions = 1)
  14357  8085      758.0889   313      760.0000      756.7625   915493    0.43%        x103_155 N  14357  14355     36
  14470  8129      757.0541   380      760.0000      756.7792   922537    0.42%         x104_10 D  14470  11210     18
  14574  8158        cutoff            760.0000      756.7965   931009    0.42%          x46_16 U  14574  12589     19
  14669  8160      756.7965   329      760.0000      756.7965   936563    0.42%          x8_156 D  14669  13326     18
  14752  8191      758.2088   214      760.0000      756.8061   943052    0.42%          x28_39 U  14752  13871     23
  14860  8230        cutoff            760.0000      756.8236   950427    0.42%         x95_107 U  14860  12495     28
  14960  8262      758.3333   324      760.0000      756.8333   956374    0.42%         x104_10 U  14960  14271     20
  15060  8299      757.1358   311      760.0000      756.8501   963247    0.41%          x11_16 D  15060  12506     15
  15170  8343      756.9751   300      760.0000      756.8667   969194    0.41%         x104_10 D  15170  14368     18
  15291  8387        cutoff            760.0000      756.8755   975627    0.41%         x87_112 U  15291   6453     30
Elapsed time = 780.47 sec. (604756.17 ticks, tree = 230.64 MB, solutions = 1)
  15405  8435      757.9588   361      760.0000      756.8874   982695    0.41%        x168_112 U  15405  12871     30
  15525  8471      757.0517   407      760.0000      756.9038   989407    0.41%         x95_107 D  15525   7144     14
  15639  8492      757.0014   353      760.0000      756.9206   996741    0.41%         x10_104 U  15639  15638     29
  15743  8513      756.9932   385      760.0000      756.9403  1003189    0.40%         x178_93 D  15743  11314     18
  15854  8536      758.6904   231      760.0000      756.9583  1010223    0.40%          x8_179 U  15854  11659     47
  15973  8579      757.2715   393      760.0000      756.9695  1017749    0.40%        x165_133 D  15973   6572     21
  16082  8601        cutoff            760.0000      756.9867  1024743    0.40%         x11_112 U  16082  16080     29
  16187  8613        cutoff            760.0000      757.0000  1031872    0.39%         x87_112 U  16187   4559     30
  16291  8634        cutoff            760.0000      757.0000  1038567    0.39%         x165_45 D  16291  11641     20
  16389  8658      758.5465   328      760.0000      757.0132  1043048    0.39%         x165_45 D  16389  14116     17
Elapsed time = 822.71 sec. (643086.59 ticks, tree = 218.74 MB, solutions = 1)
  16489  8672      758.7965   249      760.0000      757.0324  1049244    0.39%         x156_62 D  16489   2316     15
  16587  8700      757.5000   162      760.0000      757.0465  1055791    0.39%        x110_120 D  16587  15828     12
  16698  8707      757.7132   361      760.0000      757.0465  1062576    0.39%         x100_28 D  16698   1702     12
  16809  8730        cutoff            760.0000      757.0541  1069807    0.39%          x3_112 U  16809   7160     20
  16908  8748        cutoff            760.0000      757.0688  1075311    0.39%          x88_96 U  16908  16289     24
  17018  8762        cutoff            760.0000      757.0857  1080999    0.38%         x104_10 U  17018  16029     21
  17132  8788      757.3333   192      760.0000      757.1042  1088121    0.38%         x178_21 D  17132   7795     24
  17235  8803        cutoff            760.0000      757.1175  1094800    0.38%         x165_45 D  17235  15006     17
  17339  8834        cutoff            760.0000      757.1307  1101385    0.38%         x178_93 U  17339   6395     21
  17436  8853        cutoff            760.0000      757.1465  1107440    0.38%         x178_93 U  17436   3062     13
Elapsed time = 864.03 sec. (681426.16 ticks, tree = 213.75 MB, solutions = 1)
  17547  8864      758.4730   441      760.0000      757.1582  1114051    0.37%         x156_62 U  17547   4631     16
  17663  8893      758.4333   380      760.0000      757.1667  1120951    0.37%         x165_33 D  17663   6403     24
  17780  8895      758.0477   377      760.0000      757.1667  1128010    0.37%          x93_21 D  17780  17779     29
  17889  8909      757.7834   363      760.0000      757.1854  1135089    0.37%        x112_156 U  17889  16707     17
  18011  8932        cutoff            760.0000      757.2028  1141630    0.37%          x28_39 U  18011  18009     22
  18121  8927        cutoff            760.0000      757.2132  1148231    0.37%         x11_135 U  18121  12815     20
  18236  8959      758.9350   289      760.0000      757.2207  1156213    0.37%         x11_112 U  18236  16806     28
  18346  8976      758.0500   301      760.0000      757.2238  1163570    0.37%          x88_41 D  18346  18344     23
  18445  8998        cutoff            760.0000      757.2403  1169317    0.36%          x8_156 U  18445  15823     23
  18554  9015        cutoff            760.0000      757.2500  1175745    0.36%         x58_156 U  18554  15871     21
Elapsed time = 904.49 sec. (719854.26 ticks, tree = 203.55 MB, solutions = 1)
  18675  9031      758.5465   331      760.0000      757.2687  1181863    0.36%        x179_112 U  18675  17218     19
  18782  9050      758.2738   173      760.0000      757.2833  1189524    0.36%          x8_179 D  18782  10967     46
  18896  9063      757.8298   316      760.0000      757.2965  1195565    0.36%         x11_101 N  18896   1963     11
  18997  9058        cutoff            760.0000      757.2965  1201659    0.36%        x165_170 D  18997  14153     13
  19080  9065        cutoff            760.0000      757.3000  1207134    0.36%         x87_112 U  19080  16400     35
  19197  9090        cutoff            760.0000      757.3111  1212894    0.35%          x88_96 U  19197  11338     25
  19309  9112        cutoff            760.0000      757.3295  1219778    0.35%          x88_96 U  19309   6495     21
  19417  9140        cutoff            760.0000      757.3333  1226442    0.35%        x112_154 D  19417  19415     33
  19540  9155      758.8414   297      760.0000      757.3417  1232629    0.35%          x28_39 U  19540  16021     20
  19637  9149      758.6845   273      760.0000      757.3561  1239147    0.35%         x165_33 D  19637   5283     16
Elapsed time = 943.37 sec. (758150.99 ticks, tree = 192.66 MB, solutions = 1)
  19745  9161        cutoff            760.0000      757.3722  1244572    0.35%         x165_45 U  19745  15946     21
  19855  9162      757.4945   368      760.0000      757.3816  1250238    0.34%         x165_33 D  19855  18000     16
  19974  9184      758.5749   400      760.0000      757.3876  1256415    0.34%          x28_39 U  19974  18781     21
  20091  9204        cutoff            760.0000      757.4053  1262447    0.34%         x11_112 U  20091  18605     27
  20201  9216        cutoff            760.0000      757.4167  1268543    0.34%          x28_39 U  20201  17370     19
  20302  9212        cutoff            760.0000      757.4246  1274424    0.34%         x112_62 U  20302   5320     12
  20409  9239      757.7132   238      760.0000      757.4405  1280460    0.34%         x178_93 D  20409  19576     17
  20520  9248      757.5541   180      760.0000      757.4568  1285722    0.33%         x172_41 D  20520  19064     19
  20620  9248      758.2913   407      760.0000      757.4632  1291250    0.33%         x165_45 D  20620   8622     13
  20736  9268        cutoff            760.0000      757.4750  1296825    0.33%         x104_64 U  20736  18649     29
Elapsed time = 982.18 sec. (796582.78 ticks, tree = 184.30 MB, solutions = 1)
  20842  9268        cutoff            760.0000      757.4884  1302674    0.33%         x100_28 U  20842   3849     16
  20955  9281        cutoff            760.0000      757.5000  1307747    0.33%         x178_93 U  20955   3502     15
  21066  9283        cutoff            760.0000      757.5000  1312516    0.33%          x11_30 U  21066  21062     23
  21171  9269        cutoff            760.0000      757.5000  1318084    0.33%          x28_39 U  21171  16730     19
  21265  9263      757.5167   186      760.0000      757.5159  1323891    0.33%         x95_107 D  21265  18385     35
  21377  9269      757.5860   345      760.0000      757.5321  1329584    0.32%         x11_101 D  21377  15397     36
  21494  9279        cutoff            760.0000      757.5444  1334452    0.32%        x172_156 U  21494  21492     22
  21597  9289        cutoff            760.0000      757.5465  1340774    0.32%        x112_101 D  21597  21595     19
  21687  9280        cutoff            760.0000      757.5492  1345768    0.32%         x172_41 U  21687  18063     18
  21793  9290        cutoff            760.0000      757.5541  1351730    0.32%         x178_21 U  21793  20694     32
Elapsed time = 1017.19 sec. (834969.07 ticks, tree = 177.34 MB, solutions = 1)
  21909  9287        cutoff            760.0000      757.5638  1357597    0.32%         x45_165 U  21909  18419     16
  22015  9285        cutoff            760.0000      757.5779  1363465    0.32%         x104_10 U  22015  19600     17
  22126  9286      757.5882   299      760.0000      757.5882  1368647    0.32%         x104_10 D  22126  19025     22
  22234  9294      758.4464   118      760.0000      757.6000  1373918    0.32%          x8_107 D  22234  22233     32
  22342  9281      757.6139   288      760.0000      757.6142  1378523    0.31%        x162_179 D  22342  20847     53
  22443  9264      758.4632   301      760.0000      757.6286  1384092    0.31%         x100_28 D  22443   8262     11
  22545  9259        cutoff            760.0000      757.6374  1389878    0.31%          x28_39 D  22545  18257     16
  22646  9255        cutoff            760.0000      757.6465  1395282    0.31%         x165_33 U  22646  19607     15
  22762  9240        cutoff            760.0000      757.6566  1399317    0.31%         x172_41 U  22762  14054     19
  22861  9239        cutoff            760.0000      757.6667  1403769    0.31%         x87_112 U  22861   5351     26
Elapsed time = 1053.14 sec. (873337.56 ticks, tree = 169.64 MB, solutions = 1)
  22973  9229        cutoff            760.0000      757.6667  1409285    0.31%         x178_21 D  22973  21078     24
  23092  9236      757.9333   337      760.0000      757.6667  1414200    0.31%        x188_179 D  23092  23091     47
  23201  9226      758.7207   374      760.0000      757.6791  1420294    0.31%         x45_165 D  23201   3142     17
  23310  9211      757.7965   237      760.0000      757.6965  1425285    0.30%         x104_10 D  23310  22199     21
  23424  9209      758.1155   347      760.0000      757.7083  1430122    0.30%         x88_179 N  23424   9894     21
  23545  9193      758.4021   372      760.0000      757.7132  1435072    0.30%          x87_11 D  23545  23544     24
  23648  9193        cutoff            760.0000      757.7207  1440467    0.30%          x8_179 D  23648  23646     31
  23760  9177      757.7222   286      760.0000      757.7222  1445449    0.30%         x88_179 N  23760  12058     20
  23866  9190      757.9630   364      760.0000      757.7386  1450572    0.30%          x87_11 D  23866  23865     31
  23969  9180        cutoff            760.0000      757.7500  1455952    0.30%         x11_112 U  23969  23968     36
Elapsed time = 1087.09 sec. (911764.26 ticks, tree = 161.20 MB, solutions = 1)
  24070  9166      758.4789   357      760.0000      757.7599  1460815    0.29%         x155_30 U  24070  22774     29
  24186  9167      758.1387   357      760.0000      757.7675  1466467    0.29%         x87_112 D  24186  23850     31
  24298  9147        cutoff            760.0000      757.7790  1471580    0.29%         x155_30 U  24298  20992     23
  24407  9126        cutoff            760.0000      757.7917  1476423    0.29%          x8_179 D  24407  24406     31
  24515  9103      758.0465   244      760.0000      757.7965  1481636    0.29%         x104_10 D  24515  20582     15
  24615  9082      758.3110   428      760.0000      757.7965  1486339    0.29%         x45_165 D  24615   4748     12
  24718  9068        cutoff            760.0000      757.8078  1491118    0.29%         x11_101 U  24718  24716     34
  24833  9063        cutoff            760.0000      757.8207  1495908    0.29%         x178_93 U  24833  10994     16
  24951  9060        cutoff            760.0000      757.8322  1500356    0.29%        x110_120 U  24951  24949     19
  25063  9049        cutoff            760.0000      757.8333  1505537    0.29%          x28_39 U  25063  21845     20
Elapsed time = 1120.32 sec. (950131.44 ticks, tree = 152.59 MB, solutions = 1)
  25181  9040        cutoff            760.0000      757.8340  1509779    0.28%        x110_120 U  25181  20146     22
  25287  9027      758.3132   399      760.0000      757.8465  1514697    0.28%          x8_165 D  25287  14477     17
  25400  9020      758.1149   300      760.0000      757.8590  1518995    0.28%           x88_8 D  25400  14454     32
  25514  9001        cutoff            760.0000      757.8667  1523500    0.28%         x178_21 U  25514  23776     25
  25628  8999      758.7500   189      760.0000      757.8783  1527545    0.28%          x88_41 N  25628  19326     21
  25737  8975      758.8302   366      760.0000      757.8874  1532578    0.28%         x11_112 D  25737  14082     25
  25846  8962        cutoff            760.0000      757.8929  1537607    0.28%         x11_135 U  25846  19687     20
  25962  8941      758.9326   380      760.0000      757.9048  1542187    0.28%        x172_165 U  25962  25961     20
  26065  8921        cutoff            760.0000      757.9167  1546201    0.27%         x178_93 U  26065   7435     32
  26180  8899        cutoff            760.0000      757.9215  1550688    0.27%         x104_10 U  26180  16402     14
Elapsed time = 1152.33 sec. (988553.90 ticks, tree = 143.35 MB, solutions = 1)
  26294  8894        cutoff            760.0000      757.9333  1554807    0.27%        x154_179 U  26294    505      9
  26414  8886      758.2342   351      760.0000      757.9429  1558467    0.27%         x11_112 D  26414  23717     25
  26529  8874        cutoff            760.0000      757.9561  1563551    0.27%          x88_96 U  26529  23336     36
  26649  8870      757.9910   360      760.0000      757.9633  1568811    0.27%          x46_11 D  26649  11802     21
  26764  8854        cutoff            760.0000      757.9725  1573083    0.27%          x11_16 U  26764   5315     16
  26876  8845        cutoff            760.0000      757.9859  1577312    0.27%         x104_10 U  26876  24226     21
  26980  8822      758.1667   164      760.0000      758.0000  1581802    0.26%         x178_21 D  26980  21504     18
  27088  8806      758.6190   233      760.0000      758.0000  1586518    0.26%          x16_46 D  27088  27087     28
  27200  8782      758.0000   274      760.0000      758.0000  1590789    0.26%         x172_41 D  27200  25120     19
  27315  8758      758.1721   374      760.0000      758.0054  1595329    0.26%         x178_21 D  27315  21947     24
Elapsed time = 1185.12 sec. (1026917.70 ticks, tree = 133.80 MB, solutions = 1)
  27428  8732        cutoff            760.0000      758.0204  1599847    0.26%          x28_39 D  27428  27426     23
  27547  8707      758.9381   282      760.0000      758.0333  1603612    0.26%        x168_112 U  27547  27544     33
  27660  8693      758.6250   302      760.0000      758.0417  1607999    0.26%          x8_179 D  27660  21461     36
  27776  8651        cutoff            760.0000      758.0465  1612021    0.26%         x58_179 U  27776  27774     18
  27875  8620      758.0465   396      760.0000      758.0465  1616941    0.26%          x28_39 N  27875  21658     19
  27985  8591        cutoff            760.0000      758.0541  1621286    0.26%         x178_93 U  27985  22005     20
  28099  8578      758.2839   297      760.0000      758.0617  1624847    0.26%         x165_45 D  28099  12517     20
  28209  8559        cutoff            760.0000      758.0732  1628832    0.25%          x46_16 U  28209  16078     36
  28326  8529      758.3222   352      760.0000      758.0833  1632497    0.25%         x178_21 N  28326  27135     19
  28447  8497        cutoff            760.0000      758.0926  1636499    0.25%         x11_112 U  28447  22091     33
Elapsed time = 1215.22 sec. (1065331.93 ticks, tree = 124.19 MB, solutions = 1)
  28562  8475      758.1281   352      760.0000      758.1060  1640179    0.25%         x49_179 D  28562  27344     35
  28678  8458        cutoff            760.0000      758.1171  1645314    0.25%         x178_21 U  28678  20378     19
  28784  8431        cutoff            760.0000      758.1250  1648627    0.25%          x3_112 D  28784   8077     24
  28890  8414      758.5833   203      760.0000      758.1333  1652227    0.25%          x8_179 D  28890  27044     44
  29005  8391        cutoff            760.0000      758.1429  1656327    0.24%         x179_58 U  29005   7620     18
  29122  8375        cutoff            760.0000      758.1500  1660345    0.24%         x178_21 U  29122  19889     30
  29243  8342      758.4291   175      760.0000      758.1625  1663968    0.24%         x87_112 D  29243  28648     28
  29355  8302      758.6667   356      760.0000      758.1667  1667849    0.24%         x165_33 N  29355  29354     18
  29469  8286        cutoff            760.0000      758.1667  1672461    0.24%         x172_41 D  29469  29466     26
  29590  8255      758.2674   294      760.0000      758.1667  1675905    0.24%        x103_155 U  29590  21117     30
Elapsed time = 1245.03 sec. (1103719.66 ticks, tree = 115.28 MB, solutions = 1)
  29701  8220      758.2167   308      760.0000      758.1742  1680151    0.24%        x112_154 U  29701  15568     36
  29807  8187        cutoff            760.0000      758.1852  1683444    0.24%         x178_93 U  29807  29805     18
  29920  8157        cutoff            760.0000      758.1953  1686802    0.24%         x165_33 U  29920  26656     25
  30040  8129        cutoff            760.0000      758.2011  1689930    0.24%         x178_21 U  30040  13492     15
  30155  8093        cutoff            760.0000      758.2083  1693468    0.24%          x8_107 U  30155  30153     39
  30277  8047        cutoff            760.0000      758.2132  1697185    0.24%        x110_120 U  30277  28644     21
  30390  8005        cutoff            760.0000      758.2207  1701407    0.23%        x155_189 U  30390  14115     21
  30507  7971      758.2207   142      760.0000      758.2207  1705153    0.23%          x3_112 D  30507  18178     26
  30624  7925        cutoff            760.0000      758.2308  1708991    0.23%         x155_30 U  30624  26880     20
  30737  7889        cutoff            760.0000      758.2417  1712520    0.23%         x165_58 U  30737  21452     38
Elapsed time = 1273.17 sec. (1142086.12 ticks, tree = 107.06 MB, solutions = 1)
  30853  7838        cutoff            760.0000      758.2500  1715467    0.23%          x11_16 D  30853  30852     19
  30957  7809      758.5080   392      760.0000      758.2604  1719060    0.23%        x168_112 D  30957  15621     29
  31066  7772        cutoff            760.0000      758.2706  1722771    0.23%          x28_39 U  31066  23736     22
  31178  7735        cutoff            760.0000      758.2791  1726154    0.23%         x88_179 U  31178  15969     20
  31292  7695      758.3408   388      760.0000      758.2902  1729602    0.22%         x11_101 N  31292  21018     35
  31405  7659        cutoff            760.0000      758.2948  1733078    0.22%         x172_41 D  31405   8155     22
  31512  7596      758.3465   295      760.0000      758.2965  1736356    0.22%          x28_39 N  31512  25409     15
  31617  7544        cutoff            760.0000      758.3018  1739366    0.22%         x11_135 U  31617  30608     25
  31725  7514        cutoff            760.0000      758.3111  1743140    0.22%         x87_112 U  31725  23361     27
  31847  7474      758.5737   366      760.0000      758.3209  1746651    0.22%         x11_112 D  31847  30438     28
Elapsed time = 1299.85 sec. (1180401.40 ticks, tree = 97.43 MB, solutions = 1)
  31960  7427      758.5238   273      760.0000      758.3333  1749812    0.22%          x8_179 D  31960  29293     26
  32078  7399        cutoff            760.0000      758.3333  1754099    0.22%         x178_93 D  32078   6510     20
  32190  7349        cutoff            760.0000      758.3333  1757249    0.22%         x172_41 U  32190  28227     26
  32316  7308        cutoff            760.0000      758.3344  1760363    0.22%         x104_10 U  32316  16614     19
  32432  7280        cutoff            760.0000      758.3465  1763760    0.22%         x104_10 D  32432  27585     22
  32546  7235        cutoff            760.0000      758.3578  1766941    0.22%          x28_39 D  32546  27229     22
  32661  7188        cutoff            760.0000      758.3667  1770592    0.21%        x112_154 D  32661  12071     37
  32783  7143      758.4702   349      760.0000      758.3750  1773472    0.21%         x95_107 D  32783   4085     18
  32902  7083      758.5604   376      760.0000      758.3847  1776468    0.21%         x104_10 D  32902  27669     21
  33027  7036        cutoff            760.0000      758.3874  1779845    0.21%         x135_46 U  33027  23703     34
Elapsed time = 1325.93 sec. (1218731.30 ticks, tree = 89.47 MB, solutions = 1)
  33143  6989      758.6667   189      760.0000      758.3939  1782720    0.21%         x55_112 N  33143  28133     25
  33249  6950        cutoff            760.0000      758.4028  1785406    0.21%         x11_112 U  33249  33247     35
  33355  6901        cutoff            760.0000      758.4132  1787834    0.21%         x165_45 U  33355  15998     19
  33471  6858        cutoff            760.0000      758.4167  1790998    0.21%          x49_88 U  33471  14228     35
  33598  6826        cutoff            760.0000      758.4215  1794261    0.21%        x165_170 D  33598  18167     14
  33720  6785        cutoff            760.0000      758.4324  1797177    0.21%         x178_93 U  33720  18019     18
  33837  6726      759.0000   182      760.0000      758.4444  1799963    0.20%        x155_189 D  33837  19763     45
  33951  6674        cutoff            760.0000      758.4527  1802547    0.20%          x8_179 U  33951  31236     28
  34054  6628        cutoff            760.0000      758.4632  1805537    0.20%           x8_96 U  34054   7022     10
  34176  6561      758.4715   415      760.0000      758.4678  1808243    0.20%        x112_101 D  34176  30615     17
Elapsed time = 1351.49 sec. (1257027.34 ticks, tree = 81.40 MB, solutions = 1)
  34289  6512        cutoff            760.0000      758.4740  1811806    0.20%         x165_45 D  34289  30030     16
  34413  6469        cutoff            760.0000      758.4821  1814592    0.20%         x165_45 D  34413  28787     36
  34534  6421        cutoff            760.0000      758.4930  1817828    0.20%         x100_28 U  34534  11070     13
  34646  6357      758.7000   215      760.0000      758.5000  1820184    0.20%         x87_112 D  34646  28775     30
  34765  6296        cutoff            760.0000      758.5000  1822884    0.20%          x28_39 U  34765  31458     22
  34875  6236        cutoff            760.0000      758.5000  1825760    0.20%         x178_21 U  34875  20932     14
  34997  6175        cutoff            760.0000      758.5132  1828504    0.20%         x178_21 D  34997  12852     17
  35116  6117      758.5417   217      760.0000      758.5238  1830975    0.19%        x172_165 U  35116  35115     26
  35234  6051        cutoff            760.0000      758.5333  1833465    0.19%         x165_33 U  35234  35229     42
  35356  5986      758.7917   327      760.0000      758.5417  1836023    0.19%        x172_165 U  35356  12369     23
Elapsed time = 1375.49 sec. (1295319.00 ticks, tree = 71.11 MB, solutions = 1)
  35470  5902        cutoff            760.0000      758.5465  1838164    0.19%         x100_28 U  35470  31085     15
  35570  5841      758.5493   393      760.0000      758.5493  1840536    0.19%          x11_30 N  35570  34424     29
  35674  5771        cutoff            760.0000      758.5541  1842584    0.19%         x64_186 U  35674  30385     22
  35788  5695      758.6970   249      760.0000      758.5556  1845357    0.19%          x3_112 D  35788  28179     24
  35905  5627        cutoff            760.0000      758.5655  1848216    0.19%          x8_179 D  35905  18390     37
  36017  5559        cutoff            760.0000      758.5750  1850555    0.19%          x3_112 U  36017  19974     22
  36131  5495        cutoff            760.0000      758.5833  1852840    0.19%         x178_93 U  36131  18550     20
  36248  5421      758.7330   371      760.0000      758.5889  1855024    0.19%          x28_39 N  36248  16293     20
  36368  5349      758.7586   255      760.0000      758.5996  1857099    0.18%         x172_41 D  36368  24036     24
  36481  5265        cutoff            760.0000      758.6085  1859335    0.18%        x154_179 D  36481  32388     49
Elapsed time = 1396.07 sec. (1333663.59 ticks, tree = 61.87 MB, solutions = 1)
  36596  5185        cutoff            760.0000      758.6167  1861325    0.18%          x8_179 U  36596  28523     39
  36710  5103        cutoff            760.0000      758.6250  1863357    0.18%         x178_21 U  36710  26423     22
  36824  5028        cutoff            760.0000      758.6310  1865807    0.18%         x87_112 U  36824  29209     32
  36940  4953        cutoff            760.0000      758.6410  1868189    0.18%        x188_179 D  36940  23433     39
  37058  4883        cutoff            760.0000      758.6465  1870394    0.18%         x165_45 D  37058  12949     16
  37175  4805        cutoff            760.0000      758.6553  1872078    0.18%         x165_45 U  37175   5290     19
  37294  4722        cutoff            760.0000      758.6667  1873846    0.18%         x88_179 D  37294  21154     30
  37413  4629        cutoff            760.0000      758.6667  1875729    0.18%          x8_179 U  37413  21053     33
  37533  4553        cutoff            760.0000      758.6667  1877994    0.18%        x112_154 D  37533  14990     31
  37652  4476        cutoff            760.0000      758.6667  1880279    0.18%         x11_112 U  37652  23065     26
Elapsed time = 1415.32 sec. (1371959.64 ticks, tree = 52.32 MB, solutions = 1)
  37763  4391        cutoff            760.0000      758.6765  1882331    0.17%          x28_39 D  37763  20375     28
  37875  4307        cutoff            760.0000      758.6894  1884083    0.17%         x165_33 U  37875  30036     16
  37991  4229        cutoff            760.0000      758.7000  1885812    0.17%         x112_62 U  37991  26891     43
  38107  4167      758.7083   284      760.0000      758.7083  1888338    0.17%         x178_21 D  38107  28416     21
  38220  4089        cutoff            760.0000      758.7132  1890182    0.17%         x62_172 U  38220  28956     23
  38338  4003      758.7921   207      760.0000      758.7207  1891893    0.17%          x3_112 D  38338  27938     21
  38455  3915      758.7500   197      760.0000      758.7222  1893188    0.17%         x11_101 D  38455  38454     32
  38568  3835        cutoff            760.0000      758.7308  1895226    0.17%        x110_120 U  38568  38566     16
  38688  3758        cutoff            760.0000      758.7416  1896863    0.17%          x87_11 D  38688   7167     22
  38807  3664        cutoff            760.0000      758.7500  1898353    0.16%          x87_11 D  38807  24104     28
Elapsed time = 1434.50 sec. (1410263.09 ticks, tree = 42.22 MB, solutions = 1)
  38922  3581        cutoff            760.0000      758.7535  1900183    0.16%         x178_21 D  38922  22355     25
  39040  3491        cutoff            760.0000      758.7624  1901817    0.16%          x28_39 U  39040  36062     15
  39162  3404        cutoff            760.0000      758.7731  1903239    0.16%          x58_73 U  39162  35778     39
  39274  3328      758.9848   350      760.0000      758.7810  1904347    0.16%          x88_58 N  39274  14944     25
  39389  3236        cutoff            760.0000      758.7902  1905785    0.16%        x172_165 D  39389  39387     25
  39502  3136        cutoff            760.0000      758.7965  1907586    0.16%         x100_28 D  39502  13026     12
  39608  3043      758.7965   268      760.0000      758.7965  1908994    0.16%           x8_58 D  39608   1506     11
  39722  2946        cutoff            760.0000      758.8034  1910398    0.16%         x88_112 U  39722  27347     40
  39833  2852        cutoff            760.0000      758.8114  1911862    0.16%          x87_11 D  39833  30557     32
  39948  2771        cutoff            760.0000      758.8188  1913388    0.16%          x152_6 D  39948  11946     21
Elapsed time = 1451.48 sec. (1448527.26 ticks, tree = 30.26 MB, solutions = 1)
  40063  2681        cutoff            760.0000      758.8286  1914702    0.15%         x178_93 U  40063  26171     13
  40175  2577        cutoff            760.0000      758.8333  1916077    0.15%         x87_112 U  40175  25002     22
  40292  2490        cutoff            760.0000      758.8333  1917582    0.15%         x155_30 U  40292  22955     24
  40407  2386        cutoff            760.0000      758.8384  1918961    0.15%         x104_10 U  40407  35857     21
  40523  2285        cutoff            760.0000      758.8485  1920171    0.15%        x146_100 U  40523  33717     24
  40640  2190        cutoff            760.0000      758.8583  1921338    0.15%        x112_154 D  40640  31174     44
  40759  2095        cutoff            760.0000      758.8667  1922558    0.15%         x55_112 U  40759  40756     42
  40878  1993        cutoff            760.0000      758.8750  1923920    0.15%        x181_134 U  40878   2763     25
  40991  1898        cutoff            760.0000      758.8798  1925109    0.15%         x178_21 U  40991  25648     18
  41103  1796        cutoff            760.0000      758.8864  1925957    0.15%        x154_179 U  41103  35065     30
Elapsed time = 1466.03 sec. (1486793.04 ticks, tree = 19.56 MB, solutions = 1)
  41222  1692        cutoff            760.0000      758.8889  1927218    0.15%          x8_107 U  41222  32040     35
  41341  1595        cutoff            760.0000      758.8984  1928129    0.14%          x8_179 U  41341  35945     42
  41457  1490        cutoff            760.0000      758.9084  1929099    0.14%        x110_120 D  41457  20136     18
  41576  1382        cutoff            760.0000      758.9167  1929930    0.14%          x11_16 U  41576  26077     16
  41693  1273        cutoff            760.0000      758.9207  1930921    0.14%         x155_30 U  41693  41288     25
  41807  1161        cutoff            760.0000      758.9291  1931763    0.14%        x112_101 U  41807  39105     21
  41922  1056        cutoff            760.0000      758.9360  1932737    0.14%         x155_30 D  41922  24203     20
  42032   948        cutoff            760.0000      758.9453  1933400    0.14%         x11_135 U  42032  27641     26
  42144   841        cutoff            760.0000      758.9548  1934226    0.14%        x154_112 D  42144  35818     21
  42262   728        cutoff            760.0000      758.9632  1934775    0.14%         x100_28 D  42262  18496     16
Elapsed time = 1478.09 sec. (1525096.30 ticks, tree = 8.86 MB, solutions = 1)
  42374   619        cutoff            760.0000      758.9700  1935607    0.14%         x95_107 U  42374   4418     23
  42490   512        cutoff            760.0000      758.9792  1936230    0.13%          x88_96 U  42490  37713     21
  42610   409        cutoff            760.0000      758.9865  1936887    0.13%          x3_112 U  42610  34923     22
  42727   296        cutoff            760.0000      759.0000  1937449    0.13%          x28_39 D  42727   4841     25
  42840   188        cutoff            760.0000      759.0000  1938169    0.13%        x152_172 U  42840  39934     17
  42961    76        cutoff            760.0000      759.0000  1938959    0.13%         x64_186 D  42961  40558     35

Zero-half cuts applied:  56
Gomory fractional cuts applied:  6
User cuts applied:  6411

Root node processing (before b&c):
  Real time             =    2.98 sec. (5016.44 ticks)
Sequential b&c:
  Real time             = 1482.22 sec. (1547914.38 ticks)
                          ------------
Total (root+branch&cut) = 1485.20 sec. (1552930.82 ticks)

