Version identifier: 22.1.0.0 | 2022-03-09 | 1a383f8ce
CPXPARAM_Preprocessing_Reduce                    1
CPXPARAM_Threads                                 1
CPXPARAM_Preprocessing_Reformulations            0
CPXPARAM_Emphasis_MIP                            2
CPXPARAM_MIP_Limits_CutPasses                    300
CPXPARAM_TimeLimit                               10800
CPXPARAM_MIP_Limits_TreeMemory                   20000
Legacy callback                                  BbLUID
         Disabling repeat represolve because of lazy constraint/incumbent callback.
1 of 1 MIP starts provided solutions.
MIP start 'm1' defined initial solution with objective 834.0000.
Tried aggregator 1 time.
MIP Presolve eliminated 58109 rows and 0 columns.
MIP Presolve modified 2435 coefficients.
Reduced MIP has 2837 rows, 13082 columns, and 87033 nonzeros.
Reduced MIP has 13082 binaries, 0 generals, 0 SOSs, and 0 indicators.
Presolve time = 0.08 sec. (144.48 ticks)
Probing time = 0.00 sec. (4.93 ticks)
Clique table members: 2837.
MIP emphasis: optimality.
MIP search method: traditional branch-and-cut.
Parallel mode: none, using 1 thread.
Root relaxation solution time = 0.01 sec. (14.97 ticks)

        Nodes                                         Cuts/
   Node  Left     Objective  IInf  Best Integer    Best Bound    ItCnt     Gap         Variable B NodeID Parent  Depth

*     0+    0                          834.0000        0.0000           100.00%
      0     0      638.5000    15      834.0000      638.5000      431   23.44%
      0     0      767.1667   166      834.0000     Cuts: 208      628    8.01%
      0     0      773.5000   175      834.0000     Cuts: 125      730    7.25%
      0     0      775.6667   113      834.0000      Cuts: 72      765    6.99%
      0     0      779.0000    50      834.0000      Cuts: 60      836    6.59%
      0     0      781.7917   312      834.0000      Cuts: 77      959    6.26%
      0     0      782.8750   311      834.0000      Cuts: 22     1007    6.13%
      0     0      782.8750   312      834.0000      Cuts: 22     1011    6.13%
      0     0      783.3333   199      834.0000      User: 16     1041    6.08%
      0     0      785.0278   312      834.0000      Cuts: 17     1128    5.87%
      0     0      785.6714   319      834.0000       Cuts: 9     1174    5.79%
      0     0      785.9167   315      834.0000       Cuts: 7     1201    5.77%
      0     0      785.9167   314      834.0000      Cuts: 12     1206    5.77%
      0     0      785.9167   317      834.0000      Cuts: 11     1211    5.77%
      0     0      786.0833   170      834.0000       User: 6     1228    5.75%
      0     0      786.0833   305      834.0000      Cuts: 27     1234    5.75%
      0     0      786.0833   198      834.0000      Cuts: 10     1242    5.75%
      0     0      786.5833   236      834.0000      User: 17     1251    5.69%
      0     0      788.0000   234      834.0000      Cuts: 13     1304    5.52%
      0     0      788.2333   247      834.0000      Cuts: 11     1339    5.49%
      0     0      788.9333   164      834.0000       Cuts: 7     1365    5.40%
      0     0      789.0000   294      834.0000      Cuts: 13     1386    5.40%
      0     0      789.1000   184      834.0000      Cuts: 16     1416    5.38%
      0     0      789.1250   228      834.0000      Cuts: 16     1432    5.38%
      0     0      789.1500   180      834.0000      Cuts: 13     1437    5.38%
      0     0      789.5412   233      834.0000      User: 12     1466    5.33%
      0     0      789.6000    80      834.0000      Cuts: 33     1476    5.32%
      0     0      790.4333   195      834.0000       Cuts: 5     1527    5.22%
      0     0      790.4750   227      834.0000       User: 7     1551    5.22%
      0     0      790.6000   225      834.0000      User: 10     1563    5.20%
      0     0      790.6000   240      834.0000      Cuts: 14     1568    5.20%
      0     0      790.6000   164      834.0000       Cuts: 6     1574    5.20%
      0     0      791.6000   144      834.0000       Cuts: 8     1622    5.08%
      0     0      791.6000   180      834.0000      Cuts: 11     1643    5.08%
      0     0      791.9833   378      834.0000       Cuts: 4     1697    5.04%
      0     0      792.3105   395      834.0000      Cuts: 18     1728    5.00%
      0     0      795.8500   248      834.0000      Cuts: 22     1817    4.57%
      0     0      797.6000   211      834.0000      Cuts: 15     1829    4.36%
      0     0      797.6000   206      834.0000       User: 3     1833    4.36%
      0     0      797.6172   259      834.0000       User: 2     1842    4.36%
      0     0      797.6417   218      834.0000      User: 13     1844    4.36%
      0     0      797.6625   187      834.0000       User: 4     1856    4.36%
      0     0      797.6930   203      834.0000       User: 5     1869    4.35%
      0     0      797.7290   230      834.0000       User: 2     1887    4.35%
      0     0      797.7333   230      834.0000      User: 20     1894    4.35%
      0     0      797.7667   159      834.0000       User: 2     1896    4.34%
      0     0      797.7667   161      834.0000       Cuts: 3     1900    4.34%
      0     0      798.2667   223      834.0000       Cuts: 3     1949    4.28%
      0     0      798.5554   297      834.0000      Cuts: 12     1987    4.25%
      0     0      798.7667   206      834.0000      Cuts: 12     2008    4.22%
      0     0      798.8500   211      834.0000       Cuts: 3     2060    4.21%
      0     0      798.8500   208      834.0000       User: 4     2069    4.21%
      0     0      798.8500   208      834.0000       User: 6     2070    4.21%
      0     0      800.5167   281      834.0000       User: 2     2145    4.01%
      0     0      804.9237   326      834.0000      Cuts: 22     2213    3.49%
      0     0      808.1000   230      834.0000      Cuts: 20     2235    3.11%
      0     0      809.3500   222      834.0000      Cuts: 13     2245    2.96%
      0     0      809.8500   254      834.0000      Cuts: 12     2255    2.90%
      0     0      809.8500   272      834.0000   ZeroHalf: 6     2266    2.90%
      0     0      811.1013   341      834.0000   ZeroHalf: 6     2309    2.75%
      0     0      811.1035   322      834.0000       User: 9     2316    2.75%
      0     0      811.9141   305      834.0000       Cuts: 7     2341    2.65%
      0     0      811.9141   323      834.0000      User: 10     2344    2.65%
      0     0      811.9750   280      834.0000      Cuts: 15     2359    2.64%
      0     0      812.5052   298      834.0000      Cuts: 15     2383    2.58%
      0     0      813.1682   309      834.0000       Cuts: 8     2411    2.50%
      0     0      814.8500   290      834.0000       Cuts: 7     2435    2.30%
      0     0      815.0167   296      834.0000       Cuts: 7     2456    2.28%
      0     0      815.6135   325      834.0000   ZeroHalf: 8     2479    2.20%
      0     0      815.7315   329      834.0000       Cuts: 3     2496    2.19%
      0     2      815.7315   329      834.0000      815.9239     2496    2.17%                        0             0
Elapsed time = 3.72 sec. (6619.00 ticks, tree = 0.01 MB, solutions = 1)
      1     2      820.9250   290      834.0000      819.8750     2573    1.69%         x145_13 N      1      0      1
      2     3      822.7639   291      834.0000      819.8750     2860    1.69%          x200_4 N      2      1      2
      3     4      822.9974   297      834.0000      819.8750     2899    1.69%        x109_175 N      3      2      3
      4     5      823.2750   233      834.0000      819.8750     3047    1.69%        x128_129 D      4      3      4
      6     5      823.6500   247      834.0000      819.8750     3149    1.69%        x144_173 D      6      4      5
      7     6      824.9167   245      834.0000      819.8750     3200    1.69%        x136_192 N      7      6      6
     10     7      828.4167   271      834.0000      819.8750     3339    1.69%        x116_132 N     10      9      8
     14     8      821.5000   333      834.0000      821.5417     3620    1.49%         x145_13 N     14      0      1
     15     9      821.8750   307      834.0000      821.8750     3648    1.45%         x40_200 U     15     14      2
     30    14      824.8750   178      834.0000      824.8750     4426    1.09%         x56_185 U     30     25      4
Elapsed time = 6.95 sec. (11841.61 ticks, tree = 0.11 MB, solutions = 1)
     43    25      827.2593   308      834.0000      825.2697     5863    1.05%        x116_132 N     43      9      8
     59    41      826.1964   197      834.0000      826.1250     7566    0.94%        x173_165 N     59     58      8
     75    57      826.8750   154      834.0000      826.8750     8495    0.85%         x147_93 N     75     74     12
     92    74      828.1250   158      834.0000      827.1250    10334    0.82%         x93_124 U     92     72     13
    103    83      829.7917   381      834.0000      827.2917    11201    0.80%          x200_4 N    103     27      4
    128   102      827.7083   201      834.0000      827.5833    12557    0.77%        x125_139 D    128    100     13
    148   118      827.9583   209      834.0000      827.7788    14054    0.75%         x15_173 D    148    128     14
    168   135      830.6250   162      834.0000      827.8750    15476    0.73%         x124_93 U    168    147     15
    184   144      830.3750   205      834.0000      827.9583    16774    0.72%          x94_32 D    184    183      9
    220   173      828.2083   162      834.0000      828.1250    18539    0.70%         x15_165 U    220    191     13
Elapsed time = 17.31 sec. (21733.35 ticks, tree = 3.84 MB, solutions = 1)
    253   203      830.3750   210      834.0000      828.3015    20675    0.68%        x125_150 U    253    189      8
    286   224      830.8250   210      834.0000      828.4250    22391    0.67%        x125_150 U    286    231     10
    313   244      831.2500   141      834.0000      828.5000    24244    0.66%         x22_194 U    313    211     22
    345   267      830.5917   196      834.0000      828.6250    26607    0.64%         x22_194 N    345    271     21
    374   286      831.1964   223      834.0000      828.6250    28543    0.64%         x139_22 U    374    218     18
    412   321      830.9107   194      834.0000      828.7500    30706    0.63%         x139_22 U    412    267     21
    450   346      829.0000   221      834.0000      828.8472    33585    0.62%         x147_61 N    450    117     10
    487   370      828.9583   213      834.0000      828.9091    36458    0.61%        x125_150 U    487    300     10
    515   389      829.3393   186      834.0000      828.9583    38874    0.60%        x125_150 U    515    376     11
    535   404      829.9091   152      834.0000      829.0000    41172    0.60%          x49_80 U    535    466     26
Elapsed time = 31.22 sec. (31663.37 ticks, tree = 8.63 MB, solutions = 1)
    568   427        cutoff            834.0000      829.0556    43401    0.59%         x187_87 U    568    559     26
    600   449      829.3583   184      834.0000      829.1212    45278    0.58%         x22_194 D    600    473     18
    629   474      832.1250   214      834.0000      829.1250    48042    0.58%         x124_93 U    629    557     12
    666   492        cutoff            834.0000      829.2240    50869    0.57%         x49_173 U    666    549     26
    702   518      829.6250   183      834.0000      829.2917    53162    0.56%         x22_194 D    702    567     11
    739   541        cutoff            834.0000      829.3472    55788    0.56%          x49_32 U    739    521     18
    780   571      832.5000   101      834.0000      829.4091    58104    0.55%         x49_125 N    780    534     27
    824   606      831.3977   204      834.0000      829.4583    60854    0.54%         x14_124 U    824    822     22
    872   646      830.0000   104      834.0000      829.5000    63872    0.54%         x22_139 U    872    871     32
    910   672      829.6380   166      834.0000      829.5417    66387    0.53%         x15_144 D    910    766     27
Elapsed time = 46.15 sec. (41517.14 ticks, tree = 13.73 MB, solutions = 1)
    953   697      830.0000    79      834.0000      829.5833    68600    0.53%          x49_80 D    953    433     26
    998   732      830.1250   136      834.0000      829.6250    70811    0.52%         x22_194 D    998    997     13
   1022   748        cutoff            834.0000      829.6250    72954    0.52%         x29_146 N   1022   1020     21
   1048   768      830.1250   193      834.0000      829.6250    75098    0.52%         x49_173 D   1048   1047     25
   1091   800      832.6250   233      834.0000      829.6250    76907    0.52%         x124_93 N   1091    769     13
   1125   822      829.6667   127      834.0000      829.6556    79316    0.52%         x173_49 D   1125    857     23
   1160   849      830.1635   220      834.0000      829.6875    81632    0.52%         x15_165 U   1160   1159     16
   1200   875      830.0000    89      834.0000      829.7172    83572    0.51%          x49_80 D   1200   1199     27
   1240   899      830.9583   145      834.0000      829.7679    85470    0.51%        x125_150 D   1240   1238     20
   1280   920      832.4583   170      834.0000      829.7917    88003    0.50%         x143_91 U   1280    793     17
Elapsed time = 60.88 sec. (51329.15 ticks, tree = 22.99 MB, solutions = 1)
   1312   927      830.6250   243      834.0000      829.8250    90803    0.50%          x49_32 N   1312    611     11
   1348   953      830.0000   107      834.0000      829.8442    93441    0.50%         x194_22 U   1348   1149     36
   1388   973      830.6250   193      834.0000      829.8750    95975    0.49%         x93_124 D   1388    620     11
   1429   997      829.8964   183      834.0000      829.8977    97970    0.49%        x165_138 D   1429   1169     28
   1480  1020      829.9862   173      834.0000      829.9333    99809    0.49%         x52_176 D   1480    887     31
   1518  1039        cutoff            834.0000      829.9583   102296    0.48%          x49_32 U   1518   1319     16
   1569  1074      830.2073   171      834.0000      829.9892   105115    0.48%          x49_33 D   1569   1568     34
   1596  1093      831.4286   146      834.0000      830.0000   107640    0.48%         x22_139 D   1596   1348     37
   1637  1125      832.0208    75      834.0000      830.0000   108718    0.48%         x144_49 D   1637   1636     60
   1681  1155        cutoff            834.0000      830.0000   110550    0.48%          x15_32 U   1681   1679     28
Elapsed time = 75.36 sec. (60985.94 ticks, tree = 29.99 MB, solutions = 1)
   1716  1174      831.8333    67      834.0000      830.0000   113151    0.48%         x194_22 D   1716   1714     33
   1749  1181      831.7212   219      834.0000      830.0250   115711    0.48%        x139_173 D   1749   1748     17
   1786  1208      832.2500   158      834.0000      830.0614   117500    0.47%         x29_122 N   1786    543     29
   1826  1223      833.0000   130      834.0000      830.1000   119711    0.47%         x194_53 U   1826   1033     40
   1861  1250      830.5605   174      834.0000      830.1250   122062    0.46%         x194_22 U   1861   1860     29
   1911  1285      830.3309   167      834.0000      830.1250   124028    0.46%         x15_165 U   1911   1283     15
   1949  1306      831.8750   186      834.0000      830.1250   126473    0.46%          x93_12 D   1949    204     18
   1982  1317      831.3250   207      834.0000      830.1316   129036    0.46%         x139_22 N   1982    352     18
   2013  1332      830.1694   224      834.0000      830.1667   131490    0.46%         x139_22 D   2013   1160     17
   2053  1346        cutoff            834.0000      830.1932   133857    0.46%          x88_87 U   2053    924     21
Elapsed time = 88.99 sec. (70858.81 ticks, tree = 36.14 MB, solutions = 1)
   2089  1370        cutoff            834.0000      830.2222   135762    0.45%         x194_53 U   2089   2087     31
   2130  1390      833.0000    93      834.0000      830.2500   137945    0.45%         x194_53 U   2130   2082     23
   2167  1406      832.8051   221      834.0000      830.2857   140500    0.45%         x32_138 U   2167   2165     21
   2209  1429      832.3750   158      834.0000      830.2917   142032    0.44%         x15_173 U   2209   2102     16
   2251  1443      830.3000   158      834.0000      830.3000   144343    0.44%         x194_53 D   2251   1770     22
   2303  1465        cutoff            834.0000      830.3250   147355    0.44%         x52_176 U   2303   2295     34
   2363  1503      832.4583   177      834.0000      830.3393   150727    0.44%         x22_194 U   2363   1030     15
   2400  1504      830.3879   245      834.0000      830.3750   153188    0.43%         x94_150 D   2400   2044     23
   2442  1530      832.9583   167      834.0000      830.3750   156270    0.43%        x178_198 D   2442   2441     28
   2484  1540        cutoff            834.0000      830.3929   158817    0.43%         x49_125 U   2484   2482     33
Elapsed time = 103.35 sec. (80525.82 ticks, tree = 37.15 MB, solutions = 1)
   2540  1568        cutoff            834.0000      830.4167   161457    0.43%          x49_21 U   2540   2538     37
   2575  1581      830.4286   155      834.0000      830.4286   164496    0.43%        x189_138 D   2575   2253     25
   2641  1604      830.9091   165      834.0000      830.4479   166836    0.43%         x32_144 D   2641   2639     32
   2696  1619      833.0000    91      834.0000      830.4583   169131    0.42%         x22_139 D   2696   1763     22
   2751  1638        cutoff            834.0000      830.4792   171629    0.42%          x80_22 U   2751   2749     35
   2802  1652        cutoff            834.0000      830.4917   174291    0.42%          x49_21 U   2802   2210     32
   2843  1679      831.4286   115      834.0000      830.5000   177035    0.42%         x22_139 D   2843   2738     37
   2899  1709      831.5000   122      834.0000      830.5000   179569    0.42%         x89_159 D   2899   2897     40
   2961  1732        cutoff            834.0000      830.5000   182123    0.42%         x22_194 U   2961   1468     26
   3010  1754      831.0000    80      834.0000      830.5000   184422    0.42%          x29_53 D   3010   1580     38
Elapsed time = 118.34 sec. (90160.03 ticks, tree = 35.42 MB, solutions = 1)
   3064  1768        cutoff            834.0000      830.5282   187103    0.42%          x49_21 U   3064   3062     36
   3113  1784        cutoff            834.0000      830.5455   189895    0.41%          x49_21 U   3113   3111     32
   3160  1791      830.6250   236      834.0000      830.5694   192839    0.41%         x14_124 D   3160   2707     25
   3216  1806        cutoff            834.0000      830.5833   194922    0.41%        x189_138 U   3216   3196     29
   3266  1800        cutoff            834.0000      830.6167   197341    0.41%         x52_176 U   3266   2611     33
   3302  1819      830.6250   125      834.0000      830.6250   200698    0.40%         x52_176 D   3302   2414     16
   3339  1842      831.7500   168      834.0000      830.6250   203627    0.40%          x12_63 N   3339   3338     17
   3396  1875      831.1250   128      834.0000      830.6250   206191    0.40%          x49_32 U   3396   2161     19
   3449  1887        cutoff            834.0000      830.6250   208691    0.40%        x189_138 U   3449   3419     32
   3614  1917        cutoff            834.0000      830.6667   219791    0.40%         x138_76 U   3614   2878     27
Elapsed time = 134.17 sec. (102745.44 ticks, tree = 33.71 MB, solutions = 1)
   3822  1986        cutoff            834.0000      830.7426   229638    0.39%         x32_150 U   3822   3001     25
   4020  2048      831.6250   131      834.0000      830.7917   238843    0.38%          x49_32 D   4020    639     18
   4216  2104        cutoff            834.0000      830.8333   250684    0.38%         x89_159 D   4216   4214     46
   4403  2145        cutoff            834.0000      830.8750   260024    0.37%         x14_124 U   4403    790     22
   4604  2182      831.2279   226      834.0000      830.9375   269500    0.37%          x66_92 D   4604    699     15
   4787  2253      831.0216   178      834.0000      830.9969   279510    0.36%         x125_32 N   4787   3318     18
   4970  2366        cutoff            834.0000      831.0000   289698    0.36%         x89_159 D   4970   4968     44
   5157  2417      831.5000    75      834.0000      831.0260   300144    0.36%         x22_125 D   5157    867     23
   5354  2456      831.4857   103      834.0000      831.0909   308732    0.35%          x80_21 D   5354   4512     41
   5536  2514        cutoff            834.0000      831.1250   317814    0.34%        x173_138 U   5536   1027     19
Elapsed time = 187.13 sec. (140970.76 ticks, tree = 31.23 MB, solutions = 1)
   5718  2566      831.6000    71      834.0000      831.1429   327043    0.34%         x122_52 U   5718   5717     40
   5913  2623        cutoff            834.0000      831.1869   335559    0.34%          x88_87 U   5913   3709     25
   6116  2698      831.2917   142      834.0000      831.2250   343553    0.33%          x49_32 N   6116   1356     12
   6312  2744      831.7727   168      834.0000      831.2500   351464    0.33%          x49_33 U   6312   2864     39
   6507  2797        cutoff            834.0000      831.2917   360946    0.32%         x15_173 D   6507   6506     19
   6702  2833        cutoff            834.0000      831.3333   369515    0.32%          x49_15 U   6702   4868     44
   6886  2957      831.3669   193      834.0000      831.3355   378921    0.32%          x21_22 D   6886   6885     40
   7099  2998      831.6250   163      834.0000      831.3750   385415    0.31%         x139_22 D   7099   4404     23
   7315  3056        cutoff            834.0000      831.4051   392581    0.31%        x165_139 U   7315   7313     28
   7510  3101      831.5795   170      834.0000      831.4339   399874    0.31%        x125_139 D   7510   4666     17
Elapsed time = 238.43 sec. (179218.80 ticks, tree = 32.73 MB, solutions = 1)
   7707  3132        cutoff            834.0000      831.4583   408517    0.30%         x49_125 U   7707   6557     27
   7891  3157      831.6250   235      834.0000      831.4946   415875    0.30%        x173_165 D   7891   7890     14
   8055  3219      832.8750   101      834.0000      831.5000   424402    0.30%        x197_148 D   8055   8054     46
   8221  3299        cutoff            834.0000      831.5000   432464    0.30%        x148_168 U   8221   8217     61
   8390  3380        cutoff            834.0000      831.5000   440191    0.30%         x194_53 U   8390   4560     27
   8564  3406        cutoff            834.0000      831.5088   446998    0.30%        x150_139 U   8564   7566     39
   8724  3432      832.5500   142      834.0000      831.5455   454170    0.29%          x80_21 U   8724   6704     46
   8898  3476        cutoff            834.0000      831.5833   460921    0.29%          x32_76 U   8898   3381     44
   9065  3509      832.6250   166      834.0000      831.6176   467689    0.29%         x176_52 U   9065   8263     41
   9202  3539        cutoff            834.0000      831.6250   477058    0.28%         x22_194 U   9202   5559     13
Elapsed time = 283.28 sec. (217566.61 ticks, tree = 33.82 MB, solutions = 1)
   9346  3564      831.6250   157      834.0000      831.6250   486446    0.28%         x194_53 D   9346   7099     24
   9476  3570      831.8750   234      834.0000      831.6250   495167    0.28%          x49_32 D   9476   7891     15
   9662  3581      831.6886   193      834.0000      831.6590   500672    0.28%         x22_125 D   9662   4465     35
   9844  3667        cutoff            834.0000      831.6667   506378    0.28%          x89_53 U   9844   7743     41
  10028  3711      831.7333   207      834.0000      831.6948   511907    0.28%          x32_94 N  10028   7877     43
  10188  3722        cutoff            834.0000      831.7273   518052    0.27%         x63_124 U  10188   5677     22
  10378  3788      832.0625   131      834.0000      831.7500   523918    0.27%         x89_159 N  10378   9299     41
  10552  3826        cutoff            834.0000      831.7647   528846    0.27%          x80_21 U  10552   6938     49
  10722  3867        cutoff            834.0000      831.7917   534517    0.26%         x173_87 D  10722  10720     34
  10880  3871        cutoff            834.0000      831.8015   540595    0.26%          x22_49 U  10880  10051     29
Elapsed time = 326.65 sec. (255825.52 ticks, tree = 34.81 MB, solutions = 1)
  11054  3898      832.8496   206      834.0000      831.8250   546462    0.26%         x21_138 U  11054  11050     45
  11239  3923        cutoff            834.0000      831.8333   552672    0.26%         x89_194 U  11239  10676     41
  11416  3966      832.4202   149      834.0000      831.8478   559709    0.26%          x80_21 D  11416  10199     32
  11586  4005        cutoff            834.0000      831.8696   564765    0.26%         x150_49 U  11586   5173     35
  11762  4042      831.8750   111      834.0000      831.8750   571620    0.25%         x63_124 D  11762  11343     26
  11924  4043      832.3333   163      834.0000      831.8936   577832    0.25%          x49_15 D  11924   4939     44
  12083  4065      832.3836   230      834.0000      831.9107   582562    0.25%         x139_22 D  12083   9157     20
  12252  4090        cutoff            834.0000      831.9375   587247    0.25%         x32_165 U  12252  12250     52
  12431  4119        cutoff            834.0000      831.9583   592012    0.24%        x189_138 U  12431   8951     43
  12586  4135      832.6838   257      834.0000      831.9583   598350    0.24%         x22_194 U  12586  11885     11
Elapsed time = 368.68 sec. (294075.57 ticks, tree = 36.05 MB, solutions = 1)
  12743  4134        cutoff            834.0000      831.9929   603200    0.24%        x173_138 U  12743  12712     32
  12881  4190        cutoff            834.0000      832.0000   608997    0.24%         x91_124 D  12881   7919     29
  13025  4239        cutoff            834.0000      832.0000   615956    0.24%        x194_146 U  13025  13022     40
  13182  4296        cutoff            834.0000      832.0000   622029    0.24%         x176_52 U  13182  12217     29
  13339  4343      832.9563   206      834.0000      832.0000   628746    0.24%          x49_22 U  13339   8331     35
  13510  4391      832.5000   109      834.0000      832.0000   634862    0.24%         x33_138 D  13510  13506     49
  13676  4406        cutoff            834.0000      832.0000   641170    0.24%          x49_32 U  13676   8268     27
  13830  4431      832.2500    81      834.0000      832.0000   648074    0.24%          x80_49 U  13830  13828     41
  13980  4421        cutoff            834.0000      832.0341   653423    0.24%          x32_76 U  13980  12028     41
  14143  4430        cutoff            834.0000      832.0536   658013    0.23%        x165_138 U  14143   1325     27
Elapsed time = 408.94 sec. (332386.40 ticks, tree = 37.73 MB, solutions = 1)
  14301  4445        cutoff            834.0000      832.0717   662886    0.23%         x138_21 U  14301  13129     38
  14479  4462        cutoff            834.0000      832.0917   667003    0.23%         x49_125 U  14479  14350     27
  14645  4452        cutoff            834.0000      832.1111   671733    0.23%          x49_33 D  14645  12052     45
  14821  4481        cutoff            834.0000      832.1250   676420    0.22%         x93_176 U  14821  14810     58
  14976  4508      833.0000   132      834.0000      832.1250   682965    0.22%          x80_21 U  14976  12269     41
  15130  4504      832.3750   170      834.0000      832.1250   688975    0.22%         x194_53 D  15130   9923     24
  15289  4493        cutoff            834.0000      832.1250   694712    0.22%        x173_138 U  15289  10073     14
  15453  4516      832.2500   140      834.0000      832.1429   699941    0.22%         x21_138 D  15453  15452     44
  15628  4525      832.2000   102      834.0000      832.1667   704556    0.22%         x89_146 D  15628  14183     57
  15788  4524      832.6667   128      834.0000      832.1667   708322    0.22%         x138_33 D  15788   8902     47
Elapsed time = 446.40 sec. (370666.89 ticks, tree = 37.20 MB, solutions = 1)
  15940  4545        cutoff            834.0000      832.1852   713358    0.22%          x49_15 U  15940  10174     41
  16114  4567        cutoff            834.0000      832.2000   717543    0.22%        x189_168 U  16114  16112     66
  16294  4576        cutoff            834.0000      832.2028   721203    0.22%          x80_22 U  16294  16290     33
  16470  4584      833.0000   116      834.0000      832.2222   725070    0.21%        x122_176 D  16470  16469     67
  16629  4562      832.2632   139      834.0000      832.2381   729802    0.21%          x80_22 D  16629  15727     39
  16802  4596      832.3000    96      834.0000      832.2500   734172    0.21%          x22_80 D  16802  12807     28
  16965  4648        cutoff            834.0000      832.2500   738957    0.21%         x49_125 U  16965  13421     47
  17125  4668        cutoff            834.0000      832.2500   743202    0.21%         x49_125 U  17125  14555     34
  17263  4655        cutoff            834.0000      832.2667   746844    0.21%          x49_15 U  17263  13742     32
  17417  4651      832.3289   105      834.0000      832.2857   750437    0.21%         x52_176 D  17417  17416     51
Elapsed time = 483.09 sec. (408932.52 ticks, tree = 37.23 MB, solutions = 1)
  17567  4634      832.4421   278      834.0000      832.2917   754525    0.20%         x194_53 D  17567  12317     22
  17726  4639        cutoff            834.0000      832.3086   758734    0.20%        x138_189 U  17726  11951     37
  17890  4626        cutoff            834.0000      832.3250   762174    0.20%          x88_87 U  17890   1677     26
  18057  4617        cutoff            834.0000      832.3333   765685    0.20%         x91_168 U  18057  16163     71
  18213  4634        cutoff            834.0000      832.3333   769572    0.20%         x138_21 U  18213  18211     57
  18377  4643      832.4123   188      834.0000      832.3333   773343    0.20%        x143_124 U  18377  14397     51
  18536  4648      832.7083   125      834.0000      832.3393   776228    0.20%         x194_22 D  18536  10547     26
  18694  4639        cutoff            834.0000      832.3636   780115    0.20%          x21_49 D  18694  18693     55
  18841  4606        cutoff            834.0000      832.3750   783765    0.19%         x194_80 U  18841  10709     35
  18989  4582      833.0000    34      834.0000      832.3850   787606    0.19%        x124_143 U  18989   8092     46
Elapsed time = 517.86 sec. (447197.76 ticks, tree = 35.65 MB, solutions = 1)
  19138  4583      832.9000   110      834.0000      832.4000   791211    0.19%         x138_89 U  19138  19137     32
  19265  4568        cutoff            834.0000      832.4098   794337    0.19%         x144_32 U  19265   4211     44
  19409  4546        cutoff            834.0000      832.4286   797663    0.19%         x91_198 U  19409  17950     55
  19559  4508      832.5000    95      834.0000      832.4444   800627    0.19%         x138_80 D  19559   8143     52
  19717  4481        cutoff            834.0000      832.4583   803513    0.18%         x194_53 U  19717   7257     18
  19873  4439        cutoff            834.0000      832.4792   806322    0.18%         x139_22 U  19873  19240     17
  20015  4433        cutoff            834.0000      832.5000   809184    0.18%         x91_184 U  20015  16103     61
  20160  4409      832.8333   105      834.0000      832.5000   813004    0.18%          x9_193 U  20160   8407     50
  20305  4377        cutoff            834.0000      832.5000   816855    0.18%         x89_159 D  20305  19423     55
  20449  4354      832.5000    93      834.0000      832.5000   820377    0.18%          x83_80 D  20449  18299     58
Elapsed time = 548.53 sec. (485449.19 ticks, tree = 34.35 MB, solutions = 1)
  20601  4359      832.6212    97      834.0000      832.5000   824231    0.18%          x80_21 U  20601  20599     33
  20753  4332        cutoff            834.0000      832.5000   828844    0.18%         x138_89 D  20753  20752     37
  20904  4312      832.7500   123      834.0000      832.5000   832790    0.18%          x49_22 U  20904  11327     37
  21066  4296        cutoff            834.0000      832.5000   836886    0.18%         x52_122 D  21066  21056     62
  21231  4286      832.5000    63      834.0000      832.5000   840538    0.18%         x105_29 U  21231  21230     36
  21382  4228        cutoff            834.0000      832.5000   843758    0.18%          x32_76 U  21382   2512     34
  21541  4203        cutoff            834.0000      832.5128   847588    0.18%          x49_32 U  21541  16005     25
  21677  4166      832.5536   201      834.0000      832.5300   850306    0.18%          x22_21 D  21677  19604     35
  21823  4132        cutoff            834.0000      832.5494   853533    0.17%         x21_138 U  21823  17543     42
  21970  4098      832.8158   130      834.0000      832.5658   856437    0.17%          x193_9 U  21970  15786     29
Elapsed time = 577.39 sec. (523770.94 ticks, tree = 32.04 MB, solutions = 1)
  22116  4026      832.5833   132      834.0000      832.5833   858581    0.17%         x32_144 D  22116  14389     45
  22265  3982        cutoff            834.0000      832.6000   861005    0.17%          x80_21 D  22265  21226     39
  22410  3942        cutoff            834.0000      832.6250   864513    0.16%         x49_125 U  22410  17531     26
  22549  3910        cutoff            834.0000      832.6250   869503    0.16%         x194_53 U  22549  22543     16
  22687  3829        cutoff            834.0000      832.6250   872351    0.16%         x52_176 U  22687  21627     29
  22827  3771      832.9583   179      834.0000      832.6250   877046    0.16%         x49_165 D  22827   6074     31
  22973  3689        cutoff            834.0000      832.6250   880829    0.16%         x124_93 U  22973   6521     16
  23115  3622        cutoff            834.0000      832.6250   884431    0.16%         x125_32 U  23115   1815     16
  23251  3542      832.6667   151      834.0000      832.6429   887511    0.16%         x91_124 D  23251  21662     29
  23399  3477        cutoff            834.0000      832.6667   889654    0.16%         x138_33 U  23399  14370     63
Elapsed time = 600.62 sec. (562082.00 ticks, tree = 26.43 MB, solutions = 1)
  23547  3428        cutoff            834.0000      832.6667   891956    0.16%          x49_21 U  23547  12900     21
  23703  3382      833.0000   145      834.0000      832.6667   894413    0.16%         x61_124 U  23703  23701     35
  23840  3313        cutoff            834.0000      832.6806   897084    0.16%         x32_144 D  23840  14635     43
  23975  3249        cutoff            834.0000      832.6919   899105    0.16%         x138_33 D  23975  22145     46
  24126  3212        cutoff            834.0000      832.7083   901098    0.15%         x32_138 U  24126  23227     22
  24276  3140        cutoff            834.0000      832.7273   902812    0.15%         x173_83 U  24276  18977     48
  24431  3087        cutoff            834.0000      832.7392   905216    0.15%        x148_198 U  24431  24429     46
  24586  3016        cutoff            834.0000      832.7500   907598    0.15%        x122_105 D  24586  17786     29
  24739  2946        cutoff            834.0000      832.7500   909991    0.15%          x49_21 U  24739  21965     27
  24892  2859        cutoff            834.0000      832.7619   912111    0.15%         x32_144 U  24892  18233     43
Elapsed time = 623.63 sec. (600394.33 ticks, tree = 21.77 MB, solutions = 1)
  25052  2785        cutoff            834.0000      832.7843   913816    0.15%         x139_22 D  25052  12723     21
  25200  2711        cutoff            834.0000      832.8000   915300    0.14%         x15_144 U  25200   6324     32
  25378  2636        cutoff            834.0000      832.8125   917122    0.14%         x32_165 D  25378  19219     34
  25532  2547      832.8792   261      834.0000      832.8298   918863    0.14%          x66_92 N  25532  23953     17
  25691  2448        cutoff            834.0000      832.8333   920175    0.14%          x80_21 U  25691  22252     34
  25849  2355        cutoff            834.0000      832.8558   921770    0.14%          x49_15 U  25849  15292     27
  26009  2264        cutoff            834.0000      832.8750   923107    0.13%         x33_138 U  26009  26007     51
  26164  2154      832.9432   228      834.0000      832.8750   924438    0.13%        x173_138 N  26164   5543     23
  26315  2038        cutoff            834.0000      832.9000   925893    0.13%         x22_194 U  26315  15856     17
  26464  1930        cutoff            834.0000      832.9107   927117    0.13%         x22_125 D  26464   4686     21
Elapsed time = 644.07 sec. (638669.74 ticks, tree = 14.67 MB, solutions = 1)
  26610  1801        cutoff            834.0000      832.9333   928019    0.13%         x138_21 D  26610  18727     51
  26754  1675        cutoff            834.0000      832.9583   928906    0.12%         x22_125 U  26754   9966     30
  26910  1545        cutoff            834.0000      832.9746   929876    0.12%          x80_21 D  26910  26909     49
  27055  1438      833.0000    42      834.0000      833.0000   931108    0.12%         x52_122 N  27055  20054     56
  27197  1343        cutoff            834.0000      833.0000   932974    0.12%         x138_89 U  27197  20383     25
  27386  1268        cutoff            834.0000      833.0000   934736    0.12%         x39_163 U  27386  27382     38
  27544  1164        cutoff            834.0000      833.0000   937119    0.12%         x91_143 D  27544  21584     43
  27701  1088      833.0000    76      834.0000      833.0000   939190    0.12%         x122_52 D  27701  27700     30
  27854   994        cutoff            834.0000      833.0000   941230    0.12%          x29_53 U  27854  27853     40
  28006   887        cutoff            834.0000      833.0000   943016    0.12%         x89_146 U  28006  28004     56
Elapsed time = 660.63 sec. (676925.57 ticks, tree = 6.79 MB, solutions = 1)
  28169   791        cutoff            834.0000      833.0000   944916    0.12%         x29_122 U  28169   5731     43
  28352   720        cutoff            834.0000      833.0000   947031    0.12%          x9_193 U  28352  15999     64
  28514   639        cutoff            834.0000      833.0000   949346    0.12%         x67_146 D  28514  28513     45
  28680   555        cutoff            834.0000      833.0000   950824    0.12%        x165_138 U  28680   4459     28
  28850   471        cutoff            834.0000      833.0000   952597    0.12%         x138_89 U  28850  28846     31
  29005   372        cutoff            834.0000      833.0000   954287    0.12%          x49_22 D  29005  21142     35
  29168   286        cutoff            834.0000      833.0000   956285    0.12%         x176_52 D  29168  24738     42
  29333   197        cutoff            834.0000      833.0000   957834    0.12%          x21_80 D  29333  29332     49
  29490    82        cutoff            834.0000      833.0000   959414    0.12%         x21_138 U  29490  27849     54

Zero-half cuts applied:  54
Gomory fractional cuts applied:  1
User cuts applied:  4840

Root node processing (before b&c):
  Real time             =    3.69 sec. (6576.88 ticks)
Sequential b&c:
  Real time             =  674.10 sec. (708709.14 ticks)
                          ------------
Total (root+branch&cut) =  677.79 sec. (715286.02 ticks)

