Version identifier: 22.1.0.0 | 2022-03-09 | 1a383f8ce
CPXPARAM_Preprocessing_Reduce                    1
CPXPARAM_Threads                                 1
CPXPARAM_Preprocessing_Reformulations            0
CPXPARAM_TimeLimit                               10800
CPXPARAM_MIP_Tolerances_AbsMIPGap                0.999
CPXPARAM_MIP_Limits_TreeMemory                   20000
Legacy callback                                  BbLUID
         Disabling repeat represolve because of lazy constraint/incumbent callback.
Tried aggregator 2 times.
MIP Presolve eliminated 139 rows and 21 columns.
MIP Presolve modified 69 coefficients.
Aggregator did 14 substitutions.
Reduced MIP has 218 rows, 389 columns, and 1053 nonzeros.
Reduced MIP has 389 binaries, 0 generals, 0 SOSs, and 0 indicators.
Presolve time = 0.00 sec. (0.62 ticks)
Probing changed sense of 2 constraints.
Probing time = 0.00 sec. (0.41 ticks)
Clique table members: 287.
MIP emphasis: balance optimality and feasibility.
MIP search method: traditional branch-and-cut.
Parallel mode: none, using 1 thread.
Root relaxation solution time = 0.00 sec. (0.53 ticks)

        Nodes                                         Cuts/
   Node  Left     Objective  IInf  Best Integer    Best Bound    ItCnt     Gap         Variable B NodeID Parent  Depth

      0     0      746.5000    18                    746.5000      101         
      0     0      760.3333    16                     Cuts: 9      104         
*     0     0      integral     0      762.0000      Cuts: 12      105    0.00%
      0     0        cutoff            762.0000      762.0000      105    0.00%                        0             0
Elapsed time = 0.03 sec. (13.83 ticks, tree = 0.01 MB, solutions = 1)

Cover cuts applied:  2
Zero-half cuts applied:  1
Lift and project cuts applied:  2
Gomory fractional cuts applied:  3
User cuts applied:  65

Root node processing (before b&c):
  Real time             =    0.03 sec. (13.84 ticks)
Sequential b&c:
  Real time             =    0.00 sec. (0.00 ticks)
                          ------------
Total (root+branch&cut) =    0.03 sec. (13.84 ticks)

