Version identifier: 22.1.0.0 | 2022-03-09 | 1a383f8ce
CPXPARAM_Preprocessing_Reduce                    1
CPXPARAM_Threads                                 1
CPXPARAM_Preprocessing_Reformulations            0
CPXPARAM_TimeLimit                               10800
CPXPARAM_MIP_Tolerances_AbsMIPGap                0.999
CPXPARAM_MIP_Limits_TreeMemory                   20000
Legacy callback                                  BbLUID
         Disabling repeat represolve because of lazy constraint/incumbent callback.
Tried aggregator 2 times.
MIP Presolve eliminated 2182 rows and 2 columns.
MIP Presolve modified 399 coefficients.
Aggregator did 7 substitutions.
Reduced MIP has 590 rows, 1584 columns, and 6037 nonzeros.
Reduced MIP has 1584 binaries, 0 generals, 0 SOSs, and 0 indicators.
Presolve time = 0.00 sec. (4.96 ticks)
Probing time = 0.00 sec. (2.29 ticks)
Clique table members: 603.
MIP emphasis: balance optimality and feasibility.
MIP search method: traditional branch-and-cut.
Parallel mode: none, using 1 thread.
Root relaxation solution time = 0.00 sec. (1.87 ticks)

        Nodes                                         Cuts/
   Node  Left     Objective  IInf  Best Integer    Best Bound    ItCnt     Gap         Variable B NodeID Parent  Depth

      0     0      702.0000    26                    677.0000      212         
      0     0      731.0000    26                    Cuts: 59      246         
      0     0      733.6667    53                    Cuts: 24      277         
      0     0      734.5000   114                    Cuts: 25      298         
      0     0      738.0000    53                    Cuts: 18      329         
      0     0      738.0000    35                     Cuts: 9      337         
      0     0      738.0000    24                    Cuts: 16      341         
      0     0      739.0000    38                     Cuts: 6      355         
      0     0      739.5000    24                    Cuts: 12      365         
      0     0      741.2500    63                     Cuts: 4      373         
      0     0      742.0000    36                    Cuts: 17      385         
      0     0      742.0000    42                    Cuts: 10      388         
      0     0      743.1800   131                    Cuts: 13      410         
      0     0      743.2857    60                    Cuts: 13      423         
      0     0      743.2910   165                 ZeroHalf: 7      444         
      0     0      743.2910   142                     User: 5      447         
      0     0      743.2910   143                     User: 8      449         
      0     0      743.2910   136                     User: 3      449         
      0     0      743.2913   134                     User: 1      451         
*     0+    0                          752.0000      743.2913             1.16%
      0     2      743.2973    69      752.0000      743.3306      451    1.15%                        0             0
Elapsed time = 0.39 sec. (418.11 ticks, tree = 0.01 MB, solutions = 1)
*     2     1      integral     0      744.0000      744.0000      508    0.00%

Cover cuts applied:  1
Zero-half cuts applied:  19
Gomory fractional cuts applied:  1
User cuts applied:  459

Root node processing (before b&c):
  Real time             =    0.39 sec. (417.81 ticks)
Sequential b&c:
  Real time             =    0.01 sec. (7.85 ticks)
                          ------------
Total (root+branch&cut) =    0.40 sec. (425.66 ticks)

