Version identifier: 22.1.0.0 | 2022-03-09 | 1a383f8ce
CPXPARAM_Preprocessing_Reduce                    1
CPXPARAM_Threads                                 1
CPXPARAM_Preprocessing_Reformulations            0
CPXPARAM_TimeLimit                               10800
CPXPARAM_MIP_Tolerances_AbsMIPGap                0.999
CPXPARAM_MIP_Limits_TreeMemory                   20000
Legacy callback                                  BbLUID
         Disabling repeat represolve because of lazy constraint/incumbent callback.
Tried aggregator 3 times.
MIP Presolve eliminated 568 rows and 8 columns.
MIP Presolve modified 182 coefficients.
Aggregator did 7 substitutions.
Reduced MIP has 364 rows, 851 columns, and 2643 nonzeros.
Reduced MIP has 851 binaries, 0 generals, 0 SOSs, and 0 indicators.
Presolve time = 0.00 sec. (1.96 ticks)
Probing time = 0.00 sec. (1.21 ticks)
Clique table members: 402.
MIP emphasis: balance optimality and feasibility.
MIP search method: traditional branch-and-cut.
Parallel mode: none, using 1 thread.
Root relaxation solution time = 0.00 sec. (1.37 ticks)

        Nodes                                         Cuts/
   Node  Left     Objective  IInf  Best Integer    Best Bound    ItCnt     Gap         Variable B NodeID Parent  Depth

      0     0      750.0000    14                    725.0000      143         
      0     0      760.3333    22                    Cuts: 15      160         
      0     0      765.5000    12                    Cuts: 19      168         
      0     0      768.5000    30                    Cuts: 10      173         
      0     0      769.0000    20                     Cuts: 7      178         
      0     0      769.0000    24                     Cuts: 6      181         
      0     0      769.0000    14                 ZeroHalf: 1      186         
*     0+    0                          773.0000      769.0000             0.52%
      0     0      769.0000    18      773.0000   ZeroHalf: 3      187    0.52%
      0     0      769.0000    14      773.0000       User: 4      189    0.52%
*     0+    0                          771.0000      769.0000             0.26%
*     0+    0                          770.0000      769.0000             0.13%
      0     0        cutoff            770.0000      769.0000      193    0.13%                        0             0
Elapsed time = 0.12 sec. (96.76 ticks, tree = 0.01 MB, solutions = 3)

Cover cuts applied:  1
Zero-half cuts applied:  15
Lift and project cuts applied:  1
Gomory fractional cuts applied:  2
User cuts applied:  154

Root node processing (before b&c):
  Real time             =    0.12 sec. (96.80 ticks)
Sequential b&c:
  Real time             =    0.00 sec. (0.00 ticks)
                          ------------
Total (root+branch&cut) =    0.12 sec. (96.80 ticks)

