Version identifier: 22.1.0.0 | 2022-03-09 | 1a383f8ce
CPXPARAM_Preprocessing_Reduce                    1
CPXPARAM_Threads                                 1
CPXPARAM_Preprocessing_Reformulations            0
CPXPARAM_TimeLimit                               10800
CPXPARAM_MIP_Tolerances_AbsMIPGap                0.999
CPXPARAM_MIP_Limits_TreeMemory                   20000
Legacy callback                                  BbLUID
         Disabling repeat represolve because of lazy constraint/incumbent callback.
Tried aggregator 2 times.
MIP Presolve eliminated 595 rows and 9 columns.
MIP Presolve modified 193 coefficients.
Aggregator did 5 substitutions.
Reduced MIP has 375 rows, 940 columns, and 2915 nonzeros.
Reduced MIP has 940 binaries, 0 generals, 0 SOSs, and 0 indicators.
Presolve time = 0.00 sec. (1.81 ticks)
Probing time = 0.00 sec. (1.40 ticks)
Clique table members: 377.
MIP emphasis: balance optimality and feasibility.
MIP search method: traditional branch-and-cut.
Parallel mode: none, using 1 thread.
Root relaxation solution time = 0.00 sec. (1.09 ticks)

        Nodes                                         Cuts/
   Node  Left     Objective  IInf  Best Integer    Best Bound    ItCnt     Gap         Variable B NodeID Parent  Depth

      0     0      678.0000     9                    660.0000      144         
      0     0      691.0000     8                    Cuts: 14      156         
      0     0      696.5000    14                     Cuts: 8      167         
      0     0      698.1667    24                     Cuts: 8      172         
      0     0      699.0000    12                    Cuts: 10      180         
*     0+    0                          699.0000      699.0000             0.00%
      0     0        cutoff            699.0000      699.0000      180    0.00%                        0             0
Elapsed time = 0.06 sec. (46.42 ticks, tree = 0.01 MB, solutions = 1)

Zero-half cuts applied:  4
Gomory fractional cuts applied:  3
User cuts applied:  128

Root node processing (before b&c):
  Real time             =    0.06 sec. (46.45 ticks)
Sequential b&c:
  Real time             =    0.00 sec. (0.00 ticks)
                          ------------
Total (root+branch&cut) =    0.06 sec. (46.45 ticks)

