Version identifier: 22.1.0.0 | 2022-03-09 | 1a383f8ce
CPXPARAM_Preprocessing_Reduce                    1
CPXPARAM_Threads                                 1
CPXPARAM_Preprocessing_Reformulations            0
CPXPARAM_TimeLimit                               10800
CPXPARAM_MIP_Tolerances_AbsMIPGap                0.999
CPXPARAM_MIP_Limits_TreeMemory                   20000
Legacy callback                                  BbLUID
         Disabling repeat represolve because of lazy constraint/incumbent callback.
Tried aggregator 2 times.
MIP Presolve eliminated 2064 rows and 7 columns.
MIP Presolve modified 331 coefficients.
Aggregator did 6 substitutions.
Reduced MIP has 516 rows, 1600 columns, and 5826 nonzeros.
Reduced MIP has 1600 binaries, 0 generals, 0 SOSs, and 0 indicators.
Presolve time = 0.00 sec. (4.81 ticks)
Probing time = 0.00 sec. (2.33 ticks)
Clique table members: 581.
MIP emphasis: balance optimality and feasibility.
MIP search method: traditional branch-and-cut.
Parallel mode: none, using 1 thread.
Root relaxation solution time = 0.00 sec. (1.89 ticks)

        Nodes                                         Cuts/
   Node  Left     Objective  IInf  Best Integer    Best Bound    ItCnt     Gap         Variable B NodeID Parent  Depth

      0     0      752.0000    22                    698.0000      209         
      0     0      763.0000    12                    User: 18      236         
      0     0      764.0000    12                    Cuts: 11      240         
*     0     0      integral     0      764.0000   ZeroHalf: 2      241    0.00%
      0     0        cutoff            764.0000      764.0000      241    0.00%                        0             0
Elapsed time = 0.08 sec. (46.59 ticks, tree = 0.01 MB, solutions = 1)

Zero-half cuts applied:  9
Gomory fractional cuts applied:  4
User cuts applied:  249

Root node processing (before b&c):
  Real time             =    0.08 sec. (46.64 ticks)
Sequential b&c:
  Real time             =    0.00 sec. (0.00 ticks)
                          ------------
Total (root+branch&cut) =    0.08 sec. (46.64 ticks)

