Version identifier: 22.1.0.0 | 2022-03-09 | 1a383f8ce
CPXPARAM_Preprocessing_Reduce                    1
CPXPARAM_Threads                                 1
CPXPARAM_Preprocessing_Reformulations            0
CPXPARAM_TimeLimit                               10800
CPXPARAM_MIP_Tolerances_AbsMIPGap                0.999
CPXPARAM_MIP_Limits_TreeMemory                   20000
Legacy callback                                  BbLUID
         Disabling repeat represolve because of lazy constraint/incumbent callback.
Tried aggregator 2 times.
MIP Presolve eliminated 2713 rows and 1 columns.
MIP Presolve modified 409 coefficients.
Aggregator did 9 substitutions.
Reduced MIP has 599 rows, 1887 columns, and 7012 nonzeros.
Reduced MIP has 1887 binaries, 0 generals, 0 SOSs, and 0 indicators.
Presolve time = 0.00 sec. (5.85 ticks)
Probing time = 0.00 sec. (2.39 ticks)
Clique table members: 599.
MIP emphasis: balance optimality and feasibility.
MIP search method: traditional branch-and-cut.
Parallel mode: none, using 1 thread.
Root relaxation solution time = 0.00 sec. (1.97 ticks)

        Nodes                                         Cuts/
   Node  Left     Objective  IInf  Best Integer    Best Bound    ItCnt     Gap         Variable B NodeID Parent  Depth

      0     0      623.5000    34                    587.0000      200         
      0     0      637.0000    59                    Cuts: 52      267         
      0     0      640.0000    16                    Cuts: 33      288         
      0     0      643.5000    42                    Cuts: 46      313         
      0     0      645.6429    35                    Cuts: 13      326         
      0     0      648.5000    25                     Cuts: 9      340         
      0     0      648.8333    33                    Cuts: 13      352         
      0     0      649.0000    20                    Cuts: 13      356         
      0     0      651.7500    73                    Cuts: 14      387         
      0     0      652.5000    22                    Cuts: 25      401         
      0     0      653.0000    34                     User: 1      407         
      0     0      653.5000    60                 ZeroHalf: 3      411         
      0     0      653.5000    26                    Cuts: 10      414         
      0     0      653.5000    12                     Cuts: 2      416         
      0     0      653.5000    35                     Cuts: 2      426         
      0     0      653.6000    27                 ZeroHalf: 1      434         
      0     0      653.6250    44                ZeroHalf: 12      449         
*     0+    0                          658.0000      653.6250             0.66%
*     0+    0                          655.0000      653.6250             0.21%
      0     0        cutoff            655.0000      653.6250      449    0.21%                        0             0
Elapsed time = 0.15 sec. (190.03 ticks, tree = 0.01 MB, solutions = 2)

Zero-half cuts applied:  35
Gomory fractional cuts applied:  3
User cuts applied:  361

Root node processing (before b&c):
  Real time             =    0.15 sec. (190.10 ticks)
Sequential b&c:
  Real time             =    0.00 sec. (0.00 ticks)
                          ------------
Total (root+branch&cut) =    0.15 sec. (190.10 ticks)

