Version identifier: 22.1.0.0 | 2022-03-09 | 1a383f8ce
CPXPARAM_Preprocessing_Reduce                    1
CPXPARAM_Threads                                 1
CPXPARAM_Preprocessing_Reformulations            0
CPXPARAM_TimeLimit                               10800
CPXPARAM_MIP_Tolerances_AbsMIPGap                0.999
CPXPARAM_MIP_Limits_TreeMemory                   20000
Legacy callback                                  BbLUID
         Disabling repeat represolve because of lazy constraint/incumbent callback.
Tried aggregator 2 times.
MIP Presolve eliminated 827 rows and 1 columns.
MIP Presolve modified 213 coefficients.
Aggregator did 8 substitutions.
Reduced MIP has 411 rows, 1058 columns, and 3325 nonzeros.
Reduced MIP has 1058 binaries, 0 generals, 0 SOSs, and 0 indicators.
Presolve time = 0.00 sec. (2.27 ticks)
Probing time = 0.00 sec. (1.62 ticks)
Clique table members: 417.
MIP emphasis: balance optimality and feasibility.
MIP search method: traditional branch-and-cut.
Parallel mode: none, using 1 thread.
Root relaxation solution time = 0.00 sec. (1.45 ticks)

        Nodes                                         Cuts/
   Node  Left     Objective  IInf  Best Integer    Best Bound    ItCnt     Gap         Variable B NodeID Parent  Depth

      0     0      635.8333    31                    583.0000      143         
      0     0      644.0000    20                    Cuts: 64      166         
      0     0      644.2000    51                    Cuts: 11      167         
      0     0      645.0000    41                    Cuts: 18      179         
      0     0      645.2000    49                    Cuts: 23      191         
      0     0      645.3333    37                    Cuts: 22      199         
      0     0      645.6000    40                    Cuts: 18      207         
      0     0      645.6667    26                    Cuts: 12      211         
      0     0      646.3333    60                    Cuts: 21      222         
      0     0      646.4259    89                    Cuts: 18      237         
      0     0      647.0000    30                    Cuts: 10      253         
      0     0      647.0000    49                     Cuts: 6      257         
      0     0      647.0000    16                 ZeroHalf: 5      270         
      0     0      647.1667    36                     Cuts: 5      282         
      0     0      647.5000    12                    Cuts: 14      295         
      0     0      647.6667    67                     Cuts: 7      309         
      0     0      648.0000    43                 ZeroHalf: 5      319         
      0     0      648.5000    12                    Cuts: 26      321         
*     0+    0                          651.0000      648.5000             0.38%
      0     1      650.0000    22      651.0000      650.0000      337    0.15%                        0             0
Elapsed time = 0.24 sec. (240.28 ticks, tree = 0.01 MB, solutions = 1)

Clique cuts applied:  1
Cover cuts applied:  4
Zero-half cuts applied:  54
Lift and project cuts applied:  1
Gomory fractional cuts applied:  1
User cuts applied:  242

Root node processing (before b&c):
  Real time             =    0.24 sec. (234.93 ticks)
Sequential b&c:
  Real time             =    0.00 sec. (6.73 ticks)
                          ------------
Total (root+branch&cut) =    0.24 sec. (241.66 ticks)

