Version identifier: 22.1.0.0 | 2022-03-09 | 1a383f8ce
CPXPARAM_Preprocessing_Reduce                    1
CPXPARAM_Threads                                 1
CPXPARAM_Preprocessing_Reformulations            0
CPXPARAM_TimeLimit                               10800
CPXPARAM_MIP_Tolerances_AbsMIPGap                0.999
CPXPARAM_MIP_Limits_TreeMemory                   20000
Legacy callback                                  BbLUID
         Disabling repeat represolve because of lazy constraint/incumbent callback.
Tried aggregator 2 times.
MIP Presolve eliminated 193 rows and 27 columns.
MIP Presolve modified 78 coefficients.
Aggregator did 31 substitutions.
Reduced MIP has 202 rows, 388 columns, and 1085 nonzeros.
Reduced MIP has 388 binaries, 0 generals, 0 SOSs, and 0 indicators.
Presolve time = 0.00 sec. (0.72 ticks)
Probing time = 0.00 sec. (0.46 ticks)
Clique table members: 260.
MIP emphasis: balance optimality and feasibility.
MIP search method: traditional branch-and-cut.
Parallel mode: none, using 1 thread.
Root relaxation solution time = 0.00 sec. (0.45 ticks)

        Nodes                                         Cuts/
   Node  Left     Objective  IInf  Best Integer    Best Bound    ItCnt     Gap         Variable B NodeID Parent  Depth

      0     0      750.0000     6                    750.0000      117         
      0     2      772.5000    29                    773.0000      117                                 0             0
Elapsed time = 0.05 sec. (20.49 ticks, tree = 0.01 MB, solutions = 0)
*    38     1      integral     0      774.0000      773.2000      342    0.10%

User cuts applied:  222

Root node processing (before b&c):
  Real time             =    0.05 sec. (20.50 ticks)
Sequential b&c:
  Real time             =    0.32 sec. (48.06 ticks)
                          ------------
Total (root+branch&cut) =    0.37 sec. (68.56 ticks)

