Version identifier: 22.1.0.0 | 2022-03-09 | 1a383f8ce
CPXPARAM_Preprocessing_Reduce                    1
CPXPARAM_Threads                                 1
CPXPARAM_Preprocessing_Reformulations            0
CPXPARAM_TimeLimit                               10800
CPXPARAM_MIP_Tolerances_AbsMIPGap                0.999
CPXPARAM_MIP_Limits_TreeMemory                   20000
Legacy callback                                  BbLUID
         Disabling repeat represolve because of lazy constraint/incumbent callback.
Tried aggregator 2 times.
MIP Presolve eliminated 2584 rows and 3 columns.
MIP Presolve modified 484 coefficients.
Aggregator did 4 substitutions.
Reduced MIP has 777 rows, 2241 columns, and 7792 nonzeros.
Reduced MIP has 2241 binaries, 0 generals, 0 SOSs, and 0 indicators.
Presolve time = 0.00 sec. (6.01 ticks)
Probing time = 0.00 sec. (2.40 ticks)
Clique table members: 832.
MIP emphasis: balance optimality and feasibility.
MIP search method: traditional branch-and-cut.
Parallel mode: none, using 1 thread.
Root relaxation solution time = 0.00 sec. (3.17 ticks)

        Nodes                                         Cuts/
   Node  Left     Objective  IInf  Best Integer    Best Bound    ItCnt     Gap         Variable B NodeID Parent  Depth

      0     0      686.0000     6                    686.0000      341         
      0     0      727.0000     8                    Cuts: 20      360         
*     0     0      integral     0      727.0000       Cuts: 7      363    0.00%
      0     0        cutoff            727.0000      727.0000      363    0.00%                        0             0
Elapsed time = 0.11 sec. (47.98 ticks, tree = 0.01 MB, solutions = 1)

Zero-half cuts applied:  7
Lift and project cuts applied:  1
Gomory fractional cuts applied:  5
User cuts applied:  197

Root node processing (before b&c):
  Real time             =    0.11 sec. (48.05 ticks)
Sequential b&c:
  Real time             =    0.00 sec. (0.00 ticks)
                          ------------
Total (root+branch&cut) =    0.11 sec. (48.05 ticks)

