Version identifier: 22.1.0.0 | 2022-03-09 | 1a383f8ce
CPXPARAM_Preprocessing_Reduce                    1
CPXPARAM_Threads                                 1
CPXPARAM_Preprocessing_Reformulations            0
CPXPARAM_TimeLimit                               10800
CPXPARAM_MIP_Tolerances_AbsMIPGap                0.999
CPXPARAM_MIP_Limits_TreeMemory                   20000
Legacy callback                                  BbLUID
         Disabling repeat represolve because of lazy constraint/incumbent callback.
Tried aggregator 2 times.
MIP Presolve eliminated 816 rows and 16 columns.
MIP Presolve modified 290 coefficients.
Aggregator did 21 substitutions.
Reduced MIP has 644 rows, 1500 columns, and 4391 nonzeros.
Reduced MIP has 1500 binaries, 0 generals, 0 SOSs, and 0 indicators.
Presolve time = 0.00 sec. (2.77 ticks)
Probing changed sense of 4 constraints.
Probing time = 0.00 sec. (2.04 ticks)
Clique table members: 713.
MIP emphasis: balance optimality and feasibility.
MIP search method: traditional branch-and-cut.
Parallel mode: none, using 1 thread.
Root relaxation solution time = 0.00 sec. (2.26 ticks)

        Nodes                                         Cuts/
   Node  Left     Objective  IInf  Best Integer    Best Bound    ItCnt     Gap         Variable B NodeID Parent  Depth

      0     0      927.5000    20                    927.5000      244         
      0     0      974.5000    18                    Cuts: 58      288         
      0     0      977.0000    10                    Cuts: 23      296         
      0     0      977.5000    28                     Cuts: 7      313         
      0     0      978.5000    38                    Cuts: 16      320         
      0     0      978.5714    29                     Cuts: 4      326         
      0     0      979.0000    18                     Cuts: 8      331         
      0     0      979.3333    20                     Cuts: 9      335         
      0     0      980.6000    42                     Cuts: 5      346         
      0     0      980.6000    47                    Cuts: 19      351         
      0     0      981.1250    30                 ZeroHalf: 5      357         
      0     0      981.5238    35                     Cuts: 7      362         
      0     0      982.0000    26                 ZeroHalf: 8      366         
      0     0      982.0000    23                 ZeroHalf: 6      369         
      0     0      982.0000     8                     User: 4      369         
      0     0      982.0000    26                     User: 1      384         
      0     0      982.4286    20                     User: 1      389         
*     0+    0                          984.0000      982.4286             0.16%
      0     0        cutoff            984.0000      982.4286      390    0.16%                        0             0
Elapsed time = 0.32 sec. (163.73 ticks, tree = 0.01 MB, solutions = 1)

Clique cuts applied:  1
Zero-half cuts applied:  35
Lift and project cuts applied:  1
Gomory fractional cuts applied:  2
User cuts applied:  281

Root node processing (before b&c):
  Real time             =    0.32 sec. (163.78 ticks)
Sequential b&c:
  Real time             =    0.00 sec. (0.00 ticks)
                          ------------
Total (root+branch&cut) =    0.32 sec. (163.78 ticks)

