Version identifier: 22.1.0.0 | 2022-03-09 | 1a383f8ce
CPXPARAM_Preprocessing_Reduce                    1
CPXPARAM_Threads                                 1
CPXPARAM_Preprocessing_Reformulations            0
CPXPARAM_TimeLimit                               10800
CPXPARAM_MIP_Tolerances_AbsMIPGap                0.999
CPXPARAM_MIP_Limits_TreeMemory                   20000
Legacy callback                                  BbLUID
         Disabling repeat represolve because of lazy constraint/incumbent callback.
Tried aggregator 2 times.
MIP Presolve eliminated 3806 rows and 2 columns.
MIP Presolve modified 707 coefficients.
Aggregator did 8 substitutions.
Reduced MIP has 1103 rows, 3177 columns, and 11148 nonzeros.
Reduced MIP has 3177 binaries, 0 generals, 0 SOSs, and 0 indicators.
Presolve time = 0.01 sec. (8.79 ticks)
Probing time = 0.00 sec. (2.62 ticks)
Clique table members: 1121.
MIP emphasis: balance optimality and feasibility.
MIP search method: traditional branch-and-cut.
Parallel mode: none, using 1 thread.
Root relaxation solution time = 0.00 sec. (5.83 ticks)

        Nodes                                         Cuts/
   Node  Left     Objective  IInf  Best Integer    Best Bound    ItCnt     Gap         Variable B NodeID Parent  Depth

      0     0      840.5000    22                    840.5000      466         
      0     0      930.0000    74                   Cuts: 141      569         
      0     0      934.5000    72                    Cuts: 85      634         
      0     0      935.6500   118                    Cuts: 43      678         
      0     0      936.1667   112                    Cuts: 29      698         
      0     0      936.8667   133                    Cuts: 25      735         
      0     0      938.5000    91                    Cuts: 29      753         
      0     0      938.6000   126                    Cuts: 18      778         
      0     0      938.6364   133                    Cuts: 23      797         
      0     0      939.0000    44                    Cuts: 20      819         
      0     0      939.3333   112                    Cuts: 27      858         
      0     0      939.5000   101                    Cuts: 32      884         
      0     0      940.0568   132                    Cuts: 26      938         
      0     0      940.5256   118                    Cuts: 19      958         
      0     0      941.1250   109                    Cuts: 30      983         
      0     0      941.8750    48                    Cuts: 22     1020         
      0     0      942.0000    40                    Cuts: 11     1024         
      0     0      944.2308    88                     User: 6     1069         
      0     0      944.2308    72                    User: 10     1076         
      0     0      945.2308    66                    User: 12     1098         
      0     0      945.2308    86                     User: 8     1113         
      0     0      945.2500    52                     User: 2     1117         
      0     0      945.2500    50                     User: 9     1130         
      0     0      945.2500    53                     User: 2     1137         
      0     0      945.2500    78                     User: 1     1143         
      0     0      945.2500    57                     User: 7     1143         
      0     0      945.2500    94                     User: 1     1149         
      0     0      945.2500    84                     User: 2     1157         
      0     0      945.2500    94                     User: 7     1174         
      0     2      946.3333   121                    946.3929     1174                                 0             0
Elapsed time = 0.98 sec. (1162.89 ticks, tree = 0.01 MB, solutions = 0)
     13    15      955.5000    70                    947.0000     1514                  x143_74 D     13     11      9
*    18    13      integral     0      957.0000      947.0000     1546    1.04%
     42    23      951.5000   112      957.0000      948.2500     2142    0.91%        x193_136 D     42     41     10
*    68    12      integral     0      952.0000      948.5833     2621    0.36%
*    91     1      integral     0      951.0000      951.0000     2750    0.00%

Cover cuts applied:  2
Zero-half cuts applied:  35
Gomory fractional cuts applied:  3
User cuts applied:  950

Root node processing (before b&c):
  Real time             =    0.98 sec. (1162.98 ticks)
Sequential b&c:
  Real time             =    1.37 sec. (685.78 ticks)
                          ------------
Total (root+branch&cut) =    2.35 sec. (1848.76 ticks)

