Version identifier: 22.1.0.0 | 2022-03-09 | 1a383f8ce
CPXPARAM_Preprocessing_Reduce                    1
CPXPARAM_Threads                                 1
CPXPARAM_Preprocessing_Reformulations            0
CPXPARAM_TimeLimit                               10800
CPXPARAM_MIP_Tolerances_AbsMIPGap                0.999
CPXPARAM_MIP_Limits_TreeMemory                   20000
Legacy callback                                  BbLUID
         Disabling repeat represolve because of lazy constraint/incumbent callback.
Tried aggregator 2 times.
MIP Presolve eliminated 4949 rows and 3 columns.
MIP Presolve modified 735 coefficients.
Aggregator did 15 substitutions.
Reduced MIP has 1116 rows, 3430 columns, and 12540 nonzeros.
Reduced MIP has 3430 binaries, 0 generals, 0 SOSs, and 0 indicators.
Presolve time = 0.01 sec. (10.74 ticks)
Probing time = 0.00 sec. (2.71 ticks)
Clique table members: 1190.
MIP emphasis: balance optimality and feasibility.
MIP search method: traditional branch-and-cut.
Parallel mode: none, using 1 thread.
Root relaxation solution time = 0.00 sec. (5.26 ticks)

        Nodes                                         Cuts/
   Node  Left     Objective  IInf  Best Integer    Best Bound    ItCnt     Gap         Variable B NodeID Parent  Depth

      0     0      951.5000    12                    916.0000      428         
      0     0      976.0000    28                    Cuts: 10      448         
      0     0      976.0000    30                    Cuts: 13      460         
      0     0      976.0000    20                     Cuts: 3      466         
      0     0      976.1667    48                     Cuts: 4      475         
      0     0      976.5000    16                    Cuts: 14      492         
      0     0      978.0000    64                    Cuts: 22      511         
      0     0      978.0000    30                    Cuts: 10      526         
      0     0      978.1765    39                     Cuts: 9      547         
      0     0      978.4500    57                     Cuts: 9      556         
      0     0      978.6897    90                ZeroHalf: 10      570         
      0     0      978.9538    73                    Cuts: 11      590         
      0     0      979.0833    59                 ZeroHalf: 7      593         
      0     0      979.6667    82                    Cuts: 28      611         
      0     0      980.1500    84                ZeroHalf: 14      629         
      0     0      980.3500    55                    Cuts: 21      642         
      0     0      980.3929    86                 ZeroHalf: 3      654         
      0     0      980.7500    23                 ZeroHalf: 5      658         
      0     0      981.0000    17                 ZeroHalf: 1      663         
      0     0      981.0000     8                ZeroHalf: 11      664         
*     0+    0                          986.0000      981.0000             0.51%
      0     2      981.0000     8      986.0000      981.0000      664    0.51%                        0             0
Elapsed time = 0.52 sec. (324.36 ticks, tree = 0.01 MB, solutions = 1)
*     2     1      integral     0      981.0000      981.0000      668    0.00%

Zero-half cuts applied:  41
Gomory fractional cuts applied:  3
User cuts applied:  435

Root node processing (before b&c):
  Real time             =    0.52 sec. (324.37 ticks)
Sequential b&c:
  Real time             =    0.03 sec. (6.97 ticks)
                          ------------
Total (root+branch&cut) =    0.55 sec. (331.34 ticks)

