Version identifier: 22.1.0.0 | 2022-03-09 | 1a383f8ce
CPXPARAM_Preprocessing_Reduce                    1
CPXPARAM_Threads                                 1
CPXPARAM_Preprocessing_Reformulations            0
CPXPARAM_TimeLimit                               10800
CPXPARAM_MIP_Tolerances_AbsMIPGap                0.999
CPXPARAM_MIP_Limits_TreeMemory                   20000
Legacy callback                                  BbLUID
         Disabling repeat represolve because of lazy constraint/incumbent callback.
Tried aggregator 2 times.
MIP Presolve eliminated 3907 rows and 1 columns.
MIP Presolve modified 731 coefficients.
Aggregator did 10 substitutions.
Reduced MIP has 1120 rows, 3213 columns, and 11504 nonzeros.
Reduced MIP has 3213 binaries, 0 generals, 0 SOSs, and 0 indicators.
Presolve time = 0.01 sec. (9.20 ticks)
Probing time = 0.00 sec. (2.59 ticks)
Clique table members: 1140.
MIP emphasis: balance optimality and feasibility.
MIP search method: traditional branch-and-cut.
Parallel mode: none, using 1 thread.
Root relaxation solution time = 0.00 sec. (5.62 ticks)

        Nodes                                         Cuts/
   Node  Left     Objective  IInf  Best Integer    Best Bound    ItCnt     Gap         Variable B NodeID Parent  Depth

      0     0      903.5000    28                    828.0000      455         
      0     0      917.5000    55                    Cuts: 64      553         
      0     0      923.0000     8                    Cuts: 54      573         
      0     0      925.0000    10                     Cuts: 8      587         
      0     0      926.0000    18                     Cuts: 5      597         
      0     0      926.1000    43                     Cuts: 9      617         
      0     0      928.0000    20                    Cuts: 18      645         
      0     0      928.0000    28                    Cuts: 17      648         
      0     0      928.0000    21                     Cuts: 5      652         
      0     0      930.0000    25                    Cuts: 10      658         
      0     0      930.1429    27                     Cuts: 6      665         
      0     0      930.2500    39                 ZeroHalf: 6      669         
      0     0      930.2857    30                     Cuts: 7      677         
      0     0      930.3333    17                     User: 6      678         
      0     0      930.3333    18                     User: 6      679         
      0     0      930.3333    17                     User: 4      679         
      0     2      931.1667    37                    931.1667      679                                 0             0
Elapsed time = 0.57 sec. (722.96 ticks, tree = 0.01 MB, solutions = 0)
*    21    21      integral     0      947.0000      932.7500      967    1.50%
     30    21        cutoff            947.0000      932.7500     1064    1.50%          x93_64 U     30     28     19
*    50     5      integral     0      935.0000      933.8333     1337    0.12%

Zero-half cuts applied:  24
Gomory fractional cuts applied:  2
User cuts applied:  626

Root node processing (before b&c):
  Real time             =    0.57 sec. (723.00 ticks)
Sequential b&c:
  Real time             =    0.93 sec. (356.59 ticks)
                          ------------
Total (root+branch&cut) =    1.51 sec. (1079.59 ticks)

