Version identifier: 22.1.0.0 | 2022-03-09 | 1a383f8ce
CPXPARAM_Preprocessing_Reduce                    1
CPXPARAM_Threads                                 1
CPXPARAM_Preprocessing_Reformulations            0
CPXPARAM_TimeLimit                               10800
CPXPARAM_MIP_Tolerances_AbsMIPGap                0.999
CPXPARAM_MIP_Limits_TreeMemory                   20000
Legacy callback                                  BbLUID
         Disabling repeat represolve because of lazy constraint/incumbent callback.
Tried aggregator 2 times.
MIP Presolve eliminated 512 rows and 16 columns.
MIP Presolve modified 226 coefficients.
Aggregator did 16 substitutions.
Reduced MIP has 592 rows, 1306 columns, and 3628 nonzeros.
Reduced MIP has 1306 binaries, 0 generals, 0 SOSs, and 0 indicators.
Presolve time = 0.00 sec. (2.16 ticks)
Probing changed sense of 2 constraints.
Probing time = 0.00 sec. (1.65 ticks)
Clique table members: 638.
MIP emphasis: balance optimality and feasibility.
MIP search method: traditional branch-and-cut.
Parallel mode: none, using 1 thread.
Root relaxation solution time = 0.00 sec. (2.40 ticks)

        Nodes                                         Cuts/
   Node  Left     Objective  IInf  Best Integer    Best Bound    ItCnt     Gap         Variable B NodeID Parent  Depth

      0     0      981.7500    17                    981.7500      381         
      0     0     1020.0000    16                     User: 3      389         
      0     0     1020.0000    12                    Cuts: 10      396         
      0     0     1020.0000    16                     Cuts: 8      398         
*     0+    0                         1023.0000     1020.0000             0.29%
      0     0     1020.0000    10     1023.0000       User: 3      399    0.29%
*     0     0      integral     0     1020.0000       Cuts: 7      402    0.00%
      0     0        cutoff           1020.0000     1020.0000      402    0.00%                        0             0
Elapsed time = 0.19 sec. (68.86 ticks, tree = 0.01 MB, solutions = 3)

Cover cuts applied:  1
Zero-half cuts applied:  16
Gomory fractional cuts applied:  2
User cuts applied:  160

Root node processing (before b&c):
  Real time             =    0.19 sec. (68.92 ticks)
Sequential b&c:
  Real time             =    0.00 sec. (0.00 ticks)
                          ------------
Total (root+branch&cut) =    0.19 sec. (68.92 ticks)

