Version identifier: 22.1.0.0 | 2022-03-09 | 1a383f8ce
CPXPARAM_Preprocessing_Reduce                    1
CPXPARAM_Threads                                 1
CPXPARAM_Preprocessing_Reformulations            0
CPXPARAM_TimeLimit                               10800
CPXPARAM_MIP_Tolerances_AbsMIPGap                0.999
CPXPARAM_MIP_Limits_TreeMemory                   20000
Legacy callback                                  BbLUID
         Disabling repeat represolve because of lazy constraint/incumbent callback.
Tried aggregator 2 times.
MIP Presolve eliminated 3421 rows and 10 columns.
MIP Presolve modified 661 coefficients.
Aggregator did 7 substitutions.
Reduced MIP has 1040 rows, 3030 columns, and 10675 nonzeros.
Reduced MIP has 3030 binaries, 0 generals, 0 SOSs, and 0 indicators.
Presolve time = 0.01 sec. (8.24 ticks)
Probing time = 0.00 sec. (2.55 ticks)
Clique table members: 1040.
MIP emphasis: balance optimality and feasibility.
MIP search method: traditional branch-and-cut.
Parallel mode: none, using 1 thread.
Root relaxation solution time = 0.00 sec. (4.13 ticks)

        Nodes                                         Cuts/
   Node  Left     Objective  IInf  Best Integer    Best Bound    ItCnt     Gap         Variable B NodeID Parent  Depth

      0     0     1007.5000    41                    951.0000      407         
      0     0     1017.0000    10                    Cuts: 85      477         
      0     0     1025.0000    18                    Cuts: 53      521         
      0     0     1031.3333    37                    Cuts: 29      540         
      0     0     1034.0000    22                    Cuts: 11      555         
      0     0     1036.0000    24                    Cuts: 10      557         
      0     0     1036.0000    14                    Cuts: 10      566         
      0     0     1036.3333    23                 ZeroHalf: 2      568         
      0     0     1036.3333    19                 ZeroHalf: 4      570         
      0     0     1036.5000    20                 ZeroHalf: 5      574         
*     0+    0                         1037.0000     1036.5000             0.05%
      0     0        cutoff           1037.0000     1036.5000      574    0.05%                        0             0
Elapsed time = 0.28 sec. (169.52 ticks, tree = 0.01 MB, solutions = 1)

Cover cuts applied:  1
Zero-half cuts applied:  19
Gomory fractional cuts applied:  3
User cuts applied:  481

Root node processing (before b&c):
  Real time             =    0.28 sec. (169.61 ticks)
Sequential b&c:
  Real time             =    0.00 sec. (0.00 ticks)
                          ------------
Total (root+branch&cut) =    0.28 sec. (169.61 ticks)

