Version identifier: 22.1.0.0 | 2022-03-09 | 1a383f8ce
CPXPARAM_Preprocessing_Reduce                    1
CPXPARAM_Threads                                 1
CPXPARAM_Preprocessing_Reformulations            0
CPXPARAM_TimeLimit                               10800
CPXPARAM_MIP_Tolerances_AbsMIPGap                0.999
CPXPARAM_MIP_Limits_TreeMemory                   20000
Legacy callback                                  BbLUID
         Disabling repeat represolve because of lazy constraint/incumbent callback.
Tried aggregator 1 time.
MIP Presolve eliminated 99 rows and 0 columns.
MIP Presolve modified 47 coefficients.
Reduced MIP has 89 rows, 186 columns, and 577 nonzeros.
Reduced MIP has 186 binaries, 0 generals, 0 SOSs, and 0 indicators.
Presolve time = 0.00 sec. (0.30 ticks)
Probing time = 0.00 sec. (0.26 ticks)
Clique table members: 94.
MIP emphasis: balance optimality and feasibility.
MIP search method: traditional branch-and-cut.
Parallel mode: none, using 1 thread.
Root relaxation solution time = 0.00 sec. (0.15 ticks)

        Nodes                                         Cuts/
   Node  Left     Objective  IInf  Best Integer    Best Bound    ItCnt     Gap         Variable B NodeID Parent  Depth

      0     0      298.5000    10                    223.0000       12         
      0     0      307.5000    16                     Cuts: 7       16         
      0     0      310.0000    30                    Cuts: 10       29         
      0     0      310.0000    32                     Cuts: 7       32         
*     0     0      integral     0      310.0000       Cuts: 7       38    0.00%
      0     0        cutoff            310.0000      310.0000       38    0.00%                        0             0
Elapsed time = 0.01 sec. (7.09 ticks, tree = 0.01 MB, solutions = 1)

Zero-half cuts applied:  7
Gomory fractional cuts applied:  1
User cuts applied:  62

Root node processing (before b&c):
  Real time             =    0.01 sec. (7.10 ticks)
Sequential b&c:
  Real time             =    0.00 sec. (0.00 ticks)
                          ------------
Total (root+branch&cut) =    0.01 sec. (7.10 ticks)

