Version identifier: 22.1.0.0 | 2022-03-09 | 1a383f8ce
CPXPARAM_Preprocessing_Reduce                    1
CPXPARAM_Threads                                 1
CPXPARAM_Preprocessing_Reformulations            0
CPXPARAM_TimeLimit                               10800
CPXPARAM_MIP_Tolerances_AbsMIPGap                0.999
CPXPARAM_MIP_Limits_TreeMemory                   20000
Legacy callback                                  BbLUID
         Disabling repeat represolve because of lazy constraint/incumbent callback.
Tried aggregator 2 times.
MIP Presolve eliminated 186 rows and 3 columns.
MIP Presolve modified 66 coefficients.
Aggregator did 7 substitutions.
Reduced MIP has 138 rows, 332 columns, and 975 nonzeros.
Reduced MIP has 332 binaries, 0 generals, 0 SOSs, and 0 indicators.
Presolve time = 0.00 sec. (0.61 ticks)
Probing time = 0.00 sec. (0.46 ticks)
Clique table members: 138.
MIP emphasis: balance optimality and feasibility.
MIP search method: traditional branch-and-cut.
Parallel mode: none, using 1 thread.
Root relaxation solution time = 0.00 sec. (0.35 ticks)

        Nodes                                         Cuts/
   Node  Left     Objective  IInf  Best Integer    Best Bound    ItCnt     Gap         Variable B NodeID Parent  Depth

      0     0      451.5000    18                    451.5000       48         
      0     0      483.5000    16                    Cuts: 28       72         
      0     0      484.0000     8                     Cuts: 4       75         
      0     0      484.2000    20                 ZeroHalf: 8       76         
      0     0      484.4000    16                    Cuts: 11       82         
      0     0      484.5000    12                 ZeroHalf: 9       89         
      0     0      484.5556    22                 ZeroHalf: 2       92         
      0     0      485.0000    22                 ZeroHalf: 4      100         
      0     0      485.0000    22                 ZeroHalf: 7      104         
      0     0      485.0000    18                     User: 1      112         
      0     2      485.0000    21                    485.0000      112                                 0             0
Elapsed time = 0.09 sec. (56.61 ticks, tree = 0.01 MB, solutions = 0)
*    67    20      integral     0      506.0000      485.0000      427    4.15%
*    83    26      integral     0      499.0000      485.2500      530    2.76%
*   229    79      integral     0      494.0000      488.0000     1331    1.21%
    299    37        cutoff            494.0000      490.5000     1767    0.71%          x12_13 U    299    164     14

Cover cuts applied:  2
Zero-half cuts applied:  5
Gomory fractional cuts applied:  2
User cuts applied:  412

Root node processing (before b&c):
  Real time             =    0.09 sec. (56.62 ticks)
Sequential b&c:
  Real time             =    0.61 sec. (255.20 ticks)
                          ------------
Total (root+branch&cut) =    0.70 sec. (311.82 ticks)

