Version identifier: 22.1.0.0 | 2022-03-09 | 1a383f8ce
CPXPARAM_Preprocessing_Reduce                    1
CPXPARAM_Threads                                 1
CPXPARAM_Preprocessing_Reformulations            0
CPXPARAM_TimeLimit                               10800
CPXPARAM_MIP_Tolerances_AbsMIPGap                0.999
CPXPARAM_MIP_Limits_TreeMemory                   20000
Legacy callback                                  BbLUID
         Disabling repeat represolve because of lazy constraint/incumbent callback.
Tried aggregator 1 time.
MIP Presolve eliminated 914 rows and 0 columns.
MIP Presolve modified 152 coefficients.
Reduced MIP has 234 rows, 674 columns, and 2422 nonzeros.
Reduced MIP has 674 binaries, 0 generals, 0 SOSs, and 0 indicators.
Presolve time = 0.00 sec. (1.78 ticks)
Probing time = 0.00 sec. (1.40 ticks)
Clique table members: 236.
MIP emphasis: balance optimality and feasibility.
MIP search method: traditional branch-and-cut.
Parallel mode: none, using 1 thread.
Root relaxation solution time = 0.00 sec. (0.55 ticks)

        Nodes                                         Cuts/
   Node  Left     Objective  IInf  Best Integer    Best Bound    ItCnt     Gap         Variable B NodeID Parent  Depth

      0     0      340.5000    18                    308.0000       61         
      0     0      365.5000    44                    Cuts: 23       82         
      0     0      366.5000    32                    Cuts: 10       86         
      0     0      368.0000    43                    Cuts: 10      108         
      0     0      373.3333    36                    Cuts: 10      139         
      0     0      373.5000    16                    Cuts: 13      143         
*     0+    0                          381.0000      373.5000             1.97%
      0     0      373.5000    22      381.0000   ZeroHalf: 4      147    1.97%
      0     0      373.6250    61      381.0000   ZeroHalf: 3      150    1.94%
      0     0      374.0000    14      381.0000   ZeroHalf: 9      156    1.84%
      0     0      374.1111    65      381.0000   ZeroHalf: 4      167    1.81%
      0     0      375.5000    64      381.0000      Cuts: 16      183    1.44%
      0     0      376.0000    20      381.0000      Cuts: 22      192    1.31%
      0     0      376.0909    76      381.0000   ZeroHalf: 1      193    1.29%
      0     0      376.2500    73      381.0000   ZeroHalf: 2      198    1.25%
      0     0      376.5000    52      381.0000  ZeroHalf: 18      210    1.18%
      0     0      376.6667    34      381.0000   ZeroHalf: 9      222    1.14%
      0     0      376.6667    48      381.0000  ZeroHalf: 11      232    1.14%
*     0     0      integral     0      377.0000      376.6667      240    0.09%
      0     0      377.0000     0      377.0000      377.0000      240    0.00%                        0             0
Elapsed time = 0.10 sec. (109.75 ticks, tree = 0.01 MB, solutions = 2)

Zero-half cuts applied:  20
User cuts applied:  177

Root node processing (before b&c):
  Real time             =    0.10 sec. (108.73 ticks)
Sequential b&c:
  Real time             =    0.00 sec. (1.05 ticks)
                          ------------
Total (root+branch&cut) =    0.10 sec. (109.78 ticks)

