Version identifier: 22.1.0.0 | 2022-03-09 | 1a383f8ce
CPXPARAM_Preprocessing_Reduce                    1
CPXPARAM_Threads                                 1
CPXPARAM_Preprocessing_Reformulations            0
CPXPARAM_TimeLimit                               10800
CPXPARAM_MIP_Tolerances_AbsMIPGap                0.999
CPXPARAM_MIP_Limits_TreeMemory                   20000
Legacy callback                                  BbLUID
         Disabling repeat represolve because of lazy constraint/incumbent callback.
Tried aggregator 2 times.
MIP Presolve eliminated 123 rows and 4 columns.
MIP Presolve modified 48 coefficients.
Aggregator did 4 substitutions.
Reduced MIP has 125 rows, 297 columns, and 829 nonzeros.
Reduced MIP has 297 binaries, 0 generals, 0 SOSs, and 0 indicators.
Presolve time = 0.00 sec. (0.48 ticks)
Probing time = 0.00 sec. (0.40 ticks)
Clique table members: 145.
MIP emphasis: balance optimality and feasibility.
MIP search method: traditional branch-and-cut.
Parallel mode: none, using 1 thread.
Root relaxation solution time = 0.00 sec. (0.28 ticks)

        Nodes                                         Cuts/
   Node  Left     Objective  IInf  Best Integer    Best Bound    ItCnt     Gap         Variable B NodeID Parent  Depth

      0     0      375.5000     8                    375.5000       48         
      0     0      407.5000    10                     User: 6       53         
*     0     0      integral     0      408.0000      Cuts: 10       54    0.00%
      0     0        cutoff            408.0000      408.0000       54    0.00%                        0             0
Elapsed time = 0.02 sec. (9.40 ticks, tree = 0.01 MB, solutions = 1)

Zero-half cuts applied:  1
Gomory fractional cuts applied:  1
User cuts applied:  71

Root node processing (before b&c):
  Real time             =    0.02 sec. (9.41 ticks)
Sequential b&c:
  Real time             =    0.00 sec. (0.00 ticks)
                          ------------
Total (root+branch&cut) =    0.02 sec. (9.41 ticks)

