Version identifier: 22.1.0.0 | 2022-03-09 | 1a383f8ce
CPXPARAM_Preprocessing_Reduce                    1
CPXPARAM_Threads                                 1
CPXPARAM_Preprocessing_Reformulations            0
CPXPARAM_TimeLimit                               10800
CPXPARAM_MIP_Tolerances_AbsMIPGap                0.999
CPXPARAM_MIP_Limits_TreeMemory                   20000
Legacy callback                                  BbLUID
         Disabling repeat represolve because of lazy constraint/incumbent callback.
Tried aggregator 2 times.
MIP Presolve eliminated 245 rows and 2 columns.
MIP Presolve modified 82 coefficients.
Aggregator did 2 substitutions.
Reduced MIP has 159 rows, 403 columns, and 1236 nonzeros.
Reduced MIP has 403 binaries, 0 generals, 0 SOSs, and 0 indicators.
Presolve time = 0.00 sec. (0.79 ticks)
Probing time = 0.00 sec. (0.60 ticks)
Clique table members: 167.
MIP emphasis: balance optimality and feasibility.
MIP search method: traditional branch-and-cut.
Parallel mode: none, using 1 thread.
Root relaxation solution time = 0.00 sec. (0.42 ticks)

        Nodes                                         Cuts/
   Node  Left     Objective  IInf  Best Integer    Best Bound    ItCnt     Gap         Variable B NodeID Parent  Depth

      0     0      386.0000    12                    299.0000       58         
      0     2      410.4167    43                    410.6667       58                                 0             0
Elapsed time = 0.05 sec. (40.50 ticks, tree = 0.01 MB, solutions = 0)
*    15    15      integral     0      434.0000      412.0000      248    5.07%
*    32     0      integral     0      412.0000      412.0000      304    0.00%

User cuts applied:  253

Root node processing (before b&c):
  Real time             =    0.05 sec. (40.51 ticks)
Sequential b&c:
  Real time             =    0.06 sec. (44.17 ticks)
                          ------------
Total (root+branch&cut) =    0.10 sec. (84.68 ticks)

