Version identifier: 22.1.0.0 | 2022-03-09 | 1a383f8ce
CPXPARAM_Preprocessing_Reduce                    1
CPXPARAM_Threads                                 1
CPXPARAM_Preprocessing_Reformulations            0
CPXPARAM_TimeLimit                               10800
CPXPARAM_MIP_Tolerances_AbsMIPGap                0.999
CPXPARAM_MIP_Limits_TreeMemory                   20000
Legacy callback                                  BbLUID
         Disabling repeat represolve because of lazy constraint/incumbent callback.
Tried aggregator 2 times.
MIP Presolve eliminated 28 rows and 9 columns.
MIP Presolve modified 16 coefficients.
Aggregator did 18 substitutions.
Reduced MIP has 61 rows, 95 columns, and 237 nonzeros.
Reduced MIP has 95 binaries, 0 generals, 0 SOSs, and 0 indicators.
Presolve time = 0.00 sec. (0.16 ticks)
Probing time = 0.00 sec. (0.07 ticks)
Clique table members: 79.
MIP emphasis: balance optimality and feasibility.
MIP search method: traditional branch-and-cut.
Parallel mode: none, using 1 thread.
Root relaxation solution time = 0.00 sec. (0.10 ticks)

        Nodes                                         Cuts/
   Node  Left     Objective  IInf  Best Integer    Best Bound    ItCnt     Gap         Variable B NodeID Parent  Depth

      0     0      494.0000     6                    484.0000       18         
      0     0      499.2500    12                     Cuts: 3       20         
*     0     0      integral     0      500.0000      Cuts: 11       23    0.00%
      0     0        cutoff            500.0000      500.0000       23    0.00%                        0             0
Elapsed time = 0.01 sec. (4.08 ticks, tree = 0.01 MB, solutions = 1)

Zero-half cuts applied:  3
Gomory fractional cuts applied:  2
User cuts applied:  25

Root node processing (before b&c):
  Real time             =    0.01 sec. (4.08 ticks)
Sequential b&c:
  Real time             =    0.00 sec. (0.00 ticks)
                          ------------
Total (root+branch&cut) =    0.01 sec. (4.08 ticks)

