Version identifier: 22.1.0.0 | 2022-03-09 | 1a383f8ce
CPXPARAM_Preprocessing_Reduce                    1
CPXPARAM_Threads                                 1
CPXPARAM_Preprocessing_Reformulations            0
CPXPARAM_TimeLimit                               10800
CPXPARAM_MIP_Tolerances_AbsMIPGap                0.999
CPXPARAM_MIP_Limits_TreeMemory                   20000
Legacy callback                                  BbLUID
         Disabling repeat represolve because of lazy constraint/incumbent callback.
Tried aggregator 2 times.
MIP Presolve eliminated 54 rows and 11 columns.
MIP Presolve modified 34 coefficients.
Aggregator did 32 substitutions.
Reduced MIP has 105 rows, 191 columns, and 505 nonzeros.
Reduced MIP has 191 binaries, 0 generals, 0 SOSs, and 0 indicators.
Presolve time = 0.00 sec. (0.33 ticks)
Probing time = 0.00 sec. (0.19 ticks)
Clique table members: 105.
MIP emphasis: balance optimality and feasibility.
MIP search method: traditional branch-and-cut.
Parallel mode: none, using 1 thread.
Root relaxation solution time = 0.00 sec. (0.20 ticks)

        Nodes                                         Cuts/
   Node  Left     Objective  IInf  Best Integer    Best Bound    ItCnt     Gap         Variable B NodeID Parent  Depth

      0     0      541.6667    19                    539.0000       57         
      0     0      544.2500    25                    Cuts: 10       61         
      0     0      544.8000    26                    Cuts: 15       72         
      0     0      545.0000    13                    Cuts: 14       75         
      0     0      546.2000    20                     Cuts: 4       79         
      0     0      546.5000    14                     Cuts: 6       86         
      0     0      546.5000    12                 ZeroHalf: 5       88         
      0     2      546.5000    12                    546.5000       88                                 0             0
Elapsed time = 0.07 sec. (40.07 ticks, tree = 0.01 MB, solutions = 0)
*    10     4      integral     0      552.0000      547.5000      162    0.82%

Cover cuts applied:  1
Zero-half cuts applied:  22
Gomory fractional cuts applied:  1
User cuts applied:  155

Root node processing (before b&c):
  Real time             =    0.07 sec. (40.07 ticks)
Sequential b&c:
  Real time             =    0.13 sec. (38.72 ticks)
                          ------------
Total (root+branch&cut) =    0.21 sec. (78.79 ticks)

