Version identifier: 22.1.0.0 | 2022-03-09 | 1a383f8ce
CPXPARAM_Preprocessing_Reduce                    1
CPXPARAM_Threads                                 1
CPXPARAM_Preprocessing_Reformulations            0
CPXPARAM_TimeLimit                               10800
CPXPARAM_MIP_Tolerances_AbsMIPGap                0.999
CPXPARAM_MIP_Limits_TreeMemory                   20000
Legacy callback                                  BbLUID
         Disabling repeat represolve because of lazy constraint/incumbent callback.
Tried aggregator 2 times.
MIP Presolve eliminated 83 rows and 4 columns.
MIP Presolve modified 54 coefficients.
Aggregator did 4 substitutions.
Reduced MIP has 165 rows, 350 columns, and 899 nonzeros.
Reduced MIP has 350 binaries, 0 generals, 0 SOSs, and 0 indicators.
Presolve time = 0.00 sec. (0.50 ticks)
Probing time = 0.00 sec. (0.41 ticks)
Clique table members: 177.
MIP emphasis: balance optimality and feasibility.
MIP search method: traditional branch-and-cut.
Parallel mode: none, using 1 thread.
Root relaxation solution time = 0.00 sec. (0.43 ticks)

        Nodes                                         Cuts/
   Node  Left     Objective  IInf  Best Integer    Best Bound    ItCnt     Gap         Variable B NodeID Parent  Depth

      0     0      510.0000     8                    510.0000       70         
      0     0      532.5000     8                     Cuts: 8       71         
      0     2      534.5000    27                    535.2500       71                                 0             0
Elapsed time = 0.04 sec. (17.27 ticks, tree = 0.01 MB, solutions = 0)
*    10     8      integral     0      560.0000      538.2500      110    3.88%
*    22    10      integral     0      542.0000      539.2500      147    0.51%
*    26     4      integral     0      541.0000      539.5000      159    0.28%
*    29     1      integral     0      540.0000      539.5000      163    0.09%

Clique cuts applied:  1
Cover cuts applied:  2
Lift and project cuts applied:  1
Gomory fractional cuts applied:  1
User cuts applied:  132

Root node processing (before b&c):
  Real time             =    0.04 sec. (17.29 ticks)
Sequential b&c:
  Real time             =    0.06 sec. (16.01 ticks)
                          ------------
Total (root+branch&cut) =    0.10 sec. (33.30 ticks)

