Version identifier: 22.1.0.0 | 2022-03-09 | 1a383f8ce
CPXPARAM_Preprocessing_Reduce                    1
CPXPARAM_Threads                                 1
CPXPARAM_Preprocessing_Reformulations            0
CPXPARAM_TimeLimit                               10800
CPXPARAM_MIP_Tolerances_AbsMIPGap                0.999
CPXPARAM_MIP_Limits_TreeMemory                   20000
Legacy callback                                  BbLUID
         Disabling repeat represolve because of lazy constraint/incumbent callback.
Tried aggregator 1 time.
MIP Presolve eliminated 612 rows and 1 columns.
MIP Presolve modified 162 coefficients.
Reduced MIP has 282 rows, 730 columns, and 2386 nonzeros.
Reduced MIP has 730 binaries, 0 generals, 0 SOSs, and 0 indicators.
Presolve time = 0.00 sec. (1.46 ticks)
Probing time = 0.00 sec. (1.22 ticks)
Clique table members: 312.
MIP emphasis: balance optimality and feasibility.
MIP search method: traditional branch-and-cut.
Parallel mode: none, using 1 thread.
Root relaxation solution time = 0.00 sec. (0.87 ticks)

        Nodes                                         Cuts/
   Node  Left     Objective  IInf  Best Integer    Best Bound    ItCnt     Gap         Variable B NodeID Parent  Depth

      0     0      550.3333    28                    488.0000       89         
      0     0      553.5000    22                    Cuts: 22       98         
      0     0      556.7500    30                     Cuts: 8      113         
      0     0      560.5667    69                    Cuts: 13      142         
      0     0      565.3333    29                    Cuts: 18      168         
      0     0      566.0000    25                    Cuts: 18      178         
*     0     0      integral     0      566.0000      Cuts: 11      184    0.00%
      0     0        cutoff            566.0000      566.0000      184    0.00%                        0             0
Elapsed time = 0.05 sec. (63.22 ticks, tree = 0.01 MB, solutions = 1)

Zero-half cuts applied:  24
Gomory fractional cuts applied:  3
User cuts applied:  119

Root node processing (before b&c):
  Real time             =    0.05 sec. (63.24 ticks)
Sequential b&c:
  Real time             =    0.00 sec. (0.00 ticks)
                          ------------
Total (root+branch&cut) =    0.05 sec. (63.24 ticks)

