Version identifier: 22.1.0.0 | 2022-03-09 | 1a383f8ce
CPXPARAM_Preprocessing_Reduce                    1
CPXPARAM_Threads                                 1
CPXPARAM_Preprocessing_Reformulations            0
CPXPARAM_TimeLimit                               10800
CPXPARAM_MIP_Tolerances_AbsMIPGap                0.999
CPXPARAM_MIP_Limits_TreeMemory                   20000
Legacy callback                                  BbLUID
         Disabling repeat represolve because of lazy constraint/incumbent callback.
Tried aggregator 2 times.
MIP Presolve eliminated 209 rows and 4 columns.
MIP Presolve modified 82 coefficients.
Aggregator did 5 substitutions.
Reduced MIP has 194 rows, 454 columns, and 1273 nonzeros.
Reduced MIP has 454 binaries, 0 generals, 0 SOSs, and 0 indicators.
Presolve time = 0.00 sec. (0.75 ticks)
Probing time = 0.00 sec. (0.59 ticks)
Clique table members: 194.
MIP emphasis: balance optimality and feasibility.
MIP search method: traditional branch-and-cut.
Parallel mode: none, using 1 thread.
Root relaxation solution time = 0.00 sec. (0.50 ticks)

        Nodes                                         Cuts/
   Node  Left     Objective  IInf  Best Integer    Best Bound    ItCnt     Gap         Variable B NodeID Parent  Depth

      0     0      614.5000    26                    593.0000       75         
      0     0      620.2500    18                    Cuts: 15       83         
      0     0      621.0000    18                    Cuts: 11       86         
      0     0      621.0000    17                 ZeroHalf: 6       87         
*     0+    0                          621.0000      621.0000             0.00%
      0     0        cutoff            621.0000      621.0000       87    0.00%                        0             0
Elapsed time = 0.03 sec. (21.61 ticks, tree = 0.01 MB, solutions = 1)

Zero-half cuts applied:  7
Gomory fractional cuts applied:  3
User cuts applied:  80

Root node processing (before b&c):
  Real time             =    0.03 sec. (21.62 ticks)
Sequential b&c:
  Real time             =    0.00 sec. (0.00 ticks)
                          ------------
Total (root+branch&cut) =    0.03 sec. (21.62 ticks)

