Version identifier: 22.1.0.0 | 2022-03-09 | 1a383f8ce
CPXPARAM_Preprocessing_Reduce                    1
CPXPARAM_Threads                                 1
CPXPARAM_Preprocessing_Reformulations            0
CPXPARAM_TimeLimit                               10800
CPXPARAM_MIP_Tolerances_AbsMIPGap                0.999
CPXPARAM_MIP_Limits_TreeMemory                   20000
Legacy callback                                  BbLUID
         Disabling repeat represolve because of lazy constraint/incumbent callback.
Tried aggregator 2 times.
MIP Presolve eliminated 718 rows and 0 columns.
MIP Presolve modified 221 coefficients.
Aggregator did 4 substitutions.
Reduced MIP has 341 rows, 778 columns, and 2777 nonzeros.
Reduced MIP has 778 binaries, 0 generals, 0 SOSs, and 0 indicators.
Presolve time = 0.00 sec. (1.95 ticks)
Probing time = 0.00 sec. (1.38 ticks)
Clique table members: 405.
MIP emphasis: balance optimality and feasibility.
MIP search method: traditional branch-and-cut.
Parallel mode: none, using 1 thread.
Root relaxation solution time = 0.00 sec. (0.94 ticks)

        Nodes                                         Cuts/
   Node  Left     Objective  IInf  Best Integer    Best Bound    ItCnt     Gap         Variable B NodeID Parent  Depth

      0     0      465.0000    28                    440.0000       90         
      0     0      477.0000    26                    Cuts: 27      126         
      0     0      480.6000    34                    Cuts: 17      149         
      0     0      481.1429    30                    Cuts: 17      166         
      0     0      482.0000    12                     Cuts: 6      180         
      0     0      482.5000    22                     Cuts: 9      193         
      0     0      483.0000    36                     Cuts: 3      199         
      0     2      485.0000    15                    485.0000      199                                 0             0
Elapsed time = 0.05 sec. (64.32 ticks, tree = 0.01 MB, solutions = 0)
*     1     1      integral     0      485.0000      485.0000      200    0.00%

Zero-half cuts applied:  3
Gomory fractional cuts applied:  1
User cuts applied:  228

Root node processing (before b&c):
  Real time             =    0.05 sec. (64.32 ticks)
Sequential b&c:
  Real time             =    0.00 sec. (0.38 ticks)
                          ------------
Total (root+branch&cut) =    0.06 sec. (64.71 ticks)

