Version identifier: 22.1.0.0 | 2022-03-09 | 1a383f8ce
CPXPARAM_Preprocessing_Reduce                    1
CPXPARAM_Threads                                 1
CPXPARAM_Preprocessing_Reformulations            0
CPXPARAM_TimeLimit                               10800
CPXPARAM_MIP_Tolerances_AbsMIPGap                0.999
CPXPARAM_MIP_Limits_TreeMemory                   20000
Legacy callback                                  BbLUID
         Disabling repeat represolve because of lazy constraint/incumbent callback.
Tried aggregator 1 time.
MIP Presolve eliminated 2296 rows and 0 columns.
MIP Presolve modified 284 coefficients.
Reduced MIP has 408 rows, 1301 columns, and 5232 nonzeros.
Reduced MIP has 1301 binaries, 0 generals, 0 SOSs, and 0 indicators.
Presolve time = 0.00 sec. (4.19 ticks)
Probing time = 0.00 sec. (2.33 ticks)
Clique table members: 432.
MIP emphasis: balance optimality and feasibility.
MIP search method: traditional branch-and-cut.
Parallel mode: none, using 1 thread.
Root relaxation solution time = 0.00 sec. (1.07 ticks)

        Nodes                                         Cuts/
   Node  Left     Objective  IInf  Best Integer    Best Bound    ItCnt     Gap         Variable B NodeID Parent  Depth

      0     0      416.0000     8                    416.0000       81         
      0     0      530.5000    64                    Cuts: 27      116         
      0     0      537.1667    72                    Cuts: 17      153         
      0     0      543.5000    58                    Cuts: 18      171         
      0     0      545.5000    44                     Cuts: 7      186         
      0     0      545.5000    44                     User: 6      188         
      0     0      546.3750    78                     User: 6      205         
      0     0      546.5000    28                    Cuts: 23      207         
      0     0      548.5000    64                     User: 9      226         
      0     0      548.5000     8                    Cuts: 11      228         
      0     0      553.5000    52                     Cuts: 2      253         
      0     0      554.0000    50                    Cuts: 20      265         
      0     0      554.5000    46                     User: 8      281         
      0     0      556.6154    95                     Cuts: 5      317         
      0     0      557.3333    89                     Cuts: 7      328         
      0     0      558.0000    78                    Cuts: 13      347         
      0     0      558.3333    90                 ZeroHalf: 6      367         
      0     0      558.4444    95                     Cuts: 5      372         
      0     0      558.7000   106                ZeroHalf: 13      386         
      0     0      559.0336   132                    Cuts: 15      395         
      0     0      559.0889    95                     Cuts: 5      401         
      0     0      559.1359   108                 ZeroHalf: 3      407         
      0     2      559.1359   113                    559.2162      407                                 0             0
Elapsed time = 0.31 sec. (389.99 ticks, tree = 0.01 MB, solutions = 0)
*     8     1      integral     0      560.0000      559.5000      453    0.09%

Zero-half cuts applied:  31
User cuts applied:  424

Root node processing (before b&c):
  Real time             =    0.31 sec. (389.98 ticks)
Sequential b&c:
  Real time             =    0.04 sec. (68.50 ticks)
                          ------------
Total (root+branch&cut) =    0.35 sec. (458.48 ticks)

