Version identifier: 22.1.0.0 | 2022-03-09 | 1a383f8ce
CPXPARAM_Preprocessing_Reduce                    1
CPXPARAM_Threads                                 1
CPXPARAM_Preprocessing_Reformulations            0
CPXPARAM_TimeLimit                               10800
CPXPARAM_MIP_Tolerances_AbsMIPGap                0.999
CPXPARAM_MIP_Limits_TreeMemory                   20000
Legacy callback                                  BbLUID
         Disabling repeat represolve because of lazy constraint/incumbent callback.
Tried aggregator 1 time.
MIP Presolve eliminated 1684 rows and 0 columns.
MIP Presolve modified 278 coefficients.
Reduced MIP has 400 rows, 1112 columns, and 4261 nonzeros.
Reduced MIP has 1112 binaries, 0 generals, 0 SOSs, and 0 indicators.
Presolve time = 0.00 sec. (3.22 ticks)
Probing time = 0.00 sec. (2.27 ticks)
Clique table members: 420.
MIP emphasis: balance optimality and feasibility.
MIP search method: traditional branch-and-cut.
Parallel mode: none, using 1 thread.
Root relaxation solution time = 0.00 sec. (0.99 ticks)

        Nodes                                         Cuts/
   Node  Left     Objective  IInf  Best Integer    Best Bound    ItCnt     Gap         Variable B NodeID Parent  Depth

      0     0      493.5000    24                    416.0000      101         
      0     0      505.0000    29                     User: 9      109         
      0     0      511.5000    65                    Cuts: 36      144         
      0     0      513.0000    60                    Cuts: 19      174         
      0     0      514.0000    28                    Cuts: 13      187         
      0     0      519.1111    40                     Cuts: 6      206         
      0     0      525.4444    63                     Cuts: 8      229         
      0     0      527.7500   105                    Cuts: 19      283         
      0     0      529.0500   121                    Cuts: 18      301         
      0     0      529.9758   135                    Cuts: 15      331         
      0     0      530.3750   137                    Cuts: 17      357         
      0     0      530.4667    94                    Cuts: 10      362         
      0     0      530.7807   143                     Cuts: 9      404         
      0     0      530.9672   142                     Cuts: 4      412         
      0     0      531.0333   128                     Cuts: 8      425         
      0     0      533.3077   117                     User: 7      474         
      0     0      533.4167   132                     Cuts: 9      486         
      0     0      533.4286   112                     Cuts: 7      504         
      0     0      533.5556   138                     Cuts: 3      519         
      0     2      534.0444   140                    534.0625      519                                 0             0
Elapsed time = 0.28 sec. (487.50 ticks, tree = 0.01 MB, solutions = 0)
     10    12      538.8571    27                    535.7969      793                   x51_16 D     10      9      8
*    11     5      integral     0      539.0000      535.7969      793    0.59%
*    15     2      integral     0      538.0000      536.8525      911    0.21%

Zero-half cuts applied:  14
Gomory fractional cuts applied:  3
User cuts applied:  604

Root node processing (before b&c):
  Real time             =    0.28 sec. (487.65 ticks)
Sequential b&c:
  Real time             =    0.17 sec. (330.14 ticks)
                          ------------
Total (root+branch&cut) =    0.45 sec. (817.78 ticks)

