Version identifier: 22.1.0.0 | 2022-03-09 | 1a383f8ce
CPXPARAM_Preprocessing_Reduce                    1
CPXPARAM_Threads                                 1
CPXPARAM_Preprocessing_Reformulations            0
CPXPARAM_TimeLimit                               10800
CPXPARAM_MIP_Tolerances_AbsMIPGap                0.999
CPXPARAM_MIP_Limits_TreeMemory                   20000
Legacy callback                                  BbLUID
         Disabling repeat represolve because of lazy constraint/incumbent callback.
Tried aggregator 1 time.
MIP Presolve eliminated 1570 rows and 0 columns.
MIP Presolve modified 260 coefficients.
Reduced MIP has 383 rows, 1145 columns, and 4098 nonzeros.
Reduced MIP has 1145 binaries, 0 generals, 0 SOSs, and 0 indicators.
Presolve time = 0.00 sec. (3.11 ticks)
Probing time = 0.00 sec. (2.29 ticks)
Clique table members: 402.
MIP emphasis: balance optimality and feasibility.
MIP search method: traditional branch-and-cut.
Parallel mode: none, using 1 thread.
Root relaxation solution time = 0.00 sec. (1.00 ticks)

        Nodes                                         Cuts/
   Node  Left     Objective  IInf  Best Integer    Best Bound    ItCnt     Gap         Variable B NodeID Parent  Depth

      0     0      408.3333    69                    351.0000       82         
      0     0      434.0000    29                    Cuts: 37       90         
      0     2      458.3571    61                    459.5000       90                                 0             0
Elapsed time = 0.08 sec. (110.42 ticks, tree = 0.01 MB, solutions = 0)
     27    28      544.0417    38                    461.6667      718                   x34_49 N     27     26     22
*    37     5      integral     0      468.0000      465.5000      916    0.53%

Clique cuts applied:  3
Zero-half cuts applied:  12
Gomory fractional cuts applied:  3
User cuts applied:  422

Root node processing (before b&c):
  Real time             =    0.08 sec. (110.43 ticks)
Sequential b&c:
  Real time             =    0.21 sec. (274.84 ticks)
                          ------------
Total (root+branch&cut) =    0.29 sec. (385.28 ticks)

