Version identifier: 22.1.0.0 | 2022-03-09 | 1a383f8ce
CPXPARAM_Preprocessing_Reduce                    1
CPXPARAM_Threads                                 1
CPXPARAM_Preprocessing_Reformulations            0
CPXPARAM_TimeLimit                               10800
CPXPARAM_MIP_Tolerances_AbsMIPGap                0.999
CPXPARAM_MIP_Limits_TreeMemory                   20000
Legacy callback                                  BbLUID
         Disabling repeat represolve because of lazy constraint/incumbent callback.
Tried aggregator 1 time.
MIP Presolve eliminated 1526 rows and 0 columns.
MIP Presolve modified 295 coefficients.
Reduced MIP has 418 rows, 1065 columns, and 4113 nonzeros.
Reduced MIP has 1065 binaries, 0 generals, 0 SOSs, and 0 indicators.
Presolve time = 0.00 sec. (3.06 ticks)
Probing time = 0.00 sec. (2.25 ticks)
Clique table members: 422.
MIP emphasis: balance optimality and feasibility.
MIP search method: traditional branch-and-cut.
Parallel mode: none, using 1 thread.
Root relaxation solution time = 0.00 sec. (1.32 ticks)

        Nodes                                         Cuts/
   Node  Left     Objective  IInf  Best Integer    Best Bound    ItCnt     Gap         Variable B NodeID Parent  Depth

      0     0      415.5000    28                    415.5000      140         
      0     0      439.0000    30                    Cuts: 31      164         
      0     0      452.5000    46                    Cuts: 18      187         
      0     0      462.3333    67                     Cuts: 8      222         
      0     0      464.4444    81                    Cuts: 15      237         
      0     0      465.3333    31                    Cuts: 21      248         
      0     0      465.5000     8                    Cuts: 14      250         
      0     0      472.6667    76                     Cuts: 8      293         
      0     0      474.7273   107                    Cuts: 29      321         
      0     0      476.4000    53                    Cuts: 17      354         
      0     0      477.0000    44                    Cuts: 17      369         
      0     0      478.0385    80                     Cuts: 7      401         
      0     0      478.6250    77                     Cuts: 7      418         
      0     0      480.0462   110                    Cuts: 11      498         
      0     0      485.0727    97                    Cuts: 12      528         
      0     0      488.1429    29                    Cuts: 20      561         
      0     0      490.3333    23                    Cuts: 13      579         
      0     0      490.8548   109                     Cuts: 5      620         
      0     0      491.6000   108                    Cuts: 17      644         
      0     0      491.7500   108                    Cuts: 15      661         
      0     0      491.8750   108                    Cuts: 12      685         
      0     0      492.8957   126                    Cuts: 10      734         
      0     0      493.2778    76                     Cuts: 9      752         
      0     0      493.5000    88                 ZeroHalf: 2      766         
      0     0      493.7857    68                     Cuts: 7      778         
      0     0      493.8947    94                     Cuts: 4      793         
      0     0      494.0000    87                 ZeroHalf: 1      799         
      0     0      494.0000    78                     User: 6      816         
*     0+    0                          506.0000      494.0000             2.37%
      0     2      494.0000    73      506.0000      494.0000      816    2.37%                        0             0
Elapsed time = 0.21 sec. (353.54 ticks, tree = 0.01 MB, solutions = 1)
*     2     2      integral     0      498.0000      496.4000      889    0.32%          x21_52 U      2      1      2

Clique cuts applied:  1
Zero-half cuts applied:  30
User cuts applied:  281

Root node processing (before b&c):
  Real time             =    0.21 sec. (353.34 ticks)
Sequential b&c:
  Real time             =    0.03 sec. (79.39 ticks)
                          ------------
Total (root+branch&cut) =    0.24 sec. (432.73 ticks)

