Version identifier: 22.1.0.0 | 2022-03-09 | 1a383f8ce
CPXPARAM_Preprocessing_Reduce                    1
CPXPARAM_Threads                                 1
CPXPARAM_Preprocessing_Reformulations            0
CPXPARAM_TimeLimit                               10800
CPXPARAM_MIP_Tolerances_AbsMIPGap                0.999
CPXPARAM_MIP_Limits_TreeMemory                   20000
Legacy callback                                  BbLUID
         Disabling repeat represolve because of lazy constraint/incumbent callback.
Tried aggregator 2 times.
MIP Presolve eliminated 2561 rows and 0 columns.
MIP Presolve modified 367 coefficients.
Aggregator did 5 substitutions.
Reduced MIP has 524 rows, 1581 columns, and 6057 nonzeros.
Reduced MIP has 1581 binaries, 0 generals, 0 SOSs, and 0 indicators.
Presolve time = 0.00 sec. (5.24 ticks)
Probing time = 0.00 sec. (2.37 ticks)
Clique table members: 524.
MIP emphasis: balance optimality and feasibility.
MIP search method: traditional branch-and-cut.
Parallel mode: none, using 1 thread.
Root relaxation solution time = 0.00 sec. (1.57 ticks)

        Nodes                                         Cuts/
   Node  Left     Objective  IInf  Best Integer    Best Bound    ItCnt     Gap         Variable B NodeID Parent  Depth

      0     0      553.0000    32                    499.0000      121         
      0     0      579.5000    38                    Cuts: 18      135         
      0     0      581.0000    28                    Cuts: 22      153         
      0     2      583.5000    34                    584.0000      153                                 0             0
Elapsed time = 0.06 sec. (98.07 ticks, tree = 0.01 MB, solutions = 0)
*    10+    6                          591.0000      586.6667             0.73%
*    18     1      integral     0      589.0000      589.0000      506    0.00%

Zero-half cuts applied:  5
Gomory fractional cuts applied:  5
User cuts applied:  498

Root node processing (before b&c):
  Real time             =    0.06 sec. (98.11 ticks)
Sequential b&c:
  Real time             =    0.13 sec. (119.52 ticks)
                          ------------
Total (root+branch&cut) =    0.19 sec. (217.63 ticks)

