Version identifier: 22.1.0.0 | 2022-03-09 | 1a383f8ce
CPXPARAM_Preprocessing_Reduce                    1
CPXPARAM_Threads                                 1
CPXPARAM_Preprocessing_Reformulations            0
CPXPARAM_TimeLimit                               10800
CPXPARAM_MIP_Tolerances_AbsMIPGap                0.999
CPXPARAM_MIP_Limits_TreeMemory                   20000
Legacy callback                                  BbLUID
         Disabling repeat represolve because of lazy constraint/incumbent callback.
Tried aggregator 2 times.
MIP Presolve eliminated 1059 rows and 1 columns.
MIP Presolve modified 253 coefficients.
Aggregator did 4 substitutions.
Reduced MIP has 411 rows, 1124 columns, and 3843 nonzeros.
Reduced MIP has 1124 binaries, 0 generals, 0 SOSs, and 0 indicators.
Presolve time = 0.00 sec. (2.77 ticks)
Probing time = 0.00 sec. (2.09 ticks)
Clique table members: 423.
MIP emphasis: balance optimality and feasibility.
MIP search method: traditional branch-and-cut.
Parallel mode: none, using 1 thread.
Root relaxation solution time = 0.00 sec. (1.26 ticks)

        Nodes                                         Cuts/
   Node  Left     Objective  IInf  Best Integer    Best Bound    ItCnt     Gap         Variable B NodeID Parent  Depth

      0     0      585.5000    18                    585.5000      102         
      0     0      644.0000    38                     Cuts: 5      113         
      0     0      649.0000    12                    Cuts: 10      125         
      0     0      649.0000    12                     Cuts: 8      129         
      0     0      649.0000    12                     User: 1      142         
      0     0      649.0000    12                     User: 1      149         
      0     0      649.0000    12                     User: 1      161         
      0     0      649.0000    14                     User: 6      171         
      0     0      649.0000    15                     User: 1      186         
      0     0      649.0000    16                     User: 1      199         
      0     2      649.0000     8                    649.0000      199                                 0             0
Elapsed time = 0.17 sec. (154.47 ticks, tree = 0.01 MB, solutions = 0)
*    30    12      integral     0      660.0000      649.0000      410    1.67%           x69_1 U     30     29      6
*    71    14      integral     0      653.0000      649.2000      591    0.58%
*    97     6      integral     0      651.0000      649.3333      686    0.26%

Cover cuts applied:  2
Zero-half cuts applied:  1
Gomory fractional cuts applied:  2
User cuts applied:  522

Root node processing (before b&c):
  Real time             =    0.17 sec. (154.49 ticks)
Sequential b&c:
  Real time             =    0.31 sec. (222.36 ticks)
                          ------------
Total (root+branch&cut) =    0.47 sec. (376.85 ticks)

