Version identifier: 22.1.0.0 | 2022-03-09 | 1a383f8ce
CPXPARAM_Preprocessing_Reduce                    1
CPXPARAM_Threads                                 1
CPXPARAM_Preprocessing_Reformulations            0
CPXPARAM_TimeLimit                               10800
CPXPARAM_MIP_Tolerances_AbsMIPGap                0.999
CPXPARAM_MIP_Limits_TreeMemory                   20000
Legacy callback                                  BbLUID
         Disabling repeat represolve because of lazy constraint/incumbent callback.
Tried aggregator 1 time.
MIP Presolve eliminated 1690 rows and 0 columns.
MIP Presolve modified 324 coefficients.
Reduced MIP has 488 rows, 1318 columns, and 4860 nonzeros.
Reduced MIP has 1318 binaries, 0 generals, 0 SOSs, and 0 indicators.
Presolve time = 0.00 sec. (3.45 ticks)
Probing time = 0.00 sec. (2.27 ticks)
Clique table members: 488.
MIP emphasis: balance optimality and feasibility.
MIP search method: traditional branch-and-cut.
Parallel mode: none, using 1 thread.
Root relaxation solution time = 0.00 sec. (1.76 ticks)

        Nodes                                         Cuts/
   Node  Left     Objective  IInf  Best Integer    Best Bound    ItCnt     Gap         Variable B NodeID Parent  Depth

      0     0      565.0000     8                    517.0000      149         
      0     0      568.6667    13                     Cuts: 4      150         
      0     0      570.0000    11                     Cuts: 5      153         
*     0+    0                          570.0000      570.0000             0.00%
      0     0        cutoff            570.0000      570.0000      153    0.00%                        0             0
Elapsed time = 0.04 sec. (32.48 ticks, tree = 0.01 MB, solutions = 1)

Zero-half cuts applied:  2
Lift and project cuts applied:  1
Gomory fractional cuts applied:  2
User cuts applied:  171

Root node processing (before b&c):
  Real time             =    0.04 sec. (32.52 ticks)
Sequential b&c:
  Real time             =    0.00 sec. (0.00 ticks)
                          ------------
Total (root+branch&cut) =    0.04 sec. (32.52 ticks)

