Version identifier: 22.1.0.0 | 2022-03-09 | 1a383f8ce
CPXPARAM_Preprocessing_Reduce                    1
CPXPARAM_Threads                                 1
CPXPARAM_Preprocessing_Reformulations            0
CPXPARAM_TimeLimit                               10800
CPXPARAM_MIP_Tolerances_AbsMIPGap                0.999
CPXPARAM_MIP_Limits_TreeMemory                   20000
Legacy callback                                  BbLUID
         Disabling repeat represolve because of lazy constraint/incumbent callback.
Tried aggregator 3 times.
MIP Presolve eliminated 95 rows and 14 columns.
MIP Presolve modified 57 coefficients.
Aggregator did 36 substitutions.
Reduced MIP has 160 rows, 300 columns, and 811 nonzeros.
Reduced MIP has 300 binaries, 0 generals, 0 SOSs, and 0 indicators.
Presolve time = 0.00 sec. (0.57 ticks)
Probing time = 0.00 sec. (0.34 ticks)
Clique table members: 221.
MIP emphasis: balance optimality and feasibility.
MIP search method: traditional branch-and-cut.
Parallel mode: none, using 1 thread.
Root relaxation solution time = 0.00 sec. (0.36 ticks)

        Nodes                                         Cuts/
   Node  Left     Objective  IInf  Best Integer    Best Bound    ItCnt     Gap         Variable B NodeID Parent  Depth

      0     0      614.3333    14                    606.0000       88         
*     0     0      integral     0      615.0000      Cuts: 12       95    0.00%
      0     0        cutoff            615.0000      615.0000       95    0.00%                        0             0
Elapsed time = 0.02 sec. (4.95 ticks, tree = 0.01 MB, solutions = 1)

Cover cuts applied:  1
Zero-half cuts applied:  2
Gomory fractional cuts applied:  1
User cuts applied:  19

Root node processing (before b&c):
  Real time             =    0.02 sec. (4.97 ticks)
Sequential b&c:
  Real time             =    0.00 sec. (0.00 ticks)
                          ------------
Total (root+branch&cut) =    0.02 sec. (4.97 ticks)

