Version identifier: 22.1.0.0 | 2022-03-09 | 1a383f8ce
CPXPARAM_Preprocessing_Reduce                    1
CPXPARAM_Threads                                 1
CPXPARAM_Preprocessing_Reformulations            0
CPXPARAM_TimeLimit                               10800
CPXPARAM_MIP_Tolerances_AbsMIPGap                0.999
CPXPARAM_MIP_Limits_TreeMemory                   20000
Legacy callback                                  BbLUID
         Disabling repeat represolve because of lazy constraint/incumbent callback.
Tried aggregator 2 times.
MIP Presolve eliminated 85 rows and 24 columns.
MIP Presolve modified 39 coefficients.
Aggregator did 20 substitutions.
Reduced MIP has 140 rows, 235 columns, and 603 nonzeros.
Reduced MIP has 235 binaries, 0 generals, 0 SOSs, and 0 indicators.
Presolve time = 0.00 sec. (0.37 ticks)
Probing changed sense of 4 constraints.
Probing time = 0.00 sec. (0.24 ticks)
Clique table members: 307.
MIP emphasis: balance optimality and feasibility.
MIP search method: traditional branch-and-cut.
Parallel mode: none, using 1 thread.
Root relaxation solution time = 0.00 sec. (0.28 ticks)

        Nodes                                         Cuts/
   Node  Left     Objective  IInf  Best Integer    Best Bound    ItCnt     Gap         Variable B NodeID Parent  Depth

      0     0      735.0000    10                    735.0000       55         
*     0+    0                          748.0000      735.0000             1.74%
      0     0        cutoff            748.0000                     55    0.00%                        0             0
Elapsed time = 0.01 sec. (2.01 ticks, tree = 0.01 MB, solutions = 1)

User cuts applied:  19

Root node processing (before b&c):
  Real time             =    0.01 sec. (2.02 ticks)
Sequential b&c:
  Real time             =    0.00 sec. (0.00 ticks)
                          ------------
Total (root+branch&cut) =    0.01 sec. (2.02 ticks)

