Version identifier: 22.1.0.0 | 2022-03-09 | 1a383f8ce
CPXPARAM_Preprocessing_Reduce                    1
CPXPARAM_Threads                                 1
CPXPARAM_Preprocessing_Reformulations            0
CPXPARAM_TimeLimit                               10800
CPXPARAM_MIP_Tolerances_AbsMIPGap                0.999
CPXPARAM_MIP_Limits_TreeMemory                   20000
Legacy callback                                  BbLUID
         Disabling repeat represolve because of lazy constraint/incumbent callback.
Tried aggregator 2 times.
MIP Presolve eliminated 401 rows and 5 columns.
MIP Presolve modified 148 coefficients.
Aggregator did 2 substitutions.
Reduced MIP has 301 rows, 715 columns, and 2121 nonzeros.
Reduced MIP has 715 binaries, 0 generals, 0 SOSs, and 0 indicators.
Presolve time = 0.00 sec. (1.35 ticks)
Probing time = 0.00 sec. (1.01 ticks)
Clique table members: 301.
MIP emphasis: balance optimality and feasibility.
MIP search method: traditional branch-and-cut.
Parallel mode: none, using 1 thread.
Root relaxation solution time = 0.00 sec. (0.82 ticks)

        Nodes                                         Cuts/
   Node  Left     Objective  IInf  Best Integer    Best Bound    ItCnt     Gap         Variable B NodeID Parent  Depth

      0     0      668.0000    18                    636.0000       97         
      0     0      675.0000    10                    Cuts: 31      115         
      0     0      688.2500    20                    Cuts: 14      145         
      0     0      689.0000    18                     Cuts: 8      153         
      0     0      689.0000    16                 ZeroHalf: 3      156         
      0     0      689.5000    28                 ZeroHalf: 5      164         
      0     0      689.7500    40                ZeroHalf: 10      174         
      0     0      690.0000    22                ZeroHalf: 10      176         
      0     0      690.2500    26                 ZeroHalf: 6      183         
      0     0      690.6154    31                 ZeroHalf: 6      191         
      0     0      690.8077    38                 ZeroHalf: 6      203         
      0     0      691.0000    14                 ZeroHalf: 3      211         
      0     0      691.0263    46                     Cuts: 9      223         
      0     0      691.0263    42                     User: 4      224         
      0     2      691.0263    36                    691.0385      224                                 0             0
Elapsed time = 0.20 sec. (161.62 ticks, tree = 0.01 MB, solutions = 0)
*    31    12      integral     0      702.0000      691.4000      467    1.51%
*    70+   31                          701.0000      692.4000             1.23%
*   112    27      integral     0      697.0000      693.4000     1208    0.52%
*   143     0      integral     0      696.0000      696.0000     1396    0.00%

Clique cuts applied:  1
Cover cuts applied:  1
Mixed integer rounding cuts applied:  1
Zero-half cuts applied:  18
Lift and project cuts applied:  1
Gomory fractional cuts applied:  2
User cuts applied:  290

Root node processing (before b&c):
  Real time             =    0.20 sec. (161.63 ticks)
Sequential b&c:
  Real time             =    0.40 sec. (156.41 ticks)
                          ------------
Total (root+branch&cut) =    0.60 sec. (318.03 ticks)

