Version identifier: 22.1.0.0 | 2022-03-09 | 1a383f8ce
CPXPARAM_Preprocessing_Reduce                    1
CPXPARAM_Threads                                 1
CPXPARAM_Preprocessing_Reformulations            0
CPXPARAM_TimeLimit                               10800
CPXPARAM_MIP_Tolerances_AbsMIPGap                0.999
CPXPARAM_MIP_Limits_TreeMemory                   20000
Legacy callback                                  BbLUID
         Disabling repeat represolve because of lazy constraint/incumbent callback.
Tried aggregator 2 times.
MIP Presolve eliminated 153 rows and 16 columns.
MIP Presolve modified 70 coefficients.
Aggregator did 15 substitutions.
Reduced MIP has 187 rows, 361 columns, and 1006 nonzeros.
Reduced MIP has 361 binaries, 0 generals, 0 SOSs, and 0 indicators.
Presolve time = 0.00 sec. (0.62 ticks)
Probing time = 0.00 sec. (0.41 ticks)
Clique table members: 217.
MIP emphasis: balance optimality and feasibility.
MIP search method: traditional branch-and-cut.
Parallel mode: none, using 1 thread.
Root relaxation solution time = 0.00 sec. (0.49 ticks)

        Nodes                                         Cuts/
   Node  Left     Objective  IInf  Best Integer    Best Bound    ItCnt     Gap         Variable B NodeID Parent  Depth

      0     0      612.0000    10                    590.0000       74         
      0     0      612.0000    10                     User: 1       74         
      0     0      614.6667    22                     User: 2       80         
      0     0      614.6667    30                     User: 6       82         
      0     0      614.6667    22                     User: 2       83         
      0     2      614.6667    22                    614.6667       83                                 0             0
Elapsed time = 0.04 sec. (21.77 ticks, tree = 0.01 MB, solutions = 0)
*    16     9      integral     0      632.0000      617.0000      135    2.37%
*    19     8      integral     0      629.0000      617.0000      140    1.91%
*    25     5      integral     0      621.0000      617.0000      161    0.64%
*    31     7      integral     0      620.0000      617.6667      176    0.38%
*    36     0      integral     0      618.0000      618.0000      205    0.00%

User cuts applied:  165

Root node processing (before b&c):
  Real time             =    0.04 sec. (21.79 ticks)
Sequential b&c:
  Real time             =    0.12 sec. (22.22 ticks)
                          ------------
Total (root+branch&cut) =    0.16 sec. (44.00 ticks)

