Version identifier: 22.1.0.0 | 2022-03-09 | 1a383f8ce
CPXPARAM_Preprocessing_Reduce                    1
CPXPARAM_Threads                                 1
CPXPARAM_Preprocessing_Reformulations            0
CPXPARAM_TimeLimit                               10800
CPXPARAM_MIP_Tolerances_AbsMIPGap                0.999
CPXPARAM_MIP_Limits_TreeMemory                   20000
Legacy callback                                  BbLUID
         Disabling repeat represolve because of lazy constraint/incumbent callback.
Tried aggregator 1 time.
MIP Presolve eliminated 409 rows and 6 columns.
MIP Presolve modified 155 coefficients.
Reduced MIP has 309 rows, 671 columns, and 2062 nonzeros.
Reduced MIP has 671 binaries, 0 generals, 0 SOSs, and 0 indicators.
Presolve time = 0.00 sec. (1.13 ticks)
Probing time = 0.00 sec. (0.94 ticks)
Clique table members: 325.
MIP emphasis: balance optimality and feasibility.
MIP search method: traditional branch-and-cut.
Parallel mode: none, using 1 thread.
Root relaxation solution time = 0.00 sec. (0.91 ticks)

        Nodes                                         Cuts/
   Node  Left     Objective  IInf  Best Integer    Best Bound    ItCnt     Gap         Variable B NodeID Parent  Depth

      0     0      655.0000    22                    632.0000      103         
      0     0      662.5000    20                     Cuts: 7      114         
      0     0      666.0000    24                     Cuts: 9      117         
      0     0      668.3333    28                    Cuts: 10      130         
      0     0      668.8333    43                    Cuts: 17      137         
      0     0      668.9333    52                 ZeroHalf: 4      140         
      0     0      669.6341    45                    Cuts: 18      164         
      0     0      669.7500    43                    Cuts: 18      176         
      0     0      670.0000    35                    Cuts: 10      182         
      0     0      670.0000    28                    Cuts: 20      183         
      0     0      670.8750    61                    Cuts: 17      198         
      0     0      671.3333    54                    Cuts: 17      213         
      0     0      671.5000    59                 ZeroHalf: 7      233         
      0     0      671.7737    61                 ZeroHalf: 7      258         
      0     0      673.5000    20                    Cuts: 12      273         
      0     0      673.5763    51                 ZeroHalf: 6      283         
      0     0      673.5814    48                     User: 3      285         
      0     0      673.5833    43                     User: 3      287         
      0     0      673.6000    21                     User: 5      292         
*     0+    0                          674.0000      673.6000             0.06%
      0     0        cutoff            674.0000      673.6000      292    0.06%                        0             0
Elapsed time = 0.15 sec. (188.58 ticks, tree = 0.01 MB, solutions = 1)

Zero-half cuts applied:  16
User cuts applied:  170

Root node processing (before b&c):
  Real time             =    0.15 sec. (188.60 ticks)
Sequential b&c:
  Real time             =    0.00 sec. (0.00 ticks)
                          ------------
Total (root+branch&cut) =    0.15 sec. (188.60 ticks)

