Version identifier: 22.1.0.0 | 2022-03-09 | 1a383f8ce
CPXPARAM_Preprocessing_Reduce                    1
CPXPARAM_Threads                                 1
CPXPARAM_Preprocessing_Reformulations            0
CPXPARAM_TimeLimit                               10800
CPXPARAM_MIP_Tolerances_AbsMIPGap                0.999
CPXPARAM_MIP_Limits_TreeMemory                   20000
Legacy callback                                  BbLUID
         Disabling repeat represolve because of lazy constraint/incumbent callback.
Tried aggregator 2 times.
MIP Presolve eliminated 424 rows and 2 columns.
MIP Presolve modified 138 coefficients.
Aggregator did 15 substitutions.
Reduced MIP has 283 rows, 736 columns, and 2161 nonzeros.
Reduced MIP has 736 binaries, 0 generals, 0 SOSs, and 0 indicators.
Presolve time = 0.00 sec. (1.43 ticks)
Probing time = 0.00 sec. (1.08 ticks)
Clique table members: 293.
MIP emphasis: balance optimality and feasibility.
MIP search method: traditional branch-and-cut.
Parallel mode: none, using 1 thread.
Root relaxation solution time = 0.00 sec. (0.69 ticks)

        Nodes                                         Cuts/
   Node  Left     Objective  IInf  Best Integer    Best Bound    ItCnt     Gap         Variable B NodeID Parent  Depth

      0     0      548.0000     6                    548.0000       96         
      0     0      606.0000    32                     User: 8      108         
      0     0      607.0000    38                    Cuts: 18      123         
      0     0      607.5000    12                    Cuts: 18      135         
      0     0      615.0000    28                    Cuts: 17      142         
      0     0      616.0000    40                    Cuts: 12      157         
      0     0      616.0000    30                    Cuts: 21      170         
      0     0      616.0000    32                     Cuts: 9      173         
      0     0      616.0000    33                 ZeroHalf: 3      190         
      0     2      616.0000    33                    616.0000      190                                 0             0
Elapsed time = 0.16 sec. (177.32 ticks, tree = 0.01 MB, solutions = 0)
*     7     7      integral     0      629.0000      616.6667      225    1.96%
*    10     2      integral     0      618.0000      617.0000      252    0.16%

Clique cuts applied:  2
Cover cuts applied:  1
Zero-half cuts applied:  17
Gomory fractional cuts applied:  1
User cuts applied:  232

Root node processing (before b&c):
  Real time             =    0.16 sec. (177.33 ticks)
Sequential b&c:
  Real time             =    0.03 sec. (22.80 ticks)
                          ------------
Total (root+branch&cut) =    0.20 sec. (200.14 ticks)

