Version identifier: 22.1.0.0 | 2022-03-09 | 1a383f8ce
CPXPARAM_Preprocessing_Reduce                    1
CPXPARAM_Threads                                 1
CPXPARAM_Preprocessing_Reformulations            0
CPXPARAM_TimeLimit                               10800
CPXPARAM_MIP_Tolerances_AbsMIPGap                0.999
CPXPARAM_MIP_Limits_TreeMemory                   20000
Legacy callback                                  BbLUID
         Disabling repeat represolve because of lazy constraint/incumbent callback.
Tried aggregator 2 times.
MIP Presolve eliminated 81 rows and 14 columns.
MIP Presolve modified 44 coefficients.
Aggregator did 30 substitutions.
Reduced MIP has 149 rows, 247 columns, and 648 nonzeros.
Reduced MIP has 247 binaries, 0 generals, 0 SOSs, and 0 indicators.
Presolve time = 0.00 sec. (0.41 ticks)
Probing time = 0.00 sec. (0.23 ticks)
Clique table members: 221.
MIP emphasis: balance optimality and feasibility.
MIP search method: traditional branch-and-cut.
Parallel mode: none, using 1 thread.
Root relaxation solution time = 0.00 sec. (0.26 ticks)

        Nodes                                         Cuts/
   Node  Left     Objective  IInf  Best Integer    Best Bound    ItCnt     Gap         Variable B NodeID Parent  Depth

      0     0      664.0000     8                    646.0000       48         
      0     0      665.5000    19                     Cuts: 9       51         
      0     0      666.5714    28                    Cuts: 10       60         
      0     0      667.0000     8                    Cuts: 14       64         
*     0     0      integral     0      667.0000   ZeroHalf: 1       65    0.00%
      0     0        cutoff            667.0000      667.0000       65    0.00%                        0             0
Elapsed time = 0.04 sec. (15.82 ticks, tree = 0.01 MB, solutions = 1)

Clique cuts applied:  5
Cover cuts applied:  1
Zero-half cuts applied:  6
Gomory fractional cuts applied:  2
User cuts applied:  39

Root node processing (before b&c):
  Real time             =    0.04 sec. (15.83 ticks)
Sequential b&c:
  Real time             =    0.00 sec. (0.00 ticks)
                          ------------
Total (root+branch&cut) =    0.04 sec. (15.83 ticks)

