Version identifier: 22.1.0.0 | 2022-03-09 | 1a383f8ce
CPXPARAM_Preprocessing_Reduce                    1
CPXPARAM_Threads                                 1
CPXPARAM_Preprocessing_Reformulations            0
CPXPARAM_TimeLimit                               10800
CPXPARAM_MIP_Tolerances_AbsMIPGap                0.999
CPXPARAM_MIP_Limits_TreeMemory                   20000
Legacy callback                                  BbLUID
         Disabling repeat represolve because of lazy constraint/incumbent callback.
1 of 1 MIP starts provided solutions.
MIP start 'm1' defined initial solution with objective 636.0000.
Tried aggregator 1 time.
MIP Presolve eliminated 32705 rows and 0 columns.
MIP Presolve modified 1627 coefficients.
Reduced MIP has 1929 rows, 8655 columns, and 47935 nonzeros.
Reduced MIP has 8655 binaries, 0 generals, 0 SOSs, and 0 indicators.
Presolve time = 0.04 sec. (66.02 ticks)
Probing time = 0.00 sec. (4.11 ticks)
Clique table members: 1929.
MIP emphasis: balance optimality and feasibility.
MIP search method: traditional branch-and-cut.
Parallel mode: none, using 1 thread.
Root relaxation solution time = 0.00 sec. (9.26 ticks)

        Nodes                                         Cuts/
   Node  Left     Objective  IInf  Best Integer    Best Bound    ItCnt     Gap         Variable B NodeID Parent  Depth

*     0+    0                          636.0000        0.0000           100.00%
      0     0      492.5000    16      636.0000      492.5000      194   22.56%
      0     0      555.5000    70      636.0000      Cuts: 86      286   12.66%
      0     0      565.1667   104      636.0000      Cuts: 83      395   11.14%
      0     0      569.5238   135      636.0000      Cuts: 20      418   10.45%
      0     0      569.6250   153      636.0000      Cuts: 14      426   10.44%
      0     0      571.4286   140      636.0000      Cuts: 27      472   10.15%
      0     0      576.5000   107      636.0000      Cuts: 11      530    9.36%
      0     0      576.7679   205      636.0000      Cuts: 43      549    9.31%
      0     0      576.8333   198      636.0000      Cuts: 12      556    9.30%
      0     0      577.7647   204      636.0000      User: 16      587    9.16%
      0     0      578.1471   216      636.0000      User: 11      608    9.10%
      0     0      578.1825   209      636.0000       Cuts: 8      615    9.09%
      0     0      578.2500   189      636.0000      Cuts: 13      627    9.08%
      0     0      579.4286   169      636.0000      User: 12      661    8.89%
      0     0      582.0952   193      636.0000       Cuts: 8      674    8.48%
      0     0      582.9048   209      636.0000      Cuts: 14      712    8.35%
      0     0      583.1875   175      636.0000       Cuts: 7      723    8.30%
      0     0      583.6786   198      636.0000      Cuts: 10      745    8.23%
      0     0      584.2143   195      636.0000       Cuts: 8      767    8.14%
      0     0      585.2609   156      636.0000      Cuts: 10      818    7.98%
      0     0      585.7609   200      636.0000       Cuts: 8      832    7.90%
      0     0      585.8323   212      636.0000      Cuts: 18      835    7.89%
      0     0      586.2609   188      636.0000       User: 8      843    7.82%
      0     0      587.6667   195      636.0000      User: 13      882    7.60%
      0     0      588.0000   128      636.0000       User: 8      903    7.55%
      0     0      588.1200   236      636.0000      User: 10      925    7.53%
      0     0      588.2188   182      636.0000       User: 6      935    7.51%
      0     0      588.2823   199      636.0000       User: 8      950    7.50%
      0     0      588.3500   186      636.0000       User: 4      960    7.49%
      0     0      588.7500   210      636.0000       User: 9     1001    7.43%
      0     0      588.7500   188      636.0000      User: 13     1003    7.43%
      0     0      588.7500   195      636.0000      User: 11     1020    7.43%
      0     0      589.7500   172      636.0000       User: 2     1026    7.27%
      0     0      589.9167   193      636.0000       User: 4     1032    7.25%
      0     0      590.2500   189      636.0000      User: 10     1038    7.19%
      0     0      590.7500   189      636.0000       User: 2     1041    7.11%
      0     0      590.7500   191      636.0000       User: 2     1042    7.11%
      0     2      592.1000   223      636.0000      592.1400     1042    6.90%                        0             0
Elapsed time = 1.43 sec. (2899.93 ticks, tree = 0.01 MB, solutions = 1)
      1     3      593.5000   161      636.0000      593.4000     1105    6.70%         x42_119 U      1      0      1
      2     4      593.6591   196      636.0000      593.5000     1171    6.68%         x42_119 N      2      0      1
      3     5      594.9000   181      636.0000      593.6591     1290    6.66%          x82_78 N      3      1      2
      5     7      596.4111   192      636.0000      593.6591     1446    6.66%          x93_24 N      5      3      3
      8    10      603.4167   116      636.0000      593.6591     1813    6.66%          x111_2 N      8      6      4
     12    14      606.8357   206      636.0000      593.6591     2094    6.66%         x81_113 N     12     11      7
     16    18      608.2910   167      636.0000      593.6591     2242    6.66%          x97_37 U     16     15     10
     20    22      609.2500   114      636.0000      593.6591     2631    6.66%          x30_19 D     20     18     12
     25    27      614.5000   128      636.0000      593.6591     2920    6.66%           x79_2 N     25     24     16
     47    44      632.8000   126      636.0000      593.6591     3989    6.66%          x50_72 N     47     46     30
Elapsed time = 4.12 sec. (6891.86 ticks, tree = 0.56 MB, solutions = 1)
     60    53      600.5000   125      636.0000      594.2667     4730    6.56%          x50_24 U     60     58      8
     70    63      604.5227   163      636.0000      594.2667     5581    6.56%          x54_10 U     70     69     15
     88    81      620.2778    90      636.0000      594.2667     6328    6.56%          x66_27 N     88     86     27
    117   110      625.0000    20      636.0000      594.2667     6883    6.56%         x36_116 U    117    116     49
    133   126      631.3333    15      636.0000      594.2667     7215    6.56%        x101_132 D    133    132     62
    158   139      605.9375   127      636.0000      595.3750     8589    6.39%          x55_24 N    158    157     11
    184   165      623.1625   154      636.0000      595.3750     9566    6.39%         x125_90 D    184    183     37
    213   186      609.2222   193      636.0000      596.4628    10594    6.22%         x10_149 D    213    212     10
    237   210      624.5115   192      636.0000      596.4628    12175    6.22%        x118_134 N    237    236     34
    270   236      615.9571   170      636.0000      596.5000    13939    6.21%          x14_54 N    270    269     19
Elapsed time = 13.96 sec. (16947.74 ticks, tree = 1.59 MB, solutions = 1)
    301   266      633.1609   157      636.0000      596.5000    15103    6.21%          x78_82 U    301    300     50
    333   295      629.4167   181      636.0000      596.5408    16683    6.20%          x2_111 N    333    331     25
    360   314      620.2081   221      636.0000      596.9118    18293    6.15%          x54_10 N    360    359     18
    397   344      616.9000   153      636.0000      596.9167    19976    6.15%          x50_24 N    397    396     15
    435   382      630.7500   119      636.0000      596.9167    20756    6.15%         x40_149 N    435    434     53
    471   411      616.3467   208      636.0000      597.2500    22249    6.09%          x24_97 D    471    470     22
    498   438      626.6667    69      636.0000      597.2500    23857    6.09%         x111_97 N    498    497     49
    537   474      632.3947   147      636.0000      597.2500    25630    6.09%        x134_118 N    537    536     31
    560   493      618.4167   170      636.0000      597.7500    27414    6.01%         x89_125 D    560    558     14
    590   519      607.6940   123      636.0000      598.0625    29146    5.97%          x40_89 U    590    589     11
Elapsed time = 26.90 sec. (27022.61 ticks, tree = 2.67 MB, solutions = 1)
    631   559      630.3846    96      636.0000      598.0625    30230    5.97%          x89_66 N    631    630     52
    670   590      602.2222   207      636.0000      599.1538    32726    5.79%         x52_134 D    670     56      6
    701   619        cutoff            636.0000      599.1538    34168    5.79%          x66_47 U    701    700     37
    720   633      611.1538   128      636.0000      599.6634    35288    5.71%          x55_24 D    720    719     15
    750   663      626.0000    67      636.0000      599.6634    36216    5.71%          x39_66 N    750    749     45
    778   687      612.8810   163      636.0000      599.9666    37920    5.67%          x40_89 U    778    775     15
    803   712      620.6714   154      636.0000      599.9666    39949    5.67%         x117_59 D    803    801     32
    837   739      617.7949   176      636.0000      600.3519    41384    5.61%           x79_2 U    837    836     27
    871   769      612.2831   225      636.0000      600.5000    43075    5.58%         x93_111 U    871    870     12
    916   813      630.5513   144      636.0000      600.5000    44673    5.58%         x133_39 U    916    915     57
Elapsed time = 39.53 sec. (37336.71 ticks, tree = 4.33 MB, solutions = 1)
    957   844      612.9583   112      636.0000      600.9038    46372    5.52%          x40_89 D    957    956     16
    983   862      620.7222   188      636.0000      601.1923    48199    5.47%          x2_111 N    983    981     11
   1010   887      628.0000   174      636.0000      601.1923    50362    5.47%         x111_55 U   1010   1007     30
   1040   907      619.2509   242      636.0000      601.7758    52012    5.38%          x50_24 D   1040   1039     12
   1058   925      626.5919   204      636.0000      601.7758    53283    5.38%        x134_118 D   1058   1057     30
   1096   959      622.5000   112      636.0000      601.7857    55330    5.38%         x55_134 N   1096   1095     37
   1121   983      631.5000    92      636.0000      601.7857    56299    5.38%          x77_69 N   1121   1120     62
   1168  1026      625.5000    73      636.0000      602.1250    57236    5.33%         x59_117 N   1168   1167     38
   1200  1050      606.9628   210      636.0000      602.1667    57970    5.32%          x30_19 D   1200   1199      7
   1240  1090      631.1120   174      636.0000      602.1667    59528    5.32%          x24_11 D   1240   1239     47
Elapsed time = 51.30 sec. (47461.53 ticks, tree = 8.93 MB, solutions = 1)
   1274  1120      626.0000   145      636.0000      602.1667    61002    5.32%          x39_89 N   1274   1272     23
   1290  1136      629.8333   174      636.0000      602.1667    62115    5.32%         x81_113 U   1290   1287     32
   1329  1165      624.0787   163      636.0000      602.2222    63552    5.31%          x40_47 D   1329   1328     25
   1375  1204      618.5000   168      636.0000      602.4268    64848    5.28%         x40_125 D   1375   1374     25
   1420  1247      634.7500    77      636.0000      602.4268    66277    5.28%          x78_82 N   1420   1419     70
   1452  1275      629.1544   227      636.0000      602.5000    68499    5.27%         x111_97 N   1452   1451     35
   1497  1312      635.0000   153      636.0000      602.5000    70061    5.27%         x10_132 D   1497   1496     33
   1529  1342      629.8750    93      636.0000      602.5000    71989    5.27%         x12_109 N   1529   1527     25
   1556  1358      613.1869   240      636.0000      602.5134    73603    5.27%          x62_78 U   1556   1555      9
   1597  1395      617.1887   250      636.0000      602.5298    75464    5.26%          x24_50 N   1597   1596     17
Elapsed time = 64.93 sec. (57247.48 ticks, tree = 13.15 MB, solutions = 1)
   1631  1427        cutoff            636.0000      602.5298    77411    5.26%          x65_82 N   1631   1630     51
   1669  1459        cutoff            636.0000      602.6667    78991    5.24%          x56_39 U   1669   1667     43
   1718  1508      629.8293   161      636.0000      602.6667    80569    5.24%          x24_11 D   1718   1717     58
   1759  1540      627.6786   104      636.0000      602.9643    81942    5.19%          x78_66 D   1759   1758     16
   1793  1568      613.4571   170      636.0000      603.0323    83446    5.18%          x111_1 D   1793   1792     24
   1822  1597      622.6000   101      636.0000      603.0323    84497    5.18%        x125_115 N   1822   1821     53
   1864  1636      633.1667    46      636.0000      603.0323    84765    5.18%         x60_147 D   1864   1863     95
   1889  1657      622.7990   217      636.0000      603.0828    86276    5.18%         x93_111 N   1889   1888     18
   1917  1681      615.9349   238      636.0000      603.2308    88217    5.15%          x24_50 D   1917   1916     17
   1958  1718      614.3049   209      636.0000      603.2901    90137    5.14%         x93_111 U   1958   1957     17
Elapsed time = 76.96 sec. (67050.63 ticks, tree = 14.87 MB, solutions = 1)
   2001  1757      608.9122   179      636.0000      603.4167    91701    5.12%          x39_40 U   2001   2000      9
   2026  1782      629.0000    90      636.0000      603.4167    93902    5.12%          x52_12 U   2026   2024     24
   2064  1812      621.7500    80      636.0000      603.5000    95351    5.11%         x78_125 N   2064   2063     24
   2107  1851      613.2833   202      636.0000      603.5000    96908    5.11%         x10_149 D   2107   2106     16
   2147  1887      613.4167    92      636.0000      603.5227    98414    5.11%         x40_125 D   2147   2146     14
   2190  1927      614.2524   223      636.0000      603.5682   100130    5.10%          x2_111 D   2190   2189     12
   2215  1952      626.4880   255      636.0000      603.5682   101412    5.10%          x62_54 D   2215   2214     37
   2246  1979      617.3214   150      636.0000      603.5833   103477    5.10%        x146_118 D   2246   2244     21
   2271  2000      616.6667   180      636.0000      603.6667   105029    5.08%        x149_150 D   2271   2270     14
   2300  2029      628.2500    87      636.0000      603.6667   106166    5.08%          x37_97 N   2300   2299     43
Elapsed time = 88.64 sec. (76752.23 ticks, tree = 17.02 MB, solutions = 1)
   2328  2051      617.0556   115      636.0000      603.7195   107393    5.08%         x10_149 D   2328   2327     10
   2370  2087      617.5000   180      636.0000      603.7383   108946    5.07%         x10_149 D   2370   2369     17
   2418  2131      616.7554   199      636.0000      603.7500   110489    5.07%          x111_1 D   2418   2417     14
   2459  2168      620.6500   135      636.0000      603.8163   112192    5.06%          x40_89 D   2459   2458     11
   2491  2192      615.8917   171      636.0000      603.9938   113923    5.03%          x55_24 D   2491   2490     17
   2536  2232      607.4701   232      636.0000      604.0000   115181    5.03%          x30_19 D   2536   2535      7
   2562  2258      625.8559   235      636.0000      604.0000   117147    5.03%          x97_45 D   2562   2561     33
   2591  2283      613.8333   134      636.0000      604.0476   118905    5.02%          x66_27 D   2591   2590     20
   2633  2321      608.7936   274      636.0000      604.1333   119740    5.01%          x39_40 D   2633    206      4
   2667  2355      627.2180   249      636.0000      604.1333   121382    5.01%         x125_54 D   2667   2666     38
Elapsed time = 101.29 sec. (86429.83 ticks, tree = 19.38 MB, solutions = 1)
   2697  2380      615.5922   236      636.0000      604.1667   123331    5.01%          x2_111 N   2697   2694     14
   2740  2416      611.9555   210      636.0000      604.1905   124219    5.00%          x149_7 D   2740   2739     10
   2768  2443      632.2857    69      636.0000      604.1905   125813    5.00%          x78_82 N   2768   2767     38
   2811  2479      611.3207   167      636.0000      604.2500   127632    4.99%         x52_134 U   2811    709      5
   2840  2508      623.5833    99      636.0000      604.2500   128750    4.99%         x39_115 D   2840   2839     34
   2872  2536      611.9967   198      636.0000      604.3000   130793    4.98%          x50_24 D   2872   2871      7
   2889  2553      621.9843   239      636.0000      604.3000   132327    4.98%        x115_125 U   2889   2888     24
   2923  2583      608.5000   169      636.0000      604.4187   133930    4.97%          x39_40 D   2923   2921     11
   2951  2605      630.0000    50      636.0000      604.4187   135134    4.97%         x115_65 N   2951   2949     29
   3094  2721        cutoff            636.0000      604.7222   140706    4.92%          x66_27 U   3094   3092     28
Elapsed time = 115.85 sec. (99284.86 ticks, tree = 20.86 MB, solutions = 1)
   3234  2839      620.8333    83      636.0000      604.7857   146853    4.91%          x82_66 U   3234   3233     25
   3357  2942      619.7500   111      636.0000      605.0360   153401    4.87%         x78_125 D   3357   3356     26
*  3417  1713      integral     0      625.0000      605.0397   154820    3.19%
*  3474  1604      integral     0      624.0000      605.1087   157303    3.03%
   3506  1623      617.0694   151      624.0000      605.1316   159384    3.02%          x40_89 D   3506   3505     18
*  3594  1544      integral     0      623.0000      605.3810   163568    2.83%
   3650  1579      611.8333   202      623.0000      605.5315   167015    2.80%          x111_2 D   3650   3649     12
   3774  1671      621.7840   228      623.0000      605.7298   175412    2.77%          x149_7 D   3774   3773     12
   3897  1756      614.7125   257      623.0000      606.2308   183576    2.69%          x39_89 D   3897   3896     10
   4020  1831      619.8810   190      623.0000      606.5476   191239    2.64%          x90_40 D   4020   4019     19
   4141  1908      616.9873   274      623.0000      606.8542   198711    2.59%          x149_7 D   4141   4140     11
   4300  2020      610.4668   207      623.0000      607.0333   204413    2.56%          x39_89 D   4300   4299     11
   4468  2135      616.0714   134      623.0000      607.1940   209130    2.54%          x62_78 N   4468   4467     12
Elapsed time = 159.49 sec. (137514.51 ticks, tree = 24.13 MB, solutions = 4)
   4615  2238      615.9062   192      623.0000      607.4122   214156    2.50%          x39_40 D   4615   4614     21
   4775  2351      617.6111   192      623.0000      607.5357   218839    2.48%         x39_115 D   4775   4774     17
   4940  2471      620.4167   149      623.0000      607.7188   223034    2.45%          x62_78 U   4940   4939     10
   5090  2565      614.2381   179      623.0000      608.0000   227844    2.41%          x55_24 D   5090   5089     14
   5249  2682      614.8611   202      623.0000      608.1667   232685    2.38%          x52_12 D   5249   5248     15
   5409  2784      612.9848   223      623.0000      608.3462   237441    2.35%        x118_134 D   5409     78     22
*  5562  2655      integral     0      622.0000      608.5372   242298    2.16%
   5565  2653        cutoff            622.0000      608.5625   242447    2.16%          x62_78 U   5565   5563     11
   5722  2750      610.7788   174      622.0000      608.7500   247274    2.13%          x50_11 U   5722    164     18
   5862  2835        cutoff            622.0000      608.9241   253369    2.10%         x93_111 U   5862   5860     15
   5997  2914      614.6000   177      622.0000      609.1000   258890    2.07%          x55_24 D   5997   5996     14
Elapsed time = 204.74 sec. (175809.28 ticks, tree = 59.11 MB, solutions = 5)
   6120  2990      620.2857   138      622.0000      609.2143   264329    2.06%         x93_111 U   6120   6119     14
   6272  3077      618.6667   122      622.0000      609.3500   269139    2.03%          x52_12 D   6272   6271     18
   6427  3180      616.5192   267      622.0000      609.5000   273437    2.01%         x10_149 U   6427   2633      5
   6566  3255      614.9722   112      622.0000      609.7647   278766    1.97%          x149_7 D   6566   6565     14
   6716  3344      617.3333    91      622.0000      609.9141   283765    1.94%          x90_40 U   6716   6713     22
   6845  3408      614.8333   131      622.0000      610.0000   288513    1.93%         x40_149 D   6845   6844     15
*  6883  3028      integral     0      621.0000      610.0000   289581    1.77%
   6999  3086      618.9524   220      621.0000      610.1667   294030    1.74%          x93_24 N   6999    216     14
   7152  3178      614.5000    95      621.0000      610.2500   297813    1.73%          x40_89 D   7152   7151     18
   7297  3248      619.9706   144      621.0000      610.3333   301972    1.72%        x115_125 D   7297   7296     24
   7441  3322      617.0714   160      621.0000      610.4882   306932    1.69%         x93_111 U   7441   7440     19
Elapsed time = 246.40 sec. (214259.94 ticks, tree = 84.40 MB, solutions = 6)
   7595  3390      614.8750   157      621.0000      610.6077   312009    1.67%         x93_111 U   7595   7594     15
   7738  3461        cutoff            621.0000      610.6429   317510    1.67%          x89_65 D   7738   7737     25
   7875  3516        cutoff            621.0000      610.8214   323612    1.64%          x39_40 D   7875   7874     14
   8007  3573      615.7000   185      621.0000      610.9722   330087    1.61%          x50_24 U   8007   3679      7
   8154  3648      619.5000    90      621.0000      611.0189   336372    1.61%          x111_2 D   8154   8153     21
   8297  3707      616.9667   261      621.0000      611.1875   342975    1.58%          x82_99 D   8297   8296     13
   8436  3765      615.6323   226      621.0000      611.2687   348841    1.57%         x10_149 D   8436   8435     18
   8583  3838      618.4286   211      621.0000      611.3667   354185    1.55%          x30_19 U   8583   2263      7
   8721  3896      619.0000   108      621.0000      611.4792   360713    1.53%         x149_10 D   8721   8720     22
   8860  3954      615.1176   107      621.0000      611.5278   366296    1.53%         x125_99 D   8860   8859     19
Elapsed time = 286.25 sec. (252654.49 ticks, tree = 101.38 MB, solutions = 6)
   9004  4020      618.0748   191      621.0000      611.6250   371640    1.51%          x111_2 N   9004   1785     17
   9163  4117      618.7653   246      621.0000      611.7364   377022    1.49%          x2_111 D   9163   9162     16
   9299  4211      616.4773   197      621.0000      611.7500   380859    1.49%          x52_55 D   9299   9298     13
   9443  4276      618.0189   174      621.0000      611.8667   388557    1.47%         x10_149 U   9443   2738      9
   9582  4321        cutoff            621.0000      611.9375   395635    1.46%          x2_111 U   9582   9580     18
   9717  4375      616.2500   109      621.0000      612.0000   400909    1.45%          x55_24 D   9717   9716     11
   9863  4441        cutoff            621.0000      612.1000   405705    1.43%         x10_149 D   9863   9862     15
  10000  4534      618.6667   166      621.0000      612.1714   411536    1.42%          x24_50 U  10000   9999      9
  10148  4596      615.6000   150      621.0000      612.2955   418810    1.40%         x93_111 U  10148    677     14
  10301  4659        cutoff            621.0000      612.3786   423653    1.39%         x99_125 U  10301  10298     22
Elapsed time = 323.17 sec. (291041.30 ticks, tree = 112.07 MB, solutions = 6)
  10441  4717      617.3833   186      621.0000      612.5000   428618    1.37%           x62_7 D  10441  10440     14
  10583  4761        cutoff            621.0000      612.5833   434615    1.36%          x39_89 U  10583   9033      9
  10707  4806      619.5275   195      621.0000      612.6774   441009    1.34%          x52_12 N  10707    609     31
  10861  4880        cutoff            621.0000      612.7500   445506    1.33%         x112_36 U  10861  10859     33
  11018  4962        cutoff            621.0000      612.8042   449785    1.32%          x149_7 U  11018  11015     19
  11181  5052      619.2500   115      621.0000      612.8750   453953    1.31%          x52_12 D  11181  11180     20
  11320  5082      616.9167   165      621.0000      612.9712   458728    1.29%          x52_12 D  11320  11319     19
  11485  5143      617.5379   238      621.0000      613.0000   463212    1.29%          x52_12 D  11485  11484     13
  11664  5237      616.1667   157      621.0000      613.0767   466889    1.28%          x82_99 D  11664  11663     14
  11794  5283      618.5833   166      621.0000      613.1423   472130    1.27%          x82_99 D  11794  11793     14
Elapsed time = 361.58 sec. (329461.78 ticks, tree = 137.12 MB, solutions = 6)
  11928  5328        cutoff            621.0000      613.2000   478180    1.26%          x78_66 U  11928  11926     27
  12118  5439      619.4111   147      621.0000      613.2500   482928    1.25%          x52_12 D  12118  12117     34
  12270  5482        cutoff            621.0000      613.3333   489448    1.23%          x149_7 D  12270  12269     19
  12400  5542      617.1667    89      621.0000      613.3651   496030    1.23%        x149_150 D  12400  12399     22
  12551  5584      617.2500    87      621.0000      613.4167   501620    1.22%         x93_111 D  12551  12550     16
  12703  5656      616.1217   205      621.0000      613.4743   506803    1.21%         x40_150 D  12703  12701     12
  12879  5736        cutoff            621.0000      613.5000   512274    1.21%         x125_99 U  12879  12877     26
  13047  5806        cutoff            621.0000      613.5270   519298    1.20%         x52_134 U  13047  13045     18
  13200  5841      618.1000   171      621.0000      613.6000   525463    1.19%         x40_150 D  13200  13199     11
  13350  5908      615.5278   109      621.0000      613.6634   532114    1.18%         x111_24 D  13350  13349     17
Elapsed time = 396.99 sec. (367884.91 ticks, tree = 141.55 MB, solutions = 6)
  13486  5947      617.2751   240      621.0000      613.7167   538098    1.17%          x52_12 D  13486  13485     17
  13645  6014      615.6250    93      621.0000      613.7500   542271    1.17%          x90_40 D  13645  13644     26
  13805  6066      615.2500    86      621.0000      613.8026   546544    1.16%          x89_65 U  13805   4306     18
  13946  6116      618.0000   116      621.0000      613.8544   551107    1.15%           x62_7 D  13946  13945     13
  14092  6156      619.7500   157      621.0000      613.9167   556568    1.14%          x52_12 N  14092   9675     15
* 14190  5179      integral     0      620.0000      613.9318   559176    0.98%
  14247  5181      616.3471   204      620.0000      613.9635   562982    0.97%          x50_24 U  14247   7527     13
  14401  5191        cutoff            620.0000      614.0000   568451    0.97%          x52_12 U  14401  14399     17
  14539  5223      618.9286    92      620.0000      614.0667   574916    0.96%          x149_7 D  14539  14538     21
  14675  5253      616.4667   155      620.0000      614.1369   580452    0.95%           x62_7 U  14675   9369     15
  14806  5266      618.5741   166      620.0000      614.2126   586633    0.93%         x78_149 D  14806  14805     12
Elapsed time = 431.87 sec. (406266.70 ticks, tree = 126.91 MB, solutions = 7)
  14948  5327      619.0000    29      620.0000      614.2500   592244    0.93%         x36_147 N  14948  14946     32
  15101  5358      614.8333    92      620.0000      614.2614   598735    0.93%        x149_150 D  15101  15100     21
  15260  5408      618.9286   122      620.0000      614.3220   604103    0.92%          x52_12 D  15260  15259     16
  15398  5427        cutoff            620.0000      614.3636   610449    0.91%          x82_66 D  15398  15397     21
  15532  5440      617.9643   146      620.0000      614.4323   616111    0.90%          x111_2 D  15532  15530     22
  15683  5478        cutoff            620.0000      614.5000   620549    0.89%          x82_66 U  15683  15681     26
  15855  5536      618.1429    28      620.0000      614.5000   624178    0.89%          x52_12 D  15855  15854     36
  15992  5570      617.8333    67      620.0000      614.5333   628924    0.88%         x99_125 U  15992  15991     23
  16135  5597        cutoff            620.0000      614.5833   634241    0.87%         x111_93 U  16135  16134     17
  16280  5615      617.0556   137      620.0000      614.6429   638826    0.86%          x52_12 U  16280   6508     18
Elapsed time = 463.95 sec. (444644.46 ticks, tree = 130.17 MB, solutions = 7)
  16419  5662      618.0000    21      620.0000      614.6667   643980    0.86%         x100_60 D  16419  16418     53
  16556  5707      617.7852   129      620.0000      614.7235   648985    0.85%          x52_12 N  16556  10622     24
  16713  5724      615.0833   151      620.0000      614.7500   654536    0.85%          x52_11 U  16713   2592     22
  16883  5783        cutoff            620.0000      614.8000   659603    0.84%         x89_115 D  16883  16882     17
  17036  5848      618.0000   171      620.0000      614.8333   663953    0.83%          x2_111 U  17036   9967     16
  17178  5861        cutoff            620.0000      614.9167   670817    0.82%        x146_118 D  17178  17176     30
  17323  5889        cutoff            620.0000      614.9789   676978    0.81%          x55_24 U  17323   5376     12
  17480  5937      617.7500   101      620.0000      615.0000   680151    0.81%           x62_7 U  17480   7797     15
  17619  5962        cutoff            620.0000      615.0000   684247    0.81%        x149_150 U  17619  17617     31
  17759  5982      618.8048   200      620.0000      615.0556   688819    0.80%          x78_66 D  17759  17758     20
Elapsed time = 493.64 sec. (483049.21 ticks, tree = 129.16 MB, solutions = 7)
  17889  5988      615.9667   222      620.0000      615.1111   694942    0.79%         x78_149 D  17889  17888     20
  18026  5996      616.0195   204      620.0000      615.1829   700529    0.78%          x52_12 D  18026  18025     21
  18170  6010      618.7500   142      620.0000      615.2468   705115    0.77%           x62_7 U  18170  18168     19
  18310  6049      617.3783   203      620.0000      615.2500   709483    0.77%          x55_24 D  18310  18309     15
  18446  6075      618.3333   104      620.0000      615.2778   713980    0.76%          x72_50 D  18446  18445     37
  18584  6085      615.8333    79      620.0000      615.3333   718930    0.75%        x125_149 D  18584  18583     26
  18719  6098        cutoff            620.0000      615.3667   723736    0.75%          x111_2 U  18719  18717     19
  18864  6111      618.5000    16      620.0000      615.4167   728888    0.74%         x36_147 U  18864  18862     24
  19013  6162      616.8000    74      620.0000      615.4386   734251    0.74%        x149_150 U  19013  19012     25
  19158  6176      618.1000    53      620.0000      615.5000   739015    0.73%         x112_60 D  19158  19156     28
Elapsed time = 523.47 sec. (521366.71 ticks, tree = 129.54 MB, solutions = 7)
  19303  6183      618.4000    21      620.0000      615.5000   742785    0.73%         x112_36 U  19303  19302     23
  19455  6195      618.8000   125      620.0000      615.5426   748231    0.72%         x111_93 U  19455  19454     20
  19601  6196        cutoff            620.0000      615.5962   753623    0.71%          x40_65 U  19601  19599     20
  19728  6188      617.2778   101      620.0000      615.6389   758796    0.70%         x39_115 D  19728  19727     24
  19860  6187        cutoff            620.0000      615.6989   763927    0.69%          x55_24 U  19860  15002     25
  19998  6186      616.8883   203      620.0000      615.7500   769026    0.69%          x40_65 U  19998  16584     18
  20133  6164      617.2353   121      620.0000      615.7556   773671    0.68%         x116_36 D  20133  20132     34
  20274  6165        cutoff            620.0000      615.8220   779065    0.67%          x2_111 U  20274  16484     14
  20406  6171        cutoff            620.0000      615.8571   784766    0.67%          x149_7 U  20406   8178     11
  20527  6149        cutoff            620.0000      615.9000   790101    0.66%          x149_7 U  20527  20526     13
Elapsed time = 550.52 sec. (559711.05 ticks, tree = 125.17 MB, solutions = 7)
  20653  6132        cutoff            620.0000      615.9487   795447    0.65%          x78_82 U  20653  20652     22
  20776  6147      618.7500    21      620.0000      616.0000   800315    0.65%        x113_135 N  20776  20774     54
  20920  6191      619.0000    46      620.0000      616.0000   802916    0.65%         x111_97 D  20920  20919     32
  21068  6209      619.0000    62      620.0000      616.0000   805689    0.65%          x54_40 U  21068  21067     40
  21207  6198        cutoff            620.0000      616.0000   809509    0.65%         x149_10 U  21207   5399     16
  21324  6174        cutoff            620.0000      616.0500   814083    0.64%          x55_24 U  21324   2490     17
  21448  6167        cutoff            620.0000      616.1000   819220    0.63%         x149_78 U  21448  21446     23
  21586  6151        cutoff            620.0000      616.1638   823235    0.62%          x66_27 U  21586   1962     22
  21709  6118        cutoff            620.0000      616.2059   828177    0.61%           x98_8 N  21709  21707     43
  21832  6127        cutoff            620.0000      616.2500   833163    0.60%         x112_36 D  21832  21831     36
Elapsed time = 576.91 sec. (598083.16 ticks, tree = 122.69 MB, solutions = 7)
  21970  6151      619.0000    31      620.0000      616.2500   838864    0.60%         x26_112 D  21970  21969     26
  22092  6129      617.7742   166      620.0000      616.2750   842969    0.60%           x62_7 U  22092  18107     19
  22223  6083        cutoff            620.0000      616.3230   847786    0.59%          x149_7 U  22223   4140     11
  22366  6113        cutoff            620.0000      616.3333   852854    0.59%         x78_149 U  22366  15308     29
  22502  6078        cutoff            620.0000      616.3750   857443    0.58%          x78_66 U  22502  11631     15
  22630  6057      618.5000    90      620.0000      616.4286   861889    0.58%         x111_93 D  22630   9849     20
  22757  6015        cutoff            620.0000      616.4896   866514    0.57%          x52_12 U  22757  11319     19
  22915  6035        cutoff            620.0000      616.5000   870060    0.56%          x78_82 D  22915  17238     33
  23101  6085        cutoff            620.0000      616.5000   873173    0.56%          x111_2 U  23101  16389     24
  23244  6030      618.6000   102      620.0000      616.5000   877744    0.56%         x39_127 U  23244  12766     34
Elapsed time = 600.50 sec. (636435.83 ticks, tree = 114.66 MB, solutions = 7)
  23383  5999        cutoff            620.0000      616.5605   883083    0.55%          x36_60 D  23383  23381     23
  23519  5965      617.5833   161      620.0000      616.6000   887415    0.55%          x52_12 D  23519  23518     21
  23645  5905      618.0571   179      620.0000      616.6591   892135    0.54%          x89_65 D  23645  23643     22
  23786  5955        cutoff            620.0000      616.6667   895291    0.54%          x47_99 U  23786  23784     23
  23904  5944      617.3750    62      620.0000      616.6875   898644    0.53%          x90_40 U  23904   4518     21
  24037  5922        cutoff            620.0000      616.7292   902584    0.53%          x52_12 U  24037  21549     23
  24177  5937      617.6111    89      620.0000      616.7500   906901    0.52%          x90_40 U  24177  14315     22
  24327  5908      618.0833   145      620.0000      616.7500   910537    0.52%          x10_40 U  24327   9285     23
  24459  5855      617.5000    87      620.0000      616.8140   915023    0.51%          x40_65 U  24459  14741     23
  24594  5810      618.5515   235      620.0000      616.8496   918950    0.51%         x93_111 D  24594  14242     12
Elapsed time = 623.95 sec. (674748.79 ticks, tree = 108.39 MB, solutions = 7)
  24736  5800        cutoff            620.0000      616.8761   923229    0.50%          x93_24 U  24736  12387     14
  24868  5747        cutoff            620.0000      616.9286   927721    0.50%         x78_149 U  24868  24866     22
  24996  5704        cutoff            620.0000      616.9762   931675    0.49%         x10_149 U  24996   8846      9
  25156  5801        cutoff            620.0000      617.0000   935105    0.48%          x31_26 U  25156  25154     79
  25314  5899      617.6364    30      620.0000      617.0000   939116    0.48%         x116_36 D  25314  25313     46
  25510  6036      618.4000    34      620.0000      617.0000   942239    0.48%          x84_72 N  25510  25509     42
  25649  6119      618.5000    22      620.0000      617.0000   944093    0.48%        x114_101 D  25649  25648     58
  25818  6210      618.2000    39      620.0000      617.0000   947059    0.48%         x89_149 D  25818  25817     42
  25968  6241        cutoff            620.0000      617.0000   950597    0.48%         x134_52 D  25968  25966     31
  26121  6249      617.5000    54      620.0000      617.0000   954455    0.48%          x54_40 D  26121  26106     28
Elapsed time = 648.77 sec. (713105.85 ticks, tree = 105.51 MB, solutions = 7)
  26267  6223      618.5000   118      620.0000      617.0000   958079    0.48%        x115_125 U  26267  26265     25
  26406  6206      618.9939   197      620.0000      617.0059   962348    0.48%        x146_118 U  26406   3351     21
  26547  6161        cutoff            620.0000      617.0583   966981    0.47%         x78_149 U  26547  26545     16
  26683  6119        cutoff            620.0000      617.0833   970990    0.47%          x39_65 U  26683  19393     24
  26818  6086        cutoff            620.0000      617.1250   975475    0.46%         x114_64 N  26818  26817     48
  26970  6108        cutoff            620.0000      617.1500   980072    0.46%         x40_115 U  26970   4178     15
  27102  6078        cutoff            620.0000      617.1667   983905    0.46%          x39_89 U  27102  17983     14
  27236  6060        cutoff            620.0000      617.1892   988620    0.45%          x52_55 U  27236  14116     22
  27376  6052        cutoff            620.0000      617.2143   992978    0.45%          x52_12 U  27376   9046     30
  27520  6062        cutoff            620.0000      617.2399   997027    0.45%         x10_149 U  27520  11833     35
Elapsed time = 668.99 sec. (751472.25 ticks, tree = 97.67 MB, solutions = 7)
  27670  6091      618.0909    27      620.0000      617.2500  1001561    0.44%         x112_36 D  27670  27669     29
  27806  6042      619.0000    24      620.0000      617.2571  1005847    0.44%         x36_116 N  27806  25498     31
  27948  5998      618.8936   155      620.0000      617.2857  1009746    0.44%        x146_118 U  27948  27946     26
  28092  6008      617.7800   152      620.0000      617.3125  1013712    0.43%        x146_118 U  28092  24647     29
  28226  5967        cutoff            620.0000      617.3333  1017541    0.43%         x149_10 U  28226  16740     24
  28367  5919        cutoff            620.0000      617.3681  1021117    0.42%          x62_78 D  28367   3596      9
  28491  5852        cutoff            620.0000      617.4030  1025453    0.42%          x149_7 U  28491  16002     15
  28622  5779        cutoff            620.0000      617.4500  1028764    0.41%         x93_111 U  28622  22676     14
  28756  5755        cutoff            620.0000      617.5000  1032538    0.40%          x39_78 U  28756  17892     24
  28899  5799      617.8333    37      620.0000      617.5000  1035239    0.40%         x26_112 U  28899  27346     35
Elapsed time = 688.79 sec. (789815.49 ticks, tree = 86.90 MB, solutions = 7)
  29060  5849      617.8000    74      620.0000      617.5000  1038102    0.40%         x78_149 N  29060  13704     27
  29233  5898        cutoff            620.0000      617.5000  1041731    0.40%         x62_115 U  29233  17281     23
  29374  5883        cutoff            620.0000      617.5000  1045181    0.40%         x30_106 N  29374  10947     30
  29509  5799        cutoff            620.0000      617.5000  1048341    0.40%         x40_149 U  29509  18630     16
  29638  5721      619.0000    30      620.0000      617.5183  1051997    0.40%        x114_101 N  29638  25421     56
  29767  5635        cutoff            620.0000      617.5667  1055543    0.39%         x10_149 U  29767   9837     17
  29903  5576        cutoff            620.0000      617.6000  1058379    0.39%         x36_116 U  29903  17457     37
  30029  5514      619.0000    24      620.0000      617.6373  1061640    0.38%           x8_16 U  30029  30027     49
  30147  5486        cutoff            620.0000      617.6623  1065423    0.38%          x93_24 U  30147  24360     19
  30255  5518      618.0000    18      620.0000      617.6667  1068398    0.38%         x36_132 D  30255  30254     30
Elapsed time = 707.67 sec. (828080.59 ticks, tree = 78.56 MB, solutions = 7)
  30367  5533      618.6667    59      620.0000      617.6667  1070930    0.38%          x52_11 N  30367  20335     34
  30474  5495        cutoff            620.0000      617.6905  1073685    0.37%          x55_25 N  30474  30473     53
  30582  5454        cutoff            620.0000      617.7169  1076015    0.37%          x89_40 U  30582   2547     19
  30696  5401        cutoff            620.0000      617.7500  1078474    0.36%          x39_89 U  30696  16505     28
  30806  5321      619.0000    90      620.0000      617.7500  1080653    0.36%          x111_2 N  30806  13344     18
  30927  5267        cutoff            620.0000      617.7778  1083445    0.36%          x116_8 U  30927  23675     47
  31055  5180        cutoff            620.0000      617.8186  1085975    0.35%          x52_12 U  31055  18110     22
  31173  5111      618.0000   168      620.0000      617.8333  1088231    0.35%           x62_7 U  31173  24832     19
  31300  5050        cutoff            620.0000      617.8571  1091265    0.35%          x39_65 U  31300  11141     25
  31424  4952        cutoff            620.0000      617.9048  1093713    0.34%          x52_55 U  31424  17114     21
Elapsed time = 725.29 sec. (866402.14 ticks, tree = 67.37 MB, solutions = 7)
  31544  4868      619.0000    85      620.0000      617.9420  1096107    0.33%          x111_2 N  31544  16093     21
  31670  4792        cutoff            620.0000      618.0000  1099043    0.32%         x149_78 D  31670  31669     24
  31807  4763      619.0000    20      620.0000      618.0000  1102357    0.32%        x114_101 D  31807  31806     33
  31916  4771      618.6667    20      620.0000      618.0000  1104887    0.32%          x83_21 N  31916  31915     84
  32055  4788        cutoff            620.0000      618.0000  1108109    0.32%           x8_16 D  32055  25315     48
  32184  4787      618.8000    80      620.0000      618.0000  1111917    0.32%          x44_72 N  32184  32183     32
  32325  4795      618.0000    26      620.0000      618.0000  1114530    0.32%          x36_26 D  32325  32324     36
  32463  4794        cutoff            620.0000      618.0000  1118231    0.32%         x109_12 U  32463  32445     27
  32579  4771        cutoff            620.0000      618.0000  1121471    0.32%        x118_134 D  32579  21405     27
  32697  4736        cutoff            620.0000      618.0000  1123785    0.32%         x36_147 U  32697  19153     25
Elapsed time = 743.79 sec. (904734.34 ticks, tree = 63.91 MB, solutions = 7)
  32835  4686        cutoff            620.0000      618.0000  1126241    0.32%          x54_10 U  32835  28055     29
  32963  4605        cutoff            620.0000      618.0000  1128817    0.32%         x149_78 U  32963  24046     23
  33080  4528        cutoff            620.0000      618.0000  1131187    0.32%          x2_111 U  33080   6118     13
  33220  4494      618.4000    23      620.0000      618.0000  1134246    0.32%         x112_26 U  33220  31218     37
  33347  4441        cutoff            620.0000      618.0444  1136829    0.32%          x52_12 U  33347  17735     16
  33463  4357        cutoff            620.0000      618.0833  1139360    0.31%         x112_60 U  33463  32406     35
  33585  4290        cutoff            620.0000      618.1012  1141712    0.31%        x101_132 U  33585  24282     28
  33702  4203        cutoff            620.0000      618.1316  1143762    0.30%          x55_93 U  33702  25366     61
  33805  4123        cutoff            620.0000      618.1583  1146360    0.30%          x44_72 U  33805  33804     36
  33953  4128        cutoff            620.0000      618.1667  1148120    0.30%          x10_40 U  33953   7248     26
Elapsed time = 762.32 sec. (943105.45 ticks, tree = 53.84 MB, solutions = 7)
  34063  4034        cutoff            620.0000      618.1888  1149862    0.29%          x30_59 U  34063  16845     20
  34178  3960        cutoff            620.0000      618.2103  1151962    0.29%          x2_111 U  34178  24979     17
  34290  3881        cutoff            620.0000      618.2391  1154021    0.28%          x44_72 U  34290  31995     40
  34394  3845        cutoff            620.0000      618.2500  1155561    0.28%        x135_110 N  34394  34393     64
  34504  3782        cutoff            620.0000      618.2500  1157608    0.28%         x40_115 U  34504   5899     17
  34618  3682        cutoff            620.0000      618.2500  1159363    0.28%          x10_40 U  34618  11623     24
  34731  3592        cutoff            620.0000      618.2819  1161134    0.28%         x54_149 U  34731  24138     38
  34842  3508        cutoff            620.0000      618.3039  1162817    0.27%         x116_36 U  34842  20184     34
  34964  3432      619.0000    24      620.0000      618.3333  1164401    0.27%        x136_117 N  34964  34963     85
  35092  3373        cutoff            620.0000      618.3333  1165704    0.27%         x40_149 U  35092  20656     28
Elapsed time = 778.75 sec. (981394.11 ticks, tree = 43.12 MB, solutions = 7)
  35205  3296        cutoff            620.0000      618.3470  1167183    0.27%          x52_11 U  35205  27491     52
  35320  3195        cutoff            620.0000      618.3844  1168950    0.26%          x84_72 U  35320  31678     56
  35435  3117        cutoff            620.0000      618.4071  1170739    0.26%          x149_7 U  35435  13749     20
  35554  3023        cutoff            620.0000      618.4444  1172340    0.25%         x115_65 D  35554  35553     29
  35669  2918        cutoff            620.0000      618.4861  1173845    0.24%         x93_111 D  35669   5769     16
  35802  2854        cutoff            620.0000      618.5000  1175167    0.24%         x100_72 U  35802  23842     37
  35923  2799        cutoff            620.0000      618.5000  1176873    0.24%         x121_45 D  35923  35921     54
  36035  2757        cutoff            620.0000      618.5000  1178619    0.24%         x112_36 U  36035  36033     41
  36152  2722        cutoff            620.0000      618.5000  1180453    0.24%         x40_115 U  36152  14026     17
  36269  2620        cutoff            620.0000      618.5000  1181921    0.24%         x39_115 U  36269  22768     24
Elapsed time = 793.43 sec. (1019723.33 ticks, tree = 32.29 MB, solutions = 7)
  36382  2518        cutoff            620.0000      618.5000  1183473    0.24%         x37_130 U  36382  28880     73
  36499  2465        cutoff            620.0000      618.5031  1185780    0.24%          x52_55 U  36499   6959     16
  36617  2372        cutoff            620.0000      618.5455  1187301    0.23%          x52_12 U  36617   3166     22
  36731  2281        cutoff            620.0000      618.5833  1188387    0.23%        x109_104 U  36731  15215     41
  36850  2168        cutoff            620.0000      618.6154  1189554    0.22%        x112_132 U  36850  26314     31
  36966  2073        cutoff            620.0000      618.6500  1190765    0.22%          x37_97 U  36966   7489     18
  37090  2014      619.0000    24      620.0000      618.6667  1191937    0.22%        x135_110 U  37090  35828     64
  37212  1956        cutoff            620.0000      618.6667  1193477    0.22%          x72_50 U  37212  17840     24
  37340  1855        cutoff            620.0000      618.6929  1194743    0.21%          x24_50 U  37340  11894     11
  37456  1750        cutoff            620.0000      618.7333  1195830    0.20%          x50_11 D  37456  20156     58
Elapsed time = 807.06 sec. (1058103.72 ticks, tree = 21.03 MB, solutions = 7)
  37569  1653        cutoff            620.0000      618.7500  1196845    0.20%          x39_89 U  37569   5382     18
  37685  1542        cutoff            620.0000      618.7778  1197772    0.20%          x40_89 U  37685   6071     16
  37800  1433        cutoff            620.0000      618.8333  1198632    0.19%          x44_72 D  37800  15858     38
  37917  1325        cutoff            620.0000      618.8571  1199338    0.18%         x115_65 U  37917  22062     32
  38038  1227        cutoff            620.0000      618.9138  1200034    0.18%          x50_72 U  38038  27172     38
  38156  1113        cutoff            620.0000      618.9750  1200545    0.17%          x10_40 U  38156  21369     21
  38287  1027        cutoff            620.0000      619.0000  1201676    0.16%         x100_31 U  38287  27642     58
  38432   948        cutoff            620.0000      619.0000  1202785    0.16%         x100_31 U  38432  38396     52
  38569   854        cutoff            620.0000      619.0000  1203626    0.16%         x73_100 U  38569  34966     88
  38710   787        cutoff            620.0000      619.0000  1204664    0.16%        x135_110 N  38710  25783     60
Elapsed time = 819.85 sec. (1096338.04 ticks, tree = 7.50 MB, solutions = 7)
  38870   759        cutoff            620.0000      619.0000  1205443    0.16%         x100_31 U  38870  23050     53
  38999   686        cutoff            620.0000      619.0000  1206124    0.16%         x121_45 U  38999  38997     57
  39117   599        cutoff            620.0000      619.0000  1207125    0.16%        x109_104 U  39117  32365     36
  39237   533        cutoff            620.0000      619.0000  1208098    0.16%         x41_145 N  39237  39235     64
  39376   433        cutoff            620.0000      619.0000  1209145    0.16%          x16_26 U  39376  37516     63
  39499   332        cutoff            620.0000      619.0000  1210313    0.16%         x109_12 U  39499  36506     25
  39629   246        cutoff            620.0000      619.0000  1211666    0.16%         x62_144 U  39629  34096     19
  39751   147        cutoff            620.0000      619.0000  1212539    0.16%          x89_65 U  39751  16892     23
  39897    65    infeasible            620.0000      619.0000  1213428    0.16%         x26_112 U  39897  25713     35

Clique cuts applied:  1
Zero-half cuts applied:  8
Gomory fractional cuts applied:  1
User cuts applied:  5943

Root node processing (before b&c):
  Real time             =    1.42 sec. (2887.48 ticks)
Sequential b&c:
  Real time             =  833.98 sec. (1132196.30 ticks)
                          ------------
Total (root+branch&cut) =  835.40 sec. (1135083.78 ticks)

