Version identifier: 22.1.0.0 | 2022-03-09 | 1a383f8ce
CPXPARAM_Preprocessing_Reduce                    1
CPXPARAM_Threads                                 1
CPXPARAM_Preprocessing_Reformulations            0
CPXPARAM_TimeLimit                               10800
CPXPARAM_MIP_Tolerances_AbsMIPGap                0.999
CPXPARAM_MIP_Limits_TreeMemory                   20000
Legacy callback                                  BbLUID
         Disabling repeat represolve because of lazy constraint/incumbent callback.
1 of 1 MIP starts provided solutions.
MIP start 'm1' defined initial solution with objective 686.0000.
Tried aggregator 1 time.
MIP Presolve eliminated 44476 rows and 0 columns.
MIP Presolve modified 1835 coefficients.
Reduced MIP has 2137 rows, 9500 columns, and 63029 nonzeros.
Reduced MIP has 9500 binaries, 0 generals, 0 SOSs, and 0 indicators.
Presolve time = 0.06 sec. (98.96 ticks)
Probing time = 0.00 sec. (4.28 ticks)
Clique table members: 2137.
MIP emphasis: balance optimality and feasibility.
MIP search method: traditional branch-and-cut.
Parallel mode: none, using 1 thread.
Root relaxation solution time = 0.00 sec. (11.51 ticks)

        Nodes                                         Cuts/
   Node  Left     Objective  IInf  Best Integer    Best Bound    ItCnt     Gap         Variable B NodeID Parent  Depth

*     0+    0                          686.0000        0.0000           100.00%
      0     0      621.2500    93      686.0000      557.0000      196   18.80%
      0     0      626.0000    53      686.0000      Cuts: 96      257    8.75%
      0     0      632.2500   104      686.0000      User: 93      312    7.84%
      0     0      633.8333   110      686.0000       Cuts: 8      331    7.60%
      0     0      636.4118   196      686.0000      Cuts: 20      377    7.23%
      0     0      636.5417   210      686.0000      Cuts: 22      395    7.21%
      0     0      636.5556   206      686.0000      User: 14      400    7.21%
      0     0      636.5714   215      686.0000      Cuts: 15      414    7.21%
      0     0      636.5714   196      686.0000       User: 5      422    7.21%
      0     0      636.5714   201      686.0000      User: 11      426    7.21%
      0     0      639.5000   154      686.0000      User: 10      435    6.78%
      0     0      641.7500   170      686.0000      User: 10      452    6.45%
      0     0      642.0000   160      686.0000      User: 14      458    6.41%
      0     0      642.0000   173      686.0000      User: 11      462    6.41%
      0     0      642.0000    48      686.0000       User: 7      466    6.41%
      0     0      642.7500   109      686.0000      User: 38      502    6.30%
      0     0      642.7500   117      686.0000       User: 6      504    6.30%
      0     0      643.9375   207      686.0000      User: 23      546    6.13%
      0     0      643.9375   218      686.0000       User: 8      553    6.13%
      0     0      644.0000   184      686.0000      User: 12      559    6.12%
      0     0      644.2143   116      686.0000      User: 18      591    6.09%
      0     0      646.7500   178      686.0000      User: 18      647    5.72%
      0     0      647.3333   182      686.0000       User: 9      667    5.64%
      0     0      647.3750   169      686.0000      User: 11      671    5.63%
      0     0      648.2500   100      686.0000       User: 3      696    5.50%
      0     0      649.8750   191      686.0000       User: 9      752    5.27%
      0     0      650.3333   161      686.0000      User: 21      769    5.20%
      0     0      650.8125   150      686.0000      User: 29      794    5.13%
      0     0      650.8125   146      686.0000       User: 4      795    5.13%
      0     0      652.7500   156      686.0000      User: 17      854    4.85%
      0     0      653.2917   220      686.0000      User: 12      912    4.77%
      0     0      653.3750   219      686.0000      User: 16      925    4.76%
      0     0      653.3750   209      686.0000      User: 12      927    4.76%
      0     0      653.9250   188      686.0000       User: 8      942    4.68%
      0     0      653.9250   208      686.0000      User: 17      947    4.68%
      0     0      654.7159   208      686.0000       User: 2      995    4.56%
      0     0      654.8091   188      686.0000      User: 11      998    4.55%
      0     0      655.3000   156      686.0000      User: 13     1020    4.48%
      0     0      655.5000   194      686.0000       User: 8     1039    4.45%
      0     0      656.3667   187      686.0000       User: 3     1111    4.32%
      0     0      656.5000   226      686.0000       User: 9     1116    4.30%
      0     0      656.6667   177      686.0000       User: 7     1160    4.28%
      0     0      656.6667   174      686.0000      User: 20     1161    4.28%
      0     0      656.6667   156      686.0000      User: 13     1161    4.28%
      0     0      656.6667   215      686.0000      User: 13     1181    4.28%
      0     0      656.6667   123      686.0000       User: 4     1181    4.28%
      0     0      657.0000   124      686.0000       User: 2     1193    4.23%
      0     0      657.4375   183      686.0000       User: 2     1239    4.16%
      0     0      657.5533   189      686.0000       User: 2     1254    4.15%
      0     0      658.0433   168      686.0000      User: 11     1330    4.08%
      0     0      658.0433   180      686.0000       User: 1     1335    4.08%
      0     2      658.0433   180      686.0000      658.1019     1335    4.07%                        0             0
Elapsed time = 3.18 sec. (9254.61 ticks, tree = 0.01 MB, solutions = 1)
      1     3      659.2500   167      686.0000      659.2500     1405    3.90%        x148_114 N      1      0      1
      2     4      659.6667   213      686.0000      659.2500     1473    3.90%          x40_78 N      2      1      2
      3     5      660.8829   252      686.0000      659.2500     1619    3.90%           x57_9 N      3      2      3
      4     6      671.6667   299      686.0000      659.2500     2054    3.90%           x57_9 N      4      2      3
      5     7      662.1048   260      686.0000      659.2500     2186    3.90%          x73_64 N      5      3      4
      6     8      662.2893   214      686.0000      659.2500     2288    3.90%          x73_64 N      6      3      4
      7     9      662.2740   265      686.0000      659.2500     2320    3.90%         x34_117 N      7      5      5
     10    12      663.0200   241      686.0000      659.2500     2471    3.90%          x64_73 N     10      9      7
     11    13      666.1250   242      686.0000      659.2500     2800    3.90%          x64_73 N     11      9      7
     25    27      676.1964   237      686.0000      659.2500     3858    3.90%          x73_34 N     25     23     16
Elapsed time = 5.94 sec. (14009.60 ticks, tree = 0.27 MB, solutions = 1)
     40    34      673.4833   236      686.0000      660.0000     5035    3.79%           x57_9 N     40     38      2
     51    45      666.8000   241      686.0000      660.0000     5868    3.79%          x69_40 N     51     50     11
     60    54      672.4333   251      686.0000      660.0000     6950    3.79%         x146_69 U     60     58     16
     83    70      684.2500    77      686.0000      660.0000     7970    3.79%         x37_122 N     83     81     30
    105    90      682.0000   110      686.0000      662.3041     9565    3.45%         x26_125 N    105    104     22
    123   104      671.2381   118      686.0000      662.3125    10741    3.45%          x92_34 N    123    122     14
    150   131      679.2021   140      686.0000      662.3125    11249    3.45%         x114_45 D    150    149     41
    178   148      672.0385   207      686.0000      662.3803    11897    3.44%          x69_40 N    178    177     13
    202   172      680.2500   125      686.0000      662.3803    12462    3.44%         x147_46 N    202    201     37
    234   200      671.8627   183      686.0000      663.0833    13916    3.34%        x114_148 U    234    232     14
Elapsed time = 14.40 sec. (24151.40 ticks, tree = 3.20 MB, solutions = 1)
    255   220      684.4286   134      686.0000      663.0833    14881    3.34%          x3_147 N    255    252     29
    275   231      679.1842   262      686.0000      663.5227    15884    3.28%          x78_57 N    275     13      9
    307   259      673.3333   134      686.0000      663.7800    17032    3.24%         x37_122 U    307    306     31
    329   281      680.0436   141      686.0000      663.7800    17645    3.24%         x66_127 N    329    328     53
    360   305      683.5050   154      686.0000      663.7800    18185    3.24%         x42_135 D    360    359     84
    402   338      678.2000   128      686.0000      663.9000    18974    3.22%         x77_125 D    402    401     33
    439   369      672.2857   193      686.0000      664.1000    19853    3.19%         x117_45 D    439    438      9
    462   385      670.1591   252      686.0000      664.5000    20870    3.13%          x26_45 U    462     45      7
    495   412      668.7875   270      686.0000      664.6667    21794    3.11%         x118_45 D    495      8      6
    533   450      683.2174   171      686.0000      664.6667    22628    3.11%         x140_32 N    533    532     44
Elapsed time = 23.85 sec. (33962.32 ticks, tree = 8.38 MB, solutions = 1)
    565   476      680.5000   153      686.0000      664.7407    23374    3.10%         x73_100 D    565    564     26
    603   506      669.2500   165      686.0000      664.7407    23863    3.10%          x26_45 D    603    602     12
    640   543      679.7800   143      686.0000      664.7407    24478    3.10%          x70_98 D    640    639     49
    671   569      682.7000   131      686.0000      664.7407    24815    3.10%        x144_147 N    671    670     80
    704   596      672.1667    24      686.0000      664.7667    25399    3.10%          x27_13 D    704    702     26
    724   616      676.5000    16      686.0000      664.7667    25598    3.10%          x50_99 N    724    723     39
    751   636      678.7188    35      686.0000      664.7667    25791    3.10%         x14_110 D    751    749     62
    766   642      679.5000    21      686.0000      664.7667    25849    3.10%          x47_27 N    766    765     77
    800   665      680.5000    83      686.0000      664.7667    26069    3.10%          x57_78 D    800    799    110
    849   708      678.4500    48      686.0000      664.7667    26602    3.10%          x69_99 D    849    848     53
Elapsed time = 32.36 sec. (43986.78 ticks, tree = 17.63 MB, solutions = 1)
    898   750      668.5000   189      686.0000      665.0167    27115    3.06%          x73_34 U    898     15     10
    938   788      680.7609   148      686.0000      665.0167    28079    3.06%          x45_92 N    938    937     50
    965   805      671.2589   246      686.0000      665.2333    28755    3.03%         x117_34 D    965    964     12
*  1000   486      integral     0      680.0000      665.2333    29312    2.17%          x59_62 D   1000    999     47
   1024   504      678.2059   206      680.0000      666.1827    30941    2.03%         x28_127 D   1024   1022     13
   1049   519      672.7500   128      680.0000      666.7500    31829    1.95%         x76_127 D   1049   1048     21
   1093   557      676.6250   109      680.0000      666.7500    33158    1.95%          x85_99 U   1093   1092     31
   1139   595      670.2373   183      680.0000      666.8571    34290    1.93%         x28_127 D   1139   1138     13
*  1151   147      integral     0      673.0000      666.8571    34619    0.91%           x6_17 U   1151   1150     23
   1190   155      671.3621   246      673.0000      667.9167    36348    0.76%          x45_26 N   1190    173      9
Elapsed time = 41.67 sec. (52870.26 ticks, tree = 4.10 MB, solutions = 3)
   1234   154      671.3889   254      673.0000      669.0000    38319    0.59%         x147_46 U   1234    290     15
   1275   138        cutoff            673.0000      669.3667    40035    0.54%          x26_45 U   1275    230     12
   1319   141        cutoff            673.0000      669.5575    42043    0.51%         x141_69 D   1319   1318     22
*  1347    71      integral     0      672.0000      669.7917    42746    0.33%
   1373    49        cutoff            672.0000      670.2500    43461    0.26%         x148_49 D   1373    229     11

User cuts applied:  3323

Root node processing (before b&c):
  Real time             =    3.16 sec. (9227.06 ticks)
Sequential b&c:
  Real time             =   42.84 sec. (48267.76 ticks)
                          ------------
Total (root+branch&cut) =   46.00 sec. (57494.82 ticks)

