Version identifier: 22.1.0.0 | 2022-03-09 | 1a383f8ce
CPXPARAM_Preprocessing_Reduce                    1
CPXPARAM_Threads                                 1
CPXPARAM_Preprocessing_Reformulations            0
CPXPARAM_TimeLimit                               10800
CPXPARAM_MIP_Tolerances_AbsMIPGap                0.999
CPXPARAM_MIP_Limits_TreeMemory                   20000
Legacy callback                                  BbLUID
         Disabling repeat represolve because of lazy constraint/incumbent callback.
1 of 1 MIP starts provided solutions.
MIP start 'm1' defined initial solution with objective 732.0000.
Tried aggregator 1 time.
MIP Presolve eliminated 40111 rows and 0 columns.
MIP Presolve modified 1787 coefficients.
Reduced MIP has 2089 rows, 9251 columns, and 58127 nonzeros.
Reduced MIP has 9251 binaries, 0 generals, 0 SOSs, and 0 indicators.
Presolve time = 0.05 sec. (86.26 ticks)
Probing time = 0.00 sec. (4.23 ticks)
Clique table members: 2089.
MIP emphasis: balance optimality and feasibility.
MIP search method: traditional branch-and-cut.
Parallel mode: none, using 1 thread.
Root relaxation solution time = 0.00 sec. (10.93 ticks)

        Nodes                                         Cuts/
   Node  Left     Objective  IInf  Best Integer    Best Bound    ItCnt     Gap         Variable B NodeID Parent  Depth

*     0+    0                          732.0000        0.0000           100.00%
      0     0      633.5000    18      732.0000      554.0000      275   24.32%
      0     0      666.0000   124      732.0000     Cuts: 161      383    9.02%
      0     0      670.5000    41      732.0000      Cuts: 65      422    8.40%
      0     0      685.0000   130      732.0000      Cuts: 85      500    6.42%
      0     0      687.1250   252      732.0000      Cuts: 22      554    6.13%
      0     0      688.5000   102      732.0000      Cuts: 17      563    5.94%
      0     0      690.0000   142      732.0000      User: 21      577    5.74%
      0     0      690.0000   134      732.0000      Cuts: 20      588    5.74%
      0     0      690.0000   136      732.0000       Cuts: 5      592    5.74%
      0     0      690.1667   123      732.0000      Cuts: 18      605    5.71%
      0     0      690.1667   171      732.0000       Cuts: 8      624    5.71%
      0     0      690.5000   134      732.0000       User: 2      637    5.67%
      0     0      690.5000    32      732.0000       User: 2      653    5.67%
      0     0      692.7500   101      732.0000       User: 3      663    5.36%
      0     0      694.5000    52      732.0000      User: 13      672    5.12%
      0     0      694.7500    92      732.0000       User: 7      677    5.09%
      0     0      694.7500    91      732.0000       User: 5      678    5.09%
      0     0      695.0000    58      732.0000      User: 12      686    5.05%
      0     0      695.0000    58      732.0000       User: 4      687    5.05%
      0     0      695.5000    62      732.0000       User: 1      718    4.99%
      0     0      696.0000    71      732.0000       User: 8      733    4.92%
      0     0      696.0000    54      732.0000       User: 7      734    4.92%
      0     0      696.5000    58      732.0000       User: 5      766    4.85%
      0     0      697.0000    66      732.0000       User: 2      783    4.78%
      0     0      697.0000    28      732.0000       User: 8      787    4.78%
      0     0      697.0769   128      732.0000      User: 13      800    4.77%
      0     0      697.8000   103      732.0000       User: 5      816    4.67%
      0     0      697.8000   102      732.0000      User: 20      829    4.67%
      0     0      697.8000   100      732.0000       User: 3      833    4.67%
      0     0      697.8000   120      732.0000       User: 2      840    4.67%
      0     0      697.9524   112      732.0000       User: 3      849    4.65%
      0     0      698.0000   108      732.0000       User: 2      852    4.64%
      0     0      698.0000   100      732.0000       User: 6      852    4.64%
      0     0      698.3117   121      732.0000       User: 2      866    4.60%
      0     0      698.3191   130      732.0000       User: 2      867    4.60%
      0     0      698.4000   108      732.0000       User: 1      882    4.59%
      0     0      698.4545   102      732.0000       User: 2      886    4.58%
      0     0      698.8712   213      732.0000       User: 1      954    4.53%
      0     0      698.8712   221      732.0000       User: 4      956    4.53%
      0     0      698.9545   154      732.0000       User: 4      961    4.51%
      0     0      698.9545   182      732.0000      User: 28      963    4.51%
      0     0      698.9545   137      732.0000       User: 8      963    4.51%
      0     0      698.9545   177      732.0000      User: 14      965    4.51%
      0     0      699.0545   242      732.0000      User: 29      980    4.50%
      0     0      699.0545   201      732.0000      User: 17      980    4.50%
      0     0      699.0545   278      732.0000       User: 7     1001    4.50%
      0     0      699.0909   220      732.0000       User: 3     1014    4.50%
      0     0      699.1212   214      732.0000       User: 2     1024    4.49%
      0     0      699.1212   219      732.0000       User: 6     1026    4.49%
      0     0      699.1212   218      732.0000       User: 9     1028    4.49%
      0     2      699.1212   211      732.0000      699.6667     1028    4.42%                        0             0
Elapsed time = 1.98 sec. (4629.28 ticks, tree = 0.01 MB, solutions = 1)
      2     4      703.1667   201      732.0000      701.6667     1257    4.14%        x147_112 N      2      1      2
      4     6      703.7500    87      732.0000      703.1667     1306    3.94%         x132_14 U      4      3      3
      6     8      705.4091    93      732.0000      703.1667     1503    3.94%            x8_2 N      6      4      4
      9    11      706.1667   115      732.0000      703.1667     1612    3.94%         x92_125 N      9      8      6
     10    12      707.5238   140      732.0000      703.1667     1626    3.94%          x38_66 U     10      9      7
*    12    11      integral     0      709.0000      703.1667     1658    0.82%         x54_112 U     12     11      9
     18    11      704.4000   139      709.0000      703.8824     1916    0.72%         x27_108 U     18     17      6
     27    14      708.0000    18      709.0000      703.8824     2121    0.72%         x11_117 N     27     25     14
     36    16      706.1429   101      709.0000      705.0000     2439    0.56%         x117_64 N     36     35      9
*    47     3      integral     0      706.0000      705.0000     2729    0.14%

Zero-half cuts applied:  7
Gomory fractional cuts applied:  1
User cuts applied:  1244

Root node processing (before b&c):
  Real time             =    1.97 sec. (4610.01 ticks)
Sequential b&c:
  Real time             =    1.97 sec. (2970.84 ticks)
                          ------------
Total (root+branch&cut) =    3.95 sec. (7580.86 ticks)

