Version identifier: 22.1.0.0 | 2022-03-09 | 1a383f8ce
CPXPARAM_Preprocessing_Reduce                    1
CPXPARAM_Threads                                 1
CPXPARAM_Preprocessing_Reformulations            0
CPXPARAM_TimeLimit                               10800
CPXPARAM_MIP_Tolerances_AbsMIPGap                0.999
CPXPARAM_MIP_Limits_TreeMemory                   20000
Legacy callback                                  BbLUID
         Disabling repeat represolve because of lazy constraint/incumbent callback.
1 of 1 MIP starts provided solutions.
MIP start 'm1' defined initial solution with objective 667.0000.
Tried aggregator 1 time.
MIP Presolve eliminated 37934 rows and 0 columns.
MIP Presolve modified 1710 coefficients.
Reduced MIP has 2013 rows, 9249 columns, and 51238 nonzeros.
Reduced MIP has 9249 binaries, 0 generals, 0 SOSs, and 0 indicators.
Presolve time = 0.04 sec. (72.72 ticks)
Probing time = 0.00 sec. (4.30 ticks)
Clique table members: 2013.
MIP emphasis: balance optimality and feasibility.
MIP search method: traditional branch-and-cut.
Parallel mode: none, using 1 thread.
Root relaxation solution time = 0.00 sec. (11.75 ticks)

        Nodes                                         Cuts/
   Node  Left     Objective  IInf  Best Integer    Best Bound    ItCnt     Gap         Variable B NodeID Parent  Depth

*     0+    0                          667.0000        0.0000           100.00%
      0     0      570.5000    32      667.0000      481.0000      346   27.89%
      0     0      592.0000    88      667.0000     Cuts: 116      479   11.24%
      0     0      608.6000   107      667.0000      Cuts: 86      580    8.76%
      0     0      609.0000    61      667.0000      Cuts: 12      586    8.70%
      0     0      609.0000    61      667.0000       User: 6      587    8.70%
      0     0      609.6667    57      667.0000      User: 15      618    8.60%
      0     0      610.6667    51      667.0000      User: 15      644    8.45%
      0     0      610.7000    76      667.0000       Cuts: 5      661    8.44%
      0     0      616.6667    87      667.0000      User: 13      689    7.55%
      0     0      616.8750    87      667.0000       User: 7      693    7.51%
      0     0      617.3750    91      667.0000       User: 8      703    7.44%
      0     0      618.6250    57      667.0000       User: 6      709    7.25%
      0     0      621.3333    97      667.0000       User: 5      730    6.85%
      0     0      621.6667    87      667.0000      User: 18      758    6.80%
      0     0      623.6667    87      667.0000       User: 2      802    6.50%
      0     0      623.6667    88      667.0000      User: 10      803    6.50%
      0     0      624.8889   122      667.0000       User: 3      836    6.31%
      0     0      624.8889   124      667.0000       User: 8      840    6.31%
      0     0      630.8889   107      667.0000      User: 10      842    5.41%
      0     0      632.8889    77      667.0000      User: 24      895    5.11%
      0     0      634.4722   145      667.0000      User: 32      918    4.88%
      0     0      635.4722   187      667.0000       User: 8      950    4.73%
      0     0      635.8889   139      667.0000      User: 24      968    4.66%
      0     0      636.5556   110      667.0000      User: 12      991    4.56%
      0     0      637.9127   150      667.0000      User: 30     1010    4.36%
      0     0      639.1806   158      667.0000      User: 16     1051    4.17%
      0     0      640.5556   130      667.0000      User: 20     1083    3.96%
      0     0      640.5556   120      667.0000      User: 11     1086    3.96%
      0     0      641.0556   186      667.0000       User: 5     1101    3.89%
      0     0      642.0000   208      667.0000       User: 2     1152    3.75%
      0     0      642.1667   256      667.0000      User: 13     1171    3.72%
      0     0      642.2564   248      667.0000      User: 12     1192    3.71%
      0     0      642.2564   227      667.0000       User: 9     1198    3.71%
      0     0      642.2564   229      667.0000      User: 13     1201    3.71%
      0     0      642.2564   231      667.0000       User: 8     1203    3.71%
      0     0      642.2564   235      667.0000       User: 8     1214    3.71%
      0     0      642.4000   234      667.0000       User: 5     1235    3.69%
      0     0      642.4000   251      667.0000       User: 5     1247    3.69%
      0     0      642.4000   245      667.0000       User: 4     1272    3.69%
      0     0      643.0000   248      667.0000       User: 4     1311    3.60%
      0     0      643.0000   251      667.0000       User: 9     1313    3.60%
      0     0      643.9444   305      667.0000       User: 4     1377    3.46%
      0     0      644.0000   284      667.0000       User: 6     1381    3.45%
      0     2      644.0000   284      667.0000      644.1250     1381    3.43%                        0             0
Elapsed time = 1.62 sec. (3680.12 ticks, tree = 0.01 MB, solutions = 1)
      1     3      645.2955   298      667.0000      645.3000     1534    3.25%        x133_137 N      1      0      1
      3     5      647.0000   246      667.0000      645.5818     1712    3.21%         x31_114 N      3      1      2
      4     6      647.6667   218      667.0000      645.5818     1823    3.21%         x30_141 N      4      3      3
      8    10      649.2500   202      667.0000      645.5818     2048    3.21%          x42_33 U      8      6      5
     14    16      654.7500   122      667.0000      645.5818     2361    3.21%         x33_116 U     14     13     10
     16    18      652.7500   203      667.0000      645.5818     2494    3.21%          x85_62 D     16     15     11
     21    17        cutoff            667.0000      645.5818     2885    3.21%         x63_104 U     21     18     13
     25    21      647.2870   309      667.0000      645.8333     3128    3.17%        x133_114 U     25     24      5
     26    22      655.5000   323      667.0000      645.8333     3596    3.17%        x133_114 N     26     24      5
     43    39      654.3333   159      667.0000      645.8333     5092    3.17%          x26_85 N     43     41     15
Elapsed time = 4.84 sec. (7959.00 ticks, tree = 0.29 MB, solutions = 1)
     75    69      663.5000    64      667.0000      645.8333     6040    3.17%          x65_72 N     75     74     38
    106    93      659.6316   224      667.0000      646.2632     6855    3.11%         x104_76 N    106    105     28
    140   120      654.4510   341      667.0000      647.0000     8482    3.00%        x114_132 N    140      2      3
    171   140      649.6351   330      667.0000      647.3864    10419    2.94%         x78_134 D    171    170      9
    193   161      664.0000    59      667.0000      647.3864    11723    2.94%          x65_72 N    193    192     23
    231   194      662.9901   235      667.0000      647.6346    13123    2.90%          x26_85 D    231    230     30
    268   224      657.0500   227      667.0000      647.9167    14564    2.86%          x69_30 D    268    267     24
    300   248      662.2143   308      667.0000      648.1042    16045    2.83%         x137_12 D    300    299     16
    343   284      663.2827   220      667.0000      648.1389    17501    2.83%          x78_45 D    343    342     38
    372   306      656.8611   307      667.0000      648.1447    19370    2.83%         x112_24 D    372    371     16
Elapsed time = 17.89 sec. (17742.55 ticks, tree = 2.76 MB, solutions = 1)
    395   325      661.8000   204      667.0000      648.1447    21388    2.83%           x2_55 N    395    394     31
    445   364      658.5000    92      667.0000      648.4444    22984    2.78%         x26_140 D    445    444     37
    480   393      664.8333   208      667.0000      648.4444    23530    2.78%        x115_132 D    480      5      5
    527   430      655.1250   196      667.0000      649.1000    25067    2.68%        x129_134 N    527    525      7
    567   464      656.2727   270      667.0000      649.1333    25905    2.68%         x63_104 N    567    566     11
    620   510      655.8393   292      667.0000      649.1389    26739    2.68%          x145_6 N    620    619     17
    667   547        cutoff            667.0000      649.1389    27509    2.68%          x5_118 U    667    665     63
    720   596      656.2057   242      667.0000      649.2000    28716    2.67%          x78_45 N    720    719     37
    773   644      656.0000   102      667.0000      649.2250    29620    2.66%         x56_138 U    773    770      9
    820   687      666.0000    24      667.0000      649.2250    30521    2.66%         x142_99 N    820    819     44
Elapsed time = 30.12 sec. (27561.05 ticks, tree = 11.34 MB, solutions = 1)
    857   712      655.5000   244      667.0000      649.7500    31673    2.59%         x109_18 D    857    856     12
    903   748      654.2188   214      667.0000      649.7976    32779    2.58%          x33_69 D    903    902     15
    950   789      658.7857   297      667.0000      649.8333    34204    2.57%        x129_134 N    950    949     15
    980   815      658.0000   197      667.0000      649.9938    35618    2.55%        x105_114 U    980    979     11
   1023   851      659.4828   161      667.0000      650.0098    36929    2.55%        x126_102 D   1023   1021     26
   1058   876      659.0260   188      667.0000      650.0714    37957    2.54%        x126_102 N   1058   1057     19
   1096   906      658.2321   280      667.0000      650.2500    39580    2.51%          x33_30 U   1096   1095     17
   1134   938      663.5714   171      667.0000      650.2667    41828    2.51%        x146_145 D   1134   1132     21
   1170   968      663.9375   239      667.0000      650.2857    43542    2.51%         x53_128 N   1170   1169     35
   1215  1002      656.5000   144      667.0000      650.3889    44812    2.49%         x78_134 U   1215   1214     12
Elapsed time = 42.04 sec. (37249.66 ticks, tree = 14.63 MB, solutions = 1)
   1262  1043      664.5000    25      667.0000      650.4000    46387    2.49%          x145_6 U   1262   1261     34
   1295  1065      663.9398   215      667.0000      650.5714    47444    2.46%         x134_78 N   1295   1294     28
   1350  1108      665.7000   127      667.0000      650.6667    48537    2.45%          x26_85 N   1350   1348     39
   1393  1142      661.4833   189      667.0000      650.7500    49950    2.44%          x42_33 U   1393   1392     27
   1431  1173      663.3333   137      667.0000      650.7600    51379    2.43%         x99_110 U   1431   1430     28
   1474  1203      653.9052   253      667.0000      650.9583    52720    2.41%         x78_134 U   1474    252      9
   1517  1241      664.0278   162      667.0000      651.0000    54351    2.40%         x26_140 D   1517   1516     33
   1566  1283      651.9000   302      667.0000      651.1250    55604    2.38%        x129_134 D   1566    611      9
   1597  1313      665.1417   136      667.0000      651.1250    57292    2.38%          x63_85 N   1597   1596     32
   1645  1350      656.5833   245      667.0000      651.2222    58470    2.37%          x24_30 U   1645     86      9
Elapsed time = 55.25 sec. (47094.38 ticks, tree = 24.79 MB, solutions = 1)
   1687  1387      661.9167   164      667.0000      651.2500    59773    2.36%        x146_145 D   1687   1686     29
   1729  1419      655.5238   299      667.0000      651.4000    61884    2.34%        x129_134 U   1729   1727     13
   1764  1445      655.1418   299      667.0000      651.4118    63010    2.34%         x78_134 N   1764    206      6
   1802  1474      665.7500   159      667.0000      651.5000    64666    2.32%        x128_123 U   1802   1801     31
   1846  1509      661.9333   103      667.0000      651.5000    65573    2.32%         x33_116 N   1846   1845     18
   1886  1539      659.5000   192      667.0000      651.5455    66722    2.32%          x85_76 U   1886   1884     13
   1946  1589      661.1111   181      667.0000      651.7014    67674    2.29%         x138_56 U   1946   1945     24
   1988  1625      667.5000   294      667.0000      651.7500    69264    2.29%         x129_76 D   1988   1987     39
   2019  1649      657.7500   162      667.0000      651.8875    70624    2.27%         x56_138 N   2019   2017     14
   2047  1673      655.9792   246      667.0000      652.0000    72337    2.25%          x30_33 U   2047   2046     11
Elapsed time = 66.97 sec. (56902.59 ticks, tree = 31.90 MB, solutions = 1)
   2090  1713      664.5403   161      667.0000      652.0000    74060    2.25%        x103_134 D   2090   2089     31
   2135  1750      658.7500   194      667.0000      652.0000    75663    2.25%          x46_70 D   2135   2134     18
   2171  1778      659.5000   121      667.0000      652.0000    77501    2.25%          x85_76 U   2171   2169     17
   2200  1798      658.3056   252      667.0000      652.0000    78680    2.25%          x85_76 U   2200   2199     10
   2244  1837      662.8750   185      667.0000      652.1364    80020    2.23%         x76_104 U   2244   2243     28
   2290  1874      655.8519   201      667.0000      652.1667    81541    2.22%          x85_76 D   2290   2289     14
   2334  1910      656.7692   308      667.0000      652.1875    82964    2.22%        x129_134 U   2334   2333     10
   2376  1938      659.6429   194      667.0000      652.2029    84343    2.22%         x64_114 D   2376   2375     19
   2400  1956      659.0606   185      667.0000      652.2154    85681    2.22%          x26_85 D   2400   2399     16
   2444  1996      663.7513   186      667.0000      652.2500    87510    2.21%         x85_140 D   2444   2443     41
Elapsed time = 79.71 sec. (66613.24 ticks, tree = 40.78 MB, solutions = 1)
   2492  2037      664.2500    89      667.0000      652.2500    88890    2.21%           x2_55 U   2492   2491     30
   2522  2057      665.0263   114      667.0000      652.2500    90516    2.21%        x126_102 D   2522   2521     23
   2570  2095      664.4722   166      667.0000      652.2651    91647    2.21%         x138_56 U   2570   2569     34
   2615  2135      664.5000    65      667.0000      652.2727    92872    2.21%        x128_123 D   2615   2614     49
   2650  2162      658.3885   184      667.0000      652.3000    94479    2.20%          x32_56 N   2650   2648     16
   2682  2186      665.8000    95      667.0000      652.3000    95525    2.20%        x132_115 N   2682   2681     40
   2728  2224      658.0970   195      667.0000      652.3500    96810    2.20%          x85_76 N   2728   2727     29
   2768  2259      658.4583   232      667.0000      652.3750    97620    2.19%        x146_145 D   2768   2767     24
   2806  2293      664.5000   230      667.0000      652.4375    99479    2.18%         x78_134 N   2806   2805     25
   2843  2319      655.6667   206      667.0000      652.5000   101409    2.17%          x26_85 D   2843   2842     21
Elapsed time = 91.75 sec. (76432.79 ticks, tree = 46.20 MB, solutions = 1)
   2878  2352      664.3571   147      667.0000      652.5000   101992    2.17%        x106_140 D   2878   2877     56
   2933  2394      656.7500   134      667.0000      652.5000   102838    2.17%         x104_76 D   2933   2932     19
   2981  2442      662.9091   131      667.0000      652.5000   103661    2.17%          x61_27 U   2981   2980     67
   3032  2488      664.3333    75      667.0000      652.5000   104432    2.17%          x10_93 N   3032   3031     35
   3064  2506        cutoff            667.0000      652.5000   106094    2.17%          x61_27 U   3064   3062     31
   3115  2555      662.5909   118      667.0000      652.5000   107059    2.17%         x112_24 N   3115   3114     60
   3160  2594      665.0000    96      667.0000      652.5000   107863    2.17%         x145_80 D   3160   3159     39
   3200  2625      656.0833   128      667.0000      652.5000   109179    2.17%         x114_64 D   3200   3199     16
   3245  2663      666.7500   136      667.0000      652.5000   110373    2.17%           x2_55 U   3245   3244     18
   3274  2686      663.0376   241      667.0000      652.5000   112490    2.17%          x65_72 U   3274   3273     29
Elapsed time = 104.09 sec. (86637.66 ticks, tree = 56.98 MB, solutions = 1)
   3305  2710      663.5311   224      667.0000      652.6667   113809    2.15%        x129_140 N   3305   3304     33
   3345  2741      660.6667   124      667.0000      652.7500   115455    2.14%         x146_65 D   3345   3344     26
   3393  2782      665.3750   176      667.0000      652.7857   116290    2.13%          x85_32 N   3393   3392     40
   3431  2809      662.0000   204      667.0000      652.8000   117760    2.13%          x24_30 N   3431   3429     15
   3478  2845      653.6000   247      667.0000      652.8235   119014    2.13%          x24_30 D   3478   3477     15
   3518  2882      661.7564   159      667.0000      652.8333   120710    2.12%         x104_76 D   3518   3517     19
   3556  2914      666.0000   146      667.0000      652.8750   122757    2.12%          x63_85 U   3556   3554     35
   3596  2941      654.6944   320      667.0000      653.0000   123567    2.10%          x56_32 D   3596   3595     10
   3634  2973      659.2500    95      667.0000      653.0000   124649    2.10%          x33_42 D   3634   3633     27
   3798  3108      661.3333   108      667.0000      653.1667   129646    2.07%         x26_140 D   3798   3797     24
Elapsed time = 119.47 sec. (99137.30 ticks, tree = 64.92 MB, solutions = 1)
   3959  3228      660.4667   177      667.0000      653.2778   136384    2.06%          x32_56 U   3959   3958     12
   4101  3336      656.2143   309      667.0000      653.4815   141464    2.03%          x47_92 D   4101   4100     17
   4250  3458      661.2333   233      667.0000      653.5152   146610    2.02%          x24_30 D   4250   4249     22
   4400  3581      659.5556   160      667.0000      653.6000   150837    2.01%          x85_76 U   4400   4399     17
   4530  3683      653.7619   210      667.0000      653.7083   156578    1.99%          x32_56 U   4530   3478     16
   4678  3805      663.5556    76      667.0000      653.7500   160960    1.99%         x56_129 D   4678   4677     42
   4806  3906      657.4848   221      667.0000      653.8000   165788    1.98%           x2_55 D   4806    487     11
   4954  4029        cutoff            667.0000      653.8333   170977    1.97%         x128_92 U   4954   4952     47
   5096  4143      659.6944   215      667.0000      653.9000   176800    1.96%         x59_139 D   5096   5094     18
   5227  4252      660.3333   266      667.0000      653.9167   180933    1.96%          x46_70 U   5227   5225     21
Elapsed time = 163.62 sec. (137580.45 ticks, tree = 101.80 MB, solutions = 1)
   5368  4364      656.1481   214      667.0000      653.9375   186326    1.96%          x56_32 U   5368   1474     10
   5508  4480      657.1349   302      667.0000      654.0000   191101    1.95%         x59_139 U   5508   5506     19
*  5567  4248      integral     0      666.0000      654.0000   192651    1.80%
   5652  4319      663.3333   192      666.0000      654.0000   195374    1.80%          x65_72 D   5652   5651     30
   5792  4425      663.5333   115      666.0000      654.0533   201464    1.79%         x76_104 N   5792   5789     34
   5946  4540      658.6731   151      666.0000      654.1333   206370    1.78%        x146_145 U   5946   5945     26
   6109  4669      659.3482   158      666.0000      654.1667   210971    1.78%        x129_124 D   6109   6108     18
   6230  4763      664.2917   146      666.0000      654.2056   217312    1.77%          x47_92 N   6230   6229     23
   6390  4889      662.7500   174      666.0000      654.2727   222458    1.76%         x106_26 D   6390   6389     24
   6531  4989      655.6250   196      666.0000      654.3750   227281    1.75%         x78_134 U   6531   1495     12
   6662  5072      660.5833   189      666.0000      654.4500   233674    1.73%         x56_129 U   6662   6661     12
Elapsed time = 205.69 sec. (175992.53 ticks, tree = 122.85 MB, solutions = 2)
   6794  5163      664.2273    66      666.0000      654.5000   238817    1.73%          x85_63 D   6794   6793     24
   6933  5270      663.6000   122      666.0000      654.5000   243383    1.73%         x76_104 U   6933   6932     22
   7057  5354      663.6875   225      666.0000      654.5259   249314    1.72%          x32_56 D   7057   7056     31
   7202  5464      662.9286   135      666.0000      654.6250   253560    1.71%         x135_26 D   7202   7200     32
   7338  5555      662.9353   198      666.0000      654.6667   258820    1.70%         x104_76 D   7338   7337     26
   7465  5645      662.0000    44      666.0000      654.7000   264579    1.70%          x146_6 U   7465   7463     17
   7604  5745        cutoff            666.0000      654.7368   269502    1.69%          x65_72 U   7604   7602     33
   7750  5857      659.3182   222      666.0000      654.7500   274806    1.69%         x56_129 U   7750   7749     15
   7890  5955      657.5250   216      666.0000      654.7500   280038    1.69%          x33_42 D   7890   1053     15
   8016  6045      661.0732   192      666.0000      654.8077   285788    1.68%        x129_124 D   8016   8014     16
Elapsed time = 242.53 sec. (214432.94 ticks, tree = 149.83 MB, solutions = 2)
   8143  6126      659.9286   145      666.0000      654.8571   291349    1.67%         x75_104 U   8143    427     20
*  8212  4613      integral     0      664.0000      654.8750   293996    1.37%
   8274  4662      661.2500   222      664.0000      654.9167   296745    1.37%         x59_139 D   8274   8272     11
   8400  4736      657.3846   220      664.0000      655.0000   301756    1.36%         x63_104 D   8400   8399     15
   8560  4850      655.5226   245      664.0000      655.0000   305817    1.36%         x63_104 D   8560   8559     12
   8699  4938      662.0000   151      664.0000      655.1000   311189    1.34%        x146_145 D   8699   8698     20
   8821  5017      659.2857   207      664.0000      655.1406   317069    1.33%          x46_70 D   8821   8820     20
   8956  5107        cutoff            664.0000      655.2000   323137    1.33%        x145_146 D   8956   8955     28
   9093  5200      662.6429   120      664.0000      655.2500   328515    1.32%          x65_72 U   9093   9092     16
   9216  5269      658.2222   301      664.0000      655.2748   334461    1.31%          x56_32 D   9216   9215     12
   9351  5354      661.4286   146      664.0000      655.3514   339710    1.30%          x33_98 D   9351   9350     23
Elapsed time = 280.79 sec. (252901.73 ticks, tree = 137.55 MB, solutions = 3)
   9470  5411      661.0217   209      664.0000      655.4538   345466    1.29%         x56_129 U   9470   9469     11
   9607  5487        cutoff            664.0000      655.5000   351703    1.28%        x135_106 U   9607   9605     25
*  9670+ 2687                          661.0000      655.5000             0.83%
   9740  2703      658.1905   348      661.0000      655.5000   356267    0.83%         x114_44 D   9740   9739      9
   9862  2717      659.8974   213      661.0000      655.6064   362270    0.82%        x129_124 D   9862   9861     15
   9994  2731      657.0882   201      661.0000      655.7059   367691    0.80%          x47_92 U   9994   4100     17
  10125  2764      656.9167   204      661.0000      655.7857   372784    0.79%         x56_138 U  10125   6958     14
  10260  2815        cutoff            661.0000      655.8417   378476    0.78%          x85_76 D  10260  10259     12
  10382  2852        cutoff            661.0000      655.8986   385163    0.77%          x32_56 U  10382  10380     16
  10516  2887      659.6765   226      661.0000      656.0000   391321    0.76%        x129_124 D  10516  10515     25
* 10615  2009      integral     0      660.0000      656.0000   394363    0.61%
  10660  1998      658.2778   207      660.0000      656.0000   396679    0.61%          x47_92 U  10660   2931     18
Elapsed time = 315.43 sec. (291379.24 ticks, tree = 52.22 MB, solutions = 5)
* 10715+  460                          658.0000      656.0833             0.29%
  10805   380        cutoff            658.0000      656.2500   401205    0.27%         x63_104 U  10805   4973     19
  10970   233        cutoff            658.0000      656.5833   404661    0.22%          x32_56 U  10970   2198      9
  11172    39        cutoff            658.0000      657.0000   406289    0.15%         x56_138 U  11172   3562     17

Zero-half cuts applied:  5
Gomory fractional cuts applied:  1
User cuts applied:  4779

Root node processing (before b&c):
  Real time             =    1.61 sec. (3666.07 ticks)
Sequential b&c:
  Real time             =  321.14 sec. (300009.89 ticks)
                          ------------
Total (root+branch&cut) =  322.75 sec. (303675.96 ticks)

