Version identifier: 22.1.0.0 | 2022-03-09 | 1a383f8ce
CPXPARAM_Preprocessing_Reduce                    1
CPXPARAM_Threads                                 1
CPXPARAM_Preprocessing_Reformulations            0
CPXPARAM_TimeLimit                               10800
CPXPARAM_MIP_Tolerances_AbsMIPGap                0.999
CPXPARAM_MIP_Limits_TreeMemory                   20000
Legacy callback                                  BbLUID
         Disabling repeat represolve because of lazy constraint/incumbent callback.
1 of 1 MIP starts provided solutions.
MIP start 'm1' defined initial solution with objective 702.0000.
Tried aggregator 1 time.
MIP Presolve eliminated 25214 rows and 0 columns.
MIP Presolve modified 1513 coefficients.
Reduced MIP has 1815 rows, 7740 columns, and 41207 nonzeros.
Reduced MIP has 7740 binaries, 0 generals, 0 SOSs, and 0 indicators.
Presolve time = 0.03 sec. (52.38 ticks)
Probing time = 0.00 sec. (3.91 ticks)
Clique table members: 1815.
MIP emphasis: balance optimality and feasibility.
MIP search method: traditional branch-and-cut.
Parallel mode: none, using 1 thread.
Root relaxation solution time = 0.00 sec. (7.29 ticks)

        Nodes                                         Cuts/
   Node  Left     Objective  IInf  Best Integer    Best Bound    ItCnt     Gap         Variable B NodeID Parent  Depth

*     0+    0                          702.0000        0.0000           100.00%
      0     0      581.5000    34      702.0000      581.5000      150   17.17%
      0     0      650.5000    86      702.0000      Cuts: 80      209    7.34%
      0     0      654.5000    30      702.0000      Cuts: 52      255    6.77%
      0     0      657.5000    60      702.0000      Cuts: 80      287    6.34%
      0     0      662.0556   118      702.0000      Cuts: 20      324    5.69%
      0     0      663.0000   103      702.0000      Cuts: 23      341    5.56%
      0     0      663.6250   136      702.0000      Cuts: 27      374    5.47%
      0     0      664.3750   164      702.0000      Cuts: 30      394    5.36%
      0     0      670.8333   121      702.0000      Cuts: 17      425    4.44%
      0     0      671.8333   159      702.0000      Cuts: 17      432    4.30%
      0     0      672.9000   189      702.0000      Cuts: 12      449    4.15%
      0     0      674.0000   185      702.0000      Cuts: 21      470    3.99%
      0     0      675.8333   189      702.0000      Cuts: 14      492    3.73%
      0     0      676.0000    22      702.0000      Cuts: 14      507    3.70%
      0     0      678.2857   213      702.0000      Cuts: 26      534    3.38%
      0     0      678.8519   122      702.0000      Cuts: 27      551    3.30%
      0     0      679.7500   144      702.0000      Cuts: 29      600    3.17%
      0     0      680.0000   105      702.0000      Cuts: 20      609    3.13%
      0     0      680.0000   149      702.0000      Cuts: 15      625    3.13%
      0     0      680.0000    18      702.0000       User: 4      625    3.13%
      0     0      680.0000   105      702.0000      User: 15      629    3.13%
      0     0      680.0000    82      702.0000       User: 9      629    3.13%
      0     0      680.0000    92      702.0000       User: 6      634    3.13%
      0     0      680.0625    93      702.0000       User: 4      650    3.12%
      0     0      680.0625    94      702.0000      User: 10      654    3.12%
      0     0      680.5000    44      702.0000       User: 2      662    3.06%
      0     0      680.6250    92      702.0000       User: 1      665    3.04%
      0     0      680.8571    94      702.0000       User: 3      669    3.01%
      0     0      681.0000    12      702.0000       User: 2      675    2.99%
      0     0      681.5333   171      702.0000       User: 2      733    2.92%
      0     0      681.5333   160      702.0000       User: 8      734    2.92%
      0     0      681.5333   106      702.0000      User: 11      734    2.92%
      0     0      681.5833   107      702.0000       User: 5      738    2.91%
      0     0      681.7333   101      702.0000       User: 4      750    2.89%
      0     0      681.7500   115      702.0000       User: 1      752    2.88%
      0     0      681.8333   117      702.0000       User: 3      756    2.87%
      0     2      681.8333   117      702.0000      682.5000      756    2.78%                        0             0
Elapsed time = 1.14 sec. (2200.00 ticks, tree = 0.01 MB, solutions = 1)
      4     6      683.5000    92      702.0000      682.5000      857    2.78%         x62_144 D      4      2      3
     10    12      686.5000    56      702.0000      682.5000     1015    2.78%         x78_136 N     10      8      7
     20    22      689.6667   103      702.0000      682.5000     1158    2.78%          x22_71 D     20     18     15
     30    32      700.3333    34      702.0000      682.5000     1384    2.78%           x1_57 U     30     29     22
     48    40      682.5000   184      702.0000      682.5000     1429    2.78%           x5_27 N     48      0      1
     65    57      686.0000    29      702.0000      682.5000     1807    2.78%         x128_57 U     65     63     15
     87    79      689.4286    56      702.0000      682.5000     2126    2.78%          x1_128 N     87     84     33
    100    92      689.2500    38      702.0000      682.5000     2309    2.78%          x14_50 D    100     98     44
    111   103      690.6508   146      702.0000      682.5000     2510    2.78%          x20_70 N    111    110     54
    153   141      689.0000    92      702.0000      682.5000     3392    2.78%        x149_144 N    153    152      4
Elapsed time = 4.97 sec. (5538.08 ticks, tree = 0.59 MB, solutions = 1)
    231   210      696.6667    94      702.0000      682.5000     4728    2.78%         x48_136 U    231    230     42
    308   278      691.5714    81      702.0000      682.8571     6195    2.73%           x95_6 N    308    305     11
*   339   202      integral     0      693.0000      682.8571     6877    1.46%
    429   276      689.6111   116      693.0000      683.2000     8776    1.41%         x104_78 D    429    428     11
    561   384      687.5000    87      693.0000      683.2500    11346    1.41%         x57_128 D    561    560     17
    716   511      691.5000    18      693.0000      683.5000    14177    1.37%          x71_22 N    716    715     35
    881   653      685.6667    68      693.0000      683.5000    16347    1.37%          x48_57 U    881    880     11
   1040   771      686.0000    66      693.0000      684.0000    18354    1.30%          x19_13 D   1040   1039     12
   1200   890        cutoff            693.0000      684.1667    20386    1.27%        x104_148 D   1200   1199     34
   1360  1014      688.8750    95      693.0000      684.3947    22022    1.24%         x99_145 D   1360   1359     16
   1542  1153      689.0000    43      693.0000      684.5000    23940    1.23%         x102_21 D   1542   1540     19
Elapsed time = 25.17 sec. (15152.97 ticks, tree = 17.18 MB, solutions = 2)
   1707  1278      689.8966   154      693.0000      684.5455    25756    1.22%          x48_57 D   1707   1706     15
*  1781   943      integral     0      691.0000      684.8214    26676    0.89%
   1902  1025        cutoff            691.0000      685.0000    28761    0.87%          x49_50 U   1902   1900     27
   2080  1128      689.3056   160      691.0000      685.0625    31861    0.86%         x91_145 D   2080   2079     21
   2277  1247        cutoff            691.0000      685.2500    34334    0.83%         x131_13 U   2277   2275     26
   2473  1361      688.0000    34      691.0000      685.5000    36930    0.80%          x99_68 D   2473   2472     18
   2678  1473      688.1250   107      691.0000      685.6667    39799    0.77%          x78_49 D   2678   2677     22
   2866  1558        cutoff            691.0000      685.9444    43093    0.73%          x48_57 U   2866   2669     14
   3040  1659      689.5526   140      691.0000      686.0000    46456    0.72%          x40_13 U   3040   3039     16
*  3121  1182      integral     0      690.0000      686.0000    47538    0.58%
   3204  1212      686.6000    70      690.0000      686.0000    49313    0.58%         x104_78 D   3204   3203     12
   3372  1243        cutoff            690.0000      686.2000    52239    0.55%        x148_133 U   3372    478     29
Elapsed time = 47.05 sec. (24727.32 ticks, tree = 19.24 MB, solutions = 4)
   3535  1278      687.2500   108      690.0000      686.4000    55219    0.52%          x68_99 D   3535   1864     17
   3724  1325      688.5000    48      690.0000      686.5000    58501    0.51%         x78_136 U   3724   3723     15
   3870  1316        cutoff            690.0000      686.7083    61803    0.48%          x48_57 U   3870   3869     40
   4016  1291      689.0000    58      690.0000      687.0000    64907    0.43%         x19_124 N   4016   2424     16
   4176  1275        cutoff            690.0000      687.0000    67481    0.43%         x104_48 U   4176    205     17
   4305  1253      688.7667    91      690.0000      687.2500    70477    0.40%         x99_145 U   4305   2640     25
   4451  1195        cutoff            690.0000      687.4333    73369    0.37%         x57_128 U   4451   2636     21
*  4474   415      integral     0      689.0000      687.5000    73729    0.22%
   4610   330        cutoff            689.0000      687.5000    75363    0.22%          x95_21 U   4610   3034     11
   4782   177        cutoff            689.0000      687.8333    76539    0.17%         x91_145 U   4782   3715     15
   4959     6        cutoff            689.0000      688.0000    77549    0.15%         x91_145 U   4959   3397     15
Elapsed time = 59.46 sec. (34312.32 ticks, tree = 0.19 MB, solutions = 5)

Clique cuts applied:  1
Cover cuts applied:  1
Zero-half cuts applied:  20
Gomory fractional cuts applied:  7
User cuts applied:  2144

Root node processing (before b&c):
  Real time             =    1.14 sec. (2200.26 ticks)
Sequential b&c:
  Real time             =   58.36 sec. (32207.43 ticks)
                          ------------
Total (root+branch&cut) =   59.51 sec. (34407.69 ticks)

