Version identifier: 22.1.0.0 | 2022-03-09 | 1a383f8ce
CPXPARAM_Preprocessing_Reduce                    1
CPXPARAM_Threads                                 1
CPXPARAM_Preprocessing_Reformulations            0
CPXPARAM_TimeLimit                               10800
CPXPARAM_MIP_Tolerances_AbsMIPGap                0.999
CPXPARAM_MIP_Limits_TreeMemory                   20000
Legacy callback                                  BbLUID
         Disabling repeat represolve because of lazy constraint/incumbent callback.
1 of 1 MIP starts provided solutions.
MIP start 'm1' defined initial solution with objective 778.0000.
Tried aggregator 1 time.
MIP Presolve eliminated 35059 rows and 0 columns.
MIP Presolve modified 1698 coefficients.
Reduced MIP has 2000 rows, 8657 columns, and 49306 nonzeros.
Reduced MIP has 8657 binaries, 0 generals, 0 SOSs, and 0 indicators.
Presolve time = 0.04 sec. (69.51 ticks)
Probing time = 0.00 sec. (4.14 ticks)
Clique table members: 2000.
MIP emphasis: balance optimality and feasibility.
MIP search method: traditional branch-and-cut.
Parallel mode: none, using 1 thread.
Root relaxation solution time = 0.00 sec. (8.71 ticks)

        Nodes                                         Cuts/
   Node  Left     Objective  IInf  Best Integer    Best Bound    ItCnt     Gap         Variable B NodeID Parent  Depth

*     0+    0                          778.0000        0.0000           100.00%
      0     0      638.5000    22      778.0000      638.5000      313   17.93%
      0     0      720.0000   100      778.0000      Cuts: 40      331    7.46%
      0     0      721.3000   150      778.0000      Cuts: 22      368    7.29%
      0     0      724.5000   124      778.0000      Cuts: 10      398    6.88%
      0     0      724.6667   132      778.0000       Cuts: 5      404    6.86%
      0     0      725.2500   100      778.0000      Cuts: 17      428    6.78%
      0     0      728.0000   106      778.0000      Cuts: 17      511    6.43%
      0     0      729.0000   134      778.0000      User: 27      534    6.30%
      0     0      729.0000    46      778.0000      Cuts: 11      548    6.30%
      0     0      729.6667   207      778.0000      Cuts: 43      570    6.21%
      0     0      730.3333   193      778.0000      Cuts: 15      586    6.13%
      0     0      730.3333   194      778.0000       Cuts: 6      590    6.13%
      0     0      730.3333   188      778.0000      Cuts: 14      594    6.13%
      0     0      730.5000    74      778.0000       User: 9      609    6.11%
      0     0      730.5000    70      778.0000      User: 15      611    6.11%
      0     0      730.5000    58      778.0000       User: 9      619    6.11%
      0     0      732.0000   195      778.0000       User: 7      652    5.91%
      0     0      732.5000   116      778.0000      User: 10      665    5.85%
      0     0      733.2500   203      778.0000      User: 16      681    5.75%
      0     0      733.2500   206      778.0000      User: 15      683    5.75%
      0     0      733.5417   182      778.0000      User: 12      703    5.71%
      0     0      733.5833   186      778.0000      User: 14      711    5.71%
      0     0      733.8333    77      778.0000      User: 10      718    5.68%
      0     0      734.0000    66      778.0000      User: 20      733    5.66%
      0     0      734.0000    68      778.0000       User: 7      734    5.66%
      0     0      734.3000   168      778.0000       User: 2      744    5.62%
      0     0      734.4000   164      778.0000       User: 7      745    5.60%
      0     0      734.8947   136      778.0000       User: 8      789    5.54%
      0     0      734.8947   135      778.0000       User: 9      791    5.54%
      0     0      734.8947   133      778.0000       User: 2      792    5.54%
      0     2      735.0000    76      778.0000      736.0000      792    5.40%                        0             0
Elapsed time = 1.36 sec. (3010.68 ticks, tree = 0.01 MB, solutions = 1)
      2     4      741.0938   158      778.0000      739.2604     1004    4.98%        x127_110 U      2      0      1
      4     6      744.7241   171      778.0000      739.2604     1079    4.98%          x94_11 N      4      3      3
      7     9      765.8125   137      778.0000      739.2604     1375    4.98%        x122_150 N      7      4      4
     14    16      750.0000   158      778.0000      739.2604     1553    4.98%        x110_125 N     14     12      9
     20    22      761.0000    64      778.0000      739.2604     1800    4.98%         x95_127 D     20     17     12
     26    26      770.6500   126      778.0000      739.2604     2243    4.98%         x43_127 N     26     24     15
     34    30      746.1282   134      778.0000      739.7812     2592    4.91%          x128_7 N     34     32      3
     49    45      754.2000   100      778.0000      739.7812     2856    4.91%         x59_135 N     49     48     15
     58    54      755.5000    73      778.0000      739.7812     3068    4.91%          x3_107 D     58     57     22
    105    96      772.0000    75      778.0000      739.7812     3713    4.91%          x18_42 N    105    104     56
Elapsed time = 4.66 sec. (6694.43 ticks, tree = 0.72 MB, solutions = 1)
    145   119      754.5833    91      778.0000      741.1250     4213    4.74%          x70_11 N    145    144     14
    200   165      758.2000   141      778.0000      742.7500     5010    4.53%         x132_95 D    200    199     17
    260   217      762.3333    78      778.0000      743.2500     6014    4.47%         x92_134 D    260    259     32
    320   260      772.1996   131      778.0000      743.7500     7224    4.40%          x62_14 D    320    319     24
    363   298      757.9286   153      778.0000      744.4500     7854    4.31%          x92_97 N    363    362     41
    390   321      754.0000   126      778.0000      744.7500     8681    4.27%        x110_127 U    390    389      4
    445   366      754.2222   120      778.0000      745.7500     9710    4.15%          x95_76 U    445    442      9
    496   412      775.5000    54      778.0000      745.7500    10572    4.15%          x51_89 D    496    495     44
    541   446      769.3125   152      778.0000      745.9167    11983    4.12%          x59_11 N    541    540     12
    586   485      761.0000    82      778.0000      746.2500    13297    4.08%          x3_107 D    586    585     23
Elapsed time = 15.33 sec. (16845.70 ticks, tree = 2.91 MB, solutions = 1)
    659   543      767.9167    77      778.0000      746.7500    14656    4.02%          x18_59 N    659    658     29
    720   594      756.9333    78      778.0000      746.8750    15914    4.00%          x98_51 N    720    719     13
    784   652      774.7917   122      778.0000      746.9167    17257    4.00%          x98_51 U    784    783     36
    838   688        cutoff            778.0000      747.2500    18603    3.95%         x114_90 N    838    836     26
    907   745      751.3056   129      778.0000      747.5000    20368    3.92%          x11_94 D    907    906     10
    984   813      777.0000    52      778.0000      747.5000    22144    3.92%         x83_101 N    984    982     32
   1061   881      775.7500    84      778.0000      747.7500    23490    3.89%          x92_54 D   1061   1060     45
   1118   928      773.2500    78      778.0000      748.0679    24463    3.85%         x59_129 N   1118   1117     25
   1164   966      770.1227   113      778.0000      748.1667    26119    3.83%          x11_98 D   1164   1163     18
   1210  1004      765.0000   132      778.0000      748.2339    26994    3.83%          x59_98 D   1210   1209     31
Elapsed time = 27.71 sec. (26600.73 ticks, tree = 7.34 MB, solutions = 1)
   1281  1067      761.3750    84      778.0000      748.2500    28230    3.82%          x135_7 D   1281   1280     29
   1359  1134      770.0000    72      778.0000      748.2500    29151    3.82%         x129_75 D   1359   1358     24
   1437  1192      750.6354   127      778.0000      748.5000    30194    3.79%         x127_95 U   1437   1436     10
   1483  1234      758.0043   135      778.0000      748.5000    31306    3.79%          x95_76 D   1483   1482     14
   1550  1297      771.5500   117      778.0000      748.5000    33186    3.79%        x135_143 N   1550   1548     29
   1618  1354      764.8750    88      778.0000      748.7857    34912    3.76%        x135_126 D   1618   1617     24
   1687  1406      758.6875   115      778.0000      749.1250    36741    3.71%          x95_76 D   1687   1686     16
   1760  1471      755.3110   111      778.0000      749.3500    37941    3.68%          x18_59 D   1760   1759     13
   1827  1526      775.5788   123      778.0000      749.5000    39785    3.66%          x51_59 N   1827   1825     23
   1900  1589      767.9223   119      778.0000      749.7917    41197    3.63%         x51_135 N   1900   1899     36
Elapsed time = 40.67 sec. (36323.83 ticks, tree = 12.76 MB, solutions = 1)
   1973  1655      766.5000    48      778.0000      749.8250    42585    3.62%          x44_67 D   1973   1972     30
   2017  1694        cutoff            778.0000      749.9000    43724    3.61%         x98_135 U   2017   2015     22
   2084  1748      758.0536   109      778.0000      750.0000    45494    3.60%          x11_98 D   2084   2083     17
   2153  1808      767.0833    77      778.0000      750.1250    47207    3.58%          x70_11 N   2153   2150     13
   2234  1876      762.5000    89      778.0000      750.1875    48390    3.57%         x135_59 D   2234   2233     24
   2295  1925      759.3500   147      778.0000      750.2500    49612    3.57%          x95_43 D   2295   2294     16
   2373  1990      751.7619   142      778.0000      750.4444    50634    3.54%          x11_70 D   2373   2372      7
   2426  2037      768.6000   121      778.0000      750.5000    51927    3.53%          x44_67 D   2426   2425     34
   2500  2101      767.3750   103      778.0000      750.5000    53280    3.53%         x94_122 U   2500   2498     10
   2569  2158      755.0833    71      778.0000      750.6667    55089    3.51%          x59_98 U   2569    338     17
Elapsed time = 53.35 sec. (45956.29 ticks, tree = 18.94 MB, solutions = 1)
   2637  2213      758.5500   102      778.0000      750.7121    56342    3.51%         x70_129 U   2637   1100      8
   2699  2260      767.8000    97      778.0000      750.8333    58167    3.49%         x135_11 N   2699   2698     11
   2771  2320        cutoff            778.0000      750.8750    59701    3.49%         x76_129 U   2771   2770     45
   2828  2360      758.8409    87      778.0000      751.0000    61305    3.47%         x126_51 D   2828   2827     17
   2890  2413      760.6750    97      778.0000      751.0000    63000    3.47%          x11_59 D   2890   2889     21
   2962  2475      773.1667    86      778.0000      751.0000    64420    3.47%          x7_128 D   2962   2961     26
   3035  2537      760.2500   127      778.0000      751.0833    65553    3.46%          x94_70 D   3035   2499     11
   3102  2593      770.0000   120      778.0000      751.1354    66981    3.45%        x135_126 D   3102   3101     29
   3171  2656      768.3750    96      778.0000      751.1618    68391    3.45%          x59_89 D   3171   3170     31
   3210  2686      759.0612   135      778.0000      751.1667    69684    3.45%          x95_43 D   3210   3209     13
Elapsed time = 65.72 sec. (55643.23 ticks, tree = 28.29 MB, solutions = 1)
   3285  2738      754.8750   104      778.0000      751.2500    71199    3.44%         x135_59 U   3285   3282     16
   3350  2791      762.6667    95      778.0000      751.2500    72916    3.44%         x18_129 D   3350   3349     28
   3421  2852      759.5833   157      778.0000      751.3333    73816    3.43%          x70_11 U   3421   3420     15
   3491  2912      774.6250   112      778.0000      751.3929    75344    3.42%         x51_135 N   3491   3490     34
   3555  2963      767.7083   127      778.0000      751.4891    76829    3.41%          x98_51 U   3555   3554     20
   3611  3007      776.9667   104      778.0000      751.5000    78487    3.41%          x51_59 N   3611   3610     37
   3665  3046      776.3000    75      778.0000      751.5000    79635    3.41%           x7_43 D   3665   3664     19
   3716  3083      762.7500    87      778.0000      751.5625    81399    3.40%          x98_51 D   3716   3714     21
   3776  3129      762.8462   156      778.0000      751.5833    82659    3.40%         x107_53 D   3776   3775     26
   3838  3181        cutoff            778.0000      751.5833    84522    3.40%         x59_128 D   3838   3837     34
Elapsed time = 77.55 sec. (65259.69 ticks, tree = 35.70 MB, solutions = 1)
   3905  3242      772.9167   120      778.0000      751.6250    85964    3.39%        x135_128 D   3905   3904     44
   3962  3287      771.9905   205      778.0000      751.6667    87291    3.38%          x98_51 U   3962   3961     29
   4028  3344      756.4556   116      778.0000      751.7500    88441    3.37%          x70_59 N   4028   3154     15
   4087  3392      776.5000    70      778.0000      751.7500    89969    3.37%          x44_67 D   4087   4086     47
   4150  3440      773.6923   106      778.0000      751.7500    91321    3.37%          x95_43 N   4150   4149     13
   4203  3477      762.2500   132      778.0000      751.7626    92501    3.37%         x11_129 D   4203   4202     13
   4269  3537      769.6250    60      778.0000      751.8125    93453    3.37%        x119_131 D   4269   4268     50
   4299  3560      768.0000    96      778.0000      751.8333    93842    3.36%          x11_18 U   4299   4298     24
   4367  3607      765.4333   114      778.0000      751.8594    95146    3.36%         x135_11 D   4367   4366     19
   4414  3644      770.6286   122      778.0000      751.8750    96158    3.36%         x126_70 D   4414   4413     32
Elapsed time = 88.42 sec. (75043.33 ticks, tree = 37.46 MB, solutions = 1)
   4477  3687      770.2500    96      778.0000      751.9286    97612    3.35%          x95_43 D   4477   4476     13
   4545  3747      774.3750   109      778.0000      752.0000    98986    3.34%         x51_135 D   4545   4544     29
   4593  3784      756.2333   153      778.0000      752.0000   100324    3.34%          x11_70 D   4593   4592      9
   4664  3845      761.5000   104      778.0000      752.0000   101524    3.34%          x11_98 D   4664   4663     21
   4730  3901      758.7560   124      778.0000      752.0417   102839    3.34%          x98_51 U   4730   4729     17
   4785  3944      756.7250   151      778.0000      752.0625   104486    3.33%          x70_11 N   4785   4784      9
   4846  3997      759.0000   127      778.0000      752.1000   105726    3.33%         x135_11 D   4846   4845     26
   4905  4045      764.2500    84      778.0000      752.1250   107145    3.33%          x51_98 D   4905   4904     26
   4951  4081      765.6894   141      778.0000      752.1250   108412    3.33%         x139_70 D   4951   4950     24
   5010  4133      772.0000   100      778.0000      752.1667   109981    3.32%          x59_94 N   5010   5009     18
Elapsed time = 99.56 sec. (84688.94 ticks, tree = 41.78 MB, solutions = 1)
   5070  4180      769.9000   141      778.0000      752.2083   111224    3.32%           x7_31 D   5070   5069     31
   5136  4238      775.2500   119      778.0000      752.2500   112546    3.31%          x51_59 N   5136   5135     34
   5185  4271      763.8636   146      778.0000      752.2500   113903    3.31%          x18_51 D   5185   5184     23
   5244  4322      758.3929   113      778.0000      752.3214   115553    3.30%         x139_70 D   5244   5243     20
   5304  4378      757.8750   119      778.0000      752.3333   116513    3.30%          x95_43 D   5304   5303     10
   5351  4417      767.8333    81      778.0000      752.3333   118018    3.30%          x11_78 D   5351   5350     42
   5411  4464      754.7500   109      778.0000      752.3750   119393    3.29%        x110_125 U   5411    190      8
   5463  4507        cutoff            778.0000      752.3750   120751    3.29%         x143_42 D   5463   5461     27
   5527  4567      775.1000   130      778.0000      752.4167   121961    3.29%         x135_76 D   5527   5526     46
   5757  4757      757.6667   100      778.0000      752.5000   127374    3.28%         x135_18 U   5757   5755     11
Elapsed time = 113.83 sec. (97216.46 ticks, tree = 46.83 MB, solutions = 1)
   5974  4934      757.9236   137      778.0000      752.6111   132784    3.26%         x135_18 D   5974   5973     17
   6176  5096      768.1786    86      778.0000      752.8125   137999    3.24%          x18_98 D   6176   6175     25
   6394  5279      774.6500   120      778.0000      752.9915   143474    3.21%           x7_43 N   6394   6393     45
   6601  5433      757.1053   135      778.0000      753.1310   148565    3.20%         x135_59 U   6601   1681     11
*  6800+ 5466                          777.0000      753.2500             3.06%
   6830  5494      769.0833    87      777.0000      753.2500   153758    3.06%          x11_51 N   6830   6829     28
   7046  5664      768.9167   117      777.0000      753.3462   159184    3.04%         x18_126 D   7046   7045     25
   7253  5839      772.6875   129      777.0000      753.4500   164538    3.03%          x51_59 D   7253   7252     39
   7472  6010      761.7031   103      777.0000      753.5000   169856    3.02%        x126_135 D   7472   7471     33
   7694  6181      756.9911   142      777.0000      753.5455   174410    3.02%          x70_11 U   7694   1605     12
   7900  6343      758.0455   137      777.0000      753.7000   179402    3.00%         x126_51 D   7900   7899     22
Elapsed time = 154.15 sec. (135486.08 ticks, tree = 54.70 MB, solutions = 2)
   8120  6524      763.8750   101      777.0000      753.7500   183695    2.99%          x98_51 N   8120   8119     21
   8330  6689      770.2500   152      777.0000      753.8333   188655    2.98%         x129_59 D   8330   8329     27
   8509  6811      770.6667    97      777.0000      753.9167   193993    2.97%          x70_62 N   8509   8508     15
*  8600+ 5847                          774.0000      753.9840             2.59%
*  8705  2462      integral     0      765.0000      754.0000   196784    1.44%
   8760  2483      757.9000   135      765.0000      754.0500   198000    1.43%          x11_70 U   8760   8758     11
*  8848  2159      integral     0      764.0000      754.2083   200088    1.28%
   8975  2214        cutoff            764.0000      754.3750   203432    1.26%         x129_89 U   8975   8973     14
   9200  2312      757.2000   112      764.0000      754.6667   209057    1.22%          x95_43 D   9200   9199     14
   9414  2360      760.2885   127      764.0000      755.0000   215036    1.18%         x11_129 U   9414   7340     13
   9638  2444      761.8917   138      764.0000      755.2500   220610    1.15%         x51_135 D   9638   9636     19
   9860  2514      762.1250   104      764.0000      755.5000   226248    1.11%         x135_59 D   9860   9859     10
  10098  2590        cutoff            764.0000      755.7500   231632    1.08%          x59_70 D  10098  10097     18
Elapsed time = 190.19 sec. (173814.86 ticks, tree = 20.54 MB, solutions = 5)
  10330  2633      761.0762   125      764.0000      756.0000   236426    1.05%          x59_18 D  10330  10329     17
  10547  2684      762.5000    64      764.0000      756.2500   241905    1.01%         x135_51 U  10547  10545     26
  10752  2714        cutoff            764.0000      756.5000   247336    0.98%          x70_59 D  10752  10751     20
  10977  2735      759.9327   129      764.0000      756.7500   252916    0.95%          x59_51 D  10977  10976     19
  11196  2759        cutoff            764.0000      757.0000   258745    0.92%         x11_129 D  11196  11195     38
  11424  2742        cutoff            764.0000      757.2500   264392    0.88%          x18_98 U  11424  10235     23
  11653  2742        cutoff            764.0000      757.5000   270268    0.85%          x92_97 U  11653    362     41
  11897  2733        cutoff            764.0000      757.7500   275348    0.82%          x11_94 U  11897   6817     16
  12122  2695        cutoff            764.0000      758.0000   280661    0.79%          x94_70 D  12122  12120     16
  12349  2643        cutoff            764.0000      758.2500   285989    0.75%          x11_18 D  12349  12347     15
Elapsed time = 219.65 sec. (212065.04 ticks, tree = 21.03 MB, solutions = 5)
  12573  2639      759.6667   146      764.0000      758.4167   291799    0.73%        x125_110 D  12573    553     12
  12802  2570        cutoff            764.0000      758.6667   296990    0.70%          x95_43 U  12802   9135      7
  13039  2534        cutoff            764.0000      758.8611   301668    0.67%          x11_18 U  13039  13038     17
  13272  2506        cutoff            764.0000      759.0000   306532    0.65%          x98_51 D  13272  13271     19
  13497  2438        cutoff            764.0000      759.2544   311389    0.62%         x129_94 D  13497   2126     16
  13728  2356        cutoff            764.0000      759.5000   316033    0.59%         x135_18 U  13728   8922     14
  13947  2256        cutoff            764.0000      759.7500   320796    0.56%         x135_94 U  13947  13945     25
  14168  2134        cutoff            764.0000      760.0000   325386    0.52%          x70_51 U  14168  14166     15
  14398  2035        cutoff            764.0000      760.1667   329544    0.50%          x98_18 U  14398  10912     22
  14621  1904      762.5000    96      764.0000      760.3750   333509    0.47%          x70_62 U  14621   9590     11
Elapsed time = 244.76 sec. (250317.58 ticks, tree = 13.96 MB, solutions = 5)
  14856  1781        cutoff            764.0000      760.5119   337434    0.46%         x70_129 U  14856   9591     12
  15083  1649        cutoff            764.0000      760.7500   340913    0.43%         x135_76 U  15083   9416     16
  15324  1521        cutoff            764.0000      761.0000   344275    0.39%          x98_51 U  15324  15323     18
* 15509     1      integral     0      762.0000      761.1667   346538    0.11%

Clique cuts applied:  1
Cover cuts applied:  1
Zero-half cuts applied:  14
Gomory fractional cuts applied:  1
User cuts applied:  5321

Root node processing (before b&c):
  Real time             =    1.36 sec. (3001.29 ticks)
Sequential b&c:
  Real time             =  250.86 sec. (261926.69 ticks)
                          ------------
Total (root+branch&cut) =  252.22 sec. (264927.97 ticks)

