Version identifier: 22.1.0.0 | 2022-03-09 | 1a383f8ce
CPXPARAM_Preprocessing_Reduce                    1
CPXPARAM_Threads                                 1
CPXPARAM_Preprocessing_Reformulations            0
CPXPARAM_TimeLimit                               10800
CPXPARAM_MIP_Tolerances_AbsMIPGap                0.999
CPXPARAM_MIP_Limits_TreeMemory                   20000
Legacy callback                                  BbLUID
         Disabling repeat represolve because of lazy constraint/incumbent callback.
1 of 1 MIP starts provided solutions.
MIP start 'm1' defined initial solution with objective 672.0000.
Tried aggregator 1 time.
MIP Presolve eliminated 28548 rows and 0 columns.
MIP Presolve modified 1630 coefficients.
Reduced MIP has 1932 rows, 8830 columns, and 43990 nonzeros.
Reduced MIP has 8830 binaries, 0 generals, 0 SOSs, and 0 indicators.
Presolve time = 0.03 sec. (56.60 ticks)
Probing time = 0.00 sec. (4.22 ticks)
Clique table members: 1932.
MIP emphasis: balance optimality and feasibility.
MIP search method: traditional branch-and-cut.
Parallel mode: none, using 1 thread.
Root relaxation solution time = 0.00 sec. (7.40 ticks)

        Nodes                                         Cuts/
   Node  Left     Objective  IInf  Best Integer    Best Bound    ItCnt     Gap         Variable B NodeID Parent  Depth

*     0+    0                          672.0000        0.0000           100.00%
      0     0      522.5000    24      672.0000      522.5000      143   22.25%
      0     0      595.0000    24      672.0000     Cuts: 206      253   11.46%
      0     0      615.0000   125      672.0000     Cuts: 167      354    8.48%
      0     0      615.0000   141      672.0000       Cuts: 8      362    8.48%
      0     0      617.0000   154      672.0000      User: 20      396    8.18%
      0     0      619.0000   148      672.0000      Cuts: 25      412    7.89%
      0     0      619.2500   199      672.0000       Cuts: 6      444    7.85%
      0     0      620.2500   208      672.0000      Cuts: 16      461    7.70%
      0     0      621.2000   222      672.0000      Cuts: 10      474    7.56%
      0     0      622.6000   212      672.0000      Cuts: 13      497    7.35%
      0     0      623.0000   230      672.0000       Cuts: 3      513    7.29%
      0     0      623.0000   238      672.0000       User: 6      515    7.29%
      0     0      623.1667   210      672.0000      User: 15      531    7.27%
      0     0      623.1667   207      672.0000      User: 10      536    7.27%
      0     0      623.3500    89      672.0000      User: 15      558    7.24%
      0     0      624.0000    40      672.0000       User: 4      568    7.14%
      0     0      624.5000   206      672.0000      User: 16      580    7.07%
      0     0      625.0000   205      672.0000       User: 4      610    6.99%
      0     0      625.2000    90      672.0000      User: 11      639    6.96%
      0     0      625.3333   154      672.0000       User: 2      648    6.94%
      0     0      625.8333   211      672.0000      User: 12      660    6.87%
      0     0      626.1818   235      672.0000       User: 3      674    6.82%
      0     0      626.4444   226      672.0000      User: 10      705    6.78%
      0     0      626.4444   228      672.0000      User: 16      709    6.78%
      0     0      626.4444   176      672.0000      User: 11      716    6.78%
      0     0      626.4444   171      672.0000       User: 2      717    6.78%
      0     0      628.4734   189      672.0000      User: 13      771    6.48%
      0     0      628.4734   179      672.0000       User: 9      779    6.48%
      0     0      633.8484   265      672.0000      User: 21      808    5.68%
      0     0      635.8734   268      672.0000      User: 12      836    5.38%
      0     0      635.9734   241      672.0000       User: 6      845    5.36%
      0     0      637.4167   270      672.0000       User: 8      901    5.15%
      0     0      637.4167   272      672.0000       User: 7      902    5.15%
      0     0      638.5000    50      672.0000      User: 12      919    4.99%
      0     0      638.6000    87      672.0000       User: 5      930    4.97%
      0     0      638.8000    85      672.0000      User: 13      935    4.94%
      0     0      639.4000    63      672.0000      User: 14      954    4.85%
      0     0      639.4948   285      672.0000       User: 8     1004    4.84%
      0     0      639.5000    85      672.0000       User: 8     1012    4.84%
      0     0      639.5873   309      672.0000       User: 9     1030    4.82%
      0     0      639.6000    93      672.0000      User: 16     1035    4.82%
      0     2      640.1000    96      672.0000      640.1250     1035    4.74%                        0             0
Elapsed time = 1.26 sec. (2825.39 ticks, tree = 0.01 MB, solutions = 1)
      1     3      643.5000    93      672.0000      643.5000     1142    4.24%        x150_118 N      1      0      1
      3     5      646.7000    74      672.0000      645.0000     1313    4.02%         x150_45 U      3      1      2
      6     8      662.6667    73      672.0000      645.0000     1578    4.02%         x63_150 N      6      4      4
     10    11      669.2857    95      672.0000      645.0000     1853    4.02%         x93_133 D     10      9      8
     19    13      652.0000   105      672.0000      645.3000     2333    3.97%          x50_45 D     19     17      2
     27    19      666.2500    51      672.0000      645.3000     2876    3.97%          x9_135 D     27     25      7
     36    23      671.0000    24      672.0000      645.3000     3126    3.97%          x38_23 D     36     35     13
     44    29      657.9688   104      672.0000      645.5000     3459    3.94%          x67_76 N     44     43      9
     54    38      668.5000    62      672.0000      645.5000     3713    3.94%          x63_76 D     54     53     19
     91    61      657.0000   103      672.0000      651.4783     5532    3.05%          x63_50 D     91     90      5
Elapsed time = 4.11 sec. (6083.47 ticks, tree = 0.55 MB, solutions = 1)
    140    95      652.3333    94      672.0000      651.8966     7738    2.99%         x88_144 D    140     41      7
    200   131      669.4500   105      672.0000      652.8667    10913    2.85%          x76_50 N    200    199     13
*   238   140      integral     0      670.0000      652.9167    11716    2.55%
    250   151      661.1111    46      670.0000      653.0000    12115    2.54%         x76_129 U    250    248     14
    325   188      667.0000    36      670.0000      655.7500    14330    2.13%         x150_67 U    325    292      9
    390   215      667.0000    28      670.0000      656.5556    16241    2.01%          x57_16 D    390    388     17
    455   235        cutoff            670.0000      657.1000    18781    1.93%          x93_45 N    455    453      7
    515   279      668.0000    52      670.0000      657.6667    20629    1.84%          x56_88 U    515    514     33
    583   311        cutoff            670.0000      657.9448    22162    1.80%         x133_67 N    583    581     10
*   601   269      integral     0      668.0000      658.0000    22492    1.50%
    660   314      665.8571    33      668.0000      658.0000    23469    1.50%          x62_60 N    660    659     34
    734   346      662.1026    87      668.0000      658.5000    25369    1.42%          x23_65 N    734    733     16
Elapsed time = 16.68 sec. (15728.09 ticks, tree = 5.63 MB, solutions = 3)
    824   386      661.4000    81      668.0000      658.9167    27513    1.36%          x76_56 D    824    823     11
    913   444      665.1951   109      668.0000      659.1875    29230    1.32%          x45_76 D    913    912     13
    985   473      666.5385    57      668.0000      659.6667    31069    1.25%          x62_56 N    985    982     30
   1070   519      662.4000    57      668.0000      659.9538    32812    1.20%         x131_62 D   1070   1069     21
   1163   564      664.2727    65      668.0000      660.5000    34672    1.12%          x88_56 N   1163   1162     21
   1259   627      666.1538    39      668.0000      660.7083    36255    1.09%          x56_62 N   1259   1258     14
   1340   673      661.4722   118      668.0000      660.9091    37615    1.06%         x129_76 N   1340   1339     12
*  1418   460      integral     0      666.0000      661.0000    38857    0.75%
   1441   470      664.6406   110      666.0000      661.0000    39263    0.75%         x93_113 D   1441   1440     20
   1539   501        cutoff            666.0000      661.3333    41582    0.70%         x23_103 U   1539   1538      9
*  1578    66      integral     0      663.0000      661.5000    42510    0.23%
   1648     6        cutoff            663.0000      662.0000    43178    0.15%          x23_65 U   1648    885     20
Elapsed time = 30.30 sec. (25357.96 ticks, tree = 0.09 MB, solutions = 5)

Cover cuts applied:  2
Zero-half cuts applied:  6
Lift and project cuts applied:  1
Gomory fractional cuts applied:  1
User cuts applied:  2009

Root node processing (before b&c):
  Real time             =    1.25 sec. (2810.17 ticks)
Sequential b&c:
  Real time             =   29.08 sec. (22613.75 ticks)
                          ------------
Total (root+branch&cut) =   30.33 sec. (25423.92 ticks)

