Version identifier: 22.1.0.0 | 2022-03-09 | 1a383f8ce
CPXPARAM_Preprocessing_Reduce                    1
CPXPARAM_Threads                                 1
CPXPARAM_Preprocessing_Reformulations            0
CPXPARAM_TimeLimit                               10800
CPXPARAM_MIP_Tolerances_AbsMIPGap                0.999
CPXPARAM_MIP_Limits_TreeMemory                   20000
Legacy callback                                  BbLUID
         Disabling repeat represolve because of lazy constraint/incumbent callback.
1 of 1 MIP starts provided solutions.
MIP start 'm1' defined initial solution with objective 806.0000.
Tried aggregator 1 time.
MIP Presolve eliminated 56934 rows and 0 columns.
MIP Presolve modified 2329 coefficients.
Reduced MIP has 2731 rows, 12887 columns, and 83355 nonzeros.
Reduced MIP has 12887 binaries, 0 generals, 0 SOSs, and 0 indicators.
Presolve time = 0.08 sec. (136.67 ticks)
Probing time = 0.00 sec. (4.95 ticks)
Clique table members: 2731.
MIP emphasis: balance optimality and feasibility.
MIP search method: traditional branch-and-cut.
Parallel mode: none, using 1 thread.
Root relaxation solution time = 0.01 sec. (19.50 ticks)

        Nodes                                         Cuts/
   Node  Left     Objective  IInf  Best Integer    Best Bound    ItCnt     Gap         Variable B NodeID Parent  Depth

*     0+    0                          806.0000        0.0000           100.00%
      0     0      760.5000    26      806.0000      686.0000      468   14.89%
      0     0      779.5000   112      806.0000     Cuts: 169      631    3.29%
      0     0      788.2000   112      806.0000      Cuts: 41      692    2.21%
      0     0      789.5000   123      806.0000      Cuts: 14      708    2.05%
      0     0      789.5000   142      806.0000       Cuts: 5      721    2.05%
      0     0      789.7000   156      806.0000      Cuts: 19      747    2.02%
      0     0      790.1714   173      806.0000      Cuts: 16      769    1.96%
      0     0      791.5000    98      806.0000      Cuts: 17      788    1.80%
      0     0      791.5000   175      806.0000      Cuts: 16      804    1.80%
      0     0      791.5000    75      806.0000      User: 12      804    1.80%
      0     0      791.5000   148      806.0000      User: 12      810    1.80%
      0     0      791.5000    80      806.0000      User: 11      818    1.80%
      0     0      791.5833   130      806.0000       User: 7      850    1.79%
      0     0      791.5833   102      806.0000      User: 18      850    1.79%
      0     0      791.5833   108      806.0000       User: 5      855    1.79%
      0     0      791.5833   101      806.0000       User: 4      855    1.79%
      0     0      793.1000   119      806.0000      User: 12      863    1.60%
      0     0      793.3000   115      806.0000       User: 4      870    1.58%
      0     0      793.5000   111      806.0000      User: 10      872    1.55%
      0     0      793.5000   112      806.0000       User: 1      875    1.55%
      0     0      793.5000    14      806.0000       User: 2      879    1.55%
      0     0      793.5000    14      806.0000       User: 1      880    1.55%
      0     0      793.5000    54      806.0000       User: 1      890    1.55%
      0     0      793.5000    34      806.0000      User: 12      890    1.55%
      0     0      794.0000    38      806.0000       User: 1      928    1.49%
      0     0      794.0000    62      806.0000       User: 1      929    1.49%
      0     0      794.0000    38      806.0000       User: 9      932    1.49%
      0     0      794.0000    83      806.0000       User: 1      947    1.49%
      0     0      794.0000    59      806.0000       User: 1      951    1.49%
      0     2      794.0000    59      806.0000      794.0000      951    1.49%                        0             0
Elapsed time = 1.87 sec. (2998.57 ticks, tree = 0.01 MB, solutions = 1)
      2     4      795.0000   122      806.0000      794.5000     1071    1.43%        x165_149 N      2      1      2
      5     7      795.9375   135      806.0000      795.0000     1184    1.36%         x70_165 N      5      4      4
     12    14      796.6000   157      806.0000      795.0000     1383    1.36%        x151_115 U     12     10      8
     27    29      801.7500   152      806.0000      795.0000     1769    1.36%         x175_40 N     27     25     18
     41    43      802.0000    99      806.0000      795.0000     1940    1.36%          x39_85 D     41     40     29
     53    49      796.5000   146      806.0000      795.0000     2309    1.36%        x145_131 N     53     52      2
     66    62      799.9167   161      806.0000      795.0000     2825    1.36%         x149_44 N     66     65     12
     81    74      802.2500    95      806.0000      795.0000     3050    1.36%        x178_115 D     81     80     23
    108    84        cutoff            806.0000      795.0833     3358    1.35%         x149_40 U    108      2      3
    177   142      803.5000   101      806.0000      795.7500     4125    1.27%        x169_198 N    177    176     33
Elapsed time = 9.04 sec. (6309.49 ticks, tree = 1.39 MB, solutions = 1)
    254   205      800.1667   153      806.0000      795.9375     5435    1.25%         x192_19 N    254    253     16
    340   275      801.7500   132      806.0000      796.4167     6684    1.19%        x163_131 N    340    339     11
    446   362      804.7750   145      806.0000      796.6000     8661    1.17%        x175_125 D    446    445     17
    531   429      803.0504   164      806.0000      796.6667    10175    1.16%         x14_145 D    531    530     51
    610   482      798.6111   135      806.0000      796.8750    11629    1.13%        x175_125 D    610    609     16
    710   568      800.6667   103      806.0000      797.1667    14022    1.10%         x94_192 D    710    709     12
    774   620      803.5000    10      806.0000      797.2500    15073    1.09%          x60_37 U    774    773     31
    852   677      803.0000   137      806.0000      797.4500    16378    1.06%         x115_40 D    852    851      9
    940   731        cutoff            806.0000      797.5000    18899    1.05%         x40_149 D    940    939     15
   1020   793      800.8108   172      806.0000      797.7500    20721    1.02%        x151_115 D   1020   1019     18
Elapsed time = 38.63 sec. (15928.94 ticks, tree = 6.94 MB, solutions = 1)
   1125   873        cutoff            806.0000      797.9167    22653    1.00%         x39_154 U   1125   1124     35
*  1198   332      integral     0      802.0000      798.0000    23762    0.50%
   1198   331      802.0000     0      802.0000      798.0000    23762    0.50%         x106_74 U   1198   1197     33
   1300   406      799.5000    57      802.0000      798.0000    24257    0.50%         x109_96 D   1300   1299     13
   1443   505      799.0000    30      802.0000      798.0000    25258    0.50%           x1_96 D   1443   1442     15
   1609   624      800.3929   153      802.0000      798.0370    26750    0.49%         x94_198 N   1609   1608     12
   1770   729      799.0526    57      802.0000      798.1429    28190    0.48%         x127_23 D   1770   1769     22
   1952   869      799.8182    23      802.0000      798.2500    29257    0.47%          x60_34 D   1952   1951     51
   2136   973      798.5000    63      802.0000      798.4375    30880    0.44%         x145_40 U   2136     61      9
*  2221   193      integral     0      800.0000      798.5000    31691    0.19%
*  2251     0      integral     0      799.0000      798.5000    31894    0.06%

Cover cuts applied:  2
Zero-half cuts applied:  19
Gomory fractional cuts applied:  8
User cuts applied:  2504

Root node processing (before b&c):
  Real time             =    1.87 sec. (2998.88 ticks)
Sequential b&c:
  Real time             =   65.64 sec. (21251.51 ticks)
                          ------------
Total (root+branch&cut) =   67.50 sec. (24250.39 ticks)

