Version identifier: 22.1.0.0 | 2022-03-09 | 1a383f8ce
CPXPARAM_Preprocessing_Reduce                    1
CPXPARAM_Threads                                 1
CPXPARAM_Preprocessing_Reformulations            0
CPXPARAM_TimeLimit                               10800
CPXPARAM_MIP_Tolerances_AbsMIPGap                0.999
CPXPARAM_MIP_Limits_TreeMemory                   20000
Legacy callback                                  BbLUID
         Disabling repeat represolve because of lazy constraint/incumbent callback.
1 of 1 MIP starts provided solutions.
MIP start 'm1' defined initial solution with objective 767.0000.
Tried aggregator 1 time.
MIP Presolve eliminated 62556 rows and 0 columns.
MIP Presolve modified 2507 coefficients.
Reduced MIP has 2909 rows, 13401 columns, and 88410 nonzeros.
Reduced MIP has 13401 binaries, 0 generals, 0 SOSs, and 0 indicators.
Presolve time = 0.08 sec. (146.33 ticks)
Probing time = 0.00 sec. (5.09 ticks)
Clique table members: 2909.
MIP emphasis: balance optimality and feasibility.
MIP search method: traditional branch-and-cut.
Parallel mode: none, using 1 thread.
Root relaxation solution time = 0.01 sec. (19.66 ticks)

        Nodes                                         Cuts/
   Node  Left     Objective  IInf  Best Integer    Best Bound    ItCnt     Gap         Variable B NodeID Parent  Depth

*     0+    0                          767.0000        0.0000           100.00%
      0     0      704.0000   110      767.0000      609.0000      444   20.60%
      0     0      718.5000    46      767.0000     Cuts: 161      509    6.32%
      0     0      736.5000   170      767.0000     Cuts: 156      631    3.98%
      0     0      739.3333   123      767.0000      Cuts: 49      682    3.61%
      0     0      741.0000    15      767.0000      Cuts: 51      727    3.39%
      0     0      743.3922   260      767.0000      Cuts: 29      771    3.08%
      0     0      744.1250   161      767.0000      Cuts: 22      795    2.98%
      0     0      744.7500    93      767.0000      Cuts: 17      825    2.90%
      0     0      746.0000    70      767.0000      Cuts: 20      844    2.74%
      0     0      748.7500   310      767.0000      Cuts: 41      922    2.38%
      0     0      749.5000   152      767.0000      Cuts: 25      959    2.28%
      0     0      751.0000   136      767.0000      Cuts: 22      990    2.09%
      0     0      751.0000   204      767.0000      Cuts: 11     1007    2.09%
      0     0      751.5000   255      767.0000      User: 12     1007    2.02%
      0     0      751.5000   268      767.0000       User: 7     1030    2.02%
      0     0      751.7092   302      767.0000       User: 8     1053    1.99%
      0     0      751.7778   309      767.0000       User: 5     1057    1.98%
      0     0      751.7778   260      767.0000      User: 28     1057    1.98%
      0     0      751.7778   220      767.0000       User: 8     1059    1.98%
      0     0      751.7778   212      767.0000       User: 6     1061    1.98%
      0     0      751.7778   133      767.0000       User: 2     1066    1.98%
      0     0      751.8841   193      767.0000       User: 1     1091    1.97%
      0     0      751.8939   168      767.0000      User: 21     1109    1.97%
      0     0      751.9000   154      767.0000      User: 22     1111    1.97%
      0     2      751.9000   158      767.0000      751.9000     1111    1.97%                        0             0
Elapsed time = 1.67 sec. (2847.24 ticks, tree = 0.01 MB, solutions = 1)
      1     3      753.2188   168      767.0000      753.0000     1278    1.83%         x25_175 N      1      0      1
      2     4      753.7500   166      767.0000      753.2857     1444    1.79%         x25_175 N      2      0      1
      4     6      754.8000   175      767.0000      753.2857     1494    1.79%         x110_76 D      4      3      3
      8    10      756.5857   174      767.0000      753.2857     1653    1.79%         x76_147 N      8      7      6
     11    13      758.0714   169      767.0000      753.2857     1726    1.79%        x160_110 U     11      9      8
     15    17      758.2500    98      767.0000      753.2857     1879    1.79%         x110_25 U     15     12     10
     20    22      762.6667    90      767.0000      753.2857     2042    1.79%          x196_1 N     20     19     14
     25    27      765.3333    92      767.0000      753.2857     2128    1.79%           x1_12 U     25     24     18
     30    28      754.0000    98      767.0000      753.4667     2322    1.76%         x76_160 D     30     29      3
     59    57      762.5000    14      767.0000      753.4667     3431    1.76%           x12_1 U     59     58     25
Elapsed time = 5.34 sec. (6444.07 ticks, tree = 0.50 MB, solutions = 1)
*    91    68      integral     0      764.0000      753.8077     3953    1.33%
     95    71      760.0000   153      764.0000      754.0000     4158    1.31%         x67_196 D     95     94      6
    131   100      758.0000    12      764.0000      754.2500     4907    1.28%         x100_67 U    131    130     20
    169   126      758.5000   171      764.0000      754.7500     5911    1.21%         x67_196 D    169    168      8
    206   156      761.6250   139      764.0000      754.8000     7056    1.20%        x102_160 N    206    205     28
    264   198      758.8182   162      764.0000      755.3750     8405    1.13%        x140_144 U    264    263      8
    304   224      759.7222   168      764.0000      755.5000     9537    1.11%         x67_196 D    304    303     15
*   320+  215                          763.0000      755.5000             0.98%
*   330+  190                          762.0000      755.5000             0.85%
    357   206      758.6250   132      762.0000      755.5000    10641    0.85%           x67_1 D    357    356     11
    414   233        cutoff            762.0000      755.8750    12136    0.80%          x25_76 U    414    413     23
    467   265      760.5000   146      762.0000      756.2000    13232    0.76%         x183_76 D    467    466     13
*   508   246      integral     0      761.0000      756.3333    13874    0.61%
*   533   173      integral     0      760.0000      756.3750    14344    0.48%
    533   172      760.0000     0      760.0000      756.3750    14344    0.48%        x164_127 U    533    532     11
Elapsed time = 25.04 sec. (16030.22 ticks, tree = 4.13 MB, solutions = 6)
    600   182      758.5000    14      760.0000      757.0000    15707    0.39%         x141_76 N    600    599     17
    663   195      758.3462   174      760.0000      757.0000    16852    0.39%         x140_63 D    663    662     13
    744   192      758.1250    30      760.0000      757.5000    18700    0.33%        x102_160 D    744    558     17
    827   187        cutoff            760.0000      757.6786    20216    0.31%         x153_67 U    827    462      9
*   872     0      integral     0      758.0000      758.0000    21032    0.00%

Clique cuts applied:  1
Zero-half cuts applied:  28
Gomory fractional cuts applied:  8
User cuts applied:  2492

Root node processing (before b&c):
  Real time             =    1.66 sec. (2833.67 ticks)
Sequential b&c:
  Real time             =   31.75 sec. (17614.29 ticks)
                          ------------
Total (root+branch&cut) =   33.41 sec. (20447.97 ticks)

