Version identifier: 22.1.0.0 | 2022-03-09 | 1a383f8ce
CPXPARAM_Preprocessing_Reduce                    1
CPXPARAM_Threads                                 1
CPXPARAM_Preprocessing_Reformulations            0
CPXPARAM_TimeLimit                               10800
CPXPARAM_MIP_Tolerances_AbsMIPGap                0.999
CPXPARAM_MIP_Limits_TreeMemory                   20000
Legacy callback                                  BbLUID
         Disabling repeat represolve because of lazy constraint/incumbent callback.
1 of 1 MIP starts provided solutions.
MIP start 'm1' defined initial solution with objective 909.0000.
Tried aggregator 2 times.
MIP Presolve eliminated 43418 rows and 0 columns.
MIP Presolve modified 2024 coefficients.
Aggregator did 2 substitutions.
Reduced MIP has 2425 rows, 11457 columns, and 66998 nonzeros.
Reduced MIP has 11457 binaries, 0 generals, 0 SOSs, and 0 indicators.
Presolve time = 0.06 sec. (102.78 ticks)
Probing time = 0.00 sec. (4.64 ticks)
Clique table members: 2425.
MIP emphasis: balance optimality and feasibility.
MIP search method: traditional branch-and-cut.
Parallel mode: none, using 1 thread.
Root relaxation solution time = 0.01 sec. (11.85 ticks)

        Nodes                                         Cuts/
   Node  Left     Objective  IInf  Best Integer    Best Bound    ItCnt     Gap         Variable B NodeID Parent  Depth

*     0+    0                          909.0000       25.0000            97.25%
      0     0      669.5000    24      909.0000      669.5000      406   26.35%
      0     0      807.0000    60      909.0000     Cuts: 168      505   11.22%
      0     0      820.5000   114      909.0000     Cuts: 109      584    9.74%
      0     0      822.7500   173      909.0000      Cuts: 46      645    9.49%
      0     0      823.5000   151      909.0000      Cuts: 10      671    9.41%
      0     0      830.2500   104      909.0000      Cuts: 53      713    8.66%
      0     0      833.2500   100      909.0000      Cuts: 43      747    8.33%
      0     0      837.2500    78      909.0000      User: 70      788    7.89%
      0     0      840.5000   230      909.0000      User: 36      815    7.54%
      0     0      841.2500   267      909.0000      Cuts: 15      838    7.45%
      0     0      846.4167   257      909.0000      Cuts: 16      866    6.88%
      0     0      847.1833   314      909.0000      Cuts: 17      880    6.80%
      0     0      847.5167   307      909.0000      Cuts: 20      901    6.76%
      0     0      847.6238   219      909.0000      Cuts: 10      914    6.75%
      0     0      848.6238   273      909.0000       Cuts: 7      944    6.64%
      0     0      848.6238   293      909.0000      Cuts: 11      953    6.64%
      0     0      848.8333   157      909.0000      Cuts: 19      961    6.62%
      0     0      849.1667   173      909.0000      Cuts: 24      991    6.58%
      0     0      849.4167   208      909.0000      Cuts: 12     1000    6.55%
      0     0      850.2778   238      909.0000       User: 6     1047    6.46%
      0     0      850.6667    99      909.0000      Cuts: 31     1061    6.42%
      0     0      852.1667   121      909.0000       Cuts: 7     1073    6.25%
      0     0      853.8333   137      909.0000       Cuts: 8     1088    6.07%
      0     0      854.3333   114      909.0000      Cuts: 13     1094    6.01%
      0     0      857.6667    93      909.0000       Cuts: 9     1100    5.65%
      0     0      860.6667    93      909.0000       User: 7     1114    5.32%
      0     0      860.8333   154      909.0000       User: 2     1138    5.30%
      0     0      860.8889   161      909.0000      User: 11     1141    5.29%
      0     0      861.0417   123      909.0000       User: 6     1146    5.28%
      0     0      861.2917   122      909.0000      User: 10     1151    5.25%
      0     0      861.5000   120      909.0000      User: 14     1152    5.23%
      0     0      861.5000    89      909.0000      User: 10     1152    5.23%
      0     0      863.1667    54      909.0000       User: 1     1165    5.04%
      0     0      863.1667    70      909.0000       User: 2     1186    5.04%
      0     0      863.1961   206      909.0000       User: 5     1203    5.04%
      0     0      863.2359   223      909.0000      User: 13     1225    5.03%
      0     0      863.2833   207      909.0000       User: 3     1230    5.03%
      0     0      863.4167   185      909.0000       User: 9     1254    5.01%
      0     0      863.5238   190      909.0000      User: 13     1266    5.00%
      0     0      863.6225   206      909.0000       User: 7     1314    4.99%
      0     0      863.6225   198      909.0000       User: 4     1314    4.99%
      0     0      863.6667    63      909.0000       User: 5     1336    4.99%
      0     0      863.6806   185      909.0000       User: 6     1364    4.99%
      0     0      863.7917   193      909.0000      User: 21     1369    4.97%
      0     0      863.7917   165      909.0000       User: 3     1370    4.97%
      0     0      863.8826   217      909.0000      User: 27     1389    4.96%
      0     0      863.8863   222      909.0000      User: 15     1401    4.96%
      0     0      863.8988   214      909.0000       User: 2     1412    4.96%
      0     0      865.1667    87      909.0000       User: 1     1436    4.82%
      0     0      865.8707   258      909.0000       User: 2     1450    4.74%
      0     0      865.8988   250      909.0000       User: 1     1451    4.74%
      0     2      865.8988   246      909.0000      865.8988     1451    4.74%                        0             0
Elapsed time = 3.35 sec. (8352.97 ticks, tree = 0.01 MB, solutions = 1)
      1     3      866.8988   242      909.0000      867.8988     1472    4.52%         x163_10 D      1      0      1
      3     5      869.8988   248      909.0000      867.8988     1511    4.52%         x10_163 N      3      2      3
      4     6      868.8988   246      909.0000      868.8988     1518    4.41%         x10_163 N      4      2      3
      5     7      868.8988   255      909.0000      868.8988     1522    4.41%          x66_80 N      5      4      4
      6     8      869.8988   220      909.0000      868.8988     1529    4.41%          x66_80 U      6      4      4
      7     9      871.4167   154      909.0000      868.8988     1577    4.41%          x150_4 N      7      6      5
      8    10      871.6488   225      909.0000      868.8988     1755    4.41%          x150_4 N      8      6      5
     10    12      871.9167   119      909.0000      868.8988     1778    4.41%           x86_5 D     10      9      7
     19    21      874.5000    68      909.0000      868.8988     2030    4.41%         x148_34 D     19     17     14
     31    33      877.3125    67      909.0000      868.8988     2580    4.41%           x39_5 N     31     30     22
Elapsed time = 6.18 sec. (12710.89 ticks, tree = 0.13 MB, solutions = 1)
     50    52      880.0000    38      909.0000      868.8988     3000    4.41%        x126_103 N     50     48     36
     69    71      890.0000    14      909.0000      868.8988     3335    4.41%         x134_44 U     69     68     50
     92    85      873.8095   115      909.0000      868.8988     3572    4.41%          x28_93 D     92     91      7
    125   112      898.4750   136      909.0000      868.8988     4095    4.41%         x148_30 N    125    124     32
    152   133      882.0000    81      909.0000      869.2279     4774    4.38%          x79_86 D    152    151     26
    182   159      896.8889    91      909.0000      869.2279     5103    4.38%        x188_163 D    182    181     56
    240   204      870.6488   267      909.0000      869.8988     5916    4.30%         x150_43 N    240    132      7
    291   250      878.1957   254      909.0000      870.2321     6673    4.26%          x30_79 D    291    289      7
    311   270      883.1490   197      909.0000      870.2321     7985    4.26%         x86_146 D    311    309     21
    339   298      891.3333    69      909.0000      870.2321     8978    4.26%         x147_30 N    339    337     40
Elapsed time = 18.40 sec. (22483.50 ticks, tree = 1.95 MB, solutions = 1)
    361   319      903.2308    53      909.0000      870.2321     9840    4.26%           x43_4 N    361    358     54
    389   341      907.0000    24      909.0000      870.2321    10543    4.26%           x7_42 D    389    388     78
    431   372      875.2500   244      909.0000      870.8988    11217    4.19%         x147_30 U    431    430     16
    464   405      892.5000    42      909.0000      870.8988    11827    4.19%         x74_148 D    464    463     49
*   480+  397                          906.0000      870.8988             3.87%
    494   410      885.2381   216      906.0000      871.1488    12749    3.85%         x144_18 N    494    493     17
    510   426      897.0000   146      906.0000      871.1488    13627    3.85%           x4_74 D    510    509     33
    555   467      883.6667   106      906.0000      871.1667    14225    3.84%         x67_150 N    555    554     37
    596   504      878.1667   172      906.0000      871.3333    15247    3.83%           x3_10 D    596    595     23
    646   548      873.6333   194      906.0000      871.4167    16356    3.82%           x4_79 D    646    645     13
    700   602      890.5000    42      906.0000      871.4167    17303    3.82%          x80_93 D    700    699     67
Elapsed time = 31.72 sec. (32315.24 ticks, tree = 4.02 MB, solutions = 2)
    743   641      887.3333    58      906.0000      871.4167    18553    3.82%          x52_81 D    743    742     33
    772   670      897.6000    71      906.0000      871.4167    19320    3.82%         x119_90 D    772    771     62
    804   699      903.5000    41      906.0000      871.4167    19599    3.82%          x46_44 D    804    803     93
    860   746      894.5000   111      906.0000      871.5668    20483    3.80%         x180_32 D    860    859     54
    926   796      872.5095   199      906.0000      871.7024    21133    3.79%         x79_148 D    926    925     12
    968   838      890.5000    54      906.0000      871.7024    22512    3.79%           x78_2 N    968    966     41
   1000   870      896.5000    48      906.0000      871.7024    23380    3.79%         x41_192 N   1000    999     64
   1016   883      903.6111   107      906.0000      871.7024    24498    3.79%          x24_50 U   1016   1014     72
   1048   911      886.8235   181      906.0000      871.8095    25622    3.77%           x1_78 D   1048   1047     34
   1083   946      897.5000    55      906.0000      871.8095    26336    3.77%          x1_159 N   1083   1082     69
Elapsed time = 45.01 sec. (42144.85 ticks, tree = 6.19 MB, solutions = 2)
   1113   969      877.4333   200      906.0000      871.8333    26865    3.77%         x190_34 D   1113   1112     12
   1160  1012      874.8333   142      906.0000      871.8333    27812    3.77%           x78_1 D   1160   1159     13
   1194  1041      873.8333   134      906.0000      871.8583    29190    3.77%         x147_30 D   1194   1193     14
   1252  1095      875.3333   177      906.0000      871.9167    30134    3.76%           x4_79 D   1252   1251     14
   1280  1123      887.5000    38      906.0000      871.9167    31088    3.76%        x101_143 D   1280   1279     32
   1313  1156      895.7500    53      906.0000      871.9167    31838    3.76%        x159_103 U   1313   1310     54
   1334  1177      904.0000    34      906.0000      871.9167    32358    3.76%        x193_103 U   1334   1333     71
   1367  1206      889.5000    65      906.0000      871.9167    33540    3.76%           x5_37 D   1367   1366     30
   1408  1247      901.8000    64      906.0000      871.9167    34466    3.76%         x103_46 N   1408   1407     71
   1441  1275      879.0556   176      906.0000      871.9487    34991    3.76%         x147_34 D   1441   1440     18
Elapsed time = 57.02 sec. (51877.06 ticks, tree = 9.18 MB, solutions = 2)
   1487  1321      893.5000    44      906.0000      871.9487    35812    3.76%          x42_53 U   1487   1486     64
   1525  1358      903.5000    57      906.0000      871.9487    36124    3.76%           x4_67 N   1525   1524    102
   1576  1402      899.8667   183      906.0000      872.0333    36651    3.75%          x3_198 N   1576   1575     52
   1628  1450      891.3208   174      906.0000      872.1310    37478    3.74%        x126_103 D   1628   1627     57
   1670  1487      878.5000    65      906.0000      872.1458    38368    3.74%          x2_193 N   1670   1669     22
   1701  1518      885.8000    29      906.0000      872.1458    39276    3.74%         x134_52 D   1701   1699     44
   1737  1554      898.0000    30      906.0000      872.1458    39803    3.74%         x39_103 U   1737   1735     73
   1759  1572      898.5000    16      906.0000      872.1458    40448    3.74%         x52_103 U   1759   1757     88
   1786  1596      903.3333    22      906.0000      872.1458    40888    3.74%         x37_134 D   1786   1785    112
   1830  1635      899.1667    85      906.0000      872.1488    41438    3.74%         x67_150 D   1830   1829     50
Elapsed time = 69.84 sec. (61550.32 ticks, tree = 10.98 MB, solutions = 2)
   1886  1685      888.4167   126      906.0000      872.1667    42567    3.73%          x78_86 D   1886   1885     50
   1937  1731      880.7917   189      906.0000      872.1667    43795    3.73%           x4_79 U   1937   1936     26
   1979  1767      880.7343   192      906.0000      872.1970    44492    3.73%         x67_150 D   1979   1978     25
   2011  1799      889.2000    51      906.0000      872.1970    45215    3.73%        x159_122 D   2011   2010     57
   2050  1838      898.0000    20      906.0000      872.1970    45829    3.73%        x126_159 N   2050   2049     96
   2089  1872      885.3667   174      906.0000      872.2821    46698    3.72%         x180_93 D   2089   2087     27
   2116  1898      905.0000    48      906.0000      872.2821    48676    3.72%          x39_37 U   2116   2114     44
   2173  1950      893.5000    58      906.0000      872.2917    49407    3.72%        x101_143 D   2173   2172     60
   2210  1978      875.1667   113      906.0000      872.3095    50540    3.72%          x4_146 N   2210    716      7
   2243  2011      888.0250   106      906.0000      872.3095    51470    3.72%          x67_74 D   2243   2242     40
Elapsed time = 84.16 sec. (71226.87 ticks, tree = 13.71 MB, solutions = 2)
   2288  2056      899.2326   104      906.0000      872.3095    52058    3.72%         x110_42 N   2288   2287     85
   2320  2083      885.6667   119      906.0000      872.3333    52527    3.72%         x80_180 D   2320   2319     32
   2387  2146      897.3667   123      906.0000      872.3333    53176    3.72%          x67_43 D   2387   2386     56
   2430  2181      894.4917   148      906.0000      872.3667    53831    3.71%          x93_10 D   2430   2429     38
   2478  2221      885.7718   178      906.0000      872.4615    54981    3.70%          x53_90 D   2478   2477     38
   2524  2267      903.0000    38      906.0000      872.4615    55730    3.70%         x159_52 N   2524   2523     84
   2553  2289      887.5250   128      906.0000      872.5000    56993    3.70%         x148_74 D   2553   2552     34
   2587  2323      898.0000    32      906.0000      872.5000    57818    3.70%           x5_37 U   2587   2586     68
   2617  2346      880.5471   148      906.0000      872.5000    58544    3.70%          x53_90 D   2617   2616     21
   2660  2389      895.0000    66      906.0000      872.5000    59725    3.70%          x2_146 D   2660   2659     64
Elapsed time = 97.37 sec. (81131.30 ticks, tree = 15.99 MB, solutions = 2)
   2703  2427      889.6667   118      906.0000      872.5000    60282    3.70%         x141_33 D   2703   2702     35
   2744  2464      874.1667   101      906.0000      872.5077    61671    3.70%         x147_30 U   2744   2741     15
   2778  2498      887.0000    26      906.0000      872.5077    63062    3.70%         x81_134 N   2778   2776     38
   2798  2518      897.5000    46      906.0000      872.5077    63763    3.70%           x67_2 N   2798   2796     54
   2816  2532      902.5000    56      906.0000      872.5077    64275    3.70%           x78_2 N   2816   2814     68
   2865  2573      876.1542   195      906.0000      872.6111    64952    3.69%         x41_128 U   2865   2864     13
   2907  2615      889.3333    34      906.0000      872.6111    66019    3.69%           x5_52 D   2907   2906     55
   2950  2657      903.0000    34      906.0000      872.6111    66572    3.69%          x67_11 N   2950   2949     98
   2982  2681      894.0991   234      906.0000      872.6667    67796    3.68%         x41_128 U   2982   2981     27
   3027  2723      878.4167   147      906.0000      872.6667    68646    3.68%         x10_116 D   3027   3026     23
Elapsed time = 109.69 sec. (90958.81 ticks, tree = 17.76 MB, solutions = 2)
   3068  2764      896.2747   144      906.0000      872.6667    69732    3.68%          x36_53 D   3068   3067     64
   3112  2808      904.0000    43      906.0000      872.6667    70478    3.68%          x67_52 D   3112   3111    108
   3146  2830      876.9167   108      906.0000      872.7821    71102    3.67%         x41_128 U   3146   3145     11
   3180  2864      894.1564   173      906.0000      872.7821    72173    3.67%         x122_86 D   3180   3179     45
   3207  2889      900.1667    54      906.0000      872.7821    72652    3.67%          x43_67 D   3207   3206     71
   3246  2922      883.6667   123      906.0000      872.8333    73144    3.66%          x4_142 D   3246   3245     22
   3281  2957      901.6250   152      906.0000      872.8333    74241    3.66%          x36_90 D   3281   3280     57
   3337  3004      873.8696   178      906.0000      872.8667    74916    3.66%          x4_146 U   3337   2122     10
   3381  3044      882.8485   169      906.0000      872.9167    75530    3.65%          x28_93 U   3381   3379     17
   3477  3134      900.5227    89      906.0000      872.9167    78754    3.65%          x52_81 N   3477   3476     63
Elapsed time = 125.80 sec. (103491.93 ticks, tree = 20.00 MB, solutions = 2)
   3600  3243      879.6389   144      906.0000      873.0000    81136    3.64%           x3_28 D   3600   3599     33
   3697  3336      902.2500    33      906.0000      873.1458    84631    3.63%          x52_81 U   3697   3695     60
*  3724  2653      integral     0      898.0000      873.1548    85945    2.77%
   3830  2748      891.2500    72      898.0000      873.2000    88724    2.76%          x53_90 D   3830   3829     39
*  3871  2422      integral     0      895.0000      873.2029    90316    2.44%
   3949  2492      883.0000    47      895.0000      873.4167    93170    2.41%          x44_39 N   3949   3948     27
   4076  2592      873.8333   145      895.0000      873.4821    96064    2.40%           x78_1 D   4076   4075     12
   4219  2724      889.8691   166      895.0000      873.5000    99647    2.40%          x36_90 D   4219   4218     42
*  4299  2671      integral     0      894.0000      873.5000   103352    2.29%
*  4300  2541      integral     0      893.0000      873.5000   103353    2.18%
   4336  2576      890.0000    60      893.0000      873.5167   104726    2.18%          x39_37 D   4336   4335     43
   4502  2722      889.9167    96      893.0000      873.6667   107684    2.16%        x122_159 D   4502   4501     40
   4677  2868      878.6000   149      893.0000      873.6667   111525    2.16%          x30_34 D   4677   4676     19
   4812  2988      888.8810   113      893.0000      873.7083   116127    2.16%           x5_86 N   4812   4811     44
Elapsed time = 168.89 sec. (141870.05 ticks, tree = 19.03 MB, solutions = 6)
   4980  3126      890.0000    20      893.0000      873.8333   119414    2.15%           x5_44 U   4980   4979     29
   5113  3240      882.6042   153      893.0000      873.9167   122858    2.14%         x67_142 D   5113   5112     13
   5264  3362      878.4000   153      893.0000      873.9667   126747    2.13%          x53_90 D   5264   5263     12
   5375  3461      892.0000    13      893.0000      873.9667   130503    2.13%         x43_150 D   5375   5373     34
   5528  3584      885.0750    68      893.0000      874.0000   134473    2.13%         x150_67 D   5528   5527     22
   5671  3707      874.3000   190      893.0000      874.1250   137885    2.11%           x66_3 D   5671   2067     14
*  5710  3550      integral     0      892.0000      874.1250   139294    2.00%
   5822  3646      878.6667    81      892.0000      874.1667   142362    2.00%          x4_142 D   5822   5821     12
   5940  3752      882.1667   129      892.0000      874.1667   146861    2.00%          x2_146 U   5940   5939     14
   6064  3854      886.0000     8      892.0000      874.1667   151487    2.00%        x113_138 U   6064   6063     53
*  6158  3180      integral     0      889.0000      874.2500   153440    1.66%
   6230  3237        cutoff            889.0000      874.3000   155270    1.65%           x5_37 D   6230   6229     45
Elapsed time = 211.36 sec. (180246.48 ticks, tree = 20.74 MB, solutions = 8)
   6390  3364      876.6667    97      889.0000      874.3667   159729    1.65%          x78_86 D   6390   6388     20
*  6420+ 2832                          887.0000      874.3667             1.42%
   6518  2910      881.3667   170      887.0000      874.4167   163783    1.42%         x18_144 D   6518   6517     26
*  6567  1536      integral     0      882.0000      874.4167   165720    0.86%
   6639  1569      879.0303   180      882.0000      874.5167   167394    0.85%          x180_3 U   6639    529     12
   6794  1659        cutoff            882.0000      874.6667   171845    0.83%         x67_146 U   6794   6792     16
   6966  1740      878.1667   109      882.0000      874.7029   175909    0.83%           x28_3 D   6966   6965     23
   7136  1821      879.2917   107      882.0000      874.9167   178670    0.80%         x129_15 D   7136   7135     17
   7287  1904        cutoff            882.0000      875.0000   183161    0.79%         x10_116 D   7287   7286     26
   7471  1988      878.1667    63      882.0000      875.1667   187267    0.77%          x67_79 D   7471   7470     23
   7637  2060      880.4167    99      882.0000      875.1795   192895    0.77%          x53_90 U   7637   7635     19
   7814  2115      876.3667   110      882.0000      875.4583   197673    0.74%         x67_146 U   7814   5612     14
Elapsed time = 252.54 sec. (218561.86 ticks, tree = 18.67 MB, solutions = 10)
   7982  2179      878.3267   184      882.0000      875.6167   202283    0.72%          x45_10 D   7982   7981     22
   8163  2278      879.6667    87      882.0000      875.6667   207260    0.72%          x150_4 U   8163   8162     22
   8325  2332        cutoff            882.0000      875.8321   211933    0.70%          x28_93 U   8325   8323     26
   8494  2379      879.9833   184      882.0000      875.9437   216751    0.69%          x3_163 D   8494   8492     20
   8647  2433        cutoff            882.0000      876.0000   221507    0.68%           x3_10 U   8647   8645     22
   8811  2499      879.4167    94      882.0000      876.1667   226135    0.66%         x147_34 D   8811   8810     18
   8993  2542        cutoff            882.0000      876.1667   230998    0.66%         x163_80 U   8993   8991     24
   9152  2596        cutoff            882.0000      876.2667   236160    0.65%         x53_171 D   9152   9150     21
   9293  2620      879.8167   197      882.0000      876.3841   241946    0.64%         x150_43 D   9293   9291     21
   9465  2666      877.6667   127      882.0000      876.4667   246766    0.63%         x67_146 U   9465   8595     21
Elapsed time = 291.17 sec. (256825.70 ticks, tree = 21.11 MB, solutions = 10)
   9637  2732        cutoff            882.0000      876.5000   251854    0.62%         x148_34 D   9637   9636     22
   9781  2750      879.4105   215      882.0000      876.5985   257793    0.61%          x53_90 D   9781   9780     20
   9964  2795        cutoff            882.0000      876.6667   263089    0.60%          x78_86 U   9964   6388     20
  10139  2824        cutoff            882.0000      876.6825   268727    0.60%         x80_163 U  10139  10137     20
  10320  2866        cutoff            882.0000      876.8333   274204    0.59%         x148_34 D  10320  10319     23
* 10483  2303      integral     0      881.0000      876.8988   279228    0.47%          x36_42 D  10483  10482     35
* 10636  1421      integral     0      880.0000      877.0000   283119    0.34%
  10659  1420        cutoff            880.0000      877.0000   284269    0.34%         x67_146 U  10659   8762     22
  10847  1368        cutoff            880.0000      877.1667   288780    0.32%        x163_180 U  10847   3297     15
  11018  1266        cutoff            880.0000      877.3725   292755    0.30%         x10_116 D  11018   4369     11
  11185  1152        cutoff            880.0000      877.6667   296836    0.27%          x34_79 U  11185   9859     14
Elapsed time = 324.75 sec. (294691.05 ticks, tree = 8.78 MB, solutions = 12)
  11360  1050        cutoff            880.0000      877.6667   300706    0.27%         x10_116 D  11360   4417     22
  11538   938        cutoff            880.0000      877.9583   304418    0.23%           x4_43 U  11538   8173     20
  11707   829        cutoff            880.0000      878.1126   307979    0.21%           x78_1 D  11707    722     13
  11889   675      878.2485   167      880.0000      878.2500   310501    0.20%          x45_10 D  11889   3380     18
  12077   519        cutoff            880.0000      878.4167   312825    0.18%          x180_3 U  12077   7110     27
  12259   365        cutoff            880.0000      878.6667   314966    0.15%         x190_34 U  12259   9929     20
  12455   174    infeasible            880.0000      878.8333   316455    0.13%          x45_10 U  12455   7981     22

Cover cuts applied:  1
Mixed integer rounding cuts applied:  1
Zero-half cuts applied:  28
Gomory fractional cuts applied:  1
User cuts applied:  6661

Root node processing (before b&c):
  Real time             =    3.33 sec. (8329.36 ticks)
Sequential b&c:
  Real time             =  336.03 sec. (316995.58 ticks)
                          ------------
Total (root+branch&cut) =  339.36 sec. (325324.94 ticks)

