Version identifier: 22.1.0.0 | 2022-03-09 | 1a383f8ce
CPXPARAM_Preprocessing_Reduce                    1
CPXPARAM_Threads                                 1
CPXPARAM_Preprocessing_Reformulations            0
CPXPARAM_TimeLimit                               10800
CPXPARAM_MIP_Tolerances_AbsMIPGap                0.999
CPXPARAM_MIP_Limits_TreeMemory                   20000
Legacy callback                                  BbLUID
         Disabling repeat represolve because of lazy constraint/incumbent callback.
1 of 1 MIP starts provided solutions.
MIP start 'm1' defined initial solution with objective 777.0000.
Tried aggregator 2 times.
MIP Presolve eliminated 48239 rows and 0 columns.
MIP Presolve modified 2188 coefficients.
Aggregator did 2 substitutions.
Reduced MIP has 2588 rows, 12259 columns, and 74280 nonzeros.
Reduced MIP has 12259 binaries, 0 generals, 0 SOSs, and 0 indicators.
Presolve time = 0.07 sec. (118.70 ticks)
Probing time = 0.00 sec. (4.83 ticks)
Clique table members: 2588.
MIP emphasis: balance optimality and feasibility.
MIP search method: traditional branch-and-cut.
Parallel mode: none, using 1 thread.
Root relaxation solution time = 0.01 sec. (17.78 ticks)

        Nodes                                         Cuts/
   Node  Left     Objective  IInf  Best Integer    Best Bound    ItCnt     Gap         Variable B NodeID Parent  Depth

*     0+    0                          777.0000       33.0000            95.75%
      0     0      747.5000    20      777.0000      671.0000      267   13.64%
      0     0      769.5000    28      777.0000      Cuts: 58      323    0.97%
      0     0      772.5000    36      777.0000      Cuts: 44      362    0.58%
      0     0      772.5000    71      777.0000      Cuts: 41      380    0.58%
      0     0      773.5000    74      777.0000      Cuts: 18      426    0.45%
      0     0      773.6667    51      777.0000      Cuts: 24      451    0.43%
      0     0      774.1667   157      777.0000      Cuts: 26      478    0.36%
      0     0      774.7000    84      777.0000      Cuts: 32      498    0.30%
      0     0      775.0000   125      777.0000      Cuts: 23      531    0.26%
      0     0      775.9000   137      777.0000      Cuts: 44      556    0.14%
      0     0      776.0000    10      777.0000      Cuts: 17      566    0.13%
      0     0        cutoff            777.0000                    575    0.00%                        0             0
Elapsed time = 0.52 sec. (755.81 ticks, tree = 0.01 MB, solutions = 1)

Zero-half cuts applied:  36
Gomory fractional cuts applied:  4
User cuts applied:  686

Root node processing (before b&c):
  Real time             =    0.52 sec. (756.02 ticks)
Sequential b&c:
  Real time             =    0.00 sec. (0.00 ticks)
                          ------------
Total (root+branch&cut) =    0.52 sec. (756.02 ticks)

