Version identifier: 22.1.0.0 | 2022-03-09 | 1a383f8ce
CPXPARAM_Preprocessing_Reduce                    1
CPXPARAM_Threads                                 1
CPXPARAM_Preprocessing_Reformulations            0
CPXPARAM_TimeLimit                               10800
CPXPARAM_MIP_Tolerances_AbsMIPGap                0.999
CPXPARAM_MIP_Limits_TreeMemory                   20000
Legacy callback                                  BbLUID
         Disabling repeat represolve because of lazy constraint/incumbent callback.
1 of 1 MIP starts provided solutions.
MIP start 'm1' defined initial solution with objective 841.0000.
Tried aggregator 1 time.
MIP Presolve eliminated 62988 rows and 0 columns.
MIP Presolve modified 2459 coefficients.
Reduced MIP has 2861 rows, 13468 columns, and 88822 nonzeros.
Reduced MIP has 13468 binaries, 0 generals, 0 SOSs, and 0 indicators.
Presolve time = 0.08 sec. (148.15 ticks)
Probing time = 0.00 sec. (5.08 ticks)
Clique table members: 2861.
MIP emphasis: balance optimality and feasibility.
MIP search method: traditional branch-and-cut.
Parallel mode: none, using 1 thread.
Root relaxation solution time = 0.01 sec. (14.81 ticks)

        Nodes                                         Cuts/
   Node  Left     Objective  IInf  Best Integer    Best Bound    ItCnt     Gap         Variable B NodeID Parent  Depth

*     0+    0                          841.0000        0.0000           100.00%
      0     0      718.5000    78      841.0000      651.0000      234   22.59%
      0     0      753.1667    46      841.0000     Cuts: 184      336   10.44%
      0     0      761.0000   186      841.0000     Cuts: 171      433    9.51%
      0     0      764.5000   118      841.0000      Cuts: 48      477    9.10%
      0     0      770.2500   204      841.0000     Cuts: 111      507    8.41%
      0     0      771.2500   215      841.0000      Cuts: 15      519    8.29%
      0     0      773.4167   205      841.0000      Cuts: 50      560    8.04%
      0     0      773.8333   257      841.0000      Cuts: 28      575    7.99%
      0     0      777.2500   121      841.0000      Cuts: 42      604    7.58%
      0     0      778.9167   154      841.0000      Cuts: 29      624    7.38%
      0     0      779.4167   162      841.0000      Cuts: 12      635    7.32%
      0     0      779.4423   197      841.0000      Cuts: 35      655    7.32%
      0     0      780.1923   178      841.0000      Cuts: 23      699    7.23%
      0     0      782.2778   181      841.0000      Cuts: 47      762    6.98%
      0     0      783.3462   204      841.0000      Cuts: 19      787    6.86%
      0     0      783.3462   141      841.0000      User: 10      790    6.86%
      0     0      783.3462   164      841.0000       Cuts: 9      806    6.86%
      0     0      783.8462   176      841.0000       User: 6      840    6.80%
      0     0      784.2500   154      841.0000       User: 6      850    6.75%
      0     0      788.7500   235      841.0000      User: 11      893    6.21%
      0     0      790.8750   205      841.0000      User: 24      919    5.96%
      0     0      791.8750   175      841.0000      User: 14      927    5.84%
      0     0      791.8750   167      841.0000      User: 10      929    5.84%
      0     0      793.5417   257      841.0000      User: 11      984    5.64%
      0     0      793.5417   259      841.0000      User: 15      987    5.64%
      0     0      793.8750   267      841.0000       User: 7     1020    5.60%
      0     0      793.8750   269      841.0000       User: 7     1025    5.60%
      0     0      793.8750   189      841.0000       User: 5     1029    5.60%
      0     0      794.5000   183      841.0000       User: 4     1077    5.53%
      0     0      795.5000   184      841.0000      User: 37     1096    5.41%
      0     0      795.5000   209      841.0000      User: 20     1111    5.41%
      0     0      795.9167   199      841.0000       User: 7     1172    5.36%
      0     0      795.9167   200      841.0000       User: 5     1176    5.36%
      0     0      796.5000   234      841.0000       User: 6     1213    5.29%
      0     0      796.9167   266      841.0000      User: 33     1242    5.24%
      0     0      797.0000   278      841.0000      User: 16     1249    5.23%
      0     0      797.2500   279      841.0000      User: 11     1289    5.20%
      0     0      797.2500   259      841.0000      User: 11     1289    5.20%
      0     0      797.2500   264      841.0000      User: 12     1291    5.20%
      0     0      797.8929   344      841.0000      User: 17     1315    5.13%
      0     0      797.8929   345      841.0000       User: 9     1316    5.13%
      0     0      798.7500   309      841.0000       User: 6     1340    5.02%
      0     0      798.8571   313      841.0000       User: 8     1365    5.01%
      0     0      798.8571   317      841.0000       User: 4     1366    5.01%
      0     0      798.8750   316      841.0000       User: 4     1379    5.01%
      0     0      799.6250   325      841.0000       User: 4     1403    4.92%
      0     0      799.6250   322      841.0000       User: 2     1418    4.92%
      0     2      799.6250   303      841.0000      799.6250     1418    4.92%                        0             0
Elapsed time = 3.79 sec. (9636.27 ticks, tree = 0.01 MB, solutions = 1)
      1     3      802.9167   315      841.0000      802.7500     1510    4.55%          x39_75 N      1      0      1
      2     4      803.5000   281      841.0000      802.7500     1540    4.55%          x39_34 D      2      1      2
      3     5      804.5000   311      841.0000      802.7500     1647    4.55%           x63_1 N      3      2      3
      5     7      805.2500   285      841.0000      802.7500     1785    4.55%         x99_177 D      5      4      4
      6     8      806.8750   289      841.0000      802.7500     1890    4.55%         x99_177 U      6      4      4
      7     9      806.1667   291      841.0000      802.7500     1979    4.55%          x58_89 N      7      5      5
      9    11      807.0000   216      841.0000      802.7500     2117    4.55%         x20_148 D      9      8      7
     12    14      809.5000   255      841.0000      802.7500     2339    4.55%         x93_135 N     12     10      9
     15    17      811.5000   190      841.0000      802.7500     2537    4.55%         x149_38 D     15     13     10
     24    26      815.3750   212      841.0000      802.7500     2986    4.55%         x49_159 N     24     22     15
Elapsed time = 7.25 sec. (14720.98 ticks, tree = 0.31 MB, solutions = 1)
     37    39      817.6765   230      841.0000      802.7500     3469    4.55%        x163_193 N     37     36     24
     49    51      825.1667   165      841.0000      802.7500     4177    4.55%        x141_102 U     49     47     31
     60    62      831.8750   143      841.0000      802.7500     4737    4.55%           x41_6 N     60     59     38
     71    71      836.0000   153      841.0000      802.7500     5093    4.55%          x75_73 N     71     70     45
     81    76      836.5682   132      841.0000      802.7500     5757    4.55%        x172_161 N     81     79     53
     98    88      838.8333   116      841.0000      802.7500     5900    4.55%          x85_48 N     98     97     69
    115    97      824.1786   327      841.0000      803.5000     6537    4.46%          x52_98 N    115    113      2
    120   102      814.1786   269      841.0000      803.5000     6774    4.46%         x75_127 D    120    119      6
    130   112      821.5000   196      841.0000      803.5000     7399    4.46%        x163_129 U    130    128     12
    151   133      827.7857   236      841.0000      803.5000     8066    4.46%        x152_125 D    151    150     27
Elapsed time = 17.20 sec. (25385.17 ticks, tree = 1.82 MB, solutions = 1)
    159   141      833.5385   218      841.0000      803.5000     8611    4.46%          x56_34 N    159    157     31
    178   156      817.0312   364      841.0000      804.5000     9476    4.34%          x39_34 N    178      1      2
    198   176      829.7531   282      841.0000      804.5000    10274    4.34%           x1_63 N    198    197     22
    212   188      837.7500   281      841.0000      804.5000    10750    4.34%          x22_79 D    212    211     36
    232   202      819.8500   280      841.0000      804.7500    11351    4.31%        x100_163 D    232    231     15
    254   224      827.8981   227      841.0000      804.7500    12023    4.31%         x20_148 D    254    253     37
    276   245      833.7991   217      841.0000      804.7500    12296    4.31%         x61_163 N    276    275     59
    296   259      809.1580   388      841.0000      805.2500    12842    4.25%          x63_97 D    296      3      4
    318   281      822.7062   312      841.0000      805.2500    13732    4.25%         x193_61 D    318    317     26
    341   304      830.6815   280      841.0000      805.2500    14241    4.25%         x152_32 D    341    340     49
Elapsed time = 30.53 sec. (35429.85 ticks, tree = 4.56 MB, solutions = 1)
    369   331      839.1667   181      841.0000      805.2500    14716    4.25%        x100_152 N    369    368     77
    383   341      813.2500   270      841.0000      806.1667    15280    4.14%          x20_93 D    383    382     10
    400   358      821.0556   143      841.0000      806.1667    15933    4.14%         x75_127 D    400    399     21
    422   379      835.2083   150      841.0000      806.1667    16658    4.14%           x73_6 N    422    420     39
    439   393      840.0000    81      841.0000      806.1667    16905    4.14%         x75_156 N    439    438     54
    456   406      819.3500   326      841.0000      806.8750    17787    4.06%        x148_111 D    456    455     19
    473   423      823.4667   297      841.0000      806.8750    18139    4.06%        x117_124 U    473    472     36
    484   434      829.7222   312      841.0000      806.8750    18523    4.06%         x138_35 N    484    483     47
    500   446      815.2917   303      841.0000      807.0000    19219    4.04%          x39_41 U    500    499      9
    529   475      832.3333   239      841.0000      807.0000    19847    4.04%         x135_93 D    529    528     38
Elapsed time = 43.42 sec. (45654.82 ticks, tree = 7.82 MB, solutions = 1)
    549   491      820.7500   303      841.0000      807.0000    20341    4.04%        x148_111 N    549    548     16
    575   517      831.7625   246      841.0000      807.0000    20832    4.04%         x135_52 D    575    574     42
    603   541      813.8929   306      841.0000      808.0000    21411    3.92%        x120_185 D    603    602      7
    628   566      822.9333   188      841.0000      808.0000    22067    3.92%         x40_193 D    628    627     32
    649   587      830.8372   125      841.0000      808.0000    22498    3.92%         x78_184 D    649    648     53
    666   603      831.8175   163      841.0000      808.0000    22704    3.92%         x129_61 D    666    665     70
*   680+  512                          836.0000      808.0000             3.35%
*   680+  471                          834.0000      808.0000             3.12%
    683   472      813.0833   319      834.0000      808.0000    23059    3.12%        x120_185 U    683     11      9
    701   490      821.5000   234      834.0000      808.0000    23752    3.12%        x100_163 N    701    700     20
    719   508      826.9444   166      834.0000      808.0000    24440    3.12%         x124_58 N    719    717     31
    728   514      832.4111   179      834.0000      808.0000    25183    3.12%         x20_111 D    728    727     38
Elapsed time = 55.87 sec. (55517.20 ticks, tree = 9.14 MB, solutions = 3)
    740   522      820.9387   326      834.0000      809.1858    25963    2.98%         x143_72 D    740    739     18
    765   547      830.1000   258      834.0000      809.1858    26659    2.98%        x183_117 N    765    764     43
    782   557      816.3929   303      834.0000      809.2500    27703    2.97%         x20_148 U    782    781     12
    799   574      823.8333   265      834.0000      809.2500    28202    2.97%         x99_161 N    799    798     29
    820   595      828.5096   283      834.0000      809.2500    28587    2.97%          x52_93 D    820    819     50
    844   611        cutoff            834.0000      809.2500    28956    2.97%         x152_86 D    844    843     73
    869   634      825.0357   256      834.0000      809.5000    29793    2.94%          x56_34 D    869    868     29
    892   656      832.5000   250      834.0000      809.5000    30234    2.94%         x162_98 D    892    891     52
    919   679      829.1976   310      834.0000      809.6667    31313    2.92%         x58_185 D    919    918     34
    938   694      818.7500   256      834.0000      810.5833    32167    2.81%         x158_52 D    938    936     16
Elapsed time = 69.42 sec. (65394.87 ticks, tree = 11.66 MB, solutions = 3)
    952   704      832.2667   229      834.0000      810.5833    32955    2.81%          x22_79 D    952    951     24
    977   723      825.5714   276      834.0000      811.0000    33868    2.76%        x126_135 N    977    976     23
    999   741      819.4167   245      834.0000      811.0000    34872    2.76%        x143_128 N    999    998     16
   1013   755      831.6250   182      834.0000      811.0000    35275    2.76%        x163_129 D   1013   1012     30
   1038   769      817.0000   291      834.0000      811.0833    35972    2.75%        x183_185 D   1038   1037     10
   1073   804      829.7500   261      834.0000      811.0833    36893    2.75%          x34_75 U   1073   1072     45
   1100   828      819.5556   287      834.0000      811.2500    37644    2.73%         x149_38 D   1100   1098     15
   1118   846      823.0833   245      834.0000      811.2500    38741    2.73%         x163_61 D   1118   1116     28
   1130   858      826.7361   243      834.0000      811.2500    39894    2.73%        x117_183 U   1130   1127     34
   1153   872      825.6071   282      834.0000      811.6806    40585    2.68%         x158_52 D   1153   1152     17
Elapsed time = 82.27 sec. (75251.45 ticks, tree = 14.28 MB, solutions = 3)
   1178   893      824.0655   222      834.0000      811.7500    41451    2.67%         x158_52 D   1178   1177     20
   1212   922      815.9643   353      834.0000      812.1200    42206    2.62%          x75_39 U   1212    297      6
   1242   948      816.3000   257      834.0000      812.1200    43331    2.62%         x148_14 D   1242     17     12
   1263   969      831.6635   310      834.0000      812.1200    44299    2.62%         x99_161 D   1263   1262     33
   1283   985      825.5000   215      834.0000      812.1250    45212    2.62%          x22_79 U   1283   1280     22
   1304  1006      830.3333   217      834.0000      812.1250    45811    2.62%         x114_79 U   1304   1303     36
   1325  1019      819.3571   283      834.0000      812.2500    46429    2.61%         x143_72 D   1325   1324     15
   1357  1051      830.8690   287      834.0000      812.2500    47571    2.61%         x52_162 D   1357   1356     47
   1386  1074      820.5937   277      834.0000      812.2500    48375    2.61%         x56_138 U   1386   1385     18
   1417  1105      828.7000   186      834.0000      812.2500    49047    2.61%         x59_174 N   1417   1416     49
Elapsed time = 97.15 sec. (84942.55 ticks, tree = 16.76 MB, solutions = 3)
   1444  1128      814.5357   298      834.0000      812.3929    49672    2.59%          x41_56 D   1444   1443     10
   1470  1154      830.3333   269      834.0000      812.3929    50853    2.59%         x49_159 D   1470   1469     36
   1503  1183      823.3889   167      834.0000      812.5000    51785    2.58%        x163_129 D   1503   1502     34
   1531  1207        cutoff            834.0000      812.5000    52768    2.58%          x93_89 U   1531   1529     61
   1548  1224      824.6333   236      834.0000      812.5536    54096    2.57%         x20_148 N   1548   1547     17
   1565  1241      829.8333   221      834.0000      812.5536    55168    2.57%         x135_93 N   1565   1562     25
   1579  1254      832.8333   182      834.0000      812.5536    55903    2.57%         x185_58 N   1579   1577     33
   1602  1273      827.9333   289      834.0000      812.8750    56584    2.53%          x17_39 D   1602   1601     24
   1619  1286      818.6667   318      834.0000      812.8750    56919    2.53%        x183_185 D   1619   1618     11
   1652  1319      829.8854   287      834.0000      812.8750    57674    2.53%         x135_52 N   1652   1651     44
Elapsed time = 111.27 sec. (94926.24 ticks, tree = 21.44 MB, solutions = 3)
   1683  1346      822.7167   291      834.0000      813.0000    58400    2.52%         x56_138 D   1683   1682     30
   1718  1381      832.2353   159      834.0000      813.0000    59023    2.52%          x52_93 U   1718   1717     65
   1750  1405      823.3750   172      834.0000      813.0227    59905    2.52%           x41_6 U   1750   1748     18
   1765  1418      828.5000    87      834.0000      813.0227    60319    2.52%         x196_21 N   1765   1764     28
   1785  1438      830.3571    92      834.0000      813.0227    60763    2.52%        x102_172 U   1785   1783     42
   1807  1451      817.0000   286      834.0000      813.0500    61165    2.51%         x158_52 D   1807   1806     12
   1822  1466      825.5000   306      834.0000      813.0500    62053    2.51%         x20_148 U   1822   1821     27
   1847  1488      818.1500   316      834.0000      813.2500    63000    2.49%        x183_185 D   1847   1846     12
   1873  1508      817.7500   290      834.0000      813.2500    63894    2.49%          x75_39 U   1873   1088      8
   1960  1589      830.2857   208      834.0000      813.2500    68113    2.49%         x193_40 N   1960   1958     26
Elapsed time = 128.62 sec. (107887.02 ticks, tree = 26.66 MB, solutions = 3)
   2060  1669        cutoff            834.0000      813.3333    72215    2.48%          x138_6 U   2060   2058     26
   2157  1759      824.4479   306      834.0000      813.4265    75865    2.47%         x75_127 D   2157   2156     34
   2246  1841      832.6095   343      834.0000      813.5357    79073    2.45%         x14_135 D   2246   2245     38
   2350  1922      831.8467   184      834.0000      813.6786    81805    2.44%          x133_4 D   2350   2349     59
   2456  2013      830.4331   202      834.0000      813.7500    84294    2.43%        x114_185 D   2456   2455     52
   2544  2083      827.2500   247      834.0000      813.7500    88158    2.43%        x148_111 N   2544   2543     30
   2649  2175        cutoff            834.0000      813.8571    91499    2.42%         x52_184 D   2649   2648     57
   2733  2247      830.4333   302      834.0000      813.9286    95351    2.41%         x163_61 D   2733   2732     42
   2837  2330      822.1000   289      834.0000      814.0417    99482    2.39%         x158_52 D   2837   2836     11
   2943  2412      821.6000   161      834.0000      814.1500   102587    2.38%         x163_61 D   2943   2942     27
Elapsed time = 184.16 sec. (146225.95 ticks, tree = 39.96 MB, solutions = 3)
   3025  2477      815.9405   225      834.0000      814.2500   103792    2.37%        x143_128 D   3025   3024     15
   3127  2561        cutoff            834.0000      814.2500   106229    2.37%        x143_128 U   3127   3125     20
   3229  2645      816.8750   221      834.0000      814.2917   109754    2.36%         x158_52 D   3229   3228     10
   3322  2726      820.1821   343      834.0000      814.3333   112659    2.36%         x143_72 D   3322   3321     12
   3432  2822      823.3636   229      834.0000      814.4167   116249    2.35%         x52_113 D   3432   3431     30
   3520  2901      826.3400   258      834.0000      814.5119   118819    2.34%         x179_63 D   3520   3519     28
   3630  3003      829.6667   312      834.0000      814.5833   121906    2.33%         x44_174 D   3630   3629     47
   3720  3080      819.1667   204      834.0000      814.7500   124705    2.31%        x148_111 D   3720   3719     24
   3816  3166      825.1667   218      834.0000      814.7500   127269    2.31%         x148_14 D   3816   3815     27
   3920  3247      817.9405   225      834.0000      814.8214   129989    2.30%         x185_58 D   3920   3919     14
Elapsed time = 235.05 sec. (185120.55 ticks, tree = 61.67 MB, solutions = 3)
   4017  3334      825.2500   194      834.0000      814.8333   131618    2.30%        x163_129 D   4017   4016     33
   4116  3416      826.7500   146      834.0000      814.8750   134514    2.29%         x113_52 U   4116   4115     44
   4225  3514      830.7500   183      834.0000      814.9167   136058    2.29%        x100_129 D   4225   4224     42
   4332  3603      831.3333   266      834.0000      815.0000   138766    2.28%        x148_111 D   4332   4331     32
   4431  3682      819.3125   312      834.0000      815.0000   141114    2.28%         x75_127 D   4431   4430     13
   4528  3759      826.6901   351      834.0000      815.0833   144346    2.27%           x41_6 D   4528   4527     27
   4621  3839      828.3571   316      834.0000      815.1278   147346    2.26%         x174_56 N   4621   4618     27
   4715  3916      825.2500   231      834.0000      815.2500   150377    2.25%        x111_148 D   4715   4714     24
   4801  3993      833.0000    65      834.0000      815.2500   153043    2.25%        x183_114 N   4801   4799     36
   4885  4063      821.5833   298      834.0000      815.2833   156435    2.24%          x39_41 D   4885   4884     15
Elapsed time = 286.52 sec. (223600.45 ticks, tree = 80.91 MB, solutions = 3)
   4992  4154      819.8864   248      834.0000      815.2917   159585    2.24%         x149_38 U   4992   4991     18
   5084  4233        cutoff            834.0000      815.3676   162400    2.23%         x199_38 U   5084   5082     28
   5177  4311      820.5000    76      834.0000      815.4048   165286    2.23%         x185_22 D   5177   5176     19
*  5202  4132      integral     0      833.0000      815.4048   165962    2.11%         x130_52 U   5202   5201     44
   5293  4207        cutoff            833.0000      815.4286   169141    2.11%         x127_39 D   5293   5291     27
   5392  4283      824.7917   274      833.0000      815.5000   172489    2.10%          x75_39 D   5392   5391     17
   5487  4361      826.7244   314      833.0000      815.5000   175092    2.10%         x56_138 D   5487   5486     29
   5574  4426      830.5000    48      833.0000      815.5625   177504    2.09%         x89_124 U   5574   5573     42
   5648  4483      828.9762   134      833.0000      815.6250   179788    2.09%        x111_119 N   5648   5646     30
*  5699  4187      integral     0      832.0000      815.6500   180396    1.97%
   5738  4214      822.5000   123      832.0000      815.6667   181763    1.96%           x56_6 D   5738   5737     13
Elapsed time = 329.79 sec. (259814.63 ticks, tree = 86.87 MB, solutions = 5)
   5825  4277      819.1300   208      832.0000      815.7500   184678    1.95%         x93_135 D   5825   5823     19
   5931  4370      823.3333   219      832.0000      815.7500   187199    1.95%        x177_168 D   5931   5930     32
   6019  4438        cutoff            832.0000      815.7500   189191    1.95%          x39_41 U   6019   6017     12
   6107  4500      827.9833   197      832.0000      815.8333   192497    1.94%        x100_152 N   6107   6106     32
   6200  4572      823.0000   115      832.0000      815.8750   195527    1.94%          x22_79 D   6200   6199     28
   6305  4663      821.0417   326      832.0000      815.8750   197498    1.94%           x73_6 D   6305   6304     11
   6400  4738      829.7738   324      832.0000      815.9167   199489    1.93%           x56_6 U   6400   6398     20
   6491  4811      829.4167   300      832.0000      815.9167   202450    1.93%         x148_14 D   6491   6490     24
   6588  4886      823.0455   155      832.0000      815.9500   205222    1.93%         x113_52 D   6588   6587     25
   6660  4939      829.6373   338      832.0000      816.0000   208525    1.92%         x185_58 N   6660   6659     24
Elapsed time = 375.08 sec. (298350.35 ticks, tree = 109.47 MB, solutions = 5)
   6743  4996      822.0000   173      832.0000      816.0000   211953    1.92%         x77_197 D   6743   6742     13
   6819  5057      827.8958   286      832.0000      816.0000   214638    1.92%         x148_14 D   6819   6818     24
   6890  5102      819.7857   209      832.0000      816.1071   218136    1.91%         x93_135 D   6890   6889     20
   6966  5172      819.4803   216      832.0000      816.1179   221148    1.91%         x185_58 D   6966   6965     20
   7053  5251      829.7500   159      832.0000      816.1250   224153    1.91%         x57_118 N   7053   7052     49
   7151  5325      830.3750   250      832.0000      816.1667   227331    1.90%         x127_39 D   7151   7150     25
   7230  5381      824.3494   328      832.0000      816.2500   230361    1.89%          x39_41 U   7230   1845     11
   7330  5463      821.0000   167      832.0000      816.2500   232937    1.89%          x41_56 D   7330   7329     17
   7430  5543        cutoff            832.0000      816.2500   235809    1.89%         x20_148 U   7430   7428     30
   7514  5611      821.7813   162      832.0000      816.2812   238783    1.89%         x199_38 U   7514   7512     24
Elapsed time = 418.96 sec. (337078.63 ticks, tree = 126.67 MB, solutions = 5)
   7601  5672      828.7356   292      832.0000      816.3111   241777    1.89%         x127_39 D   7601   7600     24
   7685  5729      819.6818   119      832.0000      816.3929   244903    1.88%         x93_135 U   7685   7683     16
   7769  5800      821.3648   234      832.0000      816.4167   247462    1.87%         x149_38 U   7769   7768     18
   7852  5860      827.2857   298      832.0000      816.4583   250301    1.87%           x73_6 D   7852   7851     18
   7933  5916      821.5000   199      832.0000      816.5000   253319    1.86%         x158_52 D   7933   7932     15
   8019  5989      821.5417   293      832.0000      816.5192   255555    1.86%          x41_56 D   8019   8018     14
   8112  6058      826.9167   277      832.0000      816.6538   258596    1.84%         x184_31 D   8112   8111     33
   8192  6113        cutoff            832.0000      816.7500   261805    1.83%         x127_39 D   8192   8190     23
   8279  6185      822.1905   223      832.0000      816.7500   265090    1.83%         x52_113 D   8279   8278     18
   8352  6234      820.6250   276      832.0000      816.8125   268662    1.83%         x143_72 D   8352   8351     15
Elapsed time = 462.68 sec. (375413.78 ticks, tree = 144.84 MB, solutions = 5)
   8451  6314      820.8750   147      832.0000      816.8333   271195    1.82%         x93_135 D   8451   8450     20
   8538  6379      824.7500   196      832.0000      816.8750   274003    1.82%         x20_148 D   8538   8537     15
   8631  6460      827.4738   190      832.0000      816.8750   276223    1.82%         x58_111 N   8631   8630     29
   8711  6516        cutoff            832.0000      816.9167   279721    1.81%         x143_72 U   8711   2528     15
   8798  6586      823.6667   208      832.0000      816.9500   283082    1.81%         x193_61 D   8798   8797     33
   8890  6661      826.8658   211      832.0000      816.9872   285876    1.80%         x124_97 D   8890   8889     46
   8987  6738      822.6912   110      832.0000      817.0000   287993    1.80%        x114_185 D   8987   8985     26
   9043  6790      829.2500    36      832.0000      817.0000   288516    1.80%          x22_70 N   9043   9042     71
   9123  6842      829.3750   199      832.0000      817.0000   290436    1.80%          x52_98 D   9123   9121     27
   9219  6917      822.8500   210      832.0000      817.0357   292634    1.80%         x143_72 N   9219   5410     16
Elapsed time = 504.67 sec. (414068.03 ticks, tree = 167.33 MB, solutions = 5)
   9305  6995      827.8333    97      832.0000      817.0500   295727    1.80%         x79_119 N   9305   9304     56
   9392  7072      828.6071   101      832.0000      817.0500   298262    1.80%        x117_183 D   9392   9391     64
   9467  7135      823.1071   213      832.0000      817.0556   302289    1.80%        x100_163 D   9467   9466     21
   9540  7188      824.3750   143      832.0000      817.0909   304903    1.79%         x77_197 D   9540   9539     22
   9625  7255      819.0936   205      832.0000      817.1071   307781    1.79%         x148_14 D   9625   9624     17
   9708  7331      828.1966   231      832.0000      817.1250   310755    1.79%        x152_100 N   9708   9707     53
   9787  7402      826.5625   139      832.0000      817.1250   313620    1.79%         x77_197 D   9787   9785     33
   9864  7464      826.8532   320      832.0000      817.1389   316926    1.79%           x41_6 D   9864   9863     26
   9948  7529      829.9062   188      832.0000      817.1500   319645    1.78%         x184_31 D   9948   9947     38
  10028  7586      819.2569   206      832.0000      817.1667   321771    1.78%        x152_125 U  10028   3026     17
Elapsed time = 544.88 sec. (452527.09 ticks, tree = 186.72 MB, solutions = 5)
  10112  7657      820.5417   169      832.0000      817.1667   324476    1.78%        x111_148 D  10112  10111     28
  10200  7724      825.6061   153      832.0000      817.1667   327853    1.78%         x77_163 D  10200  10199     44
  10284  7797      824.2603   198      832.0000      817.2143   330318    1.78%          x58_89 U  10284  10282     18
  10364  7860      821.6912   188      832.0000      817.2222   333351    1.78%         x93_148 D  10364  10363     19
  10433  7920      829.5714   132      832.0000      817.2500   336065    1.77%         x93_135 N  10433  10431     21
  10527  7994      831.0000    46      832.0000      817.2500   338613    1.77%          x20_93 D  10527  10526     53
  10599  8057      828.0529   238      832.0000      817.2500   341145    1.77%          x22_79 N  10599  10598     31
  10681  8121      829.4615    76      832.0000      817.2500   343588    1.77%        x108_185 D  10681  10680     40
  10765  8185      830.2250   275      832.0000      817.2500   346281    1.77%          x58_89 D  10765  10764     17
  10838  8242      827.9250   298      832.0000      817.2639   348734    1.77%         x143_72 D  10838  10837     15
Elapsed time = 585.24 sec. (490959.11 ticks, tree = 200.72 MB, solutions = 5)
  10913  8297      819.3800   167      832.0000      817.3000   352158    1.77%        x100_163 D  10913  10912     20
* 10973  2273      integral     0      824.0000      817.3333   353753    0.81%
  11006  2293      822.5671   345      824.0000      817.3571   354751    0.81%         x149_38 D  11006  11004     21
  11090  2322      820.3800   151      824.0000      817.4318   357634    0.80%         x93_135 D  11090  11089     20
  11175  2364      821.3214   214      824.0000      817.4960   360789    0.79%          x138_6 D  11175  11174     24
  11269  2414      819.3779   208      824.0000      817.5000   363784    0.79%         x149_38 D  11269  11267     19
  11350  2440      819.7833   211      824.0000      817.5833   367025    0.78%        x143_125 D  11350  11349     18
  11438  2480        cutoff            824.0000      817.6500   370362    0.77%         x93_148 D  11438  11437     22
  11526  2517      821.3800   187      824.0000      817.7133   373084    0.76%         x185_22 D  11526  11525     25
  11610  2568      821.2922   246      824.0000      817.7500   376244    0.76%           x1_63 D  11610  11608     19
  11698  2602      821.8028   367      824.0000      817.8056   379285    0.75%         x158_52 D  11698  11697     12
Elapsed time = 624.10 sec. (529407.14 ticks, tree = 65.17 MB, solutions = 6)
  11790  2645      822.4808   296      824.0000      817.8750   381988    0.74%         x93_148 D  11790  11789     13
  11876  2680      819.8800   181      824.0000      817.9375   385454    0.74%        x100_163 D  11876  11875     20
  11967  2724        cutoff            824.0000      818.0000   388534    0.73%        x143_125 U  11967  11965     20
  12059  2751      822.1312   368      824.0000      818.0625   391626    0.72%         x158_52 N  12059   3473      6
  12142  2776        cutoff            824.0000      818.1250   394908    0.71%         x149_38 D  12142   2183     15
  12229  2799        cutoff            824.0000      818.2133   397596    0.70%         x158_52 D  12229  12228     13
  12325  2854      821.8800   208      824.0000      818.2500   400309    0.70%        x183_120 D  12325  12324     23
  12400  2877      822.0000   203      824.0000      818.2917   403234    0.69%         x199_38 D  12400  12399     25
  12486  2913        cutoff            824.0000      818.3333   406407    0.69%          x58_89 D  12486  12485     19
  12572  2931      819.3619   235      824.0000      818.3800   409396    0.68%         x20_148 U  12572   2311     21
Elapsed time = 662.12 sec. (567967.12 ticks, tree = 77.99 MB, solutions = 6)
  12656  2969        cutoff            824.0000      818.4167   412449    0.68%         x143_72 D  12656   1940     15
  12746  2997      820.3482   217      824.0000      818.5000   415362    0.67%         x184_31 D  12746  12745     21
* 12779  1472      integral     0      822.0000      818.5000   416143    0.43%
  12832  1456      819.8384   215      822.0000      818.5833   418115    0.42%        x152_125 D  12832  12831     18
  12918  1444        cutoff            822.0000      818.6933   421136    0.40%          x58_89 U  12918  11233     17
  12995  1430        cutoff            822.0000      818.7500   424654    0.40%         x143_72 U  12995   3837     12
  13087  1430      820.8750   173      822.0000      818.8260   427271    0.39%        x100_163 D  13087  13086     22
  13177  1423        cutoff            822.0000      818.8603   430315    0.38%        x148_111 D  13177  13176     21
  13261  1417        cutoff            822.0000      818.9318   433060    0.37%         x158_52 U  13261   7368     11
  13345  1419      820.7222   104      822.0000      819.0000   436215    0.36%         x52_113 D  13345  13344     19
  13438  1391        cutoff            822.0000      819.0586   438603    0.36%          x52_20 U  13438  13436     22
Elapsed time = 694.17 sec. (606261.10 ticks, tree = 35.50 MB, solutions = 7)
  13525  1363      820.2000   201      822.0000      819.1818   441598    0.34%          x56_34 D  13525   5920     22
  13623  1357        cutoff            822.0000      819.2500   444228    0.33%        x100_163 D  13623  13622     21
  13716  1331      820.8961   189      822.0000      819.2929   447265    0.33%        x152_125 U  13716  13060     18
  13811  1312        cutoff            822.0000      819.3571   449968    0.32%         x185_22 D  13811  13810     27
  13905  1293      819.8667   209      822.0000      819.4167   452682    0.31%         x93_135 U  13905   3421     20
  13995  1255        cutoff            822.0000      819.4949   455242    0.30%         x22_185 D  13995  13993     22
  14081  1238        cutoff            822.0000      819.5000   458051    0.30%         x58_111 D  14081  14080     25
  14176  1189        cutoff            822.0000      819.5936   460680    0.29%         x185_22 U  14176  14174     19
  14265  1142        cutoff            822.0000      819.6667   463202    0.28%        x111_148 U  14265  14263     26
  14349  1104      820.6250   102      822.0000      819.7500   465928    0.27%         x185_22 D  14349  12197     21
Elapsed time = 721.21 sec. (644656.25 ticks, tree = 27.78 MB, solutions = 7)
  14444  1058      820.5568   205      822.0000      819.8125   468200    0.27%        x111_148 D  14444  14442     24
  14530  1009      820.2500   232      822.0000      819.8708   470906    0.26%         x93_135 U  14530  11337     21
  14620   965        cutoff            822.0000      819.9205   473327    0.25%        x148_111 U  14620   6584     23
  14714   915        cutoff            822.0000      820.0000   475540    0.24%          x52_20 U  14714  10533     17
  14806   858        cutoff            822.0000      820.0439   477713    0.24%           x41_6 U  14806   4197     15
  14894   809      820.8750   177      822.0000      820.1250   480228    0.23%         x93_135 U  14894  10031     21
  14983   735        cutoff            822.0000      820.2333   482205    0.21%        x143_125 U  14983   9808     16
  15071   665        cutoff            822.0000      820.3134   484033    0.21%        x111_148 U  15071  15069     21
  15161   585        cutoff            822.0000      820.3800   485629    0.20%         x93_135 U  15161  13486     21
  15254   511        cutoff            822.0000      820.4849   487191    0.18%        x111_148 U  15254  13293     20
Elapsed time = 741.89 sec. (683023.69 ticks, tree = 13.15 MB, solutions = 7)
  15343   427        cutoff            822.0000      820.5381   488972    0.18%        x152_125 U  15343    313     22
  15441   335        cutoff            822.0000      820.6667   490098    0.16%        x148_111 U  15441   2316     26
  15531   245        cutoff            822.0000      820.7571   491430    0.15%         x158_52 U  15531  11058     11
  15631   148        cutoff            822.0000      820.8750   492308    0.14%          x33_89 U  15631  14654     23
  15738    44        cutoff            822.0000      821.0000   492982    0.12%         x20_148 U  15738  12074     19

Zero-half cuts applied:  7
Gomory fractional cuts applied:  2
User cuts applied:  7193

Root node processing (before b&c):
  Real time             =    3.77 sec. (9607.65 ticks)
Sequential b&c:
  Real time             =  746.07 sec. (694620.30 ticks)
                          ------------
Total (root+branch&cut) =  749.84 sec. (704227.94 ticks)

