Version identifier: 22.1.0.0 | 2022-03-09 | 1a383f8ce
CPXPARAM_Preprocessing_Reduce                    1
CPXPARAM_Threads                                 1
CPXPARAM_Preprocessing_Reformulations            0
CPXPARAM_TimeLimit                               10800
CPXPARAM_MIP_Tolerances_AbsMIPGap                0.999
CPXPARAM_MIP_Limits_TreeMemory                   20000
Legacy callback                                  BbLUID
         Disabling repeat represolve because of lazy constraint/incumbent callback.
Tried aggregator 2 times.
MIP Presolve eliminated 4113 rows and 0 columns.
MIP Presolve modified 545 coefficients.
Aggregator did 4 substitutions.
Reduced MIP has 744 rows, 2271 columns, and 9484 nonzeros.
Reduced MIP has 2271 binaries, 0 generals, 0 SOSs, and 0 indicators.
Presolve time = 0.01 sec. (8.50 ticks)
Probing time = 0.00 sec. (2.53 ticks)
Clique table members: 766.
MIP emphasis: balance optimality and feasibility.
MIP search method: traditional branch-and-cut.
Parallel mode: none, using 1 thread.
Root relaxation solution time = 0.00 sec. (2.42 ticks)

        Nodes                                         Cuts/
   Node  Left     Objective  IInf  Best Integer    Best Bound    ItCnt     Gap         Variable B NodeID Parent  Depth

      0     0      662.0000    18                    616.0000      209         
      0     0      680.8333    41                    Cuts: 59      255         
      0     0      689.1250    54                    Cuts: 44      306         
      0     0      689.7857    64                    Cuts: 16      326         
      0     0      690.1667    63                    Cuts: 14      339         
      0     0      690.6667    61                    Cuts: 11      343         
      0     0      693.5000    30                    Cuts: 14      376         
      0     0      694.3333    48                     Cuts: 7      399         
      0     0      695.0000    54                     Cuts: 3      420         
      0     0      695.0000    48                     Cuts: 8      425         
      0     0      695.5000    58                    Cuts: 18      429         
      0     0      696.3125   105                    Cuts: 15      455         
      0     0      696.5625   100                     Cuts: 9      460         
      0     0      696.8111    83                     User: 9      466         
      0     0      696.8611    78                     Cuts: 8      467         
      0     0      697.1333    42                     Cuts: 5      476         
      0     2      697.1333    42                    697.1429      476                                 0             0
Elapsed time = 0.29 sec. (392.49 ticks, tree = 0.01 MB, solutions = 0)
      7     9      702.5238    74                    698.1000      714                   x70_73 N      7      5      5
     38    40      711.5000    28                    698.1000     1325                   x77_72 D     38     36     27
*    55     3      integral     0      700.0000      698.1500     1593    0.26%

Mixed integer rounding cuts applied:  1
Zero-half cuts applied:  22
Gomory fractional cuts applied:  2
User cuts applied:  764

Root node processing (before b&c):
  Real time             =    0.29 sec. (392.51 ticks)
Sequential b&c:
  Real time             =    0.65 sec. (683.34 ticks)
                          ------------
Total (root+branch&cut) =    0.94 sec. (1075.86 ticks)

