Version identifier: 22.1.0.0 | 2022-03-09 | 1a383f8ce
CPXPARAM_Preprocessing_Reduce                    1
CPXPARAM_Threads                                 1
CPXPARAM_Preprocessing_Reformulations            0
CPXPARAM_TimeLimit                               10800
CPXPARAM_MIP_Tolerances_AbsMIPGap                0.999
CPXPARAM_MIP_Limits_TreeMemory                   20000
Legacy callback                                  BbLUID
         Disabling repeat represolve because of lazy constraint/incumbent callback.
Tried aggregator 2 times.
MIP Presolve eliminated 2854 rows and 1 columns.
MIP Presolve modified 407 coefficients.
Aggregator did 2 substitutions.
Reduced MIP has 609 rows, 1923 columns, and 7096 nonzeros.
Reduced MIP has 1923 binaries, 0 generals, 0 SOSs, and 0 indicators.
Presolve time = 0.00 sec. (6.05 ticks)
Probing time = 0.00 sec. (2.43 ticks)
Clique table members: 622.
MIP emphasis: balance optimality and feasibility.
MIP search method: traditional branch-and-cut.
Parallel mode: none, using 1 thread.
Root relaxation solution time = 0.00 sec. (2.18 ticks)

        Nodes                                         Cuts/
   Node  Left     Objective  IInf  Best Integer    Best Bound    ItCnt     Gap         Variable B NodeID Parent  Depth

      0     0      630.0000    28                    580.0000      223         
      0     0      651.8333    50                    Cuts: 60      266         
      0     0      655.0000    22                    Cuts: 26      280         
      0     0      659.0000    24                    Cuts: 15      295         
      0     0      659.0000    46                    Cuts: 14      299         
      0     0      660.2500    70                    Cuts: 12      320         
      0     0      661.6000    39                    Cuts: 12      338         
      0     0      663.0833    69                    Cuts: 11      359         
      0     0      664.3333    26                    Cuts: 13      362         
      0     0      664.3333    24                     Cuts: 4      363         
      0     0      664.3333    17                     User: 1      364         
      0     0      664.6190    87                     User: 9      371         
      0     0      665.3333    48                    User: 10      385         
      0     0      665.3333    29                    User: 13      388         
      0     2      667.0000    34                    667.0000      388                                 0             0
Elapsed time = 0.31 sec. (352.55 ticks, tree = 0.01 MB, solutions = 0)
     30    32      674.3333    38                    667.6667      765                   x55_79 N     30     28     19
     60    62      677.7500    58                    667.6667     1422                   x41_59 D     60     59     42
    112   114      688.5000    30                    667.6667     1852                   x89_91 D    112    111     86
    148   150      696.1111    29                    667.6667     2186                   x89_37 N    148    146    117
    180   182      697.6667    60                    667.6667     2394                   x32_26 N    180    179    147
    215   215      718.5000    28                    667.6667     2715                    x50_1 N    215    214    180
    248   237      784.3333    31                    667.6667     2968                    x1_13 N    248    246    208
*   275    40      integral     0      673.0000      668.0000     3177    0.74%
*   277    31      integral     0      672.0000      668.0000     3182    0.60%
    320    44      669.3333    37      672.0000      669.0000     3689    0.45%          x59_19 D    320    281      4
*   409    43      integral     0      671.0000      669.2500     4500    0.26%
*   429     0      integral     0      670.0000      669.5000     4607    0.07%

Zero-half cuts applied:  11
Gomory fractional cuts applied:  1
User cuts applied:  1238

Root node processing (before b&c):
  Real time             =    0.31 sec. (352.59 ticks)
Sequential b&c:
  Real time             =    2.46 sec. (2190.13 ticks)
                          ------------
Total (root+branch&cut) =    2.78 sec. (2542.73 ticks)

