Version identifier: 22.1.0.0 | 2022-03-09 | 1a383f8ce
CPXPARAM_Preprocessing_Reduce                    1
CPXPARAM_Threads                                 1
CPXPARAM_Preprocessing_Reformulations            0
CPXPARAM_TimeLimit                               10800
CPXPARAM_MIP_Tolerances_AbsMIPGap                0.999
CPXPARAM_MIP_Limits_TreeMemory                   20000
Legacy callback                                  BbLUID
         Disabling repeat represolve because of lazy constraint/incumbent callback.
Tried aggregator 2 times.
MIP Presolve eliminated 8723 rows and 0 columns.
MIP Presolve modified 629 coefficients.
Aggregator did 2 substitutions.
Reduced MIP has 829 rows, 3844 columns, and 16548 nonzeros.
Reduced MIP has 3844 binaries, 0 generals, 0 SOSs, and 0 indicators.
Presolve time = 0.01 sec. (18.36 ticks)
Probing time = 0.00 sec. (3.06 ticks)
Clique table members: 829.
MIP emphasis: balance optimality and feasibility.
MIP search method: traditional branch-and-cut.
Parallel mode: none, using 1 thread.
Root relaxation solution time = 0.00 sec. (3.97 ticks)

        Nodes                                         Cuts/
   Node  Left     Objective  IInf  Best Integer    Best Bound    ItCnt     Gap         Variable B NodeID Parent  Depth

      0     0      480.5000    50                    427.0000      227         
      0     0      490.0000    60                    Cuts: 67      254         
      0     0      498.0000    60                    Cuts: 31      286         
      0     0      499.0000    78                    Cuts: 13      308         
      0     0      500.3333    94                    Cuts: 27      315         
      0     0      502.3333    87                    Cuts: 22      321         
      0     0      504.0000    95                    Cuts: 13      330         
      0     0      504.0000    76                    Cuts: 10      333         
      0     0      504.0000    60                    Cuts: 14      339         
      0     0      509.0000    72                    Cuts: 23      362         
      0     0      510.6667   101                     Cuts: 9      383         
      0     0      520.8000   137                    Cuts: 17      427         
      0     0      521.5833   107                    Cuts: 14      440         
      0     0      523.0833   120                    Cuts: 21      460         
      0     0      527.5000    99                    Cuts: 28      484         
      0     0      528.2500    97                     Cuts: 7      494         
      0     0      528.9375   111                    Cuts: 17      513         
      0     0      530.0556    97                    Cuts: 16      543         
      0     0      530.0556   121                    Cuts: 10      560         
      0     0      531.0000    69                    Cuts: 21      582         
      0     0      531.3000    84                    Cuts: 13      589         
      0     0      531.5000    78                    Cuts: 19      596         
      0     0      533.0000    91                    Cuts: 12      611         
      0     0      533.8333   117                 ZeroHalf: 8      625         
      0     0      533.8333   102                 ZeroHalf: 2      627         
*     0+    0                          563.0000      533.8333             5.18%
      0     2      533.8333   103      563.0000      533.8333      627    5.18%                        0             0
Elapsed time = 0.43 sec. (839.74 ticks, tree = 0.01 MB, solutions = 1)
*     3     2      integral     0      539.0000      535.5000      718    0.65%
*     5     2      integral     0      538.0000      535.5000      735    0.46%
*     8     1      integral     0      537.0000      536.0000      790    0.19%          x21_95 D      8      7      4

Zero-half cuts applied:  26
Gomory fractional cuts applied:  3
User cuts applied:  654

Root node processing (before b&c):
  Real time             =    0.43 sec. (838.58 ticks)
Sequential b&c:
  Real time             =    0.12 sec. (160.31 ticks)
                          ------------
Total (root+branch&cut) =    0.55 sec. (998.89 ticks)

