Version identifier: 22.1.0.0 | 2022-03-09 | 1a383f8ce
CPXPARAM_Preprocessing_Reduce                    1
CPXPARAM_Threads                                 1
CPXPARAM_Preprocessing_Reformulations            0
CPXPARAM_TimeLimit                               10800
CPXPARAM_MIP_Tolerances_AbsMIPGap                0.999
CPXPARAM_MIP_Limits_TreeMemory                   20000
Legacy callback                                  BbLUID
         Disabling repeat represolve because of lazy constraint/incumbent callback.
Tried aggregator 2 times.
MIP Presolve eliminated 8830 rows and 0 columns.
MIP Presolve modified 618 coefficients.
Aggregator did 2 substitutions.
Reduced MIP has 819 rows, 3862 columns, and 16431 nonzeros.
Reduced MIP has 3862 binaries, 0 generals, 0 SOSs, and 0 indicators.
Presolve time = 0.01 sec. (18.03 ticks)
Probing time = 0.00 sec. (3.04 ticks)
Clique table members: 819.
MIP emphasis: balance optimality and feasibility.
MIP search method: traditional branch-and-cut.
Parallel mode: none, using 1 thread.
Root relaxation solution time = 0.00 sec. (3.34 ticks)

        Nodes                                         Cuts/
   Node  Left     Objective  IInf  Best Integer    Best Bound    ItCnt     Gap         Variable B NodeID Parent  Depth

      0     0      432.0000    36                    380.0000       97         
      0     0      450.5000    67                    Cuts: 74      148         
      0     0      451.0000    60                    Cuts: 32      158         
      0     0      451.5000    70                     Cuts: 5      164         
      0     0      451.5000    92                    Cuts: 13      169         
      0     0      452.6667    90                    Cuts: 18      185         
      0     0      456.6667   116                    Cuts: 14      204         
      0     0      457.5000   100                    Cuts: 13      218         
      0     0      457.5000   112                     Cuts: 5      221         
      0     0      458.5000   149                     User: 7      239         
      0     0      459.5000   157                    User: 15      265         
      0     0      459.8333   166                     User: 8      285         
      0     0      461.0000   177                    User: 10      311         
      0     0      461.2500   161                    User: 16      351         
      0     0      461.2857   182                    User: 11      356         
      0     0      461.2857   171                    User: 11      360         
      0     0      461.4762   153                     User: 8      371         
      0     0      461.4762   171                     User: 9      385         
      0     0      461.7500    87                    User: 10      424         
      0     0      462.0000   144                     User: 7      435         
      0     0      463.5263   173                     User: 6      463         
      0     0      463.5455   156                     User: 7      470         
      0     0      463.5455   134                     User: 9      472         
      0     0      463.5455   134                     User: 8      475         
      0     0      463.6429   132                    User: 10      482         
      0     0      463.6429   131                     User: 4      482         
      0     0      464.2500   108                    User: 10      502         
      0     0      467.1250    96                     User: 8      549         
      0     0      468.0000   101                     User: 6      576         
      0     0      468.9286   136                     User: 4      609         
      0     0      470.4167   121                    User: 10      648         
      0     0      470.4524   147                    User: 10      654         
      0     0      470.5556   125                     User: 6      666         
      0     0      472.6875   154                     User: 2      701         
      0     0      473.0000   142                     User: 4      713         
      0     0      473.2353   167                     User: 3      730         
      0     0      473.5667   166                     User: 3      737         
      0     0      473.6061   121                     User: 1      741         
      0     0      473.6061   175                     User: 2      755         
      0     0      473.8167   186                     User: 1      774         
      0     0      473.8561   157                     User: 1      779         
      0     0      474.0667   157                     User: 4      797         
      0     0      474.3879   173                     User: 1      803         
      0     0      474.6061   108                     User: 2      806         
      0     0      474.6061   106                     User: 1      807         
      0     0      474.6061   144                     User: 1      818         
      0     2      475.0139   172                    475.2348      818                                 0             0
Elapsed time = 0.79 sec. (1782.90 ticks, tree = 0.01 MB, solutions = 0)
      1     3      476.0267   133                    476.0556      833                   x65_78 D      1      0      1
      3     5      479.6667   149                    476.6364     1033                   x24_45 N      3      1      2
     10    12      481.8571    78                    476.8333     1420                   x24_50 N     10      9      7
*    20    13      integral     0      483.0000      476.8333     1664    1.28%
     21    12      477.2500   189      483.0000      477.2500     1763    1.19%          x65_78 N     21      0      1
     45    18      479.0833   173      483.0000      478.1667     2485    1.00%          x77_76 D     45      5      4
*    70    13      integral     0      481.0000      478.7500     2824    0.47%

Zero-half cuts applied:  2
Gomory fractional cuts applied:  2
User cuts applied:  1062

Root node processing (before b&c):
  Real time             =    0.79 sec. (1782.91 ticks)
Sequential b&c:
  Real time             =    0.92 sec. (1478.84 ticks)
                          ------------
Total (root+branch&cut) =    1.70 sec. (3261.76 ticks)

