Version identifier: 22.1.0.0 | 2022-03-09 | 1a383f8ce
CPXPARAM_Preprocessing_Reduce                    1
CPXPARAM_Threads                                 1
CPXPARAM_Preprocessing_Reformulations            0
CPXPARAM_TimeLimit                               10800
CPXPARAM_MIP_Tolerances_AbsMIPGap                0.999
CPXPARAM_MIP_Limits_TreeMemory                   20000
Legacy callback                                  BbLUID
         Disabling repeat represolve because of lazy constraint/incumbent callback.
Tried aggregator 2 times.
MIP Presolve eliminated 6878 rows and 0 columns.
MIP Presolve modified 636 coefficients.
Aggregator did 2 substitutions.
Reduced MIP has 836 rows, 3372 columns, and 14358 nonzeros.
Reduced MIP has 3372 binaries, 0 generals, 0 SOSs, and 0 indicators.
Presolve time = 0.01 sec. (15.06 ticks)
Probing time = 0.00 sec. (2.90 ticks)
Clique table members: 836.
MIP emphasis: balance optimality and feasibility.
MIP search method: traditional branch-and-cut.
Parallel mode: none, using 1 thread.
Root relaxation solution time = 0.00 sec. (3.35 ticks)

        Nodes                                         Cuts/
   Node  Left     Objective  IInf  Best Integer    Best Bound    ItCnt     Gap         Variable B NodeID Parent  Depth

      0     0      484.0000    26                    427.0000      140         
      0     0      485.6667    56                    Cuts: 33      163         
      0     0      498.7500    55                    Cuts: 23      169         
      0     0      499.3333    17                    Cuts: 22      176         
      0     0      505.5000    12                     Cuts: 9      197         
      0     0      506.0000    64                    Cuts: 11      206         
      0     0      508.0000    66                    Cuts: 10      230         
      0     0      508.6667   126                     Cuts: 8      240         
      0     0      510.1250    93                    Cuts: 14      266         
      0     0      511.0667    85                    Cuts: 10      281         
      0     0      511.1500    91                     Cuts: 8      291         
      0     0      511.9172   154                    Cuts: 15      317         
      0     0      513.0000    32                    Cuts: 15      339         
      0     0      513.7222   126                     Cuts: 8      363         
      0     0      514.1212   158                    Cuts: 10      379         
      0     0      514.3333   148                    Cuts: 11      386         
      0     0      515.1667   121                    Cuts: 17      418         
      0     0      515.1667   131                    Cuts: 15      424         
      0     0      516.1667   156                     Cuts: 6      458         
      0     0      518.1667    92                    Cuts: 25      490         
      0     0      519.3810   122                    Cuts: 21      510         
      0     0      520.5419   157                    Cuts: 15      548         
      0     0      520.8419   159                    Cuts: 10      572         
      0     0      521.6528   220                     Cuts: 6      606         
      0     0      521.8229   226                    Cuts: 17      616         
      0     0      523.0116   165                    Cuts: 10      635         
      0     0      523.1538    94                    Cuts: 10      656         
      0     0      523.3857   135                     Cuts: 8      681         
      0     0      523.6286   104                     User: 4      686         
      0     0      523.8267   199                    Cuts: 11      709         
      0     0      525.6286   110                    Cuts: 11      730         
      0     0      526.3333   191                    Cuts: 11      751         
      0     0      527.1594   142                    Cuts: 14      775         
      0     0      527.6167   225                    Cuts: 12      814         
      0     0      528.2222   156                    Cuts: 10      845         
      0     0      528.8889   162                    Cuts: 18      888         
      0     0      528.8889   163                     Cuts: 5      892         
      0     0      529.0906   227                     User: 3      916         
      0     0      529.2573   211                     User: 2      920         
      0     0      529.7573   174                     User: 1      936         
      0     0      530.2573   198                     User: 1      948         
      0     2      530.2867   198                    530.5645      948                                 0             0
Elapsed time = 0.63 sec. (1199.27 ticks, tree = 0.01 MB, solutions = 0)
      3     5      532.7500   169                    531.6100     1054                   x67_80 N      3      1      2
     12    14      535.1767   156                    531.6100     1310                   x86_20 D     12     11     10
     40    42      541.2000    93                    531.6100     1736                   x94_48 N     40     39     33
     63    65      546.1429    86                    531.6100     2134                    x77_2 N     63     60     49
    100   102      553.0000    64                    531.6100     2504                    x9_26 N    100     98     83
    145   147      554.0833    83                    531.6100     2806                   x72_40 D    145    144    126
    175   173      595.3333   140                    531.6100     3160                     x1_9 N    175    174    153
    214   191      531.7955   192                    531.7955     3689                   x59_67 N    214      0      1
    273   250      541.6286    85                    531.7955     4756                   x31_68 D    273    272     52
    450   416      551.9000   154                    532.5000     7543                   x89_38 D    450    449     51
Elapsed time = 4.17 sec. (4404.97 ticks, tree = 1.12 MB, solutions = 0)
    586   552      609.6667   149                    532.5000     8804                   x100_1 N    586    585    187
    660   624      579.3333    75                    532.7500    10429                   x26_49 N    660    658     52
    790   746      566.4333    73                    533.2500    12990                   x26_16 N    790    788     64
*   909   471      integral     0      556.0000      533.2500    14698    4.09%
    930   490      552.1667   135      556.0000      533.4000    15105    4.06%           x8_86 D    930    929     23
   1061   597      543.9737   102      556.0000      533.9167    17948    3.97%          x83_33 D   1061   1060     10
   1211   718      540.7143   181      556.0000      534.3333    21462    3.90%          x68_83 N   1211    941      8
*  1289   543      integral     0      550.0000      534.3750    22728    2.84%
   1373   606      537.6000   134      550.0000      534.6767    25085    2.79%          x83_19 U   1373   1372     13
*  1427   271      integral     0      543.0000      535.0000    26055    1.47%
*  1452   159      integral     0      541.0000      535.2500    26349    1.06%
*  1488   124      integral     0      540.0000      535.5000    27020    0.83%
   1559   123        cutoff            540.0000      536.1667    28840    0.71%          x77_31 U   1559    230     14
   1773    17        cutoff            540.0000      538.7500    32600    0.23%          x77_48 U   1773   1327      8

Clique cuts applied:  1
Cover cuts applied:  3
Zero-half cuts applied:  30
User cuts applied:  2176

Root node processing (before b&c):
  Real time             =    0.63 sec. (1199.38 ticks)
Sequential b&c:
  Real time             =   12.27 sec. (11996.82 ticks)
                          ------------
Total (root+branch&cut) =   12.89 sec. (13196.21 ticks)

