Version identifier: 22.1.0.0 | 2022-03-09 | 1a383f8ce
CPXPARAM_Preprocessing_Reduce                    1
CPXPARAM_Threads                                 1
CPXPARAM_Preprocessing_Reformulations            0
CPXPARAM_TimeLimit                               10800
CPXPARAM_MIP_Tolerances_AbsMIPGap                0.999
CPXPARAM_MIP_Limits_TreeMemory                   20000
Legacy callback                                  BbLUID
         Disabling repeat represolve because of lazy constraint/incumbent callback.
Tried aggregator 1 time.
MIP Presolve eliminated 12584 rows and 0 columns.
MIP Presolve modified 822 coefficients.
Reduced MIP has 1024 rows, 4391 columns, and 21056 nonzeros.
Reduced MIP has 4391 binaries, 0 generals, 0 SOSs, and 0 indicators.
Presolve time = 0.01 sec. (23.22 ticks)
Probing time = 0.00 sec. (3.20 ticks)
Clique table members: 1024.
MIP emphasis: balance optimality and feasibility.
MIP search method: traditional branch-and-cut.
Parallel mode: none, using 1 thread.
Root relaxation solution time = 0.00 sec. (4.49 ticks)

        Nodes                                         Cuts/
   Node  Left     Objective  IInf  Best Integer    Best Bound    ItCnt     Gap         Variable B NodeID Parent  Depth

      0     0      516.0000    34                    413.0000      149         
      0     0      519.5000    64                    Cuts: 33      173         
      0     0      526.5000    28                    Cuts: 31      219         
      0     0      528.0000    36                    Cuts: 25      239         
      0     0      531.3333    55                    Cuts: 21      250         
      0     0      531.5000    93                     Cuts: 9      270         
      0     0      533.4000   114                     User: 2      288         
      0     0      534.1667    83                     User: 8      294         
      0     0      535.0000   143                     Cuts: 9      323         
      0     0      535.1667   149                     Cuts: 7      333         
      0     0      535.5000   113                     User: 2      341         
      0     0      536.0000   140                     Cuts: 4      349         
      0     0      536.8214   195                     Cuts: 9      384         
      0     0      536.8214   199                     User: 8      386         
      0     0      538.5833   146                    User: 15      418         
      0     0      539.2500   142                    Cuts: 12      430         
      0     0      540.4500   192                     Cuts: 6      465         
      0     0      542.5000   197                    Cuts: 31      519         
      0     0      542.7857   199                    Cuts: 14      550         
      0     0      543.0000   202                     Cuts: 9      563         
      0     0      543.0000   201                     User: 9      566         
      0     0      543.1833   187                     User: 6      579         
      0     0      555.0000   193                     User: 7      657         
      0     0      556.7250   221                     User: 5      694         
      0     0      557.2250   197                     User: 5      702         
      0     0      558.5839   234                     User: 4      726         
      0     0      564.8750   216                    User: 10      794         
      0     0      564.8750   237                     User: 7      796         
      0     0      565.0000   228                     User: 5      803         
      0     0      565.5000   177                     User: 3      812         
      0     2      565.5000   177                    565.5000      812                                 0             0
Elapsed time = 0.73 sec. (1758.30 ticks, tree = 0.01 MB, solutions = 0)
      1     3      569.8977   245                    570.0000     1114                   x62_60 N      1      0      1
      3     5      577.2727   225                    571.3333     1367                   x84_60 N      3      2      3
      5     7      577.9091   214                    571.3333     1444                   x60_41 N      5      3      4
     10    12      601.6667   124                    571.3333     1877                   x41_23 N     10      9      8
     14    11      580.2000   247                    573.8182     2402                    x9_35 N     14      1      2
     20    17      588.0455   189                    573.8182     2844                   x60_41 N     20     18      7
     32    28      618.4692   228                    573.8182     3603                   x35_63 D     32     31     16
     40    36      650.3429   213                    573.8182     4462                   x63_84 N     40     37     21
     45    41      644.8286   227                    573.8182     5168                   x11_53 N     45     43     24
     71    66      678.7500   207                    573.8182     6995                   x11_46 N     71     70     43
Elapsed time = 2.99 sec. (5698.50 ticks, tree = 0.38 MB, solutions = 0)
    116   105      604.5000    38                    578.0000     8412                   x10_42 N    116    114     23
    132   121      607.0000    72                    578.0000     8940                   x46_17 N    132    131     36
    150   139      611.5000    79                    578.0000     9438                     x8_2 U    150    149     48
    187   176      625.1667    48                    578.0000    10707                    x2_46 N    187    185     77
    220   209      628.7500    58                    578.0000    11523                   x90_68 D    220    218    103
    240   229      642.3333    36                    578.0000    12007                   x79_81 N    240    238    117
    283   270      634.3636    54                    578.0000    12684                   x42_82 N    283    282    156
    315   302      642.4545    55                    578.0000    13390                   x90_81 N    315    313    184
    330   317      649.0864   178                    578.0000    14060                    x2_29 D    330    329    196
    350   337      653.3077    65                    578.0000    15053                   x64_11 D    350    349    214
Elapsed time = 9.14 sec. (15862.30 ticks, tree = 1.69 MB, solutions = 0)
    379   366      665.3333    44                    578.0000    16060                   x56_81 D    379    378    238
    400   387      667.5000    26                    578.0000    16447                   x15_81 D    400    399    257
    432   419      601.1000    83                    578.6667    16995                    x2_57 D    432    431     34
    467   454      609.1250    99                    578.6667    17522                   x49_25 N    467    466     69
    494   481      630.2500    12                    578.6667    17942                   x57_29 D    494    493     96
    517   504      667.0000    10                    578.6667    18167                   x12_29 N    517    516    119
    537   524      668.6218    73                    578.6667    18368                   x97_29 N    537    536    139
    558   545      723.0000    28                    578.6667    18895                   x11_48 N    558    557    160
    574   561      777.1250    73                    578.6667    19363                   x97_71 D    574    573    176
    594   581      871.0000    91                    578.6667    19811                   x87_54 N    594    593    196
Elapsed time = 14.49 sec. (25744.49 ticks, tree = 2.30 MB, solutions = 0)
    622   603      585.2333    96                    579.0833    21097                   x29_48 U    622    621     19
*   623    37      integral     0      585.0000      579.0833    21106    1.01%
    668    54        cutoff            585.0000      579.6667    22691    0.91%           x1_46 D    668    666     13
*   701    33      integral     0      583.0000      580.0000    23958    0.51%
    718    37      581.5000    97      583.0000      580.2083    24414    0.48%          x14_94 N    718    717     13
*   759     3      integral     0      582.0000      581.0000    25254    0.17%

Zero-half cuts applied:  3
User cuts applied:  4035

Root node processing (before b&c):
  Real time             =    0.74 sec. (1758.43 ticks)
Sequential b&c:
  Real time             =   15.96 sec. (27602.04 ticks)
                          ------------
Total (root+branch&cut) =   16.70 sec. (29360.47 ticks)

