Version identifier: 22.1.0.0 | 2022-03-09 | 1a383f8ce
CPXPARAM_Preprocessing_Reduce                    1
CPXPARAM_Threads                                 1
CPXPARAM_Preprocessing_Reformulations            0
CPXPARAM_TimeLimit                               10800
CPXPARAM_MIP_Tolerances_AbsMIPGap                0.999
CPXPARAM_MIP_Limits_TreeMemory                   20000
Legacy callback                                  BbLUID
         Disabling repeat represolve because of lazy constraint/incumbent callback.
Tried aggregator 2 times.
MIP Presolve eliminated 10422 rows and 0 columns.
MIP Presolve modified 742 coefficients.
Aggregator did 4 substitutions.
Reduced MIP has 941 rows, 3811 columns, and 18404 nonzeros.
Reduced MIP has 3811 binaries, 0 generals, 0 SOSs, and 0 indicators.
Presolve time = 0.01 sec. (22.05 ticks)
Probing time = 0.00 sec. (3.04 ticks)
Clique table members: 941.
MIP emphasis: balance optimality and feasibility.
MIP search method: traditional branch-and-cut.
Parallel mode: none, using 1 thread.
Root relaxation solution time = 0.00 sec. (3.48 ticks)

        Nodes                                         Cuts/
   Node  Left     Objective  IInf  Best Integer    Best Bound    ItCnt     Gap         Variable B NodeID Parent  Depth

      0     0      593.0000    62                    533.0000       94         
      0     0      601.5000    42                    Cuts: 73      126         
      0     0      609.0000    16                    Cuts: 43      172         
      0     0      610.5000    46                    User: 32      197         
      0     0      610.5000    46                     User: 7      203         
      0     0      611.0000    44                     User: 4      213         
      0     0      611.2500    83                    Cuts: 12      224         
      0     0      612.5000    47                    Cuts: 17      238         
      0     0      612.5000   108                    Cuts: 12      256         
      0     0      612.5000    30                    User: 10      256         
      0     0      612.5000    67                     User: 8      257         
      0     0      612.5000    22                    User: 19      257         
      0     0      612.5000    48                     User: 4      292         
      0     0      613.0000    56                    User: 19      306         
      0     0      613.0000    86                     User: 4      311         
      0     0      613.0000    90                     User: 9      320         
      0     0      614.0000    85                    User: 14      331         
      0     0      614.5000    85                     User: 8      341         
      0     0      614.5000    85                    User: 11      343         
      0     0      614.5000    12                    User: 13      366         
      0     0      615.2500   101                    User: 18      375         
      0     0      615.5000    62                    User: 13      379         
      0     0      615.6667    99                     User: 1      387         
      0     0      615.7500    99                     User: 2      391         
      0     0      616.0000    72                    User: 10      401         
      0     0      616.5000   149                     User: 2      412         
      0     0      616.5000    66                     User: 2      420         
      0     0      616.5000    65                     User: 1      426         
      0     0      616.5000    12                     User: 8      431         
*     0+    0                          617.0000      616.5000             0.08%
      0     0        cutoff            617.0000      616.5000      431    0.08%                        0             0
Elapsed time = 0.36 sec. (817.50 ticks, tree = 0.01 MB, solutions = 1)

Zero-half cuts applied:  3
Gomory fractional cuts applied:  3
User cuts applied:  513

Root node processing (before b&c):
  Real time             =    0.36 sec. (817.61 ticks)
Sequential b&c:
  Real time             =    0.00 sec. (0.00 ticks)
                          ------------
Total (root+branch&cut) =    0.36 sec. (817.61 ticks)

