Version identifier: 22.1.0.0 | 2022-03-09 | 1a383f8ce
CPXPARAM_Preprocessing_Reduce                    1
CPXPARAM_Threads                                 1
CPXPARAM_Preprocessing_Reformulations            0
CPXPARAM_TimeLimit                               10800
CPXPARAM_MIP_Tolerances_AbsMIPGap                0.999
CPXPARAM_MIP_Limits_TreeMemory                   20000
Legacy callback                                  BbLUID
         Disabling repeat represolve because of lazy constraint/incumbent callback.
Tried aggregator 1 time.
MIP Presolve eliminated 9584 rows and 0 columns.
MIP Presolve modified 709 coefficients.
Reduced MIP has 911 rows, 3787 columns, and 17157 nonzeros.
Reduced MIP has 3787 binaries, 0 generals, 0 SOSs, and 0 indicators.
Presolve time = 0.01 sec. (17.33 ticks)
Probing time = 0.00 sec. (3.03 ticks)
Clique table members: 911.
MIP emphasis: balance optimality and feasibility.
MIP search method: traditional branch-and-cut.
Parallel mode: none, using 1 thread.
Root relaxation solution time = 0.00 sec. (3.70 ticks)

        Nodes                                         Cuts/
   Node  Left     Objective  IInf  Best Integer    Best Bound    ItCnt     Gap         Variable B NodeID Parent  Depth

      0     0      503.3333    73                    416.0000      201         
      0     0      514.7500   109                    Cuts: 60      249         
      0     0      523.0000    26                    Cuts: 18      263         
      0     0      530.0000    14                    Cuts: 41      281         
      0     0      532.5000    82                     Cuts: 6      287         
      0     0      532.5000    44                     Cuts: 8      291         
      0     0      533.0000    24                     Cuts: 3      309         
      0     0      533.0000    26                 ZeroHalf: 2      311         
*     0+    0                          533.0000      533.0000             0.00%
      0     0        cutoff            533.0000      533.0000      311    0.00%                        0             0
Elapsed time = 0.19 sec. (259.22 ticks, tree = 0.01 MB, solutions = 1)

Zero-half cuts applied:  6
Gomory fractional cuts applied:  3
User cuts applied:  354

Root node processing (before b&c):
  Real time             =    0.19 sec. (259.33 ticks)
Sequential b&c:
  Real time             =    0.00 sec. (0.00 ticks)
                          ------------
Total (root+branch&cut) =    0.19 sec. (259.33 ticks)

