Version identifier: 22.1.0.0 | 2022-03-09 | 1a383f8ce
CPXPARAM_Preprocessing_Reduce                    1
CPXPARAM_Threads                                 1
CPXPARAM_Preprocessing_Reformulations            0
CPXPARAM_TimeLimit                               10800
CPXPARAM_MIP_Tolerances_AbsMIPGap                0.999
CPXPARAM_MIP_Limits_TreeMemory                   20000
Legacy callback                                  BbLUID
         Disabling repeat represolve because of lazy constraint/incumbent callback.
Tried aggregator 2 times.
MIP Presolve eliminated 4617 rows and 1 columns.
MIP Presolve modified 564 coefficients.
Aggregator did 2 substitutions.
Reduced MIP has 764 rows, 2528 columns, and 10394 nonzeros.
Reduced MIP has 2528 binaries, 0 generals, 0 SOSs, and 0 indicators.
Presolve time = 0.01 sec. (9.58 ticks)
Probing time = 0.00 sec. (2.63 ticks)
Clique table members: 764.
MIP emphasis: balance optimality and feasibility.
MIP search method: traditional branch-and-cut.
Parallel mode: none, using 1 thread.
Root relaxation solution time = 0.00 sec. (3.07 ticks)

        Nodes                                         Cuts/
   Node  Left     Objective  IInf  Best Integer    Best Bound    ItCnt     Gap         Variable B NodeID Parent  Depth

      0     0      566.5000    32                    514.0000      222         
      0     0      593.3333    47                    Cuts: 54      240         
      0     0      595.9000   102                    Cuts: 12      278         
      0     0      598.3333    92                    Cuts: 14      300         
      0     0      598.8333    80                    Cuts: 19      304         
      0     0      598.8333    85                    Cuts: 11      313         
      0     0      601.0000    89                     Cuts: 9      324         
      0     0      601.0000    80                    Cuts: 16      334         
      0     0      601.5000    94                 ZeroHalf: 4      349         
      0     0      601.5000    96                 ZeroHalf: 1      350         
      0     0      601.5000    41                     User: 4      352         
*     0+    0                          603.0000      601.5000             0.25%
      0     0        cutoff            603.0000      603.0000      354    0.00%                        0             0
Elapsed time = 0.17 sec. (248.00 ticks, tree = 0.01 MB, solutions = 1)

Zero-half cuts applied:  15
Gomory fractional cuts applied:  1
User cuts applied:  361

Root node processing (before b&c):
  Real time             =    0.17 sec. (245.86 ticks)
Sequential b&c:
  Real time             =    0.00 sec. (2.24 ticks)
                          ------------
Total (root+branch&cut) =    0.17 sec. (248.10 ticks)

