Version identifier: 22.1.0.0 | 2022-03-09 | 1a383f8ce
CPXPARAM_Preprocessing_Reduce                    1
CPXPARAM_Threads                                 1
CPXPARAM_Preprocessing_Reformulations            0
CPXPARAM_TimeLimit                               10800
CPXPARAM_MIP_Tolerances_AbsMIPGap                0.999
CPXPARAM_MIP_Limits_TreeMemory                   20000
Legacy callback                                  BbLUID
         Disabling repeat represolve because of lazy constraint/incumbent callback.
Tried aggregator 2 times.
MIP Presolve eliminated 5944 rows and 0 columns.
MIP Presolve modified 643 coefficients.
Aggregator did 4 substitutions.
Reduced MIP has 841 rows, 2876 columns, and 12015 nonzeros.
Reduced MIP has 2876 binaries, 0 generals, 0 SOSs, and 0 indicators.
Presolve time = 0.01 sec. (11.72 ticks)
Probing time = 0.00 sec. (2.77 ticks)
Clique table members: 867.
MIP emphasis: balance optimality and feasibility.
MIP search method: traditional branch-and-cut.
Parallel mode: none, using 1 thread.
Root relaxation solution time = 0.00 sec. (3.23 ticks)

        Nodes                                         Cuts/
   Node  Left     Objective  IInf  Best Integer    Best Bound    ItCnt     Gap         Variable B NodeID Parent  Depth

      0     0      607.5000    84                    560.0000      224         
      0     0      627.4286    47                    Cuts: 47      268         
      0     0      636.5000    50                    Cuts: 34      290         
      0     0      637.5000    58                    Cuts: 30      306         
      0     0      640.0000    10                    Cuts: 31      327         
      0     0      645.0000    47                    Cuts: 14      334         
      0     0      645.5833    64                    Cuts: 10      347         
      0     0      647.0000    50                     Cuts: 7      366         
      0     0      649.0000    49                     Cuts: 9      381         
      0     0      650.0000    12                     Cuts: 8      395         
      0     0      652.3667    68                     Cuts: 9      399         
      0     0      652.8043   114                     Cuts: 6      419         
      0     0      655.3333    31                    Cuts: 23      423         
      0     0      659.0000    35                    Cuts: 20      435         
      0     0      659.7778    92                    Cuts: 17      451         
      0     0      660.4444    38                    Cuts: 13      461         
      0     0      660.9151   111                    Cuts: 20      490         
      0     0      661.7778   110                     Cuts: 8      523         
      0     0      661.7778    84                    Cuts: 10      535         
      0     0      665.0000    77                     User: 3      567         
      0     0      665.8750    73                     Cuts: 9      601         
      0     0      666.1481   105                     Cuts: 6      628         
      0     0      666.2683    92                     Cuts: 5      641         
      0     0      666.3333    50                     Cuts: 2      644         
      0     0      666.4839   106                     Cuts: 6      673         
      0     0      666.5000    91                     User: 8      680         
      0     0      666.6400   108                     User: 4      709         
      0     0      666.6552    88                     User: 3      714         
      0     0      666.6667   100                     User: 1      722         
      0     0      666.6667   129                     User: 1      730         
      0     0      666.6667    97                     User: 2      734         
      0     0      666.6667   104                     User: 1      746         
      0     0      666.6667   101                     User: 1      758         
      0     0      666.8278   135                     User: 5      791         
      0     0      666.8333   122                    User: 13      792         
      0     0      667.1667   140                     User: 1      804         
      0     2      667.1667   148                    667.1667      804                                 0             0
Elapsed time = 0.70 sec. (1262.21 ticks, tree = 0.01 MB, solutions = 0)
      3     5      669.1667   110                    668.5000      937                   x73_77 N      3      1      2
     20    22      675.6667    96                    668.5000     1356                   x14_49 N     20     18     13
     40    42      683.4500    77                    668.5000     1889                   x28_86 N     40     39     28
     59    61      687.0000    55                    668.5000     2194                   x81_56 D     59     58     43
     74    76      732.2821    54                    668.5000     2642                   x98_26 N     74     72     53
     97    96      677.2000    82                    668.5667     3315                   x49_23 U     97     95     13
    114   111      686.7000    98                    668.5667     3798                    x9_26 D    114    112     26
    153   144      686.4917    85                    668.7333     4568                    x61_6 D    153    152     27
    180   169      712.9167    61                    668.7333     5389                   x26_45 N    180    178     45
    280   246      695.8667    77                    669.3333     7580                   x50_84 D    280    279     36
Elapsed time = 3.75 sec. (4578.78 ticks, tree = 1.07 MB, solutions = 0)
    408   360      731.4167    88                    669.6333     9720                   x43_64 N    408    407     76
    491   443      798.3333    58                    669.6333    10884                   x77_10 N    491    490    159
    590   535      707.7500    59                    669.7000    12750                   x23_56 N    590    589     48
    732   664      674.5000    98                    670.0000    15265                    x23_9 U    732    731      8
    850   764      681.7051    95                    670.4000    18875                   x87_45 U    850    849     14
    955   859      678.7000    91                    670.5000    21856                   x46_50 N    955    954     12
   1098   987      691.1667    70                    670.6000    25061                   x61_67 N   1098   1097     21
   1245  1117      688.7917    88                    670.7000    27992                   x87_45 N   1245   1244     22
   1376  1227    infeasible                          670.8667    30041                    x8_16 N   1376   1374     37
   1511  1342      691.5000    82                    670.9167    33518                   x46_63 D   1511   1509     33
Elapsed time = 14.09 sec. (14199.14 ticks, tree = 5.62 MB, solutions = 0)
   1685  1498      681.3696   116                    671.0000    36874                   x29_81 N   1685   1682     16
   1809  1613      685.1429    53                    671.1667    40180                   x28_86 D   1809   1808     27
   1946  1732      672.0000    93                    671.2000    41932                    x5_63 U   1946   1779      8
   2092  1853      688.6818    90                    671.2000    45405                   x58_31 N   2092   2090     16
*  2184  1089      integral     0      690.0000      671.4167    47010    2.69%
   2249  1143      680.5000    35      690.0000      671.5000    47847    2.68%           x86_5 D   2249   2248     24
   2410  1273      687.9000    92      690.0000      671.7000    50722    2.65%           x26_8 D   2410   2409     24
   2587  1420      686.8889    81      690.0000      671.8750    53285    2.63%           x26_5 D   2587   2586     41
   2770  1571      674.6667   105      690.0000      672.0444    55934    2.60%          x61_81 N   2770   2769     10
   2933  1691      675.0000   100      690.0000      672.2000    58883    2.58%          x28_63 U   2933   2932      9
   3109  1823      676.1250    38      690.0000      672.5000    60757    2.54%           x5_28 D   3109   3108     17
Elapsed time = 25.51 sec. (23831.60 ticks, tree = 11.10 MB, solutions = 1)
   3312  1996      679.0000   105      690.0000      672.6594    62936    2.51%          x85_49 D   3312   3311     15
   3503  2143      677.0667   107      690.0000      672.8333    65174    2.49%           x86_5 D   3503   3502     20
   3656  2259      677.5000    51      690.0000      672.9714    68094    2.47%          x85_37 N   3656   3655     12
   3865  2426      674.5000    46      690.0000      673.0000    70081    2.46%           x5_28 D   3865   3864     12
   4055  2569        cutoff            690.0000      673.0000    72170    2.46%           x8_16 U   4055   4053     51
*  4200+ 2126                          685.0000      673.0000             1.75%
   4232  2157      681.6500   104      685.0000      673.0000    74095    1.75%          x87_45 D   4232   4230     12
   4394  2273      677.8611    95      685.0000      673.1667    76934    1.73%          x61_85 D   4394   4393     16
   4544  2374      677.9000    81      685.0000      673.2222    79691    1.72%          x45_55 N   4544    951     10
   4710  2494      676.2000    39      685.0000      673.3333    81971    1.70%          x28_63 D   4710   4709     21
   4874  2607      677.1143   113      685.0000      673.4000    84094    1.69%           x87_1 D   4874   4873     11
Elapsed time = 35.64 sec. (33411.99 ticks, tree = 9.70 MB, solutions = 2)
   5090  2772        cutoff            685.0000      673.5000    85721    1.68%          x50_55 U   5090   5087     25
   5286  2911      679.0667   106      685.0000      673.5000    87803    1.68%          x45_46 U   5286   5285     12
   5464  3027      681.5417   101      685.0000      673.6261    90297    1.66%           x5_55 N   5464   5463     17
   5639  3141        cutoff            685.0000      673.7000    92399    1.65%          x63_46 N   5639   5637     28
   5821  3267      676.5761   148      685.0000      673.8333    94632    1.63%           x86_5 D   5821   5820      8
   6002  3371      680.1333   117      685.0000      673.9182    96187    1.62%           x9_98 D   6002   2528     13
   6188  3495      675.5429    55      685.0000      674.0000    98017    1.61%           x8_55 D   6188   6187     19
   6398  3642      678.7222   106      685.0000      674.0000    99842    1.61%          x45_46 D   6398   6397     10
   6568  3759      682.6667    63      685.0000      674.0000   102109    1.61%           x26_8 D   6568   6567     23
   6734  3873      678.5000    34      685.0000      674.0625   104859    1.60%          x45_46 U   6734   6733     20
Elapsed time = 45.22 sec. (42983.42 ticks, tree = 14.97 MB, solutions = 2)
   6940  4026      674.5000    53      685.0000      674.1667   107046    1.58%          x49_23 U   6940   1431     10
   7119  4153      683.4545    78      685.0000      674.2095   109055    1.58%          x85_49 N   7119   7118     21
   7268  4235      679.2000    28      685.0000      674.3333   111339    1.56%           x26_8 D   7268   7267     30
   7424  4335      678.0000    58      685.0000      674.3673   114091    1.55%          x63_26 D   7424   7423     14
   7600  4446      678.4474    95      685.0000      674.4667   115996    1.54%          x61_85 D   7600   7599     16
   7800  4589      676.5000    57      685.0000      674.5000   118058    1.53%            x8_1 D   7800   7799     18
   8045  4770      675.2000    39      685.0000      674.5000   119738    1.53%          x28_63 D   8045   8044     19
   8221  4870      681.0714    68      685.0000      674.5000   121997    1.53%           x26_8 U   8221   8218     23
   8400  4994      677.7578   135      685.0000      674.5412   124008    1.53%           x87_1 D   8400   8399     13
   8593  5124      678.8000    57      685.0000      674.6667   126022    1.51%          x28_45 D   8593   8592     25
Elapsed time = 54.75 sec. (52594.48 ticks, tree = 17.37 MB, solutions = 2)
   8763  5229      679.9474   114      685.0000      674.6923   128312    1.50%          x56_23 N   8763   8761     15
   8922  5328      677.6429    56      685.0000      674.7321   131373    1.50%           x8_55 D   8922   8921     21
   9120  5455      677.3000    33      685.0000      674.8000   133244    1.49%          x50_28 D   9120   9119     18
   9323  5600      675.8333    32      685.0000      674.8333   135394    1.48%          x80_73 D   9323   9322     18
   9534  5734        cutoff            685.0000      674.9000   137308    1.47%           x5_55 U   9534   9532     18
   9711  5846      677.3750    34      685.0000      675.0000   139279    1.46%          x63_45 D   9711   9710     32
   9930  5993      682.0000    45      685.0000      675.0000   140930    1.46%           x28_5 D   9930   9929     35
  10136  6137      680.4000    56      685.0000      675.0000   142462    1.46%          x26_63 D  10136  10135     23
  10345  6273      675.0000    48      685.0000      675.0000   143980    1.46%          x46_63 D  10345   1179     11
  10538  6401      680.0000    62      685.0000      675.0000   146048    1.46%          x62_25 U  10538   3188     14
Elapsed time = 64.06 sec. (62171.88 ticks, tree = 19.65 MB, solutions = 2)
  10715  6500      675.3411   135      685.0000      675.0238   148309    1.46%           x26_5 U  10715   1674      9
  10850  6584      675.1667    58      685.0000      675.0667   151195    1.45%          x31_67 U  10850    758      8
  11040  6708      677.0000    43      685.0000      675.1333   153309    1.44%            x8_1 D  11040  11039     15
  11258  6858      680.0000    47      685.0000      675.1667   154937    1.44%           x28_5 D  11258  11257     27
  11423  6954      680.5000   113      685.0000      675.2000   157400    1.43%           x5_63 N  11423  11422     12
  11565  7033      682.1667    90      685.0000      675.2500   160013    1.42%          x51_37 U  11565   6643     17
  11690  7117      677.9706    39      685.0000      675.2826   162601    1.42%           x8_84 D  11690  11689     38
  11883  7226      678.0000    24      685.0000      675.3333   164019    1.41%           x50_1 D  11883  11882     26
  12074  7345      679.0000    43      685.0000      675.3333   165550    1.41%          x45_46 U  12074  12073     25
  12249  7452      683.7778   117      685.0000      675.3667   167912    1.41%          x81_23 D  12249  12248     23
Elapsed time = 72.69 sec. (71763.30 ticks, tree = 21.70 MB, solutions = 2)
  12400  7530      681.0909    66      685.0000      675.4000   170175    1.40%          x50_86 D  12400  12399     23
  12597  7645      681.8462    86      685.0000      675.4000   171773    1.40%          x63_26 D  12597  12596     23
  12760  7735      677.9714    73      685.0000      675.5000   174313    1.39%           x8_55 U  12760  12513     16
  12938  7823        cutoff            685.0000      675.5000   176069    1.39%          x86_63 U  12938  12935     32
  13135  7941      678.1429    45      685.0000      675.5000   177628    1.39%          x63_46 D  13135  13134     16
  13326  8057      677.5000    34      685.0000      675.5000   178998    1.39%          x63_26 U  13326   9457     10
  13515  8159      677.0000    49      685.0000      675.5000   180869    1.39%          x28_63 D  13515  13514     15
  13721  8310      680.0000    48      685.0000      675.5000   182510    1.39%           x55_1 U  13721  13720     23
  13916  8438      677.1667    63      685.0000      675.5000   184598    1.39%          x87_28 D  13916  13915     29
  14105  8571      683.5000    73      685.0000      675.5000   186772    1.39%          x28_26 D  14105  14104     19
Elapsed time = 81.21 sec. (81348.91 ticks, tree = 23.93 MB, solutions = 2)
  14277  8679      676.7000    64      685.0000      675.5000   189317    1.39%          x28_63 D  14277  14276     21
  14400  8747      681.0000    95      685.0000      675.5000   192775    1.39%          x63_26 D  14400  14399     16
  14570  8855      680.9667   113      685.0000      675.5833   195243    1.37%           x84_8 D  14570  14569     24
  14738  8943        cutoff            685.0000      675.6000   197551    1.37%          x45_46 U  14738  14737     15
  14947  9082      678.2500    45      685.0000      675.6429   199319    1.37%          x50_55 D  14947  14946     24
  15132  9192        cutoff            685.0000      675.6667   201182    1.36%          x86_28 U  15132  15130     30
  15297  9287      681.0000    42      685.0000      675.6667   203166    1.36%           x55_1 U  15297  15296     29
  15467  9378      681.7391    97      685.0000      675.6957   205335    1.36%          x56_23 D  15467  15466     23
  15656  9496      677.7667   103      685.0000      675.7000   206785    1.36%           x85_9 D  15656  15655     12
  16337  9851      682.0000    34      685.0000      675.8333   215273    1.34%           x63_5 D  16337  16336     23
Elapsed time = 92.17 sec. (93785.10 ticks, tree = 25.96 MB, solutions = 2)
  17014 10235        cutoff            685.0000      675.9167   223587    1.33%          x26_63 U  17014  17012     40
  17725 10625      678.7000    40      685.0000      676.0000   230503    1.31%           x5_28 D  17725  17723     27
  18426 11031      679.8333    63      685.0000      676.0000   236403    1.31%           x86_5 D  18426  18425     18
  19098 11416      678.3333   112      685.0000      676.0667   245745    1.30%           x37_9 U  19098  19097     18
  19787 11788      676.1667    69      685.0000      676.1667   253964    1.29%          x45_55 D  19787   1865     16
  20462 12165      678.0000    93      685.0000      676.2500   262730    1.28%          x50_28 U  20462  15348     10
  21122 12499      682.0000    35      685.0000      676.3333   271482    1.27%          x45_28 D  21122  21121     17
  21760 12807      678.4000    54      685.0000      676.4000   280165    1.26%          x63_46 U  21760  12350     20
  22492 13209        cutoff            685.0000      676.5000   287137    1.24%          x87_86 D  22492  22491     28
  23219 13562      678.6176    71      685.0000      676.5000   293475    1.24%           x5_55 D  23219  23218     20
Elapsed time = 124.22 sec. (131956.16 ticks, tree = 35.71 MB, solutions = 2)
  23941 13961      677.0000    71      685.0000      676.5000   300810    1.24%           x55_1 D  23941   4536     11
  24550 14293      681.2500    74      685.0000      676.5000   310238    1.24%           x85_9 D  24550  24549     13
  25210 14625      682.5000    33      685.0000      676.6429   318397    1.22%          x63_46 U  25210  25208     22
  25883 14972      680.0000    48      685.0000      676.6875   326692    1.21%          x45_46 D  25883  25881     18
  26480 15221      684.0000    61      685.0000      676.7500   334900    1.20%          x28_45 U  26480   8192     30
  27165 15589      683.7619    65      685.0000      676.8333   341953    1.19%           x5_28 D  27165  27164     25
  27773 15872      680.7143    90      685.0000      676.9167   350709    1.18%            x8_1 D  27773  27772     31
  28402 16132      679.8333    30      685.0000      677.0000   358984    1.17%          x38_43 U  28402  25404     19
  29130 16426        cutoff            685.0000      677.0000   365196    1.17%           x5_16 D  29130  29129     28
  29855 16768      680.2500    92      685.0000      677.0000   373595    1.17%          x67_58 D  29855  29854     18
Elapsed time = 154.70 sec. (170134.14 ticks, tree = 43.93 MB, solutions = 2)
  30502 17088      678.5000   105      685.0000      677.0667   383101    1.16%           x85_9 D  30502  30501     17
  31131 17361      680.6667    43      685.0000      677.1667   391877    1.14%           x55_1 U  31131  31130     30
  31776 17619        cutoff            685.0000      677.2000   400390    1.14%           x37_9 U  31776  31774     15
  32409 17857      681.0714    89      685.0000      677.3182   408856    1.12%          x28_16 D  32409  32408     12
  33038 18113      679.3571    88      685.0000      677.3571   417915    1.12%          x63_46 D  33038  20793     12
  33690 18344      681.5000    87      685.0000      677.4375   425674    1.10%           x85_9 D  33690  33689     18
  34398 18664        cutoff            685.0000      677.5000   432443    1.09%           x8_16 D  34398  34397     23
  35113 18968        cutoff            685.0000      677.5000   438772    1.09%           x55_1 U  35113  35112     20
  35841 19285        cutoff            685.0000      677.5000   445363    1.09%          x45_46 U  35841  35840     27
  36500 19558      683.0000    76      685.0000      677.5000   453439    1.09%          x28_45 U  36500   8099     12
Elapsed time = 184.98 sec. (208322.47 ticks, tree = 52.56 MB, solutions = 2)
  37116 19789        cutoff            685.0000      677.5556   463992    1.09%          x87_45 U  37116  37115     17
  37779 20044      681.6000   100      685.0000      677.6667   472728    1.07%          x45_46 U  37779  37778     19
  38437 20202        cutoff            685.0000      677.7000   480596    1.07%          x87_45 D  38437  38434     15
  39098 20469      682.2500    57      685.0000      677.7500   489155    1.06%           x85_9 U  39098  26444     12
  39757 20695      680.5000    26      685.0000      677.8333   496953    1.05%           x55_1 U  39757  39755     25
  40399 20964      682.1667   128      685.0000      677.8333   505841    1.05%           x85_9 N  40399  30485     18
  41002 21117      680.7571    91      685.0000      677.9000   515064    1.04%           x63_1 D  41002  41001     34
  41654 21338        cutoff            685.0000      678.0000   522915    1.02%          x28_45 D  41654  41653     23
  42332 21527      684.0000    37      685.0000      678.0000   529006    1.02%           x8_16 D  42332  42331     27
  43026 21763      680.5000    45      685.0000      678.0000   534994    1.02%           x5_28 D  43026  43025     14
Elapsed time = 213.94 sec. (246541.86 ticks, tree = 57.43 MB, solutions = 2)
  43750 22028      680.5000    46      685.0000      678.0000   541570    1.02%          x63_46 U  43750  19404     17
  44386 22225      679.5000    95      685.0000      678.0000   549076    1.02%           x55_1 U  44386  44385     21
  44983 22423      682.6250    65      685.0000      678.0333   558937    1.02%          x46_63 U  44983  44981     19
  45602 22583      680.2692    68      685.0000      678.1129   567257    1.01%           x26_5 D  45602  45601     21
  46303 22846      682.9646   102      685.0000      678.1667   574924    1.00%           x87_1 D  46303  46302     29
  46902 23000      680.7000    38      685.0000      678.2143   583820    0.99%           x86_5 D  46902  46901     18
  47581 23188        cutoff            685.0000      678.2733   591679    0.98%          x45_46 D  47581  47579     30
  48239 23370        cutoff            685.0000      678.3333   599059    0.97%          x87_45 D  48239  48237     27
  48911 23612      683.8500    52      685.0000      678.3500   606863    0.97%          x28_45 D  48911  48909     19
  49574 23774        cutoff            685.0000      678.4000   614050    0.96%           x45_1 U  49574  49572     37
Elapsed time = 242.60 sec. (284711.64 ticks, tree = 61.00 MB, solutions = 2)
  50215 23948      680.8214   111      685.0000      678.4667   621360    0.95%           x8_55 U  50215  16551     24
  50873 24108      681.5000    43      685.0000      678.5000   628336    0.95%          x28_16 D  50873  50872     26
  51570 24292      683.5000    47      685.0000      678.5000   634886    0.95%           x86_5 U  51570  51568     14
  52260 24485      680.5000    53      685.0000      678.5000   641081    0.95%          x50_55 D  52260  52259     22
* 52343 22197      integral     0      684.0000      678.5000   642390    0.80%
  52825 22339        cutoff            684.0000      678.5000   650159    0.80%           x87_1 U  52825  15008     21
  53397 22460        cutoff            684.0000      678.5500   659668    0.80%          x63_46 D  53397  53395     21
  54020 22520      681.0000    33      684.0000      678.6667   666403    0.78%           x5_28 D  54020  54019     19
  54650 22612        cutoff            684.0000      678.7000   672802    0.77%          x61_72 U  54650  54648     19
  55218 22659        cutoff            684.0000      678.7500   680596    0.77%          x45_46 D  55218  55216     22
  55810 22708        cutoff            684.0000      678.8333   688027    0.76%          x28_50 U  55810  55808     27
Elapsed time = 269.63 sec. (322908.03 ticks, tree = 58.11 MB, solutions = 3)
  56411 22801        cutoff            684.0000      678.8750   695676    0.75%          x23_56 U  56411  56409     17
  57013 22829      680.8000    63      684.0000      678.9556   702470    0.74%           x87_1 D  57013  57012     22
  57571 22779      682.3333    37      684.0000      679.0000   708225    0.73%           x5_28 U  57571  22969     29
  58203 22840      682.5000    34      684.0000      679.0000   713529    0.73%          x45_46 N  58203  58201     21
  58831 22834      680.5000    41      684.0000      679.0000   719338    0.73%          x26_28 D  58831  58830     31
  59415 22841      680.5000    48      684.0000      679.0000   726154    0.73%          x61_49 D  59415  59414     14
  59973 22876      679.3571    90      684.0000      679.0238   734444    0.73%          x63_45 D  59973  59972     19
  60550 22875      681.9000    83      684.0000      679.1000   742269    0.72%          x61_81 D  60550  60549     16
  61121 22877      681.5000    54      684.0000      679.1667   749452    0.71%           x5_55 D  61121  61120     35
  61708 22923        cutoff            684.0000      679.2000   756771    0.70%           x8_84 U  61708  15940     33
Elapsed time = 294.14 sec. (361095.08 ticks, tree = 57.32 MB, solutions = 3)
  62273 22882      681.5000   107      684.0000      679.2500   763350    0.69%          x50_55 D  62273  62272     27
  62876 22936        cutoff            684.0000      679.3158   770275    0.68%           x8_55 D  62876  62875     35
  63456 22935      681.4000    82      684.0000      679.3456   777440    0.68%          x28_63 U  63456  40305     22
  64029 22942      681.9000    56      684.0000      679.4000   783200    0.67%           x55_1 D  64029  33288     19
  64615 22901        cutoff            684.0000      679.4545   789595    0.66%           x63_1 U  64615  20563     35
  65194 22830        cutoff            684.0000      679.5000   795555    0.66%          x63_46 U  65194  65192     21
  65796 22820        cutoff            684.0000      679.5000   801018    0.66%           x55_1 D  65796  65794     23
  66363 22751        cutoff            684.0000      679.5000   806517    0.66%           x61_6 U  66363  52694     21
  66940 22726        cutoff            684.0000      679.5000   813761    0.66%          x63_45 U  66940  36402     15
  67467 22742      681.5000    65      684.0000      679.5000   823058    0.66%          x63_46 U  67467  39670     28
Elapsed time = 317.52 sec. (399271.58 ticks, tree = 56.66 MB, solutions = 3)
  67998 22675      682.6000    68      684.0000      679.6000   830193    0.64%           x46_1 D  67998  67997     28
  68581 22633        cutoff            684.0000      679.6667   836863    0.63%          x63_45 U  68581  68579     22
  69163 22610        cutoff            684.0000      679.7000   843416    0.63%          x50_16 U  69163  69154     27
  69730 22557      682.7206    88      684.0000      679.7500   849862    0.62%            x8_1 D  69730  69729     26
  70314 22526      683.0000    33      684.0000      679.8000   856670    0.61%          x50_28 U  70314  53503     23
  70897 22476        cutoff            684.0000      679.8333   862824    0.61%          x50_55 U  70897  70895     20
  71417 22438      682.9706   116      684.0000      679.8824   870890    0.60%          x61_49 D  71417  71416     16
  71991 22331        cutoff            684.0000      679.9250   877020    0.60%           x85_9 U  71991  61314     21
  72564 22293      682.1500    42      684.0000      680.0000   883492    0.58%           x63_1 D  72564  72563     30
  73178 22215        cutoff            684.0000      680.0000   888611    0.58%          x63_50 U  73178  17695     19
Elapsed time = 340.47 sec. (437474.66 ticks, tree = 54.38 MB, solutions = 3)
  73771 22108        cutoff            684.0000      680.0000   893471    0.58%           x86_5 U  73771  20040     28
  74382 22043        cutoff            684.0000      680.0000   898899    0.58%          x36_43 N  74382  66224     18
  74955 22012        cutoff            684.0000      680.0000   904417    0.58%           x5_55 U  74955  74953     26
  75520 21939      682.0000   104      684.0000      680.0000   910859    0.58%           x5_28 U  75520  59822     23
  76026 21848        cutoff            684.0000      680.0500   919126    0.58%           x55_1 U  76026  76025     34
  76563 21726        cutoff            684.0000      680.1111   926344    0.57%          x63_46 U  76563  76561     13
  77099 21582        cutoff            684.0000      680.1667   932236    0.56%          x55_16 U  77099  54065     24
  77675 21509        cutoff            684.0000      680.2000   939163    0.56%           x28_5 D  77675  77673     24
  78230 21348      681.5000    66      684.0000      680.2500   945315    0.55%          x23_56 D  78230  78229     21
  78787 21262      680.8333    46      684.0000      680.3000   951958    0.54%          x63_46 U  78787  51574     19
Elapsed time = 362.08 sec. (475687.47 ticks, tree = 51.42 MB, solutions = 3)
  79343 21126      681.1667    41      684.0000      680.3333   957621    0.54%          x45_46 D  79343  30777     20
  79865 20985        cutoff            684.0000      680.4000   964211    0.53%           x46_1 D  79865  79863     27
  80434 20805        cutoff            684.0000      680.4000   969810    0.53%          x28_50 U  80434  80432     13
  80988 20607      682.5000    52      684.0000      680.5000   976297    0.51%          x63_46 U  80988  36372     18
  81583 20424        cutoff            684.0000      680.5000   981826    0.51%          x45_46 U  81583  81582     17
  82179 20247        cutoff            684.0000      680.5000   987000    0.51%          x55_16 D  82179  82178     21
  82781 20075        cutoff            684.0000      680.5000   992217    0.51%          x46_63 D  82781  82780     23
  83374 19920        cutoff            684.0000      680.5000   998302    0.51%           x50_1 U  83374  44092     27
  83939 19803        cutoff            684.0000      680.5000  1005923    0.51%           x63_8 U  83939  15718     26
  84507 19693      682.4000    70      684.0000      680.5667  1014050    0.50%          x63_46 N  84507  64170     20
Elapsed time = 382.96 sec. (513871.02 ticks, tree = 47.07 MB, solutions = 3)
  85064 19478        cutoff            684.0000      680.6500  1020312    0.49%          x87_45 D  85064  85062     22
  85653 19277        cutoff            684.0000      680.6667  1025212    0.49%          x49_23 D  85653  68877     19
  86200 19036        cutoff            684.0000      680.7500  1031269    0.48%          x86_28 U  86200  41839     30
  86774 18850      682.9444   122      684.0000      680.7778  1037959    0.47%          x63_46 U  86774  55409     21
  87335 18577      681.5000    36      684.0000      680.8333  1043342    0.46%          x28_45 N  87335  87334     28
  87918 18377        cutoff            684.0000      680.8636  1049547    0.46%          x46_63 D  87918  87917     24
  88454 18088        cutoff            684.0000      680.9167  1054629    0.45%          x86_63 U  88454  88452     34
  88996 17866      681.5000    12      684.0000      681.0000  1061055    0.44%          x62_42 N  88996   2177     17
  89469 17718        cutoff            684.0000      681.0000  1066030    0.44%          x50_86 U  89469  89467     21
  89949 17493      682.6316    60      684.0000      681.0000  1069850    0.44%          x50_28 N  89949  89948     22
Elapsed time = 402.12 sec. (552068.35 ticks, tree = 41.22 MB, solutions = 3)
  90445 17268        cutoff            684.0000      681.0000  1074357    0.44%           x8_63 U  90445  90444     28
  91023 17021        cutoff            684.0000      681.0000  1079627    0.44%           x87_1 U  91023  54307     20
  91561 16836        cutoff            684.0000      681.0000  1085706    0.44%           x5_28 U  91561  45913     29
  92081 16622        cutoff            684.0000      681.0179  1093056    0.44%          x63_26 U  92081  74778     23
  92610 16327      682.2667    84      684.0000      681.1000  1099313    0.42%          x50_86 D  92610  53719     20
  93170 16052        cutoff            684.0000      681.1667  1104601    0.41%          x55_16 U  93170  93168     17
  93694 15807        cutoff            684.0000      681.2000  1110818    0.41%          x28_26 U  93694  88648     24
  94231 15500        cutoff            684.0000      681.2500  1116454    0.40%          x56_23 D  94231  94230     17
  94792 15236        cutoff            684.0000      681.3333  1122367    0.39%          x50_86 D  94792  94791     24
  95337 14928      682.8333    55      684.0000      681.3571  1127796    0.39%          x63_46 U  95337  11550     24
Elapsed time = 420.40 sec. (590247.10 ticks, tree = 35.24 MB, solutions = 3)
  95867 14603        cutoff            684.0000      681.4000  1132529    0.38%           x50_1 U  95867  64086     25
  96395 14242        cutoff            684.0000      681.4545  1136878    0.37%          x28_45 U  96395  31820     17
  96901 13985        cutoff            684.0000      681.5000  1141456    0.37%          x86_28 U  96901  70659     25
  97459 13624      682.5000    48      684.0000      681.5000  1145400    0.37%           x86_5 U  97459  97457     20
  98007 13262        cutoff            684.0000      681.5000  1149538    0.37%           x5_28 U  98007  98005     17
  98563 12968        cutoff            684.0000      681.5000  1154711    0.37%           x63_1 U  98563  59667     33
  99079 12637        cutoff            684.0000      681.5385  1160628    0.36%           x2_38 U  99079  71926     24
  99611 12278        cutoff            684.0000      681.6250  1165404    0.35%          x28_26 U  99611  97411     24
 100148 11912        cutoff            684.0000      681.6667  1169386    0.34%          x50_84 U 100148  18036     37
 100679 11524      682.2143    47      684.0000      681.7143  1173623    0.33%           x26_8 N 100679  73082     19
Elapsed time = 436.26 sec. (628434.46 ticks, tree = 27.59 MB, solutions = 3)
 101206 11180        cutoff            684.0000      681.7500  1178291    0.33%           x50_1 U 101206  69971     26
 101738 10788        cutoff            684.0000      681.8200  1182325    0.32%           x55_1 D 101738  40311     28
 102269 10398        cutoff            684.0000      681.8667  1186399    0.31%           x86_5 U 102269 102267     25
 102793 10009        cutoff            684.0000      681.9167  1189901    0.30%           x87_1 U 102793  32655     21
 103277  9659        cutoff            684.0000      682.0000  1194672    0.29%          x55_16 D 103277 103276     23
 103782  9259        cutoff            684.0000      682.0000  1197718    0.29%          x28_26 U 103782  77166     23
 104283  8889        cutoff            684.0000      682.0000  1200820    0.29%           x46_1 U 104283  42677     20
 104784  8537        cutoff            684.0000      682.0000  1204102    0.29%           x26_5 U 104784  12718     25
 105270  8185        cutoff            684.0000      682.0000  1208263    0.29%          x55_16 U 105270 105268     34
 105778  7767        cutoff            684.0000      682.0881  1211629    0.28%           x5_16 U 105778  61927     40
Elapsed time = 450.52 sec. (666608.88 ticks, tree = 19.24 MB, solutions = 3)
 106306  7326      682.5000    46      684.0000      682.1667  1214729    0.27%          x87_86 D 106306  16401     20
 106834  6893        cutoff            684.0000      682.2292  1217839    0.26%          x28_45 U 106834  19624     16
 107342  6448      682.7000    55      684.0000      682.3000  1220820    0.25%          x50_28 N 107342  60793     22
 107851  5998        cutoff            684.0000      682.3333  1223485    0.24%          x28_16 U 107851   7581     25
 108370  5537        cutoff            684.0000      682.4000  1225772    0.23%          x28_45 U 108370   5633     24
 108878  5063        cutoff            684.0000      682.5000  1228369    0.22%          x63_16 U 108878  81463     31
 109399  4581        cutoff            684.0000      682.5000  1230379    0.22%          x87_26 U 109399  61684     32
 109911  4130      682.5000    64      684.0000      682.5000  1232722    0.22%           x5_55 N 109911 109910     21
 110424  3704      683.0000    10      684.0000      682.5000  1235467    0.22%          x38_90 N 110424  65756     20
 110948  3218        cutoff            684.0000      682.6458  1237582    0.20%           x8_63 U 110948  39869     24
Elapsed time = 462.63 sec. (704790.41 ticks, tree = 8.89 MB, solutions = 3)
 111466  2721        cutoff            684.0000      682.7000  1239446    0.19%          x26_28 U 111466   4814     13
 111987  2219        cutoff            684.0000      682.8000  1241323    0.18%          x50_28 U 111987  81605     28
 112511  1704        cutoff            684.0000      682.8673  1242923    0.17%          x28_63 U 112511  44724     29
 113045  1190        cutoff            684.0000      683.0000  1244435    0.15%          x62_42 U 113045 113043     26
 113575   691        cutoff            684.0000      683.0000  1245906    0.15%           x28_8 U 113575  58022     22
 114110   177        cutoff            684.0000      683.0000  1247421    0.15%          x87_45 D 114110  39381     15

Cover cuts applied:  2
Zero-half cuts applied:  17
Gomory fractional cuts applied:  4
User cuts applied:  5097

Root node processing (before b&c):
  Real time             =    0.70 sec. (1262.30 ticks)
Sequential b&c:
  Real time             =  468.66 sec. (728504.33 ticks)
                          ------------
Total (root+branch&cut) =  469.37 sec. (729766.63 ticks)

