Version identifier: 22.1.0.0 | 2022-03-09 | 1a383f8ce
CPXPARAM_Preprocessing_Reduce                    1
CPXPARAM_Threads                                 1
CPXPARAM_Preprocessing_Reformulations            0
CPXPARAM_TimeLimit                               10800
CPXPARAM_MIP_Tolerances_AbsMIPGap                0.999
CPXPARAM_MIP_Limits_TreeMemory                   20000
Legacy callback                                  BbLUID
         Disabling repeat represolve because of lazy constraint/incumbent callback.
Tried aggregator 1 time.
MIP Presolve eliminated 5275 rows and 1 columns.
MIP Presolve modified 571 coefficients.
Reduced MIP has 771 rows, 2810 columns, and 11245 nonzeros.
Reduced MIP has 2810 binaries, 0 generals, 0 SOSs, and 0 indicators.
Presolve time = 0.01 sec. (9.47 ticks)
Probing time = 0.00 sec. (2.72 ticks)
Clique table members: 781.
MIP emphasis: balance optimality and feasibility.
MIP search method: traditional branch-and-cut.
Parallel mode: none, using 1 thread.
Root relaxation solution time = 0.00 sec. (3.02 ticks)

        Nodes                                         Cuts/
   Node  Left     Objective  IInf  Best Integer    Best Bound    ItCnt     Gap         Variable B NodeID Parent  Depth

      0     0      628.0000    32                    578.0000      143         
      0     0      642.5000    32                    Cuts: 33      161         
      0     0      644.5000    45                    Cuts: 31      179         
      0     0      649.0000    52                    Cuts: 24      216         
      0     0      662.7500   100                     User: 2      233         
      0     0      665.0000    52                    Cuts: 10      235         
      0     0      665.5000    50                     User: 3      254         
      0     0      666.0000    58                    Cuts: 14      265         
      0     0      666.0000    51                    Cuts: 13      275         
      0     0      666.0833    70                     Cuts: 9      286         
      0     0      666.1429    66                     User: 8      291         
      0     0      666.4000    70                     User: 7      302         
      0     0      666.4000    75                    User: 11      305         
      0     0      666.5000    60                     User: 6      311         
      0     0      666.5000    42                     User: 2      316         
      0     0      667.1429    69                     User: 4      329         
      0     0      667.1667    53                    User: 11      332         
      0     0      668.1667    53                     User: 1      339         
      0     0      668.6667   102                     User: 2      357         
      0     0      669.1667    53                     User: 5      360         
      0     0      669.9667   102                     User: 1      367         
      0     0      670.0238    96                     User: 4      370         
      0     0      670.0238    91                     User: 7      370         
      0     0      670.1667    81                     User: 5      376         
*     0+    0                          686.0000      670.1667             2.31%
      0     2      672.9167    71      686.0000      673.1667      376    1.87%                        0             0
Elapsed time = 0.21 sec. (340.44 ticks, tree = 0.01 MB, solutions = 1)
*     5     0      integral     0      685.0000      684.1667      569    0.12%

Clique cuts applied:  1
Zero-half cuts applied:  6
Gomory fractional cuts applied:  2
User cuts applied:  379

Root node processing (before b&c):
  Real time             =    0.21 sec. (340.07 ticks)
Sequential b&c:
  Real time             =    0.07 sec. (82.53 ticks)
                          ------------
Total (root+branch&cut) =    0.28 sec. (422.60 ticks)

