Version identifier: 22.1.0.0 | 2022-03-09 | 1a383f8ce
CPXPARAM_Preprocessing_Reduce                    1
CPXPARAM_Threads                                 1
CPXPARAM_Preprocessing_Reformulations            0
CPXPARAM_TimeLimit                               10800
CPXPARAM_MIP_Tolerances_AbsMIPGap                0.999
CPXPARAM_MIP_Limits_TreeMemory                   20000
Legacy callback                                  BbLUID
         Disabling repeat represolve because of lazy constraint/incumbent callback.
Tried aggregator 1 time.
MIP Presolve eliminated 12705 rows and 0 columns.
MIP Presolve modified 923 coefficients.
Reduced MIP has 1125 rows, 4308 columns, and 21795 nonzeros.
Reduced MIP has 4308 binaries, 0 generals, 0 SOSs, and 0 indicators.
Presolve time = 0.01 sec. (24.11 ticks)
Probing time = 0.00 sec. (3.15 ticks)
Clique table members: 1125.
MIP emphasis: balance optimality and feasibility.
MIP search method: traditional branch-and-cut.
Parallel mode: none, using 1 thread.
Root relaxation solution time = 0.00 sec. (4.14 ticks)

        Nodes                                         Cuts/
   Node  Left     Objective  IInf  Best Integer    Best Bound    ItCnt     Gap         Variable B NodeID Parent  Depth

      0     0      491.0000    42                    446.0000      214         
      0     0      498.5000    24                    Cuts: 85      256         
      0     0      545.2500   118                    Cuts: 32      317         
      0     0      545.7500   118                    Cuts: 18      322         
      0     0      546.6667   138                    Cuts: 19      347         
      0     0      549.0000   124                    Cuts: 19      368         
      0     0      549.5417   157                     Cuts: 9      379         
      0     0      551.0000   145                    Cuts: 29      422         
      0     0      551.0000   138                    Cuts: 16      433         
      0     0      555.0000    92                    Cuts: 17      478         
      0     0      555.0000   110                     Cuts: 8      490         
      0     0      559.4286   171                    User: 17      531         
      0     0      559.7143   183                    User: 14      538         
      0     0      559.8571   186                     User: 7      548         
      0     0      560.1111   184                     User: 5      561         
      0     0      560.4118   206                    User: 13      579         
      0     0      561.6250   194                     User: 8      600         
      0     0      561.6250   183                     User: 9      601         
      0     0      564.9273   208                     User: 6      661         
      0     0      565.5556   198                    User: 18      682         
      0     0      566.5500   201                     User: 2      713         
      0     0      566.6286   190                     User: 9      724         
      0     0      566.6286   168                     User: 2      725         
      0     0      566.6286   170                     User: 6      726         
      0     0      568.6667   190                     User: 2      780         
      0     0      568.7500    66                     User: 6      787         
      0     0      569.0000    65                     User: 2      791         
      0     0      569.5000   191                     User: 5      818         
      0     0      569.5000   193                     User: 8      832         
      0     0      569.5000   169                     User: 7      832         
      0     0      569.6667   176                     User: 2      858         
      0     0      569.7500   169                     User: 3      884         
      0     0      571.1667   191                     User: 2      979         
      0     0      571.2500   178                     User: 3      993         
      0     0      571.3750   180                     User: 4     1004         
      0     0      571.6094   189                     User: 9     1026         
      0     0      571.6667   192                     User: 3     1046         
      0     0      571.7778   187                     User: 1     1076         
      0     0      571.8302   201                     User: 3     1103         
      0     0      571.8302   199                     User: 1     1103         
      0     2      572.3333   192                    572.3333     1103                                 0             0
Elapsed time = 1.03 sec. (2604.11 ticks, tree = 0.01 MB, solutions = 0)
      2     4      573.2500   104                    573.2500     1213                   x34_45 N      2      1      2
      3     5      575.5926   166                    573.2500     1336                   x26_45 N      3      2      3
      5     7      575.9583   160                    574.0000     1445                   x16_46 N      5      3      4
      7     9      577.3125   174                    574.0000     1610                   x49_16 N      7      6      6
     10    12      580.1324   182                    574.0000     1748                    x3_49 U     10      8      8
     12    14      585.9273   181                    574.0000     1928                   x69_47 N     12     10      9
     19    21      593.5000   228                    574.0000     2485                   x27_85 N     19     17     14
     22    24      605.5417   184                    574.0000     2966                    x5_19 N     22     20     16
     35    37      599.6250   208                    574.0000     3227                   x78_91 N     35     33     25
     44    46      609.8333   152                    574.0000     3764                    x92_4 N     44     41     30
Elapsed time = 2.89 sec. (6586.94 ticks, tree = 0.53 MB, solutions = 0)
     60    62      600.7500   121                    574.0000     4927                   x74_28 D     60     59     42
    100   102      605.8667   116                    574.0000     5801                   x41_32 D    100     98     73
    133   135      616.8000    89                    574.0000     6730                   x43_87 N    133    131     95
    168   170      620.0000    84                    574.0000     7618                  x73_100 U    168    166    124
    212   214      618.5000    72                    574.0000     8607                   x98_43 D    212    210    161
    247   249      634.0000    58                    574.0000     9571                   x49_37 N    247    244    190
    278   280      637.7500    59                    574.0000    11038                   x49_41 N    278    277    217
    300   302      643.0714    62                    574.0000    11855                    x98_8 N    300    299    234
    320   322      665.0000    44                    574.0000    12597                   x37_87 D    320    318    248
    344   346      667.6000    47                    574.0000    13044                   x23_34 D    344    343    270
Elapsed time = 9.05 sec. (17112.54 ticks, tree = 2.93 MB, solutions = 0)
    375   377      687.0571    68                    574.0000    13825                   x67_73 D    375    374    297
    403   405      721.6667    56                    574.0000    14444                   x76_16 U    403    402    322
    418   420      738.0000    30                    574.0000    15402                   x18_43 N    418    417    332
    437   439      828.7143    71                    574.0000    16630                   x77_72 N    437    435    347
    446   446    infeasible                          574.0000    17633                   x95_73 N    446    445    353
    460   460      855.1667    57                    574.0000    18863                   x32_55 D    460    459    363
    480   480      898.0000    47                    574.0000    19381                   x84_32 N    480    478    378
    507   507      913.0000    41                    574.0000    19804                   x43_84 N    507    505    402
    525   521      584.9167   118                    574.1667    21141                   x41_87 D    525    523     12
    551   547      594.4286   112                    574.1667    22286                   x46_77 N    551    549     31
Elapsed time = 14.34 sec. (27307.82 ticks, tree = 4.75 MB, solutions = 0)
    580   576      600.4524    59                    574.1667    23189                   x74_48 N    580    579     53
    610   606      608.1111    54                    574.1667    24035                   x70_49 N    610    609     80
    638   634      616.9500    70                    574.1667    25071                   x67_34 N    638    636    102
    667   663      612.8333    40                    574.1667    25624                   x64_73 N    667    665    128
    692   688      614.1176    60                    574.1667    26099                  x100_86 D    692    691    150
    728   724      626.3056    67                    574.1667    26509                   x55_41 N    728    726    183
    771   767      621.0000    65                    574.1667    27164                   x41_48 N    771    769    223
    794   790      624.1224    64                    574.1667    28005                   x43_98 N    794    792    243
    842   838      620.5714    64                    574.1667    28363                   x39_87 D    842    841    289
    873   869      639.6250    47                    574.1667    29135                   x73_23 N    873    871    318
Elapsed time = 20.55 sec. (37249.45 ticks, tree = 9.02 MB, solutions = 0)
    891   887      629.7500    82                    574.1667    30009                   x59_44 N    891    890    333
    917   913      632.0000    54                    574.1667    30407                    x8_43 D    917    916    358
    936   932      632.6970    51                    574.1667    30700                   x81_49 D    936    935    374
    960   956      632.9762    63                    574.1667    31085                   x36_83 D    960    959    397
    997   993      633.2564    78                    574.1667    31238                   x41_67 D    997    996    434
   1030  1026      634.6875    46                    574.1667    31950                  x75_100 D   1030   1029    465
   1061  1057      635.9053    81                    574.1667    32394                   x37_64 N   1061   1060    495
   1082  1078      648.0000     8                    574.1667    33073                    x8_21 U   1082   1081    514
   1109  1105      648.7273    59                    574.1667    33637                   x32_79 D   1109   1108    538
   1121  1111      580.4167   117                    575.8000    34283                   x77_11 N   1121    510      3
Elapsed time = 25.94 sec. (47056.17 ticks, tree = 13.29 MB, solutions = 0)
   1152  1142      588.8214   104                    575.8333    35182                   x72_70 D   1152   1151     26
   1181  1171      598.2500    73                    575.8333    35823                   x26_98 D   1181   1179     47
   1245  1235      593.9506   119                    576.0000    36914                   x64_73 N   1245   1244     50
   1290  1280      608.1212   135                    576.0000    37437                    x7_15 D   1290   1289     95
   1311  1301      643.5556    37                    576.0000    37814                   x77_87 N   1311   1310    116
   1347  1337      653.8000    37                    576.0000    38210                   x36_43 N   1347   1346    152
   1398  1388      702.5000    34                    576.0000    38580                   x18_87 N   1398   1397    203
*  1413    40      integral     0      581.0000      576.1979    38792    0.83%
   1446    47        cutoff            581.0000      576.8750    39525    0.71%          x49_16 U   1446      6      6
   1515    36      580.0000    32      581.0000      578.5000    40606    0.43%          x99_27 N   1515   1514     15
*  1519    15      integral     0      580.0000      578.5000    40617    0.26%

Zero-half cuts applied:  9
User cuts applied:  5182

Root node processing (before b&c):
  Real time             =    1.03 sec. (2593.91 ticks)
Sequential b&c:
  Real time             =   31.77 sec. (53715.79 ticks)
                          ------------
Total (root+branch&cut) =   32.79 sec. (56309.70 ticks)

