Version identifier: 22.1.0.0 | 2022-03-09 | 1a383f8ce
CPXPARAM_Preprocessing_Reduce                    1
CPXPARAM_Threads                                 1
CPXPARAM_Preprocessing_Reformulations            0
CPXPARAM_TimeLimit                               10800
CPXPARAM_MIP_Tolerances_AbsMIPGap                0.999
CPXPARAM_MIP_Limits_TreeMemory                   20000
Legacy callback                                  BbLUID
         Disabling repeat represolve because of lazy constraint/incumbent callback.
Tried aggregator 1 time.
MIP Presolve eliminated 289 rows and 0 columns.
MIP Presolve modified 65 coefficients.
Reduced MIP has 107 rows, 358 columns, and 1137 nonzeros.
Reduced MIP has 358 binaries, 0 generals, 0 SOSs, and 0 indicators.
Presolve time = 0.00 sec. (0.67 ticks)
Probing time = 0.00 sec. (0.68 ticks)
Clique table members: 107.
MIP emphasis: balance optimality and feasibility.
MIP search method: traditional branch-and-cut.
Parallel mode: none, using 1 thread.
Root relaxation solution time = 0.00 sec. (0.24 ticks)

        Nodes                                         Cuts/
   Node  Left     Objective  IInf  Best Integer    Best Bound    ItCnt     Gap         Variable B NodeID Parent  Depth

      0     0      169.0000    26                    147.0000       12         
      0     0      179.8750    34                     Cuts: 8       13         
      0     0      187.0000    39                    Cuts: 17       21         
*     0+    0                          231.0000      187.0000            19.05%
      0     2      187.2222    49      231.0000      187.6667       21   18.76%                        0             0
Elapsed time = 0.02 sec. (25.80 ticks, tree = 0.01 MB, solutions = 1)
*    12     0      integral     0      193.0000      193.0000      204    0.00%           x4_18 N     12      1      2

Zero-half cuts applied:  1
Gomory fractional cuts applied:  2
User cuts applied:  150

Root node processing (before b&c):
  Real time             =    0.02 sec. (25.80 ticks)
Sequential b&c:
  Real time             =    0.04 sec. (33.40 ticks)
                          ------------
Total (root+branch&cut) =    0.06 sec. (59.20 ticks)

