Version identifier: 22.1.0.0 | 2022-03-09 | 1a383f8ce
CPXPARAM_Preprocessing_Reduce                    1
CPXPARAM_Threads                                 1
CPXPARAM_Preprocessing_Reformulations            0
CPXPARAM_TimeLimit                               10800
CPXPARAM_MIP_Tolerances_AbsMIPGap                0.999
CPXPARAM_MIP_Limits_TreeMemory                   20000
Legacy callback                                  BbLUID
         Disabling repeat represolve because of lazy constraint/incumbent callback.
Tried aggregator 1 time.
MIP Presolve eliminated 284 rows and 0 columns.
MIP Presolve modified 42 coefficients.
Reduced MIP has 86 rows, 323 columns, and 959 nonzeros.
Reduced MIP has 323 binaries, 0 generals, 0 SOSs, and 0 indicators.
Presolve time = 0.00 sec. (0.61 ticks)
Probing time = 0.00 sec. (0.57 ticks)
Clique table members: 86.
MIP emphasis: balance optimality and feasibility.
MIP search method: traditional branch-and-cut.
Parallel mode: none, using 1 thread.
Root relaxation solution time = 0.00 sec. (0.27 ticks)

        Nodes                                         Cuts/
   Node  Left     Objective  IInf  Best Integer    Best Bound    ItCnt     Gap         Variable B NodeID Parent  Depth

      0     0      174.0000    16                    144.0000       30         
      0     0      175.5000    26                     Cuts: 8       35         
*     0     0      integral     0      176.0000       Cuts: 6       38    0.00%
      0     0        cutoff            176.0000      176.0000       38    0.00%                        0             0
Elapsed time = 0.01 sec. (6.75 ticks, tree = 0.01 MB, solutions = 1)

Zero-half cuts applied:  5
Gomory fractional cuts applied:  1
User cuts applied:  57

Root node processing (before b&c):
  Real time             =    0.01 sec. (6.76 ticks)
Sequential b&c:
  Real time             =    0.00 sec. (0.00 ticks)
                          ------------
Total (root+branch&cut) =    0.01 sec. (6.76 ticks)

