Version identifier: 22.1.0.0 | 2022-03-09 | 1a383f8ce
CPXPARAM_Preprocessing_Reduce                    1
CPXPARAM_Threads                                 1
CPXPARAM_Preprocessing_Reformulations            0
CPXPARAM_TimeLimit                               10800
CPXPARAM_MIP_Tolerances_AbsMIPGap                0.999
CPXPARAM_MIP_Limits_TreeMemory                   20000
Legacy callback                                  BbLUID
         Disabling repeat represolve because of lazy constraint/incumbent callback.
Tried aggregator 1 time.
MIP Presolve eliminated 346 rows and 0 columns.
MIP Presolve modified 64 coefficients.
Reduced MIP has 106 rows, 373 columns, and 1250 nonzeros.
Reduced MIP has 373 binaries, 0 generals, 0 SOSs, and 0 indicators.
Presolve time = 0.00 sec. (0.75 ticks)
Probing time = 0.00 sec. (0.71 ticks)
Clique table members: 106.
MIP emphasis: balance optimality and feasibility.
MIP search method: traditional branch-and-cut.
Parallel mode: none, using 1 thread.
Root relaxation solution time = 0.00 sec. (0.26 ticks)

        Nodes                                         Cuts/
   Node  Left     Objective  IInf  Best Integer    Best Bound    ItCnt     Gap         Variable B NodeID Parent  Depth

      0     0      189.0000    22                    163.0000       30         
      0     0      195.0000    20                     Cuts: 9       52         
      0     0      195.6061    52                 ZeroHalf: 3       65         
      0     0      198.5000    47                     Cuts: 8       75         
      0     0      198.6667    50                 ZeroHalf: 3       79         
      0     0      198.6667    40                     Cuts: 8       80         
      0     0      199.3333    57                     Cuts: 6       90         
      0     0      200.0000    58                 ZeroHalf: 8       98         
      0     0      200.0000    58                     User: 1       99         
*     0+    0                          210.0000      200.0000             4.76%
      0     2      201.3333    31      210.0000      201.3333       99    4.13%                        0             0
Elapsed time = 0.04 sec. (40.98 ticks, tree = 0.01 MB, solutions = 1)
*    10     1      integral     0      203.0000      203.0000      170    0.00%

Zero-half cuts applied:  9
User cuts applied:  109

Root node processing (before b&c):
  Real time             =    0.04 sec. (40.93 ticks)
Sequential b&c:
  Real time             =    0.02 sec. (19.14 ticks)
                          ------------
Total (root+branch&cut) =    0.06 sec. (60.07 ticks)

