Version identifier: 22.1.0.0 | 2022-03-09 | 1a383f8ce
CPXPARAM_Preprocessing_Reduce                    1
CPXPARAM_Threads                                 1
CPXPARAM_Preprocessing_Reformulations            0
CPXPARAM_TimeLimit                               10800
CPXPARAM_MIP_Tolerances_AbsMIPGap                0.999
CPXPARAM_MIP_Limits_TreeMemory                   20000
Legacy callback                                  BbLUID
         Disabling repeat represolve because of lazy constraint/incumbent callback.
Tried aggregator 1 time.
MIP Presolve eliminated 262 rows and 0 columns.
MIP Presolve modified 54 coefficients.
Reduced MIP has 97 rows, 301 columns, and 995 nonzeros.
Reduced MIP has 301 binaries, 0 generals, 0 SOSs, and 0 indicators.
Presolve time = 0.00 sec. (0.59 ticks)
Probing time = 0.00 sec. (0.52 ticks)
Clique table members: 97.
MIP emphasis: balance optimality and feasibility.
MIP search method: traditional branch-and-cut.
Parallel mode: none, using 1 thread.
Root relaxation solution time = 0.00 sec. (0.25 ticks)

        Nodes                                         Cuts/
   Node  Left     Objective  IInf  Best Integer    Best Bound    ItCnt     Gap         Variable B NodeID Parent  Depth

      0     0      227.5000    18                    195.0000       34         
      0     0      247.8000    44                     Cuts: 9       47         
      0     0      251.0000    48                    Cuts: 20       59         
      0     0      253.0000    47                    Cuts: 14       74         
*     0     0      integral     0      253.0000      Cuts: 19       75    0.00%
      0     0        cutoff            253.0000      253.0000       75    0.00%                        0             0
Elapsed time = 0.01 sec. (13.41 ticks, tree = 0.01 MB, solutions = 1)

Cover cuts applied:  1
Zero-half cuts applied:  24
Gomory fractional cuts applied:  2
User cuts applied:  56

Root node processing (before b&c):
  Real time             =    0.01 sec. (13.44 ticks)
Sequential b&c:
  Real time             =    0.00 sec. (0.00 ticks)
                          ------------
Total (root+branch&cut) =    0.01 sec. (13.44 ticks)

