Version identifier: 22.1.0.0 | 2022-03-09 | 1a383f8ce
CPXPARAM_Preprocessing_Reduce                    1
CPXPARAM_Threads                                 1
CPXPARAM_Preprocessing_Reformulations            0
CPXPARAM_TimeLimit                               10800
CPXPARAM_MIP_Tolerances_AbsMIPGap                0.999
CPXPARAM_MIP_Limits_TreeMemory                   20000
Legacy callback                                  BbLUID
         Disabling repeat represolve because of lazy constraint/incumbent callback.
Tried aggregator 1 time.
MIP Presolve eliminated 327 rows and 0 columns.
MIP Presolve modified 65 coefficients.
Reduced MIP has 107 rows, 303 columns, and 1053 nonzeros.
Reduced MIP has 303 binaries, 0 generals, 0 SOSs, and 0 indicators.
Presolve time = 0.00 sec. (0.69 ticks)
Probing time = 0.00 sec. (0.53 ticks)
Clique table members: 107.
MIP emphasis: balance optimality and feasibility.
MIP search method: traditional branch-and-cut.
Parallel mode: none, using 1 thread.
Root relaxation solution time = 0.00 sec. (0.28 ticks)

        Nodes                                         Cuts/
   Node  Left     Objective  IInf  Best Integer    Best Bound    ItCnt     Gap         Variable B NodeID Parent  Depth

      0     0      189.5000    10                    189.5000       30         
*     0+    0                          297.0000      189.5000            36.20%
*     0+    0                          264.0000      189.5000            28.22%
      0     2      226.0000    22      264.0000      227.0000       30   14.02%                        0             0
Elapsed time = 0.01 sec. (9.81 ticks, tree = 0.01 MB, solutions = 2)
*     4     4      integral     0      251.0000      233.0000      171    7.17%
*    11     3      integral     0      245.0000      238.5000      241    2.65%

User cuts applied:  109

Root node processing (before b&c):
  Real time             =    0.01 sec. (9.76 ticks)
Sequential b&c:
  Real time             =    0.02 sec. (29.26 ticks)
                          ------------
Total (root+branch&cut) =    0.03 sec. (39.02 ticks)

