Version identifier: 22.1.0.0 | 2022-03-09 | 1a383f8ce
CPXPARAM_Preprocessing_Reduce                    1
CPXPARAM_Threads                                 1
CPXPARAM_Preprocessing_Reformulations            0
CPXPARAM_TimeLimit                               10800
CPXPARAM_MIP_Tolerances_AbsMIPGap                0.999
CPXPARAM_MIP_Limits_TreeMemory                   20000
Legacy callback                                  BbLUID
         Disabling repeat represolve because of lazy constraint/incumbent callback.
Tried aggregator 1 time.
MIP Presolve eliminated 1325 rows and 0 columns.
MIP Presolve modified 159 coefficients.
Reduced MIP has 241 rows, 893 columns, and 3222 nonzeros.
Reduced MIP has 893 binaries, 0 generals, 0 SOSs, and 0 indicators.
Presolve time = 0.00 sec. (2.50 ticks)
Probing time = 0.00 sec. (2.16 ticks)
Clique table members: 241.
MIP emphasis: balance optimality and feasibility.
MIP search method: traditional branch-and-cut.
Parallel mode: none, using 1 thread.
Root relaxation solution time = 0.00 sec. (0.72 ticks)

        Nodes                                         Cuts/
   Node  Left     Objective  IInf  Best Integer    Best Bound    ItCnt     Gap         Variable B NodeID Parent  Depth

      0     0      258.0000     8                    229.0000       58         
      0     0      266.0000    14                    Cuts: 32       72         
      0     0      273.0000    53                    Cuts: 14       88         
      0     0      283.0000    60                    Cuts: 15       96         
      0     0      283.5000    72                     User: 8      100         
      0     0      285.2500    76                    User: 10      107         
      0     0      286.0000    32                     Cuts: 4      115         
      0     0      288.0000    60                    Cuts: 10      124         
      0     0      288.4000    93                    Cuts: 14      139         
      0     0      290.3889    92                     Cuts: 9      160         
      0     0      290.8000    93                     Cuts: 6      177         
      0     0      290.8500   100                     Cuts: 6      188         
      0     0      291.1333    97                     User: 8      199         
      0     0      291.8387    94                     Cuts: 6      206         
      0     0      291.9091    90                     Cuts: 6      208         
      0     0      292.2000    95                     Cuts: 3      211         
      0     0      292.5870   115                     Cuts: 5      223         
      0     0      293.2500   112                     Cuts: 8      236         
      0     0      293.7143   108                 ZeroHalf: 2      250         
      0     0      293.7273   113                 ZeroHalf: 3      252         
      0     0      293.7375   113                     User: 1      255         
      0     0      293.9444   109                     User: 2      265         
      0     0      294.0000   111                     User: 2      268         
      0     2      294.0000   100                    294.1667      268                                 0             0
Elapsed time = 0.24 sec. (356.65 ticks, tree = 0.01 MB, solutions = 0)
     20    22      338.0000    31                    295.0000      726                   x33_17 D     20     18     14
     69    67      299.1429   104                    297.0000     1554                   x35_21 N     69      1      2
*    86    15      integral     0      309.0000      297.0000     1904    3.88%
    117    31      305.8000    97      309.0000      298.0833     2737    3.53%          x12_16 N    117    115      7
*   160+   27                          306.0000      299.5238             2.12%
*   162    24      integral     0      305.0000      299.5238     3591    1.80%
*   200     1      integral     0      303.0000      303.0000     4135    0.00%

Zero-half cuts applied:  11
User cuts applied:  747

Root node processing (before b&c):
  Real time             =    0.24 sec. (356.67 ticks)
Sequential b&c:
  Real time             =    0.59 sec. (959.44 ticks)
                          ------------
Total (root+branch&cut) =    0.83 sec. (1316.11 ticks)

