Version identifier: 22.1.0.0 | 2022-03-09 | 1a383f8ce
CPXPARAM_Preprocessing_Reduce                    1
CPXPARAM_Threads                                 1
CPXPARAM_Preprocessing_Reformulations            0
CPXPARAM_TimeLimit                               10800
CPXPARAM_MIP_Tolerances_AbsMIPGap                0.999
CPXPARAM_MIP_Limits_TreeMemory                   20000
Legacy callback                                  BbLUID
         Disabling repeat represolve because of lazy constraint/incumbent callback.
Tried aggregator 1 time.
MIP Presolve eliminated 2038 rows and 0 columns.
MIP Presolve modified 227 coefficients.
Reduced MIP has 309 rows, 1116 columns, and 4627 nonzeros.
Reduced MIP has 1116 binaries, 0 generals, 0 SOSs, and 0 indicators.
Presolve time = 0.00 sec. (3.86 ticks)
Probing time = 0.00 sec. (2.38 ticks)
Clique table members: 309.
MIP emphasis: balance optimality and feasibility.
MIP search method: traditional branch-and-cut.
Parallel mode: none, using 1 thread.
Root relaxation solution time = 0.00 sec. (1.01 ticks)

        Nodes                                         Cuts/
   Node  Left     Objective  IInf  Best Integer    Best Bound    ItCnt     Gap         Variable B NodeID Parent  Depth

      0     0      234.5000    12                    234.5000       44         
      0     0      285.0000    69                    Cuts: 14       72         
      0     0      289.2308    87                    Cuts: 17       94         
      0     0      291.3333    87                    Cuts: 13      117         
      0     0      291.8333    90                     Cuts: 4      131         
      0     0      293.5714    87                    Cuts: 12      152         
      0     0      296.7692    94                     Cuts: 7      180         
      0     0      297.8333    94                    Cuts: 10      201         
      0     0      298.6000    91                    Cuts: 14      219         
      0     0      302.6667    82                     Cuts: 8      259         
      0     0      303.0000    90                     Cuts: 3      269         
      0     0      303.3333    67                     Cuts: 2      275         
      0     0      303.5000    70                     Cuts: 5      277         
      0     0      303.7500    81                 ZeroHalf: 1      278         
      0     2      303.7500    81                    304.0000      278                                 0             0
Elapsed time = 0.15 sec. (294.02 ticks, tree = 0.01 MB, solutions = 0)
      6     8      316.0000    60                    306.0000      803                   x35_16 N      6      5      4
*     8     8      integral     0      332.0000      306.0000      957    7.83%
*    22     7      integral     0      320.0000      311.0000     1605    2.81%
*    42     1      integral     0      315.0000      313.3500     2212    0.52%

Zero-half cuts applied:  13
Gomory fractional cuts applied:  1
User cuts applied:  408

Root node processing (before b&c):
  Real time             =    0.15 sec. (294.03 ticks)
Sequential b&c:
  Real time             =    0.23 sec. (424.71 ticks)
                          ------------
Total (root+branch&cut) =    0.38 sec. (718.74 ticks)

