Version identifier: 22.1.0.0 | 2022-03-09 | 1a383f8ce
CPXPARAM_Preprocessing_Reduce                    1
CPXPARAM_Threads                                 1
CPXPARAM_Preprocessing_Reformulations            0
CPXPARAM_TimeLimit                               10800
CPXPARAM_MIP_Tolerances_AbsMIPGap                0.999
CPXPARAM_MIP_Limits_TreeMemory                   20000
Legacy callback                                  BbLUID
         Disabling repeat represolve because of lazy constraint/incumbent callback.
Tried aggregator 1 time.
MIP Presolve eliminated 2093 rows and 0 columns.
MIP Presolve modified 164 coefficients.
Reduced MIP has 246 rows, 1174 columns, and 4393 nonzeros.
Reduced MIP has 1174 binaries, 0 generals, 0 SOSs, and 0 indicators.
Presolve time = 0.00 sec. (3.67 ticks)
Probing time = 0.00 sec. (2.42 ticks)
Clique table members: 246.
MIP emphasis: balance optimality and feasibility.
MIP search method: traditional branch-and-cut.
Parallel mode: none, using 1 thread.
Root relaxation solution time = 0.00 sec. (0.81 ticks)

        Nodes                                         Cuts/
   Node  Left     Objective  IInf  Best Integer    Best Bound    ItCnt     Gap         Variable B NodeID Parent  Depth

      0     0      244.0000    18                    203.0000       34         
      0     0      265.0000    36                     Cuts: 9       58         
      0     0      283.5000    30                     User: 8       76         
      0     0      284.5000    41                     Cuts: 6       95         
      0     0      284.8333    85                    Cuts: 11      105         
      0     0      285.7500    67                    Cuts: 10      124         
      0     0      286.0250    89                     Cuts: 7      131         
      0     0      286.1250    77                     Cuts: 5      145         
      0     0      286.2188    83                     Cuts: 6      153         
      0     0      286.2560   104                     Cuts: 6      158         
      0     0      286.2570   104                     User: 5      160         
      0     0      286.2941   103                 ZeroHalf: 1      163         
      0     0      286.3155   103                     User: 1      165         
*     0+    0                          295.0000      286.3155             2.94%
      0     2      286.3155   103      295.0000      286.4370      165    2.90%                        0             0
Elapsed time = 0.10 sec. (141.59 ticks, tree = 0.01 MB, solutions = 1)
*    16     3      integral     0      288.0000      286.9518      359    0.36%

Zero-half cuts applied:  5
Gomory fractional cuts applied:  1
User cuts applied:  255

Root node processing (before b&c):
  Real time             =    0.10 sec. (141.59 ticks)
Sequential b&c:
  Real time             =    0.08 sec. (111.69 ticks)
                          ------------
Total (root+branch&cut) =    0.17 sec. (253.28 ticks)

