Version identifier: 22.1.0.0 | 2022-03-09 | 1a383f8ce
CPXPARAM_Preprocessing_Reduce                    1
CPXPARAM_Threads                                 1
CPXPARAM_Preprocessing_Reformulations            0
CPXPARAM_TimeLimit                               10800
CPXPARAM_MIP_Tolerances_AbsMIPGap                0.999
CPXPARAM_MIP_Limits_TreeMemory                   20000
Legacy callback                                  BbLUID
         Disabling repeat represolve because of lazy constraint/incumbent callback.
Tried aggregator 1 time.
MIP Presolve eliminated 1667 rows and 0 columns.
MIP Presolve modified 157 coefficients.
Reduced MIP has 239 rows, 1015 columns, and 3559 nonzeros.
Reduced MIP has 1015 binaries, 0 generals, 0 SOSs, and 0 indicators.
Presolve time = 0.00 sec. (2.88 ticks)
Probing time = 0.00 sec. (2.36 ticks)
Clique table members: 239.
MIP emphasis: balance optimality and feasibility.
MIP search method: traditional branch-and-cut.
Parallel mode: none, using 1 thread.
Root relaxation solution time = 0.00 sec. (0.86 ticks)

        Nodes                                         Cuts/
   Node  Left     Objective  IInf  Best Integer    Best Bound    ItCnt     Gap         Variable B NodeID Parent  Depth

*     0     0      integral     0      337.0000      304.0000       81    9.79%                        0             0
Elapsed time = 0.01 sec. (10.88 ticks, tree = 0.00 MB, solutions = 1)

User cuts applied:  125

Root node processing (before b&c):
  Real time             =    0.01 sec. (10.91 ticks)
Sequential b&c:
  Real time             =    0.00 sec. (0.00 ticks)
                          ------------
Total (root+branch&cut) =    0.01 sec. (10.91 ticks)

