Version identifier: 22.1.0.0 | 2022-03-09 | 1a383f8ce
CPXPARAM_Preprocessing_Reduce                    1
CPXPARAM_Threads                                 1
CPXPARAM_Preprocessing_Reformulations            0
CPXPARAM_TimeLimit                               10800
CPXPARAM_MIP_Tolerances_AbsMIPGap                0.999
CPXPARAM_MIP_Limits_TreeMemory                   20000
Legacy callback                                  BbLUID
         Disabling repeat represolve because of lazy constraint/incumbent callback.
Tried aggregator 1 time.
MIP Presolve eliminated 1798 rows and 0 columns.
MIP Presolve modified 210 coefficients.
Reduced MIP has 292 rows, 1089 columns, and 4388 nonzeros.
Reduced MIP has 1089 binaries, 0 generals, 0 SOSs, and 0 indicators.
Presolve time = 0.00 sec. (3.50 ticks)
Probing time = 0.00 sec. (2.37 ticks)
Clique table members: 292.
MIP emphasis: balance optimality and feasibility.
MIP search method: traditional branch-and-cut.
Parallel mode: none, using 1 thread.
Root relaxation solution time = 0.00 sec. (0.91 ticks)

        Nodes                                         Cuts/
   Node  Left     Objective  IInf  Best Integer    Best Bound    ItCnt     Gap         Variable B NodeID Parent  Depth

      0     0      250.0000    19                    250.0000       55         
      0     0      274.6667    45                    Cuts: 21       91         
      0     0      275.7500    31                     Cuts: 9       96         
      0     0      277.5000    28                     User: 1      114         
      0     0      277.5000    32                     User: 9      116         
      0     0      278.0000    61                     Cuts: 5      126         
      0     0      278.3333    67                    Cuts: 13      134         
      0     0      278.5000    32                     Cuts: 6      141         
      0     0      278.5000    30                 ZeroHalf: 1      142         
*     0+    0                          298.0000      278.5000             6.54%
      0     2      278.5000    28      298.0000      278.5000      142    6.54%                        0             0
Elapsed time = 0.06 sec. (96.70 ticks, tree = 0.01 MB, solutions = 1)
*     1     1      integral     0      279.0000      278.5000      152    0.18%

Zero-half cuts applied:  10
Gomory fractional cuts applied:  1
User cuts applied:  140

Root node processing (before b&c):
  Real time             =    0.06 sec. (96.53 ticks)
Sequential b&c:
  Real time             =    0.00 sec. (0.69 ticks)
                          ------------
Total (root+branch&cut) =    0.06 sec. (97.22 ticks)

