Version identifier: 22.1.0.0 | 2022-03-09 | 1a383f8ce
CPXPARAM_Preprocessing_Reduce                    1
CPXPARAM_Threads                                 1
CPXPARAM_Preprocessing_Reformulations            0
CPXPARAM_TimeLimit                               10800
CPXPARAM_MIP_Tolerances_AbsMIPGap                0.999
CPXPARAM_MIP_Limits_TreeMemory                   20000
Legacy callback                                  BbLUID
         Disabling repeat represolve because of lazy constraint/incumbent callback.
Tried aggregator 1 time.
MIP Presolve eliminated 960 rows and 0 columns.
MIP Presolve modified 125 coefficients.
Reduced MIP has 207 rows, 852 columns, and 2732 nonzeros.
Reduced MIP has 852 binaries, 0 generals, 0 SOSs, and 0 indicators.
Presolve time = 0.00 sec. (1.96 ticks)
Probing time = 0.00 sec. (1.94 ticks)
Clique table members: 207.
MIP emphasis: balance optimality and feasibility.
MIP search method: traditional branch-and-cut.
Parallel mode: none, using 1 thread.
Root relaxation solution time = 0.00 sec. (0.65 ticks)

        Nodes                                         Cuts/
   Node  Left     Objective  IInf  Best Integer    Best Bound    ItCnt     Gap         Variable B NodeID Parent  Depth

      0     0      327.0000    36                    308.0000       41         
      0     0      335.6667    33                    Cuts: 14       61         
      0     0      347.5000    37                    Cuts: 42       76         
      0     0      349.0000    42                    Cuts: 10       80         
      0     0      350.4000    78                    Cuts: 11       90         
      0     0      351.0000    33                    Cuts: 14       97         
      0     0      351.0000    28                ZeroHalf: 16      108         
      0     0      351.3333    28                 ZeroHalf: 9      114         
      0     0      351.5000    39                    Cuts: 13      120         
      0     0      352.0000    30                 ZeroHalf: 8      125         
      0     0      352.2667    44                 ZeroHalf: 7      128         
      0     0      352.5000    28                ZeroHalf: 12      134         
      0     0      352.8000    32                 ZeroHalf: 4      143         
      0     0      353.0000    31                 ZeroHalf: 7      146         
      0     0      353.2500    37                ZeroHalf: 19      151         
      0     0      353.4667    44                ZeroHalf: 12      158         
      0     0      354.0000    30                ZeroHalf: 10      164         
      0     0      354.0000    34                  MIRcuts: 1      165         
*     0+    0                          367.0000      354.0000             3.54%
*     0+    0                          361.0000      354.0000             1.94%
      0     2      354.0000    34      361.0000      354.0000      165    1.94%                        0             0
Elapsed time = 0.09 sec. (106.53 ticks, tree = 0.01 MB, solutions = 2)
*     2     1      integral     0      357.0000      354.3333      184    0.75%

Mixed integer rounding cuts applied:  1
Zero-half cuts applied:  20
Gomory fractional cuts applied:  2
User cuts applied:  149

Root node processing (before b&c):
  Real time             =    0.09 sec. (106.53 ticks)
Sequential b&c:
  Real time             =    0.01 sec. (8.09 ticks)
                          ------------
Total (root+branch&cut) =    0.10 sec. (114.63 ticks)

