Version identifier: 22.1.0.0 | 2022-03-09 | 1a383f8ce
CPXPARAM_Preprocessing_Reduce                    1
CPXPARAM_Threads                                 1
CPXPARAM_Preprocessing_Reformulations            0
CPXPARAM_TimeLimit                               10800
CPXPARAM_MIP_Tolerances_AbsMIPGap                0.999
CPXPARAM_MIP_Limits_TreeMemory                   20000
Legacy callback                                  BbLUID
         Disabling repeat represolve because of lazy constraint/incumbent callback.
Tried aggregator 1 time.
MIP Presolve eliminated 1954 rows and 0 columns.
MIP Presolve modified 210 coefficients.
Reduced MIP has 292 rows, 1072 columns, and 4254 nonzeros.
Reduced MIP has 1072 binaries, 0 generals, 0 SOSs, and 0 indicators.
Presolve time = 0.00 sec. (3.55 ticks)
Probing time = 0.00 sec. (2.37 ticks)
Clique table members: 292.
MIP emphasis: balance optimality and feasibility.
MIP search method: traditional branch-and-cut.
Parallel mode: none, using 1 thread.
Root relaxation solution time = 0.00 sec. (1.12 ticks)

        Nodes                                         Cuts/
   Node  Left     Objective  IInf  Best Integer    Best Bound    ItCnt     Gap         Variable B NodeID Parent  Depth

      0     0      318.5000    32                    293.0000       92         
      0     0      322.0000    42                    Cuts: 19      104         
      0     0      323.0000    33                     Cuts: 9      123         
      0     0      326.0000    24                    Cuts: 11      136         
      0     0      328.0000    36                     Cuts: 8      148         
      0     0      330.7500    41                     Cuts: 7      158         
      0     0      331.0000    66                    Cuts: 10      162         
      0     0      332.3846    61                    Cuts: 17      167         
      0     0      336.1667    50                     Cuts: 8      178         
      0     0      337.0000    32                ZeroHalf: 12      181         
      0     0      338.0000    15                     User: 4      204         
      0     0      339.0000    80                    Cuts: 11      229         
      0     0      339.1250    74                     Cuts: 9      242         
      0     0      339.2939   100                     Cuts: 3      251         
      0     0      339.3438    80                     Cuts: 4      257         
      0     0      339.8000    90                     User: 1      274         
      0     0      340.4348    87                     Cuts: 4      299         
      0     0      340.5882    85                 ZeroHalf: 5      313         
      0     0      340.6154    83                     Cuts: 2      317         
      0     0      340.6744    85                     Cuts: 2      322         
      0     2      340.7636    99                    340.8000      322                                 0             0
Elapsed time = 0.18 sec. (321.94 ticks, tree = 0.01 MB, solutions = 0)
     17    19      384.5000    20                    342.1000      913                   x34_31 D     17     16     13
     48    36      343.5417    86                    343.5417     1550                   x29_23 D     48      3      3
     77    65      372.6207    66                    343.7500     2594                     x3_7 N     77     76     25
    110    96      452.5000    39                    343.7500     3470                   x12_16 N    110    109     48
    140   114      369.6000    58                    343.9167     4240                   x23_29 D    140    139     11
    180   154      409.5000    16                    343.9167     4908                   x11_38 D    180    179     51
    218   192      474.6000    65                    343.9167     5553                    x19_3 D    218    217     89
    251   217      353.6667    29                    344.0000     6368                    x6_29 N    251    249     10
*   256    26      integral     0      356.0000      344.0000     6519    3.37%
*   283    34      integral     0      354.0000      345.2941     7166    2.46%
    327    36      349.0000    97      354.0000      347.8333     8321    1.74%            x1_3 U    327    261      7

Zero-half cuts applied:  13
User cuts applied:  1084

Root node processing (before b&c):
  Real time             =    0.18 sec. (321.95 ticks)
Sequential b&c:
  Real time             =    1.39 sec. (2384.75 ticks)
                          ------------
Total (root+branch&cut) =    1.56 sec. (2706.70 ticks)

