Version identifier: 22.1.0.0 | 2022-03-09 | 1a383f8ce
CPXPARAM_Preprocessing_Reduce                    1
CPXPARAM_Threads                                 1
CPXPARAM_Preprocessing_Reformulations            0
CPXPARAM_TimeLimit                               10800
CPXPARAM_MIP_Tolerances_AbsMIPGap                0.999
CPXPARAM_MIP_Limits_TreeMemory                   20000
Legacy callback                                  BbLUID
         Disabling repeat represolve because of lazy constraint/incumbent callback.
Tried aggregator 1 time.
MIP Presolve eliminated 2557 rows and 0 columns.
MIP Presolve modified 234 coefficients.
Reduced MIP has 316 rows, 1230 columns, and 5041 nonzeros.
Reduced MIP has 1230 binaries, 0 generals, 0 SOSs, and 0 indicators.
Presolve time = 0.00 sec. (4.47 ticks)
Probing time = 0.00 sec. (2.43 ticks)
Clique table members: 316.
MIP emphasis: balance optimality and feasibility.
MIP search method: traditional branch-and-cut.
Parallel mode: none, using 1 thread.
Root relaxation solution time = 0.00 sec. (0.97 ticks)

        Nodes                                         Cuts/
   Node  Left     Objective  IInf  Best Integer    Best Bound    ItCnt     Gap         Variable B NodeID Parent  Depth

      0     0      316.0000    20                    241.0000       62         
      0     0      319.0000    40                     Cuts: 9       80         
      0     0      319.9250    73                     User: 3       89         
      0     0      320.5000    38                     Cuts: 6       99         
      0     0      324.3333    75                     User: 2      141         
      0     0      324.7778    94                     Cuts: 9      154         
      0     0      325.5000    56                     Cuts: 5      172         
      0     0      325.5000    44                 ZeroHalf: 5      175         
      0     0      325.5000    53                 ZeroHalf: 3      177         
      0     0      325.6667    84                     Cuts: 7      204         
      0     0      326.1429    84                 ZeroHalf: 3      215         
      0     0      326.1429    83                 ZeroHalf: 6      222         
      0     0      326.3333    56                     User: 1      223         
      0     0      326.3333    48                     User: 7      224         
      0     2      327.0000    71                    327.0000      224                                 0             0
Elapsed time = 0.24 sec. (407.87 ticks, tree = 0.01 MB, solutions = 0)
*     7     7      integral     0      352.0000      329.0000      526    6.53%
      9     8      350.3333    67      352.0000      329.0000      590    6.53%           x10_1 N      9      8      7
     31    24      338.7333    96      352.0000      329.0000     1804    6.53%          x10_40 N     31     28     13
*    50+   38                          348.0000      329.0000             5.46%
*    51    39      integral     0      346.0000      329.0000     2312    4.91%
*    53    39      integral     0      345.0000      329.0000     2340    4.64%
     70    45      330.6667    72      345.0000      329.2222     2699    4.57%          x10_36 D     70     69      4
*   100    21      integral     0      338.0000      329.2222     3039    2.60%
*   140+   12                          335.0000      332.0000             0.90%

Zero-half cuts applied:  8
User cuts applied:  562

Root node processing (before b&c):
  Real time             =    0.24 sec. (407.90 ticks)
Sequential b&c:
  Real time             =    0.56 sec. (969.55 ticks)
                          ------------
Total (root+branch&cut) =    0.80 sec. (1377.44 ticks)

