Version identifier: 22.1.0.0 | 2022-03-09 | 1a383f8ce
CPXPARAM_Preprocessing_Reduce                    1
CPXPARAM_Threads                                 1
CPXPARAM_Preprocessing_Reformulations            0
CPXPARAM_TimeLimit                               10800
CPXPARAM_MIP_Tolerances_AbsMIPGap                0.999
CPXPARAM_MIP_Limits_TreeMemory                   20000
Legacy callback                                  BbLUID
         Disabling repeat represolve because of lazy constraint/incumbent callback.
Tried aggregator 1 time.
MIP Presolve eliminated 2219 rows and 0 columns.
MIP Presolve modified 260 coefficients.
Reduced MIP has 342 rows, 1261 columns, and 5101 nonzeros.
Reduced MIP has 1261 binaries, 0 generals, 0 SOSs, and 0 indicators.
Presolve time = 0.00 sec. (4.17 ticks)
Probing time = 0.00 sec. (2.45 ticks)
Clique table members: 342.
MIP emphasis: balance optimality and feasibility.
MIP search method: traditional branch-and-cut.
Parallel mode: none, using 1 thread.
Root relaxation solution time = 0.00 sec. (1.04 ticks)

        Nodes                                         Cuts/
   Node  Left     Objective  IInf  Best Integer    Best Bound    ItCnt     Gap         Variable B NodeID Parent  Depth

      0     0      294.0000     8                    260.0000       60         
      0     0      297.0000    28                     Cuts: 6       75         
      0     0      298.6667    47                    Cuts: 12       99         
      0     0      299.0000    47                     Cuts: 7      107         
      0     0      299.0000    30                 ZeroHalf: 1      108         
      0     0      299.2500    60                     User: 3      117         
      0     0      299.7500    65                 ZeroHalf: 3      124         
*     0+    0                          306.0000      299.7500             2.04%
      0     2      299.7500    65      306.0000      299.7500      124    2.04%                        0             0
Elapsed time = 0.06 sec. (82.44 ticks, tree = 0.01 MB, solutions = 1)
*    13     4      integral     0      303.0000      300.5000      236    0.83%

Zero-half cuts applied:  3
Gomory fractional cuts applied:  1
User cuts applied:  167

Root node processing (before b&c):
  Real time             =    0.06 sec. (82.45 ticks)
Sequential b&c:
  Real time             =    0.02 sec. (33.77 ticks)
                          ------------
Total (root+branch&cut) =    0.08 sec. (116.22 ticks)

