Version identifier: 22.1.0.0 | 2022-03-09 | 1a383f8ce
CPXPARAM_Preprocessing_Reduce                    1
CPXPARAM_Threads                                 1
CPXPARAM_Preprocessing_Reformulations            0
CPXPARAM_TimeLimit                               10800
CPXPARAM_MIP_Tolerances_AbsMIPGap                0.999
CPXPARAM_MIP_Limits_TreeMemory                   20000
Legacy callback                                  BbLUID
         Disabling repeat represolve because of lazy constraint/incumbent callback.
Tried aggregator 2 times.
MIP Presolve eliminated 3823 rows and 0 columns.
MIP Presolve modified 363 coefficients.
Aggregator did 2 substitutions.
Reduced MIP has 483 rows, 1734 columns, and 7263 nonzeros.
Reduced MIP has 1734 binaries, 0 generals, 0 SOSs, and 0 indicators.
Presolve time = 0.00 sec. (7.46 ticks)
Probing time = 0.00 sec. (2.51 ticks)
Clique table members: 483.
MIP emphasis: balance optimality and feasibility.
MIP search method: traditional branch-and-cut.
Parallel mode: none, using 1 thread.
Root relaxation solution time = 0.00 sec. (1.27 ticks)

        Nodes                                         Cuts/
   Node  Left     Objective  IInf  Best Integer    Best Bound    ItCnt     Gap         Variable B NodeID Parent  Depth

      0     0      417.0000    50                    377.0000       39         
      0     0      422.0000    18                    Cuts: 51       62         
      0     0      427.5000    18                    Cuts: 20       85         
      0     0      435.0000    10                    Cuts: 19       97         
      0     0      437.0000    23                    Cuts: 19      112         
      0     0      439.0000    12                     Cuts: 9      118         
      0     2      447.6667    31                    448.0000      118                                 0             0
Elapsed time = 0.09 sec. (190.54 ticks, tree = 0.01 MB, solutions = 0)
      4     6      458.1000    66                    456.0000      294                   x13_24 U      4      3      3
     15    17      509.6000    52                    456.0000      492                    x4_57 U     15     14     12
     32    34      589.3333    60                    456.0000      775                     x7_4 U     32     31     24
     47    43      513.7778    64                    456.0000     1263                   x39_57 U     47     46      9
     62    58      533.0000    21                    456.0000     1356                     x0_3 D     62     59     19
     84    80      607.2500    15                    456.0000     1460                   x12_53 U     84     83     36
    101    93      473.3684    73                    458.2105     1832                   x59_19 U    101    100      8
    117   109      546.3333    17                    458.2105     2059                   x37_17 U    117    116     20
    132   124      565.5000    23                    458.2105     2317                   x22_57 D    132    131     30
    200   192      608.1429    66                    458.2105     3696                   x25_47 D    200    199     80
Elapsed time = 2.53 sec. (3452.96 ticks, tree = 1.11 MB, solutions = 0)
    260   252      634.5000    26                    458.2105     5058                   x21_31 D    260    258    127
    326   312      554.7500    36                    458.3684     5897                   x24_38 N    326    325     28
    370   352      473.3333    27                    458.7143     6706                   x21_59 D    370    369     10
    417   399      550.8333    40                    458.7143     7797                     x5_4 N    417    414     45
    464   444      666.5000    24                    458.7143     9036                   x55_12 N    464    461     81
    510   483      480.0000    37                    459.3889    10396                   x19_21 D    510    508     34
    559   524      495.2500    29                    459.5000    11460                   x21_15 N    559    557     16
    625   590      482.5513    53                    459.5000    12798                    x12_9 N    625    623     73
    677   642      481.6727    56                    459.5000    13855                     x2_5 N    677    676    119
    730   692      554.2750    40                    459.5000    14499                   x30_20 N    730    729    166
Elapsed time = 8.28 sec. (13236.26 ticks, tree = 4.31 MB, solutions = 0)
    787   742      466.5000    18                    459.7500    15361                   x52_46 U    787      0      1
    857   812      523.2500    76                    459.7500    16401                   x43_22 U    857    856     71
    950   905      634.9000    33                    459.7500    16977                    x5_42 N    950    949    164
    993   944      474.5000    14                    461.8000    17761                     x4_5 U    993    991     17
   1040   991      481.6429    31                    461.8000    18565                   x53_15 D   1040   1039     61
   1118  1069      489.6154    52                    461.8000    19413                   x32_29 D   1118   1116    132
   1182  1133      545.7500    38                    461.8000    20155                   x44_37 N   1182   1181    190
   1260  1207      492.3333    17                    461.9091    20855                   x14_21 D   1260   1259     60
   1341  1282      524.2500    12                    462.0000    21937                   x26_37 U   1341   1340     30
   1417  1358      546.0952    46                    462.0000    23132                   x53_32 D   1417   1416     94
Elapsed time = 14.12 sec. (23036.66 ticks, tree = 19.49 MB, solutions = 0)
   1476  1412      476.0000    20                    462.0000    24587                    x5_38 D   1476   1475     20
   1588  1524      530.5000    41                    462.0000    25731                   x15_39 D   1588   1587    132
   1656  1588      498.5000    29                    462.0000    26658                   x14_54 D   1656   1654     39
   1729  1661      550.6667    19                    462.0000    27406                    x53_7 U   1729   1727    102
   1796  1726      638.5000    36                    462.0000    28431                   x35_50 D   1796   1795    159
   1889  1811      487.5000    29                    462.0000    30064                   x51_30 U   1889   1888     95
   1984  1900      488.5000     8                    463.0000    31508                   x21_57 D   1984   1982     14
   2026  1942      582.0000    18                    463.0000    32587                   x19_53 N   2026   2023     42
   2081  1987      525.0000    21                    463.0000    34146                   x53_55 N   2081   2079     39
   2148  2052      523.3333    51                    463.0000    35424                   x51_30 D   2148   2146     94
Elapsed time = 20.24 sec. (32680.16 ticks, tree = 34.64 MB, solutions = 0)
   2215  2117      572.3333    51                    463.0000    36619                    x0_26 U   2215   2213    144
   2273  2167      488.0000    34                    463.2000    37942                   x39_59 D   2273   2272     29
   2313  2207      541.6667    24                    463.2000    38929                   x38_54 D   2313   2312     59
   2355  2247      581.0000    33                    463.2000    40204                   x49_32 U   2355   2354     94
   2415  2307      643.5455    61                    463.2000    41381                    x1_42 D   2415   2414    145
   2469  2353      479.6000    39                    463.4118    42750                   x15_57 D   2469   2468     13
   2534  2418      583.6000    45                    463.4118    43277                   x39_35 N   2534   2533     78
   2620  2498      499.5000     8                    463.5000    44409                   x59_41 U   2620   2618     25
   2666  2544      535.7500    15                    463.5000    44903                   x32_57 U   2666   2665     60
   2716  2594      549.5000    39                    463.5000    45753                   x24_12 U   2716   2714    104
Elapsed time = 26.00 sec. (42372.24 ticks, tree = 48.28 MB, solutions = 0)
   2799  2675      637.8333    39                    463.5000    46848                   x17_51 N   2799   2797    176
   2858  2728      511.0000    16                    463.5000    47515                   x53_55 N   2858   2857     58
   2919  2783      514.5000    18                    463.5000    48982                   x39_59 U   2919   2917     24
   2959  2823      542.2500    20                    463.5000    49753                   x22_53 D   2959   2957     53
   3004  2864      655.1000    44                    463.5000    50881                   x22_12 N   3004   3002     88
   3063  2915      505.0000    12                    464.0000    51763                    x50_8 U   3063   3062     47
   3131  2977      480.5000    43                    464.0000    53252                   x21_57 D   3131   3129     11
   3175  3021      512.0000    22                    464.0000    55288                   x19_41 N   3175   3173     47
   3229  3075      524.5833    48                    464.0000    56276                   x29_55 N   3229   3227     88
   3291  3137      542.0000    21                    464.0000    57323                   x35_31 U   3291   3289    143
Elapsed time = 32.20 sec. (52193.69 ticks, tree = 70.90 MB, solutions = 0)
   3310  3150      470.0000    20                    464.0000    57884                    x5_15 D   3310   3309     12
   3380  3220      488.7143    58                    464.0000    59229                    x17_5 D   3380   3379     82
   3483  3323      513.0000    32                    464.0000    59985                     x7_1 D   3483   3482    185
   3523  3354      476.1600    44                    464.1250    60784                   x29_37 N   3523   3522     11
   3580  3411      502.7500    28                    464.1250    61987                    x9_27 D   3580   3579     57
   3626  3457      522.0909    52                    464.1250    62866                   x13_15 D   3626   3624     92
   3670  3501      559.7500    16                    464.1250    63560                    x1_14 N   3670   3668    129
   3694  3514    infeasible                          464.1250    64037                   x31_55 N   3694   3693    146
   3736  3556      490.5000    57                    464.2500    65480                    x5_41 D   3736   3734     39
   3760  3580      506.0000    19                    464.2500    66958                   x39_29 D   3760   3758     58
Elapsed time = 38.01 sec. (61939.62 ticks, tree = 80.14 MB, solutions = 0)
   3810  3630      515.6000    23                    464.2500    67513                   x43_32 D   3810   3809    103
   3853  3673      593.3125    52                    464.2500    68404                    x11_5 N   3853   3851    136
   3888  3706      721.0000    32                    464.2500    69245                   x43_12 N   3888   3887    165
   3920  3732      509.5000    16                    464.6667    70165                    x5_37 N   3920   3919     28
   3955  3767      529.3500    26                    464.6667    70478                   x27_23 D   3955   3953     53
   3982  3794      580.2500    16                    464.6667    70720                   x43_49 U   3982   3980     76
   4002  3814      585.4545    37                    464.6667    71086                   x13_31 N   4002   4001     92
   4033  3845      665.5000     8                    464.6667    71340                    x0_23 U   4033   4031    119
   4092  3900      509.0000    46                    464.7500    72585                   x49_41 U   4092   4091     62
   4197  4005      564.2500    41                    464.7500    73377                   x17_47 U   4197   4196    167
Elapsed time = 43.32 sec. (71768.63 ticks, tree = 98.41 MB, solutions = 0)
   4233  4037      512.3333    15                    465.0000    74262                     x0_3 D   4233   4231     26
   4271  4075      532.5000    20                    465.0000    74579                     x5_7 N   4271   4269     56
   4328  4132      555.2222    27                    465.0000    75372                   x35_37 D   4328   4327    106
   4353  4151      479.0000    61                    465.0000    75731                   x21_57 U   4353   4352     12
   4425  4223      565.8000    48                    465.0000    76318                   x22_59 D   4425   4424     84
   4470  4262      515.5000    30                    465.0000    77249                   x57_14 U   4470   4468     25
   4512  4304      558.0000    10                    465.0000    77684                   x23_29 U   4512   4511     57
   4538  4330      623.5000    24                    465.0000    77999                    x12_9 U   4538   4536     76
   4561  4345      474.0000    12                    465.0000    78433                   x37_15 U   4561   4036      7
   4648  4432      520.4091    72                    465.0000    79718                   x39_54 D   4648   4647     94
Elapsed time = 49.30 sec. (81421.47 ticks, tree = 117.12 MB, solutions = 0)
   4709  4487      470.6667    20                    465.0000    80830                    x37_4 U   4709    981     10
   4726  4504      517.5000     8                    465.0000    82371                    x4_15 D   4726   4724     21
   4755  4533      515.0000    27                    465.0000    82992                   x14_51 U   4755   4754     44
   4783  4561      545.8333    40                    465.0000    83485                   x29_18 D   4783   4781     65
   4840  4618      568.4000    37                    465.0000    84290                   x31_10 D   4840   4839    113
   4888  4666      646.1429    55                    465.0000    84775                   x55_53 D   4888   4887    154
   4953  4727      520.0000    24                    465.4000    85695                    x17_5 D   4953   4952     57
   5065  4839      557.8125    57                    465.4000    86495                   x57_14 N   5065   5064    169
   5123  4893      468.0000    10                    465.5000    87706                   x59_54 U   5123   1802     10
   5237  5007      628.6667    60                    465.5000    90129                   x29_10 N   5237   5235     92
Elapsed time = 56.65 sec. (94110.14 ticks, tree = 135.15 MB, solutions = 0)
*  5285  1322      integral     0      499.0000      465.5000    91511    6.71%
   5336  1362      485.6667    70      499.0000      466.0000    93212    6.61%           x57_4 D   5336   5335     18
*  5370  1296      integral     0      496.0000      466.0000    94386    6.05%          x29_54 U   5370   5367     15
   5530  1429      494.0000    48      496.0000      466.0000    97824    6.05%          x22_37 N   5530   5529     28
   5650  1529      482.4000    67      496.0000      467.0000   101689    5.85%           x50_8 U   5650   5649     26
   5791  1648      489.3000    36      496.0000      467.3333   105065    5.78%          x37_59 D   5791   5790     14
   5905  1725        cutoff            496.0000      468.0000   108635    5.65%           x37_4 N   5905   5904     19
   6012  1806      483.0556    81      496.0000      468.1053   112768    5.62%           x15_5 D   6012   6011     29
   6129  1910      492.0000    14      496.0000      468.3333   116721    5.58%          x14_59 N   6129   6128     35
   6240  1997      491.6250    24      496.0000      468.5000   120524    5.54%          x15_41 D   6240   6239     34
   6379  2099      483.3750    35      496.0000      468.7500   124159    5.49%          x57_21 D   6379   6378     25
Elapsed time = 73.00 sec. (129770.52 ticks, tree = 54.59 MB, solutions = 2)
   6512  2198        cutoff            496.0000      469.0000   127251    5.44%          x54_21 N   6512   6511     30
   6686  2343      481.0000    11      496.0000      469.0000   130416    5.44%          x15_57 U   6686   3025     10
   6820  2452      484.8077    55      496.0000      469.2667   133741    5.39%           x19_5 D   6820   6819     20
   6942  2538      475.8824    66      496.0000      469.5000   137428    5.34%           x5_15 D   6942   6941     10
   7074  2638      489.0625    38      496.0000      469.6667   140470    5.31%           x54_5 D   7074   7073     17
   7214  2750      487.5000    22      496.0000      470.0000   144134    5.24%           x5_50 D   7214   7213     31
   7343  2848        cutoff            496.0000      470.0000   147357    5.24%           x57_5 U   7343   7341     28
   7470  2941      479.8889    66      496.0000      470.4167   151477    5.16%          x15_14 U   7470   1809     17
*  7562  2916      integral     0      495.0000      470.5000   153991    4.95%
   7597  2935      489.3077    69      495.0000      470.5000   155378    4.95%           x5_54 D   7597   7596     15
   7718  3017      486.7778    45      495.0000      470.6667   158404    4.92%          x59_54 U   7718   7716     12
Elapsed time = 89.91 sec. (168227.71 ticks, tree = 83.68 MB, solutions = 3)
   7849  3109      478.7500    19      495.0000      471.0000   161831    4.85%           x4_59 D   7849   7848     12
   7962  3182        cutoff            495.0000      471.0000   165336    4.85%          x49_10 N   7962   7961     19
   8052  3230      482.0000    10      495.0000      471.3333   169359    4.78%           x54_5 U   8052   8050     13
   8172  3315      492.0000    32      495.0000      471.5127   172733    4.74%          x15_22 N   8172   8171     32
   8307  3407      488.0714    47      495.0000      472.0000   175831    4.65%          x59_14 D   8307   8306     21
   8423  3476      483.7500    17      495.0000      472.0000   179642    4.65%           x4_19 D   8423   8422     15
   8531  3539        cutoff            495.0000      472.2000   184004    4.61%           x4_59 D   8531   8530     15
   8640  3595      485.3333    19      495.0000      472.6250   187612    4.52%           x8_38 U   8640   8639     23
   8744  3670      486.7500    20      495.0000      472.7143   191452    4.50%           x54_5 D   8744   8743     22
   8860  3735        cutoff            495.0000      473.0000   195157    4.44%          x14_54 U   8860   8858     28
Elapsed time = 106.63 sec. (206615.21 ticks, tree = 112.75 MB, solutions = 3)
   8971  3801        cutoff            495.0000      473.0000   199248    4.44%            x4_5 U   8971   8969     24
   9092  3873        cutoff            495.0000      473.0000   203257    4.44%          x15_21 U   9092   9090     19
   9192  3943      485.5000     8      495.0000      473.2500   207521    4.39%          x15_59 U   9192   6857     13
   9287  3994        cutoff            495.0000      473.5000   211274    4.34%          x21_59 D   9287   9286     21
*  9348  3490      integral     0      492.0000      473.5000   213273    3.76%
   9391  3507      478.3333    13      492.0000      473.6000   215374    3.74%          x15_37 U   9391    995     20
   9504  3564        cutoff            492.0000      474.0000   219500    3.66%           x57_5 U   9504   9502     16
   9616  3617        cutoff            492.0000      474.0000   223048    3.66%          x57_37 U   9616   9614     18
   9733  3685      489.0000    36      492.0000      474.0000   226823    3.66%           x4_19 N   9733   9732     18
   9838  3714      487.5000    16      492.0000      474.3333   230644    3.59%           x21_4 N   9838   9378     14
   9940  3749        cutoff            492.0000      474.5000   234796    3.56%          x57_54 U   9940   6527     23
Elapsed time = 124.02 sec. (245031.49 ticks, tree = 120.33 MB, solutions = 4)
  10040  3791      486.5000    16      492.0000      474.6667   238536    3.52%          x57_21 D  10040  10039     13
  10130  3827      485.6250    80      492.0000      474.8333   242892    3.49%           x21_5 D  10130  10129     17
  10240  3869      479.9459    85      492.0000      475.0000   246811    3.46%          x15_57 D  10240  10239     20
  10342  3904        cutoff            492.0000      475.0000   251011    3.46%           x5_59 U  10342  10339      8
  10460  3937      481.5000     8      492.0000      475.2500   254696    3.40%          x57_21 D  10460  10459      8
  10571  3983      482.0000    16      492.0000      475.4444   258274    3.36%          x21_57 D  10571   5364     12
  10677  4023        cutoff            492.0000      475.5000   262578    3.35%          x21_59 D  10677  10676     14
  10776  4055      488.8333    21      492.0000      475.6667   266806    3.32%           x59_4 U  10776  10775     14
  10888  4078        cutoff            492.0000      476.0000   270160    3.25%          x21_57 U  10888  10887     13
  10998  4111      487.0000    18      492.0000      476.0000   274050    3.25%           x59_4 U  10998  10997      7
Elapsed time = 141.13 sec. (283508.88 ticks, tree = 136.37 MB, solutions = 4)
  11100  4140      490.0000    43      492.0000      476.0000   277532    3.25%          x15_19 D  11100  11099     32
  11200  4155        cutoff            492.0000      476.2500   281773    3.20%           x37_5 U  11200  11199     15
  11316  4188        cutoff            492.0000      476.4590   285750    3.16%           x5_21 U  11316   9442     18
  11419  4212      480.0000    26      492.0000      476.5000   290196    3.15%            x5_4 D  11419  11418     18
  11518  4234        cutoff            492.0000      476.6667   293871    3.12%           x5_15 U  11518  11516     13
  11617  4256      490.1667    64      492.0000      476.9216   298319    3.06%          x54_59 U  11617   3524     13
  11723  4268        cutoff            492.0000      477.0000   301929    3.05%           x4_19 U  11723   9694     23
  11817  4267        cutoff            492.0000      477.2500   306120    3.00%          x57_21 U  11817  11815     13
  11919  4276        cutoff            492.0000      477.5000   310494    2.95%           x57_5 U  11919  11917     23
  12034  4308        cutoff            492.0000      477.5185   314453    2.94%          x54_59 U  12034   9065     16
Elapsed time = 159.40 sec. (322206.06 ticks, tree = 145.55 MB, solutions = 4)
  12135  4322      483.8929    49      492.0000      477.7500   319096    2.90%           x19_5 N  12135    617     68
  12245  4339        cutoff            492.0000      478.0000   323212    2.85%          x57_54 U  12245   2810     11
  12351  4365      481.9524    73      492.0000      478.0000   327646    2.85%           x21_5 D  12351  12350     21
  12454  4379      483.7143    16      492.0000      478.0667   332066    2.83%          x21_57 D  12454   7812      8
  12556  4393        cutoff            492.0000      478.3750   336239    2.77%          x57_21 U  12556   4351     11
  12656  4418      489.0000    44      492.0000      478.5000   340617    2.74%           x4_59 D  12656  12654     15
  12762  4423        cutoff            492.0000      478.5323   344488    2.74%          x21_57 D  12762  12760     13
  12871  4444      488.1818    80      492.0000      478.6667   348782    2.71%           x5_15 D  12871   8357     24
  12968  4449      487.5000    10      492.0000      478.9177   353076    2.66%          x21_57 D  12968  12967     23
  13077  4448      484.5000    20      492.0000      479.0000   357219    2.64%          x21_57 D  13077   5920     17
Elapsed time = 177.71 sec. (360552.28 ticks, tree = 151.97 MB, solutions = 4)
  13180  4459        cutoff            492.0000      479.0000   361202    2.64%           x59_5 D  13180  13179     26
  13266  4445        cutoff            492.0000      479.0650   365973    2.63%            x4_5 U  13266  13264     19
  13351  4432        cutoff            492.0000      479.2857   370664    2.58%           x54_5 U  13351  13349     19
  13446  4422      487.8889    74      492.0000      479.5000   375434    2.54%          x54_59 N  13446   6704     18
  13550  4431        cutoff            492.0000      479.5000   379927    2.54%           x5_21 U  13550   8269     20
  13652  4434      484.3333    55      492.0000      479.6818   384454    2.50%           x5_54 U  13652   7408     14
  13742  4434        cutoff            492.0000      479.9007   389080    2.46%            x3_5 U  13742    654    101
  13847  4429        cutoff            492.0000      480.0000   393454    2.44%           x4_21 U  13847   2256     15
  13939  4439        cutoff            492.0000      480.0000   397522    2.44%           x14_4 U  13939   4051     22
  14036  4426      487.1111    72      492.0000      480.2500   401758    2.39%           x4_59 U  14036   9263     13
Elapsed time = 196.59 sec. (398998.86 ticks, tree = 152.61 MB, solutions = 4)
  14112  4408        cutoff            492.0000      480.3750   405904    2.36%           x37_5 U  14112  14110     22
  14215  4403        cutoff            492.0000      480.5000   409904    2.34%            x4_5 U  14215  14213     14
  14310  4417        cutoff            492.0000      480.5000   414231    2.34%           x5_43 U  14310   1484     29
  14406  4409      484.7500    39      492.0000      480.6667   418362    2.30%            x5_4 D  14406   5945     22
  14502  4407      481.5000    16      492.0000      480.7500   422700    2.29%          x57_21 D  14502   3131     12
  14604  4395        cutoff            492.0000      481.0000   426713    2.24%            x7_5 U  14604   1977     11
  14705  4400      490.0000     8      492.0000      481.0000   430856    2.24%          x21_59 D  14705  14704     16
  14799  4379        cutoff            492.0000      481.0000   435073    2.24%          x57_21 U  14799  12542     14
  14892  4356        cutoff            492.0000      481.2500   439201    2.18%          x57_54 U  14892   5445     22
  14990  4354      487.0278   102      492.0000      481.3750   443270    2.16%           x5_15 D  14990  14989     20
Elapsed time = 215.48 sec. (437382.85 ticks, tree = 151.15 MB, solutions = 4)
  15080  4341        cutoff            492.0000      481.5000   447575    2.13%          x54_15 U  15080   9478     15
  15170  4310        cutoff            492.0000      481.5556   451830    2.12%          x14_37 U  15170   5447     24
  15260  4279        cutoff            492.0000      481.6897   456398    2.10%           x4_15 U  15260  15259     15
  15366  4266      486.8571    95      492.0000      481.8333   460114    2.07%           x59_4 N  15366  10156     20
  15476  4256      486.9444   103      492.0000      482.0000   464208    2.03%           x15_5 U  15476   6421     12
  15577  4237        cutoff            492.0000      482.0000   468409    2.03%          x15_59 U  15577  11042      6
  15671  4209        cutoff            492.0000      482.0000   472644    2.03%          x57_21 U  15671   9916      9
  15787  4202        cutoff            492.0000      482.2000   476540    1.99%          x37_19 D  15787  15786     26
  15892  4169        cutoff            492.0000      482.3333   480560    1.96%           x37_5 D  15892  15890     35
  15989  4144      488.5000    10      492.0000      482.5000   485106    1.93%           x5_59 N  15989  15987     22
Elapsed time = 233.98 sec. (475852.68 ticks, tree = 140.96 MB, solutions = 4)
  16091  4109        cutoff            492.0000      482.6000   488857    1.91%          x59_21 U  16091  16090     17
  16188  4103      487.3333    11      492.0000      482.7143   492946    1.89%          x15_59 U  16188  10925     15
  16292  4074      489.2500    30      492.0000      482.9286   496783    1.84%            x7_4 U  16292   7868     21
  16398  4049        cutoff            492.0000      483.0000   501017    1.83%          x21_57 U  16398  16397     15
  16500  4014        cutoff            492.0000      483.0000   504876    1.83%           x57_5 D  16500  16499     23
  16590  3972        cutoff            492.0000      483.0417   508639    1.82%          x15_39 U  16590   1635     25
  16696  3950        cutoff            492.0000      483.3077   512125    1.77%           x37_4 U  16696   5801     16
  16802  3941      485.5000     8      492.0000      483.4615   515654    1.74%           x5_37 U  16802  10404     16
  16899  3927        cutoff            492.0000      483.5000   518873    1.73%           x59_5 U  16899   8358     25
  17008  3933      490.0000    20      492.0000      483.5000   521913    1.73%          x22_59 N  17008   6350     26
Elapsed time = 252.25 sec. (514207.92 ticks, tree = 134.24 MB, solutions = 4)
  17095  3905      487.0000     8      492.0000      483.6146   526073    1.70%           x4_19 U  17095  10462     11
  17184  3865        cutoff            492.0000      483.7174   529955    1.68%          x37_15 D  17184  16198     76
  17271  3828        cutoff            492.0000      483.9000   533542    1.65%           x4_59 U  17271   8820     15
  17365  3789        cutoff            492.0000      484.0000   537058    1.63%           x21_5 D  17365  17364     26
  17465  3738        cutoff            492.0000      484.0000   540677    1.63%            x4_5 U  17465  17464     21
  17556  3687        cutoff            492.0000      484.0000   544750    1.63%           x57_5 U  17556  17554     23
  17638  3646        cutoff            492.0000      484.2500   549032    1.58%           x57_5 U  17638  17636     13
  17732  3611        cutoff            492.0000      484.3889   552625    1.55%           x5_21 U  17732  14261     23
  17826  3571        cutoff            492.0000      484.5000   556193    1.52%           x5_49 D  17826  17825     29
  17907  3523        cutoff            492.0000      484.5000   559922    1.52%          x49_54 U  17907   7164     13
Elapsed time = 270.85 sec. (552619.74 ticks, tree = 122.87 MB, solutions = 4)
  18000  3489      485.0238    48      492.0000      484.6667   563226    1.49%           x55_3 N  18000    659    104
  18100  3443      485.0000    10      492.0000      484.8333   566699    1.46%          x15_57 N  18100  10394     11
  18206  3383        cutoff            492.0000      485.0000   570103    1.42%           x57_4 D  18206  12910     19
  18308  3347        cutoff            492.0000      485.0000   573695    1.42%          x15_59 U  18308   5521     20
  18397  3284        cutoff            492.0000      485.0000   577679    1.42%           x37_4 U  18397   5558     12
  18486  3220        cutoff            492.0000      485.3333   581498    1.36%           x21_5 U  18486  10050     17
  18591  3195      487.3333    21      492.0000      485.4706   584462    1.33%           x5_54 N  18591   8516     16
* 18656  2233      integral     0      490.0000      485.5000   586882    0.92%          x21_41 D  18656  18655     46
  18765  2157        cutoff            490.0000      485.6667   589382    0.88%          x21_57 D  18765   5337     20
  18871  2063        cutoff            490.0000      485.8571   592434    0.85%           x21_4 U  18871  12248     14
Elapsed time = 288.20 sec. (589917.43 ticks, tree = 72.29 MB, solutions = 5)
  18991  1976        cutoff            490.0000      486.0000   594948    0.82%           x37_5 D  18991  18990     28
  19133  1897        cutoff            490.0000      486.0000   597269    0.82%           x4_59 U  19133  12298     17
  19252  1810        cutoff            490.0000      486.2000   599901    0.78%          x15_57 U  19252  11030     22
  19376  1760        cutoff            490.0000      486.3333   602157    0.75%          x39_53 U  19376   3344     47
* 19407  1123      integral     0      489.0000      486.4000   602996    0.53%
  19501  1040        cutoff            489.0000      486.5000   604452    0.51%          x41_59 U  19501   5975     26
* 19507+  415                          488.0000      486.5000             0.31%
  19642   283        cutoff            488.0000      486.7826   605306    0.25%          x21_57 D  19642   5590     17
  19801   126        cutoff            488.0000      487.0000   606055    0.20%            x4_5 U  19801  11691     13

Cover cuts applied:  1
Zero-half cuts applied:  8
Gomory fractional cuts applied:  2
User cuts applied:  9239

Root node processing (before b&c):
  Real time             =    0.10 sec. (190.62 ticks)
Sequential b&c:
  Real time             =  299.66 sec. (619681.53 ticks)
                          ------------
Total (root+branch&cut) =  299.76 sec. (619872.15 ticks)

