Version identifier: 22.1.0.0 | 2022-03-09 | 1a383f8ce
CPXPARAM_Preprocessing_Reduce                    1
CPXPARAM_Threads                                 1
CPXPARAM_Preprocessing_Reformulations            0
CPXPARAM_TimeLimit                               10800
CPXPARAM_MIP_Tolerances_AbsMIPGap                0.999
CPXPARAM_MIP_Limits_TreeMemory                   20000
Legacy callback                                  BbLUID
         Disabling repeat represolve because of lazy constraint/incumbent callback.
Tried aggregator 1 time.
MIP Presolve eliminated 2859 rows and 0 columns.
MIP Presolve modified 292 coefficients.
Reduced MIP has 414 rows, 1619 columns, and 6467 nonzeros.
Reduced MIP has 1619 binaries, 0 generals, 0 SOSs, and 0 indicators.
Presolve time = 0.00 sec. (5.43 ticks)
Probing time = 0.00 sec. (2.45 ticks)
Clique table members: 414.
MIP emphasis: balance optimality and feasibility.
MIP search method: traditional branch-and-cut.
Parallel mode: none, using 1 thread.
Root relaxation solution time = 0.00 sec. (1.69 ticks)

        Nodes                                         Cuts/
   Node  Left     Objective  IInf  Best Integer    Best Bound    ItCnt     Gap         Variable B NodeID Parent  Depth

      0     0      499.2500    34                    459.0000       91         
      0     0      527.0000    26                    Cuts: 28      101         
      0     0      529.2500    35                    Cuts: 13      119         
      0     0      530.3333    32                     Cuts: 8      128         
      0     0      530.5000    10                    Cuts: 10      132         
      0     0      535.5000    12                     Cuts: 9      135         
*     0+    0                          550.0000      535.5000             2.64%
      0     2      546.5000    12      550.0000      547.0000      135    0.55%                        0             0
Elapsed time = 0.06 sec. (86.53 ticks, tree = 0.01 MB, solutions = 1)
*     2     1      integral     0      547.0000      547.0000      145    0.00%

Clique cuts applied:  1
Zero-half cuts applied:  12
Gomory fractional cuts applied:  5
User cuts applied:  168

Root node processing (before b&c):
  Real time             =    0.06 sec. (86.47 ticks)
Sequential b&c:
  Real time             =    0.00 sec. (2.04 ticks)
                          ------------
Total (root+branch&cut) =    0.06 sec. (88.51 ticks)

