Version identifier: 22.1.0.0 | 2022-03-09 | 1a383f8ce
CPXPARAM_Preprocessing_Reduce                    1
CPXPARAM_Threads                                 1
CPXPARAM_Preprocessing_Reformulations            0
CPXPARAM_TimeLimit                               10800
CPXPARAM_MIP_Tolerances_AbsMIPGap                0.999
CPXPARAM_MIP_Limits_TreeMemory                   20000
Legacy callback                                  BbLUID
         Disabling repeat represolve because of lazy constraint/incumbent callback.
Tried aggregator 1 time.
MIP Presolve eliminated 5319 rows and 0 columns.
MIP Presolve modified 411 coefficients.
Reduced MIP has 533 rows, 2193 columns, and 9422 nonzeros.
Reduced MIP has 2193 binaries, 0 generals, 0 SOSs, and 0 indicators.
Presolve time = 0.01 sec. (9.10 ticks)
Probing time = 0.00 sec. (2.69 ticks)
Clique table members: 533.
MIP emphasis: balance optimality and feasibility.
MIP search method: traditional branch-and-cut.
Parallel mode: none, using 1 thread.
Root relaxation solution time = 0.00 sec. (1.69 ticks)

        Nodes                                         Cuts/
   Node  Left     Objective  IInf  Best Integer    Best Bound    ItCnt     Gap         Variable B NodeID Parent  Depth

      0     0      354.0000    55                    314.0000       78         
      0     0      366.0000    18                    Cuts: 42      111         
      0     0      373.5000    63                    Cuts: 22      145         
      0     0      375.1000   119                    Cuts: 18      189         
      0     0      375.3750    76                    Cuts: 15      211         
      0     0      375.5000    84                    Cuts: 14      222         
      0     0      375.5000    86                     User: 6      227         
      0     0      376.2222   101                     User: 5      252         
      0     0      376.2857   100                    Cuts: 13      259         
      0     0      377.2308    87                    Cuts: 13      299         
      0     0      379.0000    72                     User: 8      324         
      0     0      379.4000    67                    Cuts: 13      340         
      0     0      379.4286   100                     Cuts: 9      348         
      0     0      379.5714    92                     User: 9      358         
      0     0      379.5714    95                     User: 8      362         
      0     0      380.6154   105                     User: 4      390         
      0     0      380.9000   106                     User: 6      400         
      0     0      380.9000   106                    User: 12      402         
      0     0      380.9000   125                     User: 2      404         
      0     0      381.0000   114                     User: 4      427         
      0     0      381.0000   111                     User: 8      435         
      0     0      381.0000    85                     User: 4      435         
      0     0      382.2778    97                     User: 3      489         
      0     0      382.3636   131                     User: 2      508         
      0     0      382.6216   150                     User: 6      511         
      0     0      382.9162   134                     User: 5      533         
      0     0      382.9277   129                     User: 3      541         
      0     0      383.1200   132                     User: 2      556         
      0     0      383.1409   133                     User: 1      560         
      0     2      383.4118   152                    383.9091      560                                 0             0
Elapsed time = 0.47 sec. (1083.92 ticks, tree = 0.01 MB, solutions = 0)
      1     3      386.8259   152                    386.8571      737                   x15_25 N      1      0      1
      3     5      387.8247   134                    386.9231     1249                   x25_15 N      3      1      2
      7     9      416.8333   120                    387.8750     1833                   x40_24 N      7      5      4
     10    12      395.7105   130                    387.8750     2292                    x6_25 U     10      8      6
     20    22      407.3333    44                    387.8750     3312                   x28_36 N     20     19     13
     33    35      429.7500    35                    387.8750     4194                   x10_22 N     33     30     22
     44    46      448.0000    54                    387.8750     4492                    x34_2 N     44     43     30
     54    56      528.2000    29                    387.8750     4740                   x13_43 D     54     53     38
     65    67      537.0000    62                    387.8750     4958                   x16_29 N     65     64     47
    128   130      592.7000    61                    387.8750     6275                   x13_28 N    128    126     98
Elapsed time = 2.11 sec. (4468.39 ticks, tree = 1.52 MB, solutions = 0)
    184   186      605.7500    44                    387.8750     7474                   x26_24 D    184    183    141
    221   216      420.3506   122                    388.3077     9256                   x40_29 N    221    218     21
    278   273      431.4444    27                    388.3077    10713                   x49_40 N    278    277     62
    312   307      464.0000    49                    388.3077    11753                    x50_6 N    312    310     89
*   332   177      integral     0      487.0000      388.3077    12003   20.27%
    376   207      405.7500   100      487.0000      389.4672    12588   20.03%          x40_46 D    376    375     22
    452   283      420.8333    29      487.0000      392.0813    14071   19.49%           x51_4 D    452    451     53
    502   333      466.7500    42      487.0000      392.0813    14516   19.49%          x26_18 N    502    501    103
    549   368      479.6923    60      487.0000      392.0813    14794   19.49%          x55_46 N    549    548    150
    604   417      445.2500    60      487.0000      392.2000    16000   19.47%           x29_3 N    604    603     49
    658   465      405.6524   117      487.0000      394.8155    17017   18.93%          x39_15 N    658    657      3
Elapsed time = 7.51 sec. (14188.43 ticks, tree = 4.29 MB, solutions = 1)
    679   486      410.3333    74      487.0000      394.8155    18920   18.93%          x13_32 D    679    678     20
    705   512      467.8333    33      487.0000      394.8155    19859   18.93%          x50_38 N    705    704     37
    741   541      478.8824    81      487.0000      394.8155    21579   18.93%           x4_58 N    741    740     65
    800   590      414.0000   103      487.0000      394.9487    23128   18.90%          x39_25 D    800    799     34
    887   677      451.5000    47      487.0000      394.9487    24219   18.90%          x22_42 N    887    886    121
    934   723      472.3333    60      487.0000      394.9487    24691   18.90%           x10_5 N    934    933    168
    990   765      407.7500    46      487.0000      395.0000    25676   18.89%          x13_32 D    990    989     14
   1060   835      458.5000    20      487.0000      395.0000    26706   18.89%          x27_43 N   1060   1059     84
   1120   890      420.1111    70      487.0000      395.3333    27842   18.82%           x2_44 D   1120   1119     41
   1197   967      443.4048    73      487.0000      395.3333    28424   18.82%           x9_55 D   1197   1196    118
Elapsed time = 13.38 sec. (23932.29 ticks, tree = 9.90 MB, solutions = 1)
   1243  1008      478.1429    63      487.0000      395.3333    28665   18.82%          x40_42 D   1243   1242    164
   1320  1075      442.7500    43      487.0000      395.4545    29928   18.80%          x42_26 D   1320   1319     66
   1383  1133      420.6500    72      487.0000      395.4545    31152   18.80%          x28_32 D   1383   1382     13
   1428  1176      434.0000    61      487.0000      395.4545    32682   18.80%          x13_31 N   1428   1425     47
   1473  1218      483.0000    36      487.0000      395.4545    33482   18.80%           x2_24 N   1473   1472     81
   1550  1289      449.4722    59      487.0000      395.9091    34830   18.70%           x44_7 D   1550   1549     77
   1595  1334      474.6667    83      487.0000      395.9091    35736   18.70%           x7_54 U   1595   1594    122
   1676  1409      428.6111    56      487.0000      396.0000    37322   18.69%          x53_20 D   1676   1675     65
   1750  1483      458.6667    90      487.0000      396.0000    38430   18.69%          x34_37 N   1750   1749    139
   1818  1544      479.5000    50      487.0000      396.0000    38781   18.69%           x1_42 D   1818   1817    207
Elapsed time = 19.37 sec. (33626.18 ticks, tree = 27.56 MB, solutions = 1)
   1892  1615      456.6429    49      487.0000      396.0000    40094   18.69%          x46_13 D   1892   1891     75
   1960  1679      470.6667    56      487.0000      396.0000    40605   18.69%          x38_44 N   1960   1959    142
   2017  1721      402.7222    68      487.0000      396.0000    41332   18.69%           x2_32 D   2017   2016     13
   2109  1813      452.3333    46      487.0000      396.0000    42719   18.69%          x55_22 D   2109   2108    105
   2164  1859      418.4111    70      487.0000      396.5714    43978   18.57%          x46_40 N   2164   2162     10
   2207  1902      447.5000    18      487.0000      396.5714    45183   18.57%          x36_28 D   2207   2205     40
   2250  1935      414.6429    47      487.0000      396.8966    46135   18.50%          x47_49 U   2250   2249     14
   2352  2037      441.1333    74      487.0000      396.8966    47037   18.50%           x23_4 N   2352   2351    116
   2441  2125      453.0833    51      487.0000      396.8966    47488   18.50%          x23_57 D   2441   2440    205
   2520  2196      414.0740   120      487.0000      397.0000    48574   18.48%          x10_32 D   2520   2519     27
Elapsed time = 25.61 sec. (43365.11 ticks, tree = 41.25 MB, solutions = 1)
   2614  2290      459.0000    41      487.0000      397.0000    49792   18.48%           x5_58 D   2614   2613    121
   2664  2328      402.5000    32      487.0000      397.1429    50283   18.45%           x1_40 U   2664    205     10
*  2711   994      integral     0      436.0000      397.1429    51339    8.91%
   2728  1007      417.3438    73      436.0000      397.1429    52184    8.91%          x44_46 N   2728   2727     18
   2771  1046      422.9167    65      436.0000      397.2931    53746    8.88%           x53_2 N   2771   2770     24
   2821  1088      420.6667    73      436.0000      397.4000    55011    8.85%          x53_46 N   2821   2820     34
   2882  1145      427.0000    46      436.0000      397.5000    56361    8.83%          x46_53 N   2882   2881     50
   2941  1199      420.4375    70      436.0000      397.5455    57626    8.82%          x45_44 N   2941   2940     33
   3001  1253      433.9890    64      436.0000      397.5556    58575    8.82%          x24_56 U   3001   3000     36
   3035  1283      422.0000    35      436.0000      397.6310    59936    8.80%          x33_47 U   3035   3034     29
   3082  1320      413.8929    68      436.0000      398.0000    61370    8.72%          x46_38 N   3082   3081     32
Elapsed time = 31.36 sec. (53063.44 ticks, tree = 28.63 MB, solutions = 2)
   3153  1391      431.1429    83      436.0000      398.0000    62511    8.72%          x45_17 N   3153   3152    103
   3212  1446      431.4000    42      436.0000      398.0000    63900    8.72%           x44_2 D   3212   3211     60
   3269  1499      425.0000    23      436.0000      398.3200    65582    8.64%          x29_24 U   3269   3268     51
   3319  1540      418.4000    59      436.0000      398.5122    66863    8.60%          x41_42 D   3319   3318     16
   3375  1588      419.1333    43      436.0000      398.5122    68337    8.60%          x46_10 N   3375   3374     33
   3415  1620      407.3636    77      436.0000      398.6000    69774    8.58%          x46_42 D   3415   3414     23
   3480  1685      427.9167    61      436.0000      398.6000    70833    8.58%          x17_57 D   3480   3479     88
   3531  1732      420.0000    33      436.0000      398.6000    72114    8.58%           x9_44 D   3531   3530     51
   3574  1767      418.5000    60      436.0000      398.6000    73442    8.58%          x13_14 D   3574   3573     18
   3607  1790      405.0000    98      436.0000      398.6190    74983    8.57%          x32_57 D   3607   3606     11
Elapsed time = 36.46 sec. (62731.22 ticks, tree = 37.41 MB, solutions = 2)
   3665  1844      415.9417    87      436.0000      398.9167    76305    8.51%            x2_6 D   3665   3664     10
   3715  1890      421.2500    46      436.0000      399.0000    77575    8.49%          x57_44 D   3715   3714     34
   3764  1935      417.6000   103      436.0000      399.0000    78885    8.49%          x49_40 D   3764   3763     33
   3808  1973      407.3667    82      436.0000      399.0000    80273    8.49%            x2_6 D   3808   3806     12
   3834  1999      419.1742    99      436.0000      399.0000    82262    8.49%          x46_45 U   3834   3832     29
   3887  2048      432.5000    30      436.0000      399.0000    83591    8.49%          x10_52 D   3887   3885     72
   3939  2089      409.5000    59      436.0000      399.0556    85060    8.47%          x47_49 U   3939   3938     19
   3995  2141        cutoff            436.0000      399.0556    86281    8.47%           x56_7 N   3995   3993     74
   4054  2200      430.0000    45      436.0000      399.1429    87324    8.45%           x46_5 N   4054   4053     66
   4100  2242      422.4444    29      436.0000      399.2439    88445    8.43%           x9_46 D   4100   4099     38
Elapsed time = 41.68 sec. (72425.45 ticks, tree = 54.32 MB, solutions = 2)
   4150  2286      415.6782   114      436.0000      399.2500    89723    8.43%           x57_6 D   4150   4149     13
*  4191  2188      integral     0      434.0000      399.2500    90550    8.01%
   4193  2189      406.6190   104      434.0000      399.3200    90728    7.99%          x47_49 U   4193   4192      8
   4248  2240      415.5000    42      434.0000      399.3750    91736    7.98%          x45_44 D   4248   4247     33
   4310  2297      419.1667    57      434.0000      399.4231    92985    7.97%          x44_46 D   4310   4309     19
   4370  2353      417.7500    44      434.0000      399.5000    94123    7.95%          x46_33 D   4370   4369     47
   4430  2411      430.1667    41      434.0000      399.5000    94581    7.95%          x34_37 U   4430   4429    107
   4459  2434      427.2500    30      434.0000      399.5000    96536    7.95%           x9_44 D   4459   4457     27
   4511  2481      428.1667    97      434.0000      399.5000    97648    7.95%          x46_56 D   4511   4510     56
   4570  2536      429.8571    55      434.0000      399.5000    98883    7.95%          x18_44 D   4570   4569     59
   4620  2582      430.6667    37      434.0000      399.5000   100129    7.95%           x53_2 N   4620   4619     51
Elapsed time = 46.62 sec. (82145.53 ticks, tree = 66.44 MB, solutions = 3)
   4684  2643      427.6078    83      434.0000      399.5000   101179    7.95%          x46_50 D   4684   4683     70
   4738  2685        cutoff            434.0000      399.5357   102273    7.94%          x10_57 D   4738   4736     28
   4781  2726      427.1000   105      434.0000      399.5385   103672    7.94%          x46_32 D   4781   4780     50
   4814  2756      420.4615    44      434.0000      399.5385   104272    7.94%           x57_6 D   4814   4813     29
   4872  2808      417.0000    50      434.0000      399.6667   105153    7.91%           x46_2 D   4872   4871     36
   4938  2870      424.0000    62      434.0000      399.6818   106310    7.91%          x46_10 D   4938   4937     32
   4983  2905        cutoff            434.0000      399.7015   107371    7.90%          x57_32 U   4983   4981     23
   5029  2940      426.6667    50      434.0000      399.7917   108860    7.88%           x46_2 D   5029   5028     24
   5097  3000      403.9000    45      434.0000      399.9896   109799    7.84%           x57_6 N   5097   3056      7
   5290  3168      406.6333    46      434.0000      400.0667   113517    7.82%           x10_9 D   5290   5289     13
Elapsed time = 52.97 sec. (94774.50 ticks, tree = 83.55 MB, solutions = 3)
   5504  3360      431.7500    82      434.0000      400.1333   118226    7.80%          x46_31 D   5504   5503     82
   5675  3511      401.7955    69      434.0000      400.3333   123009    7.76%          x47_49 U   5675   5674     14
   5913  3737      412.3056   122      434.0000      400.5000   127016    7.72%           x34_6 D   5913   5912     43
   6091  3892      419.7143    49      434.0000      400.5703   132503    7.70%           x9_44 D   6091   6090     49
   6293  4068      425.5225    99      434.0000      400.6667   136820    7.68%          x10_22 D   6293   6292     60
   6483  4239      430.6000    85      434.0000      400.7500   140997    7.66%          x46_24 N   6483   6482     36
   6695  4427      405.6667    56      434.0000      400.8667   145741    7.63%          x45_22 D   6695   6694     13
*  6726  3600      integral     0      429.0000      400.8667   147776    6.56%
   6868  3717      416.3846    78      429.0000      400.9375   150993    6.54%           x32_6 D   6868   6866     23
   7052  3869      426.3333    52      429.0000      401.0000   155685    6.53%          x13_14 U   7052   7049     21
   7235  4028      425.1290    92      429.0000      401.0417   160301    6.52%          x49_10 N   7235   7234     51
Elapsed time = 72.28 sec. (133151.00 ticks, tree = 115.37 MB, solutions = 4)
   7412  4175      406.1667    63      429.0000      401.1458   164790    6.49%          x53_46 U   7412   7409     14
   7621  4360      406.8039   100      429.0000      401.1667   168657    6.49%          x45_22 D   7621   7620     17
   7801  4512      426.9583    73      429.0000      401.2500   173668    6.47%          x46_52 D   7801   7800     73
   8001  4691      413.1053    84      429.0000      401.2778   177793    6.46%           x40_1 D   8001   8000     32
   8182  4842      403.7000    68      429.0000      401.5000   183066    6.41%          x57_42 U   8182   2015     12
   8400  5035      422.5000    61      429.0000      401.5000   187375    6.41%           x40_2 D   8400   8399     72
   8581  5183      413.5000    48      429.0000      401.5714   192239    6.39%          x47_53 U   8581   8580     23
   8778  5357      423.8750    99      429.0000      401.6667   196567    6.37%           x32_6 D   8778   8777     46
   8936  5482      418.8056   113      429.0000      401.7209   200986    6.36%          x24_40 D   8936   8935     30
*  9038  4169      integral     0      424.0000      401.7667   202801    5.24%
*  9039  3909      integral     0      423.0000      401.7667   202806    5.02%
   9120  3965      420.6250    89      423.0000      401.8333   205420    5.00%          x45_22 D   9120   9118     19
Elapsed time = 90.99 sec. (171472.31 ticks, tree = 132.02 MB, solutions = 6)
*  9200+ 3772                          422.0000      401.9000             4.76%
   9338  3888      414.7755    98      422.0000      401.9767   209448    4.74%           x46_2 D   9338   9337     38
   9504  4010      416.0088   104      422.0000      402.0000   214906    4.74%          x53_57 D   9504   9502     33
   9670  4140      414.5000    32      422.0000      402.1667   219459    4.70%          x46_10 U   9670   9668     19
*  9828  3701      integral     0      420.0000      402.3333   224135    4.21%
   9841  3704      406.4896    86      420.0000      402.3333   224454    4.21%          x49_10 D   9841   9840     16
  10038  3856      410.6026    67      420.0000      402.5556   229029    4.15%          x10_44 D  10038  10037     26
  10220  3996      408.1667    61      420.0000      402.7049   233383    4.12%          x49_53 U  10220   7617     14
  10378  4102        cutoff            420.0000      402.7667   238673    4.10%          x49_53 D  10378  10377     14
  10557  4233      412.1111    34      420.0000      402.9259   243045    4.07%           x46_2 D  10557  10556     21
  10746  4364      417.0000    26      420.0000      403.0000   247513    4.05%          x44_46 D  10746  10745     22
  10927  4495      413.0000    45      420.0000      403.0606   252562    4.03%           x57_2 D  10927  10926     19
Elapsed time = 108.50 sec. (209719.38 ticks, tree = 155.96 MB, solutions = 8)
  11104  4613      416.0000    30      420.0000      403.2500   257541    3.99%          x49_53 U  11104  11103     22
* 11225  2811      integral     0      415.0000      403.3000   261445    2.82%          x48_52 D  11225  11224     20
  11372  2878      407.7500    43      415.0000      403.5000   267213    2.77%          x49_53 D  11372   5258     13
  11532  2938      411.8519    93      415.0000      403.7143   272290    2.72%           x10_9 D  11532  11531     29
  11677  2992        cutoff            415.0000      403.8750   277171    2.68%           x40_1 U  11677  11676     25
  11843  3063      410.3889   115      415.0000      404.0000   282379    2.65%          x49_53 N  11843   9809     10
  12011  3129        cutoff            415.0000      404.2083   287825    2.60%          x46_33 U  12011   3368     27
  12172  3217      411.0769   121      415.0000      404.3667   293023    2.56%          x44_46 D  12172  12171     26
  12332  3267        cutoff            415.0000      404.5534   298630    2.52%          x53_46 U  12332  12330     21
  12491  3351      409.3090    82      415.0000      404.6667   303732    2.49%          x49_46 D  12491  12490     14
Elapsed time = 125.70 sec. (247703.87 ticks, tree = 111.71 MB, solutions = 9)
  12642  3411      413.2500    68      415.0000      404.7500   308795    2.47%          x53_46 D  12642  12641     16
  12799  3472      411.0769   120      415.0000      404.9677   314066    2.42%          x46_45 U  12799  12798     22
  12943  3501      409.8333    40      415.0000      405.0000   319323    2.41%          x46_45 D  12943  12942     17
  13106  3583      409.9167    63      415.0000      405.1667   324496    2.37%          x53_46 U  13106   5052     14
  13251  3637      409.2500    70      415.0000      405.3000   330017    2.34%          x47_49 D  13251  12117     14
  13403  3700      412.6111   102      415.0000      405.4000   335832    2.31%          x47_40 U  13403  12208     16
  13565  3755      408.1875    80      415.0000      405.5000   340973    2.29%          x47_49 U  13565  13564     11
  13730  3810      411.1000    89      415.0000      405.6429   346264    2.25%          x49_46 D  13730  13729     20
  13878  3857      413.6667    37      415.0000      405.7667   352062    2.22%          x49_44 D  13878  13877     19
  14014  3882      410.0079   125      415.0000      405.9412   357629    2.18%          x13_14 D  14014  14013     10
Elapsed time = 142.68 sec. (286030.77 ticks, tree = 123.99 MB, solutions = 9)
  14136  3929      414.0000    79      415.0000      406.0000   362766    2.17%          x40_29 N  14136  14135     13
  14290  3976      410.1538    83      415.0000      406.0000   367905    2.17%          x47_49 U  14290  14289     15
  14436  4017      408.8333    47      415.0000      406.1667   373650    2.13%          x45_46 U  14436   6379     14
  14586  4043        cutoff            415.0000      406.2766   379164    2.10%          x57_32 U  14586  14584     25
  14742  4095      413.3000    83      415.0000      406.3542   384520    2.08%          x45_44 N  14742  14741     28
  14905  4132      413.1000    63      415.0000      406.5000   389510    2.05%          x49_44 U  14905  12109     21
  15073  4170      412.5500    44      415.0000      406.5677   395267    2.03%          x49_46 U  15073  11333     15
  15239  4219      410.2961   112      415.0000      406.7250   400210    1.99%          x57_46 D  15239  15238     24
  15408  4249        cutoff            415.0000      406.8750   405712    1.96%          x53_46 D  15408  15406     15
  15576  4288      412.1429    55      415.0000      407.0000   411039    1.93%           x2_32 D  15576  15575     28
Elapsed time = 159.65 sec. (324407.81 ticks, tree = 135.69 MB, solutions = 9)
  15738  4329        cutoff            415.0000      407.0000   415886    1.93%          x53_47 D  15738  15737     33
  15911  4374      410.3333    40      415.0000      407.1500   421554    1.89%          x46_10 U  15911   8120     17
  16062  4402      413.8824    58      415.0000      407.2317   427036    1.87%          x27_52 U  16062   3609     14
  16214  4424        cutoff            415.0000      407.3333   432578    1.85%          x49_46 U  16214  13436     19
  16359  4411      409.5000    26      415.0000      407.5000   438083    1.81%          x46_10 U  16359   8215     15
  16524  4434        cutoff            415.0000      407.5878   442993    1.79%          x49_40 U  16524  16522     18
  16676  4449        cutoff            415.0000      407.7143   448235    1.76%          x49_47 U  16676  16675     18
  16838  4472        cutoff            415.0000      407.8000   453309    1.73%          x53_46 D  16838  16836     21
  16995  4482        cutoff            415.0000      407.9912   458769    1.69%          x57_46 U  16995  16993     18
  17143  4489      411.0000    18      415.0000      408.0000   464288    1.69%          x53_46 D  17143  12147     17
Elapsed time = 177.08 sec. (362681.18 ticks, tree = 142.12 MB, solutions = 9)
  17313  4506        cutoff            415.0000      408.0789   469715    1.67%          x57_32 U  17313  17311     19
  17469  4533      412.8889   101      415.0000      408.1667   475396    1.65%           x9_53 U  17469    664      9
  17625  4540        cutoff            415.0000      408.3056   480764    1.61%          x49_10 U  17625  10328     23
  17789  4568        cutoff            415.0000      408.3750   486270    1.60%          x53_57 U  17789  17787     33
  17937  4582        cutoff            415.0000      408.5000   491682    1.57%          x45_46 D  17937  17936     22
  18075  4560        cutoff            415.0000      408.5135   497189    1.56%          x46_10 D  18075  18073     19
  18255  4582      410.0000    32      415.0000      408.6667   501909    1.53%          x44_46 U  18255  11112     17
  18395  4574        cutoff            415.0000      408.7500   507577    1.51%          x47_46 U  18395   2854     23
  18550  4580      413.5000    25      415.0000      408.8806   512314    1.47%           x2_46 N  18550  18548     24
  18676  4572      413.8182    80      415.0000      409.0000   516943    1.45%          x49_47 N  18676  13745     21
Elapsed time = 194.45 sec. (401047.66 ticks, tree = 140.99 MB, solutions = 9)
  18805  4554      412.0000    42      415.0000      409.0000   521260    1.45%          x46_10 N  18805   9923     13
  18936  4566        cutoff            415.0000      409.0000   525561    1.45%          x47_40 U  18936  11215     11
  19075  4564      414.0000    46      415.0000      409.1667   530459    1.41%          x42_53 N  19075  19074     31
  19224  4553        cutoff            415.0000      409.2500   535132    1.39%          x27_52 U  19224   4915     10
  19369  4537        cutoff            415.0000      409.3636   540752    1.36%          x47_53 U  19369  19368     24
  19519  4533      413.5000    44      415.0000      409.4837   545149    1.33%          x44_46 D  19519  19518     26
  19660  4493        cutoff            415.0000      409.5000   550234    1.33%          x49_44 U  19660  19658     19
  19807  4485        cutoff            415.0000      409.5924   554672    1.30%          x13_14 U  19807  11528     26
* 19820  3670      integral     0      414.0000      409.6000   555065    1.06%
  19961  3627        cutoff            414.0000      409.6875   559461    1.04%          x44_48 D  19961  19960     16
  20121  3609        cutoff            414.0000      409.7778   563650    1.02%           x10_2 U  20121  13417     15
Elapsed time = 211.07 sec. (439297.55 ticks, tree = 110.27 MB, solutions = 10)
  20283  3565        cutoff            414.0000      409.8986   568492    0.99%          x41_42 U  20283  18472     29
  20440  3500      412.7500    29      414.0000      410.0000   573088    0.97%          x46_45 U  20440  14617     21
  20597  3450      410.7778    77      414.0000      410.0000   577663    0.97%          x57_32 D  20597  20596     17
  20747  3379        cutoff            414.0000      410.1034   582280    0.94%          x49_44 U  20747  12266     16
  20918  3323        cutoff            414.0000      410.2000   586685    0.92%          x27_40 D  20918  20917     17
  21067  3278      412.5000    22      414.0000      410.2857   590851    0.90%          x45_22 N  21067  21066     23
  21212  3216      411.6667    89      414.0000      410.3514   595041    0.88%           x2_32 U  21212  13135     25
  21360  3139      412.7500    38      414.0000      410.5000   599404    0.85%           x2_50 N  21360  14052     29
  21505  3047        cutoff            414.0000      410.5000   603594    0.85%          x47_49 U  21505  19286     13
  21658  2955      412.9167    70      414.0000      410.6154   607409    0.82%           x2_46 N  21658  14024     23
Elapsed time = 227.64 sec. (477586.38 ticks, tree = 87.92 MB, solutions = 10)
  21810  2860      411.9167    65      414.0000      410.7241   611221    0.79%          x57_46 N  21810  21809     25
  21957  2760      412.0000    97      414.0000      410.8333   614998    0.76%          x49_53 N  21957  21163     20
  22108  2679        cutoff            414.0000      410.9286   618561    0.74%           x40_1 D  22108  22107     13
  22258  2595        cutoff            414.0000      411.0000   622089    0.72%          x49_44 D  22258  22257     23
  22418  2489        cutoff            414.0000      411.0000   625700    0.72%          x33_20 U  22418   7520     25
  22575  2369      412.0444    94      414.0000      411.1176   629451    0.70%          x24_29 N  22575  14737     24
  22728  2249      411.5000    72      414.0000      411.2500   632633    0.66%          x53_46 N  22728  11939     10
  22888  2143      412.8333    91      414.0000      411.3333   635923    0.64%          x49_53 N  22888  13861     10
  23043  2027        cutoff            414.0000      411.4512   639197    0.62%          x49_53 D  23043  23041     18
  23212  1908      411.6250    60      414.0000      411.5000   642249    0.60%          x49_44 N  23212   5171     19
Elapsed time = 242.90 sec. (515952.17 ticks, tree = 53.46 MB, solutions = 10)
  23374  1776      413.0000    50      414.0000      411.6667   645375    0.56%          x49_47 N  23374  13626     16
  23551  1623        cutoff            414.0000      411.7857   648073    0.53%          x49_47 U  23551  23549     21
  23737  1454        cutoff            414.0000      411.9524   650555    0.49%          x46_44 U  23737  16344     20
  23910  1300        cutoff            414.0000      412.0000   653372    0.48%          x57_32 U  23910  14718     21
  24083  1168        cutoff            414.0000      412.1250   655994    0.45%          x42_46 U  24083  18185     25
  24276   999        cutoff            414.0000      412.2727   658069    0.42%          x46_10 U  24276  19401     18
  24475   817        cutoff            414.0000      412.4286   660076    0.38%           x2_25 U  24475  16067     22
  24671   628        cutoff            414.0000      412.5147   661875    0.36%          x53_47 U  24671  11534     32
  24877   429        cutoff            414.0000      412.7292   663137    0.31%          x45_46 U  24877  10454     26
  25087   220        cutoff            414.0000      412.9524   664130    0.25%          x53_45 U  25087  17388     21
Elapsed time = 255.84 sec. (554201.96 ticks, tree = 6.82 MB, solutions = 10)
  25299     9        cutoff            414.0000      413.0000   665377    0.24%          x46_45 U  25299  12197     21

Zero-half cuts applied:  1
User cuts applied:  6424

Root node processing (before b&c):
  Real time             =    0.47 sec. (1084.06 ticks)
Sequential b&c:
  Real time             =  256.47 sec. (557187.41 ticks)
                          ------------
Total (root+branch&cut) =  256.94 sec. (558271.47 ticks)

