Version identifier: 22.1.0.0 | 2022-03-09 | 1a383f8ce
CPXPARAM_Preprocessing_Reduce                    1
CPXPARAM_Threads                                 1
CPXPARAM_Preprocessing_Reformulations            0
CPXPARAM_TimeLimit                               10800
CPXPARAM_MIP_Tolerances_AbsMIPGap                0.999
CPXPARAM_MIP_Limits_TreeMemory                   20000
Legacy callback                                  BbLUID
         Disabling repeat represolve because of lazy constraint/incumbent callback.
Tried aggregator 1 time.
MIP Presolve eliminated 6977 rows and 0 columns.
MIP Presolve modified 494 coefficients.
Reduced MIP has 617 rows, 2470 columns, and 12184 nonzeros.
Reduced MIP has 2470 binaries, 0 generals, 0 SOSs, and 0 indicators.
Presolve time = 0.01 sec. (12.58 ticks)
Probing time = 0.00 sec. (2.76 ticks)
Clique table members: 617.
MIP emphasis: balance optimality and feasibility.
MIP search method: traditional branch-and-cut.
Parallel mode: none, using 1 thread.
Root relaxation solution time = 0.00 sec. (2.45 ticks)

        Nodes                                         Cuts/
   Node  Left     Objective  IInf  Best Integer    Best Bound    ItCnt     Gap         Variable B NodeID Parent  Depth

      0     0      379.0000    58                    317.0000      122         
      0     0      385.5000    42                    Cuts: 37      147         
      0     0      395.0000     8                    Cuts: 29      172         
      0     0      397.5000    64                    Cuts: 17      190         
      0     0      397.5000    76                    Cuts: 11      200         
      0     0      397.5000    74                    Cuts: 16      211         
      0     0      405.7500    86                    User: 10      265         
      0     0      406.0000    12                     User: 8      270         
      0     0      408.4444   102                     User: 6      307         
      0     0      408.8889    97                     User: 8      319         
      0     0      409.1667   100                     User: 6      331         
      0     0      409.4000    99                     User: 7      343         
      0     0      413.2000    62                     User: 5      379         
      0     0      413.5806   116                     User: 5      400         
      0     0      415.2500    65                     User: 5      429         
      0     0      416.5833   101                     User: 5      454         
      0     0      416.5909   108                     User: 8      455         
      0     0      417.0000    95                     User: 4      474         
      0     2      417.1667   110                    417.1667      474                                 0             0
Elapsed time = 0.33 sec. (808.83 ticks, tree = 0.01 MB, solutions = 0)
      2     4      418.4444   110                    418.0000      574                    x7_14 D      2      1      2
      7     9      421.2000    51                    418.0000      769                   x47_29 U      7      6      6
     14    16      434.3636   100                    418.0000     1165                   x18_15 N     14     11     10
     23    25      446.8519    82                    418.0000     1974                   x33_40 N     23     21     16
     31    33      448.8397    88                    418.0000     2358                   x59_39 N     31     30     22
     40    42      451.0000    48                    418.0000     2549                   x30_59 D     40     39     30
     51    53      490.0000    99                    418.0000     3238                   x17_34 N     51     48     36
     60    62      472.6000    53                    418.0000     3855                    x34_7 U     60     57     42
     68    70      481.3333    57                    418.0000     4371                   x22_17 N     68     66     48
     99   101      490.8200   109                    418.0000     5676                   x45_10 N     99     98     69
Elapsed time = 2.14 sec. (4756.82 ticks, tree = 0.55 MB, solutions = 0)
    113   115      537.5833    74                    418.0000     6532                   x45_38 N    113    111     81
    138   140      508.9167    76                    418.0000     8659                   x12_14 N    138    136    100
    160   160      521.4737    52                    418.0000     9552                   x13_45 D    160    158    118
    179   173    infeasible                          418.0000    11397                   x51_12 N    179    177    132
    211   203      433.2000    27                    419.0000    12765                   x39_11 U    211    210     23
    241   233      482.6429    73                    419.0000    14624                   x40_25 N    241    239     46
    268   260      467.0000    72                    419.0000    16093                   x27_29 U    268    266     64
    300   292      474.5500    74                    419.0000    17085                    x29_6 N    300    299     90
    339   323      425.6667   101                    419.0000    17775                   x45_40 D    339    337      7
    371   355      451.6077    63                    419.0000    18971                   x15_28 D    371    369     29
Elapsed time = 7.44 sec. (14726.60 ticks, tree = 4.02 MB, solutions = 0)
    400   384      459.9167    89                    419.0000    20321                   x21_26 N    400    398     52
    440   424      449.6667    60                    419.8000    21634                   x52_15 N    440    439     40
    502   486      474.3750    46                    419.8000    22380                    x27_7 N    502    501    102
    535   519      669.7500    20                    419.8000    22910                    x34_6 U    535    534    135
    557   537      441.7143   113                    419.9167    23882                    x49_7 N    557    556      8
    586   566      469.2500    44                    419.9167    24951                   x47_29 N    586    584     26
    617   597      478.0000    14                    419.9167    25763                    x6_28 U    617    616     49
    632   612      503.9231    51                    419.9167    26104                    x5_16 N    632    631     61
    650   630      530.3750    66                    419.9167    26425                    x9_47 D    650    649     75
    669   649      540.1818    55                    419.9167    26997                   x48_10 D    669    667     88
Elapsed time = 12.64 sec. (24658.78 ticks, tree = 5.31 MB, solutions = 0)
    688   664      450.3333    42                    420.0000    27669                   x44_34 N    688    687     11
    706   682      476.8421    56                    420.0000    28869                   x47_29 N    706    704     21
    734   710      490.4000    58                    420.0000    29716                   x34_14 N    734    732     42
    757   733      505.3333    29                    420.0000    30221                   x41_12 U    757    755     59
    782   758      545.2500    36                    420.0000    30743                   x27_40 D    782    781     81
    795   769      575.8333    52                    420.0000    31213                   x59_51 N    795    793     90
    808   782      652.0000    11                    420.0000    31343                   x36_24 D    808    806    100
    830   800      432.6000    45                    420.2879    32500                   x34_15 N    830    828     11
    862   832      444.0000    68                    420.2879    34307                   x59_51 D    862    861     34
    880   850      455.7714   116                    420.2879    35882                   x57_52 D    880    878     46
Elapsed time = 17.83 sec. (34625.37 ticks, tree = 6.20 MB, solutions = 0)
    912   882      474.0000    75                    420.2879    37466                   x52_33 N    912    911     71
    940   906      436.8111   129                    420.4250    39096                   x22_30 D    940    939     14
    984   950      483.2353    62                    420.4250    40319                   x49_28 N    984    983     58
   1031   997      509.2500    30                    420.4250    40915                   x38_51 N   1031   1030    105
   1066  1032      524.0000    24                    420.4250    41135                    x58_9 D   1066   1065    140
   1094  1054      427.6975   132                    420.5357    42225                   x22_15 D   1094   1093     13
   1110  1070      457.3571   105                    420.5357    43634                   x45_42 D   1110   1108     23
   1140  1100      472.5000    55                    420.5357    44923                   x59_14 D   1140   1139     42
   1168  1128      492.0000     8                    420.5357    46287                   x30_40 U   1168   1165     62
   1197  1157      512.1078    67                    420.5357    47175                   x12_50 N   1197   1196     85
Elapsed time = 23.29 sec. (44385.01 ticks, tree = 8.70 MB, solutions = 0)
   1239  1195      436.0714    55                    420.5625    48438                   x40_39 U   1239   1238     26
   1277  1233      464.1667    99                    420.5625    49981                   x27_52 N   1277   1276     64
   1298  1248      423.0345    93                    420.5625    50932                   x42_59 U   1298   1297      4
   1318  1268      443.2857    57                    420.5625    52527                   x33_40 N   1318   1316     16
   1340  1288      464.0000    32                    420.5625    54112                   x13_41 N   1340   1338     30
   1360  1308      468.4419    68                    420.5625    55015                   x39_61 D   1360   1358     43
   1397  1343      495.3125    67                    420.5625    56019                   x51_13 D   1397   1395     71
*  1406  1175      integral     0      515.0000      420.5625    56157   18.34%
   1432  1195      446.3949   102      515.0000      421.2162    57377   18.21%          x22_30 D   1432   1431     22
   1460  1219      436.7308   104      515.0000      421.2917    58616   18.20%          x51_45 U   1460   1459     20
   1498  1257      478.0000    28      515.0000      421.2917    60310   18.20%          x29_52 D   1498   1497     58
Elapsed time = 28.77 sec. (54490.18 ticks, tree = 9.00 MB, solutions = 1)
   1525  1280        cutoff            515.0000      421.2917    61263   18.20%          x45_25 N   1525   1524     85
   1556  1309      475.5000    52      515.0000      421.3333    62953   18.19%          x28_42 D   1556   1555     34
   1592  1340      423.9167    86      515.0000      421.3846    64143   18.18%          x42_59 U   1592   1591      5
   1635  1383      460.2857    86      515.0000      421.3846    65919   18.18%          x12_13 U   1635   1634     48
   1677  1425      488.7727    72      515.0000      421.3846    67057   18.18%          x47_21 U   1677   1676     90
   1705  1449      441.8750    67      515.0000      421.5000    68922   18.16%          x13_14 D   1705   1703     22
*  1718   641      integral     0      461.0000      421.5000    69738    8.57%
   1730   652      442.5455    84      461.0000      421.5455    70546    8.56%          x15_39 D   1730   1729     16
   1760   678      434.3214    80      461.0000      421.6000    71763    8.55%          x52_22 U   1760   1759     12
   1794   707      444.7000    91      461.0000      421.8889    73318    8.48%          x30_42 D   1794   1793     19
   1824   731      439.8125    96      461.0000      421.9000    74805    8.48%          x15_51 D   1824   1823     15
Elapsed time = 33.92 sec. (64353.26 ticks, tree = 5.85 MB, solutions = 2)
   1864   767      429.0000    49      461.0000      422.1571    76111    8.43%          x33_40 N   1864    187      6
   1882   785      447.0000    26      461.0000      422.1571    77250    8.43%           x9_26 N   1882   1880     18
*  1888   768      integral     0      460.0000      422.1571    77404    8.23%
*  1891   281      integral     0      440.0000      422.1667    77692    4.05%           x41_3 D   1891   1890      6
   1923   293      436.5000    84      440.0000      422.4412    79797    3.99%          x15_17 N   1923   1922     12
   1954   309      433.6000    92      440.0000      422.7500    81991    3.92%          x15_52 D   1954   1953      8
   1996   326      422.9524   112      440.0000      422.9524    83933    3.87%          x15_52 D   1996   1084      7
   2028   344      423.5000    42      440.0000      423.0000    85713    3.86%          x60_42 D   2028   2027     11
   2068   370        cutoff            440.0000      423.0000    87824    3.86%          x20_18 D   2068   2067     20
   2100   384      431.9091    77      440.0000      423.2000    89632    3.82%          x33_40 U   2100   2099     12
   2135   393      436.3696   106      440.0000      423.5086    91615    3.75%          x33_40 D   2135   2133      8
Elapsed time = 38.28 sec. (73580.52 ticks, tree = 2.64 MB, solutions = 4)
*  2169   239      integral     0      435.0000      423.7500    93427    2.59%
   2177   241        cutoff            435.0000      423.8824    93658    2.56%          x14_52 U   2177   2175     13
   2225   257      426.6250    90      435.0000      424.3684    95813    2.44%          x42_59 D   2225   1934      7
*  2235   238      integral     0      434.0000      424.4800    96315    2.19%
   2265   239      429.8824    89      434.0000      424.9853    98075    2.08%          x15_22 U   2265   2075     10
*  2267   127      integral     0      430.0000      424.9853    98136    1.17%
*  2283    22      integral     0      427.0000      425.0405    98562    0.46%

Zero-half cuts applied:  2
Gomory fractional cuts applied:  2
User cuts applied:  5895

Root node processing (before b&c):
  Real time             =    0.34 sec. (808.96 ticks)
Sequential b&c:
  Real time             =   39.59 sec. (76223.23 ticks)
                          ------------
Total (root+branch&cut) =   39.93 sec. (77032.19 ticks)

