Version identifier: 22.1.0.0 | 2022-03-09 | 1a383f8ce
CPXPARAM_Preprocessing_Reduce                    1
CPXPARAM_Threads                                 1
CPXPARAM_Preprocessing_Reformulations            0
CPXPARAM_TimeLimit                               10800
CPXPARAM_MIP_Tolerances_AbsMIPGap                0.999
CPXPARAM_MIP_Limits_TreeMemory                   20000
Legacy callback                                  BbLUID
         Disabling repeat represolve because of lazy constraint/incumbent callback.
Tried aggregator 1 time.
MIP Presolve eliminated 2581 rows and 0 columns.
MIP Presolve modified 312 coefficients.
Reduced MIP has 434 rows, 1664 columns, and 6527 nonzeros.
Reduced MIP has 1664 binaries, 0 generals, 0 SOSs, and 0 indicators.
Presolve time = 0.00 sec. (5.26 ticks)
Probing time = 0.00 sec. (2.46 ticks)
Clique table members: 434.
MIP emphasis: balance optimality and feasibility.
MIP search method: traditional branch-and-cut.
Parallel mode: none, using 1 thread.
Root relaxation solution time = 0.00 sec. (1.68 ticks)

        Nodes                                         Cuts/
   Node  Left     Objective  IInf  Best Integer    Best Bound    ItCnt     Gap         Variable B NodeID Parent  Depth

      0     0      380.0000    26                    340.0000      132         
      0     0      382.0000    24                    Cuts: 12      145         
      0     0      383.0000    36                     Cuts: 9      151         
      0     0      383.1667    53                     User: 3      154         
      0     0      383.2000    48                 ZeroHalf: 3      158         
      0     0      383.2000    58                     Cuts: 5      161         
      0     0      383.2500    49                 ZeroHalf: 1      164         
      0     0      383.2500    49                 ZeroHalf: 2      166         
      0     0      383.2500    48                     User: 3      169         
      0     2      383.2500    48                    384.0000      169                                 0             0
Elapsed time = 0.20 sec. (294.16 ticks, tree = 0.01 MB, solutions = 0)
*     2     1      integral     0      384.0000      384.0000      177    0.00%

Zero-half cuts applied:  6
User cuts applied:  454

Root node processing (before b&c):
  Real time             =    0.20 sec. (294.17 ticks)
Sequential b&c:
  Real time             =    0.01 sec. (13.48 ticks)
                          ------------
Total (root+branch&cut) =    0.21 sec. (307.65 ticks)

