Version identifier: 22.1.0.0 | 2022-03-09 | 1a383f8ce
CPXPARAM_Preprocessing_Reduce                    1
CPXPARAM_Threads                                 1
CPXPARAM_Preprocessing_Reformulations            0
CPXPARAM_TimeLimit                               10800
CPXPARAM_MIP_Tolerances_AbsMIPGap                0.999
CPXPARAM_MIP_Limits_TreeMemory                   20000
Legacy callback                                  BbLUID
         Disabling repeat represolve because of lazy constraint/incumbent callback.
Tried aggregator 1 time.
MIP Presolve eliminated 6851 rows and 0 columns.
MIP Presolve modified 417 coefficients.
Reduced MIP has 539 rows, 2455 columns, and 11075 nonzeros.
Reduced MIP has 2455 binaries, 0 generals, 0 SOSs, and 0 indicators.
Presolve time = 0.01 sec. (11.74 ticks)
Probing time = 0.00 sec. (2.77 ticks)
Clique table members: 539.
MIP emphasis: balance optimality and feasibility.
MIP search method: traditional branch-and-cut.
Parallel mode: none, using 1 thread.
Root relaxation solution time = 0.00 sec. (2.07 ticks)

        Nodes                                         Cuts/
   Node  Left     Objective  IInf  Best Integer    Best Bound    ItCnt     Gap         Variable B NodeID Parent  Depth

      0     0      328.5000    37                    286.0000      121         
      0     0      366.6667    38                    Cuts: 23      145         
      0     0      372.5000    71                    Cuts: 29      167         
      0     0      372.5833   117                     Cuts: 9      175         
      0     0      373.2500    80                     Cuts: 8      184         
      0     0      374.2500    70                     Cuts: 6      196         
      0     0      375.2500    85                    Cuts: 17      206         
      0     0      376.1667   120                     Cuts: 6      234         
      0     0      376.1951   131                     Cuts: 8      243         
      0     0      376.6000   121                     Cuts: 8      256         
      0     0      377.0000    83                     Cuts: 4      267         
      0     0      377.5000   129                     Cuts: 4      295         
      0     0      378.0400   125                     Cuts: 5      309         
      0     0      378.5273   129                     User: 2      317         
      0     0      378.5733   144                     Cuts: 2      321         
      0     0      378.6000   130                     User: 4      322         
      0     0      378.6000   125                     User: 4      322         
      0     0      378.6000   129                     User: 1      323         
      0     2      378.8333   136                    378.8333      323                                 0             0
Elapsed time = 0.40 sec. (647.29 ticks, tree = 0.01 MB, solutions = 0)
      2     4      380.1143   133                    380.1176      398                   x49_27 D      2      1      2
     20    22      385.0000    30                    380.3333      830                   x39_27 U     20     19     15
     41    43      397.8333    33                    380.3333     1404                   x40_18 D     41     40     29
*    60+   60                          425.0000      380.3333            10.51%
     62    64      401.6250    52      425.0000      380.3333     1856   10.51%          x11_31 N     62     60     44
     82    84      404.7500    55      425.0000      380.3333     2196   10.51%          x12_11 N     82     81     59
    112   111      417.3333    45      425.0000      380.3333     2511   10.51%          x15_43 D    112    111     82
    142   129      388.7857    65      425.0000      380.4167     2926   10.49%          x29_37 N    142    140     13
    158   145      408.5000    28      425.0000      380.4167     3428   10.49%           x46_3 N    158    156     26
    176   163      409.1875    92      425.0000      380.4167     4069   10.49%          x48_49 N    176    174     39
*   264   189      integral     0      409.0000      380.5667     5427    6.95%
    300   222      397.3333    33      409.0000      380.9444     5900    6.86%          x49_23 D    300    299     39
Elapsed time = 2.64 sec. (3982.72 ticks, tree = 0.46 MB, solutions = 2)
    418   322      406.3333    16      409.0000      381.2857     8372    6.78%          x53_25 U    418    417     39
    532   420      405.0000     8      409.0000      382.0000    10432    6.60%          x56_18 U    532    530     30
    680   547      391.2500    86      409.0000      382.2857    13247    6.53%          x55_19 D    680    679     14
    794   640      387.0000    65      409.0000      382.5000    15654    6.48%          x11_16 N    794    793     11
    938   761      389.7500    49      409.0000      382.8636    18293    6.39%          x40_28 U    938    937     18
   1043   852      388.7500    74      409.0000      383.1389    20586    6.32%          x40_18 D   1043   1042     11
   1178   969      397.5769    57      409.0000      383.3333    23212    6.28%          x28_15 U   1178   1177     25
   1288  1067      401.4167   128      409.0000      383.3500    25328    6.27%          x41_23 D   1288   1287     22
   1397  1169      400.0000    46      409.0000      383.5000    27169    6.23%          x33_11 D   1397   1396     70
   1490  1241      390.3750    74      409.0000      383.5000    28236    6.23%           x8_41 U   1490   1489     15
Elapsed time = 9.18 sec. (13617.24 ticks, tree = 2.10 MB, solutions = 2)
   1611  1344      401.3235    71      409.0000      383.5198    30582    6.23%          x11_13 N   1611   1609     25
   1753  1463      397.5286    97      409.0000      383.6429    33357    6.20%           x3_27 D   1753   1752     28
   1884  1568      406.1667    83      409.0000      383.7692    36685    6.17%          x11_18 D   1884   1883     40
   2032  1692      388.6667    57      409.0000      384.0000    39537    6.11%          x11_31 D   2032   2031     15
   2142  1794      406.2143    82      409.0000      384.0000    42382    6.11%          x11_43 D   2142   2141     30
   2272  1909      405.0000    10      409.0000      384.0625    44937    6.10%          x13_48 U   2272   2270     22
   2411  2023      404.0000    49      409.0000      384.2500    47060    6.05%          x24_40 D   2411   2410     32
   2559  2146      392.0000    31      409.0000      384.3333    49740    6.03%          x34_41 N   2559   2558     17
   2704  2266      385.0000   138      409.0000      384.4000    51997    6.01%          x40_28 D   2704    644      6
   2820  2363      403.4000    57      409.0000      384.5000    54390    5.99%           x56_3 N   2820   2819     49
Elapsed time = 16.11 sec. (23175.35 ticks, tree = 6.39 MB, solutions = 2)
   2952  2478      390.1429   120      409.0000      384.5000    56617    5.99%          x27_35 D   2952   2951     15
   3069  2578        cutoff            409.0000      384.6053    58635    5.96%          x35_23 D   3069   3068     19
   3162  2656      395.2500    55      409.0000      384.7000    60302    5.94%           x2_32 D   3162   3161     20
   3280  2749      396.0000    46      409.0000      384.7750    63053    5.92%          x45_49 U   3280   3279     22
   3429  2868      387.5000    67      409.0000      384.8333    65543    5.91%          x11_16 N   3429    863      9
   3558  2980      400.5469    88      409.0000      384.9375    68449    5.88%          x57_12 U   3558   3556     27
   3700  3104      399.7500    50      409.0000      385.0000    70876    5.87%          x49_34 D   3700   3699     27
   3815  3185      397.1176    87      409.0000      385.0000    73328    5.87%          x24_28 N   3815   3814     31
   3914  3275      400.0357    69      409.0000      385.0000    75242    5.87%          x12_21 D   3914   3913     14
   4015  3354      402.8667    86      409.0000      385.1733    77891    5.83%          x32_41 U   4015   4013     19
Elapsed time = 22.33 sec. (32764.04 ticks, tree = 8.49 MB, solutions = 2)
   4129  3451      401.7500   102      409.0000      385.2500    80211    5.81%          x38_12 D   4129   4128     36
   4220  3522      400.8478    90      409.0000      385.2794    82111    5.80%           x18_1 D   4220   4219     29
   4328  3616      402.9333   106      409.0000      385.3333    84033    5.79%          x35_23 D   4328   4327     24
   4422  3690      398.9167    63      409.0000      385.3636    85902    5.78%          x27_45 D   4422   4421     25
   4519  3779      399.8571    55      409.0000      385.3824    87710    5.77%          x52_22 D   4519   4518     24
*  4585  3735      integral     0      408.0000      385.4308    89483    5.53%
   4616  3764        cutoff            408.0000      385.5000    90003    5.51%          x28_16 N   4616   4615     43
   4708  3841      403.3333    19      408.0000      385.5000    91725    5.51%          x18_33 D   4708   4707     61
   4802  3915      391.0000   101      408.0000      385.5000    93725    5.51%          x37_46 U   4802   4801     11
*  4815  1554      integral     0      397.0000      385.5000    94005    2.90%          x11_33 D   4815   4814     24
   4926  1610      395.4000    65      397.0000      385.6000    97107    2.87%          x57_11 D   4926   4925     20
Elapsed time = 27.42 sec. (41520.14 ticks, tree = 4.30 MB, solutions = 4)
   5065  1677      386.3000   140      397.0000      385.8333   100008    2.81%          x12_11 D   5065   1132      8
   5200  1769      391.2222    97      397.0000      386.0000   102474    2.77%           x3_13 D   5200   5199     14
   5330  1846      392.8636    84      397.0000      386.1429   105635    2.73%           x8_41 D   5330   5329     11
   5450  1898      394.0000    57      397.0000      386.2500   108931    2.71%           x5_56 D   5450   5449     32
   5593  1986        cutoff            397.0000      386.3750   111495    2.68%          x35_60 U   5593   5591     17
   5729  2074      393.0200    78      397.0000      386.4872   114172    2.65%          x24_52 D   5729   5728     18
   5864  2148      389.5556    87      397.0000      386.5000   116994    2.64%          x24_40 D   5864   5863     13
   6000  2237      392.5329   120      397.0000      386.6500   119556    2.61%          x11_16 D   6000   5999     22
   6139  2318      390.3214    85      397.0000      386.7500   122644    2.58%          x40_18 D   6139   6138     12
   6280  2398      392.2222    47      397.0000      386.8000   125336    2.57%          x48_12 D   6280   6279     18
Elapsed time = 33.73 sec. (51226.08 ticks, tree = 6.48 MB, solutions = 4)
   6413  2486      389.8750    69      397.0000      386.8889   127840    2.55%           x34_8 U   6413   6378     12
   6543  2560      395.1833   117      397.0000      387.0000   130805    2.52%            x2_8 D   6543   6541     16
   6670  2644      388.5000    38      397.0000      387.0000   133279    2.52%           x8_41 U   6670   6669     12
   6802  2714        cutoff            397.0000      387.0625   136192    2.50%          x13_30 D   6802   6801     15
   6929  2788      394.5000    77      397.0000      387.2240   138838    2.46%            x2_8 D   6929   6928     17
   7062  2860        cutoff            397.0000      387.3750   141573    2.42%           x38_3 U   7062   7060     20
   7200  2945      392.0926   103      397.0000      387.4286   144073    2.41%          x34_27 D   7200   7199     27
   7328  3013      388.4750    85      397.0000      387.5000   146589    2.39%          x39_32 D   7328   7327     13
   7468  3093        cutoff            397.0000      387.5000   149072    2.39%          x25_28 U   7468   7466     26
   7585  3140      395.3636    71      397.0000      387.6053   152382    2.37%          x45_49 U   7585   7583     11
Elapsed time = 39.72 sec. (60806.87 ticks, tree = 8.61 MB, solutions = 4)
   7719  3215      389.8710   118      397.0000      387.6667   155092    2.35%           x2_32 U   7719   1935     15
   7843  3297      393.0000    14      397.0000      387.6867   158023    2.35%           x1_18 N   7843   7842     35
   7971  3368      393.0976    81      397.0000      387.7500   160360    2.33%           x3_13 U   7971   7968     24
   8092  3426      392.7500    61      397.0000      387.8000   163087    2.32%          x55_19 D   8092   8091     25
   8225  3500      395.2857    83      397.0000      387.8750   165633    2.30%           x6_12 N   8225   8224     21
   8349  3571      394.5943   138      397.0000      387.9444   168323    2.28%          x39_27 U   8349   8348     17
   8472  3620      390.1667    71      397.0000      388.0000   171197    2.27%           x6_12 D   8472   8471     19
   8610  3689      394.6667    71      397.0000      388.0000   173896    2.27%          x41_39 D   8610   8608     23
   8729  3728        cutoff            397.0000      388.0625   176447    2.25%          x39_45 U   8729   8727     18
   8849  3787      396.0000    53      397.0000      388.1053   179252    2.24%           x11_3 D   8849   8848     22
Elapsed time = 45.40 sec. (70397.78 ticks, tree = 9.63 MB, solutions = 4)
   8960  3850      392.8333    48      397.0000      388.1471   182032    2.23%           x3_31 D   8960   8959     27
   9090  3915      392.5333   110      397.0000      388.2037   184631    2.22%          x41_27 D   9090   9089     13
   9217  3988      393.3333    56      397.0000      388.2500   187311    2.20%          x24_40 U   9217   9216     20
   9336  4051      392.4022   107      397.0000      388.3222   189919    2.19%          x49_34 U   9336   5702     18
   9454  4116      393.0000    38      397.0000      388.3571   192183    2.18%          x28_18 D   9454   9453     16
   9587  4170        cutoff            397.0000      388.4118   194299    2.16%          x40_18 D   9587   9586     15
   9723  4238      391.6250    77      397.0000      388.5000   197024    2.14%           x34_8 D   9723   9722     15
   9846  4297      393.6203   138      397.0000      388.5000   199827    2.14%          x12_11 D   9846   9845     24
   9970  4361      395.0000    21      397.0000      388.5000   202746    2.14%          x31_33 D   9970   9969     25
  10090  4408      393.2222    76      397.0000      388.6250   205268    2.11%          x40_28 U  10090  10089     22
Elapsed time = 50.83 sec. (80007.68 ticks, tree = 10.67 MB, solutions = 4)
  10204  4455      390.3333    92      397.0000      388.6667   207971    2.10%          x12_21 D  10204  10203     22
  10317  4509      395.3750   125      397.0000      388.7143   210951    2.09%          x41_23 D  10317  10316     13
  10437  4563      392.1250    53      397.0000      388.7500   213543    2.08%          x11_16 U  10437   7903     13
  10560  4610      395.5000    46      397.0000      388.7500   216210    2.08%           x6_57 D  10560  10559     20
  10672  4663        cutoff            397.0000      388.8000   219089    2.07%           x11_3 U  10672  10670     28
  10797  4709      393.0000    36      397.0000      388.8571   221704    2.05%          x12_11 U  10797   7618     12
  10932  4786      391.5800   103      397.0000      388.9167   223783    2.04%          x39_27 U  10932  10931     16
  11053  4846      395.6000    48      397.0000      389.0000   226390    2.02%          x40_25 N  11053  11052     16
  11159  4878      392.1852   132      397.0000      389.0000   228927    2.02%           x34_8 D  11159  11158     10
* 11348  4460      integral     0      396.0000      389.0000   232306    1.77%
  11699  4574      394.5000    55      396.0000      389.1667   239395    1.73%          x13_55 D  11699  11698     26
Elapsed time = 57.68 sec. (92471.56 ticks, tree = 10.67 MB, solutions = 5)
  12249  4756        cutoff            396.0000      389.5000   250114    1.64%          x34_27 D  12249  12248     25
  12758  4915        cutoff            396.0000      389.5785   261733    1.62%          x18_15 D  12758  12756     14
  13278  5076      393.7083    71      396.0000      389.7500   272400    1.58%          x49_45 D  13278  13277     21
* 13347  4173      integral     0      395.0000      389.7857   273690    1.32%
  13794  4202        cutoff            395.0000      390.0000   283318    1.27%          x40_18 U  13794   6274     13
  14312  4281      392.6667    69      395.0000      390.1667   294163    1.22%          x11_33 D  14312  14311     18
  14814  4334        cutoff            395.0000      390.3333   304878    1.18%           x2_32 D  14814  14812     15
  15345  4410      391.0000    54      395.0000      390.5000   315245    1.14%          x35_23 D  15345   7514     14
  15840  4410      390.6250    85      395.0000      390.6250   325703    1.11%           x6_12 D  15840   4901     12
  16359  4387        cutoff            395.0000      390.8333   335318    1.05%          x38_13 U  16359  16358     20
  16848  4382      393.6667    45      395.0000      391.0000   345121    1.01%          x11_16 D  16848  16847     17
Elapsed time = 77.90 sec. (130653.23 ticks, tree = 9.29 MB, solutions = 6)
  17351  4342        cutoff            395.0000      391.1429   355515    0.98%          x29_37 U  17351  17350     23
  17853  4315      393.7500    76      395.0000      391.3125   364124    0.93%          x32_41 D  17853  17852     20
  18362  4272        cutoff            395.0000      391.5000   373328    0.89%            x1_3 U  18362  18360     28
  18846  4187      392.2600    87      395.0000      391.5882   383031    0.86%          x28_18 D  18846  16961     25
  19332  4064        cutoff            395.0000      391.7500   391442    0.82%          x11_38 D  19332  19330     24
  19821  3934        cutoff            395.0000      391.9583   399820    0.77%          x12_11 D  19821  16428     21
  20230  3801        cutoff            395.0000      392.0000   407759    0.76%          x48_29 U  20230  17536     18
  20642  3664        cutoff            395.0000      392.1250   415837    0.73%          x49_39 U  20642   8576     16
  21111  3455      393.2500    68      395.0000      392.2727   423509    0.69%          x11_31 N  21111  11714     23
  21555  3234      393.7708    82      395.0000      392.4421   430719    0.65%          x41_23 U  21555   7543     16
Elapsed time = 94.18 sec. (168848.42 ticks, tree = 6.65 MB, solutions = 6)
  21990  2992        cutoff            395.0000      392.5000   437352    0.63%           x2_49 U  21990   7454     15
  22443  2716        cutoff            395.0000      392.7000   443866    0.58%          x13_30 U  22443  16295     28
  22914  2406        cutoff            395.0000      392.8933   449817    0.53%          x37_29 U  22914  17638     17
  23352  2084        cutoff            395.0000      393.0000   455132    0.51%          x13_55 U  23352  23351     17
  23797  1736        cutoff            395.0000      393.1875   460267    0.46%          x21_55 U  23797   6725     21
  24256  1360        cutoff            395.0000      393.3636   464535    0.41%          x39_27 U  24256  11504     14
  24721   990        cutoff            395.0000      393.5000   468610    0.38%          x24_28 U  24721  24720     17
  25188   557        cutoff            395.0000      393.7500   471528    0.32%          x37_29 U  25188  20574     17
  25669   111        cutoff            395.0000      394.0000   473617    0.25%          x34_45 U  25669  16892     22

Zero-half cuts applied:  7
User cuts applied:  3490

Root node processing (before b&c):
  Real time             =    0.40 sec. (647.39 ticks)
Sequential b&c:
  Real time             =  104.34 sec. (203632.00 ticks)
                          ------------
Total (root+branch&cut) =  104.73 sec. (204279.38 ticks)

