Version identifier: 22.1.0.0 | 2022-03-09 | 1a383f8ce
CPXPARAM_Preprocessing_Reduce                    1
CPXPARAM_Threads                                 1
CPXPARAM_Preprocessing_Reformulations            0
CPXPARAM_TimeLimit                               10800
CPXPARAM_MIP_Tolerances_AbsMIPGap                0.999
CPXPARAM_MIP_Limits_TreeMemory                   20000
Legacy callback                                  BbLUID
         Disabling repeat represolve because of lazy constraint/incumbent callback.
Tried aggregator 1 time.
MIP Presolve eliminated 2912 rows and 0 columns.
MIP Presolve modified 273 coefficients.
Reduced MIP has 395 rows, 1766 columns, and 6618 nonzeros.
Reduced MIP has 1766 binaries, 0 generals, 0 SOSs, and 0 indicators.
Presolve time = 0.00 sec. (5.37 ticks)
Probing time = 0.00 sec. (2.52 ticks)
Clique table members: 397.
MIP emphasis: balance optimality and feasibility.
MIP search method: traditional branch-and-cut.
Parallel mode: none, using 1 thread.
Root relaxation solution time = 0.00 sec. (1.63 ticks)

        Nodes                                         Cuts/
   Node  Left     Objective  IInf  Best Integer    Best Bound    ItCnt     Gap         Variable B NodeID Parent  Depth

      0     0      393.5000    76                    336.0000      137         
      0     0      410.2500    33                    Cuts: 28      177         
      0     0      415.5000    94                    Cuts: 41      228         
      0     0      416.0000    22                    Cuts: 12      234         
      0     0      417.5000    48                    Cuts: 32      249         
      0     0      419.5833    92                     Cuts: 9      266         
      0     0      420.5833    93                     Cuts: 8      269         
      0     0      421.0000    60                    Cuts: 13      279         
      0     0      421.6000   109                     Cuts: 7      300         
      0     0      423.0000   119                    Cuts: 13      319         
      0     0      423.7500   124                     Cuts: 8      336         
      0     0      423.9000    83                    Cuts: 17      340         
*     0+    0                          435.0000      423.9000             2.55%
      0     0      424.0000    74      435.0000      Cuts: 25      357    2.53%
      0     0      424.1111   137      435.0000   ZeroHalf: 4      368    2.50%
      0     0      424.5556    62      435.0000      Cuts: 23      383    2.40%
      0     0      425.0000    81      435.0000       Cuts: 3      394    2.30%
      0     0      425.2500    67      435.0000      Cuts: 10      399    2.24%
      0     0      425.6667   115      435.0000   ZeroHalf: 7      410    2.15%
      0     0      425.8000   131      435.0000      Cuts: 14      436    2.11%
      0     0      425.8197   139      435.0000   ZeroHalf: 3      450    2.11%
      0     0      425.8197   138      435.0000   ZeroHalf: 1      454    2.11%
      0     0      425.8197   130      435.0000       User: 5      456    2.11%
*     0+    0                          434.0000      425.8197             1.88%
      0     2      425.8197   120      434.0000      425.8462      456    1.88%                        0             0
Elapsed time = 0.24 sec. (380.72 ticks, tree = 0.01 MB, solutions = 2)
*     2     1      integral     0      427.0000      426.0000      488    0.23%

Zero-half cuts applied:  25
Gomory fractional cuts applied:  1
User cuts applied:  382

Root node processing (before b&c):
  Real time             =    0.24 sec. (380.48 ticks)
Sequential b&c:
  Real time             =    0.02 sec. (25.82 ticks)
                          ------------
Total (root+branch&cut) =    0.25 sec. (406.29 ticks)

