Version identifier: 22.1.0.0 | 2022-03-09 | 1a383f8ce
CPXPARAM_Preprocessing_Reduce                    1
CPXPARAM_Threads                                 1
CPXPARAM_Preprocessing_Reformulations            0
CPXPARAM_TimeLimit                               10800
CPXPARAM_MIP_Tolerances_AbsMIPGap                0.999
CPXPARAM_MIP_Limits_TreeMemory                   20000
Legacy callback                                  BbLUID
         Disabling repeat represolve because of lazy constraint/incumbent callback.
Tried aggregator 1 time.
MIP Presolve eliminated 16962 rows and 0 columns.
MIP Presolve modified 849 coefficients.
Reduced MIP has 1011 rows, 4292 columns, and 24159 nonzeros.
Reduced MIP has 4292 binaries, 0 generals, 0 SOSs, and 0 indicators.
Presolve time = 0.02 sec. (31.03 ticks)
Probing time = 0.00 sec. (3.20 ticks)
Clique table members: 1011.
MIP emphasis: balance optimality and feasibility.
MIP search method: traditional branch-and-cut.
Parallel mode: none, using 1 thread.
Root relaxation solution time = 0.00 sec. (3.55 ticks)

        Nodes                                         Cuts/
   Node  Left     Objective  IInf  Best Integer    Best Bound    ItCnt     Gap         Variable B NodeID Parent  Depth

      0     0      374.0000    20                    325.0000      143         
      0     0      398.5000   128                    Cuts: 45      218         
      0     0      401.5000    56                    Cuts: 15      237         
      0     0      409.6667   136                    Cuts: 16      281         
      0     0      415.5714   140                    Cuts: 31      353         
      0     0      416.9048   118                    Cuts: 18      368         
      0     0      420.4821   157                     Cuts: 8      423         
      0     0      420.8250   154                    Cuts: 14      442         
      0     0      421.2222   144                     Cuts: 8      466         
      0     0      423.0000   187                    Cuts: 12      528         
      0     0      423.2000   190                     Cuts: 7      545         
      0     0      423.2365   200                     User: 4      560         
      0     0      423.3906   186                     Cuts: 5      579         
      0     0      423.5476   177                     Cuts: 3      592         
      0     0      423.6214   184                    Cuts: 10      603         
      0     0      423.7756   192                     Cuts: 9      625         
      0     0      423.8000   190                     User: 2      631         
      0     0      423.9167   138                     User: 2      661         
      0     0      424.9203   184                     User: 7      700         
      0     0      424.9203   185                     User: 2      703         
      0     0      425.1750   197                     User: 6      760         
      0     0      425.1750   199                     User: 3      762         
      0     0      425.2121   198                     User: 1      774         
*     0+    0                          482.0000      425.2121            11.78%
      0     2      425.3556   197      482.0000      425.3889      774   11.75%                        0             0
Elapsed time = 0.71 sec. (1759.31 ticks, tree = 0.01 MB, solutions = 1)
      1     3      425.9270   176      482.0000      425.9508      858   11.63%          x61_40 N      1      0      1
      2     4      426.8373   182      482.0000      425.9508      972   11.63%           x3_51 N      2      1      2
      3     5      427.3839   203      482.0000      426.9083     1082   11.43%           x3_51 N      3      1      2
      8    10      429.5333   164      482.0000      427.1528     1359   11.38%          x13_78 N      8      6      6
     12    14      431.0176   150      482.0000      427.1528     1745   11.38%           x13_4 N     12     11      9
     19    21      432.0625   170      482.0000      427.1528     2281   11.38%          x71_17 N     19     17     13
     23    25      458.8889   151      482.0000      427.1528     2578   11.38%          x71_70 N     23     21     16
     30    32      434.3118   129      482.0000      427.1528     2740   11.38%           x4_78 D     30     28     21
     45    46      466.5000   140      482.0000      427.1528     3234   11.38%          x56_35 N     45     43     33
     69    62      460.0312   106      482.0000      427.3571     5112   11.34%          x80_65 N     69     67      4
Elapsed time = 2.59 sec. (5437.69 ticks, tree = 0.56 MB, solutions = 1)
*    72    49      integral     0      458.0000      427.3571     5382    6.69%
    104    71      437.2500   158      458.0000      427.5104     6776    6.66%          x35_58 N    104      3      3
    142   104      436.6042   180      458.0000      428.4015     9062    6.46%          x50_43 D    142    141     19
    190   138      454.9017   188      458.0000      428.6167    11376    6.42%          x58_41 D    190    188     18
    245   181      445.4253   129      458.0000      429.6410    13429    6.19%           x63_3 N    245    244     44
    300   227      450.7273   106      458.0000      430.0000    14738    6.11%          x71_54 D    300    299     38
    377   291      441.0000    48      458.0000      430.3065    16181    6.05%           x3_51 N    377    375     29
    440   339      438.7165   204      458.0000      430.8125    18141    5.94%          x43_50 U    440     14     11
    495   382      448.4182   132      458.0000      431.0714    20771    5.88%          x13_78 D    495    493     14
    558   433      435.5000   149      458.0000      431.2063    23254    5.85%          x56_35 D    558    557     15
    616   474      456.6250    35      458.0000      432.0980    26055    5.66%          x58_24 N    616    614     16
Elapsed time = 10.85 sec. (15322.28 ticks, tree = 4.95 MB, solutions = 2)
    680   524      451.6111   101      458.0000      432.5555    28518    5.56%          x10_29 U    680    679     31
    747   576      438.8519   179      458.0000      432.6653    30546    5.53%          x80_68 D    747    746     18
    815   634      451.1016   142      458.0000      432.9595    32674    5.47%          x35_81 D    815    814     36
    866   670      449.7500    24      458.0000      433.3333    34801    5.39%          x58_56 N    866    865      9
    910   694      448.1364   200      458.0000      433.6759    36007    5.31%          x71_21 U    910    173      6
    960   727      438.2127   196      458.0000      433.8590    38704    5.27%          x63_58 D    960     15     11
   1021   774      443.6394   212      458.0000      434.1444    40817    5.21%          x80_68 D   1021   1020     20
   1089   835      444.6154    96      458.0000      434.1964    42599    5.20%          x21_28 N   1089   1088     37
   1127   869      438.3056   110      458.0000      434.2546    43313    5.18%          x35_26 D   1127   1126     30
   1193   920      449.5769   186      458.0000      434.3182    45277    5.17%          x55_35 D   1193   1192     25
Elapsed time = 18.82 sec. (25093.01 ticks, tree = 13.28 MB, solutions = 2)
   1250   964      455.8000    75      458.0000      434.5417    47629    5.12%          x40_27 D   1250   1249     58
   1302  1000        cutoff            458.0000      434.6364    49012    5.10%          x55_71 U   1302   1301     21
   1338  1025      453.5000   169      458.0000      434.9358    51120    5.04%          x56_41 D   1338   1337     17
   1397  1074      454.8836   174      458.0000      434.9762    53311    5.03%          x27_61 N   1397   1396     30
*  1418   824      integral     0      453.0000      435.0273    53925    3.97%
   1469   851      436.1313   152      453.0000      435.3333    55328    3.90%          x29_70 N   1469   1306     25
   1547   906      445.4167    83      453.0000      435.4457    57648    3.88%          x80_56 U   1547    351     10
*  1549   507      integral     0      446.0000      435.4457    57676    2.37%
   1616   554      437.5700   158      446.0000      435.7083    59768    2.31%           x63_3 D   1616    564     22
   1694   607      442.0833   162      446.0000      435.8500    62126    2.28%          x37_26 D   1694   1693     36
*  1745   390      integral     0      443.0000      436.1667    63289    1.54%
   1768   398      437.5000    12      443.0000      436.3387    64083    1.50%          x70_55 D   1768    359     17
   1846   426      440.8407   183      443.0000      436.9560    66373    1.36%          x43_50 D   1846   1845     14
Elapsed time = 26.81 sec. (34752.34 ticks, tree = 7.29 MB, solutions = 5)
   1930   448      440.7292   150      443.0000      437.4223    69032    1.26%          x38_76 D   1930   1929     30
   2018   453        cutoff            443.0000      437.8571    71367    1.16%          x34_10 D   2018   2017     35
*  2035    11      integral     0      439.0000      437.9375    71648    0.24%

Zero-half cuts applied:  6
User cuts applied:  2422

Root node processing (before b&c):
  Real time             =    0.72 sec. (1759.44 ticks)
Sequential b&c:
  Real time             =   27.88 sec. (35195.57 ticks)
                          ------------
Total (root+branch&cut) =   28.60 sec. (36955.02 ticks)

