Version identifier: 22.1.0.0 | 2022-03-09 | 1a383f8ce
CPXPARAM_Preprocessing_Reduce                    1
CPXPARAM_Threads                                 1
CPXPARAM_Preprocessing_Reformulations            0
CPXPARAM_TimeLimit                               10800
CPXPARAM_MIP_Tolerances_AbsMIPGap                0.999
CPXPARAM_MIP_Limits_TreeMemory                   20000
Legacy callback                                  BbLUID
         Disabling repeat represolve because of lazy constraint/incumbent callback.
Tried aggregator 1 time.
MIP Presolve eliminated 10763 rows and 0 columns.
MIP Presolve modified 680 coefficients.
Reduced MIP has 842 rows, 3391 columns, and 16662 nonzeros.
Reduced MIP has 3391 binaries, 0 generals, 0 SOSs, and 0 indicators.
Presolve time = 0.01 sec. (18.95 ticks)
Probing time = 0.00 sec. (2.98 ticks)
Clique table members: 842.
MIP emphasis: balance optimality and feasibility.
MIP search method: traditional branch-and-cut.
Parallel mode: none, using 1 thread.
Root relaxation solution time = 0.00 sec. (2.98 ticks)

        Nodes                                         Cuts/
   Node  Left     Objective  IInf  Best Integer    Best Bound    ItCnt     Gap         Variable B NodeID Parent  Depth

      0     0      434.7500    75                    374.0000      156         
      0     0      448.5000    22                    Cuts: 47      196         
      0     0      457.5000   100                    Cuts: 64      259         
      0     0      469.3333   119                    Cuts: 38      314         
      0     0      471.6667   145                    Cuts: 11      331         
      0     0      478.0000    99                    Cuts: 23      401         
      0     0      478.0000   117                     Cuts: 9      412         
      0     0      484.1250   123                    Cuts: 22      479         
      0     0      485.3333   178                    Cuts: 13      503         
      0     0      487.1859   174                    Cuts: 17      529         
      0     0      488.2500   106                    Cuts: 20      549         
      0     0      490.4286   163                    Cuts: 11      591         
      0     0      492.0000    10                    Cuts: 16      633         
      0     0      494.7500   107                    Cuts: 24      667         
      0     0      494.7500    97                     Cuts: 9      673         
      0     0      495.5000    10                     User: 3      676         
      0     0      495.5000    64                     User: 1      683         
      0     0      496.1250   125                    User: 16      715         
      0     0      496.3158   187                     User: 1      721         
      0     0      496.5000   129                     User: 2      729         
      0     0      496.5000    68                     User: 5      730         
      0     2      496.5000    68                    496.7500      730                                 0             0
Elapsed time = 0.50 sec. (902.53 ticks, tree = 0.01 MB, solutions = 0)
      3     5      498.8750    59                    498.1000      980                   x16_45 N      3      1      2
      6     8      499.8077   116                    498.1000     1196                   x10_55 N      6      4      4
      7     9      508.6000   171                    498.1000     1386                   x10_55 N      7      4      4
     13    15      507.6667    31                    498.1000     1928                   x45_64 N     13     11      7
     20    22      508.5000    50                    498.1000     2370                   x36_56 N     20     17     11
     27    29      512.0000    63                    498.1000     2867                   x48_34 N     27     25     15
     34    36      513.9375   188                    498.1000     3169                   x21_74 U     34     33     20
     43    45      518.4375   148                    498.1000     3660                   x18_16 N     43     40     26
     50    52      517.8600   113                    498.1000     4382                   x10_16 N     50     47     31
     80    82      534.0909    40                    498.1000     5518                   x63_67 D     80     79     52
Elapsed time = 2.47 sec. (4502.99 ticks, tree = 0.45 MB, solutions = 0)
    100   102      543.1271    98                    498.1000     6906                   x56_38 D    100     98     66
    130   132      555.3718    96                    498.1000     8641                   x67_36 D    130    128     88
    145   147      583.5000    14                    498.1000     9314                    x51_7 U    145    142     97
    160   162      710.1923    95                    498.1000     9528                   x24_62 N    160    158    110
    190   190      771.7000    91                    498.1000    10194                   x55_34 N    190    188    134
    212   210      834.0000    50                    498.1000    10853                   x41_24 N    212    211    151
    220   212      504.0000    94                    500.0000    11095                   x34_56 U    220    218      5
*   239    45      integral     0      512.0000      500.0000    11598    2.34%
    256    54      509.0000   105      512.0000      501.0833    12323    2.13%           x55_5 D    256    255      8
*   285    63      integral     0      510.0000      501.5800    13924    1.65%
*   316    30      integral     0      506.0000      502.5000    14906    0.69%
    320    27      503.8056   136      506.0000      503.0000    15314    0.59%          x79_62 D    320    222      8
    417    13        cutoff            506.0000      504.5000    17072    0.30%          x33_29 U    417    330     19
Elapsed time = 7.89 sec. (14357.52 ticks, tree = 0.03 MB, solutions = 3)

Zero-half cuts applied:  12
Gomory fractional cuts applied:  1
User cuts applied:  2761

Root node processing (before b&c):
  Real time             =    0.50 sec. (902.56 ticks)
Sequential b&c:
  Real time             =    7.45 sec. (13593.54 ticks)
                          ------------
Total (root+branch&cut) =    7.95 sec. (14496.11 ticks)

