Version identifier: 22.1.0.0 | 2022-03-09 | 1a383f8ce
CPXPARAM_Preprocessing_Reduce                    1
CPXPARAM_Threads                                 1
CPXPARAM_Preprocessing_Reformulations            0
CPXPARAM_TimeLimit                               10800
CPXPARAM_MIP_Tolerances_AbsMIPGap                0.999
CPXPARAM_MIP_Limits_TreeMemory                   20000
Legacy callback                                  BbLUID
         Disabling repeat represolve because of lazy constraint/incumbent callback.
Tried aggregator 1 time.
MIP Presolve eliminated 6326 rows and 0 columns.
MIP Presolve modified 546 coefficients.
Reduced MIP has 708 rows, 2779 columns, and 12594 nonzeros.
Reduced MIP has 2779 binaries, 0 generals, 0 SOSs, and 0 indicators.
Presolve time = 0.01 sec. (12.16 ticks)
Probing time = 0.00 sec. (2.78 ticks)
Clique table members: 708.
MIP emphasis: balance optimality and feasibility.
MIP search method: traditional branch-and-cut.
Parallel mode: none, using 1 thread.
Root relaxation solution time = 0.00 sec. (2.50 ticks)

        Nodes                                         Cuts/
   Node  Left     Objective  IInf  Best Integer    Best Bound    ItCnt     Gap         Variable B NodeID Parent  Depth

      0     0      470.2500    83                    370.0000       75         
      0     0      472.0000    76                    Cuts: 11       93         
      0     0      472.2500    78                    Cuts: 12      104         
      0     0      473.1250    90                    Cuts: 10      109         
      0     0      477.0000    46                    Cuts: 18      124         
      0     0      477.7500    99                    Cuts: 32      149         
      0     0      479.7500    93                     Cuts: 8      152         
      0     0      481.5000    71                    Cuts: 20      164         
      0     0      484.0000    85                    Cuts: 31      203         
      0     0      485.0000    78                    Cuts: 16      222         
      0     0      486.0000    38                    Cuts: 18      241         
      0     0      487.0000    51                     User: 7      249         
      0     0      487.0000    50                    Cuts: 11      255         
      0     0      487.0000    33                     User: 6      255         
      0     0      487.0000    49                     User: 8      266         
      0     0      487.5000    34                     User: 4      288         
      0     0      489.0000   125                     User: 5      311         
      0     0      489.2000   132                    User: 14      333         
      0     0      489.2500    54                    User: 12      337         
      0     0      489.2500    55                     User: 4      338         
      0     0      490.2500    55                     User: 2      340         
      0     0      490.2500    71                     User: 1      343         
      0     0      491.2500    55                     User: 1      344         
      0     0      491.2500    55                     User: 2      345         
*     0+    0                          537.0000      491.2500             8.52%
      0     2      491.2500    55      537.0000      491.6923      345    8.44%                        0             0
Elapsed time = 0.32 sec. (702.24 ticks, tree = 0.01 MB, solutions = 1)
      9    11      497.1000    36      537.0000      493.0000      500    8.19%          x22_30 D      9      8      7
     14    16      500.5000    21      537.0000      493.0000      604    8.19%            x2_1 U     14     13     12
     30    32      517.0000    14      537.0000      493.0000      895    8.19%           x3_49 U     30     29     23
     40    39      500.1667    60      537.0000      495.0000     1252    7.82%          x50_30 N     40     39      3
     48    47      503.0000    34      537.0000      495.0000     1565    7.82%          x76_73 U     48     46      8
*    50+   28                          507.0000      495.0000             2.37%
*    51    27      integral     0      505.0000      495.0000     1696    1.98%
*    60    24      integral     0      504.0000      495.2500     1769    1.74%
     80    42      497.5000    32      504.0000      495.2500     1974    1.74%           x2_33 D     80     79     25
*    83    31      integral     0      500.0000      495.2500     2027    0.95%
*    97    28      integral     0      499.0000      495.5000     2256    0.70%
*   117    16      integral     0      498.0000      496.0000     2536    0.40%
    134     0        cutoff            498.0000      498.0000     2654    0.00%          x33_71 D    134    100      9

Zero-half cuts applied:  3
Gomory fractional cuts applied:  1
User cuts applied:  1141

Root node processing (before b&c):
  Real time             =    0.32 sec. (702.31 ticks)
Sequential b&c:
  Real time             =    1.10 sec. (1736.34 ticks)
                          ------------
Total (root+branch&cut) =    1.42 sec. (2438.65 ticks)

