Version identifier: 22.1.0.0 | 2022-03-09 | 1a383f8ce
CPXPARAM_Preprocessing_Reduce                    1
CPXPARAM_Threads                                 1
CPXPARAM_Preprocessing_Reformulations            0
CPXPARAM_TimeLimit                               10800
CPXPARAM_MIP_Tolerances_AbsMIPGap                0.999
CPXPARAM_MIP_Limits_TreeMemory                   20000
Legacy callback                                  BbLUID
         Disabling repeat represolve because of lazy constraint/incumbent callback.
Tried aggregator 1 time.
MIP Presolve eliminated 7158 rows and 0 columns.
MIP Presolve modified 598 coefficients.
Reduced MIP has 760 rows, 2986 columns, and 14497 nonzeros.
Reduced MIP has 2986 binaries, 0 generals, 0 SOSs, and 0 indicators.
Presolve time = 0.01 sec. (14.58 ticks)
Probing time = 0.00 sec. (2.82 ticks)
Clique table members: 769.
MIP emphasis: balance optimality and feasibility.
MIP search method: traditional branch-and-cut.
Parallel mode: none, using 1 thread.
Root relaxation solution time = 0.00 sec. (3.26 ticks)

        Nodes                                         Cuts/
   Node  Left     Objective  IInf  Best Integer    Best Bound    ItCnt     Gap         Variable B NodeID Parent  Depth

      0     0      469.5000    60                    433.0000      144         
      0     0      471.5000    24                    Cuts: 15      165         
      0     0      472.5000    34                    Cuts: 22      176         
      0     0      473.0000    40                    Cuts: 22      185         
      0     0      473.5833    97                    Cuts: 15      190         
      0     0      473.7083   131                    Cuts: 13      197         
      0     0      474.0000    78                    Cuts: 13      208         
      0     0      474.0000    74                    Cuts: 14      214         
      0     0      474.3214   142                    Cuts: 12      218         
      0     0      474.5714   107                     User: 7      219         
      0     0      474.8333    88                    Cuts: 11      231         
      0     0      474.8966    98                     User: 8      236         
      0     0      475.4231   116                     Cuts: 9      243         
      0     0      475.4231   144                     Cuts: 6      247         
      0     0      475.4500   131                    User: 13      249         
      0     0      475.6250   137                    User: 10      256         
      0     0      475.6429   133                     User: 3      257         
      0     0      475.6429   129                     User: 7      261         
      0     0      475.6429   131                     User: 3      262         
      0     0      475.7083   137                     User: 3      267         
      0     0      479.1053   146                     User: 1      304         
      0     0      480.2500   157                     User: 3      315         
      0     0      480.7500   100                     User: 3      322         
      0     0      480.8750   151                     User: 2      332         
      0     0      481.0347   162                    User: 11      344         
      0     0      481.5833   159                     User: 5      352         
      0     2      481.7500   159                    481.7500      352                                 0             0
Elapsed time = 0.39 sec. (835.44 ticks, tree = 0.01 MB, solutions = 0)
      3     5      485.5000   147                    484.5000      488                   x71_78 U      3      1      2
     15    17      492.5000   159                    484.5000      705                   x71_46 D     15     13     12
     33    30      513.7500   146                    486.3750     1471                   x32_71 N     33     32      8
     43    35      556.5000   138                    486.3750     2034                    x46_4 N     43     42     15
     56    44      525.7500   109                    486.5000     2659                   x32_80 N     56     55     11
*    70+   56                          550.0000      486.5000            11.55%
     70    58      534.5000    32      550.0000      486.5000     2851   11.55%          x15_61 D     70     68     21
*    73    59      integral     0      539.0000      486.5000     2894    9.74%
     83    66    infeasible            539.0000      486.8125     3306    9.68%          x32_54 N     83     82     11
    109    83      502.5000    38      539.0000      487.7500     4023    9.51%           x3_36 D    109    108     12
*   110+   38                          508.0000      487.7500             3.99%
*   117    42      integral     0      507.0000      487.7500     4077    3.80%
    134    50      504.7500    51      507.0000      488.1667     4276    3.71%          x15_36 D    134    133     11
*   145    55      integral     0      506.0000      488.1667     4294    3.52%
*   200+   55                          504.0000      492.8333             2.22%
*   203    41      integral     0      503.0000      492.8333     5294    2.02%
*   235    29      integral     0      501.0000      495.7500     5784    1.05%

Mixed integer rounding cuts applied:  1
Zero-half cuts applied:  18
Gomory fractional cuts applied:  3
User cuts applied:  1412

Root node processing (before b&c):
  Real time             =    0.39 sec. (835.64 ticks)
Sequential b&c:
  Real time             =    2.18 sec. (3231.54 ticks)
                          ------------
Total (root+branch&cut) =    2.57 sec. (4067.17 ticks)

