Version identifier: 22.1.0.0 | 2022-03-09 | 1a383f8ce
CPXPARAM_Preprocessing_Reduce                    1
CPXPARAM_Threads                                 1
CPXPARAM_Preprocessing_Reformulations            0
CPXPARAM_TimeLimit                               10800
CPXPARAM_MIP_Tolerances_AbsMIPGap                0.999
CPXPARAM_MIP_Limits_TreeMemory                   20000
Legacy callback                                  BbLUID
         Disabling repeat represolve because of lazy constraint/incumbent callback.
Tried aggregator 1 time.
MIP Presolve eliminated 8916 rows and 0 columns.
MIP Presolve modified 564 coefficients.
Reduced MIP has 727 rows, 3247 columns, and 15013 nonzeros.
Reduced MIP has 3247 binaries, 0 generals, 0 SOSs, and 0 indicators.
Presolve time = 0.01 sec. (15.66 ticks)
Probing time = 0.00 sec. (2.94 ticks)
Clique table members: 727.
MIP emphasis: balance optimality and feasibility.
MIP search method: traditional branch-and-cut.
Parallel mode: none, using 1 thread.
Root relaxation solution time = 0.00 sec. (3.08 ticks)

        Nodes                                         Cuts/
   Node  Left     Objective  IInf  Best Integer    Best Bound    ItCnt     Gap         Variable B NodeID Parent  Depth

      0     0      366.0000    20                    366.0000      130         
      0     0      440.0000    54                    Cuts: 76      195         
      0     0      448.2500    71                    Cuts: 49      234         
      0     0      454.9167    95                    Cuts: 39      285         
      0     0      461.1667   109                    Cuts: 23      322         
      0     0      465.3333    86                    Cuts: 22      349         
      0     0      467.6111   154                    Cuts: 28      390         
      0     0      467.7500   110                     Cuts: 9      399         
      0     0      468.4375   171                    Cuts: 15      421         
      0     0      468.7647   159                    Cuts: 16      434         
      0     0      470.4000   133                    Cuts: 21      478         
      0     0      470.9375   157                     Cuts: 8      510         
      0     0      474.5000   132                    User: 12      543         
      0     0      477.3810   167                    Cuts: 21      600         
      0     0      481.5000    68                    Cuts: 17      670         
      0     0      482.2353   168                    User: 23      711         
      0     0      483.1781   182                     Cuts: 8      751         
      0     0      483.9167   166                    Cuts: 16      765         
      0     0      484.1667   140                     User: 5      781         
      0     0      484.6000   148                     Cuts: 7      820         
      0     0      484.7273   140                    Cuts: 11      840         
      0     0      487.9681   194                     Cuts: 8      903         
      0     0      488.3730   185                    Cuts: 13      935         
      0     0      488.5556   162                     Cuts: 6      962         
      0     0      489.1607   189                     Cuts: 8      994         
      0     0      490.1154   183                     Cuts: 9     1028         
      0     0      490.3125   185                     User: 4     1043         
      0     0      490.5227   195                     User: 3     1082         
      0     0      491.0556   185                     Cuts: 8     1112         
      0     0      491.1053   185                     Cuts: 5     1127         
      0     0      491.1053   181                 ZeroHalf: 1     1133         
      0     0      491.4211   192                     User: 3     1152         
      0     0      491.4286   178                     User: 2     1158         
      0     2      491.4583   174                    491.4583     1158                                 0             0
Elapsed time = 0.75 sec. (1845.64 ticks, tree = 0.01 MB, solutions = 0)
      2     4      493.6274   191                    493.3214     1389                   x69_48 N      2      1      2
      4     6      494.1166   210                    493.9722     1559                   x67_28 N      4      2      3
     10    12      496.8976   208                    493.9722     2110                   x30_27 N     10      8      7
     15    17      509.6250   163                    493.9722     2720                    x47_4 N     15     12      9
     20    22      505.7034   178                    493.9722     3102                   x44_71 N     20     17     12
     26    28      510.1063   196                    493.9722     3579                   x54_71 D     26     24     16
     32    34      530.9140   189                    493.9722     4699                   x25_66 N     32     30     20
     39    41      536.3750   128                    493.9722     5483                   x13_71 N     39     36     25
     40    42      538.5185   128                    493.9722     5493                   x34_79 U     40     39     26
     60    62      558.6250    49                    493.9722     6329                   x25_75 D     60     58     38
Elapsed time = 2.75 sec. (6024.52 ticks, tree = 0.19 MB, solutions = 0)
     70    72      582.9038   132                    493.9722     7783                   x79_62 D     70     68     45
     79    81      646.9286   149                    493.9722     8930                    x65_4 N     79     78     51
     99   101      693.8000    66                    493.9722    10527                    x5_73 N     99     97     65
    115   115      753.8800   122                    493.9722    12114                    x17_3 N    115    113     75
    133   131      758.5000    39                    493.9722    13487                    x3_70 D    133    132     90
    144   142      826.9167   105                    493.9722    14979                    x24_3 N    144    141     97
    171   167      794.3333    52                    493.9722    15981                   x37_59 N    171    170    116
    190   186      804.4048   102                    493.9722    16967                   x43_74 N    190    189    130
    207   203      827.2381    56                    493.9722    17959                   x72_76 D    207    205    143
    242   238      834.3333    57                    493.9722    18642                   x44_19 D    242    241    172
Elapsed time = 7.83 sec. (16159.49 ticks, tree = 0.66 MB, solutions = 0)
    283   279      868.0909    58                    493.9722    19151                    x61_3 N    283    281    211
    318   310      912.7500    58                    493.9722    20138                    x20_6 U    318    316    237
    339   327      510.3571   178                    494.3585    21166                    x5_73 N    339    338      7
    357   345      533.9583    91                    494.3585    22733                   x77_69 N    357    354     20
    379   367      531.6250    76                    494.3585    24144                   x66_78 D    379    376     35
    400   388      542.2882   134                    494.3585    25755                    x27_4 D    400    399     51
    421   409      553.6522   118                    494.3585    27363                   x72_63 U    421    419     65
    437   425      576.3750    93                    494.3585    28785                    x4_16 N    437    435     76
    454   440      559.5313    84                    494.3585    30227                   x74_60 U    454    452     87
    473   459      572.1250    73                    494.3585    31989                   x47_71 U    473    471    100
Elapsed time = 13.54 sec. (26173.81 ticks, tree = 1.38 MB, solutions = 0)
    498   482      615.3333    64                    494.3585    33466                    x77_3 N    498    496    117
    520   502      630.9167    68                    494.3585    34888                    x21_9 N    520    519    135
    544   522      523.2941   151                    496.2170    36901                   x73_59 U    544    543     20
    575   553      554.1667    94                    496.2170    38120                    x71_9 D    575    574     51
    606   584      504.9091   170                    496.2321    39480                    x5_73 U    606    605      9
    630   608      521.0000   136                    496.2321    41442                    x77_3 N    630    629     27
    654   632      531.5306   171                    496.2321    43580                   x47_14 D    654    652     43
    672   650      550.8594   139                    496.2321    45378                   x80_81 N    672    670     54
    695   673      584.5000    30                    496.2321    46719                   x53_33 D    695    693     70
    721   699      589.5000    24                    496.2321    47295                    x6_52 N    721    720     90
Elapsed time = 19.67 sec. (36152.50 ticks, tree = 2.18 MB, solutions = 0)
    745   723      594.9167    38                    496.2321    47964                   x40_21 N    745    744    108
    764   742      621.0000    28                    496.2321    49004                    x9_64 N    764    762    123
    784   762      629.9444    95                    496.2321    50107                    x48_2 N    784    783    141
    809   787      508.4709   175                    497.2593    52164                    x4_14 U    809    807     11
    823   801      529.8902   150                    497.2593    54221                   x17_44 D    823    822     20
    840   818      549.5000    68                    497.2593    56038                   x25_44 D    840    839     32
    858   836      566.9444    75                    497.2593    57805                   x44_19 D    858    857     44
    880   858      578.5789    68                    497.2593    59425                   x30_37 D    880    879     60
    902   880      586.1053    63                    497.2593    60710                   x62_59 D    902    901     75
    926   904      595.2222    53                    497.2593    61745                   x54_70 N    926    924     92
Elapsed time = 25.12 sec. (45890.70 ticks, tree = 2.66 MB, solutions = 0)
    959   937      602.1683    64                    497.2593    62726                   x63_45 N    959    958    115
    980   958      605.0000    47                    497.2593    63115                   x44_65 D    980    979    134
   1009   987      505.3894   206                    497.2593    64272                   x18_68 U   1009   1007     14
   1028  1006      530.9333   102                    497.2593    66117                    x54_4 N   1028   1027     26
   1048  1026      566.3333    69                    497.2593    68221                    x21_9 N   1048   1046     38
   1065  1043      570.3750    64                    497.2593    69801                   x19_74 U   1065   1063     48
   1090  1068      584.0000    54                    497.2593    70677                   x77_16 N   1090   1088     63
   1108  1086      639.0000    20                    497.2593    71157                   x21_74 U   1108   1106     77
   1139  1117      600.6316    74                    497.2593    71668                   x76_60 N   1139   1138    104
   1155  1133      663.7500    44                    497.2593    72519                    x62_5 N   1155   1153    115
Elapsed time = 30.95 sec. (55939.24 ticks, tree = 3.34 MB, solutions = 0)
   1176  1154      697.0000     8                    497.2593    73108                   x45_10 N   1176   1175    133
   1183  1161      755.5000    76                    497.2593    74128                   x60_76 N   1183   1182    137
   1198  1172    infeasible                          497.2593    75460                   x12_74 N   1198   1196    146
   1213  1187      518.4438   180                    497.6667    77700                   x69_25 U   1213   1212     22
   1243  1217      547.5000   104                    497.6667    80150                    x25_4 D   1243   1242     52
   1277  1251      567.0296   137                    497.6667    81735                   x36_64 N   1277   1276     86
   1321  1295      599.8611    70                    497.6667    82872                    x4_29 D   1321   1320    130
   1354  1326      633.1420   123                    497.6667    83736                   x71_44 N   1354   1352    162
   1393  1365      653.5385    97                    497.6667    84469                   x71_48 U   1393   1392    201
   1416  1388      527.1250   105                    497.6667    86305                    x4_71 N   1416   1414     12
Elapsed time = 37.00 sec. (65957.82 ticks, tree = 3.94 MB, solutions = 0)
   1440  1412      552.1562   120                    497.6667    87343                   x10_25 N   1440   1439     29
   1463  1435      563.0000    24                    497.6667    87950                   x64_39 N   1463   1461     44
   1483  1455      577.6000    31                    497.6667    88554                    x8_64 N   1483   1481     58
   1496  1468      578.2500    23                    497.6667    88782                    x6_43 D   1496   1495     66
   1515  1487      626.5000    18                    497.6667    89393                   x68_55 N   1515   1514     82
   1531  1503      667.0000    10                    497.6667    89773                   x48_52 D   1531   1530     95
   1553  1521      523.3333   124                    497.9091    91460                   x41_21 U   1553   1552     20
   1580  1548      541.1875   101                    497.9091    92635                   x37_59 D   1580   1579     47
   1613  1581      558.4333    36                    497.9091    93155                   x36_57 N   1613   1612     80
   1640  1608      572.3901   105                    497.9091    93643                   x20_55 D   1640   1639    107
Elapsed time = 43.05 sec. (75894.20 ticks, tree = 4.47 MB, solutions = 0)
   1660  1628      606.8951   110                    497.9091    94411                    x48_2 D   1660   1659    127
   1682  1644      507.5000    70                    498.0263    95889                   x14_51 U   1682   1680     13
   1696  1658      516.6389    85                    498.0263    97873                   x25_27 N   1696   1695     22
   1712  1674      532.5000    28                    498.0263    99383                   x13_62 N   1712   1710     33
   1728  1690      546.0556   132                    498.0263   101016                   x74_48 N   1728   1727     44
   1755  1715    infeasible                          498.0263   102198                    x19_4 N   1755   1753     61
   1771  1727    infeasible                          498.0263   103371                   x19_25 N   1771   1769     74
   1790  1746      529.9608   153                    498.0556   105348                   x74_48 D   1790   1789     24
   1825  1781      550.3542   142                    498.0556   107051                   x19_74 D   1825   1824     59
   1855  1811      584.8571    43                    498.0556   108059                   x69_29 N   1855   1854     89
Elapsed time = 49.13 sec. (85852.08 ticks, tree = 5.20 MB, solutions = 0)
   1890  1846      629.5000    70                    498.0556   109048                   x77_34 N   1890   1889    124
   1933  1889      667.1667    66                    498.0556   109561                   x29_24 N   1933   1932    167
   1957  1913      682.6944    73                    498.0556   109947                   x77_19 N   1957   1956    191
   1981  1937      704.8333    58                    498.0556   110399                   x29_27 N   1981   1980    215
   2000  1956      716.0000    51                    498.0556   110652                   x40_36 D   2000   1999    234
   2026  1982      734.2500    61                    498.0556   110960                   x52_43 N   2026   2025    260
   2059  2013    infeasible                          498.0556   111316                   x74_75 N   2059   2058    293
   2067  2017      502.4659   183                    498.2000   112394                   x61_47 N   2067   2066      7
   2084  2034      513.3750   109                    498.2000   114248                    x4_14 U   2084   2082     19
   2128  2078      561.8333    94                    498.2000   122164                   x44_71 U   2128   2125     46
Elapsed time = 56.43 sec. (99263.64 ticks, tree = 5.97 MB, solutions = 0)
   2190  2140      615.3333   126                    498.2000   127006                   x58_69 N   2190   2188     88
   2270  2203      514.4583    51                    498.4286   130754                   x11_55 D   2270   2269     16
   2362  2295      567.9286    46                    498.4286   134502                   x51_40 N   2362   2361    108
   2428  2355      541.9091    79                    499.0000   139812                   x27_41 D   2428   2427     28
   2492  2419      620.2857    37                    499.0000   143528                   x14_54 N   2492   2490     75
   2558  2483      670.2061    78                    499.0000   147203                    x6_20 N   2558   2556    125
   2656  2581      776.1111    44                    499.0000   148781                   x62_19 N   2656   2653    208
   2709  2630      527.3571   103                    499.0400   154693                   x56_34 U   2709   2707     34
   2755  2674      579.6667   113                    499.0400   160846                   x67_23 D   2755   2753     64
   2811  2728      598.7500    56                    499.0400   165497                   x30_79 N   2811   2809    101
Elapsed time = 77.94 sec. (138162.88 ticks, tree = 7.90 MB, solutions = 0)
   2877  2794      679.4375    75                    499.0400   169059                   x44_65 N   2877   2874    149
   2958  2868      655.8889    67                    499.0400   171319                   x54_66 D   2958   2956    214
   3024  2928      538.0000    22                    499.1348   176050                   x72_15 N   3024   3023     46
   3092  2996      567.5833    28                    499.1348   177592                   x76_60 N   3092   3089    100
   3197  3101      573.1538    29                    499.1348   179366                   x66_54 D   3197   3196    201
   3287  3191      547.7000    76                    499.2828   183669                   x30_63 D   3287   3286     93
   3383  3287      579.6250    32                    499.2828   185466                    x16_4 D   3383   3382    189
   3433  3337      533.4000   145                    499.4674   191153                   x25_77 N   3433   3432     23
   3505  3407      613.0000    32                    499.4674   194857                   x21_41 N   3505   3504     72
   3592  3494      628.0000     8                    499.4674   195635                   x70_75 U   3592   3590    151
Elapsed time = 100.04 sec. (176730.56 ticks, tree = 9.99 MB, solutions = 0)
   3689  3591      572.3333    93                    499.5417   200748                   x63_37 D   3689   3688     94
   3808  3708      508.0577   108                    499.5471   203947                    x71_4 U   3808   3807     13
   3865  3763      532.0000    16                    499.5471   208135                   x30_37 U   3865   3863     56
   3904  3802      546.0769    39                    499.5471   210493                   x54_45 D   3904   3903     84
   3976  3874      561.3333    36                    499.5471   212925                   x38_24 D   3976   3975    149
   4070  3968      543.0200   132                    500.0000   217163                   x77_16 U   4070   4069     76
*  4185  1785      integral     0      567.0000      500.0000   220247   11.82%
   4198  1792      501.5000   172      567.0000      500.0333   220808   11.81%          x47_71 U   4198    803      7
   4269  1859      510.0588   183      567.0000      500.1212   224478   11.80%          x61_47 U   4269   4268     20
   4355  1945      558.7500    77      567.0000      500.1212   228453   11.80%          x54_13 N   4355   4354    106
   4450  2036      559.5833   148      567.0000      500.1429   232447   11.79%          x60_77 N   4450   4449     87
Elapsed time = 122.56 sec. (215504.83 ticks, tree = 6.48 MB, solutions = 1)
   4487  2067      565.5000   110      567.0000      500.1548   237916   11.79%          x54_14 N   4487   4485     28
   4540  2110      509.1286   166      567.0000      500.1875   243433   11.78%          x54_59 D   4540   4539     11
   4605  2174      565.3333    59      567.0000      500.1875   247759   11.78%          x41_12 D   4605   4604     76
   4655  2220      556.8919   158      567.0000      500.1964   253359   11.78%           x4_54 D   4655   4654     55
   4729  2284      513.4375   106      567.0000      500.2792   258499   11.77%          x25_69 U   4729   4728     16
*  4749   386      integral     0      517.0000      500.2792   261113    3.23%
   4778   407        cutoff            517.0000      500.4000   264582    3.21%          x44_71 D   4778   4777     19
   4830   439      506.8868   169      517.0000      500.6774   271659    3.16%           x71_4 D   4830   4829     11
   4890   483      513.5921   120      517.0000      501.0139   278091    3.09%          x69_25 D   4890   4889     15
   4954   529        cutoff            517.0000      501.1563   283501    3.06%          x25_69 U   4954   4953     22
   5018   573      507.0179   209      517.0000      501.2500   289662    3.05%          x71_62 D   5018   5017     11
Elapsed time = 141.99 sec. (254040.35 ticks, tree = 1.95 MB, solutions = 2)
   5071   608      506.7273   187      517.0000      501.5000   296457    3.00%          x14_54 D   5071   5070     15
   5142   653      502.3902   194      517.0000      501.6667   302111    2.97%          x61_47 D   5142   1402      4
*  5200+  258                          509.0000      501.7500             1.42%
   5203   261      508.0000    92      509.0000      501.7500   307534    1.42%          x14_27 D   5203   5202     16
   5272   267      506.6731   161      509.0000      502.3924   314685    1.30%           x71_4 U   5272   5129     11
   5345   277        cutoff            509.0000      503.0213   321623    1.17%          x30_27 D   5345   5344     12
   5400   266        cutoff            509.0000      503.5828   327843    1.06%          x71_62 D   5400   5399     10
   5484   288      507.9167   163      509.0000      503.9167   333579    1.00%          x67_23 U   5484   5483      7
   5559   269        cutoff            509.0000      504.4491   339778    0.89%          x71_14 U   5559   5223     15
   5631   239        cutoff            509.0000      505.0500   345545    0.78%          x69_25 U   5631   1777     12
   5711   201        cutoff            509.0000      505.6428   351014    0.66%          x71_14 U   5711   5295     12
Elapsed time = 160.13 sec. (292526.15 ticks, tree = 0.77 MB, solutions = 3)
   5811   133        cutoff            509.0000      506.5463   355913    0.48%           x71_4 U   5811   5760     12
   5921    52        cutoff            509.0000      507.5000   358744    0.29%          x60_25 U   5921   5450     19

Clique cuts applied:  1
Zero-half cuts applied:  10
User cuts applied:  10373

Root node processing (before b&c):
  Real time             =    0.76 sec. (1845.72 ticks)
Sequential b&c:
  Real time             =  163.02 sec. (300137.25 ticks)
                          ------------
Total (root+branch&cut) =  163.78 sec. (301982.98 ticks)

