Version identifier: 22.1.0.0 | 2022-03-09 | 1a383f8ce
CPXPARAM_Preprocessing_Reduce                    1
CPXPARAM_Threads                                 1
CPXPARAM_Preprocessing_Reformulations            0
CPXPARAM_TimeLimit                               10800
CPXPARAM_MIP_Tolerances_AbsMIPGap                0.999
CPXPARAM_MIP_Limits_TreeMemory                   20000
Legacy callback                                  BbLUID
         Disabling repeat represolve because of lazy constraint/incumbent callback.
Tried aggregator 1 time.
MIP Presolve eliminated 9751 rows and 0 columns.
MIP Presolve modified 639 coefficients.
Reduced MIP has 802 rows, 3610 columns, and 16798 nonzeros.
Reduced MIP has 3610 binaries, 0 generals, 0 SOSs, and 0 indicators.
Presolve time = 0.01 sec. (17.69 ticks)
Probing time = 0.00 sec. (3.06 ticks)
Clique table members: 802.
MIP emphasis: balance optimality and feasibility.
MIP search method: traditional branch-and-cut.
Parallel mode: none, using 1 thread.
Root relaxation solution time = 0.00 sec. (3.80 ticks)

        Nodes                                         Cuts/
   Node  Left     Objective  IInf  Best Integer    Best Bound    ItCnt     Gap         Variable B NodeID Parent  Depth

      0     0      420.5000    22                    376.0000      181         
      0     0      468.5000   100                    Cuts: 17      235         
      0     0      473.0000    54                    Cuts: 21      245         
      0     0      473.3333    68                    Cuts: 15      257         
      0     0      473.4000    72                     Cuts: 8      266         
      0     0      474.0000    50                     Cuts: 7      283         
      0     0      474.3333    81                     Cuts: 7      291         
      0     0      474.7000    79                     Cuts: 7      302         
      0     0      475.0000    47                     Cuts: 6      309         
      0     0      475.0000    52                    Cuts: 11      312         
*     0+    0                          519.0000      475.0000             8.48%
*     0+    0                          495.0000      475.0000             4.04%
      0     2      475.0000    16      495.0000      475.0000      312    4.04%                        0             0
Elapsed time = 0.23 sec. (384.57 ticks, tree = 0.01 MB, solutions = 2)
*     6     6      integral     0      481.0000      476.0000      426    1.04%
*    14     8      integral     0      479.0000      476.0000      501    0.63%

Zero-half cuts applied:  17
Gomory fractional cuts applied:  6
User cuts applied:  459

Root node processing (before b&c):
  Real time             =    0.23 sec. (383.92 ticks)
Sequential b&c:
  Real time             =    0.17 sec. (208.06 ticks)
                          ------------
Total (root+branch&cut) =    0.41 sec. (591.98 ticks)

