Version identifier: 22.1.0.0 | 2022-03-09 | 1a383f8ce
CPXPARAM_Preprocessing_Reduce                    1
CPXPARAM_Threads                                 1
CPXPARAM_Preprocessing_Reformulations            0
CPXPARAM_TimeLimit                               10800
CPXPARAM_MIP_Tolerances_AbsMIPGap                0.999
CPXPARAM_MIP_Limits_TreeMemory                   20000
Legacy callback                                  BbLUID
         Disabling repeat represolve because of lazy constraint/incumbent callback.
Tried aggregator 2 times.
MIP Presolve eliminated 5186 rows and 0 columns.
MIP Presolve modified 570 coefficients.
Aggregator did 4 substitutions.
Reduced MIP has 728 rows, 2187 columns, and 10041 nonzeros.
Reduced MIP has 2187 binaries, 0 generals, 0 SOSs, and 0 indicators.
Presolve time = 0.01 sec. (10.45 ticks)
Probing time = 0.00 sec. (2.62 ticks)
Clique table members: 728.
MIP emphasis: balance optimality and feasibility.
MIP search method: traditional branch-and-cut.
Parallel mode: none, using 1 thread.
Root relaxation solution time = 0.00 sec. (2.36 ticks)

        Nodes                                         Cuts/
   Node  Left     Objective  IInf  Best Integer    Best Bound    ItCnt     Gap         Variable B NodeID Parent  Depth

      0     0      509.5000    30                    509.5000      128         
      0     0      555.0000    38                   Cuts: 105      184         
      0     0      558.0000    30                    Cuts: 32      216         
      0     0      558.5000    63                    Cuts: 15      234         
      0     0      559.0000    44                     Cuts: 7      250         
      0     0      559.2500    52                     Cuts: 3      257         
      0     0      559.5000    54                     Cuts: 5      267         
      0     0      560.5000    38                    Cuts: 13      271         
      0     0      560.7143    59                     Cuts: 8      284         
      0     0      561.0000    16                     User: 4      290         
      0     0      562.6667    20                     Cuts: 5      291         
      0     0      563.5000    13                    Cuts: 15      292         
      0     0      564.1111    21                    Cuts: 15      295         
      0     0      564.2222    27                     Cuts: 9      299         
      0     0      564.4286    31                    Cuts: 13      305         
      0     0      564.5000    10                 ZeroHalf: 2      307         
      0     0      564.5556    27                 ZeroHalf: 2      311         
      0     0      564.6667    21                 ZeroHalf: 2      313         
      0     0      564.7143    26                 ZeroHalf: 2      317         
*     0+    0                          580.0000      564.7143             2.64%
      0     2      564.7143    26      580.0000      565.0000      317    2.59%                        0             0
Elapsed time = 0.17 sec. (243.56 ticks, tree = 0.01 MB, solutions = 1)
*     2     1      integral     0      565.0000      565.0000      321    0.00%

Cover cuts applied:  1
Zero-half cuts applied:  14
Lift and project cuts applied:  1
User cuts applied:  309

Root node processing (before b&c):
  Real time             =    0.17 sec. (243.57 ticks)
Sequential b&c:
  Real time             =    0.01 sec. (5.27 ticks)
                          ------------
Total (root+branch&cut) =    0.17 sec. (248.85 ticks)

