Version identifier: 22.1.0.0 | 2022-03-09 | 1a383f8ce
CPXPARAM_Preprocessing_Reduce                    1
CPXPARAM_Threads                                 1
CPXPARAM_Preprocessing_Reformulations            0
CPXPARAM_TimeLimit                               10800
CPXPARAM_MIP_Tolerances_AbsMIPGap                0.999
CPXPARAM_MIP_Limits_TreeMemory                   20000
Legacy callback                                  BbLUID
         Disabling repeat represolve because of lazy constraint/incumbent callback.
Tried aggregator 1 time.
MIP Presolve eliminated 14518 rows and 0 columns.
MIP Presolve modified 854 coefficients.
Reduced MIP has 1016 rows, 3898 columns, and 21164 nonzeros.
Reduced MIP has 3898 binaries, 0 generals, 0 SOSs, and 0 indicators.
Presolve time = 0.02 sec. (25.71 ticks)
Probing time = 0.00 sec. (3.14 ticks)
Clique table members: 1016.
MIP emphasis: balance optimality and feasibility.
MIP search method: traditional branch-and-cut.
Parallel mode: none, using 1 thread.
Root relaxation solution time = 0.00 sec. (3.62 ticks)

        Nodes                                         Cuts/
   Node  Left     Objective  IInf  Best Integer    Best Bound    ItCnt     Gap         Variable B NodeID Parent  Depth

      0     0      442.4167   115                    391.0000      130         
      0     0      463.0000     8                    Cuts: 44      149         
      0     0      469.4545    63                    Cuts: 18      191         
      0     0      470.9941   151                    Cuts: 11      219         
      0     0      471.3478   137                    Cuts: 15      245         
      0     0      472.0000   145                    Cuts: 15      277         
      0     0      472.1554   158                     Cuts: 4      303         
      0     0      473.5548   154                    Cuts: 14      363         
      0     0      473.6371   157                     User: 9      373         
      0     0      481.4394   184                     User: 3      488         
      0     0      483.0278   128                    Cuts: 21      541         
      0     0      483.5000   104                    Cuts: 13      559         
      0     0      484.6702   150                    Cuts: 18      606         
      0     0      488.5556   122                    Cuts: 18      673         
      0     0      489.9719   138                    Cuts: 16      710         
      0     0      493.7016   139                    Cuts: 13      769         
      0     0      494.6373   149                     Cuts: 8      804         
      0     0      495.1818   149                    Cuts: 10      836         
      0     0      495.3571   157                     Cuts: 5      856         
      0     0      495.7375   155                    Cuts: 13      885         
      0     0      496.3316   157                     Cuts: 9      923         
      0     0      496.8770   152                     Cuts: 9      950         
      0     0      496.9895   156                     Cuts: 3      963         
      0     0      497.4856   158                    Cuts: 15      991         
      0     0      498.3444   176                     Cuts: 4     1028         
      0     0      498.6806   160                     Cuts: 7     1051         
      0     0      499.2353   210                     Cuts: 2     1092         
      0     0      499.3556   205                     Cuts: 8     1115         
      0     0      499.4096   205                     Cuts: 4     1127         
      0     0      499.4096   208                     User: 5     1128         
      0     0      499.6314   198                     User: 2     1157         
      0     0      499.6380   201                     User: 3     1169         
      0     0      499.8182   197                    User: 10     1195         
      0     0      499.8214   198                    User: 22     1198         
      0     0      499.8315   202                     User: 4     1206         
      0     0      499.9409   204                     User: 7     1219         
      0     0      499.9922   216                     User: 8     1235         
      0     0      499.9977   208                    User: 12     1236         
      0     2      500.1831   218                    500.2288     1236                                 0             0
Elapsed time = 0.98 sec. (2388.09 ticks, tree = 0.01 MB, solutions = 0)
      1     3      503.2462   205                    502.8815     1480                   x80_81 N      1      0      1
      2     4      514.4545   192                    503.2612     2202                   x80_81 N      2      0      1
      4     6      506.7500   205                    503.9844     2388                   x47_26 D      4      3      3
      6     8      511.3320   203                    503.9844     2579                   x80_26 N      6      5      5
      7     9      520.7971   224                    503.9844     3013                   x80_26 N      7      5      5
      9    11      516.0460   196                    503.9844     3224                   x37_30 N      9      8      7
     16    18      520.6756   192                    503.9844     3617                    x67_1 N     16     15     13
     20    22      522.5365   207                    503.9844     4074                   x30_37 N     20     18     15
     24    26      526.1017   191                    503.9844     4726                   x67_47 D     24     22     17
     43    45      565.0000   168                    503.9844     6679                   x72_55 N     43     41     30
Elapsed time = 2.76 sec. (6466.32 ticks, tree = 0.52 MB, solutions = 0)
     60    62      552.3153   162                    503.9844     8216                    x2_13 D     60     58     42
     88    90      578.8000   121                    503.9844     9508                    x68_1 N     88     86     62
    105   107      585.6750   107                    503.9844    11097                   x58_57 N    105    104     74
    132   134      598.5969   145                    503.9844    12718                   x69_23 N    132    130     94
    160   162      604.7917    87                    503.9844    14097                    x78_9 N    160    159    115
    191   191      614.6250    73                    503.9844    15216                   x28_41 D    191    190    138
    218   218      625.3929    51                    503.9844    16470                   x70_64 N    218    217    160
    239   239      661.8333    50                    503.9844    17823                   x57_72 N    239    237    177
    265   265      653.5000    40                    503.9844    19574                   x52_49 U    265    262    197
    285   285      669.4231    65                    503.9844    21137                   x61_75 N    285    282    212
Elapsed time = 8.50 sec. (16359.87 ticks, tree = 1.26 MB, solutions = 0)
    310   304      516.2419   203                    504.8750    23576                   x57_72 N    310    308      3
    331   325      548.0000    10                    504.8750    25132                    x5_19 N    331    329     17
    344   338      576.4583   166                    504.8750    26873                   x46_69 N    344    343     26
    356   344      529.2034   194                    506.7500    29450                   x80_25 N    356    354      5
    371   359      549.3571   192                    506.7500    31433                   x57_72 N    371    368     15
    388   376      551.2000   168                    506.7500    33466                   x13_35 U    388    386     27
    410   398      528.4833   212                    511.5120    35191                    x67_1 N    410    409     12
    440   428      549.8627   161                    511.5120    37283                   x46_58 D    440    439     42
    473   461      564.8333    57                    511.5120    38675                   x35_74 D    473    472     75
    497   485      576.1667    73                    511.5120    39303                   x33_56 U    497    496     99
Elapsed time = 15.20 sec. (27119.15 ticks, tree = 2.06 MB, solutions = 0)
    526   514      582.9773   115                    511.5120    40063                   x64_59 N    526    525    128
    558   546      604.9545    42                    511.5120    41146                   x72_63 N    558    557    160
    580   568      621.2500    52                    511.5120    41867                   x39_63 D    580    579    182
    605   593      536.1855   207                    513.0193    43401                   x72_57 N    605    603      8
    616   604      547.9026   217                    513.0193    45534                   x25_26 N    616    614     15
    627   615      568.4286   168                    513.0193    47817                   x47_72 N    627    624     22
    642   630      573.6408   196                    513.0193    49576                   x25_32 N    642    641     33
    658   646      582.0000    30                    513.0193    51415                    x69_7 N    658    655     44
    672   660      583.7059   109                    513.0193    52622                   x38_80 D    672    671     53
    689   677      619.5000    32                    513.0193    54348                   x25_78 N    689    686     65
Elapsed time = 21.12 sec. (37304.92 ticks, tree = 2.79 MB, solutions = 0)
    701   689      620.0000    96                    513.0193    55956                   x45_77 U    701    699     73
    720   708      632.7500    45                    513.0193    56943                   x59_38 D    720    719     88
    737   725      717.3333    27                    513.0193    58629                   x59_52 D    737    735    100
    749   737      722.3333   135                    513.0193    59596                   x33_56 U    749    747    108
    771   757    infeasible                          513.0193    60628                    x9_40 N    771    769    125
    796   782      762.5000    74                    513.0193    61680                    x61_2 N    796    793    142
    816   802      538.1365   204                    514.5263    63879                   x46_19 N    816    813     15
    833   819      545.6607   209                    514.5263    65801                   x30_36 N    833    831     27
    848   834      569.7770   171                    514.5263    67607                   x57_23 N    848    845     36
    864   850      574.8500   159                    514.5263    69186                   x72_23 D    864    863     46
Elapsed time = 26.92 sec. (47252.82 ticks, tree = 3.59 MB, solutions = 0)
    878   860      628.3500   113                    514.5263    70411                    x7_30 N    878    877     56
    900   881      671.1538    82                    514.5263    72026                   x12_70 N    900    898     70
    905   886      670.8284   146                    514.5263    73227                    x9_43 N    905    903     73
    916   897      674.6875    72                    514.5263    74404                   x33_56 U    916    914     79
    943   924      685.4412   100                    514.5263    75578                   x66_45 D    943    942     99
    951   932      693.5000    88                    514.5263    76400                   x75_53 N    951    949    103
    967   948      727.0938    81                    514.5263    77337                   x74_37 N    967    965    113
    983   964      705.2404   115                    514.5263    78258                   x20_35 N    983    982    125
    998   979      722.0000    53                    514.5263    79350                   x77_25 N    998    996    134
   1010   991      543.0535   197                    514.6250    81365                    x9_25 N   1010   1008      7
Elapsed time = 32.91 sec. (57608.64 ticks, tree = 4.08 MB, solutions = 0)
   1021  1002      547.2857    84                    514.6250    83009                    x1_67 N   1021   1019     14
   1029  1010      562.9130   102                    514.6250    85025                   x46_19 N   1029   1026     19
   1053  1034      568.1000    21                    514.6250    86561                   x32_46 N   1053   1052     35
   1068  1043      525.6750   213                    515.7339    88386                   x72_57 D   1068   1067      8
   1083  1058      537.2057   222                    515.7339    90263                   x78_71 N   1083   1082     23
   1103  1078      549.5000   102                    515.7339    92030                   x36_42 N   1103   1102     43
   1120  1095      558.4886    92                    515.7339    92929                    x5_78 D   1120   1119     60
   1146  1121      603.1000    45                    515.7339    94049                   x26_71 N   1146   1145     86
   1167  1142      638.2237    51                    515.7339    95235                    x4_14 N   1167   1166    107
   1191  1165      681.7500    52                    515.7339    96234                   x17_14 N   1191   1190    131
Elapsed time = 39.10 sec. (68141.42 ticks, tree = 4.56 MB, solutions = 0)
   1200  1172      535.5400   177                    516.2941    97806                    x1_67 N   1200   1198     11
   1214  1186      545.9115   199                    516.2941    99582                   x57_72 N   1214   1212     20
   1231  1203      552.3689   164                    516.2941   101514                   x64_12 N   1231   1229     31
   1247  1219      548.7857   115                    516.2941   103183                   x59_20 D   1247   1245     42
   1266  1238      563.7241   151                    516.2941   105000                   x20_74 U   1266   1264     53
   1280  1252      578.5909   124                    516.2941   106345                   x63_69 N   1280   1278     62
   1292  1264      581.4138   126                    516.2941   107733                   x76_75 N   1292   1291     70
   1302  1274      600.6944    93                    516.2941   109135                    x62_3 N   1302   1301     75
   1312  1284      608.2159   103                    516.2941   110319                   x39_27 N   1312   1310     80
   1318  1290      632.1778   121                    516.2941   111272                    x49_2 N   1318   1316     84
Elapsed time = 45.63 sec. (79968.69 ticks, tree = 5.19 MB, solutions = 0)
   1333  1305      614.7794   117                    516.2941   112213                   x58_57 N   1333   1331     95
   1345  1317      625.7701    90                    516.2941   113448                   x30_36 N   1345   1343    104
   1368  1340      650.7959    65                    516.2941   115280                    x5_63 N   1368   1366    122
   1389  1361      665.7500    39                    516.2941   116649                   x17_72 N   1389   1387    138
   1410  1382      649.7500    87                    516.2941   117453                   x66_16 N   1410   1408    154
   1423  1395      653.3333    80                    516.2941   118372                   x65_49 N   1423   1422    163
   1441  1413      658.1503    83                    516.2941   118941                    x4_79 U   1441   1440    178
   1462  1434      662.7059    78                    516.2941   119686                    x14_4 U   1462   1460    195
   1471  1443      666.2000    88                    516.2941   120538                   x74_47 D   1471   1470    202
   1486  1458      677.3333    35                    516.2941   121497                   x28_16 N   1486   1485    213
Elapsed time = 51.33 sec. (90411.16 ticks, tree = 5.77 MB, solutions = 0)
   1500  1472      679.3968    49                    516.2941   122016                   x65_74 D   1500   1499    224
   1514  1486      685.0000    20                    516.2941   122578                    x5_47 D   1514   1513    236
   1527  1497      703.3704    69                    516.2941   123404                   x27_40 N   1527   1526    248
   1538  1508      727.6923    53                    516.2941   123980                   x11_31 U   1538   1536    255
   1548  1518      741.8333    42                    516.2941   124491                   x45_66 N   1548   1546    263
   1562  1532      760.8333    63                    516.2941   124907                   x22_66 D   1562   1561    275
   1574  1542      791.5000    42                    516.2941   125544                   x20_66 N   1574   1572    285
   1589  1557      802.5000    42                    516.2941   125749                    x2_70 D   1589   1588    298
   1602  1570      521.0000    97                    516.3723   126318                   x67_47 D   1602    310      4
   1666  1628      524.6897   222                    516.7014   132197                   x67_47 N   1666    310      4
Elapsed time = 58.10 sec. (103329.18 ticks, tree = 6.21 MB, solutions = 0)
   1720  1677      557.2941    57                    516.9028   138043                   x69_59 D   1720   1719     48
   1818  1775      618.6765    67                    516.9028   142803                   x74_53 N   1818   1817    146
   1908  1865      744.0909    30                    516.9028   145852                    x40_5 N   1908   1907    236
   1942  1895      578.7500    32                    517.0755   150279                   x36_42 N   1942   1939     24
   1980  1923      544.9658   229                    517.1161   155862                   x67_47 D   1980   1979     11
   2085  2028      570.2857    93                    517.1161   158927                    x5_26 N   2085   2084    116
   2126  2065      544.2879   192                    518.1776   164471                   x19_46 U   2126   2124     16
   2172  2109      573.3000    20                    518.1776   168191                   x38_42 N   2172   2170     46
   2206  2139      526.5975   224                    518.5000   172425                   x46_78 D   2206   2205      6
   2228  2159      578.5000    44                    518.5000   178381                   x63_72 N   2228   2227     21
Elapsed time = 80.42 sec. (142432.63 ticks, tree = 8.11 MB, solutions = 0)
   2253  2182    infeasible                          518.5000   184177                   x57_72 N   2253   2251     37
   2280  2205      560.1667   191                    518.6000   189927                   x72_57 U   2280   2277     18
   2317  2242      657.6429   178                    518.6000   195771                    x9_59 N   2317   2315     42
   2344  2262      768.1667   136                    518.6000   201938                    x78_7 N   2344   2342     61
   2370  2276      547.2000    46                    519.1591   207984                   x67_47 N   2370   2369     14
*  2392   755      integral     0      565.0000      519.1591   209685    8.11%
   2402   759      551.4300   216      565.0000      520.7500   213756    7.83%          x19_57 N   2402   2399     15
   2439   784      546.6612   225      565.0000      520.8000   220278    7.82%           x69_7 D   2439   2438     16
*  2469   175      integral     0      537.0000      520.9859   222967    2.98%
   2494   187      528.2828   216      537.0000      521.7028   226592    2.85%          x20_70 U   2494    404      7
   2542   214      534.3514    64      537.0000      522.1683   233095    2.76%          x67_47 N   2542   2541     27
   2590   233      529.2678   204      537.0000      523.8545   239019    2.45%           x1_67 U   2590     21     17
Elapsed time = 101.10 sec. (181995.69 ticks, tree = 1.27 MB, solutions = 2)
   2637   257      531.0000    78      537.0000      524.1111   245461    2.40%          x32_19 D   2637   2636     10
*  2678     8      integral     0      526.0000      524.5833   249866    0.27%          x19_78 U   2678   2454      9

Zero-half cuts applied:  23
Gomory fractional cuts applied:  1
User cuts applied:  8326

Root node processing (before b&c):
  Real time             =    0.98 sec. (2377.80 ticks)
Sequential b&c:
  Real time             =  103.55 sec. (186758.36 ticks)
                          ------------
Total (root+branch&cut) =  104.53 sec. (189136.17 ticks)

