Version identifier: 22.1.0.0 | 2022-03-09 | 1a383f8ce
CPXPARAM_Preprocessing_Reduce                    1
CPXPARAM_Threads                                 1
CPXPARAM_Preprocessing_Reformulations            0
CPXPARAM_TimeLimit                               10800
CPXPARAM_MIP_Tolerances_AbsMIPGap                0.999
CPXPARAM_MIP_Limits_TreeMemory                   20000
Legacy callback                                  BbLUID
         Disabling repeat represolve because of lazy constraint/incumbent callback.
Tried aggregator 1 time.
MIP Presolve eliminated 9525 rows and 0 columns.
MIP Presolve modified 647 coefficients.
Reduced MIP has 809 rows, 3464 columns, and 16374 nonzeros.
Reduced MIP has 3464 binaries, 0 generals, 0 SOSs, and 0 indicators.
Presolve time = 0.01 sec. (17.22 ticks)
Probing time = 0.00 sec. (3.02 ticks)
Clique table members: 809.
MIP emphasis: balance optimality and feasibility.
MIP search method: traditional branch-and-cut.
Parallel mode: none, using 1 thread.
Root relaxation solution time = 0.00 sec. (2.73 ticks)

        Nodes                                         Cuts/
   Node  Left     Objective  IInf  Best Integer    Best Bound    ItCnt     Gap         Variable B NodeID Parent  Depth

      0     0      471.5000    16                    434.0000      113         
      0     0      479.2500    71                    Cuts: 92      168         
      0     0      489.0000    46                    Cuts: 16      181         
      0     0      491.0000    92                    User: 10      198         
      0     0      491.0000   129                     Cuts: 9      209         
      0     0      495.0000    58                     Cuts: 6      258         
      0     0      496.0000    20                    Cuts: 14      281         
      0     0      496.7500    79                    Cuts: 27      292         
      0     0      497.0000    69                    Cuts: 25      300         
      0     0      499.5000    73                     Cuts: 7      311         
      0     0      505.0000    93                    Cuts: 13      391         
      0     0      507.6250   135                    Cuts: 13      395         
      0     0      507.8696   168                    Cuts: 17      403         
      0     0      509.2407   154                     Cuts: 9      424         
      0     0      509.6302   186                     Cuts: 7      464         
      0     0      509.6800   185                     Cuts: 5      471         
      0     0      509.6875   147                     User: 5      476         
      0     0      509.7545   179                     User: 2      498         
      0     0      509.7879   184                     User: 4      513         
      0     0      511.4925   179                     User: 6      558         
      0     0      511.7000   177                     User: 3      569         
      0     0      513.7778   154                     User: 9      618         
      0     0      514.2917   179                     User: 3      633         
      0     0      514.3750   151                     User: 4      637         
      0     0      514.7826   190                     User: 5      658         
      0     0      514.8000   176                     User: 3      665         
      0     0      514.8913   163                     User: 1      680         
      0     2      516.2500   156                    516.5000      680                                 0             0
Elapsed time = 0.61 sec. (1480.87 ticks, tree = 0.01 MB, solutions = 0)
      1     3      520.5000   147                    519.4000      794                   x31_22 N      1      0      1
      3     5      523.5268   184                    519.4000      877                   x69_28 N      3      1      2
      6     8      545.6500   180                    519.4000     1346                   x73_80 D      6      5      4
     10    12      551.6341   186                    519.4000     1660                   x56_50 N     10      9      7
     18    20      557.5357   164                    519.4000     2104                   x28_75 D     18     17     12
     20    22      560.6895   178                    519.4000     2218                   x68_11 N     20     19     14
     27    29      593.9762   170                    519.4000     2813                   x52_40 N     27     24     17
     34    36      631.3750   162                    519.4000     3531                   x54_68 N     34     32     21
     44    41      539.8000   187                    522.5750     4477                   x80_81 N     44     43      6
     70    61      562.6333   147                    523.7500     5830                    x6_52 D     70     69     16
Elapsed time = 2.66 sec. (5149.21 ticks, tree = 0.33 MB, solutions = 0)
    100    91      618.0000     8                    523.7500     6733                   x54_72 D    100     98     36
    124   115      698.0000    65                    523.7500     7124                   x54_40 U    124    123     53
    151   140      735.5000   111                    523.7500     8383                   x66_28 D    151    150     74
    193   170      608.3333   149                    524.5077    10840                   x48_55 N    193    191     18
    220   197      667.5769    61                    524.5077    12218                   x22_11 N    220    218     37
    240   217      649.4444    78                    524.5077    13328                   x16_18 N    240    238     50
    260   237      654.8333    48                    524.5077    14136                   x18_16 N    260    259     64
    274   251      660.6111    62                    524.5077    15375                   x63_23 N    274    272     73
    300   277      669.0000    18                    524.5077    16137                    x2_19 N    300    299     90
    320   297      670.1667    24                    524.5077    16585                   x57_62 D    320    318    105
Elapsed time = 8.31 sec. (15593.26 ticks, tree = 1.51 MB, solutions = 0)
    344   321      689.6429    78                    524.5077    17402                   x32_56 N    344    342    125
    360   337      673.3854    84                    524.5077    17867                   x10_23 N    360    358    138
    390   365      674.5000    30                    524.5077    18852                   x60_71 D    390    389    163
    405   380      726.3333    22                    524.5077    19167                   x25_15 N    405    403    174
    428   403      735.1579    38                    524.5077    19615                   x51_79 N    428    427    193
    451   426      755.0000    32                    524.5077    19994                   x66_69 N    451    449    212
    485   460      762.9000    41                    524.5077    20252                   x72_50 D    485    484    243
    510   482      551.4667   185                    524.8889    20813                   x11_81 N    510    508      9
    526   498      557.4615   152                    524.8889    21891                   x73_22 N    526    524     19
    548   520      566.0000    42                    524.8889    22994                    x2_63 N    548    547     33
Elapsed time = 13.65 sec. (25685.42 ticks, tree = 5.17 MB, solutions = 0)
    568   540      581.2000    45                    524.8889    23861                   x57_62 N    568    566     47
    587   559      592.0000    69                    524.8889    24575                   x12_16 N    587    585     58
    600   572      588.2500    37                    524.8889    24996                   x25_36 D    600    599     68
    617   589      595.3333    33                    524.8889    25841                   x71_12 D    617    616     81
    634   606      597.7500    48                    524.8889    26761                   x25_67 U    634    633     94
    654   626      600.3750    43                    524.8889    27243                    x19_2 D    654    652    110
    676   648      602.8929    43                    524.8889    27535                   x70_36 N    676    675    131
    688   660      631.3095   110                    524.8889    28117                   x53_21 N    688    687    141
    705   677      642.3333    71                    524.8889    28537                   x48_33 D    705    703    154
    731   703      646.3636    84                    524.8889    29273                   x53_42 N    731    730    176
Elapsed time = 19.20 sec. (35576.61 ticks, tree = 7.96 MB, solutions = 0)
    751   723      710.1667    67                    524.8889    29803                   x53_64 N    751    749    193
    773   745      718.9545    65                    524.8889    30296                    x4_45 N    773    771    212
    799   771      720.3333    45                    524.8889    30673                   x55_48 N    799    798    230
    825   797      725.8333    45                    524.8889    31185                     x4_6 D    825    823    249
    841   813      740.0000    34                    524.8889    31599                    x4_47 N    841    839    260
    851   819    infeasible                          524.8889    31960                    x58_8 N    851    849    266
    870   832      548.1250   113                    525.0000    32921                   x20_30 U    870    869     10
    888   850      559.0000    41                    525.0000    34471                   x15_50 U    888    886     22
    909   871      560.5000    32                    525.0000    35387                    x19_2 D    909    906     36
    927   889      572.1667    27                    525.0000    36104                    x61_7 N    927    924     50
Elapsed time = 24.52 sec. (45876.26 ticks, tree = 11.65 MB, solutions = 0)
    941   903      572.7500    25                    525.0000    36744                   x39_10 U    941    940     60
    955   917      582.3529    32                    525.0000    37491                   x38_19 N    955    953     69
    973   935      593.3636    46                    525.0000    38041                   x50_67 N    973    970     83
    995   957      591.9048    75                    525.0000    38636                   x48_33 N    995    993    102
   1007   967      653.3333    49                    525.0000    39109                   x76_31 N   1007   1006    112
   1018   970    infeasible                          525.5000    40356                   x11_68 N   1018   1017      8
   1037   985      571.5833   172                    525.7500    41806                   x56_50 N   1037   1035     14
   1056  1004      590.2750    87                    525.7500    42606                   x29_75 N   1056   1054     27
   1072  1020      598.2500    67                    525.7500    43459                   x55_29 N   1072   1070     37
   1096  1044      603.0000    57                    525.7500    43739                   x10_23 D   1096   1094     54
Elapsed time = 30.22 sec. (56199.36 ticks, tree = 13.72 MB, solutions = 0)
   1120  1068      615.0000    18                    525.7500    44042                   x36_25 D   1120   1119     74
   1140  1088      616.0909    20                    525.7500    44252                   x42_45 D   1140   1139     89
   1152  1100      645.0909    33                    525.7500    44429                   x65_14 N   1152   1151     99
   1162  1110      644.7879    85                    525.7500    44553                   x65_47 D   1162   1160    106
   1177  1125      647.5625    31                    525.7500    44774                   x76_65 N   1177   1176    120
   1192  1140      665.6000    22                    525.7500    44980                   x42_65 D   1192   1191    133
   1207  1155      698.0000    17                    525.7500    45134                   x56_42 D   1207   1206    148
   1217  1165      731.0000     8                    525.7500    45247                   x32_45 U   1217   1216    157
   1225  1173      787.7273    28                    525.7500    45384                   x42_56 U   1225   1224    162
   1239  1175      575.1667   164                    527.0833    46206                   x11_80 U   1239   1238      5
Elapsed time = 35.21 sec. (66222.54 ticks, tree = 19.56 MB, solutions = 0)
   1250  1184      606.4500   150                    527.0833    47569                   x28_75 U   1250   1248     13
   1263  1193    infeasible                          527.0833    48487                   x75_29 N   1263   1260     22
   1280  1206      555.1571   170                    528.0000    49506                   x15_12 D   1280   1279     19
   1321  1247      578.5667   109                    528.0000    50463                   x72_33 N   1321   1320     60
   1367  1293      599.3636    81                    528.0000    50841                   x57_62 U   1367   1366    106
   1382  1308      643.8000   110                    528.0000    51189                   x31_56 N   1382   1381    121
   1401  1327      648.5312    94                    528.0000    51437                   x12_48 N   1401   1400    140
   1424  1350      657.7576   120                    528.0000    51676                   x47_66 D   1424   1423    163
   1457  1383      668.0000    67                    528.0000    51915                    x56_8 D   1457   1456    196
   1483  1409      686.8000    77                    528.0000    52271                   x33_38 D   1483   1482    222
Elapsed time = 41.86 sec. (77008.20 ticks, tree = 32.91 MB, solutions = 0)
   1515  1441      701.8182    59                    528.0000    52507                    x7_48 N   1515   1514    254
   1539  1465      728.2500    36                    528.0000    52711                   x74_45 U   1539   1538    278
   1550  1470      556.5556   160                    528.8125    53139                   x22_11 N   1550   1549      8
   1573  1491      571.5833   137                    528.8125    54439                   x55_48 N   1573   1571     23
   1598  1516      574.4469   162                    528.8125    55265                   x32_41 D   1598   1597     42
   1612  1530      586.2353    73                    528.8125    55804                   x47_45 N   1612   1610     52
   1632  1550      599.7500    50                    528.8125    56408                   x66_29 N   1632   1630     67
   1654  1572      642.0000    44                    528.8125    56965                   x56_38 N   1654   1652     85
   1676  1594      597.9509    87                    528.8125    57419                   x31_32 N   1676   1675    103
   1695  1613      601.7661    96                    528.8125    57603                   x74_45 N   1695   1694    117
Elapsed time = 48.00 sec. (87121.24 ticks, tree = 42.70 MB, solutions = 0)
   1703  1621      645.1923    90                    528.8125    57732                    x31_6 N   1703   1701    121
   1720  1632    infeasible                          529.5000    58546                   x68_11 N   1720   1719     20
   1736  1644      550.8113   163                    529.9167    59506                   x15_12 D   1736   1734     17
   1745  1653      568.1667    87                    529.9167    60085                   x16_56 U   1745   1743     22
   1758  1666      573.7143   105                    529.9167    60921                   x33_67 N   1758   1757     31
   1771  1679      592.2143    76                    529.9167    62027                   x72_67 N   1771   1769     41
   1782  1690      581.1111    72                    529.9167    62762                   x73_41 D   1782   1781     50
   1807  1715      604.6667    45                    529.9167    63818                   x72_30 N   1807   1805     70
   1820  1728      619.0000    16                    529.9167    64510                   x40_30 N   1820   1818     79
   1879  1787      653.0000    42                    529.9167    66721                   x42_47 N   1879   1877    129
Elapsed time = 56.32 sec. (100401.54 ticks, tree = 48.52 MB, solutions = 0)
   1938  1836    infeasible                          529.9167    68050                   x32_72 N   1938   1935    167
   1996  1865      561.3750   144                    532.5000    71702                   x53_64 U   1996   1995      9
   2036  1903      595.5000   130                    532.5000    75326                   x28_68 D   2036   2035     34
   2095  1956      646.1667    83                    532.5000    78896                   x36_23 N   2095   2093     74
   2200  2030      608.3750    29                    534.2500    82208                   x33_48 U   2200   2199     56
   2319  2149      659.9167    62                    534.2500    83385                   x14_72 D   2319   2318    175
   2424  2248      570.6000   167                    534.3333    84720                   x73_66 U   2424    159      8
   2483  2307      642.0000    48                    534.3333    87883                   x33_42 N   2483   2482     51
   2525  2347      680.8333    53                    534.3333    89830                   x16_18 N   2525   2523     80
   2595  2417      688.7778    68                    534.3333    91961                   x76_78 N   2595   2594    135
Elapsed time = 81.60 sec. (139228.19 ticks, tree = 67.97 MB, solutions = 0)
   2665  2487      746.6667    64                    534.3333    93346                   x32_41 U   2665   2663    190
*  2726   328      integral     0      568.0000      535.6111    95448    5.70%
   2759   358        cutoff            568.0000      535.7381    96629    5.68%          x48_33 N   2759   2758     38
   2814   392      564.7500    32      568.0000      536.2667    99558    5.59%          x52_31 N   2814   2813     35
   2887   417      556.0750   165      568.0000      537.6176   103130    5.35%          x73_66 N   2887   2694      7
*  2907   384      integral     0      566.0000      537.7500   104085    4.99%
*  2953   113      integral     0      551.0000      538.3333   105379    2.30%
   2963   108        cutoff            551.0000      539.1250   105982    2.16%          x27_81 U   2963    507      8
*  2976    80      integral     0      549.0000      539.5000   106647    1.73%
   3044   107      546.2344   161      549.0000      540.8750   108708    1.48%          x58_73 D   3044   3043     16
   3127   105        cutoff            549.0000      543.5000   111259    1.00%          x75_58 U   3127   3125     26
   3206    94        cutoff            549.0000      545.3750   113746    0.66%          x32_41 D   3206   3205     11
   3289    50        cutoff            549.0000      546.6250   115583    0.43%          x16_18 D   3289   3080     26

Zero-half cuts applied:  10
User cuts applied:  10542

Root node processing (before b&c):
  Real time             =    0.61 sec. (1481.03 ticks)
Sequential b&c:
  Real time             =  100.19 sec. (175172.04 ticks)
                          ------------
Total (root+branch&cut) =  100.80 sec. (176653.07 ticks)

