Version identifier: 22.1.0.0 | 2022-03-09 | 1a383f8ce
CPXPARAM_Preprocessing_Reduce                    1
CPXPARAM_Threads                                 1
CPXPARAM_Preprocessing_Reformulations            0
CPXPARAM_TimeLimit                               10800
CPXPARAM_MIP_Tolerances_AbsMIPGap                0.999
CPXPARAM_MIP_Limits_TreeMemory                   20000
Legacy callback                                  BbLUID
         Disabling repeat represolve because of lazy constraint/incumbent callback.
Tried aggregator 1 time.
MIP Presolve eliminated 37934 rows and 0 columns.
MIP Presolve modified 1710 coefficients.
Reduced MIP has 2013 rows, 9249 columns, and 51238 nonzeros.
Reduced MIP has 9249 binaries, 0 generals, 0 SOSs, and 0 indicators.
Presolve time = 0.04 sec. (72.72 ticks)
Probing time = 0.00 sec. (4.30 ticks)
Clique table members: 2013.
MIP emphasis: balance optimality and feasibility.
MIP search method: traditional branch-and-cut.
Parallel mode: none, using 1 thread.
Root relaxation solution time = 0.01 sec. (11.75 ticks)

        Nodes                                         Cuts/
   Node  Left     Objective  IInf  Best Integer    Best Bound    ItCnt     Gap         Variable B NodeID Parent  Depth

      0     0      570.5000    32                    481.0000      346         
      0     0      592.0000    88                   Cuts: 116      479         
      0     0      608.6000   107                    Cuts: 86      580         
      0     0      609.0000    61                    Cuts: 12      586         
      0     0      609.0000    61                     User: 6      587         
      0     0      609.6667    57                    User: 15      618         
      0     0      610.6667    51                    User: 15      644         
      0     0      610.7000    76                     Cuts: 5      661         
      0     0      616.6667    87                    User: 13      689         
      0     0      616.8750    87                     User: 7      693         
      0     0      617.3750    91                     User: 8      703         
      0     0      618.6250    57                     User: 6      709         
      0     0      621.3333    97                     User: 5      730         
      0     0      621.6667    87                    User: 18      758         
      0     0      623.6667    87                     User: 2      802         
      0     0      623.6667    88                    User: 10      803         
      0     0      624.8889   109                     User: 3      840         
      0     0      630.8889    94                     User: 6      847         
      0     0      632.8889    69                    User: 24      875         
      0     0      634.4722   145                    User: 32      900         
      0     0      635.4722   187                     User: 8      941         
      0     0      635.8889    69                    User: 18      963         
      0     0      637.5556   184                    User: 19     1015         
      0     0      638.2222   181                    User: 30     1062         
      0     0      639.2778   200                    User: 16     1087         
      0     0      639.5556   183                    User: 15     1098         
      0     0      640.0556   181                    User: 19     1124         
      0     0      640.2222   206                     User: 4     1133         
      0     0      640.3056   172                     User: 3     1149         
      0     0      641.3056   188                    User: 12     1188         
      0     0      641.4066   223                     User: 5     1217         
      0     0      641.4301   258                     User: 7     1235         
      0     0      641.4301   246                    User: 13     1235         
      0     0      642.0000   248                     User: 5     1304         
      0     0      642.0000   208                    User: 10     1306         
      0     0      642.2967   266                    User: 20     1343         
      0     0      642.2967   275                     User: 4     1357         
      0     0      642.4557   270                     User: 9     1390         
      0     0      642.4557   268                     User: 9     1391         
      0     0      642.4557   272                     User: 8     1394         
      0     0      642.4605   269                     User: 9     1399         
      0     0      643.0000   259                     User: 4     1437         
      0     0      643.9444   306                     User: 4     1494         
      0     0      644.0000   294                     User: 6     1504         
      0     0      644.0000   282                     User: 2     1518         
      0     0      644.0667   304                     User: 1     1529         
      0     0      644.1000   296                     User: 1     1533         
      0     0      644.1364   291                     User: 2     1541         
      0     0      644.1364   286                     User: 3     1552         
      0     0      644.1364   281                     User: 9     1555         
      0     2      644.7609   306                    644.9000     1555                                 0             0
Elapsed time = 2.63 sec. (6586.40 ticks, tree = 0.01 MB, solutions = 0)
      1     3      645.1061   305                    645.1061     1563                  x30_141 N      1      0      1
      2     4      648.8333   299                    645.1061     1774                  x30_141 N      2      0      1
      4     6      658.0833   285                    645.1061     2294                   x24_31 N      4      2      2
      6     8      650.3750   185                    645.1061     2371                  x45_127 N      6      5      4
      7     9      650.2778   188                    645.1061     2441                  x45_127 N      7      5      4
      8    10      650.5000   189                    645.1061     2466                 x129_124 N      8      6      5
     10    12      654.7500   152                    645.1061     2590                    x65_6 N     10      8      6
     11    13      651.9375   175                    645.1061     2858                  x113_17 N     11      9      7
     13    15      652.1562   185                    645.1061     2902                   x6_145 N     13     11      8
     21    23      653.4783   289                    645.1061     3585                   x69_30 N     21     20     14
Elapsed time = 5.82 sec. (13185.10 ticks, tree = 0.28 MB, solutions = 0)
     30    32      659.0000   195                    645.1061     4036                  x129_32 D     30     29     19
     38    40      661.3143   190                    645.1061     4727                   x70_36 N     38     36     24
     46    48      669.0000    65                    645.1061     5425                   x46_47 N     46     44     29
     60    62      714.5000    32                    645.1061     5606                  x84_110 U     60     59     41
     66    68      760.0000    63                    645.1061     5675                  x135_51 U     66     65     47
     79    81      766.7500    68                    645.1061     5869                  x142_38 N     79     77     55
     85    87      780.0000    67                    645.1061     6088                  x57_106 N     85     82     59
    101   101      774.5000    57                    645.1061     6494                   x81_85 D    101     98     69
    116   116      777.8333    44                    645.1061     6846                  x124_85 D    116    115     80
    133   133      790.0000    22                    645.1061     7075                  x37_100 U    133    131     90
Elapsed time = 13.15 sec. (23609.74 ticks, tree = 2.45 MB, solutions = 0)
    144   144      792.2222    56                    645.1061     7277                  x57_122 N    144    143     99
    159   159      797.8889    54                    645.1061     7681                  x26_138 N    159    158    111
    172   172      807.6667    43                    645.1061     7919                 x113_138 N    172    170    119
    190   190      806.4667    32                    645.1061     8126                  x82_138 N    190    189    136
    210   210      807.1053    55                    645.1061     8214                  x19_138 N    210    209    156
    220   220      810.1429    40                    645.1061     8473                    x8_71 D    220    219    165
    232   232      814.0000    45                    645.1061     8679                  x140_23 D    232    231    176
    250   250      817.1000    55                    645.1061     9112                  x134_78 U    250    249    193
    261   261      820.9062   105                    645.1061     9499                   x1_146 N    261    260    202
    275   275      851.5000    26                    645.1061     9935                    x8_34 N    275    273    211
Elapsed time = 19.79 sec. (34065.79 ticks, tree = 4.22 MB, solutions = 0)
    290   290      838.8333    33                    645.1061    10507                  x106_62 N    290    289    224
    300   300      840.4464    98                    645.1061    10980                 x125_140 N    300    299    232
    318   318      847.0714    62                    645.1061    11467                 x141_131 N    318    316    247
    331   331      842.2143    82                    645.1061    11691                 x123_112 D    331    330    260
    350   350      842.8600    62                    645.1061    11956                  x45_140 D    350    349    278
    360   360      843.6304    81                    645.1061    12360                 x128_131 D    360    359    287
    372   372      843.9667    61                    645.1061    12570                   x45_97 D    372    371    298
    385   385      845.3000    70                    645.1061    12900                   x131_3 D    385    384    310
    400   400      847.3000    54                    645.1061    13060                   x57_48 D    400    399    325
    411   411      850.2000    86                    645.1061    13352                   x46_91 U    411    410    335
Elapsed time = 26.57 sec. (44244.13 ticks, tree = 6.67 MB, solutions = 0)
    426   426      850.8333    90                    645.1061    13787                   x74_90 D    426    425    348
    438   438      851.2769   120                    645.1061    14035                   x79_73 N    438    437    358
    455   455      851.9000    56                    645.1061    14330                  x52_126 D    455    454    372
    464   464      924.0714   115                    645.1061    14630                  x131_17 N    464    462    380
    486   486      853.9444    69                    645.1061    14955                   x15_93 D    486    485    400
    498   498      856.0500    76                    645.1061    15079                   x15_47 N    498    497    411
    510   510      858.3000    91                    645.1061    15261                   x20_90 D    510    508    422
    529   529      859.2000    72                    645.1061    15341                   x64_90 D    529    528    441
    548   548      861.7000    66                    645.1061    15420                 x116_111 U    548    547    460
    560   560      872.1000    73                    645.1061    15577                  x136_73 D    560    558    469
Elapsed time = 34.57 sec. (54305.17 ticks, tree = 14.13 MB, solutions = 0)
    569   569      864.7500    72                    645.1061    15727                  x39_118 N    569    567    476
    582   582      877.3000    70                    645.1061    15910                  x115_31 N    582    580    487
    594   594      866.7000    84                    645.1061    16044                  x118_16 N    594    593    497
    605   605      869.8000    78                    645.1061    16114                   x39_20 N    605    604    508
    621   621      879.1000    74                    645.1061    16275                   x31_89 U    621    620    521
    636   633      884.3000    75                    645.1061    16425                  x12_143 D    636    634    534
    652   642      647.1818   309                    646.3750    16718                  x31_114 N    652      1      2
    665   655      653.1250   188                    646.3750    17222                   x27_70 N    665    664     13
    679   669      658.5000    87                    646.3750    17667                 x141_131 N    679    676     22
    692   682      659.0000    85                    646.3750    17914                  x100_37 D    692    691     32
Elapsed time = 42.43 sec. (64851.07 ticks, tree = 20.47 MB, solutions = 0)
    701   685      650.0263   318                    648.4500    18561                  x56_129 N    701    699      7
    713   697      657.6250   142                    648.4500    19488                  x134_78 N    713    711     14
    724   708      662.5000    78                    648.4500    19939                  x104_76 N    724    722     21
    735   719      669.5000    23                    648.4500    20257                   x69_24 D    735    734     27
    750   734      676.0000     8                    648.4500    20455                   x6_145 U    750    748     39
*   752   147      integral     0      678.0000      648.4500    20475    4.36%
    760   150      652.0000   205      678.0000      648.5000    20734    4.35%          x30_33 N    760    759      8
    771   161      668.7353    88      678.0000      648.5000    21433    4.35%           x32_6 N    771    769     16
    780   170      664.3690   192      678.0000      648.5000    21868    4.35%          x145_6 N    780    779     24
    790   180      666.1667   130      678.0000      648.5000    22454    4.35%          x65_72 D    790    788     29
    806   196      669.2500    63      678.0000      648.5000    22841    4.35%          x33_42 N    806    804     39
Elapsed time = 50.93 sec. (75491.96 ticks, tree = 7.49 MB, solutions = 1)
    819   208      674.5833    75      678.0000      648.5000    23190    4.35%        x134_103 N    819    817     47
    831   216      676.5000    49      678.0000      648.5000    23296    4.35%          x147_1 N    831    830     57
    851   232      658.6000    87      678.0000      648.5000    24009    4.35%          x46_70 D    851    850     22
    864   245      663.7000    77      678.0000      648.5000    24686    4.35%         x116_98 N    864    863     35
    875   256      667.5000    88      678.0000      648.5000    25162    4.35%         x27_111 N    875    874     46
    886   266      673.9091    89      678.0000      648.5000    25537    4.35%         x15_102 N    886    885     57
    906   280      653.2188   138      678.0000      648.6818    25983    4.32%         x56_129 U    906    905      9
    920   294      660.4444   167      678.0000      648.6818    26863    4.32%         x116_42 N    920    919     23
    936   310      667.4524   165      678.0000      648.6818    27623    4.32%         x69_126 N    936    935     39
    945   319      668.8864   102      678.0000      648.6818    28010    4.32%          x36_92 N    945    944     48
Elapsed time = 58.07 sec. (85947.14 ticks, tree = 12.50 MB, solutions = 1)
    953   327      669.4500    51      678.0000      648.6818    28256    4.32%         x33_116 D    953    952     56
    968   337      651.5000   214      678.0000      648.7159    28767    4.32%         x124_81 D    968    967      8
    983   352      661.0000    82      678.0000      648.7159    29696    4.32%          x78_24 D    983    982     23
   1000   369      675.0000    54      678.0000      648.7159    30350    4.32%         x15_102 N   1000    999     40
   1017   380      654.4188   230      678.0000      648.7333    31138    4.32%         x104_76 N   1017   1016     15
   1030   393      662.1868   163      678.0000      648.7333    31881    4.32%         x78_134 N   1030   1029     28
   1040   403      665.7703   167      678.0000      648.7333    32259    4.32%         x72_107 U   1040   1039     38
   1065   428      669.2500   143      678.0000      648.7333    32685    4.32%        x128_123 D   1065   1064     63
   1080   442      674.6250   117      678.0000      648.7333    33019    4.32%         x128_43 D   1080   1079     78
   1091   448      676.0000   111      678.0000      648.7333    33161    4.32%        x102_126 N   1091   1090     89
Elapsed time = 65.17 sec. (96049.40 ticks, tree = 19.27 MB, solutions = 1)
   1111   464      665.0000    91      678.0000      648.7500    33800    4.31%         x106_62 N   1111   1108     18
   1120   470      675.0000    90      678.0000      648.7500    34024    4.31%          x72_99 N   1120   1118     25
   1137   483      661.4167   193      678.0000      648.7500    34896    4.31%         x145_11 D   1137   1136     16
   1146   492      667.6765   160      678.0000      648.7500    35307    4.31%          x46_70 N   1146   1145     25
   1161   507      672.8889   113      678.0000      648.7500    35647    4.31%         x129_32 U   1161   1160     40
   1172   513      666.3015   287      678.0000      648.8000    36329    4.31%          x30_69 N   1172   1171      5
   1188   529      673.8542   192      678.0000      648.8000    37195    4.31%         x76_123 N   1188   1187     21
   1200   539      676.4667   117      678.0000      648.8000    37369    4.31%         x80_145 D   1200   1199     33
   1218   553      657.4286   117      678.0000      649.0000    37980    4.28%         x78_134 N   1218   1217     20
   1272   604      675.1667    41      678.0000      649.0000    39248    4.28%        x138_106 N   1272   1271     74
Elapsed time = 74.48 sec. (109214.97 ticks, tree = 22.64 MB, solutions = 1)
   1339   663      673.9893   172      678.0000      649.0663    41662    4.27%         x110_99 D   1339   1338     68
   1387   707      672.2500    84      678.0000      649.2778    44290    4.24%         x129_76 N   1387   1386     32
   1449   763      672.0000   178      678.0000      649.3333    47134    4.23%         x69_126 D   1449   1448     59
   1520   831      669.2500   111      678.0000      649.4286    49190    4.21%          x70_27 N   1520   1519     46
   1578   881      675.6667    82      678.0000      649.6667    51663    4.18%         x99_138 D   1578   1577     43
   1623   914      656.9722   220      678.0000      650.0000    54108    4.13%          x85_76 N   1623   1621      8
   1684   967      675.6750   279      678.0000      650.0000    56790    4.13%          x33_69 D   1684   1683     12
   1738  1014      666.5682   158      678.0000      650.0000    59761    4.13%         x61_126 D   1738   1737     50
   1807  1078      669.2000   119      678.0000      650.0250    61913    4.13%          x27_61 D   1807   1806     39
   1865  1123      661.2500    87      678.0000      650.0972    64208    4.12%          x38_25 D   1865   1864     16
Elapsed time = 103.13 sec. (147923.54 ticks, tree = 34.57 MB, solutions = 1)
*  1885   706      integral     0      669.0000      650.0972    64716    2.83%          x48_53 U   1885   1883     28
   1966   780      664.3333   195      669.0000      650.2326    66947    2.81%          x33_30 N   1966   1965     32
   2023   828      662.0000   155      669.0000      650.3000    70043    2.80%         x124_11 D   2023   2022     11
   2103   890      658.4259   212      669.0000      650.3333    73674    2.79%          x33_69 N   2103   2102     14
   2198   976      663.6818   164      669.0000      650.5556    76554    2.76%         x138_56 D   2198   2197     11
   2269  1027      653.1667   200      669.0000      650.7000    79887    2.74%         x85_129 D   2269   2268     12
   2347  1095      666.2848   188      669.0000      651.0789    83258    2.68%        x138_145 D   2347   2346     54
   2419  1153      667.6667   205      669.0000      651.1923    85958    2.66%          x65_72 U   2419   2418     30
   2494  1208      662.8667   185      669.0000      651.3750    89536    2.63%        x128_123 U   2494   2493     29
   2576  1276      655.6250   185      669.0000      651.5000    92263    2.62%         x126_47 D   2576   2575     12
Elapsed time = 130.31 sec. (183603.59 ticks, tree = 54.11 MB, solutions = 2)
   2676  1357      655.3250   242      669.0000      651.6250    94421    2.60%        x129_124 U   2676   2266     10
*  2726   894      integral     0      665.0000      651.6607    96775    2.01%         x45_127 D   2726   2725     20
   2800   947      658.8750   181      665.0000      651.7500   100784    1.99%         x129_32 D   2800   2799     19
   2897  1029      659.2000    92      665.0000      651.9167   105783    1.97%         x98_102 D   2897   2896     28
   2987  1096      663.3182   125      665.0000      652.0000   109417    1.95%          x93_97 U   2987   2986     26
   3085  1181      663.6410    89      665.0000      652.1304   112395    1.94%          x56_62 D   3085   3084     43
   3200  1274      662.2119   215      665.0000      652.1806   114774    1.93%        x128_123 D   3200   3199     36
*  3280+  498                          659.0000      652.3333             1.01%
   3297   502      653.9418   214      659.0000      652.4359   118204    1.00%         x56_129 U   3297   1206      9
   3383   535      654.6944   210      659.0000      652.9375   122001    0.92%         x124_81 U   3383   1285     15
   3480   576      657.3333   134      659.0000      653.1667   126470    0.89%        x138_120 N   3480   3479     25
Elapsed time = 160.25 sec. (220827.22 ticks, tree = 23.08 MB, solutions = 4)
   3588   619        cutoff            659.0000      653.4154   130495    0.85%         x104_76 U   3588   3585     15
   3698   649      657.0667   178      659.0000      653.6667   134275    0.81%         x138_56 D   3698   3697     15
   3801   687      657.1603   204      659.0000      653.8947   138214    0.77%          x33_69 D   3801   3800     19
   3918   728        cutoff            659.0000      654.1667   142444    0.73%         x138_56 D   3918   3917     14
   4015   743        cutoff            659.0000      654.4222   146459    0.69%         x85_129 D   4015   4014     19
   4114   743        cutoff            659.0000      654.7115   150546    0.65%         x126_47 U   4114   3521     15
   4227   774        cutoff            659.0000      654.8333   154556    0.63%         x104_76 D   4227   4226     16
   4331   783        cutoff            659.0000      655.0000   158416    0.61%         x138_56 U   4331   2881     13
   4417   780      656.9545   192      659.0000      655.2000   162960    0.58%         x138_56 U   4417   1402     13
   4512   770        cutoff            659.0000      655.3866   166897    0.55%          x24_31 U   4512   2877      9
Elapsed time = 190.36 sec. (259224.89 ticks, tree = 34.70 MB, solutions = 4)
   4618   760        cutoff            659.0000      655.5226   170603    0.53%         x11_134 U   4618   3583     13
   4723   750      657.8095   191      659.0000      655.7222   174423    0.50%         x124_81 U   4723   3529     23
   4840   767      657.9167    90      659.0000      655.8333   177677    0.48%          x46_47 D   4840   4839     20
   4938   731      657.0833   189      659.0000      656.0000   181708    0.46%         x134_78 D   4938   1952     19
   5034   695        cutoff            659.0000      656.2188   184962    0.42%          x56_32 U   5034   3756     20
*  5050   322      integral     0      658.0000      656.2500   185848    0.27%
   5134   264        cutoff            658.0000      656.4286   187668    0.24%         x138_56 D   5134   3576     10
   5259   161        cutoff            658.0000      656.6753   189502    0.20%        x129_124 U   5259   3950     10
   5391    37        cutoff            658.0000      657.0000   190397    0.15%         x11_134 U   5391   3865     16

Zero-half cuts applied:  2
Gomory fractional cuts applied:  1
User cuts applied:  7292

Root node processing (before b&c):
  Real time             =    2.62 sec. (6566.69 ticks)
Sequential b&c:
  Real time             =  205.92 sec. (284565.46 ticks)
                          ------------
Total (root+branch&cut) =  208.53 sec. (291132.15 ticks)

