Version identifier: 22.1.0.0 | 2022-03-09 | 1a383f8ce
CPXPARAM_Preprocessing_Reduce                    1
CPXPARAM_Threads                                 1
CPXPARAM_Preprocessing_Reformulations            0
CPXPARAM_TimeLimit                               10800
CPXPARAM_MIP_Tolerances_AbsMIPGap                0.999
CPXPARAM_MIP_Limits_TreeMemory                   20000
Legacy callback                                  BbLUID
         Disabling repeat represolve because of lazy constraint/incumbent callback.
Tried aggregator 1 time.
MIP Presolve eliminated 32705 rows and 0 columns.
MIP Presolve modified 1627 coefficients.
Reduced MIP has 1929 rows, 8655 columns, and 47935 nonzeros.
Reduced MIP has 8655 binaries, 0 generals, 0 SOSs, and 0 indicators.
Presolve time = 0.04 sec. (66.02 ticks)
Probing time = 0.00 sec. (4.11 ticks)
Clique table members: 1929.
MIP emphasis: balance optimality and feasibility.
MIP search method: traditional branch-and-cut.
Parallel mode: none, using 1 thread.
Root relaxation solution time = 0.00 sec. (9.26 ticks)

        Nodes                                         Cuts/
   Node  Left     Objective  IInf  Best Integer    Best Bound    ItCnt     Gap         Variable B NodeID Parent  Depth

      0     0      492.5000    16                    492.5000      194         
      0     0      555.5000    60                    Cuts: 86      273         
      0     0      564.9167   118                    Cuts: 83      385         
      0     0      567.7500   119                    Cuts: 35      412         
      0     0      569.0000   197                    Cuts: 18      450         
      0     0      569.0000   195                    Cuts: 12      454         
      0     0      572.0833    97                    User: 24      461         
      0     0      574.4000   112                    Cuts: 18      530         
      0     0      575.0000    26                    Cuts: 28      546         
      0     0      576.0769   209                    User: 37      627         
      0     0      577.1774   211                    Cuts: 15      673         
      0     0      578.0000    26                    User: 12      702         
      0     0      579.6667   207                    User: 38      747         
      0     0      580.2083   176                     Cuts: 8      778         
      0     0      580.8789   218                    Cuts: 22      814         
      0     0      582.1250   171                    User: 12      847         
      0     0      582.6667   135                     Cuts: 9      858         
      0     0      585.1667   153                     Cuts: 9      871         
      0     0      587.3125   174                    Cuts: 13      916         
      0     0      587.9000   140                     Cuts: 8      933         
      0     0      587.9000   138                    Cuts: 16      935         
      0     0      589.5556   141                    User: 15      980         
      0     0      590.5556   168                    User: 14     1007         
      0     0      590.5556   151                    User: 10     1008         
      0     0      590.6865   230                     User: 7     1041         
      0     0      590.6865   221                     User: 2     1041         
      0     0      590.7000   221                     User: 3     1050         
      0     0      590.7458   187                     User: 6     1057         
      0     0      590.7458   188                    User: 10     1059         
      0     0      590.7611   190                     User: 9     1061         
      0     0      591.2611   187                     User: 2     1072         
      0     0      591.8000   191                     User: 6     1088         
      0     0      592.7356   179                     User: 9     1131         
      0     0      592.7356   202                    User: 11     1140         
      0     0      593.0690   199                     User: 4     1142         
      0     0      593.5690   195                     User: 2     1149         
      0     0      593.5690   201                     User: 2     1152         
      0     2      594.7500   208                    595.0000     1152                                 0             0
Elapsed time = 1.57 sec. (3484.40 ticks, tree = 0.01 MB, solutions = 0)
      1     3      595.9167   191                    596.0000     1189                 x150_149 N      1      0      1
      3     5      599.5000   194                    597.5000     1271                   x39_40 N      3      1      2
      5     7      604.1667   189                    597.5000     1314                   x149_7 U      5      3      3
     12    14      604.0000   168                    597.5000     1437                   x90_65 U     12      9      7
     20    22      609.5000   178                    597.5000     1618                  x39_149 N     20     19     14
     30    32      613.0000   184                    597.5000     1823                  x78_125 D     30     29     21
     38    40      620.0000   163                    597.5000     2199                  x65_115 N     38     36     27
     41    43      622.9000   208                    597.5000     2354                   x39_66 N     41     39     29
     46    48      629.5000   181                    597.5000     2713                  x78_150 N     46     43     32
     70    72      639.8667   198                    597.5000     3197                  x133_39 D     70     69     53
Elapsed time = 6.12 sec. (7167.23 ticks, tree = 0.40 MB, solutions = 0)
     98    98      658.3144   198                    597.5000     3814                    x3_40 D     98     96     75
    113   113      663.5417   168                    597.5000     4374                    x54_7 D    113    112     83
    129   127      672.1250    77                    597.5000     5565                   x52_55 N    129    127     93
    159   146      605.3186   213                    597.5000     6484                  x62_115 N    159    158      6
    190   177      614.5309   217                    597.5000     7423                    x7_10 N    190    189     28
    228   213      640.1250   111                    597.5000     8886                   x99_47 N    228    225     56
    254   237      664.0278   149                    597.5000    10255                   x52_50 N    254    252     75
    280   259      606.1342   201                    599.5000    11306                   x90_54 D    280    279      6
    300   279      615.0417   185                    599.5000    12550                   x42_19 U    300    298     20
    333   312      623.6667    80                    599.5000    13585                   x93_76 N    333    331     45
Elapsed time = 19.09 sec. (17197.86 ticks, tree = 2.67 MB, solutions = 0)
    380   359      638.3333    75                    599.5000    14486                  x132_65 D    380    378     81
    425   404      618.8750   121                    600.2210    15474                   x42_93 N    425    424     24
    447   426      638.0000    24                    600.2210    15905                  x41_134 D    447    446     46
    470   449      645.0000    70                    600.2210    16446                  x81_113 N    470    469     69
    480   459      648.2895    77                    600.2210    16652                  x69_143 N    480    479     79
    496   475      663.5000    78                    600.2210    17014                   x72_11 N    496    495     95
    521   500      673.5000    73                    600.2210    17276                 x146_108 D    521    520    120
    544   523      702.5833    86                    600.2210    17644                  x24_118 D    544    543    143
    571   546    infeasible                          600.2210    18193                   x52_19 N    571    569    169
    610   585      621.0133   212                    600.4936    19224                   x90_47 D    610    609     32
Elapsed time = 30.71 sec. (27393.84 ticks, tree = 5.77 MB, solutions = 0)
    635   610      639.0235   213                    600.4936    20226                  x40_125 N    635    633     50
    658   633      651.1922   180                    600.4936    21148                   x90_67 N    658    656     66
    686   657      620.1667   165                    600.8333    22005                  x134_52 U    686    684     18
    726   697      635.5628   217                    600.8333    22634                   x62_10 D    726    724     46
    760   727      613.8974   192                    600.9936    23558                   x99_82 D    760    759     19
    803   770      627.3709   205                    600.9936    24217                 x125_115 N    803    801     49
    838   805      663.6316   127                    600.9936    24722                   x90_99 N    838    837     78
    884   845      637.3083   222                    600.9936    25622                   x90_39 D    884    883     45
    933   890      616.4339   217                    602.0000    26500                   x89_65 N    933    931     10
    974   924      604.7339   202                    602.0000    27572                   x10_54 U    974      8      6
Elapsed time = 52.58 sec. (37036.29 ticks, tree = 20.00 MB, solutions = 0)
   1051  1001      648.8125   191                    602.0000    28532                   x76_93 N   1051   1050     83
   1074  1024      657.0833   179                    602.0000    29121                    x2_93 N   1074   1073    106
   1092  1042      662.0278   145                    602.0000    29531                  x52_134 N   1092   1091    124
   1114  1064      665.5833   119                    602.0000    29933                  x23_113 N   1114   1113    146
   1141  1088      616.5019   237                    602.3842    30367                 x149_150 N   1141   1139     10
   1178  1125      639.8808   216                    602.3842    31134                   x52_11 U   1178   1176     34
   1218  1165      654.7436   196                    602.3842    32001                   x47_82 U   1218   1216     62
   1255  1202      697.0769   187                    602.3842    32852                  x115_40 N   1255   1254     92
   1277  1224      689.4000    80                    602.3842    33659                   x14_10 D   1277   1275    106
   1295  1242      702.7500   124                    602.3842    34763                  x139_96 N   1295   1293    119
Elapsed time = 68.83 sec. (47410.38 ticks, tree = 32.81 MB, solutions = 0)
   1311  1258      710.0000    75                    602.3842    35919                  x78_115 N   1311   1310    131
   1330  1275      702.7500    37                    602.3842    36710                  x32_130 U   1330   1329    144
   1342  1287      725.7500    47                    602.3842    37655                  x50_131 N   1342   1340    152
   1354  1299      705.7998   154                    602.3842    38360                 x131_119 N   1354   1353    163
   1365  1310      721.8500   119                    602.3842    39437                  x45_105 N   1365   1363    170
   1404  1343      622.3542   186                    603.2500    40473                  x47_125 D   1404   1403     24
   1442  1377      621.1739   218                    603.5000    41435                   x24_93 N   1442   1440     16
   1475  1410      642.3095   140                    603.5000    41902                   x40_14 N   1475   1474     43
   1504  1439      649.6667    77                    603.5000    42634                    x65_9 D   1504   1503     63
   1574  1503      637.4514   187                    603.5000    43971                  x78_144 D   1574   1573     61
Elapsed time = 81.66 sec. (57478.29 ticks, tree = 43.24 MB, solutions = 0)
   1600  1529      647.3889   136                    603.5000    44462                 x146_108 D   1600   1599     87
   1652  1579    infeasible                          603.5000    45311                  x125_91 N   1652   1651    139
   1692  1614      616.1657   221                    603.8542    46275                 x125_115 N   1692   1690     12
   1726  1648      636.6667   170                    603.8542    47057                   x99_82 N   1726   1725     36
   1754  1676      649.0000    85                    603.8542    47649                 x146_118 D   1754   1752     54
   1789  1711      662.1250    80                    603.8542    48151                  x93_131 N   1789   1788     82
   1811  1733      666.9375    96                    603.8542    48335                  x104_99 D   1811   1810    102
   1838  1755      624.7157   223                    604.4936    48704                   x82_78 D   1838   1836     15
   1860  1773    infeasible                          604.4936    49064                   x47_89 N   1860   1858     30
   1884  1791      608.4157   220                    604.5000    50041                  x150_39 D   1884     12      8
Elapsed time = 96.76 sec. (67466.09 ticks, tree = 53.33 MB, solutions = 0)
   1940  1845      674.5392   189                    604.5000    51055                  x32_130 U   1940   1939     63
   1976  1881      685.3263   175                    604.5000    51905                   x37_93 D   1976   1975     99
   1994  1899      686.5536   110                    604.5000    52188                 x139_106 D   1994   1993    117
   2019  1924      687.6587    89                    604.5000    52605                  x42_134 N   2019   2018    142
   2040  1945      689.4436    82                    604.5000    52972                 x108_118 N   2040   2039    163
   2060  1965      691.1144   165                    604.5000    53418                  x146_23 D   2060   2059    183
   2079  1984      703.3043    86                    604.5000    54377                   x24_64 N   2079   2078    202
   2092  1997      704.3507   165                    604.5000    54855                  x37_129 D   2092   2091    215
   2115  2020      705.9405    85                    604.5000    55233                    x1_32 U   2115   2114    238
   2140  2045      709.5590   101                    604.5000    55709                   x37_57 N   2140   2139    263
Elapsed time = 108.74 sec. (77727.57 ticks, tree = 68.70 MB, solutions = 0)
   2161  2066      721.2418   104                    604.5000    56016                 x108_117 N   2161   2160    284
   2180  2085      736.7143   111                    604.5000    56321                  x135_81 U   2180   2179    303
   2205  2110      739.7679    98                    604.5000    56493                   x81_34 N   2205   2204    328
   2221  2122      615.8266   196                    604.5000    57647                  x32_130 D   2221   2219     11
   2237  2138      626.1667    49                    604.5000    58813                   x57_64 N   2237   2235     21
   2253  2154      630.5526    86                    604.5000    59797                  x105_50 U   2253   2251     33
*  2267   696      integral     0      631.0000      604.5000    60107    4.20%
   2279   707      617.3704   213      631.0000      604.5000    60357    4.20%         x47_115 D   2279   2278     15
   2309   733      614.5370   197      631.0000      604.6339    61011    4.18%         x150_39 N   2309   2307      6
   2338   755        cutoff            631.0000      604.6339    61727    4.18%         x32_111 D   2338   2337     25
   2379   792      618.6547   239      631.0000      604.9839    62342    4.12%         x89_115 D   2379   2378     18
Elapsed time = 120.27 sec. (87594.81 ticks, tree = 28.06 MB, solutions = 1)
   2417   826      620.7870   218      631.0000      605.4784    63068    4.04%          x65_90 D   2417   2416     22
   2452   857      616.6620   233      631.0000      605.5672    63662    4.03%         x125_99 N   2452   2451     20
   2485   883        cutoff            631.0000      605.6042    64209    4.02%          x82_65 N   2485   2483     19
   2523   915      625.8611   209      631.0000      605.7339    64744    4.00%          x52_11 D   2523   2522     38
   2549   937      621.7037   213      631.0000      605.7339    65227    4.00%         x65_115 N   2549   2548     21
   2580   964      617.2708   165      631.0000      605.7870    66154    4.00%          x50_93 D   2580   2579     27
   2603   987      621.7500    38      631.0000      605.7870    66684    4.00%         x109_49 U   2603   2602     50
   2622  1006      622.5351   141      631.0000      605.7870    66929    4.00%         x112_64 D   2622   2621     69
   2643  1027      623.1272   112      631.0000      605.7870    67396    4.00%        x110_121 D   2643   2642     90
   2714  1093      628.0000    20      631.0000      605.7870    68954    4.00%         x102_48 N   2714   2713    161
Elapsed time = 133.27 sec. (100133.84 ticks, tree = 38.56 MB, solutions = 1)
   2827  1182      619.5370   225      631.0000      606.2339    71550    3.92%         x78_125 N   2827   2826     21
   2966  1311      628.1066   109      631.0000      606.3542    74342    3.91%        x146_118 U   2966   2965     92
   3093  1416      629.4928   151      631.0000      606.4936    76792    3.88%          x62_10 N   3093   3092     19
   3200  1498      627.5370   206      631.0000      606.7436    79091    3.84%         x115_54 D   3200   3199     17
   3327  1604      612.0370   195      631.0000      607.0370    81873    3.80%         x115_65 U   3327   3326     16
   3466  1730      622.2870   207      631.0000      607.1209    84653    3.78%         x78_149 D   3466   3465     18
   3602  1849      616.0370   178      631.0000      607.5370    87552    3.72%         x10_115 U   3602    166     11
   3715  1934      619.3370   208      631.0000      607.7339    89923    3.69%         x115_90 D   3715   3714     11
   3829  2031      620.0944   171      631.0000      607.8482    92479    3.67%         x111_93 D   3829   3828     16
   3938  2115      622.7037   213      631.0000      607.9839    95105    3.65%         x47_149 D   3938   3937     28
Elapsed time = 183.18 sec. (138531.97 ticks, tree = 60.74 MB, solutions = 1)
   4045  2197      628.9722   173      631.0000      608.0370    97907    3.64%         x134_52 U   4045   4044     39
   4160  2289      617.0370   212      631.0000      608.3542   100578    3.59%          x10_65 D   4160   4159     24
   4285  2393      623.2333   158      631.0000      608.5370   102686    3.56%          x90_54 N   4285   4284     27
   4403  2495      619.7222   114      631.0000      608.5370   104740    3.56%          x24_50 D   4403   4402     32
   4539  2617      629.1944   174      631.0000      608.7037   107088    3.53%        x146_108 D   4539   4538     54
   4650  2705      626.5370   185      631.0000      609.0370   109558    3.48%          x10_65 D   4650   4649     23
   4750  2785      619.7037   199      631.0000      609.0370   112630    3.48%         x115_66 N   4750   4749     17
   4868  2878      628.6370   224      631.0000      609.0370   113995    3.48%         x125_65 D   4868   4867     41
   5006  2987        cutoff            631.0000      609.1901   115915    3.46%          x10_90 D   5006   5005     49
   5132  3096      616.0370   212      631.0000      609.2870   118248    3.44%          x82_78 D   5132   5131     13
Elapsed time = 232.96 sec. (176893.02 ticks, tree = 95.07 MB, solutions = 1)
   5254  3188      622.0370   197      631.0000      609.3542   120093    3.43%          x66_47 D   5254   5253      8
   5374  3281      612.3763   211      631.0000      609.4370   122528    3.42%          x78_66 D   5374   5373     22
   5504  3388      612.5370   190      631.0000      609.5370   124243    3.40%        x149_150 U   5504   5503      9
   5607  3484      622.7778   175      631.0000      609.5370   127439    3.40%          x52_11 D   5607   5606     26
   5734  3584      625.9120   235      631.0000      609.7078   129798    3.37%          x90_47 D   5734   5733     41
   5869  3704      626.0370   186      631.0000      609.8006   131795    3.36%         x115_65 U   5869   5868     41
   5997  3810      626.5778   208      631.0000      610.0000   134019    3.33%          x99_66 D   5997   5996     55
   6104  3908      624.2500    29      631.0000      610.0085   136805    3.33%          x97_37 N   6104   6102     35
   6170  3955      615.6667   150      631.0000      610.0185   139205    3.33%         x24_134 D   6170   6169     20
   6279  4051      617.4928   174      631.0000      610.0370   141297    3.32%         x115_10 D   6279   6278     38
Elapsed time = 280.12 sec. (215267.75 ticks, tree = 136.94 MB, solutions = 1)
   6388  4150      616.5000   172      631.0000      610.0370   143539    3.32%         x111_93 D   6388   6387     17
   6483  4232      628.2692    99      631.0000      610.0370   146129    3.32%        x117_134 D   6483   6482     62
   6573  4311      626.0000    30      631.0000      610.0370   148091    3.32%          x12_49 N   6573   6572     42
   6650  4371      624.0896   240      631.0000      610.0370   149663    3.32%          x82_78 D   6650   6649     16
   6772  4475      627.8333   182      631.0000      610.0370   151188    3.32%         x111_93 D   6772   6770     25
   6871  4556      625.0301   229      631.0000      610.0370   153560    3.32%          x52_11 D   6871   6870     33
   6981  4639        cutoff            631.0000      610.2143   155922    3.29%          x82_78 U   6981   6980     15
   7097  4736      619.2000   126      631.0000      610.3704   158339    3.27%          x42_19 U   7097   7095     21
   7182  4805      620.9444   193      631.0000      610.3704   161252    3.27%         x62_149 N   7182   7181     23
   7296  4904      624.1967   183      631.0000      610.3750   163594    3.27%          x52_11 D   7296   7295     18
Elapsed time = 321.53 sec. (253630.37 ticks, tree = 177.50 MB, solutions = 1)
   7405  4993      619.0278   228      631.0000      610.4370   165978    3.26%          x82_78 D   7405   7404     15
   7506  5078      621.5370   213      631.0000      610.5278   168582    3.24%          x89_65 D   7506   7505     19
   7596  5152      627.7000    96      631.0000      610.5370   171881    3.24%         x24_134 D   7596   7595     47
   7706  5243      620.0370   212      631.0000      610.5370   174415    3.24%          x78_54 D   7706   7705     16
   7820  5334      610.9087   189      631.0000      610.7037   176177    3.22%          x66_47 U   7820   3411     12
   7947  5445      622.1000   199      631.0000      610.7370   179054    3.21%         x89_115 D   7947   7946     30
   8050  5528      622.8333    31      631.0000      610.8370   181351    3.20%         x12_104 D   8050   8049     39
   8140  5611      621.0833   136      631.0000      610.8542   183123    3.19%         x19_118 D   8140   8139     29
   8254  5704      621.5370   208      631.0000      610.8873   185557    3.19%         x40_125 D   8254   8253     12
   8383  5820      625.7315   237      631.0000      610.9028   187399    3.18%         x125_90 N   8383   8382     24
Elapsed time = 363.98 sec. (292028.72 ticks, tree = 207.46 MB, solutions = 1)
   8499  5915      623.3254   210      631.0000      611.0208   189554    3.17%          x99_47 U   8499   8498     24
   8619  6009      622.1944   171      631.0000      611.0370   191590    3.16%         x39_149 N   8619   8618     19
   8711  6087      621.7593   229      631.0000      611.0370   193871    3.16%          x65_66 D   8711   8709     21
   8812  6162      617.5370   200      631.0000      611.0370   196570    3.16%          x90_65 N   8812   6436     16
   8906  6246      627.3778   184      631.0000      611.0370   200268    3.16%         x78_125 D   8906   8905     34
   9010  6332      620.5000    57      631.0000      611.0370   202383    3.16%         x76_131 U   9010   9009     30
   9095  6407      620.0021   190      631.0000      611.0370   205510    3.16%          x99_65 D   9095   9094     40
   9203  6496      627.1763   210      631.0000      611.0370   207225    3.16%          x52_11 N   9203   9202     26
   9280  6562      625.8333    76      631.0000      611.0500   210873    3.16%         x76_143 D   9280   9278     28
   9370  6638      629.5000    14      631.0000      611.0648   213088    3.16%        x112_100 D   9370   9369     71
Elapsed time = 404.80 sec. (330411.44 ticks, tree = 243.88 MB, solutions = 1)
   9454  6703      625.6620   130      631.0000      611.1799   216053    3.14%         x129_77 N   9454   9453     36
   9541  6770      629.4120   216      631.0000      611.2037   218690    3.14%          x82_78 D   9541   9540     16
   9643  6844      614.1587   211      631.0000      611.2084   220565    3.14%          x89_65 D   9643   9642     15
   9758  6936      628.0370   208      631.0000      611.2339   222222    3.13%          x99_90 D   9758   9756     21
   9839  6996      620.3333    86      631.0000      611.2778   225415    3.13%         x93_111 D   9839   9836     20
   9946  7079        cutoff            631.0000      611.3017   227885    3.12%         x115_62 N   9946   9943     12
  10051  7170      620.1042    34      631.0000      611.3125   229594    3.12%         x116_73 D  10051  10050     68
  10120  7238      620.9750    71      631.0000      611.3125   230182    3.12%            x7_3 D  10120  10119    137
  10202  7319      627.0000    12      631.0000      611.3125   231069    3.12%         x31_148 U  10202  10201    219
  10325  7439      622.5926    37      631.0000      611.3125   232461    3.12%         x104_31 D  10325  10324    133
Elapsed time = 440.62 sec. (369101.04 ticks, tree = 267.56 MB, solutions = 1)
  10424  7534      616.1667    92      631.0000      611.3542   234251    3.11%          x52_24 D  10424  10423     14
  10466  7576      627.3333    57      631.0000      611.3542   238785    3.11%        x113_110 D  10466  10465     41
  10564  7652      624.8333    75      631.0000      611.3877   241069    3.11%          x52_11 D  10564  10563      9
  10656  7732      621.5370   208      631.0000      611.4672   244143    3.10%          x82_78 D  10656  10655     18
  10750  7809      626.1875   131      631.0000      611.5000   246594    3.09%         x111_55 D  10750  10749     44
  10852  7904      622.5185    35      631.0000      611.5000   248226    3.09%           x7_67 D  10852  10851    109
  10968  8017      624.1176    58      631.0000      611.5000   249400    3.09%          x72_26 D  10968  10967    225
  11070  8111      622.6170    41      631.0000      611.5000   250844    3.09%          x7_144 D  11070  11069    101
  11170  8198      625.1667    43      631.0000      611.5181   252691    3.09%          x36_60 D  11170  11169     39
  11300  8307      622.2870   221      631.0000      611.5370   254398    3.08%          x89_65 D  11300  11299     11
Elapsed time = 473.39 sec. (407682.33 ticks, tree = 295.57 MB, solutions = 1)
  11388  8373      626.2273   126      631.0000      611.5370   257732    3.08%         x111_76 D  11388  11387     43
  11460  8434      626.0000    42      631.0000      611.5370   259686    3.08%         x114_36 D  11460  11459     57
  11538  8502      626.3214   184      631.0000      611.5370   262916    3.08%          x90_65 D  11538  11537     21
  11633  8589        cutoff            631.0000      611.5370   264753    3.08%         x112_36 N  11633  11632     94
  11736  8675      612.0370   222      631.0000      611.5370   266712    3.08%         x115_90 D  11736  11735      8
  11830  8751      619.8704   215      631.0000      611.5370   268878    3.08%          x62_78 D  11830  11829     18
  11930  8836      626.6370   227      631.0000      611.5385   271405    3.08%        x127_149 U  11930   5153     10
  12009  8894      618.0389   128      631.0000      611.6000   273061    3.07%          x78_65 N  12009  12008     41
  12126  8998      615.1620   233      631.0000      611.6240   274807    3.07%        x115_150 D  12126  12125     20
  12220  9073      627.5370   228      631.0000      611.6783   277577    3.06%          x10_39 D  12220  12219     12
Elapsed time = 511.51 sec. (446146.23 ticks, tree = 335.38 MB, solutions = 1)
  12305  9146      622.1429    44      631.0000      611.7037   280591    3.06%        x112_148 N  12305  12304     30
  12406  9237        cutoff            631.0000      611.7037   282214    3.06%        x101_100 U  12406  12404    115
  12487  9299      628.8214   167      631.0000      611.7339   284869    3.05%        x125_115 N  12487  12486     22
  12562  9351      623.6548   203      631.0000      611.7513   288177    3.05%         x93_111 U  12562  12561     22
  12668  9438      622.7870   215      631.0000      611.7936   290043    3.04%         x82_125 D  12668  12667     18
  12759  9504      624.5370   210      631.0000      611.8542   291987    3.03%         x82_125 D  12759  12758     23
  12847  9574      618.0370   209      631.0000      611.9120   294679    3.03%         x115_90 U  12847  12845      9
  12931  9637      625.5500   205      631.0000      611.9745   296948    3.02%         x93_111 U  12931  12930     17
  13033  9711      614.3095   173      631.0000      612.0167   299728    3.01%         x93_111 D  13033  12409     16
  13125  9785      615.9497   194      631.0000      612.0370   302743    3.01%         x93_111 U  13125  13124     16
Elapsed time = 548.98 sec. (484612.29 ticks, tree = 376.11 MB, solutions = 1)
  13210  9867      626.0444   111      631.0000      612.0370   305242    3.01%          x24_50 U  13210  13209     48
  13300  9946      621.1190   171      631.0000      612.0370   307706    3.01%         x146_59 D  13300  13299     63
  13410 10054      622.7771   181      631.0000      612.0370   308578    3.01%          x12_26 D  13410  13409    173
  13495 10133      625.6183   139      631.0000      612.0370   309788    3.01%        x137_130 N  13495  13494    258
  13585 10210      630.0000   159      631.0000      612.0370   311890    3.01%          x10_54 D  13585  13584     43
  13670 10287      621.5625    23      631.0000      612.0370   314363    3.01%          x84_64 D  13670  13669     42
  13759 10370      623.8710    43      631.0000      612.0370   316352    3.01%          x72_11 D  13759  13757    124
  13829 10420      629.6250   201      631.0000      612.0370   317498    3.01%          x52_24 D  13829  13828     37
  13917 10488      626.0000   102      631.0000      612.0370   320186    3.01%        x146_118 N  13917  13915     26
  14006 10564      620.9370   210      631.0000      612.0370   322209    3.01%          x72_50 D  14006  14005     17
Elapsed time = 581.38 sec. (523379.60 ticks, tree = 404.94 MB, solutions = 1)
  14093 10630      623.4881   197      631.0000      612.0370   324820    3.01%         x93_111 U  14093  14092     16
  14200 10715      620.3214   192      631.0000      612.0370   326667    3.01%        x149_150 D  14200  14199     14
  14314 10822      621.0000    88      631.0000      612.0370   328663    3.01%         x55_134 D  14314  14313     28
  14388 10890      623.6000    45      631.0000      612.0370   331114    3.01%        x100_116 N  14388  14387     37
  14455 10945      624.5358   189      631.0000      612.0370   332714    3.01%         x125_89 D  14455  14454     18
  14537 11003      622.9214   191      631.0000      612.0370   334925    3.01%         x99_125 D  14537  14536     20
  14638 11084      628.4167   115      631.0000      612.0500   337183    3.00%          x93_50 D  14638  14637     48
  14725 11158      622.8988   217      631.0000      612.1204   340287    2.99%         x139_96 N  14725  14723      9
  14800 11217      628.3214   214      631.0000      612.1217   342655    2.99%          x39_66 D  14800  14799     33
  14865 11264      624.5867   164      631.0000      612.1763   346381    2.98%         x117_59 U  14865  14864     36
Elapsed time = 618.65 sec. (562233.49 ticks, tree = 444.19 MB, solutions = 1)
  14930 11312      626.2692   156      631.0000      612.2037   349819    2.98%          x52_50 D  14930  14929     23
  15007 11377      628.5422   154      631.0000      612.2105   353124    2.98%          x24_72 D  15007  15006     49
  15090 11448      621.1173   190      631.0000      612.2105   356007    2.98%          x97_24 D  15090  15089     29
  15167 11505      621.5335   212      631.0000      612.2315   358712    2.97%          x24_11 D  15167  15166     34
  15241 11566      627.1429   175      631.0000      612.2340   361038    2.97%          x89_65 N  15241  15239     21
  15317 11625      619.8365   189      631.0000      612.2607   364415    2.97%         x134_52 D  15317  15316     18
  15382 11686      628.9900   194      631.0000      612.2654   368230    2.97%          x45_97 D  15382  15381     47
  15466 11749      616.7284   201      631.0000      612.2936   371348    2.96%          x72_50 U  15466   8557     24
  15548 11823      624.1296   131      631.0000      612.3125   374345    2.96%         x76_131 U  15548  15547     36
  15654 11925      621.1139    40      631.0000      612.3125   376136    2.96%         x116_64 D  15654  15653     83
Elapsed time = 654.35 sec. (600741.91 ticks, tree = 470.96 MB, solutions = 1)
  15770 12041      621.4989   150      631.0000      612.3125   377015    2.96%          x7_132 D  15770  15769    199
  15870 12140      622.1429    21      631.0000      612.3125   377827    2.96%         x26_132 D  15870  15869    299
  15955 12216        cutoff            631.0000      612.3125   380262    2.96%          x97_50 U  15955  15953     65
  16090 12351      621.3774    47      631.0000      612.3125   381585    2.96%         x24_105 D  16090  16089    145
  16210 12471      623.0962   139      631.0000      612.3125   383089    2.96%          x93_55 D  16210  16209    265
  16300 12545      617.2370   236      631.0000      612.3269   384786    2.96%         x149_78 D  16300  16299     14
  16398 12623      618.7667   122      631.0000      612.3704   387032    2.95%          x99_65 D  16398  16397     32
  16502 12711      617.9944   252      631.0000      612.3912   388409    2.95%         x125_90 D  16502  16501     11
  16583 12772      612.5356   238      631.0000      612.4254   391236    2.94%          x10_39 D  16583   3889     16
  16671 12842      626.8704   197      631.0000      612.4370   393881    2.94%         x89_115 D  16671  16670     15
Elapsed time = 687.00 sec. (639431.34 ticks, tree = 528.26 MB, solutions = 1)
  16750 12901      620.9295   146      631.0000      612.5000   396741    2.93%         x76_131 U  16750  16749     29
  16820 12968      622.3780   128      631.0000      612.5000   398541    2.93%         x146_59 D  16820  16819     37
  16907 13051      628.9780   167      631.0000      612.5278   401111    2.93%          x81_18 N  16907  16906     58
  17000 13129      624.8472   181      631.0000      612.5370   403414    2.93%          x78_82 U  17000  16999     24
  17087 13199      628.6619   172      631.0000      612.5370   405479    2.93%          x11_50 D  17087  17086     60
  17164 13257    infeasible            631.0000      612.5370   407931    2.93%          x89_99 N  17164  17163     25
  17248 13317      620.8074   193      631.0000      612.5370   410630    2.93%         x93_111 U  17248  17247     18
  17340 13386      618.2870   209      631.0000      612.5370   412854    2.93%         x40_125 D  17340  17339     15
  17442 13474      619.1047   241      631.0000      612.5370   414859    2.93%         x125_90 D  17442  17441     22
  17529 13549      626.6000   197      631.0000      612.5370   417326    2.93%         x115_78 D  17529  17528     26
Elapsed time = 723.75 sec. (677815.84 ticks, tree = 565.48 MB, solutions = 1)
  17600 13616      623.2667    43      631.0000      612.5370   418825    2.93%           x36_3 D  17600  17599     78
  17736 13751      628.0000    59      631.0000      612.5370   420640    2.93%        x131_119 N  17736  17735    214
  17821 13808      625.5443   209      631.0000      612.5370   422964    2.93%          x11_52 D  17821  17820     18
  17918 13888      627.7917   173      631.0000      612.5370   425668    2.93%          x10_90 D  17918  17917     59
  17999 13952      626.8410   218      631.0000      612.5417   428397    2.93%          x62_65 D  17999  17998     28
  18090 14031      623.5690   155      631.0000      612.5431   430329    2.93%         x108_93 D  18090  18089     38
  18172 14098      620.1419   181      631.0000      612.5870   433259    2.92%          x11_52 D  18172  18171     15
  18260 14163      624.5556   143      631.0000      612.6370   435912    2.91%          x42_19 U  18260  18259     26
  18346 14232      625.6622   180      631.0000      612.6707   438587    2.90%         x129_69 D  18346  18345     32
  18423 14300      625.9091    44      631.0000      612.6944   440680    2.90%        x112_100 D  18423  18422     77
Elapsed time = 759.38 sec. (716303.76 ticks, tree = 612.61 MB, solutions = 1)
  18541 14399      629.1928   223      631.0000      612.7037   442040    2.90%          x99_78 D  18541  18540     33
  18624 14456      629.5321   182      631.0000      612.7037   444349    2.90%         x39_150 D  18624  18622     25
  18720 14537      622.0000    42      631.0000      612.7370   446115    2.89%          x18_11 D  18720  18719     51
  18831 14648      624.5263    58      631.0000      612.7370   446743    2.89%         x73_148 N  18831  18830    162
  18952 14751      629.6667   191      631.0000      612.7870   448418    2.89%         x78_149 U  18952   9219     10
  19031 14810      626.0000    77      631.0000      612.8125   450789    2.88%         x55_134 D  19031  19030     40
  19106 14875      622.0000   149      631.0000      612.8254   453479    2.88%          x62_78 U  19106  19104     17
  19190 14942        cutoff            631.0000      612.8254   456122    2.88%         x146_55 U  19190  19188     77
  19279 15024      627.7705   125      631.0000      612.8254   458774    2.88%         x36_147 D  19279  19278     58
  19364 15086      626.1410   244      631.0000      612.8585   461315    2.88%          x40_47 D  19364  19363     42
Elapsed time = 792.56 sec. (754720.45 ticks, tree = 661.00 MB, solutions = 1)
  19462 15170      625.5882   208      631.0000      612.8704   463256    2.87%          x47_66 U  19462  19461     19
  19552 15242      625.8333   177      631.0000      612.9023   465387    2.87%         x149_10 D  19552  19551     26
  19642 15316      620.2500   183      631.0000      612.9157   467043    2.87%         x78_150 U  19642   1688     10
  19740 15398      620.0000    18      631.0000      612.9412   469035    2.86%        x101_100 D  19740  19739     59
  19865 15519      621.6126    95      631.0000      612.9412   469670    2.86%            x3_7 D  19865  19864    184
  19970 15617      626.3333    15      631.0000      612.9674   470913    2.86%        x101_132 D  19970  19969     63
  20060 15685      617.4907   182      631.0000      612.9930   473244    2.85%          x78_66 D  20060  20059     23
  20170 15791      622.3333    36      631.0000      612.9943   474477    2.85%          x116_3 D  20170  20169     78
  20279 15898      628.2500    67      631.0000      612.9943   476000    2.85%         x67_148 D  20279  20278    187
  20360 15961      626.5798   158      631.0000      613.0018   478654    2.85%        x137_130 D  20360  20359     60
Elapsed time = 825.31 sec. (793405.33 ticks, tree = 718.59 MB, solutions = 1)
  20432 16012      625.6047   203      631.0000      613.0337   481399    2.85%         x89_115 D  20432  20431     15
  20514 16067      623.7222   196      631.0000      613.0370   484209    2.85%         x78_149 N  20514  20513     21
  20590 16116      616.4248   213      631.0000      613.0370   486637    2.85%         x115_90 U  20590   5124      6
  20671 16174      620.5882   168      631.0000      613.0370   488849    2.85%          x62_78 N  20671  20670     17
  20753 16236      629.9167   154      631.0000      613.0370   491366    2.85%         x40_125 N  20753  20752     20
  20828 16292      620.1836   194      631.0000      613.0370   493519    2.85%          x52_55 D  20828  20827     20
  20950 16413      624.3333    36      631.0000      613.0370   494592    2.85%        x116_114 D  20950  20949    142
  21038 16483      629.3410   217      631.0000      613.0370   497118    2.85%          x52_11 D  21038  21037     29
  21157 16594      622.0000   155      631.0000      613.0370   498867    2.85%         x134_52 U  21157  21156     18
  21290 16727      628.1373   121      631.0000      613.0370   500404    2.85%          x81_18 D  21290  21289    151
Elapsed time = 859.62 sec. (832013.46 ticks, tree = 780.06 MB, solutions = 1)
  21378 16792      615.9216   191      631.0000      613.0370   502764    2.85%         x115_90 D  21378  21377      9
  21460 16849      619.1389   199      631.0000      613.0370   505232    2.85%          x89_65 D  21460  21459     12
  21536 16907      620.6520   207      631.0000      613.0370   508029    2.85%          x72_50 D  21536  21535     15
  21620 16971      627.0833    45      631.0000      613.0754   509804    2.84%          x60_36 U  21620  21619     39
  21715 17052        cutoff            631.0000      613.1062   511973    2.84%         x112_36 U  21715  21713     24
  21803 17132      626.4000    57      631.0000      613.1240   514219    2.83%           x44_8 U  21803  21802     40
  21901 17219        cutoff            631.0000      613.1370   516665    2.83%          x57_64 N  21901  21898     19
  21992 17293      627.8259   193      631.0000      613.1601   518663    2.83%         x65_115 D  21992  21991     30
  22070 17351      625.8889    49      631.0000      613.1763   521186    2.82%           x36_3 D  22070  22069     47
  22192 17469      624.7778    47      631.0000      613.1763   523514    2.82%        x116_147 D  22192  22191     48
Elapsed time = 894.17 sec. (870583.43 ticks, tree = 811.39 MB, solutions = 1)
  22326 17599      619.6429   186      631.0000      613.1799   525818    2.82%         x93_111 D  22326  22324     23
  22400 17655      616.0000   164      631.0000      613.2004   527268    2.82%         x134_52 U  22400  22399     17
  22560 17815      620.4286    30      631.0000      613.2004   528727    2.82%          x49_72 D  22560  22559    177
  22653 17905      621.7266    78      631.0000      613.2004   529596    2.82%          x11_76 D  22653  22652    270
  22738 17972      629.7500    89      631.0000      613.2105   531788    2.82%        x111_119 D  22738  22737     41
  22814 18038      624.6091   190      631.0000      613.2107   534157    2.82%         x109_12 D  22814  22813     39
  22890 18093      616.1172   178      631.0000      613.2400   537034    2.81%         x93_111 D  22890  10600      9
  22975 18168      628.0737   239      631.0000      613.2513   539367    2.81%         x89_115 D  22975  22974     22
  23047 18221      627.2731   217      631.0000      613.2607   542088    2.81%        x123_111 D  23047  23046     42
  23134 18284        cutoff            631.0000      613.2870   544563    2.81%          x66_82 D  23134  23133     13
Elapsed time = 927.26 sec. (909652.91 ticks, tree = 865.43 MB, solutions = 1)
  23210 18343      628.5196   208      631.0000      613.2936   546962    2.81%          x2_111 U  23210  23209     50
  23278 18395      619.0420   265      631.0000      613.3123   550120    2.80%          x72_50 N  23278   6814     12
  23354 18461      622.0909    44      631.0000      613.3125   552594    2.80%          x84_72 D  23354  23353     57
  23460 18567      623.3149   205      631.0000      613.3125   553738    2.80%          x24_98 D  23460  23459    163
  23575 18682      624.2105    52      631.0000      613.3125   555093    2.80%         x132_26 D  23575  23574    278
  23638 18735      620.0000    70      631.0000      613.3224   557352    2.80%          x42_19 D  23638  23637     31
  23733 18826      627.6528   124      631.0000      613.3228   559501    2.80%         x117_59 N  23733  23732     50
  23808 18876      618.0490   170      631.0000      613.3532   562249    2.80%          x72_50 N  23808  23807     20
  23890 18954      629.0319   204      631.0000      613.3552   564743    2.80%        x117_108 D  23890  23889     65
  23975 19019        cutoff            631.0000      613.3704   567007    2.79%         x150_27 D  23975  23974     30
Elapsed time = 959.92 sec. (948113.18 ticks, tree = 883.81 MB, solutions = 1)
  24040 19060      616.5217   151      631.0000      613.4000   569041    2.79%          x90_54 D  24040  24039     25
  24127 19134      626.9146   217      631.0000      613.4167   571213    2.79%         x127_27 U  24127  24126     19
  24194 19184      629.8333   117      631.0000      613.4702   574155    2.78%         x139_96 U  24194  24192     29
  24279 19259      629.5000   154      631.0000      613.4722   576618    2.78%         x42_108 D  24279  24278     35
  24347 19306      618.9333   192      631.0000      613.5000   579427    2.77%          x59_30 U  24347    414     14
  24441 19395      624.9030   135      631.0000      613.5000   580988    2.77%          x24_25 D  24441  24440     82
  24577 19525      622.8333   111      631.0000      613.5000   582372    2.77%         x93_131 D  24577  24576     28
  24696 19637      621.4091   131      631.0000      613.5000   584020    2.77%         x93_111 D  24696  24695     11
  24783 19706      623.2068   222      631.0000      613.5125   585841    2.77%         x89_150 D  24783  24782     25
  24905 19822      627.8571    35      631.0000      613.5133   587142    2.77%          x98_44 U  24905  24904    118
Elapsed time = 992.01 sec. (986629.47 ticks, tree = 944.63 MB, solutions = 1)
  24974 19869      614.1667   195      631.0000      613.5370   589714    2.77%         x127_27 D  24974   1525     13
  25050 19924      618.9792   244      631.0000      613.5370   592510    2.77%         x93_111 U  25050  25049     11
  25120 19973      614.9167   182      631.0000      613.5370   594715    2.77%         x40_115 U  25120   7720     13
  25214 20056      627.8333   162      631.0000      613.5370   596629    2.77%         x139_96 D  25214  25213     44
  25288 20103      627.1419   174      631.0000      613.5370   599019    2.77%        x125_115 N  25288  25287     20
  25365 20160      621.9216   176      631.0000      613.5370   601605    2.77%         x93_111 U  25365  25364     17
  25447 20216      618.8410   206      631.0000      613.5370   603758    2.77%          x52_11 D  25447  25446     23
  25580 20349      624.5265   133      631.0000      613.5370   605207    2.77%          x12_11 D  25580  25579    156
  25681 20438      616.5914   229      631.0000      613.5370   606965    2.77%        x125_115 U  25681   4497     13
  25778 20527      622.9202   121      631.0000      613.5370   608864    2.77%         x131_93 D  25778  25777     80
Elapsed time = 1027.18 sec. (1025207.19 ticks, tree = 995.34 MB, solutions = 1)
  25910 20659      623.8421    85      631.0000      613.5370   610311    2.77%        x131_105 D  25910  25909    212
  25990 20724      629.0910   205      631.0000      613.5370   612247    2.77%         x125_99 N  25990  25989     30
  26064 20775      619.5472   255      631.0000      613.5407   614657    2.77%         x93_111 U  26064  26063     15
  26143 20844      628.2222    82      631.0000      613.5588   617048    2.76%          x42_55 D  26143  26142     52
  26230 20909      619.3259   210      631.0000      613.5795   619123    2.76%          x11_52 D  26230  26229     18
  26295 20957      624.5077   215      631.0000      613.5833   621956    2.76%          x52_11 N  26295  26294     18
  26369 21022      623.0625    39      631.0000      613.5970   625226    2.76%         x16_100 N  26369  26368     36
  26438 21071      623.0882   172      631.0000      613.6370   627597    2.75%         x93_111 U  26438  26437     17
  26540 21169      626.0480   190      631.0000      613.6429   629534    2.75%          x24_32 D  26540  26539    105
  26654 21275      621.0882   176      631.0000      613.6620   631287    2.75%          x66_82 N  26654  26652     16
Elapsed time = 1058.47 sec. (1064017.32 ticks, tree = 1050.43 MB, solutions = 1)
  26748 21352      623.3155   159      631.0000      613.6944   633309    2.74%          x111_1 D  26748  26747     52
  26835 21439      629.2500    16      631.0000      613.6944   634291    2.74%          x32_76 D  26835  26834    139
  26929 21510      625.8889    43      631.0000      613.6944   635647    2.74%          x12_49 D  26929  26928     41
  27060 21631      620.5882   184      631.0000      613.7037   637250    2.74%          x82_78 D  27060  27059     11
  27152 21699      625.7821   186      631.0000      613.7069   639372    2.74%         x115_40 D  27152  27151     40
  27224 21759      628.3625    69      631.0000      613.7105   642143    2.74%         x118_55 N  27224  27223     48
  27293 21815      619.7500   195      631.0000      613.7327   644572    2.74%          x39_65 N  27293  20524     17
  27364 21871      623.5188   226      631.0000      613.7513   647173    2.73%         x125_90 D  27364  27363     25
  27427 21922      628.3750    60      631.0000      613.7593   650496    2.73%         x139_96 U  27427  27425     28
  27503 21986        cutoff            631.0000      613.7593   652002    2.73%         x84_112 U  27503  27501     87
Elapsed time = 1090.66 sec. (1102504.90 ticks, tree = 1112.47 MB, solutions = 1)
  27600 22064      623.9697   202      631.0000      613.7778   653609    2.73%          x24_45 D  27600  27599     25
  27679 22137      628.8000    25      631.0000      613.7870   655170    2.73%        x139_117 N  27679  27678     76
  27740 22173      629.4375   178      631.0000      613.7870   657173    2.73%          x72_50 D  27740  27739     20
  27811 22225      625.0000    20      631.0000      613.7870   659670    2.73%        x114_112 D  27811  27810     56
  27906 22316      628.0000    30      631.0000      613.7870   660623    2.73%         x64_132 D  27906  27905    151
  27986 22384      626.5912   217      631.0000      613.7870   663020    2.73%          x72_50 U  27986  27984     18
  28066 22443      627.4931   223      631.0000      613.7883   665118    2.73%         x40_149 D  28066  28065     13
  28140 22497      623.1413   151      631.0000      613.8214   667551    2.72%         x118_41 N  28140  28139     47
  28213 22570      628.5000    20      631.0000      613.8214   668845    2.72%         x37_130 D  28213  28212    120
  28279 22629      619.0333   137      631.0000      613.8254   670799    2.72%          x42_19 U  28279  28278     18
Elapsed time = 1120.99 sec. (1142280.57 ticks, tree = 1165.11 MB, solutions = 1)
* 28302  8312      integral     0      623.0000      613.8254   670944    1.47%         x100_60 D  28302  28301     41
  28371  8350      621.8659   184      623.0000      613.8333   674364    1.47%         x76_105 D  28371  28370     29
  28437  8387      616.0435   190      623.0000      613.8462   676867    1.47%          x72_50 D  28437  28436     14
  28506  8429      618.2609   185      623.0000      613.8604   680076    1.47%          x11_52 D  28506  28505     14
  28569  8457      619.0349   199      623.0000      613.8830   683131    1.46%         x76_105 D  28569  28568     32
  28636  8500      616.0326   190      623.0000      613.8974   685956    1.46%         x93_111 U  28636  28635     27
  28700  8520      621.5833   177      623.0000      613.9348   689093    1.46%         x93_111 U  28700  28698     10
  28779  8563        cutoff            623.0000      613.9453   690935    1.45%          x54_40 U  28779  28777     24
  28851  8596      617.8611   196      623.0000      614.0370   693832    1.44%         x93_111 U  28851  28850     10
  28918  8621      621.3611   173      623.0000      614.0370   696652    1.44%         x93_111 U  28918  28917     17
Elapsed time = 1148.83 sec. (1177737.70 ticks, tree = 431.27 MB, solutions = 2)
  28984  8661      619.8656   219      623.0000      614.0370   699474    1.44%         x93_111 U  28984  28983     28
  29059  8693      618.0000   163      623.0000      614.0370   702474    1.44%         x134_52 U  29059  29058     20
  29139  8729        cutoff            623.0000      614.0370   705191    1.44%         x89_115 U  29139  29137     16
  29201  8751      619.5784   178      623.0000      614.0370   708815    1.44%         x78_150 U  29201   7927     11
  29262  8762        cutoff            623.0000      614.0521   711743    1.44%         x65_115 D  29262  29261     19
  29328  8782      621.5183   209      623.0000      614.1620   714655    1.42%         x89_115 D  29328  29327     24
  29397  8808        cutoff            623.0000      614.1667   717456    1.42%          x52_11 U  29397  29395     23
  29485  8867      616.3583   209      623.0000      614.2000   719323    1.41%        x125_115 U  29485   3413     14
  29565  8906      616.8354   222      623.0000      614.2051   722004    1.41%         x93_111 D  29565  27084     14
* 29599  5192      integral     0      621.0000      614.2105   722664    1.09%
  29629  5201        cutoff            621.0000      614.2274   723719    1.09%          x52_50 U  29629  29627     22
Elapsed time = 1178.94 sec. (1216232.88 ticks, tree = 264.01 MB, solutions = 3)
  29702  5236      617.4000   208      621.0000      614.2353   726672    1.09%         x79_111 D  29702  29701     28
  29789  5281      618.9646   181      621.0000      614.2607   729293    1.09%          x65_90 D  29789  29788     19
  29855  5301        cutoff            621.0000      614.3254   732141    1.07%          x11_52 D  29855  29854     25
  29937  5341        cutoff            621.0000      614.3542   734059    1.07%         x93_111 D  29937  29935     16
  29999  5349        cutoff            621.0000      614.4157   737463    1.06%         x93_111 D  29999  29997      9
  30062  5365      617.0854   192      621.0000      614.4418   740237    1.06%         x93_111 D  30062  20793     15
  30137  5396      618.0000    71      621.0000      614.4687   742658    1.05%        x146_118 D  30137  30135     16
  30205  5418      619.2381   138      621.0000      614.5000   745703    1.05%          x24_45 D  30205  30204     27
  30271  5434      618.6838   227      621.0000      614.5370   748503    1.04%          x89_65 U  30271   4078     12
  30330  5425      618.8284   193      621.0000      614.5370   751614    1.04%          x65_90 U  30330   5673     14
Elapsed time = 1207.90 sec. (1254754.70 ticks, tree = 278.09 MB, solutions = 3)
  30392  5438      618.4375   195      621.0000      614.5370   755136    1.04%          x99_47 U  30392  30391     12
  30457  5447        cutoff            621.0000      614.5694   758309    1.04%          x79_93 U  30457  30455     18
  30530  5468        cutoff            621.0000      614.6254   760982    1.03%         x62_149 U  30530  30528     15
  30607  5510      617.0069   220      621.0000      614.6437   763161    1.02%        x127_149 D  30607  30606     13
  30669  5522        cutoff            621.0000      614.7037   766561    1.01%          x111_1 U  30669  30667     22
  30745  5544        cutoff            621.0000      614.7222   768994    1.01%          x16_84 D  30745  30744     46
  30811  5545        cutoff            621.0000      614.7870   772002    1.00%         x93_111 D  30811  30809     14
  30879  5561      618.2169   179      621.0000      614.8254   775208    0.99%         x125_90 U  30879   5014     15
  30946  5587      619.1750   182      621.0000      614.8333   778439    0.99%         x93_111 U  30946  30945     21
  31013  5614      618.6354   205      621.0000      614.8611   781403    0.99%         x118_52 D  31013  31012     21
Elapsed time = 1235.85 sec. (1293190.76 ticks, tree = 292.99 MB, solutions = 3)
  31087  5640      617.0000    46      621.0000      614.8784   784157    0.99%        x131_119 U  31087  31086     15
  31160  5666      618.0784   199      621.0000      614.9167   786898    0.98%         x78_150 D  31160  31159     10
  31228  5672        cutoff            621.0000      614.9370   790064    0.98%         x93_111 D  31228  31226     14
  31277  5673      618.2778   185      621.0000      615.0000   793294    0.97%         x93_111 N  31277  31276     25
  31338  5668      617.8784   178      621.0000      615.0370   795937    0.96%         x99_125 D  31338   6936     17
  31403  5673        cutoff            621.0000      615.0370   799143    0.96%         x39_115 U  31403  31401     13
  31463  5679      618.9370   230      621.0000      615.0370   802744    0.96%         x93_111 U  31463  31462     14
  31522  5668        cutoff            621.0000      615.0370   805757    0.96%         x149_66 U  31522   5953     12
  31595  5692      618.3000   122      621.0000      615.0563   808380    0.96%         x134_52 U  31595  31594     16
  31658  5701        cutoff            621.0000      615.1111   811256    0.95%          x36_60 U  31658  31656     25
Elapsed time = 1262.92 sec. (1331677.27 ticks, tree = 300.97 MB, solutions = 3)
  31736  5728        cutoff            621.0000      615.1370   813574    0.94%         x115_90 U  31736  13534     11
  31810  5756      619.0000    16      621.0000      615.1667   816478    0.94%         x36_132 D  31810  31809     16
* 31848  4083      integral     0      620.0000      615.1667   817037    0.78%
  31910  4105      617.3333   164      620.0000      615.1944   818228    0.78%         x139_96 D  31910  31909     20
  31970  4095      618.4250   197      620.0000      615.2105   821237    0.77%          x82_78 D  31970   5269     17
  32027  4083      617.5016   193      620.0000      615.2793   824198    0.76%         x93_111 U  32027  28405     21
  32085  4072        cutoff            620.0000      615.3370   827014    0.75%         x93_111 D  32085  32083     16
  32142  4056      618.2500   160      620.0000      615.3974   829937    0.74%          x42_19 U  32142  15088     29
  32208  4056        cutoff            620.0000      615.4327   832743    0.74%          x52_11 U  32208  32206     18
  32268  4054      618.3000   107      620.0000      615.4704   835618    0.73%         x134_52 U  32268  32267     17
  32351  4062        cutoff            620.0000      615.5000   838073    0.73%          x65_78 U  32351   7175     17
Elapsed time = 1289.30 sec. (1370314.67 ticks, tree = 217.51 MB, solutions = 4)
  32420  4058        cutoff            620.0000      615.5370   841189    0.72%         x93_111 D  32420  32418     11
  32478  4030        cutoff            620.0000      615.5385   844471    0.72%        x115_150 U  32478   8347     16
  32543  4024      618.0854   183      620.0000      615.6053   847623    0.71%         x93_111 D  32543  30338     11
  32604  4004        cutoff            620.0000      615.6613   850647    0.70%          x72_50 U  32604   8345     14
  32670  3996        cutoff            620.0000      615.7037   853364    0.69%        x115_150 U  32670   4501     17
  32737  3982        cutoff            620.0000      615.7667   856127    0.68%          x90_65 U  32737  32734     21
  32820  3986      618.0000   132      620.0000      615.8333   858791    0.67%          x52_11 U  32820  19053     14
  32876  3970      617.9375   182      620.0000      615.8923   862099    0.66%         x134_52 D  32876  13036     20
  32946  3953      618.5854   182      620.0000      615.9403   864603    0.65%         x93_111 D  32946  23744     18
  33018  3940      616.2222    37      620.0000      616.0000   867284    0.65%        x112_114 U  33018  32298     18
Elapsed time = 1315.60 sec. (1408929.14 ticks, tree = 212.43 MB, solutions = 4)
  33116  3994        cutoff            620.0000      616.0000   868632    0.65%         x93_111 U  33116  33115     37
  33197  3998        cutoff            620.0000      616.0370   871142    0.64%         x39_115 U  33197   3391     19
  33257  3966        cutoff            620.0000      616.0370   874113    0.64%          x62_78 U  33257  11553     15
  33323  3928        cutoff            620.0000      616.0714   876559    0.63%          x11_50 D  33323  33321     21
  33385  3903        cutoff            620.0000      616.1128   879508    0.63%         x93_111 U  33385  33383     15
  33449  3893        cutoff            620.0000      616.1500   882823    0.62%          x78_99 U  33449  33448     12
  33515  3892      618.3077    45      620.0000      616.1745   886171    0.62%        x100_116 D  33515  33514     24
  33577  3860      618.5854   184      620.0000      616.2284   889336    0.61%         x93_111 D  33577  29959     15
  33661  3881        cutoff            620.0000      616.2500   891686    0.60%         x62_149 D  33661  33660     14
  33719  3857        cutoff            620.0000      616.2870   894848    0.60%         x93_111 D  33719  14530     14
Elapsed time = 1341.07 sec. (1447452.89 ticks, tree = 211.37 MB, solutions = 4)
  33784  3833        cutoff            620.0000      616.3421   897375    0.59%         x40_115 U  33784  33783     14
  33857  3817      618.9294   188      620.0000      616.4037   899595    0.58%         x125_90 U  33857  16938     21
  33940  3844        cutoff            620.0000      616.4217   902173    0.58%        x100_116 D  33940  33939     28
  34019  3841        cutoff            620.0000      616.4524   904399    0.57%          x11_50 U  34019  14980     23
  34086  3830      618.5172    60      620.0000      616.5000   907214    0.56%           x8_72 D  34086  34085     33
  34199  3895      617.9286    70      620.0000      616.5000   909230    0.56%          x52_24 U  34199  34198     22
  34282  3899        cutoff            620.0000      616.5278   911568    0.56%          x24_11 U  34282  30783     14
  34342  3865        cutoff            620.0000      616.5370   914133    0.56%         x93_111 U  34342  34341      8
  34403  3846        cutoff            620.0000      616.5672   916987    0.55%          x24_11 U  34403  28276     16
  34462  3811        cutoff            620.0000      616.6111   919701    0.55%         x93_111 D  34462  25681     14
Elapsed time = 1366.32 sec. (1485854.32 ticks, tree = 209.04 MB, solutions = 4)
  34528  3797        cutoff            620.0000      616.6667   922260    0.54%          x52_55 U  34528   7614     19
  34600  3798        cutoff            620.0000      616.6944   925137    0.53%        x125_115 D  34600  34599     20
  34661  3761      618.5784   185      620.0000      616.7370   927851    0.53%         x89_115 U  34661  11230     13
  34726  3745      617.5000    58      620.0000      616.7708   930443    0.52%          x52_24 U  34726   7568     20
  34793  3723      618.4179   202      620.0000      616.8043   932927    0.52%         x134_52 D  34793  23315     19
  34871  3721        cutoff            620.0000      616.8385   935347    0.51%         x82_125 U  34871   4968     12
  34946  3718        cutoff            620.0000      616.8704   938048    0.50%         x93_111 U  34946  34945     20
  35015  3700        cutoff            620.0000      616.9048   940538    0.50%         x93_111 D  35015  29767     13
  35087  3676        cutoff            620.0000      616.9375   942804    0.49%        x127_149 U  35087  30010     15
  35167  3686        cutoff            620.0000      616.9706   945507    0.49%         x93_111 D  35167  17742     12
Elapsed time = 1391.45 sec. (1524464.15 ticks, tree = 206.08 MB, solutions = 4)
  35249  3702      617.3636    47      620.0000      617.0000   947682    0.48%           x8_72 D  35249  35248     29
  35364  3765      617.7000    44      620.0000      617.0000   948944    0.48%         x16_100 D  35364  35363     25
  35472  3815        cutoff            620.0000      617.0000   950556    0.48%         x26_148 U  35472  33030     28
  35561  3841        cutoff            620.0000      617.0000   952353    0.48%         x36_132 U  35561  34145     30
  35648  3874        cutoff            620.0000      617.0000   954641    0.48%        x100_116 U  35648  35645     24
  35736  3900      618.5000    80      620.0000      617.0000   956895    0.48%         x97_111 D  35736  35735     27
  35819  3889        cutoff            620.0000      617.0208   959325    0.48%          x24_50 U  35819  34013     16
  35883  3836        cutoff            620.0000      617.0370   961364    0.48%          x82_78 U  35883   2815     10
  35941  3797        cutoff            620.0000      617.0385   963751    0.48%          x89_65 U  35941   4840     14
  36012  3778        cutoff            620.0000      617.0833   966259    0.47%         x111_93 U  36012   7009     20
Elapsed time = 1414.06 sec. (1562880.51 ticks, tree = 211.09 MB, solutions = 4)
  36085  3744        cutoff            620.0000      617.1127   968301    0.47%          x36_60 D  36085  36084     26
  36152  3715        cutoff            620.0000      617.1548   970868    0.46%          x72_50 U  36152   6937     18
  36223  3720      618.5000    41      620.0000      617.1667   972933    0.46%          x52_50 U  36223  14605     16
  36300  3696        cutoff            620.0000      617.1944   975170    0.45%          x90_78 U  36300   5815     36
  36362  3658      618.3333    29      620.0000      617.2222   977213    0.45%          x36_60 U  36362  35396     22
  36446  3642        cutoff            620.0000      617.2500   978936    0.44%        x100_116 D  36446  36444     39
  36525  3620      617.5333    51      620.0000      617.2857   981164    0.44%          x8_116 D  36525  36524     15
  36605  3593      618.0976   180      620.0000      617.3333   983179    0.43%          x52_11 D  36605  19626     13
  36713  3620        cutoff            620.0000      617.3381   984660    0.43%          x11_52 U  36713  29700     27
  36785  3598        cutoff            620.0000      617.3704   986522    0.42%          x10_39 U  36785  11827     16
Elapsed time = 1436.18 sec. (1601326.79 ticks, tree = 197.08 MB, solutions = 4)
  36859  3558        cutoff            620.0000      617.4111   988581    0.42%          x42_19 U  36859   7569     21
  36936  3510        cutoff            620.0000      617.4375   990295    0.41%         x62_149 U  36936  28692     12
  37014  3475        cutoff            620.0000      617.4697   992137    0.41%         x93_111 D  37014  24313     20
  37097  3448        cutoff            620.0000      617.5000   993967    0.40%         x69_143 D  37097  37096     20
  37200  3472      617.5000    57      620.0000      617.5000   995455    0.40%          x45_97 N  37200  10429     17
  37295  3483        cutoff            620.0000      617.5000   997385    0.40%          x24_11 U  37295  29740     25
  37377  3461        cutoff            620.0000      617.5132   999459    0.40%         x36_147 U  37377  37200     18
  37453  3437        cutoff            620.0000      617.5370  1001137    0.40%          x14_65 U  37453   2478     16
  37522  3389      619.0000    31      620.0000      617.5500  1002805    0.40%         x36_132 D  37522  37521     28
  37598  3369        cutoff            620.0000      617.5833  1004457    0.39%          x36_60 U  37598  37596     31
Elapsed time = 1458.00 sec. (1640045.70 ticks, tree = 180.27 MB, solutions = 4)
  37673  3330      618.5000    10      620.0000      617.6000  1006293    0.39%         x26_148 D  37673  37672     28
  37750  3303      619.0000    49      620.0000      617.6250  1008109    0.38%          x52_24 U  37750  37749     20
  37835  3283        cutoff            620.0000      617.6667  1009806    0.38%         x78_149 U  37835   6861     24
  37922  3270        cutoff            620.0000      617.6944  1011832    0.37%         x82_125 U  37922   3416     17
  37998  3245      618.2727    34      620.0000      617.7222  1013352    0.37%         x116_16 D  37998  37997     36
  38073  3217        cutoff            620.0000      617.7520  1015291    0.36%          x24_93 U  38073  33171     32
  38142  3178        cutoff            620.0000      617.7895  1016968    0.36%          x11_52 U  38142  22834     20
  38211  3120        cutoff            620.0000      617.8262  1019054    0.35%        x125_115 U  38211   5900     14
  38286  3089        cutoff            620.0000      617.8534  1020730    0.35%          x93_55 U  38286  38284     24
  38355  3039        cutoff            620.0000      617.8854  1022638    0.34%          x62_78 U  38355  29570     20
Elapsed time = 1478.22 sec. (1678584.65 ticks, tree = 159.83 MB, solutions = 4)
  38433  2987        cutoff            620.0000      617.9238  1024376    0.33%         x89_115 U  38433  30642     19
  38504  2920        cutoff            620.0000      617.9907  1026039    0.32%         x78_125 U  38504  30626     28
  38579  2896        cutoff            620.0000      618.0000  1027397    0.32%         x100_26 D  38579  38577     23
  38645  2898        cutoff            620.0000      618.0000  1028372    0.32%         x26_112 U  38645  38643     32
  38724  2910      618.2500    29      620.0000      618.0000  1029414    0.32%           x44_8 N  38724  35595     26
  38780  2915      619.0000    40      620.0000      618.0000  1030905    0.32%         x16_116 N  38780  38778     36
  38843  2909        cutoff            620.0000      618.0000  1032073    0.32%        x112_148 U  38843  38841     39
  38907  2911        cutoff            620.0000      618.0000  1033136    0.32%         x36_132 U  38907  35962     18
  38968  2915      618.5000    37      620.0000      618.0000  1034730    0.32%          x16_72 N  38968  38967     30
  39027  2919      618.5000    40      620.0000      618.0000  1035936    0.32%        x114_112 N  39027  37404     28
Elapsed time = 1495.04 sec. (1717047.58 ticks, tree = 150.75 MB, solutions = 4)
  39093  2910        cutoff            620.0000      618.0000  1037515    0.32%          x72_16 U  39093  39091     39
  39165  2877      619.0000    49      620.0000      618.0000  1038775    0.32%        x146_118 N  39165  34177     21
  39239  2883      619.0000    38      620.0000      618.0000  1040211    0.32%         x36_147 N  39239  39238     25
  39320  2880        cutoff            620.0000      618.0000  1041329    0.32%         x55_134 U  39320  39317     31
  39383  2881      618.5000    34      620.0000      618.0000  1043192    0.32%         x36_116 N  39383  39382     30
  39450  2869      618.6667    27      620.0000      618.0000  1044281    0.32%           x8_72 N  39450  39449     32
  39521  2840        cutoff            620.0000      618.0000  1045730    0.32%         x36_132 U  39521  34858     24
  39586  2803        cutoff            620.0000      618.0343  1047105    0.32%         x36_147 U  39586  34204     21
  39654  2739        cutoff            620.0000      618.0370  1048267    0.32%          x89_65 U  39654   5686     27
  39722  2685        cutoff            620.0000      618.0714  1049662    0.31%          x42_19 U  39722  28363     22
Elapsed time = 1512.76 sec. (1755481.31 ticks, tree = 140.31 MB, solutions = 4)
  39791  2629        cutoff            620.0000      618.0882  1050858    0.31%          x66_82 D  39791  31633     20
  39862  2580        cutoff            620.0000      618.1111  1052139    0.30%         x16_100 U  39862  35966     22
  39923  2539        cutoff            620.0000      618.1364  1053298    0.30%          x24_93 U  39923  33007     16
  39981  2502        cutoff            620.0000      618.1667  1054881    0.30%          x24_93 U  39981  37388     19
  40055  2478        cutoff            620.0000      618.1818  1056261    0.29%         x16_100 U  40055  40053     27
  40125  2422        cutoff            620.0000      618.2190  1057600    0.29%          x11_52 U  40125  25126     20
  40197  2370        cutoff            620.0000      618.2500  1058908    0.28%         x134_52 D  40197  30149     13
  40263  2328        cutoff            620.0000      618.2513  1060210    0.28%          x93_55 U  40263  23323     27
  40329  2285        cutoff            620.0000      618.2857  1061491    0.28%         x79_111 U  40329  29978     15
  40404  2213        cutoff            620.0000      618.3182  1062527    0.27%         x90_125 D  40404    937     15
Elapsed time = 1530.61 sec. (1794026.59 ticks, tree = 116.55 MB, solutions = 4)
  40474  2174        cutoff            620.0000      618.3333  1063509    0.27%         x64_114 U  40474  38719     47
  40535  2147        cutoff            620.0000      618.3333  1064983    0.27%        x112_148 U  40535  40533     32
  40607  2136        cutoff            620.0000      618.3500  1066232    0.27%          x52_50 D  40607  29426     20
  40686  2091        cutoff            620.0000      618.3750  1067197    0.26%         x134_52 D  40686  32018     22
  40760  2025        cutoff            620.0000      618.4048  1068050    0.26%         x36_147 U  40760  39222     20
  40828  1990        cutoff            620.0000      618.4286  1069054    0.25%        x116_147 U  40828  35599     29
  40898  1947        cutoff            620.0000      618.4469  1069943    0.25%          x10_54 U  40898  15029     34
  40976  1897      618.8000    36      620.0000      618.4877  1070893    0.24%        x112_114 N  40976  37181     35
  41043  1854        cutoff            620.0000      618.5000  1072160    0.24%          x84_72 U  41043  36969     35
  41114  1794        cutoff            620.0000      618.5000  1072901    0.24%         x36_147 U  41114  31574     19
Elapsed time = 1548.04 sec. (1832409.39 ticks, tree = 94.58 MB, solutions = 4)
  41187  1758        cutoff            620.0000      618.5000  1073741    0.24%         x36_147 U  41187  27622     20
  41259  1736        cutoff            620.0000      618.5000  1075128    0.24%         x134_52 D  41259  32821     16
  41330  1679      619.0000    30      620.0000      618.5030  1076321    0.24%        x100_116 N  41330  35448     28
  41401  1616        cutoff            620.0000      618.5321  1077325    0.24%          x72_50 U  41401  30511     14
  41477  1540        cutoff            620.0000      618.5417  1077894    0.24%         x115_66 U  41477   4322     26
  41554  1475        cutoff            620.0000      618.5833  1078835    0.23%         x93_131 U  41554  34288     20
  41627  1403        cutoff            620.0000      618.6000  1079645    0.23%          x40_47 U  41627   2453     22
  41701  1333        cutoff            620.0000      618.6217  1080499    0.22%         x93_111 D  41701  16486     12
  41776  1262        cutoff            620.0000      618.6613  1081274    0.22%          x24_45 U  41776  16871     23
  41857  1209        cutoff            620.0000      618.6667  1082099    0.22%          x82_78 U  41857  31278     27
Elapsed time = 1564.76 sec. (1870778.35 ticks, tree = 60.85 MB, solutions = 4)
  41928  1147      619.0000    24      620.0000      618.7000  1082846    0.21%          x16_72 N  41928  35539     30
  42005  1080        cutoff            620.0000      618.7407  1083512    0.20%         x55_134 U  42005  16874     26
  42081  1018        cutoff            620.0000      618.7778  1083979    0.20%         x36_116 U  42081  39845     26
  42158   953        cutoff            620.0000      618.8000  1084496    0.19%          x24_93 U  42158  36353     14
  42235   895        cutoff            620.0000      618.8333  1085018    0.19%         x73_114 N  42235  42233     37
  42320   828        cutoff            620.0000      618.8656  1085465    0.18%          x72_50 U  42320  31309     17
  42396   764        cutoff            620.0000      618.9167  1085778    0.17%          x36_60 D  42396  42395     35
  42472   688        cutoff            620.0000      618.9583  1086201    0.17%          x97_24 U  42472  10733     28
  42554   632        cutoff            620.0000      619.0000  1086688    0.16%          x36_60 U  42554  31097     26
  42641   566        cutoff            620.0000      619.0000  1087546    0.16%        x114_112 U  42641  33147     25
Elapsed time = 1581.18 sec. (1909225.72 ticks, tree = 27.41 MB, solutions = 4)
  42730   489        cutoff            620.0000      619.0000  1088315    0.16%          x72_73 U  42730  38862     23
  42812   419        cutoff            620.0000      619.0000  1089019    0.16%         x16_100 U  42812  37121     26
  42896   351        cutoff            620.0000      619.0000  1089789    0.16%         x114_16 U  42896  36588     33
  42988   287        cutoff            620.0000      619.0000  1090400    0.16%         x16_100 U  42988  42983     21
  43068   218      619.0000    70      620.0000      619.0000  1091105    0.16%          x42_19 N  43068  23637     31
  43147   153        cutoff            620.0000      619.0000  1091917    0.16%          x36_60 U  43147  43145     27
  43222    98      619.0000    49      620.0000      619.0000  1092753    0.16%        x117_134 N  43222   9272     25
  43302    18        cutoff            620.0000      619.0000  1093313    0.16%         x36_132 U  43302  28736     20

Zero-half cuts applied:  15
Gomory fractional cuts applied:  1
User cuts applied:  11212

Root node processing (before b&c):
  Real time             =    1.56 sec. (3471.18 ticks)
Sequential b&c:
  Real time             = 1592.03 sec. (1938760.28 ticks)
                          ------------
Total (root+branch&cut) = 1593.60 sec. (1942231.46 ticks)

