Version identifier: 22.1.0.0 | 2022-03-09 | 1a383f8ce
CPXPARAM_Preprocessing_Reduce                    1
CPXPARAM_Threads                                 1
CPXPARAM_Preprocessing_Reformulations            0
CPXPARAM_TimeLimit                               10800
CPXPARAM_MIP_Tolerances_AbsMIPGap                0.999
CPXPARAM_MIP_Limits_TreeMemory                   20000
Legacy callback                                  BbLUID
         Disabling repeat represolve because of lazy constraint/incumbent callback.
Tried aggregator 1 time.
MIP Presolve eliminated 28548 rows and 0 columns.
MIP Presolve modified 1630 coefficients.
Reduced MIP has 1932 rows, 8830 columns, and 43990 nonzeros.
Reduced MIP has 8830 binaries, 0 generals, 0 SOSs, and 0 indicators.
Presolve time = 0.03 sec. (56.60 ticks)
Probing time = 0.00 sec. (4.22 ticks)
Clique table members: 1932.
MIP emphasis: balance optimality and feasibility.
MIP search method: traditional branch-and-cut.
Parallel mode: none, using 1 thread.
Root relaxation solution time = 0.00 sec. (7.40 ticks)

        Nodes                                         Cuts/
   Node  Left     Objective  IInf  Best Integer    Best Bound    ItCnt     Gap         Variable B NodeID Parent  Depth

      0     0      522.5000    24                    522.5000      143         
      0     0      614.5000   159                   Cuts: 148      255         
      0     0      615.5000   144                    Cuts: 23      285         
      0     0      616.0000    77                    Cuts: 11      327         
      0     0      618.0000    98                    Cuts: 63      382         
      0     0      618.5000    54                    Cuts: 24      411         
      0     0      621.3750   224                    Cuts: 18      433         
      0     0      622.6250   195                    Cuts: 11      444         
      0     0      622.6250   215                     Cuts: 9      450         
      0     0      623.0000   220                    Cuts: 16      465         
      0     0      624.0000    66                    Cuts: 13      488         
      0     0      627.0000    16                    Cuts: 37      497         
      0     0      630.3333    56                    Cuts: 19      522         
      0     0      630.7857   292                     Cuts: 8      545         
      0     0      631.5000    14                    Cuts: 17      576         
      0     0      633.1667   217                    Cuts: 21      616         
      0     0      633.2500   213                    Cuts: 16      624         
      0     0      633.9000   215                     User: 7      638         
      0     0      633.9000   216                    User: 11      639         
      0     0      634.0000   215                     User: 6      649         
      0     0      634.2667   246                    User: 10      669         
      0     0      634.4000   219                    User: 13      672         
      0     0      634.4000   219                    User: 12      673         
      0     0      634.5667   170                     User: 8      681         
      0     0      634.6667   230                    User: 12      691         
      0     0      635.5000    14                     User: 9      740         
      0     0      637.0714    88                     User: 9      775         
      0     0      638.9091    80                    User: 12      806         
      0     0      638.9091    81                     User: 6      808         
      0     0      639.3333    85                     User: 7      831         
      0     0      640.2222    88                     User: 9      859         
      0     0      640.3750    84                     User: 9      866         
      0     0      640.4000    82                     User: 9      877         
      0     0      641.1333   316                     User: 7      937         
      0     0      641.4000    81                    User: 10      958         
      0     0      641.4533   317                     User: 8      968         
      0     0      641.6154    84                    User: 15      990         
      0     0      641.8333    86                     User: 4     1000         
      0     0      641.8800    89                     User: 1     1007         
      0     2      643.4118   104                    643.4773     1007                                 0             0
Elapsed time = 1.67 sec. (3905.70 ticks, tree = 0.01 MB, solutions = 0)
      1     3      645.7500    94                    646.5000     1096                   x63_50 N      1      0      1
      4     6      648.0667    87                    647.0000     1303                  x67_133 N      4      3      3
     10    12      652.5417    90                    647.0000     1482                 x139_118 N     10      9      7
     17    19      659.3099    90                    647.0000     1826                   x50_76 N     17     15     11
     24    26      671.1667    66                    647.0000     2076                  x38_113 N     24     22     14
     30    32      664.1875    56                    647.0000     2211                   x56_18 N     30     29     18
     37    39      670.0357    45                    647.0000     2465                  x113_79 N     37     35     22
     43    45      684.0000    12                    647.0000     2527                  x104_91 U     43     42     27
*    46    44      integral     0      683.0000      647.0000     2558    5.27%
     53    47      662.0000    81      683.0000      647.6000     2922    5.18%         x50_150 N     53     51      4
     80    70      667.0000    85      683.0000      647.8889     3927    5.14%          x60_62 D     80     79     25
Elapsed time = 4.57 sec. (7518.73 ticks, tree = 0.79 MB, solutions = 1)
    122   102      650.4286   113      683.0000      648.1111     4602    5.11%          x93_45 N    122      2      2
    153   128      668.0000    55      683.0000      650.1250     5869    4.81%          x76_45 N    153    152     21
    193   162      656.1500    88      683.0000      650.4286     6796    4.77%          x67_76 D    193    192      8
    220   184      665.2292    68      683.0000      650.8125     8405    4.71%        x136_129 D    220    219     22
    260   223      679.8462    52      683.0000      650.8125     9385    4.71%          x65_91 D    260    259     62
    306   260      661.7143    44      683.0000      652.0000    11107    4.54%         x103_88 N    306    305     26
    321   275      667.3333    52      683.0000      652.0000    11625    4.54%          x9_135 N    321    320     41
    345   295        cutoff            683.0000      652.0000    12249    4.54%         x81_113 D    345    343     64
    377   323      669.8333    36      683.0000      652.7500    14180    4.43%          x65_23 U    377    375     21
    414   353      672.6250    89      683.0000      652.7500    15643    4.43%          x76_45 N    414    413     14
Elapsed time = 13.66 sec. (17516.47 ticks, tree = 1.85 MB, solutions = 1)
    460   389      670.1667    69      683.0000      653.3333    17478    4.34%          x42_65 N    460    459     32
    506   428      676.2333    98      683.0000      653.5000    18394    4.32%         x16_136 N    506    505     17
    553   457      661.7841   106      683.0000      654.0000    20482    4.25%        x150_139 N    553    552      5
    600   500      668.1111    97      683.0000      654.0000    21620    4.25%        x150_133 D    600    599     12
    640   523      678.1250    61      683.0000      654.5556    23734    4.16%         x76_139 D    640    639      6
*   649   312      integral     0      671.0000      654.6667    24528    2.43%
    680   323        cutoff            671.0000      655.0000    26244    2.38%          x62_60 U    680    679     24
    732   347      663.5000    86      671.0000      655.3333    28953    2.33%         x133_67 D    732     12      9
    785   374        cutoff            671.0000      656.0000    31729    2.24%         x133_67 U    785    783     12
    843   408        cutoff            671.0000      656.7500    34081    2.12%         x67_133 U    843    841     14
    899   444      667.1667    90      671.0000      657.3077    36509    2.04%        x133_139 N    899    898     17
Elapsed time = 23.74 sec. (27337.44 ticks, tree = 2.51 MB, solutions = 2)
    956   485      669.4722    47      671.0000      657.4333    38942    2.02%         x60_104 D    956    955     34
*   971   248      integral     0      666.0000      657.5000    39664    1.28%
   1009   258      662.7778    75      666.0000      658.2000    41744    1.17%         x93_129 D   1009   1008     14
   1085   300      664.6250    80      666.0000      658.7083    44154    1.09%          x62_60 D   1085   1084     18
   1144   308      662.3636    83      666.0000      659.3333    46635    1.00%          x76_93 U   1144     17     12
   1223   352      662.6354    73      666.0000      659.8333    49053    0.93%          x62_60 D   1223   1222     15
   1296   389      663.0000    80      666.0000      660.0000    51652    0.90%          x31_50 U   1296    143     12
*  1341   188      integral     0      664.0000      660.3750    53068    0.55%          x65_23 D   1341   1340     11
*  1394    65      integral     0      663.0000      661.0000    54617    0.30%
   1426    36        cutoff            663.0000      661.6000    55041    0.21%          x23_65 U   1426   1067     12

Cover cuts applied:  1
Zero-half cuts applied:  10
Gomory fractional cuts applied:  2
User cuts applied:  2638

Root node processing (before b&c):
  Real time             =    1.66 sec. (3891.92 ticks)
Sequential b&c:
  Real time             =   30.15 sec. (31063.21 ticks)
                          ------------
Total (root+branch&cut) =   31.81 sec. (34955.13 ticks)

