Version identifier: 22.1.0.0 | 2022-03-09 | 1a383f8ce
CPXPARAM_Preprocessing_Reduce                    1
CPXPARAM_Threads                                 1
CPXPARAM_Preprocessing_Reformulations            0
CPXPARAM_TimeLimit                               10800
CPXPARAM_MIP_Tolerances_AbsMIPGap                0.999
CPXPARAM_MIP_Limits_TreeMemory                   20000
Legacy callback                                  BbLUID
         Disabling repeat represolve because of lazy constraint/incumbent callback.
Tried aggregator 1 time.
MIP Presolve eliminated 23349 rows and 0 columns.
MIP Presolve modified 1451 coefficients.
Reduced MIP has 1754 rows, 7282 columns, and 39439 nonzeros.
Reduced MIP has 7282 binaries, 0 generals, 0 SOSs, and 0 indicators.
Presolve time = 0.03 sec. (48.84 ticks)
Probing time = 0.00 sec. (3.78 ticks)
Clique table members: 1754.
MIP emphasis: balance optimality and feasibility.
MIP search method: traditional branch-and-cut.
Parallel mode: none, using 1 thread.
Root relaxation solution time = 0.00 sec. (9.78 ticks)

        Nodes                                         Cuts/
   Node  Left     Objective  IInf  Best Integer    Best Bound    ItCnt     Gap         Variable B NodeID Parent  Depth

      0     0      685.7500    68                    626.0000      247         
      0     0      710.5000    93                   Cuts: 101      311         
      0     0      730.5000   107                    Cuts: 41      350         
      0     0      736.0000    70                    Cuts: 49      410         
      0     0      738.3333   175                    Cuts: 39      423         
      0     0      739.2500   158                    Cuts: 18      442         
      0     0      739.7500   184                    Cuts: 25      456         
      0     0      740.2000   208                    Cuts: 13      475         
      0     0      741.0000   159                    Cuts: 18      507         
      0     0      742.5000   177                    Cuts: 19      552         
      0     0      742.8333   176                    Cuts: 19      573         
      0     0      743.3333   210                    Cuts: 19      582         
      0     0      743.6923   179                    Cuts: 11      595         
      0     0      744.5833   194                    Cuts: 12      620         
      0     0      744.5833   211                    User: 15      625         
      0     0      744.8333   171                     Cuts: 6      638         
      0     0      744.8333   160                    User: 12      644         
      0     0      744.8333   168                     User: 8      646         
      0     0      745.8000   189                     User: 9      668         
      0     0      745.8000   195                     User: 5      673         
      0     0      748.0000   160                    User: 17      743         
      0     0      748.2500   133                    User: 10      748         
      0     0      749.3095   164                    User: 16      794         
      0     0      750.0789   217                    User: 16      856         
      0     0      750.5500   178                    User: 10      886         
      0     0      750.7045   172                    User: 11      905         
      0     0      750.9000   186                     User: 7      919         
      0     0      751.5000   198                    User: 12      923         
      0     0      751.5000   174                    User: 10      930         
      0     0      751.5000   165                    User: 13      931         
      0     0      751.5000   166                    User: 17      935         
      0     2      751.8132   162                    751.9615      935                                 0             0
Elapsed time = 1.24 sec. (2671.90 ticks, tree = 0.01 MB, solutions = 0)
      1     3      754.0294   172                    754.0500     1103                 x111_134 N      1      0      1
      3     5      756.2500   121                    754.5714     1319                    x8_56 N      3      1      2
      7     9      758.0000    84                    754.5714     1475                 x134_146 U      7      5      5
     10    12      769.5000   155                    754.5714     1889                   x68_15 N     10      9      7
     19    21      772.2500    79                    754.5714     2299                   x88_34 N     19     17     13
     27    29      776.1429    66                    754.5714     2528                  x138_15 N     27     26     18
     39    41      783.5000    34                    754.5714     2784                   x34_15 D     39     37     26
     48    50      784.6250    62                    754.5714     3034                  x146_70 N     48     46     33
     56    58      809.0000    47                    754.5714     3401                   x28_70 N     56     54     38
     84    86      793.6250    82                    754.5714     4072                   x28_41 D     84     83     58
Elapsed time = 4.34 sec. (6468.66 ticks, tree = 1.12 MB, solutions = 0)
    120   122      804.2500    40                    754.5714     4865                  x112_40 D    120    119     90
    151   153      812.5417    70                    754.5714     5498                   x95_13 N    151    150    115
    189   185      759.6500   203                    756.0000     6355                 x111_134 N    189      0      1
    210   206      781.5000    88                    756.0000     7790                   x39_13 N    210    208     13
    241   237      778.0000    83                    756.0000     8986                  x89_104 U    241    240     38
    262   258      783.5000    77                    756.0000     9716                  x119_76 D    262    261     53
    282   278      786.3333    65                    756.0000    10813                   x64_76 D    282    281     68
    316   310      794.5313    76                    756.0000    11831                    x76_7 D    316    315     96
    354   341    infeasible                          756.0000    12754                    x7_70 N    354    352    125
    381   361      766.3696   144                    756.0000    13926                 x138_109 N    381    380     12
Elapsed time = 13.38 sec. (16281.90 ticks, tree = 4.50 MB, solutions = 0)
    410   390      768.1667   149                    756.3750    15726                  x134_46 D    410    409     11
    447   427      788.6250    81                    756.3750    16530                   x15_36 D    447    446     48
    483   463      817.2647   146                    756.3750    17060                  x134_34 N    483    482     84
    517   497      866.7000   130                    756.3750    17728                   x35_13 N    517    516    118
    533   513      885.6667    89                    756.3750    17915                  x141_39 N    533    532    134
    554   534     1001.2000   112                    756.3750    18394                   x95_72 N    554    553    155
    575   551      769.1667   175                    756.5000    19655                   x34_15 N    575    573     10
    587   563      776.9308   209                    756.5000    20799                   x38_16 U    587    585     16
    605   581      799.3333   140                    756.5000    21564                  x64_120 N    605    603     29
    623   599      805.9130   157                    756.5000    22573                  x146_70 N    623    621     40
Elapsed time = 22.15 sec. (26188.07 ticks, tree = 8.39 MB, solutions = 0)
    652   628      817.2000   145                    756.5000    23392                   x38_76 N    652    651     62
    680   656      823.7500    79                    756.5000    23927                   x15_70 D    680    679     85
    704   680      840.5402   152                    756.5000    24911                   x15_68 N    704    701    103
    723   699      840.6522   134                    756.5000    25656                 x121_120 D    723    722    118
    740   716      842.5000   112                    756.5000    26562                   x4_141 D    740    739    131
    765   741      849.5972   132                    756.5000    27415                  x122_46 N    765    764    151
    779   755      875.6667    93                    756.5000    28629                   x38_90 N    779    776    160
    798   774      887.2973   132                    756.5000    29501                   x56_28 N    798    796    176
    816   792      770.0000   139                    757.0000    31071                 x116_109 N    816    815     13
    833   809      787.2308   144                    757.0000    32376                   x16_38 N    833    831     23
Elapsed time = 31.00 sec. (36299.25 ticks, tree = 15.89 MB, solutions = 0)
    848   824      802.0000   113                    757.0000    33670                  x16_120 N    848    847     33
    877   853      814.6000   174                    757.0000    34658                  x41_134 N    877    876     55
    892   868      819.2500   128                    757.0000    35017                  x41_116 D    892    890     66
    916   890      826.3333   126                    757.0000    35807                   x20_51 D    916    914     83
    939   911      835.0000   120                    757.0000    36691                  x41_138 D    939    938     99
    960   932      843.5909   103                    757.0000    37193                    x70_7 D    960    958    114
    975   947      878.6746   116                    757.0000    38266                   x40_13 N    975    973    124
   1006   978      766.3571   156                    757.0000    39357                    x36_7 N   1006   1004      9
   1019   991      778.7727   133                    757.0000    41175                   x76_57 N   1019   1016     17
   1029  1001      771.1000   126                    757.0000    42684                   x90_41 U   1029   1028     24
Elapsed time = 39.29 sec. (46250.39 ticks, tree = 21.44 MB, solutions = 0)
   1040  1012      788.4000    95                    757.0000    44411                   x8_147 N   1040   1038     32
   1057  1029      782.4706   133                    757.0000    45473                  x89_104 D   1057   1055     43
   1086  1058      795.2500    97                    757.0000    46143                  x70_146 U   1086   1085     64
   1110  1082      809.0000   106                    757.0000    46803                 x132_147 N   1110   1109     81
   1120  1092      810.8000   107                    757.0000    46958                   x96_44 D   1120   1119     89
   1147  1119      819.7083   117                    757.0000    47546                  x146_64 U   1147   1145    111
   1176  1145    infeasible                          757.0000    48196                  x69_134 N   1176   1175    135
*  1200+  518                          800.0000      759.4737             5.07%
   1200   520      772.5000    66      800.0000      759.4737    49491    5.07%           x3_10 D   1200   1199     28
*  1204   144      integral     0      773.0000      759.4737    49530    1.75%           x10_3 D   1204   1203     32
   1230   166      768.4167   179      773.0000      760.0000    50884    1.68%        x146_134 D   1230   1229     12
Elapsed time = 46.85 sec. (55390.26 ticks, tree = 3.57 MB, solutions = 2)
*  1249    58      integral     0      766.0000      760.0000    51410    0.78%         x93_142 D   1249   1248     19
   1272    61        cutoff            766.0000      760.6667    53047    0.70%          x16_89 U   1272   1270      7
   1298    65      763.7857   159      766.0000      761.4000    55012    0.60%        x116_109 N   1298   1297     10
   1331    67      764.9773   135      766.0000      761.8000    56511    0.55%         x64_146 N   1331   1329     10
*  1357     6      integral     0      763.0000      762.0000    57878    0.13%

Clique cuts applied:  2
Cover cuts applied:  1
Zero-half cuts applied:  18
Gomory fractional cuts applied:  2
User cuts applied:  6032

Root node processing (before b&c):
  Real time             =    1.24 sec. (2672.15 ticks)
Sequential b&c:
  Real time             =   49.14 sec. (57275.54 ticks)
                          ------------
Total (root+branch&cut) =   50.38 sec. (59947.69 ticks)

