Version identifier: 22.1.0.0 | 2022-03-09 | 1a383f8ce
CPXPARAM_Preprocessing_Reduce                    1
CPXPARAM_Threads                                 1
CPXPARAM_Preprocessing_Reformulations            0
CPXPARAM_TimeLimit                               10800
CPXPARAM_MIP_Tolerances_AbsMIPGap                0.999
CPXPARAM_MIP_Limits_TreeMemory                   20000
Legacy callback                                  BbLUID
         Disabling repeat represolve because of lazy constraint/incumbent callback.
Tried aggregator 1 time.
MIP Presolve eliminated 40111 rows and 0 columns.
MIP Presolve modified 1787 coefficients.
Reduced MIP has 2089 rows, 9251 columns, and 58127 nonzeros.
Reduced MIP has 9251 binaries, 0 generals, 0 SOSs, and 0 indicators.
Presolve time = 0.05 sec. (86.26 ticks)
Probing time = 0.00 sec. (4.23 ticks)
Clique table members: 2089.
MIP emphasis: balance optimality and feasibility.
MIP search method: traditional branch-and-cut.
Parallel mode: none, using 1 thread.
Root relaxation solution time = 0.01 sec. (10.93 ticks)

        Nodes                                         Cuts/
   Node  Left     Objective  IInf  Best Integer    Best Bound    ItCnt     Gap         Variable B NodeID Parent  Depth

      0     0      633.5000    18                    554.0000      275         
      0     0      666.0000   124                   Cuts: 161      383         
      0     0      670.5000    41                    Cuts: 65      422         
      0     0      685.0000   130                    Cuts: 85      500         
      0     0      687.1250   252                    Cuts: 22      554         
      0     0      688.5000   102                    Cuts: 17      563         
      0     0      690.0000   142                    User: 21      577         
      0     0      690.0000   134                    Cuts: 20      588         
      0     0      690.0000   136                     Cuts: 5      592         
      0     0      690.1667   123                    Cuts: 18      605         
      0     0      690.1667   171                     Cuts: 8      624         
      0     0      690.5000   159                     User: 2      631         
      0     0      690.5000    54                     User: 3      641         
      0     0      692.7500   128                     User: 3      656         
      0     0      694.5000   106                    User: 13      670         
      0     0      694.7500   123                     User: 7      676         
      0     0      694.7500   115                     User: 5      679         
      0     0      695.0000    26                    User: 12      693         
      0     0      695.0000    26                     User: 4      697         
      0     0      695.5000    46                     User: 3      707         
      0     0      696.0000    24                     User: 8      721         
      0     0      696.3333    53                     User: 1      731         
      0     0      696.5000    26                     User: 5      742         
      0     0      697.8000   107                     User: 2      785         
      0     0      698.0714   114                     User: 2      800         
      0     0      698.1282   114                    User: 19      808         
      0     0      698.5449   241                     User: 1      865         
      0     0      698.6282   161                     User: 8      872         
      0     0      698.6282   141                    User: 28      879         
      0     0      698.7282   185                    User: 14      890         
      0     0      698.7646   224                     User: 5      903         
      0     0      698.7646   222                     User: 4      904         
      0     0      698.7949   213                     User: 2      907         
      0     0      698.7949   206                     User: 6      907         
      0     2      699.0513   220                    699.6667      907                                 0             0
Elapsed time = 1.78 sec. (3990.54 ticks, tree = 0.01 MB, solutions = 0)
      1     3      701.1667   154                    701.1667     1060                 x108_143 N      1      0      1
      2     4      702.5000   122                    701.1667     1194                  x11_117 N      2      1      2
      4     6      703.5000   198                    701.1667     1229                 x117_132 N      4      3      4
      8    10      705.2143   132                    701.1667     1431                 x147_112 N      8      6      6
     10    12      709.0000    93                    701.1667     1584                  x92_125 U     10      7      7
     11    13      710.5833   175                    701.1667     1643                  x22_126 N     11     10      8
     13    15      716.2619   166                    701.1667     1777                  x119_66 N     13     12      9
*    20+   18                          721.0000      701.1667             2.75%
     20    20      718.2000   154      721.0000      701.1667     2115    2.75%         x126_84 N     20     18     14
     26    21      703.0000   155      721.0000      702.5000     2256    2.57%         x11_117 N     26      1      2
     40    33      708.7921   239      721.0000      702.5000     3228    2.57%         x132_64 U     40     38     11
Elapsed time = 4.86 sec. (8978.18 ticks, tree = 0.29 MB, solutions = 1)
     57    50      712.3333    35      721.0000      702.5000     3946    2.57%          x57_20 N     57     54     21
*    60+   31                          713.0000      702.5000             1.47%
*    85    14      integral     0      709.0000      705.2500     4625    0.53%
*    89    12      integral     0      708.0000      705.7333     4699    0.32%
*    97     0      integral     0      706.0000      706.0000     4845    0.00%

Zero-half cuts applied:  5
User cuts applied:  1925

Root node processing (before b&c):
  Real time             =    1.77 sec. (3980.20 ticks)
Sequential b&c:
  Real time             =    5.09 sec. (6818.78 ticks)
                          ------------
Total (root+branch&cut) =    6.86 sec. (10798.98 ticks)

