Version identifier: 22.1.0.0 | 2022-03-09 | 1a383f8ce
CPXPARAM_Preprocessing_Reduce                    1
CPXPARAM_Threads                                 1
CPXPARAM_Preprocessing_Reformulations            0
CPXPARAM_TimeLimit                               10800
CPXPARAM_MIP_Tolerances_AbsMIPGap                0.999
CPXPARAM_MIP_Limits_TreeMemory                   20000
Legacy callback                                  BbLUID
         Disabling repeat represolve because of lazy constraint/incumbent callback.
Tried aggregator 1 time.
MIP Presolve eliminated 35059 rows and 0 columns.
MIP Presolve modified 1698 coefficients.
Reduced MIP has 2000 rows, 8657 columns, and 49306 nonzeros.
Reduced MIP has 8657 binaries, 0 generals, 0 SOSs, and 0 indicators.
Presolve time = 0.04 sec. (69.51 ticks)
Probing time = 0.00 sec. (4.14 ticks)
Clique table members: 2000.
MIP emphasis: balance optimality and feasibility.
MIP search method: traditional branch-and-cut.
Parallel mode: none, using 1 thread.
Root relaxation solution time = 0.00 sec. (8.71 ticks)

        Nodes                                         Cuts/
   Node  Left     Objective  IInf  Best Integer    Best Bound    ItCnt     Gap         Variable B NodeID Parent  Depth

      0     0      638.5000    22                    638.5000      313         
      0     0      720.0000   100                    Cuts: 40      331         
      0     0      721.3000   121                    Cuts: 22      369         
      0     0      722.0000   143                    Cuts: 13      401         
      0     0      722.5000   142                     Cuts: 7      407         
      0     0      724.5000   153                    Cuts: 21      433         
      0     0      727.0000    69                    Cuts: 18      505         
      0     0      727.7708   227                    Cuts: 38      528         
      0     0      728.1667   216                    Cuts: 13      545         
      0     0      728.3333   239                    Cuts: 15      555         
      0     0      728.3333   248                    Cuts: 16      562         
      0     0      729.0000    90                    User: 13      586         
      0     0      730.0000    78                     Cuts: 5      598         
      0     0      732.1667   203                    User: 10      635         
      0     0      732.7500   239                    Cuts: 12      658         
      0     0      733.1250   123                    Cuts: 11      663         
      0     0      733.4167   236                    Cuts: 21      704         
      0     0      733.4583   166                     User: 6      706         
      0     0      733.5417   174                     Cuts: 3      711         
      0     0      733.5417   174                     User: 2      712         
      0     0      733.5703   250                     User: 2      724         
      0     0      733.6094   176                     User: 5      726         
      0     0      733.7500    85                     User: 5      732         
      0     0      733.7500    93                     User: 3      733         
      0     0      733.7500   145                     User: 2      734         
      0     0      733.8333    88                     User: 9      739         
      0     0      734.0000    72                    User: 20      762         
      0     0      734.0000    36                     User: 9      762         
      0     0      734.0000    36                     User: 2      767         
      0     0      734.6000    73                     User: 6      778         
      0     0      735.4833   137                     User: 1      803         
      0     0      736.0435   135                     User: 7      815         
      0     0      736.0714   137                     User: 3      819         
      0     2      736.1000   114                    736.1667      819                                 0             0
Elapsed time = 1.65 sec. (3719.80 ticks, tree = 0.01 MB, solutions = 0)
      3     5      742.3750   110                    739.0000      906                   x70_11 N      3      1      2
      6     8      747.4792   138                    739.0000     1083                    x7_31 N      6      4      4
     10    12      750.1111   138                    739.0000     1220                 x110_114 N     10      8      6
     16    18      753.6250   131                    739.0000     1561                  x135_59 N     16     14      9
     20    22      756.2000    90                    739.0000     1660                  x76_129 N     20     19     12
     28    30      758.5000    72                    739.0000     1938                   x42_43 U     28     26     17
     30    32      758.7500    65                    739.0000     1957                   x85_31 D     30     29     19
     38    40      762.5000    44                    739.0000     2077                   x92_54 N     38     37     25
     50    52      772.5000    40                    739.0000     2205                   x59_51 N     50     48     33
     84    86      782.1429    53                    739.0000     2612                   x51_98 D     84     83     59
Elapsed time = 4.95 sec. (7685.54 ticks, tree = 0.57 MB, solutions = 0)
    127   129      893.2500    92                    739.0000     3172                  x78_128 N    127    124     94
    153   149      756.0625   115                    740.5000     4179                  x127_95 N    153    150     11
    188   184      771.0614   102                    740.5000     5199                   x47_99 D    188    187     38
    220   216      789.3929    68                    740.5000     5809                  x18_128 D    220    219     62
    242   235      840.9000    68                    740.5000     6641                 x143_114 N    242    240     80
    270   259      768.7500    75                    740.8333     7933                 x110_127 U    270    269     20
    293   282      776.0000    73                    740.8333     8458                   x11_18 U    293    291     37
    324   311      796.3929    97                    740.8333     9100                   x47_17 N    324    322     59
    348   335      809.5000    43                    740.8333     9544                   x14_31 N    348    346     75
    372   355    infeasible                          740.8333    10251                  x52_115 N    372    370     92
Elapsed time = 14.47 sec. (17465.39 ticks, tree = 2.24 MB, solutions = 0)
    401   374      753.3333   118                    740.8333    10788                  x18_143 N    401    400      7
    448   421      783.6667    67                    740.8333    11619                  x34_101 D    448    447     54
    489   460      794.8333    80                    740.8333    12208                  x136_79 N    489    488     94
    534   505      850.1250    66                    740.8333    12806                  x125_90 N    534    533    139
    566   533      773.6667    48                    742.8750    13841                  x146_22 N    566    564     21
    580   545      789.2000    27                    742.8750    14173                 x134_145 U    580    578     32
    589   554      816.5000     8                    742.8750    14318                   x60_69 U    589    588     40
    607   568      763.2750   119                    742.8750    14634                 x132_114 N    607    605     13
    646   607      791.3333    70                    742.8750    15243                    x3_89 D    646    644     41
    682   641    infeasible                          742.8750    15957                   x98_11 N    682    680     65
Elapsed time = 23.49 sec. (27509.44 ticks, tree = 3.48 MB, solutions = 0)
    704   659      853.5000    76                    742.8750    16788                   x78_94 N    704    702     79
    720   667      879.5000    64                    742.8750    17433                  x110_52 D    720    718     89
    751   694      765.9000    84                    743.8750    18703                  x126_18 N    751    750     20
    793   734      805.6667    83                    743.8750    19690                   x74_42 N    793    790     51
    815   756      894.6282   117                    743.8750    21003                   x51_90 N    815    813     69
    853   790      756.5000   150                    743.8750    22317                  x18_143 U    853    852      9
    917   854      826.0000   100                    743.8750    23303                   x42_52 U    917    916     73
    960   897      851.6563    71                    743.8750    23868                    x11_3 N    960    959    116
   1002   936      766.1354   114                    743.9500    24890                   x11_18 N   1002   1001     19
   1037   971      788.5000    22                    743.9500    25745                  x135_59 N   1037   1036     46
Elapsed time = 34.31 sec. (37614.80 ticks, tree = 5.26 MB, solutions = 0)
   1071  1005      810.0000    40                    743.9500    26481                  x95_129 N   1071   1070     71
   1125  1055      777.9000   122                    744.5000    27381                  x95_135 N   1125   1124     45
   1178  1108      808.7500    40                    744.5000    27791                  x141_39 U   1178   1177     98
   1220  1146      763.9643   122                    745.1250    28840                  x127_95 N   1220   1219     17
   1266  1192      789.8333    89                    745.1250    29528                  x135_59 U   1266   1264     50
   1280  1206      826.2679    93                    745.1250    30385                   x18_76 N   1280   1277     59
   1305  1231      817.0000    46                    745.1250    31534                  x143_59 N   1305   1303     76
   1320  1244      840.5000    40                    745.1250    32598                   x43_52 N   1320   1318     86
   1373  1293      786.7500   114                    745.4375    34011                  x59_128 N   1373   1372     53
   1444  1360      753.5312   115                    745.5000    34929                  x126_51 U   1444   1441      9
Elapsed time = 45.59 sec. (47473.42 ticks, tree = 10.31 MB, solutions = 0)
   1483  1397      806.0000    62                    745.5000    36435                  x143_70 N   1483   1481     37
   1521  1435      816.5000    79                    745.5000    37329                   x43_76 N   1521   1519     65
   1568  1479      771.0000    89                    746.5000    38058                  x95_110 N   1568   1567     24
   1617  1528      796.1667    44                    746.5000    38377                  x135_59 N   1617   1616     73
   1655  1562      753.5989   124                    746.5000    38827                    x3_89 U   1655   1654      9
   1699  1606      785.5000    46                    746.5000    39667                   x85_31 N   1699   1698     39
   1730  1637      794.5000    62                    746.5000    40084                   x52_90 D   1730   1729     62
   1764  1661      753.0729   115                    746.5000    40785                 x114_132 D   1764   1763     10
   1792  1689      787.5311   148                    746.5000    41880                   x18_98 N   1792   1789     28
   1819  1716      804.7000    81                    746.5000    43094                  x127_95 U   1819   1817     47
Elapsed time = 56.38 sec. (57421.88 ticks, tree = 19.03 MB, solutions = 0)
   1858  1751      782.0000    50                    746.6667    44495                   x52_31 N   1858   1855     26
   1874  1765      817.1000    65                    746.6667    45360                  x135_59 N   1874   1873     36
   1903  1794      855.8750    71                    746.6667    46439                   x70_90 U   1903   1901     59
   1961  1846      799.0000    64                    746.7500    47135                  x59_125 N   1961   1960     61
   1990  1872      766.5000    92                    746.8611    47984                   x51_59 N   1990   1988     23
   2029  1907      750.2500   107                    747.0000    48388                   x18_98 U   2029    986      9
   2093  1971      807.8989    89                    747.0000    49059                  x143_95 D   2093   2092     73
   2139  2014      768.8958   125                    747.1111    49664                   x94_70 N   2139   2138     21
   2169  2044      787.8000    36                    747.1111    49940                 x145_123 U   2169   2168     42
   2176  2051      829.5556    29                    747.1111    49977                    x45_6 U   2176   2175     48
Elapsed time = 66.56 sec. (67213.38 ticks, tree = 29.78 MB, solutions = 0)
   2185  2060      874.0000    22                    747.1111    50066                  x146_67 U   2185   2184     55
   2194  2067      951.5000    16                    747.1111    50126                    x97_6 U   2194   2193     62
   2202  2075      957.1667    86                    747.1111    50266                   x6_121 D   2202   2201     68
   2208  2081     1004.5000    76                    747.1111    50689                 x141_115 N   2208   2206     72
   2228  2097      762.1500   146                    747.2500    51678                    x3_89 U   2228   2227     18
   2284  2153      821.6667    98                    747.2500    53056                  x125_90 N   2284   2283     74
   2317  2186      872.8000   107                    747.2500    53487                  x51_125 N   2317   2316    107
   2355  2221      788.5000   105                    747.2796    54214                   x51_59 D   2355   2353     31
   2395  2261      809.6667    82                    747.2796    55082                  x126_75 N   2395   2394     61
   2409  2275      824.0000    49                    747.2796    55918                   x126_4 D   2409   2407     72
Elapsed time = 74.93 sec. (77602.48 ticks, tree = 40.02 MB, solutions = 0)
   2440  2306      850.0000    69                    747.2796    56818                    x7_85 D   2440   2438     92
   2483  2341      760.7500    82                    747.3810    57527                  x51_126 D   2483   2482     26
   2546  2404      889.0000    60                    747.3810    58315                 x114_110 N   2546   2545     89
   2573  2425      760.5000    99                    747.5000    59293                  x70_135 D   2573   2571     19
   2595  2447      788.1250   103                    747.5000    60514                  x143_70 U   2595   2593     35
   2608  2460      797.2500   111                    747.5000    61691                   x70_18 N   2608   2606     43
   2641  2493      802.3750   101                    747.5000    62424                   x126_3 N   2641   2639     68
   2673  2525      818.1739    81                    747.5000    63363                   x52_43 N   2673   2671     91
   2695  2547      847.9615    55                    747.5000    64100                  x128_43 N   2695   2693    107
   2719  2566      768.3333    51                    747.5000    65125                   x44_67 U   2719   2716     18
Elapsed time = 83.82 sec. (87396.97 ticks, tree = 48.70 MB, solutions = 0)
*  2736   660      integral     0      772.0000      747.5000    65376    3.17%
   2757   678      770.3182   119      772.0000      747.5000    65794    3.17%         x126_59 D   2757   2756     25
   2790   695      754.5764   156      772.0000      747.7222    66588    3.14%         x90_132 D   2790   2789     11
   2815   715      766.2222   159      772.0000      747.8182    67484    3.13%        x110_127 U   2815   2814     12
   2850   740      767.8934   117      772.0000      747.8250    67999    3.13%         x51_135 D   2850   2849     33
   2883   764      750.5977   167      772.0000      748.7000    68764    3.02%         x89_129 D   2883   2882      9
   2920   797      761.5000    85      772.0000      748.7222    69480    3.02%         x128_43 D   2920   2919     24
   2970   843      762.2083   114      772.0000      748.7500    70181    3.01%         x51_126 D   2970   2968     30
   3008   866        cutoff            772.0000      749.0625    70674    2.97%          x51_70 N   3008   3007     18
   3045   893      760.2500   113      772.0000      749.2500    71498    2.95%          x11_18 U   3045   3043     18
   3193  1006      755.3704   136      772.0000      749.6000    74312    2.90%         x11_129 D   3193   3192     15
Elapsed time = 94.23 sec. (100056.47 ticks, tree = 23.07 MB, solutions = 1)
   3339  1113      759.6316   133      772.0000      749.9427    76991    2.86%          x94_70 D   3339   1091     12
   3483  1222      761.8036   161      772.0000      750.3000    79693    2.81%         x95_127 U   3483    736     11
   3608  1328      759.0000   139      772.0000      750.4375    82231    2.79%        x135_129 D   3608   3607     14
   3730  1412      764.6500    99      772.0000      750.7685    85358    2.75%        x135_129 D   3730   3728     17
   3870  1524      765.7500    88      772.0000      750.9297    88356    2.73%         x70_135 N   3870   3868     16
   4002  1627      763.6932   117      772.0000      751.0833    90681    2.71%          x11_18 U   4002   4001     21
   4141  1737      763.1818   121      772.0000      751.1667    93517    2.70%         x95_110 D   4141   4140     16
   4285  1851        cutoff            772.0000      751.5167    95923    2.65%          x18_98 U   4285   4283     26
   4414  1941      754.3333   119      772.0000      751.8333    99271    2.61%         x76_129 D   4414     13      9
   4540  2034        cutoff            772.0000      751.9333   102304    2.60%         x135_59 D   4540   4538     23
Elapsed time = 124.31 sec. (138581.96 ticks, tree = 42.16 MB, solutions = 1)
   4653  2120      768.4455   169      772.0000      752.1250   105488    2.57%        x110_127 U   4653   4652     20
   4794  2225      765.7500   161      772.0000      752.2500   108665    2.56%          x18_70 D   4794   4793     20
   4914  2301      762.6250   112      772.0000      752.4167   111814    2.54%         x11_129 U   4914   3520     12
   5060  2423      760.3773   136      772.0000      752.5000   114188    2.53%          x11_18 D   5060   5059     29
   5213  2547      760.7500    95      772.0000      752.6898   116537    2.50%          x51_59 D   5213   5212     42
   5343  2638        cutoff            772.0000      752.7500   119967    2.49%          x11_94 D   5343   5342     22
   5480  2740      763.7083   141      772.0000      752.8095   122836    2.49%          x94_70 U   5480   5479     13
   5615  2841      764.4500   120      772.0000      752.9773   126259    2.46%           x94_4 D   5615   5614     20
   5749  2947      760.3333    95      772.0000      753.0000   129320    2.46%          x94_70 U   5749   5748     13
   5882  3045      754.0114   139      772.0000      753.1304   132460    2.44%         x95_129 D   5882   4480     11
Elapsed time = 153.84 sec. (176966.59 ticks, tree = 61.77 MB, solutions = 1)
   6008  3140      765.7500   122      772.0000      753.1944   134770    2.44%         x126_59 D   6008   6007     24
   6156  3253      760.2250   131      772.0000      753.2500   137406    2.43%          x59_51 N   6156   6155     18
   6290  3344      763.8333    81      772.0000      753.4167   140652    2.41%          x11_59 D   6290   6289     23
   6434  3451      765.3929   129      772.0000      753.5000   143380    2.40%        x110_114 D   6434   6433     22
   6562  3541        cutoff            772.0000      753.6000   147069    2.38%         x143_70 U   6562   6560     23
   6704  3649      769.2500    96      772.0000      753.7500   150058    2.36%         x95_129 U   6704   6703     37
   6842  3745      757.9500   100      772.0000      753.7500   152490    2.36%          x59_51 D   6842   6841     18
   6966  3832      768.3555   173      772.0000      753.7917   156098    2.36%         x59_135 N   6966   6965     24
   7097  3941      766.4810   154      772.0000      753.8750   159719    2.35%         x59_129 D   7097   7096     46
   7232  4047      760.9375   147      772.0000      753.9250   163001    2.34%        x135_129 D   7232   7231     21
Elapsed time = 182.59 sec. (215240.26 ticks, tree = 72.86 MB, solutions = 1)
   7378  4159      760.5000   120      772.0000      753.9677   165753    2.34%         x126_51 D   7378   7377     18
   7519  4274      766.7875   134      772.0000      754.0000   168473    2.33%         x135_51 D   7519   7518     25
   7660  4373      763.5000    86      772.0000      754.1000   171166    2.32%         x143_18 D   7660   7659     30
   7800  4477      769.7500    90      772.0000      754.1875   173944    2.31%         x143_18 N   7800   7798     17
   7932  4569      758.1250   111      772.0000      754.2500   176643    2.30%         x95_129 D   7932   7931     13
   8074  4664      770.8200   131      772.0000      754.2917   179759    2.29%         x18_143 U   8074   8072     23
   8198  4730      770.2500    90      772.0000      754.4167   183354    2.28%         x135_51 N   8198   5410     16
   8332  4820        cutoff            772.0000      754.5000   186068    2.27%         x18_143 U   8332   8330     31
   8472  4921      764.9375   115      772.0000      754.5313   188736    2.26%        x100_135 N   8472   8470     16
   8605  5015      767.6429   103      772.0000      754.6071   191888    2.25%         x135_51 D   8605   8604     16
Elapsed time = 210.93 sec. (253730.37 ticks, tree = 83.77 MB, solutions = 1)
   8737  5102      770.2500   124      772.0000      754.6806   194942    2.24%        x110_127 U   8737   8736     30
   8881  5212      765.8197   142      772.0000      754.7500   197308    2.23%        x135_143 D   8881   8880     27
   9001  5289      768.0789    34      772.0000      754.7622   199607    2.23%          x69_60 N   9001   9000     58
   9100  5348      762.2778   113      772.0000      754.8611   201956    2.22%         x126_11 D   9100   9099     27
   9240  5448      761.0000   103      772.0000      755.0000   205254    2.20%          x11_94 D   9240   9239     10
   9381  5551      761.1250   134      772.0000      755.1000   208266    2.19%          x11_94 D   9381   9380     10
   9536  5674      768.4167   127      772.0000      755.1486   211077    2.18%         x129_11 D   9536   9535     17
   9668  5750      770.8333    90      772.0000      755.1667   214294    2.18%         x59_135 U   9668   9666     18
   9810  5859      768.6250    97      772.0000      755.2500   217219    2.17%         x126_18 D   9810   9809     35
   9940  5943      767.0833   107      772.0000      755.2500   219902    2.17%          x70_18 D   9940   9939     27
Elapsed time = 238.15 sec. (292117.70 ticks, tree = 96.28 MB, solutions = 1)
  10078  6038      767.7500    68      772.0000      755.3333   223631    2.16%         x126_18 D  10078  10077     25
  10215  6138      767.7875   126      772.0000      755.3889   226204    2.15%        x126_135 N  10215  10214     29
  10326  6203      769.4846   157      772.0000      755.4470   230029    2.14%          x11_18 U  10326  10324     24
  10457  6283      769.5000   124      772.0000      755.5000   232858    2.14%          x98_18 D  10457  10456     39
  10579  6362      770.0179   126      772.0000      755.5833   236520    2.13%         x148_70 D  10579  10578     32
  10711  6448      770.1667   100      772.0000      755.6750   239169    2.11%         x129_89 D  10711  10710     20
  10858  6555      767.9167    93      772.0000      755.7500   241887    2.10%          x11_51 N  10858   3064     16
  10981  6626        cutoff            772.0000      755.7778   244389    2.10%         x135_59 U  10981  10979     26
  11112  6707      767.9444   133      772.0000      755.8333   247397    2.09%         x143_59 N  11112  11111     32
  11248  6808      759.2264   137      772.0000      755.8991   250716    2.09%         x129_11 U  11248   5565     16
Elapsed time = 265.26 sec. (330452.19 ticks, tree = 104.50 MB, solutions = 1)
  11386  6905      764.2437   140      772.0000      755.9565   253763    2.08%          x59_51 U  11386  11384     23
  11518  6985      762.5000   111      772.0000      756.0000   256165    2.07%         x129_89 D  11518  11517     33
  11639  7042      762.8333   124      772.0000      756.0208   259179    2.07%         x135_70 U  11639   7067     17
  11765  7137      768.7500    90      772.0000      756.1071   261774    2.06%          x98_18 D  11765  11764     27
  11881  7219      769.0625   138      772.0000      756.1389   264778    2.05%         x98_143 D  11881  11880     29
  12017  7304        cutoff            772.0000      756.1875   267769    2.05%         x126_18 U  12017  12015     27
  12137  7378        cutoff            772.0000      756.2500   270901    2.04%         x135_18 U  12137  12136     33
  12270  7455      763.5278    99      772.0000      756.2500   273602    2.04%         x143_51 D  12270  12269     22
  12400  7536      767.6667   100      772.0000      756.3333   276396    2.03%         x18_129 D  12400  12399     36
  12532  7616      769.7500    89      772.0000      756.4167   279508    2.02%         x94_122 D  12532  12531     18
Elapsed time = 291.78 sec. (368817.70 ticks, tree = 114.47 MB, solutions = 1)
  12658  7688      767.5500   121      772.0000      756.5000   282920    2.01%        x110_114 U  12658  12655     16
  12796  7779      757.7810   143      772.0000      756.5000   285458    2.01%          x70_59 D  12796   3663     14
  12922  7874      762.6667   115      772.0000      756.5000   288345    2.01%         x135_70 U  12922   7325     20
  13052  7958      761.6667   137      772.0000      756.5833   291457    2.00%         x135_70 D  13052  13050     13
  13186  8050      763.6250   123      772.0000      756.6667   294440    1.99%         x95_127 D  13186  13185     16
  13324  8149      761.5000   110      772.0000      756.7500   297343    1.98%         x11_129 D  13324  13323     14
  13460  8237      767.2500    77      772.0000      756.7500   300027    1.98%          x51_98 D  13460  13459     26
  13591  8326      767.6250    97      772.0000      756.7500   303145    1.98%          x51_59 D  13591  13590     17
  13723  8420      765.0000   112      772.0000      756.7500   306659    1.98%         x51_126 D  13723  13722     36
  13841  8499      766.2813   130      772.0000      756.7917   310094    1.97%        x129_135 D  13841  13840     41
Elapsed time = 318.32 sec. (407249.58 ticks, tree = 122.36 MB, solutions = 1)
  13959  8571      770.9351   143      772.0000      756.8583   313556    1.96%          x11_59 D  13959  13958     24
  14088  8655      768.8452   109      772.0000      756.9167   316137    1.95%           x7_85 D  14088  14086     28
  14215  8735      768.7500    91      772.0000      756.9766   319576    1.95%         x143_59 D  14215  14214     26
  14357  8817      760.0000   134      772.0000      757.0000   322344    1.94%           x7_31 D  14357  14356      8
  14488  8899      770.6667    61      772.0000      757.0595   325317    1.94%          x52_31 D  14488  14487     47
  14618  8986      766.7000   104      772.0000      757.1250   328204    1.93%         x135_18 D  14618  14617     19
  14750  9074      765.0078   140      772.0000      757.1667   331730    1.92%         x126_59 D  14750  14749     34
  14886  9164        cutoff            772.0000      757.2222   334898    1.91%         x129_94 U  14886  14885     30
  14990  9218      764.4167    93      772.0000      757.2500   337838    1.91%         x51_126 D  14990  14988     25
  15110  9288      769.0714   116      772.0000      757.2750   340486    1.91%          x51_98 D  15110  15108     38
Elapsed time = 344.03 sec. (445609.75 ticks, tree = 127.28 MB, solutions = 1)
  15226  9347      760.7500    92      772.0000      757.3333   343720    1.90%          x18_51 D  15226  15225     26
  15353  9430      766.3690    93      772.0000      757.3636   346919    1.90%         x129_51 N  15353  15351     21
  15482  9510      765.2400   145      772.0000      757.4167   350151    1.89%         x18_143 U  15482  15481     21
  15623  9600      759.4688   106      772.0000      757.4881   352410    1.88%         x59_135 U  15623   5347     14
  15763  9686      768.7308    93      772.0000      757.5000   354734    1.88%          x7_128 D  15763  15762     23
  15900  9771      767.4375   116      772.0000      757.5000   356791    1.88%          x59_51 U  15900  15898     11
  16043  9872      758.8500   114      772.0000      757.5000   360205    1.88%         x135_70 D  16043  16042     19
  16162  9940        cutoff            772.0000      757.6135   363275    1.86%          x11_98 N  16162  16160     21
  16296 10029      763.2315   135      772.0000      757.6250   365797    1.86%        x100_135 D  16296  16295     15
  16429 10115      770.4167    96      772.0000      757.6667   368963    1.86%          x11_18 U  16429  16427     18
Elapsed time = 370.43 sec. (483937.69 ticks, tree = 133.03 MB, solutions = 1)
  16562 10204      767.7768   135      772.0000      757.6875   371635    1.85%         x70_135 D  16562  16561     42
  16692 10279      767.9881   141      772.0000      757.7500   374676    1.85%        x100_135 U  16692   3168     16
* 16809  9874      integral     0      771.0000      757.7500   376729    1.72%
  16824  9880      767.9286   101      771.0000      757.7500   377043    1.72%          x7_128 U  16824  14118     15
  16937  9955      765.6667   105      771.0000      757.7500   379185    1.72%           x7_31 D  16937  16936      8
  17080 10055      761.7500    98      771.0000      757.7917   382360    1.71%         x143_59 D  17080  17079     28
  17206 10116        cutoff            771.0000      757.8333   385503    1.71%          x18_98 U  17206  17204     27
  17330 10184        cutoff            771.0000      757.8750   388726    1.70%         x135_98 D  17330  17329     32
  17462 10267      759.3929   138      771.0000      757.9167   391213    1.70%          x70_11 U  17462   4929     15
  17587 10342      766.3125   114      771.0000      757.9688   394162    1.69%         x126_18 D  17587  17586     32
  17721 10414        cutoff            771.0000      758.0000   396625    1.69%         x59_143 U  17721  17719     38
Elapsed time = 395.52 sec. (522336.16 ticks, tree = 130.57 MB, solutions = 2)
  17860 10498      763.5500   122      771.0000      758.0000   398801    1.69%          x70_94 D  17860  17859     23
  17993 10582        cutoff            771.0000      758.0543   402082    1.68%         x89_129 U  17993  14826     16
  18104 10630      768.7500   109      771.0000      758.1250   405719    1.67%          x11_98 D  18104  18103     28
  18238 10697        cutoff            771.0000      758.1500   408559    1.67%         x129_75 D  18238  18237     31
  18377 10778        cutoff            771.0000      758.1786   411265    1.66%         x59_126 U  18377  18375     32
  18512 10859      770.0000    77      771.0000      758.2500   413900    1.65%          x11_59 D  18512  18511     30
  18633 10908      761.1759   147      771.0000      758.2500   416021    1.65%          x7_128 D  18633  18632     16
  18752 10964      760.4167    92      771.0000      758.2810   419275    1.65%         x143_51 N  18752   4233     18
  18872 11022      767.8929   135      771.0000      758.3333   422393    1.64%         x143_51 D  18872  18871     21
  18993 11067        cutoff            771.0000      758.3750   425127    1.64%          x11_94 U  18993   7505     12
Elapsed time = 419.97 sec. (560643.65 ticks, tree = 135.72 MB, solutions = 2)
  19120 11125      766.4222    96      771.0000      758.4310   428460    1.63%         x129_11 U  19120   9769     24
  19235 11178        cutoff            771.0000      758.5000   431668    1.62%          x11_94 N  19235  11485      9
  19370 11253        cutoff            771.0000      758.5000   434306    1.62%          x42_52 U  19370  19369     31
  19493 11306        cutoff            771.0000      758.5000   437320    1.62%          x11_18 N  19493  19491     19
  19610 11373        cutoff            771.0000      758.5800   440198    1.61%         x11_129 D  19610  19609     18
  19737 11429      763.6429   132      771.0000      758.6250   442995    1.61%         x129_11 U  19737   5263      8
  19861 11485      762.7500   113      771.0000      758.6667   445966    1.60%         x126_51 U  19861  14332     17
  19989 11561        cutoff            771.0000      758.7045   448608    1.59%         x11_129 U  19989   5678     19
  20115 11638      764.0000    48      771.0000      758.7500   451097    1.59%         x101_84 D  20115  20114     24
  20258 11715      769.0833   100      771.0000      758.7500   453829    1.59%         x135_59 U  20258  20256     40
Elapsed time = 444.31 sec. (598950.21 ticks, tree = 140.77 MB, solutions = 2)
  20391 11771      763.5000   122      771.0000      758.7500   456827    1.59%          x11_70 U  20391  15992     12
  20519 11839      765.4167    93      771.0000      758.8125   460301    1.58%         x51_126 U  20519   6843     20
  20640 11892      769.1184   131      771.0000      758.8429   463241    1.58%         x126_75 D  20640  20639     17
  20764 11947      764.7917   145      771.0000      758.8750   466021    1.57%          x59_51 U  20764   7507     14
  20879 11993      767.3333    53      771.0000      758.9167   469288    1.57%          x44_67 D  20879  20878     23
  20996 12037      764.8125   118      771.0000      759.0000   472264    1.56%         x70_135 U  20996   9499     21
  21117 12090      763.0000    96      771.0000      759.0000   475121    1.56%          x11_18 U  21117  11509     25
  21244 12169      765.1667   133      771.0000      759.0000   477457    1.56%          x11_94 D  21244  21243     12
  21374 12223      767.5833   122      771.0000      759.0375   480332    1.55%         x135_51 U  21374   7633     19
  21494 12270      766.1500   100      771.0000      759.0929   483499    1.54%          x18_76 D  21494  21493     29
Elapsed time = 468.01 sec. (637274.35 ticks, tree = 146.59 MB, solutions = 2)
  21605 12313        cutoff            771.0000      759.1250   486351    1.54%         x129_94 D  21605  21602     25
  21738 12369      766.7167   114      771.0000      759.1944   489138    1.53%          x11_51 U  21738   3996     16
  21853 12433      763.2738    97      771.0000      759.2500   492245    1.52%          x59_51 D  21853  21852     22
  21985 12494        cutoff            771.0000      759.2500   495016    1.52%          x70_94 D  21985  21984     24
  22109 12556      769.6250    95      771.0000      759.2731   498216    1.52%         x129_89 N  22109  22107     24
  22231 12610        cutoff            771.0000      759.3125   501239    1.52%          x70_94 U  22231  22229     18
  22357 12675      765.1944   134      771.0000      759.3571   504280    1.51%          x59_51 D  22357  22356     26
  22470 12717      768.7688   160      771.0000      759.3929   507033    1.51%         x129_89 D  22470  22469     24
  22577 12787        cutoff            771.0000      759.4167   508489    1.50%         x135_70 U  22577  22575     19
* 22659  2081      integral     0      763.0000      759.4375   510531    0.47%
  22706  2059        cutoff            763.0000      759.5000   511092    0.46%          x11_98 U  22706  10209     26
Elapsed time = 490.99 sec. (675563.95 ticks, tree = 28.75 MB, solutions = 3)
  22831  1980        cutoff            763.0000      759.6202   512818    0.44%          x70_94 U  22831  22829     19
  22964  1877        cutoff            763.0000      759.7500   514318    0.43%        x100_135 U  22964   8256     25
  23098  1794        cutoff            763.0000      759.9375   516088    0.40%         x59_135 U  23098   5804     18
  23216  1708        cutoff            763.0000      760.0476   517659    0.39%         x95_110 U  23216  19747     17
  23338  1613        cutoff            763.0000      760.2500   519496    0.36%          x11_18 D  23338   7891     20
  23466  1522      761.4918   157      763.0000      760.3920   521248    0.34%         x70_135 D  23466  13881     23
  23599  1415        cutoff            763.0000      760.5000   522797    0.33%          x94_11 D  23599  11098     19
  23730  1318        cutoff            763.0000      760.6500   524142    0.31%         x95_127 U  23730   5211     41
  23870  1222        cutoff            763.0000      760.7500   525385    0.29%          x11_59 U  23870   5375     18
  24002  1126        cutoff            763.0000      760.9000   526682    0.28%         x11_129 U  24002   9401     18
Elapsed time = 508.10 sec. (713864.31 ticks, tree = 15.49 MB, solutions = 3)
  24139  1006        cutoff            763.0000      761.0000   527778    0.26%         x135_42 U  24139   5395     19
  24269   883        cutoff            763.0000      761.1667   528813    0.24%          x11_51 U  24269  14864     21
  24406   758        cutoff            763.0000      761.2721   529731    0.23%          x18_42 U  24406   8178     26
  24538   637        cutoff            763.0000      761.4375   530596    0.20%          x11_59 U  24538  11935     30
  24675   510        cutoff            763.0000      761.5313   531274    0.19%         x135_51 U  24675  13655     22
  24805   386        cutoff            763.0000      761.6667   532078    0.17%          x95_76 U  24805  12953     18
* 24815     1      integral     0      762.0000      761.6667   532152    0.04%

Clique cuts applied:  1
Cover cuts applied:  1
Zero-half cuts applied:  6
Gomory fractional cuts applied:  1
User cuts applied:  10117

Root node processing (before b&c):
  Real time             =    1.65 sec. (3710.07 ticks)
Sequential b&c:
  Real time             =  515.33 sec. (733550.42 ticks)
                          ------------
Total (root+branch&cut) =  516.97 sec. (737260.49 ticks)

