Version identifier: 22.1.0.0 | 2022-03-09 | 1a383f8ce
CPXPARAM_Preprocessing_Reduce                    1
CPXPARAM_Threads                                 1
CPXPARAM_Preprocessing_Reformulations            0
CPXPARAM_TimeLimit                               10800
CPXPARAM_MIP_Tolerances_AbsMIPGap                0.999
CPXPARAM_MIP_Limits_TreeMemory                   20000
Legacy callback                                  BbLUID
         Disabling repeat represolve because of lazy constraint/incumbent callback.
Tried aggregator 1 time.
MIP Presolve eliminated 46134 rows and 0 columns.
MIP Presolve modified 1883 coefficients.
Reduced MIP has 2185 rows, 9646 columns, and 65491 nonzeros.
Reduced MIP has 9646 binaries, 0 generals, 0 SOSs, and 0 indicators.
Presolve time = 0.06 sec. (106.89 ticks)
Probing time = 0.00 sec. (4.32 ticks)
Clique table members: 2185.
MIP emphasis: balance optimality and feasibility.
MIP search method: traditional branch-and-cut.
Parallel mode: none, using 1 thread.
Root relaxation solution time = 0.01 sec. (9.70 ticks)

        Nodes                                         Cuts/
   Node  Left     Objective  IInf  Best Integer    Best Bound    ItCnt     Gap         Variable B NodeID Parent  Depth

      0     0      652.0000    46                    562.0000      306         
      0     0      667.5000   227                   Cuts: 125      414         
      0     0      670.6667   257                    Cuts: 43      484         
      0     0      670.8333   202                    Cuts: 23      517         
      0     0      671.0000   262                    Cuts: 19      538         
      0     0      671.0000   104                    Cuts: 29      551         
      0     0      671.6667   267                    Cuts: 43      576         
      0     0      672.6429   279                    Cuts: 22      612         
      0     0      672.6429   276                    User: 26      622         
      0     0      672.8000   216                    Cuts: 26      630         
      0     0      673.5000    34                    Cuts: 20      664         
      0     0      673.7778   208                    Cuts: 81      682         
      0     0      674.8077   286                    Cuts: 24      727         
      0     0      675.1429   261                    Cuts: 23      742         
      0     0      675.8333   237                    Cuts: 31      770         
      0     0      676.0500   212                    Cuts: 26      796         
      0     0      676.0500   216                    Cuts: 13      811         
      0     0      676.0500   147                    User: 11      814         
      0     0      676.8000   214                    User: 16      866         
      0     0      676.8000   236                    User: 15      871         
      0     0      676.9667   260                    User: 18      904         
      0     0      677.3605   287                    User: 20      936         
      0     0      678.8295   219                    User: 20      983         
      0     0      678.9508   251                    User: 13     1016         
      0     0      678.9730   213                     User: 6     1024         
      0     0      678.9730   243                     User: 6     1037         
      0     0      679.6591   205                    User: 30     1067         
      0     0      679.7727   256                    User: 19     1107         
      0     0      679.7727   246                     User: 5     1109         
      0     0      679.9091   195                     User: 8     1130         
      0     0      679.9167   286                     User: 8     1142         
      0     0      680.5000   207                     User: 5     1181         
      0     0      680.5000   208                     User: 6     1189         
      0     0      683.3571   273                     User: 5     1275         
      0     0      684.0000   229                     User: 4     1310         
      0     0      684.4375   198                    User: 15     1334         
      0     0      684.6458   273                    User: 10     1381         
      0     0      685.2315   304                     User: 3     1409         
      0     0      685.2315   305                     User: 4     1411         
      0     0      687.7234   258                     User: 7     1434         
      0     0      687.7549   297                     User: 5     1443         
      0     0      694.1233   294                     User: 5     1524         
      0     0      694.6097   305                     User: 8     1555         
      0     0      694.9609   320                    User: 14     1588         
      0     0      695.0516   320                     User: 6     1619         
      0     0      695.0833   311                     User: 4     1624         
      0     2      695.4706   334                    695.8235     1624                                 0             0
Elapsed time = 2.93 sec. (7524.52 ticks, tree = 0.01 MB, solutions = 0)
      1     3      698.5000   358                    698.5000     1751                  x137_43 N      1      0      1
      2     4      699.5000   210                    699.5833     2096                  x110_28 N      2      1      2
      3     5      702.1585   361                    699.5833     2507                  x43_141 N      3      2      3
      5     7      702.6842   357                    699.5833     2552                   x43_14 N      5      3      4
      6     8      706.8984   350                    699.5833     2814                  x150_23 N      6      4      5
      7     9      707.6812   380                    699.5833     2937                  x150_23 N      7      4      5
      9    11      716.0486   347                    699.5833     3513                 x123_151 N      9      6      6
     10    12      717.6094   357                    699.5833     3611                    x5_36 N     10      9      7
     11    13      725.1786   327                    699.5833     3810                    x5_36 N     11      9      7
     20    17      710.9565   366                    700.2000     4887                  x146_15 N     20     19      7
Elapsed time = 6.30 sec. (14947.44 ticks, tree = 0.28 MB, solutions = 0)
     29    26      732.9286   354                    700.2000     5942                 x130_117 N     29     27     13
     36    33      723.5000   274                    700.2000     6888                   x15_64 U     36     35     18
     45    42      738.1124   371                    700.2000     7990                  x36_108 N     45     43     23
     54    51      772.2500   337                    700.2000     9277                  x123_64 N     54     52     29
     70    67      797.5000   327                    700.2000     9977                 x150_151 D     70     69     43
     84    81      807.6122   339                    700.2000    10427                   x64_45 N     84     82     53
     92    89      823.4286   301                    700.2000    11007                  x101_36 N     92     89     59
    107   104      827.5000    84                    700.2000    11673                  x114_88 U    107    105     70
    120   117      832.3333    69                    700.2000    11982                   x46_55 D    120    119     79
    138   135      836.0000    37                    700.2000    12537                 x106_125 N    138    137     90
Elapsed time = 15.41 sec. (25326.93 ticks, tree = 3.96 MB, solutions = 0)
    156   153      840.2286   101                    700.2000    13070                  x108_46 N    156    155    105
    170   167      844.3889    78                    700.2000    13263                  x42_148 D    170    169    116
    180   177      882.8333   221                    700.2000    13679                  x125_36 N    180    177    123
    189   186      863.4091   244                    700.2000    14156                  x81_139 N    189    188    132
    200   197      864.4000    67                    700.2000    14465                   x97_19 D    200    199    142
    214   211      870.4545    65                    700.2000    14874                  x34_114 N    214    211    153
    228   225      868.6250    79                    700.2000    15435                    x2_69 N    228    226    164
    243   240      865.8652   259                    700.2000    15660                   x11_93 N    243    242    179
    260   257      866.2222    36                    700.2000    16070                    x61_4 D    260    259    194
    270   267      866.6505   237                    700.2000    16479                  x140_41 N    270    269    203
Elapsed time = 23.90 sec. (36746.02 ticks, tree = 9.86 MB, solutions = 0)
    287   284      887.3750   189                    700.2000    17347                  x131_87 N    287    285    217
    303   300      880.0000    59                    700.2000    17881                   x21_86 N    303    301    231
    324   321      867.4257   100                    700.2000    18043                  x63_136 D    324    323    251
    344   341      867.8750    59                    700.2000    18428                   x63_59 D    344    343    269
    367   364      871.3810    65                    700.2000    18619                   x44_73 N    367    365    291
    385   382      868.2875   113                    700.2000    18836                   x48_99 D    385    384    308
    410   407      868.3750    66                    700.2000    19079                  x140_99 D    410    409    331
    434   431      868.4763   109                    700.2000    19206                    x38_4 D    434    433    355
    442   439      868.6567   122                    700.2000    19255                  x142_38 D    442    441    363
    471   468      868.7588   112                    700.2000    19396                  x147_41 D    471    470    392
Elapsed time = 32.31 sec. (46925.85 ticks, tree = 18.76 MB, solutions = 0)
    493   490      868.8260   234                    700.2000    19496                   x11_61 D    493    492    414
    519   516      868.9000   114                    700.2000    19847                  x38_102 D    519    518    439
    525   522      891.0000    40                    700.2000    20482                   x41_89 D    525    524    444
    536   533      899.7000    49                    700.2000    21048                   x22_73 N    536    534    453
    554   551      896.9333    60                    700.2000    21561                   x11_21 N    554    552    470
    569   566      898.1250    53                    700.2000    22174                  x41_114 D    569    567    484
    589   586      904.0000    21                    700.2000    22399                   x24_95 U    589    588    502
    597   594      912.8723    76                    700.2000    22788                   x71_34 N    597    595    508
    615   612      910.3824   196                    700.2000    22926                   x35_70 D    615    614    526
    630   627      925.0000    55                    700.2000    23317                  x41_112 N    630    628    540
Elapsed time = 40.06 sec. (57350.41 ticks, tree = 20.66 MB, solutions = 0)
    647   644      911.3889    83                    700.2000    23635                   x35_12 D    647    646    556
    665   662      913.2000    59                    700.2000    24232                  x102_85 U    665    663    572
    677   674      930.5333   166                    700.2000    24757                  x112_67 N    677    675    582
    696   693      940.0833    56                    700.2000    25275                 x109_114 N    696    694    599
    717   712      916.4444    67                    700.2000    25743                  x116_96 D    717    716    618
    721   716      916.7847    95                    700.2000    26093                  x70_136 D    721    720    621
    740   735      917.2500    97                    700.2000    26391                  x66_109 N    740    738    638
    756   751      922.5227    91                    700.2000    26715                   x77_87 N    756    754    651
    772   767      922.7000    80                    700.2000    26922                  x52_115 D    772    771    666
    791   786      923.1000    80                    700.2000    27255                    x66_4 D    791    790    684
Elapsed time = 47.79 sec. (67519.99 ticks, tree = 26.19 MB, solutions = 0)
    809   804      923.3889    85                    700.2000    27359                   x50_59 D    809    808    702
    817   812      948.0000    12                    700.2000    27818                   x50_67 D    817    815    708
    823   812      714.4500   299                    702.6842    28909                  x110_28 N    823      1      2
    829   818      707.5000   139                    705.4273    29669                 x124_129 D    829    828      9
    838   827      709.2264   319                    705.4273    30408                   x78_82 N    838    837     16
    850   839      711.1111   155                    705.4273    31014                   x78_33 D    850    849     25
    864   853      713.7500    97                    705.4273    31420                  x114_88 D    864    861     33
    890   879      714.8333    40                    705.4273    31586                   x63_89 D    890    889     56
    915   904      717.6667    81                    705.4273    31806                   x7_103 U    915    913     78
    933   922      720.0000    43                    705.4273    31990                   x89_63 N    933    931     93
Elapsed time = 55.67 sec. (77707.44 ticks, tree = 32.74 MB, solutions = 0)
    956   945      719.0000    26                    705.4273    32160                  x114_56 D    956    955    114
    983   972      721.1818    55                    705.4273    32321                  x148_81 D    983    982    140
    998   987      725.0909    49                    705.4273    32653                   x81_21 N    998    997    153
   1007   996      743.3256   380                    705.5889    33517                  x28_130 D   1007   1005     10
   1016  1005      749.5000   204                    705.5889    34674                   x82_78 N   1016   1013     17
   1032  1021      754.7500   141                    705.5889    35356                    x6_82 U   1032   1030     27
   1063  1052      762.5000    10                    705.5889    35922                  x109_48 N   1063   1061     54
   1082  1071      763.1626   196                    705.5889    36400                   x73_92 N   1082   1080     70
   1095  1084      765.1000   196                    705.5889    36803                   x41_99 N   1095   1094     82
   1119  1108      762.0000    42                    705.5889    37122                  x139_88 D   1119   1118    100
Elapsed time = 63.80 sec. (87899.39 ticks, tree = 41.10 MB, solutions = 0)
   1144  1133      772.0000    29                    705.5889    37304                   x42_21 N   1144   1142    122
   1167  1156      768.9091    37                    705.5889    37401                   x81_63 D   1167   1165    142
   1186  1175      774.3333    19                    705.5889    37539                   x63_35 U   1186   1185    158
   1200  1189      772.6667    14                    705.5889    37640                   x38_89 D   1200   1199    169
   1247  1236      710.7500    99                    706.0000    38370                  x78_129 N   1247   1246     52
   1283  1272      711.2667    71                    706.0000    38638                  x44_140 D   1283   1282     88
   1326  1315      712.4242    98                    706.0000    39066                  x89_139 D   1326   1325    131
   1352  1341      712.6250    89                    706.0000    39248                   x11_86 D   1352   1351    157
   1397  1386      713.1429    77                    706.0000    39541                   x42_71 D   1397   1396    202
   1405  1394      709.4545   307                    706.5948    40427                  x35_133 U   1405   1403     10
Elapsed time = 73.73 sec. (97673.23 ticks, tree = 48.10 MB, solutions = 0)
   1407  1396      732.0857   332                    706.5948    41409                   x75_43 N   1407   1405     11
   1423  1412      715.0000    47                    706.5948    42093                  x109_42 D   1423   1421     23
   1456  1445      721.5000    30                    706.5948    42507                   x19_12 U   1456   1454     52
   1479  1468      719.4444    43                    706.5948    42783                   x11_81 D   1479   1478     73
   1507  1496      720.5000    45                    706.5948    43110                   x4_109 D   1507   1506     97
   1532  1521      736.3333    15                    706.5948    43433                  x44_139 U   1532   1531    118
   1551  1540      746.0000    23                    706.5948    43734                 x114_136 N   1551   1550    134
   1563  1552      747.1111    73                    706.5948    43827                   x11_51 N   1563   1562    143
   1582  1571      759.5000    12                    706.5948    44091                   x97_81 U   1582   1581    159
   1802  1791      708.7107   317                    707.0000    46420                 x124_129 N   1802    828      9
Elapsed time = 86.97 sec. (110477.04 ticks, tree = 72.32 MB, solutions = 0)
   1846  1835      718.8095   164                    707.0000    49440                  x141_75 D   1846   1844     40
   1883  1872      723.4000    94                    707.0000    51653                 x110_141 N   1883   1882     65
   1948  1937      730.2857   101                    707.0000    53786                  x44_140 N   1948   1946    117
   2096  2085      718.4000    62                    707.0000    56314                  x121_22 U   2096   2095    103
   2230  2219      716.0000    10                    707.1600    58042                   x56_88 D   2230   2229     29
   2379  2368      736.2647    58                    707.1600    59237                  x109_51 D   2379   2378    171
   2420  2409      720.9286   253                    707.1793    60766                 x129_101 N   2420   2419     25
   2495  2484      744.0000    74                    707.1793    62905                  x129_14 N   2495   2494    100
   2574  2563      763.6250   102                    707.1793    64397                   x135_9 D   2574   2573    179
   2645  2634      715.0000    67                    707.3333    67809                  x63_114 D   2645   2644     42
Elapsed time = 122.09 sec. (149112.03 ticks, tree = 127.41 MB, solutions = 0)
   2781  2770      733.5000    63                    707.3333    71250                  x59_133 N   2781   2779    165
*  2865   658      integral     0      718.0000      707.4815    73103    1.46%
   2875   666      715.0000    10      718.0000      707.4815    73220    1.46%         x63_140 D   2875   2874     71
   3041   822      716.5000    10      718.0000      707.5714    75334    1.45%          x11_42 N   3041   3040    157
*  3125   789      integral     0      717.0000      707.6913    76846    1.30%
   3160   818      710.4286   248      717.0000      707.7500    77345    1.29%        x130_117 D   3160   3159      7
   3280   930      714.3846    70      717.0000      707.7500    78736    1.29%          x51_11 D   3280   3279    126
*  3323   305      integral     0      713.0000      707.7500    79742    0.74%
*  3391   199      integral     0      712.0000      708.0833    81193    0.55%
   3408   208      710.8769   299      712.0000      708.1059    81740    0.55%        x130_117 U   3408    824      6
   3540   277      710.2500    77      712.0000      708.7500    84253    0.46%          x89_92 U   3540   1211     17
   3685   360        cutoff            712.0000      709.0000    86949    0.42%         x89_133 U   3685   3683     25
   3829   418        cutoff            712.0000      709.0426    89526    0.42%          x63_88 D   3829   3828     19
   3997   496        cutoff            712.0000      709.2105    91819    0.39%         x148_88 U   3997   3586     20
Elapsed time = 151.88 sec. (187890.44 ticks, tree = 33.12 MB, solutions = 4)
   4132   561        cutoff            712.0000      709.3000    94247    0.38%         x44_133 U   4132    841     19
   4245   564      710.8333   131      712.0000      709.5714    97183    0.34%          x41_99 D   4245   4244     15
   4371   541      711.0000    18      712.0000      709.7500    99323    0.32%         x114_63 N   4371   3526     26
   4512   517        cutoff            712.0000      710.0000   101304    0.28%         x89_148 U   4512   3763     34
   4638   465      710.7500    77      712.0000      710.0000   103275    0.28%          x89_63 U   4638   2903     21
   4759   384      710.6667    42      712.0000      710.2500   105017    0.25%          x78_33 D   4759   4758     20
*  4770     1      integral     0      711.0000      710.2500   105067    0.11%

Zero-half cuts applied:  9
Gomory fractional cuts applied:  2
User cuts applied:  6857

Root node processing (before b&c):
  Real time             =    2.91 sec. (7499.99 ticks)
Sequential b&c:
  Real time             =  160.80 sec. (203510.94 ticks)
                          ------------
Total (root+branch&cut) =  163.72 sec. (211010.93 ticks)

