Version identifier: 22.1.0.0 | 2022-03-09 | 1a383f8ce
CPXPARAM_Preprocessing_Reduce                    1
CPXPARAM_Threads                                 1
CPXPARAM_Preprocessing_Reformulations            0
CPXPARAM_TimeLimit                               10800
CPXPARAM_MIP_Tolerances_AbsMIPGap                0.999
CPXPARAM_MIP_Limits_TreeMemory                   20000
Legacy callback                                  BbLUID
         Disabling repeat represolve because of lazy constraint/incumbent callback.
Tried aggregator 1 time.
MIP Presolve eliminated 28489 rows and 0 columns.
MIP Presolve modified 1651 coefficients.
Reduced MIP has 1954 rows, 7815 columns, and 43009 nonzeros.
Reduced MIP has 7815 binaries, 0 generals, 0 SOSs, and 0 indicators.
Presolve time = 0.03 sec. (58.21 ticks)
Probing time = 0.00 sec. (3.95 ticks)
Clique table members: 1954.
MIP emphasis: balance optimality and feasibility.
MIP search method: traditional branch-and-cut.
Parallel mode: none, using 1 thread.
Root relaxation solution time = 0.00 sec. (9.55 ticks)

        Nodes                                         Cuts/
   Node  Left     Objective  IInf  Best Integer    Best Bound    ItCnt     Gap         Variable B NodeID Parent  Depth

      0     0      617.0000    16                    617.0000      249         
      0     0      711.0000    32                    Cuts: 69      302         
      0     0      724.5000    58                    Cuts: 66      353         
      0     0      730.0000    92                    Cuts: 49      402         
      0     0      730.5000    62                    Cuts: 11      409         
      0     0      731.0000    83                    Cuts: 15      419         
      0     0      732.5000    68                     User: 5      433         
      0     0      733.5000    90                    Cuts: 19      442         
      0     0      734.5000   102                     User: 7      455         
      0     0      736.0000    78                     User: 9      464         
      0     0      736.0000    48                    Cuts: 13      476         
      0     0      736.0000    64                    Cuts: 13      478         
      0     0      736.1667   151                     Cuts: 8      486         
      0     0      736.5833   160                    Cuts: 13      502         
      0     0      737.6548   188                     Cuts: 3      510         
      0     0      739.2500   195                    Cuts: 15      517         
      0     0      740.2833   142                    Cuts: 10      529         
      0     0      741.0833   106                    Cuts: 14      533         
      0     0      741.8833   136                ZeroHalf: 11      539         
      0     0      742.0833   106                    Cuts: 14      540         
      0     0      742.9167   153                     User: 1      546         
      0     0      743.0833   106                ZeroHalf: 12      547         
      0     2      743.0833   107                    743.2917      547                                 0             0
Elapsed time = 0.93 sec. (1491.60 ticks, tree = 0.01 MB, solutions = 0)
      2     4      743.7222    63                    743.5000      592                   x98_24 N      2      1      2
      8    10      744.6364    84                    743.5000      638                  x141_38 D      8      7      6
*    10+   10                          753.0000      743.5000             1.26%
     12    14      748.1667    49      753.0000      743.5000      717    1.26%          x31_65 U     12     10      9
     29    18      743.7917    69      753.0000      743.7917      878    1.22%          x98_24 N     29      1      2
     36    25      746.2273    44      753.0000      744.0000      910    1.20%          x19_98 U     36     35      7
     60    45      745.0000    22      753.0000      744.0000     1119    1.20%          x98_30 D     60     59     11
     85    64      751.3333    19      753.0000      744.1667     1347    1.17%          x32_36 U     85     84     20
    123    87      750.3333    25      753.0000      744.2000     1712    1.17%          x29_27 U    123    121     30
    150   105      748.0000    20      753.0000      744.2292     1923    1.16%          x29_27 U    150    149     14
    263   190      750.5000    73      753.0000      744.6667     3102    1.11%         x148_78 N    263    262      7
Elapsed time = 5.72 sec. (4769.43 ticks, tree = 1.15 MB, solutions = 1)
    350   253      749.8889    54      753.0000      744.6667     4156    1.11%         x137_68 N    350    349     43
    448   316      750.7222   174      753.0000      744.9167     5891    1.07%          x78_53 N    448    446     15
    563   396      750.5000    20      753.0000      745.0000     7318    1.06%          x97_38 D    563    562     42
    687   488      748.3750   138      753.0000      745.0000     9071    1.06%          x97_38 D    687    686     32
*   804   445      integral     0      751.0000      745.0000    10444    0.80%
    821   459      748.5000    30      751.0000      745.0000    10610    0.80%          x68_85 U    821    820     21
*   891   184      integral     0      748.0000      745.2000    11709    0.37%
*   906    50      integral     0      747.0000      745.2857    11970    0.23%

Zero-half cuts applied:  33
Gomory fractional cuts applied:  2
User cuts applied:  1798

Root node processing (before b&c):
  Real time             =    0.93 sec. (1491.82 ticks)
Sequential b&c:
  Real time             =   14.92 sec. (8969.62 ticks)
                          ------------
Total (root+branch&cut) =   15.85 sec. (10461.44 ticks)

