Version identifier: 22.1.0.0 | 2022-03-09 | 1a383f8ce
CPXPARAM_Preprocessing_Reduce                    1
CPXPARAM_Threads                                 1
CPXPARAM_Preprocessing_Reformulations            0
CPXPARAM_TimeLimit                               10800
CPXPARAM_MIP_Tolerances_AbsMIPGap                0.999
CPXPARAM_MIP_Limits_TreeMemory                   20000
Legacy callback                                  BbLUID
         Disabling repeat represolve because of lazy constraint/incumbent callback.
Tried aggregator 1 time.
MIP Presolve eliminated 44476 rows and 0 columns.
MIP Presolve modified 1835 coefficients.
Reduced MIP has 2137 rows, 9500 columns, and 63029 nonzeros.
Reduced MIP has 9500 binaries, 0 generals, 0 SOSs, and 0 indicators.
Presolve time = 0.06 sec. (98.96 ticks)
Probing time = 0.00 sec. (4.28 ticks)
Clique table members: 2137.
MIP emphasis: balance optimality and feasibility.
MIP search method: traditional branch-and-cut.
Parallel mode: none, using 1 thread.
Root relaxation solution time = 0.01 sec. (11.51 ticks)

        Nodes                                         Cuts/
   Node  Left     Objective  IInf  Best Integer    Best Bound    ItCnt     Gap         Variable B NodeID Parent  Depth

      0     0      621.2500    93                    557.0000      196         
      0     0      626.0000    53                    Cuts: 96      257         
      0     0      632.2500   104                    User: 93      312         
      0     0      633.8333   110                     Cuts: 8      331         
      0     0      636.4118   196                    Cuts: 20      377         
      0     0      636.5417   210                    Cuts: 22      395         
      0     0      636.5556   206                    User: 14      400         
      0     0      636.5714   215                    Cuts: 15      409         
      0     0      636.5714   197                     User: 5      418         
      0     0      636.5714   202                    User: 11      425         
      0     0      638.4167   180                    User: 10      467         
      0     0      639.4167   199                    User: 10      471         
      0     0      639.4167   203                     User: 6      473         
      0     0      640.3333    74                     User: 8      485         
      0     0      641.8750   214                    User: 71      546         
      0     0      641.8750   194                    User: 10      552         
      0     0      642.5000   149                     User: 7      574         
      0     0      643.3750   154                    User: 18      616         
      0     0      643.5000   136                    User: 14      628         
      0     0      643.6667   124                    User: 21      638         
      0     0      645.3333   190                    User: 22      686         
      0     0      645.4000   191                     User: 9      708         
      0     0      647.4444   180                    User: 25      749         
      0     0      647.7500   168                    User: 17      773         
      0     0      648.0000    72                     User: 3      796         
      0     0      649.0000    34                    User: 25      827         
      0     0      650.0000   228                     User: 7      872         
      0     0      650.0000   159                    User: 18      878         
      0     0      650.5000   159                     User: 2      888         
      0     0      652.7500   175                    User: 14      928         
      0     0      654.7500    60                    User: 16      990         
      0     0      655.2500    90                     User: 8      996         
      0     0      657.8056   171                    User: 10     1060         
      0     0      658.0833   178                     User: 7     1082         
      0     0      658.2500   123                    User: 10     1105         
      0     0      658.5000   121                     User: 8     1128         
      0     0      659.0667   148                     User: 6     1150         
      0     0      659.3333   123                     User: 6     1160         
      0     0      659.3750   124                     User: 8     1167         
      0     0      659.4412   128                    User: 11     1175         
      0     0      659.5000    84                     User: 6     1184         
      0     0      660.0000   143                     User: 6     1203         
      0     0      660.0000   134                     User: 2     1208         
      0     0      660.8684   150                     User: 3     1246         
      0     0      661.1111   144                     User: 5     1261         
      0     2      661.1111   144                    661.1111     1261                                 0             0
Elapsed time = 2.30 sec. (5377.24 ticks, tree = 0.01 MB, solutions = 0)
      1     3      661.9583   135                    662.0000     1304                   x11_46 D      1      0      1
      2     4      662.9833   238                    662.0000     1597                  x147_46 N      2      1      2
      3     5      663.7500   163                    662.0000     1771                  x147_46 N      3      1      2
      4     6      664.2000   221                    662.0000     1840                  x93_146 N      4      3      3
      5     7      666.1406   153                    662.0000     1957                  x93_146 N      5      3      3
      8    10      666.7581   147                    662.0000     2120                 x148_114 D      8      6      5
     10    12      669.7500    73                    662.0000     2322                  x114_49 N     10      7      6
     12    14      673.7000   119                    662.0000     2677                   x49_34 N     12     10      7
     13    15      671.5000   152                    662.0000     2905                   x45_26 N     13     11      8
     18    20      683.5000   140                    662.0000     3656                  x46_147 D     18     17     11
Elapsed time = 5.29 sec. (11886.64 ticks, tree = 0.22 MB, solutions = 0)
     30    32      686.2500   105                    662.0000     4456                   x37_72 D     30     29     20
     34    36      687.6667   134                    662.0000     5122                  x26_148 N     34     33     23
     43    45      693.7639   173                    662.0000     5701                   x72_37 N     43     41     29
     58    60      691.4286    77                    662.0000     6094                  x122_36 D     58     57     41
     75    77      692.2500    56                    662.0000     6222                  x122_37 U     75     73     56
     94    96      704.9130   109                    662.0000     6565                   x43_48 N     94     93     71
    108   110      702.5000    60                    662.0000     6844                   x92_77 U    108    106     82
    120   122      698.5000    58                    662.0000     7245                   x16_70 D    120    119     91
    139   141      700.6250    66                    662.0000     7625                  x37_140 D    139    138    106
    158   160      702.7396   144                    662.0000     7818                   x32_70 N    158    157    125
Elapsed time = 12.10 sec. (22282.13 ticks, tree = 1.63 MB, solutions = 0)
    173   175      703.3780   158                    662.0000     8073                   x37_84 N    173    172    139
    191   193      704.5000    77                    662.0000     8479                    x37_7 N    191    190    156
    210   212      757.3333   116                    662.0000     8943                   x37_54 U    210    208    174
    221   223      726.5000   153                    662.0000     9475                   x69_28 N    221    219    184
    240   242      710.0000   100                    662.0000    10110                   x23_70 D    240    239    200
    262   264      713.7500    80                    662.0000    10365                   x86_95 D    262    261    221
    282   278      671.8643   210                    663.0167    11440                   x34_49 N    282    280     10
    298   294      672.4000   204                    663.0167    12192                  x74_127 D    298    296     20
    305   301      676.7500   198                    663.0167    12685                  x146_78 N    305    303     25
    318   314      680.5000   143                    663.0167    13306                   x73_16 U    318    316     32
Elapsed time = 20.11 sec. (32726.34 ticks, tree = 3.99 MB, solutions = 0)
    333   329      685.5000   208                    663.0167    13721                   x37_72 N    333    332     43
    342   338      688.2647   172                    663.0167    14149                  x147_74 U    342    339     49
    351   347      693.2500   123                    663.0167    14573                   x91_24 D    351    350     54
    359   355      707.2500    73                    663.0167    15160                   x78_40 N    359    357     58
    380   376      702.6667    13                    663.0167    15459                  x46_107 D    380    379     76
    390   386      712.3333    15                    663.0167    15791                  x74_112 D    390    388     83
    399   395      722.0769    78                    663.0167    16345                  x122_98 N    399    397     90
    410   406      724.5000    73                    663.0167    16830                 x145_123 U    410    409     99
    420   416      733.8333    97                    663.0167    17132                  x16_100 N    420    418    105
    433   429      730.4000    97                    663.0167    17546                  x28_127 N    433    431    116
Elapsed time = 27.99 sec. (43323.93 ticks, tree = 7.96 MB, solutions = 0)
    441   437      733.5000    68                    663.0167    17734                   x83_16 D    441    440    124
    458   454      739.0000    92                    663.0167    18372                   x48_70 N    458    456    136
    470   466      736.8750    95                    663.0167    18668                  x114_16 N    470    469    146
    487   483      748.8571    90                    663.0167    18946                   x76_16 N    487    485    161
    505   501      742.7000    79                    663.0167    19427                   x48_66 N    505    504    174
    520   516      743.5000    54                    663.0167    19564                  x18_123 D    520    519    188
    531   527      746.7500    79                    663.0167    19898                   x48_84 D    531    529    196
    549   545      749.0000    20                    663.0167    20171                  x83_149 N    549    548    213
    560   556      749.7000    75                    663.0167    20275                  x55_135 D    560    559    223
    575   571      750.0278    95                    663.0167    20487                  x32_138 D    575    574    237
Elapsed time = 36.58 sec. (53870.60 ticks, tree = 15.58 MB, solutions = 0)
    593   589      750.2293   113                    663.0167    20548                   x66_47 N    593    592    255
    603   599      781.0000    71                    663.0167    20933                  x48_143 N    603    601    264
    616   612      750.4167    77                    663.0167    21160                   x18_70 D    616    615    276
    632   628      750.6923   103                    663.0167    21321                  x76_112 D    632    631    291
    651   647      751.4388   102                    663.0167    21513                   x49_47 N    651    650    309
    665   661      751.6667    65                    663.0167    21999                    x7_16 D    665    664    322
    678   674      751.9655   103                    663.0167    22205                   x18_16 D    678    677    334
    687   683      752.7000    98                    663.0167    22641                   x32_76 N    687    686    342
    696   692      773.5000    24                    663.0167    22999                    x55_8 N    696    694    350
    712   708      753.9167    79                    663.0167    23158                   x55_86 D    712    711    365
Elapsed time = 44.48 sec. (64170.49 ticks, tree = 21.42 MB, solutions = 0)
    730   726      754.4500    75                    663.0167    23308                   x18_45 N    730    729    383
    740   736      779.1667    40                    663.0167    23805                   x46_66 U    740    739    392
    743   739      803.6667    18                    663.0167    24017                   x81_35 N    743    741    394
    746   742      822.8750    59                    663.0167    24227                    x38_8 N    746    744    396
    751   747      833.3333    40                    663.0167    24531                  x72_100 U    751    749    400
    757   753      836.0000    24                    663.0167    24628                  x32_123 U    757    755    404
    761   757      868.1667    48                    663.0167    24815                   x81_83 N    761    759    407
    765   761      870.5000    51                    663.0167    25042                  x122_67 N    765    763    409
    771   767      875.0000    14                    663.0167    25235                  x122_83 N    771    769    413
    777   771      896.3333    17                    663.0167    25572                    x18_8 U    777    776    418
Elapsed time = 50.55 sec. (74486.41 ticks, tree = 23.91 MB, solutions = 0)
    781   775      937.0000    17                    663.0167    25660                   x21_83 N    781    779    420
    785   779      944.7500    18                    663.0167    25691                  x76_149 D    785    783    423
    788   778    infeasible                          663.0167    25832                  x62_149 N    788    786    425
    793   783      668.7500   200                    664.3333    26751                  x103_55 N    793    792      6
    802   792      675.3194   248                    665.3409    27922                   x78_91 U    802      4      4
    811   801      689.1667   158                    665.3409    28543                  x148_49 N    811    809      9
    819   809      684.4632   236                    665.3409    29034                  x117_34 N    819    816     14
    827   817      686.6947   260                    665.3409    29556                   x46_74 U    827    825     19
    833   823      691.6125   240                    665.3409    30044                   x98_46 N    833    831     23
    844   834      695.2143   227                    665.3409    30517                   x49_34 N    844    842     31
Elapsed time = 58.35 sec. (85717.76 ticks, tree = 28.00 MB, solutions = 0)
    853   843      692.4130   226                    665.3409    30986                  x26_125 N    853    851     37
    862   850      692.1324   228                    665.3409    31348                  x42_147 N    862    861     43
    870   858      695.7500    74                    665.3409    31700                  x103_45 N    870    867     47
    876   864      694.2500   199                    665.3409    31938                  x103_55 D    876    874     51
    880   868      702.6762   182                    665.3409    32263                  x127_69 N    880    877     53
    896   884      696.7500   206                    665.3409    32646                   x70_98 D    896    894     66
    909   897      697.3398   148                    665.3409    32907                   x43_87 D    909    908     77
    917   905      698.5000   103                    665.3409    33200                   x74_16 N    917    915     82
    921   909      701.0000   117                    665.3409    33457                   x73_34 D    921    919     85
    926   914      701.0714   227                    665.3409    33776                  x122_16 N    926    925     88
Elapsed time = 66.84 sec. (96342.02 ticks, tree = 33.36 MB, solutions = 0)
    932   920      702.4078   202                    665.3409    34154                  x37_122 D    932    930     92
    944   932      704.5409   208                    665.3409    34514                    x3_34 D    944    942    102
    953   941      707.0789   126                    665.3409    35309                  x135_59 U    953    951    108
    964   952      721.0000   143                    665.3409    35643                 x114_148 N    964    962    116
    978   966      714.5000   110                    665.3409    35972                   x43_11 U    978    976    126
    993   981      712.0000   122                    665.3409    36210                 x112_136 U    993    992    140
   1007   995      670.6250   162                    665.8333    36612                 x114_148 U   1007   1004      6
   1017  1005      671.9167   147                    665.8333    37357                   x74_16 U   1017   1015     12
   1029  1017      673.8750   206                    665.8333    38016                   x98_55 N   1029   1027     19
   1088  1076      676.3333    41                    665.8333    38595                    x13_2 D   1088   1087     68
Elapsed time = 77.32 sec. (109051.94 ticks, tree = 44.02 MB, solutions = 0)
   1138  1126      679.1250    80                    665.8333    39027                  x27_146 N   1138   1137    113
   1176  1164      685.5000     8                    665.8333    39394                 x141_121 D   1176   1175    149
   1190  1178      729.6667    32                    665.8333    39590                   x33_27 D   1190   1189    163
   1228  1216      677.5000    69                    665.8333    40871                  x37_122 N   1228   1227     29
   1360  1348      683.2097   150                    665.8333    41613                 x121_146 D   1360   1359    161
   1413  1401      676.0893   220                    666.2778    43459                   x74_28 D   1413   1411     11
   1443  1431      694.8941   215                    666.2778    45502                   x34_16 N   1443   1441     32
   1544  1532      701.6562    99                    666.2778    46647                  x127_28 U   1544   1543    120
   1592  1580      703.1556    75                    666.2778    48176                 x141_128 N   1592   1591    163
   1642  1630      686.3333    34                    666.7500    49219                   x96_27 D   1642   1641     44
Elapsed time = 107.52 sec. (148242.34 ticks, tree = 71.81 MB, solutions = 0)
   1805  1793      673.3571   201                    666.7500    50876                  x76_127 U   1805   1803      7
*  1859   548      integral     0      685.0000      666.7500    53120    2.66%
   1868   556      670.3649   174      685.0000      666.7750    53454    2.66%         x78_146 D   1868   1867     13
   1994   674      674.6167   154      685.0000      666.9571    54685    2.63%          x74_16 D   1994   1993     14
   2060   732      679.0000   124      685.0000      667.0952    57369    2.61%           x92_3 U   2060   2059     22
   2127   789      669.0000   149      685.0000      667.2500    59394    2.59%         x122_37 D   2127   2126      5
   2170   824      678.2619   205      685.0000      667.4464    62083    2.56%         x147_74 D   2170   2169     22
   2257   902      675.8190   183      685.0000      667.7222    63888    2.52%         x148_49 D   2257   2256     17
   2319   950      672.4762   180      685.0000      667.8333    65668    2.51%          x78_91 D   2319   2318     13
   2400  1026      677.0000    43      685.0000      667.8333    67849    2.51%          x58_85 D   2400   2399     50
   2500  1120      677.5000    41      685.0000      667.8750    70120    2.50%         x121_27 D   2500   2499     43
Elapsed time = 135.51 sec. (187346.93 ticks, tree = 61.20 MB, solutions = 1)
   2567  1180        cutoff            685.0000      668.0595    72246    2.47%          x98_55 D   2567   2566     21
   2625  1224        cutoff            685.0000      668.0833    74028    2.47%         x42_147 D   2625   2623     42
   2708  1304      680.5000    56      685.0000      668.2500    75592    2.45%         x121_27 D   2708   2707     50
   2774  1363      676.8256   193      685.0000      668.3333    78036    2.43%         x37_122 N   2774   2773     17
   2818  1399      682.7000   158      685.0000      668.4583    79848    2.41%          x43_48 N   2818   2817     20
   2899  1468      676.6667    62      685.0000      668.6875    81861    2.38%         x110_27 D   2899   2898     46
   2971  1533      674.6779   180      685.0000      668.7222    83720    2.38%         x148_16 D   2971   2970     29
   3051  1609      683.2500    82      685.0000      668.7286    85753    2.38%          x70_21 D   3051   3050     35
*  3123   518      integral     0      677.0000      668.7500    87679    1.22%
   3124   518      670.0000   103      677.0000      668.7778    87771    1.21%         x74_127 U   3124   1405      7
   3213   576      674.6667   193      677.0000      669.0000    90902    1.18%          x34_49 D   3213   3212     12
Elapsed time = 160.17 sec. (225898.80 ticks, tree = 30.29 MB, solutions = 2)
   3336   674      674.5000   136      677.0000      669.0000    93310    1.18%          x63_91 D   3336   3335     15
   3414   701        cutoff            677.0000      669.2917    97002    1.14%         x37_122 D   3414   3413     18
   3511   759      671.2647   128      677.0000      669.5000    99603    1.11%          x26_45 D   3511   3510     11
   3589   807      674.6250   161      677.0000      669.5714   102671    1.10%         x148_49 D   3589   3588     23
   3689   881      671.7625   257      677.0000      669.8333   105474    1.06%         x93_146 D   3689   3688      9
   3790   948      675.1250   117      677.0000      669.8830   107946    1.05%         x55_148 D   3790   3789     18
   3887  1015        cutoff            677.0000      670.0000   110675    1.03%          x70_21 N   3887   3886     22
   3980  1069      676.0000   111      677.0000      670.0000   113918    1.03%         x127_28 D   3980   3979     16
   4044  1098      672.2083   152      677.0000      670.1500   116811    1.01%         x114_49 D   4044   4043     13
   4120  1138        cutoff            677.0000      670.2410   120094    1.00%         x117_34 U   4120   4118     22
Elapsed time = 187.68 sec. (264272.18 ticks, tree = 61.95 MB, solutions = 2)
   4209  1191      675.5000    35      677.0000      670.3333   123019    0.98%          x27_13 D   4209   4208     26
   4309  1253      673.9333   161      677.0000      670.5000   125394    0.96%          x78_57 D   4309   4308     30
*  4330   468      integral     0      674.0000      670.5000   125774    0.52%
   4402   476      672.0000    44      674.0000      670.6250   128543    0.50%          x27_69 D   4402   4401     12
   4497   483        cutoff            674.0000      670.8750   131264    0.46%          x45_26 U   4497   2626      7
   4605   491        cutoff            674.0000      671.0455   134476    0.44%          x34_49 U   4605   4603     16
   4705   485        cutoff            674.0000      671.2857   137259    0.40%          x27_96 U   4705   3227     15
   4782   449        cutoff            674.0000      671.5000   140544    0.37%          x62_76 U   4782   4780     17
*  4836   154      integral     0      673.0000      671.5000   141539    0.22%          x83_32 D   4836   4835     14
*  4918     1      integral     0      672.0000      671.5455   143263    0.07%

User cuts applied:  8534

Root node processing (before b&c):
  Real time             =    2.28 sec. (5355.78 ticks)
Sequential b&c:
  Real time             =  205.90 sec. (290493.46 ticks)
                          ------------
Total (root+branch&cut) =  208.18 sec. (295849.24 ticks)

