Version identifier: 22.1.0.0 | 2022-03-09 | 1a383f8ce
CPXPARAM_Preprocessing_Reduce                    1
CPXPARAM_Threads                                 1
CPXPARAM_Preprocessing_Reformulations            0
CPXPARAM_TimeLimit                               10800
CPXPARAM_MIP_Tolerances_AbsMIPGap                0.999
CPXPARAM_MIP_Limits_TreeMemory                   20000
Legacy callback                                  BbLUID
         Disabling repeat represolve because of lazy constraint/incumbent callback.
Tried aggregator 1 time.
MIP Presolve eliminated 40479 rows and 0 columns.
MIP Presolve modified 1954 coefficients.
Reduced MIP has 2356 rows, 11520 columns, and 64420 nonzeros.
Reduced MIP has 11520 binaries, 0 generals, 0 SOSs, and 0 indicators.
Presolve time = 0.05 sec. (85.59 ticks)
Probing time = 0.00 sec. (4.62 ticks)
Clique table members: 2356.
MIP emphasis: balance optimality and feasibility.
MIP search method: traditional branch-and-cut.
Parallel mode: none, using 1 thread.
Root relaxation solution time = 0.01 sec. (14.75 ticks)

        Nodes                                         Cuts/
   Node  Left     Objective  IInf  Best Integer    Best Bound    ItCnt     Gap         Variable B NodeID Parent  Depth

      0     0      660.0000   116                    588.0000      441         
      0     0      681.8333   209                   Cuts: 149      695         
      0     0      687.0000   136                    Cuts: 72      751         
      0     0      689.0000   215                    Cuts: 68      797         
      0     0      692.5000   294                    Cuts: 54      828         
      0     0      692.7500   200                    Cuts: 14      840         
      0     0      693.3750   280                    Cuts: 52      858         
      0     0      695.2750   311                    Cuts: 19      881         
      0     0      695.7750   273                     Cuts: 9      887         
      0     0      696.8333   125                    Cuts: 13      907         
      0     0      696.9333   241                    User: 48      919         
      0     0      697.6333   262                    Cuts: 18      934         
      0     0      698.3667   256                    Cuts: 20      951         
      0     0      700.6500   202                    User: 18      987         
      0     0      703.6500   232                    Cuts: 28     1015         
      0     0      705.3333   286                    Cuts: 23     1041         
      0     0      705.3333   244                    Cuts: 15     1046         
      0     0      705.5000   278                    Cuts: 12     1054         
      0     0      706.3333   134                    Cuts: 22     1068         
      0     0      706.8333   153                    Cuts: 41     1085         
      0     0      706.8333   160                     Cuts: 7     1089         
      0     0      706.8333   166                     Cuts: 7     1094         
      0     0      706.8333   148                     User: 5     1105         
      0     0      708.1667   110                    User: 15     1137         
      0     0      709.1667   120                     User: 3     1184         
      0     0      709.3000   112                     User: 7     1188         
      0     0      709.4000   105                     User: 7     1205         
      0     0      709.4000   109                    User: 12     1209         
      0     0      711.0000    46                     User: 5     1230         
      0     0      712.0000    82                    User: 21     1239         
      0     0      712.5000    97                    User: 10     1257         
      0     0      712.5000   106                     User: 3     1274         
      0     0      713.5000    92                     User: 3     1298         
      0     0      713.5000    94                    User: 13     1302         
      0     0      713.6000    83                     User: 1     1309         
      0     0      713.6000    88                     User: 4     1317         
      0     0      713.6000    80                     User: 4     1317         
      0     0      713.6000    86                     User: 1     1321         
      0     0      713.7250   168                     User: 1     1343         
      0     2      713.7917   151                    714.1250     1343                                 0             0
Elapsed time = 2.55 sec. (5570.00 ticks, tree = 0.01 MB, solutions = 0)
      2     4      714.8250   174                    714.9250     1427                   x10_55 D      2      1      2
      4     6      715.2679   170                    715.3250     1497                   x63_99 N      4      2      3
      7     9      716.8641   167                    715.3250     1677                  x146_12 N      7      5      5
     10    12      717.7614   146                    715.3250     1982                  x84_148 N     10      7      6
     17    19      719.1685   138                    715.3250     2217                   x87_64 N     17     15     10
     20    22      723.6250   119                    715.3250     2477                 x136_117 N     20     18     11
     28    30      725.0000    78                    715.3250     2772                  x182_15 U     28     25     15
     30    32      726.0000    73                    715.3250     2928                   x20_68 U     30     28     16
     37    39      730.5000    69                    715.3250     3146                  x71_167 D     37     36     21
*    39    39      integral     0      733.0000      715.3250     3163    2.41%
*    46    39      integral     0      732.0000      715.3250     3236    2.28%
     65    57      726.1667   154      732.0000      715.3750     4078    2.27%        x165_182 N     65     63     12
Elapsed time = 6.30 sec. (9708.66 ticks, tree = 0.70 MB, solutions = 2)
     90    76      725.0889   106      732.0000      715.6250     4802    2.24%          x94_64 N     90     89     22
    133   111      730.8389   128      732.0000      715.6250     5811    2.24%          x87_54 N    133    132     28
    163   134      719.6000   150      732.0000      716.1250     6749    2.17%          x20_68 U    163    162      9
*   200+  117                          726.0000      716.3558             1.33%
    210   129      724.0000    90      726.0000      716.3558     8198    1.33%        x103_105 N    210    209     18
*   220   121      integral     0      725.0000      716.3558     8258    1.19%
    276   161        cutoff            725.0000      716.8889     9226    1.12%          x84_56 D    276    275     21
*   325   105      integral     0      722.0000      716.9306    10281    0.70%
    343   115      718.5000    98      722.0000      717.0000    10694    0.69%          x87_64 N    343    342      6
    438   152        cutoff            722.0000      717.7083    12780    0.59%         x84_148 D    438    437     12
*   487   118      integral     0      721.0000      717.8846    13898    0.43%
    530   122      719.3889   133      721.0000      718.2589    14697    0.38%         x98_127 D    530    529     11
    645   118      719.8333    60      721.0000      718.8333    16718    0.30%        x154_146 D    645    643     12
    757    87        cutoff            721.0000      719.3571    18705    0.23%         x165_15 U    757    593      9
Elapsed time = 23.63 sec. (19364.94 ticks, tree = 0.93 MB, solutions = 6)
    871    26        cutoff            721.0000      719.8810    19787    0.16%         x154_54 U    871     86     19

Cover cuts applied:  1
Mixed integer rounding cuts applied:  1
Zero-half cuts applied:  19
Gomory fractional cuts applied:  4
User cuts applied:  2472

Root node processing (before b&c):
  Real time             =    2.54 sec. (5555.71 ticks)
Sequential b&c:
  Real time             =   22.50 sec. (14995.46 ticks)
                          ------------
Total (root+branch&cut) =   25.04 sec. (20551.17 ticks)

