Version identifier: 22.1.0.0 | 2022-03-09 | 1a383f8ce
CPXPARAM_Preprocessing_Reduce                    1
CPXPARAM_Threads                                 1
CPXPARAM_Preprocessing_Reformulations            0
CPXPARAM_TimeLimit                               10800
CPXPARAM_MIP_Tolerances_AbsMIPGap                0.999
CPXPARAM_MIP_Limits_TreeMemory                   20000
Legacy callback                                  BbLUID
         Disabling repeat represolve because of lazy constraint/incumbent callback.
Tried aggregator 2 times.
MIP Presolve eliminated 48239 rows and 0 columns.
MIP Presolve modified 2188 coefficients.
Aggregator did 2 substitutions.
Reduced MIP has 2588 rows, 12259 columns, and 74280 nonzeros.
Reduced MIP has 12259 binaries, 0 generals, 0 SOSs, and 0 indicators.
Presolve time = 0.07 sec. (118.70 ticks)
Probing time = 0.00 sec. (4.83 ticks)
Clique table members: 2588.
MIP emphasis: balance optimality and feasibility.
MIP search method: traditional branch-and-cut.
Parallel mode: none, using 1 thread.
Root relaxation solution time = 0.01 sec. (17.78 ticks)

        Nodes                                         Cuts/
   Node  Left     Objective  IInf  Best Integer    Best Bound    ItCnt     Gap         Variable B NodeID Parent  Depth

      0     0      747.5000    20                    671.0000      267         
      0     0      761.5000    29                   Cuts: 143      336         
      0     0      768.5000    72                    Cuts: 68      377         
      0     0      771.0000    79                    Cuts: 25      436         
      0     0      771.0000    79                    Cuts: 19      449         
      0     0      771.5000    96                    Cuts: 10      467         
      0     0      772.0000   195                    Cuts: 18      489         
      0     0      772.1250   114                    Cuts: 14      515         
      0     0      773.5000    57                    User: 12      520         
      0     0      774.0000   124                     Cuts: 8      534         
      0     0      774.0000    75                    Cuts: 22      543         
      0     0      774.5000    82                    Cuts: 14      549         
      0     0      774.5000    60                     Cuts: 5      551         
      0     0      774.5000    83                 ZeroHalf: 5      557         
      0     0      774.5000    52                     User: 8      561         
*     0+    0                          793.0000      774.5000             2.33%
*     0+    0                          786.0000      774.5000             1.46%
      0     2      774.5000    52      786.0000      775.0000      561    1.40%                        0             0
Elapsed time = 0.99 sec. (1431.85 ticks, tree = 0.01 MB, solutions = 2)
*    10+   10                          779.0000      775.0000             0.51%
     11    13      776.0000    37      779.0000      775.0000      666    0.51%         x152_70 U     11      9      8
     31    23      777.0000    57      779.0000      775.0000      937    0.51%         x198_19 U     31     30      6
     67    34      777.5000    28      779.0000      775.5000     1151    0.45%         x191_67 D     67     65      9
*    70+   27                          778.0000      775.5000             0.32%
*    87     7      integral     0      777.0000      776.0000     1282    0.13%
     91     2      776.5000    48      777.0000      776.0000     1314    0.13%        x115_173 N     91     22      4

Zero-half cuts applied:  22
Gomory fractional cuts applied:  2
User cuts applied:  993

Root node processing (before b&c):
  Real time             =    0.99 sec. (1432.26 ticks)
Sequential b&c:
  Real time             =    2.49 sec. (983.53 ticks)
                          ------------
Total (root+branch&cut) =    3.48 sec. (2415.78 ticks)

