Version identifier: 22.1.0.0 | 2022-03-09 | 1a383f8ce
CPXPARAM_Preprocessing_Reduce                    1
CPXPARAM_Threads                                 1
CPXPARAM_Preprocessing_Reformulations            0
CPXPARAM_TimeLimit                               10800
CPXPARAM_MIP_Tolerances_AbsMIPGap                0.999
CPXPARAM_MIP_Limits_TreeMemory                   20000
Legacy callback                                  BbLUID
         Disabling repeat represolve because of lazy constraint/incumbent callback.
Tried aggregator 1 time.
MIP Presolve eliminated 48491 rows and 0 columns.
MIP Presolve modified 2208 coefficients.
Reduced MIP has 2611 rows, 11927 columns, and 74987 nonzeros.
Reduced MIP has 11927 binaries, 0 generals, 0 SOSs, and 0 indicators.
Presolve time = 0.07 sec. (115.34 ticks)
Probing time = 0.00 sec. (4.72 ticks)
Clique table members: 2611.
MIP emphasis: balance optimality and feasibility.
MIP search method: traditional branch-and-cut.
Parallel mode: none, using 1 thread.
Root relaxation solution time = 0.01 sec. (18.78 ticks)

        Nodes                                         Cuts/
   Node  Left     Objective  IInf  Best Integer    Best Bound    ItCnt     Gap         Variable B NodeID Parent  Depth

      0     0      771.0000    75                    720.0000      471         
      0     0      784.0000    32                   Cuts: 190      545         
      0     0      792.5000    94                    Cuts: 56      600         
      0     0      800.1667   171                    Cuts: 63      654         
      0     0      800.9643   210                    Cuts: 58      679         
      0     0      801.2500   127                    Cuts: 27      693         
      0     0      801.5000   184                    Cuts: 14      704         
      0     0      801.7500   186                    Cuts: 13      714         
      0     0      801.8333   139                    Cuts: 15      720         
      0     0      803.5000   148                    Cuts: 30      740         
      0     0      804.7143   185                    Cuts: 16      755         
      0     0      804.9643   148                     Cuts: 7      767         
      0     0      805.2143   170                    Cuts: 15      779         
      0     0      805.7143   174                    User: 35      791         
      0     0      805.7143   174                    Cuts: 20      798         
      0     0      805.9286   149                    User: 13      804         
      0     0      806.7143   151                    Cuts: 18      812         
      0     0      806.7143   150                    Cuts: 10      822         
      0     0      806.7143   128                    User: 14      822         
      0     0      806.7143   136                    User: 10      827         
      0     0      806.7500   126                     User: 9      836         
      0     0      806.7500   175                     User: 9      841         
      0     0      806.8571   154                    User: 15      844         
      0     0      806.8571   145                    User: 23      852         
      0     0      807.0000    79                    User: 10      862         
      0     0      811.2679   209                     User: 7      887         
      0     0      811.2917   152                    User: 12      890         
      0     0      811.6250   121                    User: 12      894         
      0     0      812.1964   190                    User: 10      899         
      0     0      812.3929   226                    User: 17      911         
      0     0      812.3929   227                    User: 12      921         
      0     0      813.8929   233                    User: 18      938         
      0     0      815.2679   262                    User: 13      949         
      0     0      815.3352   265                     User: 8      952         
      0     0      816.1429   254                    User: 17      967         
      0     0      816.3571   255                    User: 13      977         
      0     0      816.6250   252                    User: 12      981         
      0     0      817.1528   237                     User: 6      993         
      0     0      817.6528   250                    User: 17     1025         
      0     0      817.6750   252                     User: 5     1030         
      0     0      818.0750   234                     User: 4     1034         
      0     0      818.6750   238                     User: 3     1042         
      0     0      818.6750   243                     User: 4     1046         
      0     0      818.6889   234                     User: 9     1047         
      0     0      819.6333   243                     User: 9     1082         
      0     0      819.6333   245                    User: 13     1083         
      0     0      819.8000   214                    User: 12     1096         
      0     0      819.8000   200                    User: 15     1096         
      0     0      819.8000   200                     User: 6     1098         
      0     0      820.2500   160                     User: 6     1113         
      0     0      820.4038   233                     User: 3     1127         
      0     0      820.5000   227                     User: 5     1133         
      0     2      820.5000   224                    820.7500     1133                                 0             0
Elapsed time = 2.99 sec. (7508.52 ticks, tree = 0.01 MB, solutions = 0)
      1     3      821.8750   221                    821.8750     1153                 x138_158 N      1      0      1
      3     5      827.7500   212                    822.7500     1184                  x140_45 U      3      1      2
      5     7      844.2500   184                    822.7500     1303                 x137_106 N      5      3      3
      7     9      846.2500   187                    822.7500     1366                  x57_102 U      7      6      5
     10    12      846.5000   215                    822.7500     1475                  x183_57 U     10      7      6
     17    19      850.5000   202                    822.7500     1628                 x146_183 N     17     16     11
     19    21      855.4792   188                    822.7500     1736                  x128_92 N     19     17     12
     22    24      853.6250   198                    822.7500     1865                   x47_30 N     22     20     14
     26    28      854.5952   176                    822.7500     1998                 x135_146 N     26     25     17
     40    42      862.1625   165                    822.7500     2603                 x194_196 D     40     39     26
Elapsed time = 5.96 sec. (11465.85 ticks, tree = 0.40 MB, solutions = 0)
     56    58      874.0000    87                    822.7500     3308                  x126_28 N     56     54     35
     80    82      875.6500   105                    822.7500     3884                   x48_84 N     80     77     50
     96    98      877.2143   118                    822.7500     4544                  x65_109 N     96     94     62
    110   112      880.5000    87                    822.7500     5137                  x150_94 N    110    108     72
    120   122      881.5000    61                    822.7500     5402                  x64_132 D    120    119     81
    129   131      916.3462    94                    822.7500     6480                   x64_28 N    129    126     86
    140   142      891.9839   138                    822.7500     7075                 x196_165 D    140    139     95
    153   155      892.6096   130                    822.7500     7745                  x147_28 D    153    151    105
    165   167      893.5952   102                    822.7500     8117                  x64_135 D    165    164    115
    179   181      894.6389   101                    822.7500     8959                   x80_51 D    179    178    125
Elapsed time = 16.00 sec. (21973.10 ticks, tree = 2.69 MB, solutions = 0)
    195   197      907.8750    72                    822.7500     9839                  x78_184 N    195    192    136
    200   202      898.8000    87                    822.7500    10079                   x64_11 N    200    199    140
    210   212      900.5000    75                    822.7500    10825                  x51_132 D    210    209    147
    217   219      903.8214   109                    822.7500    11897                   x78_82 N    217    216    152
    236   238      905.1111    92                    822.7500    12548                  x21_105 D    236    235    169
    250   252      908.4444   107                    822.7500    13081                   x59_78 D    250    249    179
    262   264      910.0000   106                    822.7500    13495                  x40_117 D    262    261    190
    282   284      913.7451    96                    822.7500    13791                    x93_6 U    282    280    207
    305   307      915.1667    90                    822.7500    13995                  x64_194 N    305    304    229
    316   318      944.5476    77                    822.7500    14405                  x51_160 U    316    314    238
Elapsed time = 24.63 sec. (31932.46 ticks, tree = 8.05 MB, solutions = 0)
    331   333      925.5769   121                    822.7500    14833                  x25_173 N    331    329    251
    351   351      921.4667    76                    822.7500    15186                   x68_82 N    351    350    270
    370   370      923.3155    84                    822.7500    15566                  x197_23 D    370    368    287
    390   390      924.1118   100                    822.7500    15807                  x194_82 D    390    389    305
    410   410      926.6905    89                    822.7500    15988                  x66_103 D    410    409    324
    427   427      927.3143    89                    822.7500    16403                 x172_105 D    427    425    339
    450   450      968.6250    80                    822.7500    16924                   x84_40 N    450    448    361
    466   464      935.7586    84                    822.7500    17313                 x192_117 D    466    465    376
    480   478      951.6667    61                    822.7500    17809                 x198_107 N    480    478    388
    490   482      828.2500   182                    822.7500    18766                  x19_138 N    490    489      5
Elapsed time = 34.45 sec. (41981.78 ticks, tree = 12.72 MB, solutions = 0)
    507   499      837.1667   133                    822.7500    19232                  x104_28 N    507    505     16
    515   507      841.5000   135                    822.7500    19522                   x54_61 U    515    512     21
    531   523      854.6667   161                    822.7500    20101                  x78_105 N    531    530     32
    540   532      857.0625   192                    822.7500    20577                 x194_104 D    540    538     38
    548   540      859.5000    96                    822.7500    21000                  x86_170 N    548    546     43
*   560+  137                          874.0000      822.7500             5.86%
    566   145      860.5000    39      874.0000      822.7500    21117    5.86%         x167_49 D    566    564     55
    584   160      870.7500    67      874.0000      822.7500    21380    5.86%         x117_11 N    584    583     70
    608   172      833.0000   242      874.0000      827.2500    21673    5.35%        x106_158 D    608      2      3
    639   203      840.8750   174      874.0000      828.6053    22043    5.19%        x146_105 D    639    638     34
    648   212      843.0000   174      874.0000      828.6053    22154    5.19%         x30_160 D    648    647     43
Elapsed time = 43.64 sec. (52246.61 ticks, tree = 7.48 MB, solutions = 1)
    667   231      849.6250   159      874.0000      828.6053    22444    5.19%        x102_126 N    667    666     62
    690   253      853.5000    50      874.0000      828.6053    22696    5.19%        x103_183 D    690    689     85
    706   269      854.9211   147      874.0000      828.6053    22941    5.19%         x78_160 N    706    705    101
*   714   174      integral     0      857.0000      828.6053    23025    3.31%
    727   186      841.0000   205      857.0000      829.2500    23340    3.24%         x183_64 U    727    724     13
    752   209      848.5000    42      857.0000      829.2500    23663    3.24%         x61_189 U    752    751     30
*   759   144      integral     0      849.0000      829.2500    23727    2.33%
    780   164      835.3333   128      849.0000      829.2500    23950    2.33%          x84_78 D    780    779     27
    802   185      846.0000    67      849.0000      829.2500    24395    2.33%         x66_196 D    802    801     49
    830   209      841.0000    94      849.0000      829.2500    24932    2.33%         x183_57 U    830    829     22
    852   224      841.2500   236      849.0000      829.6053    25481    2.28%        x137_106 N    852    851      2
    908   193      840.7500   200      849.0000      834.1429    25759    1.75%        x124_138 U    908    906      7
Elapsed time = 54.27 sec. (62363.50 ticks, tree = 8.74 MB, solutions = 3)
    950   199      844.5000   214      849.0000      835.0833    26314    1.64%         x128_92 D    950    949      5
   1002   182      844.2500   216      849.0000      838.0000    26539    1.30%        x133_144 N   1002   1001     12
   1045   190      843.0000   208      849.0000      839.3750    26807    1.13%         x105_64 U   1045   1044     13
   1098   190      846.5000    94      849.0000      841.2500    27189    0.91%        x104_196 U   1098   1097     18
   1138   196      847.9000    93      849.0000      841.5000    27659    0.88%         x57_102 D   1138   1136     17
   1180   192      851.0000   196      849.0000      842.0000    28302    0.82%         x198_70 D   1180   1179     10
   1210   211      846.5000    94      849.0000      842.0000    28835    0.82%         x57_102 D   1210   1208     20
   1243   221      844.2500   203      849.0000      842.2500    29646    0.80%        x126_104 U   1243   1198     14
   1273   234      847.5000   103      849.0000      842.3000    30361    0.79%         x57_102 U   1273   1271     16
   1301   236        cutoff            849.0000      842.5000    30874    0.77%        x105_183 U   1301   1299     18
Elapsed time = 63.21 sec. (72091.82 ticks, tree = 8.45 MB, solutions = 3)
   1326   246      847.5833   215      849.0000      842.5000    31531    0.77%         x57_102 N   1326   1325     13
   1354   253      846.0000   197      849.0000      842.7500    32200    0.74%         x128_92 D   1354   1353     11
   1381   263      845.5833   203      849.0000      843.0000    32868    0.71%         x105_57 D   1381   1380     18
   1421   278        cutoff            849.0000      843.0000    33564    0.71%         x66_104 D   1421   1420     19
   1453   292        cutoff            849.0000      843.0000    34049    0.71%         x66_196 D   1453   1452     20
   1488   297      845.6333   188      849.0000      843.0000    34671    0.71%         x57_102 D   1488   1487     15
   1520   306      846.0833   182      849.0000      843.2500    35225    0.68%         x47_160 U   1520   1165     13
   1555   321      847.1000   205      849.0000      843.5000    35999    0.65%         x105_64 D   1555   1554     22
   1594   327        cutoff            849.0000      843.6250    36722    0.63%         x196_66 N   1594   1592     20
   1621   334        cutoff            849.0000      843.7500    37284    0.62%        x133_144 U   1621   1618     16
Elapsed time = 71.87 sec. (82080.55 ticks, tree = 9.62 MB, solutions = 3)
   1646   346      847.0366   240      849.0000      843.7500    37581    0.62%        x103_197 D   1646   1645     13
   1681   355      847.5000   112      849.0000      844.0000    38085    0.59%        x183_126 D   1681   1680     23
   1706   361        cutoff            849.0000      844.0000    38475    0.59%          x54_41 D   1706   1704     23
   1742   373        cutoff            849.0000      844.0000    39311    0.59%         x105_64 U   1742   1740     20
   1769   380      845.4524   213      849.0000      844.3333    39877    0.55%          x66_28 D   1769   1767     15
   1804   382        cutoff            849.0000      844.5000    40552    0.53%          x66_28 U   1804   1803     18
   1838   388      845.5192   227      849.0000      844.5000    41307    0.53%         x57_102 D   1838   1697     16
   1866   398        cutoff            849.0000      844.5000    41675    0.53%        x105_183 D   1866   1864     20
   1903   407        cutoff            849.0000      844.7333    42374    0.50%         x57_102 D   1903   1902     10
   1930   418      848.0000   116      849.0000      844.7500    43195    0.50%        x183_105 D   1930   1929     19
Elapsed time = 79.86 sec. (91882.95 ticks, tree = 9.92 MB, solutions = 3)
   1966   425      847.3333   191      849.0000      844.8000    43658    0.49%         x47_160 U   1966   1312     14
   1998   426      845.7500   125      849.0000      844.9333    44289    0.48%        x183_105 D   1998   1609     19
   2025   433        cutoff            849.0000      845.0000    44972    0.47%         x196_66 U   2025   2024     22
   2055   436        cutoff            849.0000      845.0000    45503    0.47%         x57_102 D   2055   2053     11
   2091   445      847.2500   205      849.0000      845.1667    46063    0.45%        x197_123 U   2091    921     17
   2128   449      847.3333   211      849.0000      845.2500    46640    0.44%        x183_105 D   2128   2127     17
   2159   448        cutoff            849.0000      845.3333    47383    0.43%         x66_104 U   2159   2157     17
   2188   447        cutoff            849.0000      845.5000    48070    0.41%          x66_28 U   2188   1279     18
   2223   457        cutoff            849.0000      845.5000    48673    0.41%         x105_64 D   2223   2222     18
   2341   448        cutoff            849.0000      845.6250    50732    0.40%         x196_66 U   2341   2339     22
Elapsed time = 89.48 sec. (104464.92 ticks, tree = 9.77 MB, solutions = 3)
   2470   441      848.0000   116      849.0000      846.0000    52826    0.35%         x57_102 D   2470   1814     15
   2603   421        cutoff            849.0000      846.1667    55239    0.33%         x12_116 D   2603   2602     17
   2725   384        cutoff            849.0000      846.3889    57795    0.31%        x183_105 U   2725   2578     19
   2858   353      847.0000   120      849.0000      846.5000    59683    0.29%         x57_126 U   2858   1876     25
   2982   306        cutoff            849.0000      846.7500    61606    0.27%         x104_28 U   2982   1798     17
   3110   240        cutoff            849.0000      847.0000    63242    0.24%         x66_196 D   3110   3109     23
   3236   170        cutoff            849.0000      847.3333    64761    0.20%          x66_28 U   3236   2671     18
   3360    72        cutoff            849.0000      847.7500    65912    0.15%         x196_66 U   3360   2967     22

Zero-half cuts applied:  21
Gomory fractional cuts applied:  3
User cuts applied:  5951

Root node processing (before b&c):
  Real time             =    2.98 sec. (7490.02 ticks)
Sequential b&c:
  Real time             =  105.02 sec. (129976.62 ticks)
                          ------------
Total (root+branch&cut) =  108.00 sec. (137466.64 ticks)

