Version identifier: 22.1.0.0 | 2022-03-09 | 1a383f8ce
CPXPARAM_Preprocessing_Reduce                    1
CPXPARAM_Threads                                 1
CPXPARAM_Preprocessing_Reformulations            0
CPXPARAM_TimeLimit                               10800
CPXPARAM_MIP_Tolerances_AbsMIPGap                0.999
CPXPARAM_MIP_Limits_TreeMemory                   20000
Legacy callback                                  BbLUID
         Disabling repeat represolve because of lazy constraint/incumbent callback.
Tried aggregator 1 time.
MIP Presolve eliminated 62988 rows and 0 columns.
MIP Presolve modified 2459 coefficients.
Reduced MIP has 2861 rows, 13468 columns, and 88822 nonzeros.
Reduced MIP has 13468 binaries, 0 generals, 0 SOSs, and 0 indicators.
Presolve time = 0.09 sec. (148.15 ticks)
Probing time = 0.00 sec. (5.08 ticks)
Clique table members: 2861.
MIP emphasis: balance optimality and feasibility.
MIP search method: traditional branch-and-cut.
Parallel mode: none, using 1 thread.
Root relaxation solution time = 0.01 sec. (14.81 ticks)

        Nodes                                         Cuts/
   Node  Left     Objective  IInf  Best Integer    Best Bound    ItCnt     Gap         Variable B NodeID Parent  Depth

      0     0      718.5000    78                    651.0000      234         
      0     0      753.1667    46                   Cuts: 184      336         
      0     0      761.0000   186                   Cuts: 171      433         
      0     0      764.5000   118                    Cuts: 49      477         
      0     0      770.2500   202                   Cuts: 111      508         
      0     0      771.2500   209                    Cuts: 13      519         
      0     0      773.2500   177                    Cuts: 46      541         
      0     0      773.7500   192                    Cuts: 26      558         
      0     0      774.0000   228                    Cuts: 17      585         
      0     0      775.1250   269                    Cuts: 18      615         
      0     0      778.7500   121                    Cuts: 26      650         
      0     0      779.5000   181                    Cuts: 15      673         
      0     0      779.7500   157                    Cuts: 11      680         
      0     0      780.7500   171                    Cuts: 16      697         
      0     0      780.7500   165                    User: 14      698         
      0     0      781.1667   211                    Cuts: 10      723         
      0     0      781.5833   197                    Cuts: 36      751         
      0     0      783.9167   132                    User: 34      791         
      0     0      785.3333   119                    Cuts: 34      824         
      0     0      785.3333   149                    Cuts: 10      828         
      0     0      785.6667   133                    User: 15      861         
      0     0      786.0000    99                     User: 5      885         
      0     0      786.0000   115                    User: 23      890         
      0     0      786.5000    84                    User: 14      908         
      0     0      787.0000    72                     User: 6      935         
      0     0      789.8333   194                     User: 8     1162         
      0     0      790.9167   245                     User: 5     1177         
      0     0      793.2500   191                    User: 17     1229         
      0     0      795.2500   191                    User: 19     1264         
      0     0      795.2500   191                    User: 13     1266         
      0     0      796.0000   196                    User: 19     1288         
      0     0      796.2500   135                     User: 8     1294         
      0     0      796.2500   135                     User: 5     1299         
      0     0      797.2500   165                    User: 19     1301         
      0     0      797.2500   163                     User: 7     1303         
      0     0      798.2500   145                     User: 6     1321         
      0     0      798.7500   266                     User: 4     1349         
      0     0      800.2500   298                     User: 3     1383         
      0     0      800.2500   278                     User: 5     1386         
      0     0      800.2500   217                    User: 19     1388         
      0     0      800.2500   219                     User: 5     1391         
      0     0      800.8000   271                     User: 8     1432         
      0     0      800.8000   272                    User: 10     1434         
      0     0      800.8000   278                     User: 7     1437         
      0     0      801.0000   266                     User: 7     1441         
      0     0      801.0000   268                     User: 5     1443         
      0     0      801.2500   228                     User: 1     1445         
      0     0      801.7500   263                     User: 1     1479         
      0     2      802.2500   253                    803.0000     1479                                 0             0
Elapsed time = 4.22 sec. (10861.91 ticks, tree = 0.01 MB, solutions = 0)
      1     3      804.6667   270                    804.6667     1582                   x75_34 N      1      0      1
      2     4      805.0000   259                    805.0000     1669                   x39_75 N      2      1      2
      3     5      811.8300   340                    805.5000     1797                   x75_39 N      3      2      3
      4     6      807.0000   274                    807.0000     1829                   x75_39 U      4      2      3
      5     7      812.6875   294                    807.1667     2035                   x52_34 N      5      4      4
      6     8      812.9167   275                    807.1667     2072                   x34_75 N      6      5      5
      7     9      813.1667   291                    807.1667     2314                  x49_129 N      7      6      6
     10    12      813.5833   299                    807.1667     2396                  x49_159 N     10      9      8
     12    14      814.9167   289                    807.1667     2470                 x162_182 U     12     11      9
     21    23      818.6538   321                    807.1667     2820                  x99_177 N     21     19     15
Elapsed time = 9.17 sec. (18860.64 ticks, tree = 0.19 MB, solutions = 0)
     28    30      817.9000   308                    807.1667     3202                  x107_97 D     28     25     19
     35    37      824.2387   304                    807.1667     3840                   x89_58 N     35     33     24
     43    45      827.9167   233                    807.1667     4221                  x73_162 D     43     42     30
     53    55      831.5833   250                    807.1667     4573                   x39_73 N     53     52     38
     69    71      838.0476   205                    807.1667     4833                  x20_148 N     69     67     49
     80    82      845.8333   153                    807.1667     5209                  x41_168 N     80     77     55
     90    92      854.0000   103                    807.1667     5484                  x185_22 N     90     88     62
    106   108      866.1786   111                    807.1667     5974                 x113_130 N    106    104     75
    114   116      867.2097   193                    807.1667     6525                 x111_148 N    114    112     80
    122   124      867.9583   114                    807.1667     6794                   x93_20 N    122    121     86
Elapsed time = 19.89 sec. (30295.71 ticks, tree = 2.77 MB, solutions = 0)
    141   143      876.0000    88                    807.1667     7318                  x113_20 N    141    139    101
    153   149      812.2647   288                    807.5000     7826                   x39_75 N    153      1      2
    160   156      821.6026   305                    807.5000     8199                  x14_126 N    160    159      8
    168   164      824.6250   308                    807.5000     8667                 x124_117 D    168    166     13
    180   176      834.5750   275                    807.5000     9082                   x6_182 N    180    178     21
    189   185      837.4687   289                    807.5000     9431                  x56_138 N    189    187     27
    200   196      843.7431   294                    807.5000    10034                   x51_61 D    200    198     36
    205   201      854.8889   258                    807.5000    10761                 x161_174 N    205    202     38
    212   208      849.7708   264                    807.5000    11308                  x56_168 N    212    210     43
    220   216      851.5417   251                    807.5000    11749                 x174_135 N    220    219     48
Elapsed time = 31.31 sec. (41812.78 ticks, tree = 4.32 MB, solutions = 0)
    234   230      853.9643   198                    807.5000    12400                    x5_91 D    234    231     56
    243   239      875.2143   293                    807.5000    13374                  x127_39 N    243    242     63
    257   253      857.5682   162                    807.5000    13676                  x109_88 N    257    255     73
    269   265      858.0238   169                    807.5000    14239                   x88_59 D    269    268     83
    281   277      860.2500   281                    807.5000    15014                 x117_124 N    281    280     93
    290   286      866.1568   223                    807.5000    15934                   x20_89 N    290    288     99
    300   296      866.0076   192                    807.5000    16534                 x124_114 N    300    298    107
    310   304      875.2159   164                    807.5000    16963                  x124_33 N    310    308    114
    324   318      869.6098   217                    807.5000    17420                  x44_141 U    324    321    124
    335   327    infeasible                          807.5000    17966                  x33_148 N    335    333    130
Elapsed time = 42.46 sec. (53252.38 ticks, tree = 7.12 MB, solutions = 0)
    348   340      877.8750   132                    807.5000    18395                  x20_113 N    348    346    140
    356   348      876.2500   106                    807.5000    19034                  x60_148 N    356    353    146
    371   363      873.8000   143                    807.5000    19258                  x60_158 D    371    370    160
    380   372      876.4889   197                    807.5000    19581                  x130_52 N    380    378    168
    397   389      879.2286   155                    807.5000    20207                 x141_178 D    397    396    182
    401   393      879.7286   170                    807.5000    20311                   x88_13 N    401    400    186
    415   407      891.5500   163                    807.5000    20573                  x99_178 N    415    413    199
    424   412    infeasible                          807.5000    20915                   x99_45 N    424    422    206
    435   423      890.7000   157                    807.5000    21139                  x47_187 N    435    434    215
    443   431      897.1667   169                    807.5000    21580                  x59_109 N    443    441    220
Elapsed time = 53.68 sec. (64073.99 ticks, tree = 13.60 MB, solutions = 0)
    454   442      898.3000   147                    807.5000    21837                   x34_41 N    454    453    230
    463   451      902.3286   184                    807.5000    22015                   x59_56 N    463    462    239
    479   465      912.4000   172                    807.5000    22302                   x21_59 N    479    477    253
    483   469      903.8333   143                    807.5000    22354                  x98_103 N    483    481    256
    491   477      905.3333   125                    807.5000    22559                   x97_93 N    491    489    262
    507   493      905.5000   116                    807.5000    22747                   x80_59 N    507    505    276
    516   502      906.5000   122                    807.5000    22996                  x107_14 D    516    514    282
    520   506      906.7692   137                    807.5000    23348                  x33_113 D    520    519    285
    540   526      907.0000   130                    807.5000    23436                 x114_189 D    540    539    305
    557   543      907.8846   137                    807.5000    23585                   x97_83 D    557    556    320
Elapsed time = 64.34 sec. (75511.72 ticks, tree = 21.86 MB, solutions = 0)
    569   555      910.5000   133                    807.5000    23791                   x70_93 N    569    568    331
    580   566      911.7636   192                    807.5000    23959                  x119_14 D    580    579    341
    590   576      915.2500   128                    807.5000    24306                  x33_114 N    590    588    350
    595   581      917.0833   132                    807.5000    24654                  x111_78 N    595    593    352
    605   591      921.0769   192                    807.5000    24875                 x107_185 D    605    604    361
    613   599      924.2500   132                    807.5000    25087                 x107_130 N    613    612    368
    620   604      925.6538   192                    807.5000    25354                  x111_13 D    620    619    374
    628   612      926.2917   223                    807.5000    25509                  x13_113 D    628    627    381
    633   617      982.4583   148                    807.5000    25861                  x120_52 N    633    631    385
    641   625      935.7111   174                    807.5000    26102                  x55_109 N    641    639    392
Elapsed time = 74.38 sec. (86091.13 ticks, tree = 28.23 MB, solutions = 0)
    655   639      928.0996   214                    807.5000    26238                  x78_189 D    655    654    406
    670   654      935.7500   138                    807.5000    26459                   x85_59 N    670    668    420
    684   668      929.4103   203                    807.5000    26614                  x102_59 D    684    683    433
    693   677      929.8750   132                    807.5000    26830                   x88_79 N    693    692    440
    706   690      930.6750   137                    807.5000    27092                  x189_52 D    706    704    452
    720   704      931.0000   139                    807.5000    27313                   x20_94 D    720    719    465
    734   718      932.1667   137                    807.5000    27617                  x55_102 D    734    733    477
    750   734      949.8333   128                    807.5000    28165                  x85_177 N    750    748    492
    761   745      941.5000   133                    807.5000    28513                 x102_196 U    761    759    502
    772   756      933.2565   215                    807.5000    28697                  x59_178 D    772    771    512
Elapsed time = 86.18 sec. (96920.02 ticks, tree = 35.21 MB, solutions = 0)
    782   766      933.3889   152                    807.5000    28941                  x172_48 D    782    781    521
    792   776      933.6229   182                    807.5000    29202                  x156_21 D    792    791    530
    802   786      934.2440   173                    807.5000    29289                 x153_113 D    802    801    540
    815   799      935.3214   147                    807.5000    29586                 x148_189 D    815    813    552
    824   808      936.5714   144                    807.5000    29754                 x171_114 D    824    823    560
    837   821      936.6714   146                    807.5000    30048                   x37_83 D    837    835    572
    853   837      936.9048   139                    807.5000    30139                   x33_79 D    853    852    588
    858   842      937.9325   180                    807.5000    30414                 x163_199 D    858    856    591
    869   853      940.4048   122                    807.5000    30795                  x97_190 D    869    868    599
    878   862      951.5276   172                    807.5000    31349                 x108_113 N    878    876    605
Elapsed time = 95.89 sec. (107367.55 ticks, tree = 39.82 MB, solutions = 0)
    887   871      952.7714   133                    807.5000    31838                  x148_89 N    887    885    612
    901   885      943.9805   138                    807.5000    31952                   x79_60 D    901    900    626
    913   897      953.6071   143                    807.5000    32186                   x37_78 N    913    911    637
    926   910      944.5714   128                    807.5000    32272                 x128_190 D    926    925    650
    937   921      999.9500   126                    807.5000    32844                   x20_47 N    937    935    660
    945   929      945.2857   139                    807.5000    33217                   x79_78 D    945    943    667
    960   944      946.4805   135                    807.5000    33501                   x78_59 D    960    959    680
    970   954     1022.4500   136                    807.5000    33924                  x114_55 N    970    968    689
    983   967      946.8384   164                    807.5000    34002                 x188_190 N    983    982    702
   1027  1007    infeasible                          807.5000    35104                  x44_123 N   1027   1025    742
Elapsed time = 109.16 sec. (121896.90 ticks, tree = 51.80 MB, solutions = 0)
   1077  1057      955.7708   131                    807.5000    35620                  x32_114 N   1077   1076    791
   1104  1084      957.0476   105                    807.5000    37083                 x107_115 D   1104   1103    815
   1148  1128      958.5000   132                    807.5000    37739                   x48_85 D   1148   1147    857
   1200  1180      961.8333   123                    807.5000    38305                   x5_125 N   1200   1199    907
   1235  1215      971.6905   130                    807.5000    39717                  x23_108 D   1235   1234    935
   1270  1246    infeasible                          807.5000    41125                   x31_70 U   1270   1269    966
   1288  1262     1043.3333   161                    807.5000    42279                   x12_51 D   1288   1287    979
   1315  1285      812.6531   269                    811.9000    43461                    x98_6 D   1315   1314      8
   1369  1339      841.2500   307                    811.9000    44411                  x58_111 D   1369   1368     62
   1417  1387      824.5459   297                    811.9626    45512                   x39_34 D   1417   1416     14
Elapsed time = 146.97 sec. (161009.39 ticks, tree = 78.38 MB, solutions = 0)
   1470  1440      849.3636   225                    811.9626    46528                   x41_98 N   1470   1467     52
   1518  1488      859.7500    81                    811.9626    47259                   x73_35 D   1518   1516     84
   1569  1539      884.1667    81                    811.9626    47969                   x156_6 N   1569   1567    120
   1607  1577      815.7959   202                    812.0737    48477                   x33_14 U   1607   1606     12
   1680  1650      846.0000    64                    812.0737    49794                 x113_130 U   1680   1679     85
   1753  1723      857.2405   135                    812.0737    50288                  x20_114 D   1753   1752    158
   1822  1792      820.5000   218                    812.0737    51353                  x52_184 D   1822   1820     20
   1856  1826      835.7743   184                    812.0737    52195                  x30_128 N   1856   1854     43
   1895  1865      837.0000    65                    812.0737    53009                 x149_173 D   1895   1893     72
   1945  1915      840.0822   133                    812.0737    53599                 x143_181 N   1945   1943    113
Elapsed time = 193.40 sec. (202397.93 ticks, tree = 126.29 MB, solutions = 0)
   1987  1957      840.9730   124                    812.0737    54094                  x89_190 N   1987   1986    153
   2030  2000      829.0000   198                    812.2126    54979                  x108_70 N   2030   2029     35
   2134  2102      848.6563   150                    812.2126    56439                  x26_118 D   2134   2133    138
   2199  2167      873.2065   129                    812.2126    57379                 x184_160 N   2199   2198    203
   2239  2207      829.9079   313                    812.3000    58703                  x73_182 N   2239   2238     33
   2277  2245      846.3366   285                    812.3000    59601                 x117_183 D   2277   2275     56
   2315  2283      858.5758   231                    812.3000    60432                  x182_41 D   2315   2314     83
   2348  2316      867.1765   197                    812.3000    61404                  x162_41 N   2348   2346    106
   2377  2345      874.1111   251                    812.3000    62018                 x111_124 N   2377   2376    127
   2436  2404      832.7829   274                    812.5459    63051                  x73_138 N   2436   2435     38
Elapsed time = 241.19 sec. (241829.57 ticks, tree = 177.54 MB, solutions = 0)
   2509  2477      869.8439   286                    812.5459    64456                 x100_129 D   2509   2508    111
   2600  2568      892.2500   105                    812.5459    65926                  x65_148 D   2600   2599    202
   2638  2606      829.7983   324                    812.5459    66857                  x56_138 U   2638   2635     25
   2653  2621      883.2079   339                    812.5459    67207                  x68_138 N   2653   2651     36
   2695  2661      865.1458   210                    812.5459    67973                   x34_56 N   2695   2693     63
   2745  2707      832.0000    68                    812.5737    69787                   x5_180 U   2745   2743     30
   2800  2762      844.5714    81                    812.5737    70713                 x184_135 D   2800   2799     76
   2835  2797      851.5079   126                    812.5737    71384                    x1_97 U   2835   2834    104
   2862  2824      852.5403   115                    812.5737    71852                 x179_154 D   2862   2861    128
   2899  2861      891.4265   135                    812.5737    72319                 x117_174 N   2899   2897    163
Elapsed time = 289.69 sec. (282303.58 ticks, tree = 223.87 MB, solutions = 0)
   2932  2894      858.1471   108                    812.5737    72779                 x184_119 D   2932   2931    193
   2962  2924      888.6000   162                    812.5737    73324                   x93_78 N   2962   2960    221
   2995  2957      863.2375   147                    812.5737    74160                 x109_135 D   2995   2994    249
   3036  2998      835.2000   179                    812.6531    75399                   x22_60 N   3036   3034     29
   3083  3045      844.3333   151                    812.6531    76292                   x5_180 D   3083   3082     64
   3150  3112      850.6111    96                    812.6531    77243                   x93_20 N   3150   3149    123
   3183  3145      854.6000   125                    812.6531    77747                  x93_119 N   3183   3182    151
   3233  3195      826.8333   106                    812.7500    78654                  x40_193 U   3233   3232     40
   3304  3266      846.0000    55                    812.7500    79145                 x184_119 D   3304   3303    111
   3329  3291      881.8000   155                    812.7500    79595                 x184_148 N   3329   3328    136
Elapsed time = 330.03 sec. (321924.30 ticks, tree = 273.36 MB, solutions = 0)
   3374  3336      885.3333    81                    812.7500    79859                  x31_114 N   3374   3373    181
   3402  3364      819.9626   316                    812.7959    80537                   x34_75 N   3402      5      5
   3437  3399      835.7959   310                    812.7959    81754                  x127_41 N   3437   3436     31
   3469  3431      869.1250   275                    812.7959    82727                   x56_41 U   3469   3467     50
   3503  3465      877.4273   303                    812.7959    83906                 x174_135 N   3503   3500     73
   3531  3493      892.0539   243                    812.7959    85148                  x58_124 N   3531   3530     93
   3557  3519      901.0023   235                    812.7959    86529                 x163_152 N   3557   3554    108
   3594  3556      913.1667   219                    812.7959    87610                  x65_135 U   3594   3592    136
   3651  3613      837.4375   121                    812.9167    88551                    x5_91 U   3651   3650     58
   3733  3695      855.6667    65                    812.9167    89131                  x93_135 U   3733   3732    140
Elapsed time = 370.39 sec. (361083.57 ticks, tree = 313.95 MB, solutions = 0)
   3782  3744      871.9167   104                    812.9167    89648                  x100_69 D   3782   3781    189
   3817  3779      838.3750   310                    813.2959    91012                 x124_117 U   3817   3816     17
   3838  3800      873.8929   254                    813.2959    91987                  x159_49 N   3838   3835     28
   3863  3825      884.8924   203                    813.2959    93236                  x161_99 N   3863   3860     43
   3900  3862      894.0000   137                    813.2959    94160                  x185_79 N   3900   3899     71
   3931  3893      897.2500   132                    813.2959    94810                  x97_148 N   3931   3930     95
   3984  3946      902.3333   119                    813.2959    95439                  x107_65 N   3984   3983    143
   4000  3962      903.0000   111                    813.2959    95841                   x93_22 D   4000   3999    156
   4057  4019      843.3333    93                    813.2959    96660                   x14_58 N   4057   4056     65
   4102  4064      857.2609    94                    813.2959    96941                   x89_88 D   4102   4101    110
Elapsed time = 406.89 sec. (401836.53 ticks, tree = 351.33 MB, solutions = 0)
   4131  4093      863.7222    86                    813.2959    97173                 x148_114 D   4131   4130    139
   4175  4137      866.5000    59                    813.2959    97401                  x114_83 D   4175   4174    183
   4227  4189      826.4667   201                    813.6667    98806                 x111_148 N   4227   4226     26
   4260  4222      830.8000   157                    813.6667    99843                    x5_91 D   4260   4257     46
   4318  4280      840.0000   117                    813.6667   100648                  x86_152 N   4318   4316     91
   4354  4316      844.7000    96                    813.6667   101326                  x78_114 N   4354   4353    119
   4386  4348      847.6250   113                    813.6667   101758                   x78_79 N   4386   4385    146
   4450  4412      855.8750   287                    813.6667   103027                  x148_20 U   4450   4449     56
   4510  4472      878.8050   260                    813.6667   104109                    x5_91 U   4510   4509    116
   4558  4520      888.9850   192                    813.6667   104870                  x56_177 D   4558   4557    164
Elapsed time = 447.87 sec. (440819.39 ticks, tree = 407.65 MB, solutions = 0)
   4609  4571      828.7000   277                    813.7126   106049                 x198_155 N   4609   4608     14
   4642  4604      838.7276   272                    813.7126   107503                  x114_83 D   4642   4641     36
   4682  4644      847.9310   214                    813.7126   109077                 x107_124 N   4682   4681     63
   4725  4687      856.3333   111                    813.7126   110271                  x55_196 N   4725   4723     94
   4747  4709      861.0000   111                    813.7126   111362                   x88_94 N   4747   4744    109
   4800  4762      862.5833   112                    813.7126   111979                  x29_162 D   4800   4799    156
   4834  4796      832.0333   304                    813.7126   113350                  x73_138 N   4834   4832     28
   4869  4831      867.2833   251                    813.7126   114397                 x172_177 N   4869   4867     50
   4890  4846      841.2959   248                    813.7959   115869                   x34_75 N   4890   4889     14
   4914  4870      851.8000   252                    813.7959   117544                 x162_168 N   4914   4913     29
Elapsed time = 489.16 sec. (483339.87 ticks, tree = 449.93 MB, solutions = 0)
   4944  4900      870.4167   201                    813.7959   118434                  x98_162 N   4944   4942     48
   4963  4917      880.9167   205                    813.7959   118752                 x113_184 N   4963   4961     59
   4994  4948      892.5000   124                    813.7959   119256                  x99_134 N   4994   4992     78
   5001  4951      912.5000   134                    813.7959   119480                  x99_182 N   5001   5000     83
   5027  4977      924.7500   134                    813.7959   119860                  x180_86 N   5027   5025    105
   5054  5004      929.0288   176                    813.7959   120219                  x14_111 D   5054   5052    125
   5091  5041      934.7500   147                    813.7959   120563                 x182_102 N   5091   5089    155
   5130  5080      936.2083   144                    813.7959   121143                 x182_134 D   5130   5129    190
   5168  5118      940.5000   129                    813.7959   121564                   x57_51 D   5168   5167    224
   5200  5150      944.1429   139                    813.7959   121692                  x93_107 U   5200   5198    255
Elapsed time = 525.63 sec. (526491.21 ticks, tree = 489.04 MB, solutions = 0)
   5287  5237      848.0000    84                    813.9167   122967                   x22_83 N   5287   5286     96
   5374  5324      858.0452   147                    813.9167   123712                 x135_126 U   5374   5373    183
   5426  5376      846.4565   274                    813.9167   124626                  x58_124 N   5426   5424     25
   5467  5417      858.3750   222                    813.9167   125721                  x199_38 D   5467   5466     53
   5493  5443      867.7917   203                    813.9167   126732                   x65_93 N   5493   5492     69
   5533  5483      870.4167   186                    813.9167   127357                 x173_125 D   5533   5531    100
   5557  5507      874.9889   207                    813.9167   128084                  x41_161 D   5557   5556    118
   5570  5520      905.3333   163                    813.9167   128503                  x182_98 N   5570   5569    129
   5617  5567      832.6429   270                    814.2126   129189                  x73_138 D   5617   5616     24
   5680  5630      859.7500   120                    814.2126   130244                  x99_161 N   5680   5679     87
Elapsed time = 571.88 sec. (565662.64 ticks, tree = 563.63 MB, solutions = 0)
   5747  5697      869.1000   195                    814.2126   131192                 x102_141 D   5747   5746    154
   5773  5723      891.0000   100                    814.2126   132094                  x184_79 D   5773   5772    180
   5811  5761      820.5125   224                    814.2959   132905                    x1_63 D   5811   5809     18
   5850  5800      829.9000   110                    814.2959   133608                  x69_152 D   5850   5848     44
   5890  5840      840.5952   126                    814.2959   134069                  x114_60 N   5890   5889     74
   5913  5861      843.1667   129                    814.2959   134305                  x184_70 D   5913   5911     91
   5938  5884    infeasible                          814.2959   134740                  x114_14 N   5938   5936    109
   5961  5907      854.4333   142                    814.2959   135158                  x174_21 N   5961   5960    128
   5996  5942      856.5556   138                    814.2959   135563                   x1_111 N   5996   5995    159
   6000  5946      857.1667   117                    814.2959   135585                  x37_190 D   6000   5999    163
Elapsed time = 609.79 sec. (606415.77 ticks, tree = 615.52 MB, solutions = 0)
   6066  6012      835.0263   219                    814.2959   136807                 x129_152 N   6066   6065     74
   6136  6082      843.5556   141                    814.2959   137500                 x107_154 N   6136   6135    144
   6204  6150      815.3913   209                    814.2959   138076                  x40_193 D   6204   6202     12
   6233  6179      832.2500   140                    814.2959   138970                  x114_79 N   6233   6231     30
   6254  6200      839.0868   237                    814.2959   139874                    x1_97 N   6254   6253     43
   6282  6228      864.6750   184                    814.2959   140862                  x93_135 N   6282   6279     64
   6302  6248      852.1818   193                    814.2959   141444                 x130_108 D   6302   6300     81
   6320  6266      860.2928   156                    814.2959   142075                  x93_113 N   6320   6317     93
   6334  6280      885.0845   183                    814.2959   143861                  x93_174 N   6334   6332    104
   6357  6303      863.8667   165                    814.2959   144634                 x133_184 N   6357   6355    121
Elapsed time = 654.28 sec. (648935.76 ticks, tree = 670.18 MB, solutions = 0)
   6390  6336      864.6667    64                    814.2959   145469                  x15_193 U   6390   6388    148
   6400  6346      872.0000   122                    814.2959   146389                  x22_160 D   6400   6399    155
   6467  6413      834.5000   141                    814.2959   147865                  x107_58 U   6467   6466     76
   6550  6496      851.4853   128                    814.2959   148473                  x93_119 D   6550   6549    159
   6606  6552      823.6667   144                    814.2959   149308                  x49_129 U   6606   6604     15
   6626  6572      833.0000    78                    814.2959   150981                  x190_20 N   6626   6624     27
   6650  6596      835.5000    89                    814.2959   151808                  x78_184 D   6650   6649     45
   6711  6657      848.1250   105                    814.2959   152338                   x52_93 D   6711   6709     95
   6750  6696      853.2500    59                    814.2959   152644                  x22_108 N   6750   6748    132
   6785  6731      850.1765    78                    814.2959   152951                  x20_148 U   6785   6784    164
Elapsed time = 694.46 sec. (690630.21 ticks, tree = 699.67 MB, solutions = 0)
   6839  6785      827.7500    77                    814.2959   154120                    x1_97 U   6839   6837     37
   6876  6822      836.5000   107                    814.2959   154968                  x63_179 N   6876   6874     65
   6906  6852      838.3636   136                    814.2959   155667                 x135_126 U   6906   6905     89
   6935  6881      846.3750   163                    814.2959   156525                 x130_158 N   6935   6932    111
   6960  6906      844.8333    83                    814.2959   157164                  x83_190 N   6960   6959    131
   6994  6940      848.3333    74                    814.2959   157516                   x33_83 N   6994   6993    160
   7023  6969      839.2863   348                    814.2959   158224                  x41_168 N   7023   7022     21
   7053  6999      847.7692   238                    814.2959   159221                 x162_198 N   7053   7052     42
   7073  7019      854.0000    72                    814.2959   160448                 x114_130 N   7073   7071     55
   7090  7036      854.4333   127                    814.2959   160938                 x141_134 D   7090   7088     67
Elapsed time = 732.64 sec. (730784.41 ticks, tree = 754.31 MB, solutions = 0)
   7120  7066      862.0577   104                    814.2959   161439                  x114_78 N   7120   7118     88
   7140  7086      870.4500   106                    814.2959   161756                  x22_184 N   7140   7139    103
   7164  7110      880.2500   105                    814.2959   162223                  x37_190 N   7164   7162    121
   7190  7134      887.2391   225                    814.2959   163113                 x130_158 N   7190   7188    142
   7230  7174      831.2500   293                    814.5459   163744                   x98_41 D   7230   7229     34
   7282  7226      871.5455   251                    814.5459   165091                  x141_56 N   7282   7281     86
   7314  7258      892.5000   143                    814.5459   165565                  x174_41 N   7314   7313    118
   7347  7291      901.0000   126                    814.5459   165977                  x154_19 N   7347   7346    151
   7354  7298      921.7500   109                    814.5459   166111                  x150_41 N   7354   7353    158
   7409  7353      827.2959   271                    814.7959   166868                   x34_75 D   7409   7406     13
Elapsed time = 772.08 sec. (771676.50 ticks, tree = 813.09 MB, solutions = 0)
   7433  7377      838.1167   209                    814.7959   167549                  x97_124 N   7433   7432     29
   7450  7394      850.2000   189                    814.7959   168012                  x190_52 D   7450   7449     39
   7477  7421      860.0000   137                    814.7959   168661                 x108_189 N   7477   7474     56
   7496  7440      863.5365   191                    814.7959   169498                 x129_152 D   7496   7494     69
   7527  7471      872.5909   173                    814.7959   170022                 x184_190 N   7527   7525     93
   7560  7504      876.0000   136                    814.7959   170544                   x47_85 N   7560   7559    119
   7586  7530      879.3865   199                    814.7959   171009                 x111_114 N   7586   7585    141
   7600  7544      879.7500   148                    814.7959   171326                 x173_125 D   7600   7599    154
   7647  7591      832.3333    93                    814.7959   172077                  x130_78 N   7647   7646     57
   7717  7661      851.0000    73                    814.7959   172529                  x78_184 N   7717   7716    127
Elapsed time = 811.39 sec. (815510.37 ticks, tree = 872.01 MB, solutions = 0)
   7755  7699      882.9015   192                    814.7959   173131                 x185_109 N   7755   7754    165
   7782  7726      893.6250   201                    814.7959   173520                   x44_88 N   7782   7781    192
   7807  7747      825.3143   200                    814.7959   174321                  x143_72 D   7807   7805     27
   7834  7774      835.5000    71                    814.7959   174859                  x130_83 N   7834   7832     47
   7853  7793      835.1364    96                    814.7959   175107                  x78_130 D   7853   7851     62
   7890  7830      842.0000    62                    814.7959   175561                  x184_22 D   7890   7889     93
   7903  7843      871.2500    81                    814.7959   175861                  x22_190 N   7903   7901    103
   7924  7864      899.0000    55                    814.7959   176196                  x22_113 N   7924   7922    120
   7947  7887      862.5000    94                    814.7959   176520                   x88_59 D   7947   7945    138
   7971  7911      878.1429   108                    814.7959   176914                  x47_126 D   7971   7970    158
Elapsed time = 848.26 sec. (857722.60 ticks, tree = 921.51 MB, solutions = 0)
   8003  7943      819.9792   204                    814.7959   177232                  x40_193 U   8003   8002     14
   8074  8014      834.5833    99                    814.7959   178089                  x70_130 D   8074   8073     85
   8179  8119      839.3071   113                    814.7959   178729                 x107_184 D   8179   8178    190
   8224  8164      827.2000   143                    814.7959   179370                  x111_14 D   8224   8222     25
   8260  8200      840.8333    66                    814.7959   179986                  x190_31 D   8260   8259     51
   8282  8222      863.3333    93                    814.7959   180445                 x120_185 N   8282   8280     67
   8299  8239      868.7692    57                    814.7959   180846                  x97_124 U   8299   8297     78
   8340  8280      876.2500    57                    814.7959   181228                  x135_31 D   8340   8339    114
   8369  8309      878.6667    65                    814.7959   181520                  x158_78 D   8369   8368    141
   8400  8340      880.5000    49                    814.7959   181811                  x174_21 U   8400   8398    168
Elapsed time = 890.01 sec. (902840.90 ticks, tree = 1009.42 MB, solutions = 0)
   8459  8399      834.9333   160                    814.7959   182999                 x129_163 D   8459   8458     68
   8573  8513      842.3889   113                    814.7959   183896                  x93_114 D   8573   8572    182
   8616  8556      830.3397   268                    814.7959   184908                 x124_126 N   8616   8614     18
   8649  8589      829.2500   179                    814.7959   185714                  x113_52 D   8649   8646     40
   8687  8627      833.3636   145                    814.7959   186511                 x125_152 D   8687   8685     70
   8750  8690      838.8000   107                    814.7959   187214                  x184_78 D   8750   8748    124
   8794  8734      845.5000    28                    814.7959   187622                  x32_152 U   8794   8792    163
   8820  8760      824.3333   212                    814.7959   188429                   x89_20 D   8820   8819     23
   8857  8797      832.9932   197                    814.7959   189378                 x108_189 N   8857   8855     48
   8902  8842      835.5000   115                    814.7959   189938                  x111_52 U   8902   8901     87
Elapsed time = 933.25 sec. (942471.61 ticks, tree = 1111.35 MB, solutions = 0)
   8938  8878      839.0000    44                    814.7959   190216                  x15_100 U   8938   8936    119
*  8960  2415      integral     0      839.0000      814.7959   190531    2.88%
   8964  2418      819.1667   208      839.0000      814.8459   190837    2.88%          x58_89 U   8964   8963     12
   8992  2446      829.0357   169      839.0000      814.8459   191395    2.88%        x108_189 U   8992   8991     40
   9019  2471        cutoff            839.0000      814.8459   191881    2.88%         x89_107 N   9019   9018     67
   9050  2498      824.2508   244      839.0000      814.9167   192364    2.87%        x113_184 D   9050   9049     34
   9080  2528      835.0000    64      839.0000      814.9167   193298    2.87%           x1_97 U   9080   9079     64
   9115  2555      823.5750   204      839.0000      815.0459   193810    2.86%        x113_184 D   9115   9114     28
   9152  2592      831.0000    85      839.0000      815.0459   194361    2.86%        x129_100 D   9152   9151     65
   9176  2615      835.6000    82      839.0000      815.0459   194803    2.86%        x111_130 N   9176   9175     89
*  9183  2261      integral     0      837.0000      815.0459   194970    2.62%
   9199  2276      829.1471   143      837.0000      815.1538   195423    2.61%         x49_129 U   9199   9197     21
Elapsed time = 961.33 sec. (981524.99 ticks, tree = 323.96 MB, solutions = 2)
   9219  2296      828.0714    90      837.0000      815.1538   195810    2.61%         x114_83 D   9219   9217     36
   9242  2317        cutoff            837.0000      815.1538   196429    2.61%        x107_124 N   9242   9241     55
   9274  2348      834.5000    45      837.0000      815.1538   196814    2.61%          x14_33 U   9274   9273     84
   9299  2369      834.3333   258      837.0000      815.1709   197550    2.61%         x58_185 D   9299   9298     31
   9324  2390      823.1786   229      837.0000      815.2250   198225    2.60%         x52_113 D   9324   9323     33
   9359  2425      830.5455   109      837.0000      815.2250   198708    2.60%         x97_148 D   9359   9358     68
   9391  2457      834.5000    19      837.0000      815.2250   199159    2.60%         x137_32 D   9391   9390    100
*  9401  2061      integral     0      835.0000      815.2250   199215    2.37%
   9409  2068      819.0333   233      835.0000      815.2500   199376    2.37%         x93_135 D   9409   9408     20
   9436  2095      830.1667   165      835.0000      815.2500   199954    2.37%         x148_20 U   9436   9435     47
   9463  2118      823.6471   256      835.0000      815.2500   200614    2.37%          x97_63 D   9463   9462     27
Elapsed time = 983.39 sec. (1020340.97 ticks, tree = 308.63 MB, solutions = 3)
   9497  2152      832.5000   152      835.0000      815.2500   201353    2.37%         x14_148 D   9497   9496     61
   9519  2170      825.6667   212      835.0000      815.2500   202182    2.37%         x93_135 D   9519   9518     25
   9537  2188      829.0000   173      835.0000      815.2500   202984    2.37%        x100_163 D   9537   9536     36
   9552  2197      832.9615   199      835.0000      815.2500   203611    2.37%         x185_79 U   9552   9549     43
   9575  2216      824.6667   194      835.0000      815.2770   204098    2.36%         x184_31 D   9575   9574     32
   9600  2241      830.9444   170      835.0000      815.2770   204357    2.36%        x148_190 D   9600   9599     57
   9633  2267      822.0000   189      835.0000      815.2959   205240    2.36%          x58_89 D   9633   9632     19
   9660  2294      831.6559   182      835.0000      815.2959   206040    2.36%         x78_130 D   9660   9659     46
   9696  2322      821.2857   220      835.0000      815.3750   206645    2.35%        x117_183 U   9696   9695     19
   9726  2352      831.7347   277      835.0000      815.3750   207395    2.35%         x20_135 D   9726   9725     49
Elapsed time = 1005.26 sec. (1060476.34 ticks, tree = 354.33 MB, solutions = 3)
   9752  2372      823.7222   254      835.0000      815.3793   208196    2.35%         x49_159 D   9752   9749     16
   9775  2388      833.0417   207      835.0000      815.3793   208625    2.35%        x124_107 N   9775   9774     32
   9802  2406        cutoff            835.0000      815.4375   209049    2.34%        x124_117 U   9802   9800     35
   9824  2428      832.7857   234      835.0000      815.4522   209588    2.34%         x113_52 N   9824   9823     32
   9852  2453      827.4000   281      835.0000      815.5312   210183    2.33%         x168_99 U   9852   9851     29
   9878  2475      822.5939   196      835.0000      815.5459   210582    2.33%        x185_114 D   9878   9877     18
   9918  2515      832.0000    58      835.0000      815.5459   210908    2.33%        x143_125 D   9918   9917     58
*  9930+ 2320                          834.0000      815.5459             2.21%
   9940  2329      827.1667   202      834.0000      815.5459   211666    2.21%        x124_183 U   9940   9938     16
   9950  2339      831.2000   191      834.0000      815.5459   211953    2.21%        x148_111 U   9950   9948     22
   9970  2349      823.9078   357      834.0000      815.6293   212430    2.20%         x182_98 U   9970   9969     15
Elapsed time = 1026.99 sec. (1100173.89 ticks, tree = 361.70 MB, solutions = 4)
   9993  2368      820.3667   206      834.0000      815.6579   213135    2.20%         x185_22 U   9993   9992     20
  10000  2375      821.8906   200      834.0000      815.6579   213245    2.20%          x31_70 D  10000   9999     27
  10017  2392      827.5000    61      834.0000      815.6579   213623    2.20%         x111_89 D  10017  10016     44
  10038  2409      822.0889   203      834.0000      815.6579   214220    2.20%        x185_114 D  10038  10037     21
  10062  2433      829.9500    90      834.0000      815.6579   214792    2.20%         x33_111 D  10062  10061     45
* 10089  2219      integral     0      833.0000      815.6579   214993    2.08%
  10100  2229      825.6419   236      833.0000      815.6596   215528    2.08%         x20_135 D  10100  10099     24
  10125  2250        cutoff            833.0000      815.6596   216134    2.08%         x189_70 D  10125  10123     48
  10140  2265      826.8333   159      833.0000      815.6959   216937    2.08%        x148_111 D  10140  10139     24
  10160  2276      823.6404   327      833.0000      815.7022   217509    2.08%         x99_182 D  10160  10159     16
  10185  2297      822.9705   365      833.0000      815.7250   218138    2.07%           x98_6 D  10185  10184     16
Elapsed time = 1047.84 sec. (1141470.60 ticks, tree = 360.14 MB, solutions = 5)
  10208  2320      831.4600   309      833.0000      815.7250   218678    2.07%          x41_56 N  10208  10207     39
  10224  2333      822.1905   238      833.0000      815.7500   218934    2.07%         x185_22 D  10224  10223     27
  10260  2369      830.7500   166      833.0000      815.7500   219292    2.07%        x114_111 D  10260  10259     63
  10280  2385      822.6042   261      833.0000      815.7959   219690    2.07%        x185_114 D  10280  10279     23
  10310  2415      828.9111   250      833.0000      815.7959   220323    2.07%         x148_89 D  10310  10309     53
  10337  2436      818.8750   230      833.0000      815.7959   220738    2.07%         x49_129 U  10337   1607     13
  10360  2453      815.7959   200      833.0000      815.7959   221370    2.07%           x56_6 D  10360   2005     11
  10389  2482      830.2083   215      833.0000      815.7959   221855    2.07%         x148_93 D  10389  10388     40
  10404  2494      826.8857   232      833.0000      815.7959   222241    2.07%        x183_185 U  10404  10403     18
  10439  2526      825.0000   204      833.0000      815.7959   222768    2.07%         x58_185 D  10439  10438     19
Elapsed time = 1070.27 sec. (1184301.19 ticks, tree = 406.99 MB, solutions = 5)
  10454  2541      831.0000   255      833.0000      815.7959   223059    2.07%        x185_183 U  10454  10453     34
  10478  2559      826.7222   233      833.0000      815.7959   224008    2.07%         x52_113 D  10478  10477     28
  10501  2576      820.4857   231      833.0000      815.7959   224650    2.07%         x52_113 D  10501  10500     17
  10520  2589      816.5459   227      833.0000      815.7959   225803    2.07%          x33_14 U  10520   1806     11
  10548  2617      827.3071   297      833.0000      815.7959   226428    2.07%          x14_93 D  10548  10547     39
  10568  2633      816.7959   233      833.0000      815.7959   227197    2.07%        x185_120 D  10568   8961     10
  10591  2656      826.6667   214      833.0000      815.7959   228064    2.07%         x113_52 D  10591  10590     33
  10620  2679      820.2959   284      833.0000      815.8237   228635    2.06%         x39_162 D  10620  10619      8
  10643  2698      816.6233   375      833.0000      815.8750   229117    2.06%        x124_117 U  10643   1320     14
  10674  2729      828.0000    86      833.0000      815.8750   229725    2.06%          x14_93 U  10674  10673     45
Elapsed time = 1092.38 sec. (1225456.33 ticks, tree = 440.56 MB, solutions = 5)
  10710  2760      823.5000   167      833.0000      815.8913   230366    2.05%         x93_135 N  10710  10708     19
  10730  2778      830.5000    89      833.0000      815.8913   231186    2.05%         x111_58 U  10730  10727     31
  10760  2800      826.5890   271      833.0000      815.8913   231703    2.05%         x65_135 D  10760  10759     29
  10792  2828      821.3333   204      833.0000      815.8913   232312    2.05%         x49_129 D  10792  10791     17
  10822  2858      831.0000   220      833.0000      815.8913   232894    2.05%          x33_14 U  10822  10821     47
  10851  2884      828.5640   253      833.0000      815.9567   233459    2.05%        x124_117 U  10851  10850     39
  10880  2907      818.1709   295      833.0000      816.0370   233856    2.04%        x155_198 D  10880  10879      5
  10903  2927      831.6375   305      833.0000      816.0370   234613    2.04%         x73_138 N  10903  10901     27
  10926  2940        cutoff            833.0000      816.0417   235299    2.04%          x58_89 D  10926  10924     27
  10954  2960      823.6154   322      833.0000      816.0459   236054    2.04%           x1_63 D  10954  10953     13
Elapsed time = 1114.90 sec. (1266471.69 ticks, tree = 476.50 MB, solutions = 5)
  10980  2981      820.2959   316      833.0000      816.1293   236555    2.03%         x98_182 D  10980  10979     14
  11004  3004      831.3000   318      833.0000      816.1293   237243    2.03%         x58_124 D  11004  11003     38
  11030  3022      820.4615   263      833.0000      816.1442   238155    2.02%         x49_129 U  11030  11028     14
  11054  3042      825.5333   182      833.0000      816.1488   238958    2.02%         x58_117 D  11054  11053     14
  11085  3065      822.5125   222      833.0000      816.1579   239636    2.02%         x89_124 U  11085  11084     18
  11113  3089        cutoff            833.0000      816.1579   240360    2.02%         x154_97 U  11113  11111     45
  11120  3096      822.4000   215      833.0000      816.1579   240571    2.02%         x52_113 D  11120  11119     21
  11154  3130      828.8824   104      833.0000      816.1579   241130    2.02%         x14_148 N  11154  11153     55
  11185  3157      829.6346   184      833.0000      816.1579   241819    2.02%          x31_70 D  11185  11184     32
  11210  3178      823.5000    85      833.0000      816.1667   242398    2.02%        x111_130 D  11210  11209     24
Elapsed time = 1136.91 sec. (1307252.30 ticks, tree = 515.42 MB, solutions = 5)
* 11218   835      integral     0      824.0000      816.1667   242510    0.95%
  11244   851      817.4167   230      824.0000      816.2292   243175    0.94%         x49_129 D  11244  11243     17
  11283   882        cutoff            824.0000      816.2663   243760    0.94%        x113_184 U  11283  11281     32
  11315   899        cutoff            824.0000      816.3913   244703    0.92%         x99_174 U  11315     20     16
  11345   912      821.6667   316      824.0000      816.4511   245345    0.92%          x39_41 N  11345  11344     15
  11374   925      819.6190   244      824.0000      816.4959   246166    0.91%         x49_129 U  11374   3205     13
  11405   946      821.0000   204      824.0000      816.5163   247129    0.91%        x148_111 D  11405  11404     26
  11437   966      818.7000   219      824.0000      816.5459   248113    0.90%        x185_120 U  11437  11436     14
  11464   985      822.0350   288      824.0000      816.5580   248927    0.90%         x65_135 D  11464  11463     22
  11500  1012      822.6196   298      824.0000      816.6369   249693    0.89%         x52_113 D  11500  11499     24
  11523  1023      816.6667   236      824.0000      816.6579   250096    0.89%         x148_20 D  11523   5205     15
Elapsed time = 1159.44 sec. (1346129.32 ticks, tree = 162.20 MB, solutions = 6)
  11554  1047      820.5333   188      824.0000      816.6667   250891    0.89%         x58_117 D  11554  11553     13
  11582  1061      822.6000   195      824.0000      816.6667   251846    0.89%          x97_63 D  11582  11581     22
  11608  1072      818.3333   249      824.0000      816.7413   252533    0.88%         x49_129 D  11608  11607     13
  11637  1091      821.2029   262      824.0000      816.7459   253467    0.88%         x185_22 D  11637  11636     23
  11665  1098      819.8750   234      824.0000      816.7959   254431    0.87%         x49_129 U  11665   1809     13
  11700  1121      822.7778   265      824.0000      816.7959   255285    0.87%         x49_159 D  11700  11699     25
  11727  1133      821.4626   310      824.0000      816.8459   256359    0.87%          x39_41 U  11727  10972      7
  11757  1144      821.3000   224      824.0000      816.8959   257167    0.86%        x107_124 D  11757  11756     19
  11789  1156        cutoff            824.0000      816.9167   257743    0.86%         x49_129 U  11789  11787     15
  11819  1166      819.5833   215      824.0000      816.9822   258862    0.85%         x49_129 U  11819  11243     17
Elapsed time = 1181.60 sec. (1385711.49 ticks, tree = 181.47 MB, solutions = 6)
  11850  1182      820.4583   198      824.0000      817.0459   259833    0.84%          x58_89 U  11850  11849     18
  11881  1201      821.7931   223      824.0000      817.0459   260640    0.84%         x93_135 U  11881  11879     22
  11910  1214      821.7959   235      824.0000      817.0580   261606    0.84%        x155_198 U  11910  10879      5
  11941  1226        cutoff            824.0000      817.1333   262328    0.83%        x198_155 D  11941  11939     22
  11970  1242        cutoff            824.0000      817.1579   263410    0.83%         x58_111 U  11970  11968     20
  12000  1262      819.7000   209      824.0000      817.1667   264057    0.83%         x97_124 D  12000  11999     19
  12031  1284      821.0833   181      824.0000      817.1667   264827    0.83%          x33_63 N  12031  12030     22
  12061  1295      820.7833   225      824.0000      817.2246   266008    0.82%           x1_63 U  12061   5807     17
  12086  1312      822.3889   222      824.0000      817.2459   267454    0.82%          x20_93 U  12086  12083     23
  12119  1337      822.3333   155      824.0000      817.2619   268155    0.82%         x108_70 D  12119  12118     36
Elapsed time = 1203.41 sec. (1426436.99 ticks, tree = 205.03 MB, solutions = 6)
  12150  1355      820.7448   327      824.0000      817.2959   269064    0.81%          x34_75 U  12150  12149     18
  12181  1371      821.1196   220      824.0000      817.3459   269762    0.81%         x185_22 D  12181  12180     22
  12215  1392      819.3333   240      824.0000      817.3750   270479    0.80%         x49_129 D  12215  12214     14
  12245  1409      822.6667   214      824.0000      817.3913   271213    0.80%         x93_135 U  12245  12242     23
  12279  1431      821.8913   259      824.0000      817.4000   271944    0.80%           x1_63 D  12279  12278     17
  12310  1444      820.0272   250      824.0000      817.4333   272711    0.80%          x97_63 D  12310  12309     19
  12339  1459      821.6993   237      824.0000      817.4522   273731    0.79%        x185_114 D  12339  12338     23
  12365  1466      818.8578   239      824.0000      817.5119   274646    0.79%         x185_22 U  12365   3013     17
  12396  1484      820.2075   232      824.0000      817.5232   275410    0.79%         x49_129 D  12396  12395     17
  12421  1499      820.4143   216      824.0000      817.5459   276294    0.78%         x40_193 U  12421  12419     15
Elapsed time = 1225.31 sec. (1465381.61 ticks, tree = 233.09 MB, solutions = 6)
  12455  1519        cutoff            824.0000      817.6056   276998    0.78%        x185_114 D  12455  12454     28
  12482  1537      819.7604   329      824.0000      817.6293   278330    0.77%         x41_162 D  12482  12480     10
  12511  1543        cutoff            824.0000      817.6667   279404    0.77%           x6_56 D  12511  12510     19
  12543  1562      818.8333   242      824.0000      817.6932   279944    0.77%        x185_120 D  12543  10522     14
  12580  1588      822.0833   195      824.0000      817.7167   280575    0.76%         x58_111 D  12580  12579     22
  12606  1596      821.8333   211      824.0000      817.7959   281787    0.75%        x185_114 D  12606  12605     20
  12639  1611        cutoff            824.0000      817.7959   282430    0.75%         x185_22 U  12639  12637     17
  12669  1628        cutoff            824.0000      817.8333   283268    0.75%           x1_63 D  12669  12668     14
  12697  1642      818.8333   222      824.0000      817.8333   283885    0.75%        x185_120 D  12697  12696     17
  12730  1666      821.7734   255      824.0000      817.8333   284698    0.75%          x52_20 D  12730  12729     26
Elapsed time = 1247.17 sec. (1504072.82 ticks, tree = 262.45 MB, solutions = 6)
  12761  1681      821.3656   164      824.0000      817.8750   285585    0.74%        x185_114 U  12761  12758     22
  12791  1699        cutoff            824.0000      817.8913   286523    0.74%         x185_22 D  12791  12790     22
  12821  1707        cutoff            824.0000      817.8913   287465    0.74%         x58_111 D  12821  12820     17
  12855  1720        cutoff            824.0000      817.9333   288430    0.74%         x185_22 D  12855  12854     18
  12888  1733        cutoff            824.0000      817.9792   289181    0.73%        x107_124 U  12888  12885     20
  12913  1732        cutoff            824.0000      818.0000   290229    0.73%         x40_193 U  12913  12911     17
  12947  1758      820.5850   345      824.0000      818.0272   291332    0.72%           x1_63 U  12947  11588     10
  12979  1773      822.3333   193      824.0000      818.0625   291901    0.72%        x185_114 D  12979  12978     22
  13006  1784        cutoff            824.0000      818.0833   292991    0.72%         x185_22 U  13006  13004     19
  13041  1809      821.8611   275      824.0000      818.1293   293633    0.71%         x120_22 D  13041  13040     32
Elapsed time = 1267.11 sec. (1542904.12 ticks, tree = 277.12 MB, solutions = 6)
  13070  1820      822.7500   234      824.0000      818.1429   294567    0.71%          x52_20 D  13070  13068     22
  13098  1827        cutoff            824.0000      818.1667   295392    0.71%         x148_20 U  13098  13096     30
  13130  1844        cutoff            824.0000      818.1667   296005    0.71%         x185_79 U  13130  13128     30
  13159  1859      821.3162   230      824.0000      818.1709   296966    0.71%        x185_120 D  13159  13158     16
  13184  1869        cutoff            824.0000      818.1938   298013    0.70%         x52_113 D  13184  13183     23
  13214  1894        cutoff            824.0000      818.1987   298411    0.70%         x113_52 U  13214  13213     46
  13243  1907      821.9896   193      824.0000      818.2000   299045    0.70%        x183_185 U  13243  13241     22
  13270  1918        cutoff            824.0000      818.2000   300005    0.70%          x52_93 U  13270  13268     25
  13301  1930        cutoff            824.0000      818.2167   300860    0.70%          x62_72 D  13301  13300     22
  13332  1944        cutoff            824.0000      818.2246   301668    0.70%        x185_114 U  13332  13330     19
Elapsed time = 1285.99 sec. (1581405.46 ticks, tree = 301.01 MB, solutions = 6)
  13362  1952        cutoff            824.0000      818.2959   302455    0.69%         x185_22 D  13362  13360     19
  13388  1955        cutoff            824.0000      818.3333   303519    0.69%          x97_63 U  13388  11396     18
  13421  1974      820.1196   198      824.0000      818.3333   304040    0.69%          x20_93 D  13421  13420     22
  13457  1993      819.4143   226      824.0000      818.3376   304753    0.69%          x52_20 U  13457   6009     18
  13487  2002        cutoff            824.0000      818.3696   305380    0.68%          x58_89 D  13487  13486     24
  13518  2020      821.6196   210      824.0000      818.3913   306085    0.68%         x52_113 D  13518  13517     22
  13549  2033        cutoff            824.0000      818.4209   307134    0.68%         x73_138 U  13549  13547     20
  13578  2046        cutoff            824.0000      818.4627   307849    0.67%         x185_22 U  13578  13577     25
  13605  2055      818.4746   270      824.0000      818.4746   308639    0.67%           x6_56 U  13605   9805     14
  13637  2072      821.0944   251      824.0000      818.4959   309825    0.67%          x33_63 D  13637  13636     26
Elapsed time = 1307.12 sec. (1620292.16 ticks, tree = 328.22 MB, solutions = 6)
  13671  2090      822.1667   161      824.0000      818.5000   310361    0.67%        x185_114 D  13671  13670     22
  13702  2097        cutoff            824.0000      818.5329   311639    0.66%           x1_63 U  13702  11387     13
  13730  2107      822.5833   141      824.0000      818.5580   312411    0.66%          x97_63 D  13730  13728     25
  13760  2116      821.4583   237      824.0000      818.5870   313163    0.66%           x6_56 D  13760  13759     20
  13786  2123        cutoff            824.0000      818.6056   313891    0.65%          x33_63 U  13786  13784     32
  13820  2137        cutoff            824.0000      818.6293   314626    0.65%        x124_107 D  13820     27     20
  13854  2155        cutoff            824.0000      818.6333   315375    0.65%         x111_20 U  13854  13852     31
  13889  2177      821.2500   212      824.0000      818.6579   316161    0.65%         x49_129 U  13889  12441     16
  13913  2186      820.5000   210      824.0000      818.6667   317063    0.65%          x58_89 U  13913  13911     18
  13940  2197      821.6667   215      824.0000      818.6667   318021    0.65%        x185_120 U  13940  12039     19
Elapsed time = 1327.27 sec. (1659324.66 ticks, tree = 352.84 MB, solutions = 6)
  13979  2224      822.3333   179      824.0000      818.6667   318592    0.65%          x58_89 U  13979  13978     34
  14003  2237      820.9529   265      824.0000      818.6667   319111    0.65%          x97_63 D  14003  14002     22
  14037  2257      822.4236   243      824.0000      818.6821   319792    0.65%          x52_93 D  14037  14036     37
  14070  2276      821.1061   184      824.0000      818.7000   320573    0.64%          x62_72 D  14070  14069     21
  14100  2293      820.5833   187      824.0000      818.7000   321578    0.64%         x89_117 D  14100  14099     24
  14130  2305        cutoff            824.0000      818.7277   322366    0.64%        x185_120 U  14130  11690     16
  14160  2321      820.8542   327      824.0000      818.7500   323367    0.64%          x34_75 U  14160  14159     16
  14192  2336      821.7500   157      824.0000      818.7500   324179    0.64%         x79_185 D  14192  14191     26
  14222  2351      820.8333   132      824.0000      818.7714   324844    0.63%          x62_72 D  14222  14221     20
  14260  2374      822.5833   143      824.0000      818.7959   325486    0.63%          x89_93 D  14260  14259     27
Elapsed time = 1348.40 sec. (1699609.54 ticks, tree = 376.62 MB, solutions = 6)
  14289  2380        cutoff            824.0000      818.7959   326670    0.63%          x73_41 U  14289  14287     21
  14315  2385        cutoff            824.0000      818.8316   327799    0.63%         x89_124 D  14315  14313     18
  14347  2398        cutoff            824.0000      818.8333   328764    0.63%          x65_93 D  14347  14346     25
  14376  2403        cutoff            824.0000      818.8333   329734    0.63%          x58_89 D  14376  14374     18
  14404  2417        cutoff            824.0000      818.8333   330361    0.63%         x174_99 D  14404     21     16
  14434  2430      822.8788   177      824.0000      818.8740   331066    0.62%          x97_63 D  14434  14433     21
  14462  2434      820.7334   353      824.0000      818.8833   331854    0.62%         x41_162 U  14462   4884     12
  14492  2449      822.9546   255      824.0000      818.8897   332748    0.62%         x93_135 D  14492  14491     29
  14522  2454        cutoff            824.0000      818.9167   333768    0.62%         x58_117 U  14522  12046     17
  14550  2463        cutoff            824.0000      818.9167   334545    0.62%          x20_93 U  14550  14547     21
Elapsed time = 1368.78 sec. (1738481.97 ticks, tree = 383.77 MB, solutions = 6)
  14580  2478      822.2576   186      824.0000      818.9471   335443    0.61%          x65_93 N  14580  11478     25
  14612  2498      820.5333   207      824.0000      818.9529   336024    0.61%        x185_120 U  14612  11998     18
  14642  2511      822.1196   214      824.0000      818.9583   336936    0.61%         x52_113 D  14642  14641     26
  14676  2531      820.4333   243      824.0000      818.9792   337628    0.61%         x58_117 D  14676  14675     16
  14704  2545      822.6944   227      824.0000      818.9976   338601    0.61%         x49_159 D  14704  14703     23
  14733  2553      822.3333   129      824.0000      819.0000   339286    0.61%        x113_184 U  14733  14731     19
  14764  2557      820.2000   212      824.0000      819.0417   340012    0.60%         x89_124 U  14764  14472     18
  14792  2566      821.1293   319      824.0000      819.0459   340547    0.60%         x41_162 U  14792  10977     12
  14814  2569      822.5867   350      824.0000      819.0631   341690    0.60%         x174_56 D  14814  14813      9
  14845  2583      822.3696   243      824.0000      819.0833   342360    0.60%          x33_89 D  14845  14844     23
Elapsed time = 1388.67 sec. (1777585.54 ticks, tree = 403.44 MB, solutions = 6)
  14879  2598      822.8333   141      824.0000      819.0913   343045    0.60%          x52_93 D  14879  14878     21
  14914  2613        cutoff            824.0000      819.1196   343728    0.59%          x20_93 U  14914  14912     18
  14954  2637      820.2196   260      824.0000      819.1196   344351    0.59%        x107_124 U  14954  12722     19
  14985  2650        cutoff            824.0000      819.1508   345177    0.59%         x58_117 U  14985  14983     16
  15016  2665      822.6944   189      824.0000      819.1599   345736    0.59%        x100_129 D  15016  15015     21
  15045  2670        cutoff            824.0000      819.1667   346508    0.59%        x107_124 U  15045  15043     24
  15073  2679      820.1667   206      824.0000      819.1802   347610    0.58%           x1_63 U  15073   8964     13
  15108  2701      822.1667   216      824.0000      819.1977   348797    0.58%          x58_89 U  15108  15107     18
  15138  2703      822.7000   241      824.0000      819.2000   349709    0.58%         x89_117 U  15138  13273     18
  15172  2714        cutoff            824.0000      819.2222   350523    0.58%          x97_63 U  15172  12927     21
Elapsed time = 1408.49 sec. (1816646.26 ticks, tree = 418.16 MB, solutions = 6)
  15201  2723        cutoff            824.0000      819.2446   351210    0.58%         x49_159 U  15201  15199     25
  15230  2727      819.8333   225      824.0000      819.2663   352277    0.57%         x40_193 D  15230  11114     16
  15264  2744      822.6667   151      824.0000      819.2959   353007    0.57%          x62_72 U  15264  15262     20
* 15281  1113      integral     0      822.0000      819.2959   353493    0.33%
  15296  1107      819.7540   242      822.0000      819.3000   353838    0.33%        x183_120 U  15296   3018     20
  15324  1098        cutoff            822.0000      819.3333   354318    0.32%         x58_111 U  15324  12554     18
  15351  1089      820.6429   255      822.0000      819.3333   354824    0.32%         x40_193 U  15351  14203     20
  15379  1079        cutoff            822.0000      819.3667   355491    0.32%         x58_117 U  15379  11553     13
  15405  1077        cutoff            822.0000      819.3973   355924    0.32%         x49_129 D  15405  15404     16
  15434  1068        cutoff            822.0000      819.4388   356315    0.31%         x73_162 U  15434   4805     12
  15464  1063      819.9333   240      822.0000      819.4746   356827    0.31%         x148_93 U  15464   9410     22
Elapsed time = 1427.70 sec. (1855461.97 ticks, tree = 163.27 MB, solutions = 7)
  15493  1059        cutoff            822.0000      819.5000   357279    0.30%        x185_120 U  15493  14415     16
  15517  1043        cutoff            822.0000      819.5500   357809    0.30%         x58_124 D  15517  12774     18
  15544  1029        cutoff            822.0000      819.5846   358521    0.29%         x58_124 U  15544  13021     19
  15576  1018        cutoff            822.0000      819.6196   359091    0.29%          x52_20 D  15576  15575     23
  15606  1004      820.2500   243      822.0000      819.6579   359678    0.28%        x183_120 U  15606   3011     15
  15633   991      820.6667   245      822.0000      819.6667   360470    0.28%        x124_183 D  15633   6806     13
  15663   976      820.9196   225      822.0000      819.7000   360976    0.28%         x185_22 U  15663  15662     20
  15690   964      820.9583   173      822.0000      819.7333   361566    0.28%         x148_14 D  15690  15688     27
  15722   944      820.6751   256      822.0000      819.7917   362153    0.27%         x185_22 U  15722  12387     21
  15752   927        cutoff            822.0000      819.8250   362593    0.26%         x97_124 U  15752  15750     18
Elapsed time = 1444.04 sec. (1894489.53 ticks, tree = 142.56 MB, solutions = 7)
  15781   911        cutoff            822.0000      819.8333   363033    0.26%           x1_63 U  15781  13674     18
  15811   905      820.0667   211      822.0000      819.8489   363528    0.26%          x62_72 D  15811  15810     16
  15842   886        cutoff            822.0000      819.8913   364295    0.26%           x1_63 U  15842  15394      7
  15870   865      820.9529   220      822.0000      819.9196   364812    0.25%         x185_22 D  15870  15662     20
  15901   845        cutoff            822.0000      819.9724   365264    0.25%         x126_13 D  15901     30     21
  15928   824        cutoff            822.0000      820.0000   365805    0.24%          x62_72 U  15928  14633     18
  15957   807        cutoff            822.0000      820.0272   366313    0.24%          x97_63 U  15957  12309     19
  15985   793        cutoff            822.0000      820.0556   366705    0.24%           x1_63 U  15985  12642     13
  16016   774      820.8922   226      822.0000      820.0833   367311    0.23%         x185_22 U  16016   9411     23
  16045   755        cutoff            822.0000      820.1111   367788    0.23%          x39_41 U  16045  14196     18
Elapsed time = 1459.35 sec. (1933399.41 ticks, tree = 115.85 MB, solutions = 7)
  16070   732        cutoff            822.0000      820.1275   368317    0.23%          x62_72 U  16070  12986     17
  16097   710      820.5000   193      822.0000      820.1667   368826    0.22%         x58_111 U  16097  12461     17
  16128   693        cutoff            822.0000      820.1833   369410    0.22%        x185_120 U  16128  10092     17
  16156   674        cutoff            822.0000      820.2000   369800    0.22%        x185_120 D  16156  11116     18
  16182   648        cutoff            822.0000      820.2324   370432    0.22%          x97_63 U  16182  12533     21
  16212   631        cutoff            822.0000      820.2833   370737    0.21%          x97_63 U  16212  10648     20
  16243   609      821.0000    63      822.0000      820.3333   371177    0.20%        x100_163 D  16243  16242     25
  16272   591        cutoff            822.0000      820.3333   371752    0.20%         x185_22 U  16272  13107     21
  16297   566        cutoff            822.0000      820.3383   372145    0.20%         x58_124 U  16297  12445     20
  16328   548        cutoff            822.0000      820.3750   372473    0.20%         x185_22 U  16328  14570     19
Elapsed time = 1473.15 sec. (1971986.03 ticks, tree = 83.67 MB, solutions = 7)
  16353   523        cutoff            822.0000      820.4167   372891    0.19%        x185_120 U  16353  12617      7
  16384   498        cutoff            822.0000      820.4500   373224    0.19%         x89_124 D  16384  11811     17
  16412   477        cutoff            822.0000      820.4917   373616    0.18%        x185_120 U  16412  11459     18
  16440   453        cutoff            822.0000      820.5000   373880    0.18%         x49_129 U  16440  14010     16
  16470   429        cutoff            822.0000      820.5459   374161    0.18%          x89_58 D  16470   3403      7
  16501   408        cutoff            822.0000      820.5857   374406    0.17%        x198_138 U  16501  11298     13
  16527   385      820.9946   236      822.0000      820.6196   374763    0.17%          x20_93 D  16527  16526     19
  16555   360        cutoff            822.0000      820.6579   374984    0.16%          x62_72 U  16555  12041     21
  16584   333        cutoff            822.0000      820.6709   375253    0.16%         x97_124 U  16584  14321     20
  16614   303        cutoff            822.0000      820.7000   375534    0.16%         x40_193 D  16614   7209     14
Elapsed time = 1486.30 sec. (2010820.73 ticks, tree = 45.04 MB, solutions = 7)
  16642   277        cutoff            822.0000      820.7292   375728    0.15%          x97_63 U  16642  12239     20
  16668   253        cutoff            822.0000      820.7647   375966    0.15%         x185_22 U  16668  10278     22
  16698   224        cutoff            822.0000      820.8000   376155    0.15%          x62_72 U  16698  13304     19
  16727   197        cutoff            822.0000      820.8333   376390    0.14%          x89_20 U  16727  14101     26
  16754   170        cutoff            822.0000      820.8333   376600    0.14%        x185_120 D  16754  15231     18
  16782   145        cutoff            822.0000      820.8493   376820    0.14%          x6_138 U  16782  11934     17
  16811   118        cutoff            822.0000      820.8801   376970    0.14%         x39_162 U  16811   3802      7
  16839    90        cutoff            822.0000      820.9167   377076    0.13%         x93_135 U  16839  13776     24
  16868    64        cutoff            822.0000      820.9522   377178    0.13%         x93_135 U  16868  11272     23
  16895    37        cutoff            822.0000      821.0000   377289    0.12%           x1_63 U  16895  14311     16
Elapsed time = 1498.92 sec. (2049759.22 ticks, tree = 7.31 MB, solutions = 7)
  16923     9        cutoff            822.0000      821.0000   377442    0.12%         x58_185 U  16923   9746     14

Zero-half cuts applied:  9
Gomory fractional cuts applied:  2
User cuts applied:  24238

Root node processing (before b&c):
  Real time             =    4.21 sec. (10835.95 ticks)
Sequential b&c:
  Real time             = 1496.16 sec. (2044244.78 ticks)
                          ------------
Total (root+branch&cut) = 1500.37 sec. (2055080.73 ticks)

