Version identifier: 22.1.0.0 | 2022-03-09 | 1a383f8ce
CPXPARAM_Preprocessing_Reduce                    1
CPXPARAM_Threads                                 1
CPXPARAM_Preprocessing_Reformulations            0
CPXPARAM_TimeLimit                               10800
CPXPARAM_MIP_Tolerances_AbsMIPGap                0.999
CPXPARAM_MIP_Limits_TreeMemory                   20000
Legacy callback                                  BbLUID
         Disabling repeat represolve because of lazy constraint/incumbent callback.
Tried aggregator 1 time.
MIP Presolve eliminated 62556 rows and 0 columns.
MIP Presolve modified 2507 coefficients.
Reduced MIP has 2909 rows, 13401 columns, and 88410 nonzeros.
Reduced MIP has 13401 binaries, 0 generals, 0 SOSs, and 0 indicators.
Presolve time = 0.08 sec. (146.33 ticks)
Probing time = 0.00 sec. (5.09 ticks)
Clique table members: 2909.
MIP emphasis: balance optimality and feasibility.
MIP search method: traditional branch-and-cut.
Parallel mode: none, using 1 thread.
Root relaxation solution time = 0.01 sec. (19.66 ticks)

        Nodes                                         Cuts/
   Node  Left     Objective  IInf  Best Integer    Best Bound    ItCnt     Gap         Variable B NodeID Parent  Depth

      0     0      704.0000   110                    609.0000      444         
      0     0      718.5000    46                   Cuts: 161      509         
      0     0      736.5000   170                   Cuts: 156      631         
      0     0      739.3333   123                    Cuts: 48      682         
      0     0      741.0000    15                    Cuts: 51      725         
      0     0      743.3922   257                    Cuts: 27      780         
      0     0      744.1250   132                    Cuts: 22      798         
      0     0      744.7500    99                    Cuts: 13      835         
      0     0      746.0000    46                    Cuts: 28      865         
      0     0      748.5000   281                    Cuts: 35      927         
      0     0      749.5000   153                    Cuts: 26      987         
      0     0      751.0000   119                    User: 21      990         
      0     0      751.0000   119                    User: 14     1004         
      0     0      751.0000   135                     User: 5     1029         
      0     0      751.0000   137                     User: 5     1032         
      0     0      751.1250   257                    User: 12     1066         
      0     0      751.1250   256                     User: 4     1072         
      0     0      751.5000   214                     User: 8     1113         
      0     0      751.7778   228                    User: 12     1134         
      0     0      751.7778   225                     User: 6     1141         
      0     0      751.7778   227                     User: 7     1148         
      0     0      751.7778   208                     User: 2     1152         
      0     0      751.7778   150                    User: 10     1161         
      0     0      751.8765   198                     User: 1     1200         
      0     0      751.8841   187                    User: 28     1201         
      0     0      751.8939   188                    User: 21     1212         
      0     0      751.9000   176                    User: 22     1218         
      0     0      752.5000    66                     User: 1     1236         
      0     0      752.5000    92                     User: 1     1240         
      0     2      752.5000    66                    752.6000     1240                                 0             0
Elapsed time = 2.85 sec. (7154.80 ticks, tree = 0.01 MB, solutions = 0)
      1     3      753.6667   103                    752.6000     1323                  x37_175 N      1      0      1
      2     4      753.0000    78                    753.0000     1373                  x37_175 D      2      0      1
      3     5      754.0000   181                    753.0000     1419                  x140_63 N      3      1      2
      4     6      754.2000   179                    753.0000     1425                 x140_106 D      4      3      3
      7     9      756.2500   175                    753.0000     1507                  x76_160 N      7      6      5
     10    12      757.3750    70                    753.0000     1576                   x7_107 N     10      9      8
     13    15      758.0000    64                    753.0000     1701                  x110_76 N     13     12     10
     17    19      762.7500    49                    753.0000     1966                  x25_153 N     17     15     12
     20    22      759.5000    50                    753.0000     2026                  x100_67 U     20     18     14
     32    34      761.9000    61                    753.0000     2483                  x25_186 D     32     31     22
Elapsed time = 6.19 sec. (12347.11 ticks, tree = 0.46 MB, solutions = 0)
     54    56      763.7500    43                    753.0000     2709                   x25_28 D     54     53     39
     70    72      764.4453   168                    753.0000     2899                    x1_82 D     70     68     54
     97    99      768.0000    27                    753.0000     3244                  x183_76 D     97     95     77
    108   110      799.0000    11                    753.0000     3460                 x153_161 U    108    107     86
    120   122      821.5000    20                    753.0000     3610                  x189_82 N    120    118     94
    137   139      832.9750   123                    753.0000     3817                    x85_7 N    137    135    108
    144   144      858.8500   110                    753.0000     4115                    x39_7 N    144    142    112
    154   154      931.6667    13                    753.0000     4487                 x153_125 U    154    153    119
    166   160      755.1364   132                    753.0000     4982                  x110_25 D    166    164      7
    175   169      764.1154   125                    753.0000     5492                  x175_37 U    175    174     12
Elapsed time = 16.46 sec. (22397.53 ticks, tree = 3.29 MB, solutions = 0)
    187   181      769.6667    31                    753.0000     5795                   x76_25 N    187    184     18
    201   195      769.7500    90                    753.0000     5944                  x67_186 D    201    200     30
    216   210      773.2167   125                    753.0000     6497                   x70_28 D    216    215     43
    238   232      777.7500    83                    753.0000     6919                  x67_174 N    238    236     63
    250   244      775.0000    66                    753.0000     7101                 x196_181 N    250    249     74
    257   251      789.8667    94                    753.0000     7475                 x138_149 N    257    255     79
    275   269      776.1176   103                    753.0000     7628                 x164_148 D    275    274     97
    288   282      776.5161   114                    753.0000     7718                 x188_149 D    288    287    110
    309   303      776.8125    95                    753.0000     8040                 x166_187 D    309    308    129
    330   324      776.9500   102                    753.0000     8152                  x164_12 D    330    329    149
Elapsed time = 26.80 sec. (32814.01 ticks, tree = 8.45 MB, solutions = 0)
    348   342      782.9444   109                    753.0000     8699                   x24_97 N    348    345    163
    366   360      777.3182   118                    753.0000     8939                 x180_149 D    366    365    179
    386   380      783.0000    24                    753.0000     9373                 x144_147 U    386    385    196
    398   392      784.5696   113                    753.0000     9754                 x147_174 N    398    397    207
    411   405      784.8991   125                    753.0000    10209                 x198_187 N    411    410    218
    428   422      794.1667    39                    753.0000    10465                  x186_76 U    428    426    233
    443   437      785.8846    87                    753.0000    10931                   x97_92 D    443    442    246
    465   459      789.3000    87                    753.0000    11448                 x153_189 N    465    464    267
    478   472      800.0625    83                    753.0000    11896                 x183_166 N    478    476    278
    498   492      792.2500    49                    753.0000    12285                   x91_38 U    498    496    295
Elapsed time = 37.15 sec. (43001.19 ticks, tree = 15.22 MB, solutions = 0)
    517   511      815.0000    32                    753.0000    12791                   x67_98 N    517    515    312
    530   524      795.3333    38                    753.0000    13196                  x67_189 D    530    529    324
    559   553      795.7333   101                    753.0000    13461                  x179_97 D    559    558    353
    578   572      801.2500    78                    753.0000    14144                   x89_75 N    578    575    370
    586   580      796.0000    48                    753.0000    14534                  x149_28 D    586    584    377
    600   594      796.2597    70                    753.0000    14994                  x181_98 D    600    599    390
    616   610      796.4286    47                    753.0000    15143                  x183_39 D    616    615    406
    631   625      796.6406   106                    753.0000    15243                  x50_167 D    631    630    421
    642   636      803.0000    87                    753.0000    16130                   x67_38 N    642    640    430
    653   647      832.1250    29                    753.0000    16472                   x81_76 N    653    651    439
Elapsed time = 47.18 sec. (53307.46 ticks, tree = 17.62 MB, solutions = 0)
    663   657      866.3333    47                    753.0000    16724                  x161_76 N    663    662    446
    669   663      867.6667    54                    753.0000    16957                   x39_76 N    669    668    450
    676   670      917.5000    49                    753.0000    17344                 x149_183 N    676    675    456
    682   672    infeasible                          753.0000    17504                    x9_98 N    682    681    459
    697   685      758.3580   174                    753.7917    18122                   x76_25 N    697    695     12
    713   701      766.0682   138                    753.7917    18609                 x110_186 N    713    711     23
    739   727      767.5200    93                    753.7917    19169                  x12_137 D    739    737     45
    767   755      773.7273    47                    753.7917    19560                  x12_141 N    767    765     67
    780   768      771.5500   161                    753.7917    19873                   x12_28 N    780    779     80
    789   777      773.0755    95                    753.7917    20384                 x153_196 D    789    788     88
Elapsed time = 57.79 sec. (65295.25 ticks, tree = 23.47 MB, solutions = 0)
    797   785      773.2109   120                    753.7917    20802                  x141_28 N    797    796     95
    802   790      757.0000    55                    753.8846    21199                  x110_76 U    802    162      5
    816   804      763.2955   153                    753.8846    21904                  x141_37 N    816    815     15
    832   820      772.3333    30                    753.8846    22348                   x153_1 N    832    829     25
    851   839      773.0000    78                    753.8846    22800                  x181_28 D    851    849     41
    862   850      779.5000    16                    753.8846    23290                 x196_186 D    862    860     48
    876   864      784.0000    18                    753.8846    23501                  x196_12 D    876    874     58
    880   868      784.6087    80                    753.8846    23529                 x181_127 D    880    879     62
    916   904      786.3500    81                    753.8846    23812                 x183_181 D    916    915     97
    920   908      799.2000   107                    753.8846    23892                 x186_127 U    920    919    101
Elapsed time = 67.82 sec. (76402.80 ticks, tree = 26.78 MB, solutions = 0)
    927   915      807.6667    34                    753.8846    23948                   x107_1 D    927    926    108
    939   927      808.5102    61                    753.8846    24042                 x181_110 N    939    938    118
    954   942      821.3333    28                    753.8846    24564                  x107_21 D    954    953    132
    969   957      828.5714   111                    753.8846    24738                 x153_102 D    969    968    147
    990   978      842.6000   104                    753.8846    25105                   x28_82 U    990    988    165
   1008   996      767.0000   124                    753.9583    25764                  x25_175 U   1008   1006     10
   1023  1011      772.0000   152                    753.9583    26346                 x198_180 N   1023   1021     20
   1037  1025      775.4000   132                    753.9583    26679                   x181_1 N   1037   1036     31
   1043  1031      779.2143   143                    753.9583    26842                 x181_153 N   1043   1041     35
   1056  1044      779.1000   116                    753.9583    27235                  x81_183 N   1056   1054     44
Elapsed time = 78.09 sec. (86603.26 ticks, tree = 30.45 MB, solutions = 0)
   1071  1059      786.0000    67                    753.9583    27633                 x166_180 N   1071   1069     54
   1080  1068      783.4375   125                    753.9583    27907                  x183_67 N   1080   1078     59
   1094  1082      785.0833   107                    753.9583    28228                 x162_140 U   1094   1093     70
   1105  1093      787.5750   122                    753.9583    28648                  x12_153 N   1105   1103     78
   1120  1108      788.9483   118                    753.9583    28816                 x153_174 D   1120   1119     92
   1132  1120      789.7353   106                    753.9583    29089                    x63_9 D   1132   1131    102
   1151  1139      790.0000    46                    753.9583    29219                  x198_97 D   1151   1150    121
   1166  1154      790.4286    79                    753.9583    29494                 x133_116 D   1166   1165    134
   1180  1168      791.5000    60                    753.9583    29724                  x198_86 D   1180   1179    145
   1190  1178      816.8269   105                    753.9583    30348                 x188_181 N   1190   1188    152
Elapsed time = 88.80 sec. (98104.16 ticks, tree = 38.74 MB, solutions = 0)
   1200  1188      807.6667    79                    753.9583    30668                   x82_85 N   1200   1198    160
   1220  1208      763.8000   149                    754.0000    31186                  x167_37 N   1220   1219     24
   1242  1230      767.5000    36                    754.0000    31850                  x81_107 N   1242   1241     46
*  1255   270      integral     0      770.0000      754.0000    32120    2.08%
   1267   281      761.7500    52      770.0000      754.0000    32538    2.08%          x76_25 N   1267   1266     15
   1281   295      767.0893   134      770.0000      754.0000    32802    2.08%         x100_67 D   1281   1280     29
   1302   312      762.8333   131      770.0000      754.0000    33523    2.08%         x167_37 N   1302   1301     15
   1333   343      769.0000    10      770.0000      754.0000    34232    2.08%           x67_1 N   1333   1332     46
   1353   359      760.0000    50      770.0000      754.0075    34984    2.08%          x1_196 U   1353   1352     15
   1370   374      766.0000    24      770.0000      754.0075    35812    2.08%          x81_76 D   1370   1368     26
*  1439    38      integral     0      758.0000      754.2000    37714    0.50%
   1448    38      756.1875   157      758.0000      754.4167    37952    0.47%        x196_181 D   1448   1446      8
Elapsed time = 103.27 sec. (110959.73 ticks, tree = 0.83 MB, solutions = 2)

Clique cuts applied:  1
Zero-half cuts applied:  18
Gomory fractional cuts applied:  8
User cuts applied:  7159

Root node processing (before b&c):
  Real time             =    2.84 sec. (7138.11 ticks)
Sequential b&c:
  Real time             =  103.18 sec. (106880.43 ticks)
                          ------------
Total (root+branch&cut) =  106.02 sec. (114018.54 ticks)

