Version identifier: 22.1.0.0 | 2022-03-09 | 1a383f8ce
CPXPARAM_Preprocessing_Reduce                    1
CPXPARAM_Threads                                 1
CPXPARAM_Preprocessing_Reformulations            0
CPXPARAM_TimeLimit                               10800
CPXPARAM_MIP_Tolerances_AbsMIPGap                0.999
CPXPARAM_MIP_Limits_TreeMemory                   20000
Legacy callback                                  BbLUID
         Disabling repeat represolve because of lazy constraint/incumbent callback.
1 of 1 MIP starts provided solutions.
MIP start 'm1' defined initial solution with objective 1111.0000.
Tried aggregator 2 times.
MIP Presolve eliminated 1297 rows and 1 columns.
MIP Presolve modified 281 coefficients.
Aggregator did 9 substitutions.
Reduced MIP has 459 rows, 1378 columns, and 4455 nonzeros.
Reduced MIP has 1378 binaries, 0 generals, 0 SOSs, and 0 indicators.
Presolve time = 0.00 sec. (3.46 ticks)
Probing time = 0.00 sec. (2.19 ticks)
Clique table members: 459.
MIP emphasis: balance optimality and feasibility.
MIP search method: traditional branch-and-cut.
Parallel mode: none, using 1 thread.
Root relaxation solution time = 0.00 sec. (3.92 ticks)

        Nodes                                         Cuts/
   Node  Left     Objective  IInf  Best Integer    Best Bound    ItCnt     Gap         Variable B NodeID Parent  Depth

*     0+    0                         1111.0000       77.0000            93.07%
      0     0     1080.0000    10     1111.0000     1066.0000      444    4.05%
      0     0     1080.5000    30     1111.0000      User: 32      495    2.75%
      0     0     1081.0000    53     1111.0000      Cuts: 35      567    2.70%
      0     0     1081.0000    46     1111.0000      Cuts: 21      587    2.70%
      0     0     1081.0000    56     1111.0000      Cuts: 32      615    2.70%
      0     0     1081.0000    22     1111.0000      User: 10      630    2.70%
      0     0     1081.0000    22     1111.0000      Cuts: 28      636    2.70%
      0     0     1081.0000    26     1111.0000       User: 9      636    2.70%
      0     0     1081.0000    26     1111.0000       User: 4      661    2.70%
      0     0     1081.0000    26     1111.0000       User: 7      670    2.70%
      0     0     1082.0000    46     1111.0000       User: 4      678    2.61%
      0     0     1082.0000    46     1111.0000       User: 9      681    2.61%
      0     0     1082.0000    34     1111.0000       User: 7      701    2.61%
      0     0     1082.0000    66     1111.0000      User: 11      709    2.61%
      0     0     1082.0000    48     1111.0000       User: 2      709    2.61%
      0     0     1082.0000    54     1111.0000       User: 9      777    2.61%
      0     0     1082.2500    86     1111.0000       User: 5      830    2.59%
      0     0     1082.5000    90     1111.0000       User: 9      836    2.57%
      0     0     1082.5000   108     1111.0000       User: 4      864    2.57%
      0     0     1082.5000    74     1111.0000       User: 7      864    2.57%
      0     0     1082.5000    72     1111.0000       User: 5      870    2.57%
      0     0     1082.5000    67     1111.0000       User: 5      885    2.57%
      0     0     1082.5000    81     1111.0000       User: 4      892    2.57%
      0     0     1082.5000    79     1111.0000       User: 8      909    2.57%
      0     0     1082.5000    54     1111.0000       User: 7      914    2.57%
      0     0     1082.5000    94     1111.0000      User: 11      938    2.57%
      0     0     1082.5000    71     1111.0000       User: 2      958    2.57%
      0     0     1083.5000    68     1111.0000      User: 19      995    2.48%
      0     0     1083.5000    68     1111.0000       User: 5     1011    2.48%
      0     0     1083.5000    58     1111.0000      User: 15     1019    2.48%
      0     0     1083.5000    94     1111.0000       User: 3     1049    2.48%
      0     0     1083.5000    74     1111.0000       User: 7     1074    2.48%
      0     0     1083.5000    90     1111.0000       User: 4     1110    2.48%
      0     0     1083.5000   105     1111.0000       User: 3     1124    2.48%
      0     0     1083.5000    85     1111.0000       User: 8     1141    2.48%
      0     0     1083.5000    81     1111.0000       User: 8     1152    2.48%
      0     0     1083.5000    70     1111.0000       User: 6     1170    2.48%
      0     0     1083.5000    62     1111.0000       User: 8     1193    2.48%
      0     0     1083.5000    77     1111.0000       User: 3     1208    2.48%
      0     0     1083.5000    98     1111.0000       User: 1     1228    2.48%
      0     0     1083.5000    87     1111.0000       User: 5     1228    2.48%
      0     0     1083.5000    89     1111.0000       User: 1     1245    2.48%
      0     0     1083.5000    65     1111.0000       User: 1     1252    2.48%
      0     0     1083.5000    62     1111.0000       User: 1     1252    2.48%
      0     0     1083.5000    67     1111.0000       User: 1     1259    2.48%
      0     0     1083.5000    76     1111.0000       User: 2     1280    2.48%
      0     0     1083.5000    67     1111.0000       User: 3     1293    2.48%
      0     0     1083.5000    87     1111.0000       User: 1     1309    2.48%
      0     0     1083.5000    82     1111.0000       User: 8     1311    2.48%
      0     0     1083.5000    74     1111.0000       User: 6     1324    2.48%
      0     0     1083.5000    76     1111.0000       User: 3     1325    2.48%
      0     0     1083.5000    74     1111.0000       User: 6     1337    2.48%
      0     0     1083.5000    80     1111.0000       User: 1     1348    2.48%
      0     0     1083.5000    80     1111.0000       User: 1     1355    2.48%
      0     0     1083.5000    74     1111.0000       User: 6     1358    2.48%
      0     0     1083.5000    67     1111.0000       User: 3     1358    2.48%
      0     0     1083.5000    67     1111.0000       User: 6     1364    2.48%
      0     0     1083.5000    77     1111.0000       User: 1     1373    2.48%
      0     0     1083.5000    86     1111.0000       User: 1     1384    2.48%
      0     2     1083.5000    86     1111.0000     1084.0000     1384    2.43%                        0             0
Elapsed time = 0.59 sec. (1141.85 ticks, tree = 0.01 MB, solutions = 1)
     14    16     1094.9333   107     1111.0000     1084.6667     2046    2.37%          x25_22 N     14     11      9
     40    32     1089.2500   129     1111.0000     1085.8333     2868    2.27%          x24_23 D     40     39      6
     60    52     1096.0455    96     1111.0000     1085.8333     4192    2.27%          x31_30 D     60     58     18
    104    92     1101.3333    30     1111.0000     1085.8333     4802    2.27%          x81_73 N    104    103     54
    135   116     1108.0000    86     1111.0000     1085.9722     5359    2.25%          x46_43 N    135    134     28
    188   159    infeasible           1111.0000     1086.3333     6201    2.22%          x28_27 N    188    187     28
    230   199     1099.0000    14     1111.0000     1086.3333     7107    2.22%          x76_67 D    230    228     33
*   244   208      integral     0     1106.0000     1086.3333     7242    1.78%
    259   223     1095.4000    65     1106.0000     1086.3333     7654    1.78%          x61_56 D    259    258     18
    303   258     1101.8667   110     1106.0000     1086.3810     8677    1.77%          x36_43 N    303    302     41
    470   377     1104.6250   131     1106.0000     1086.8333    13302    1.73%          x25_22 N    470    469      9
Elapsed time = 3.44 sec. (4293.48 ticks, tree = 0.54 MB, solutions = 2)
    668   539     1099.2500    40     1106.0000     1087.8810    17583    1.64%          x73_76 N    668    667     51
    870   701     1095.9456   143     1106.0000     1088.7333    21678    1.56%          x31_30 N    870    113      7
   1092   876        cutoff           1106.0000     1089.2500    26616    1.51%          x55_66 U   1092   1091     50
   1330  1063     1104.2727    27     1106.0000     1089.5000    31298    1.49%          x50_57 N   1330   1329     41
   1544  1236     1104.3333    65     1106.0000     1089.7143    35502    1.47%          x46_43 N   1544   1543     34
   1730  1392     1101.0000    61     1106.0000     1090.0714    39344    1.44%          x21_15 N   1730   1729     30
   1960  1592     1095.0000    48     1106.0000     1090.3333    43814    1.42%          x31_30 U   1960    476     11
   2196  1799        cutoff           1106.0000     1090.3750    47338    1.41%          x34_37 U   2196   2194     30
   2408  1979     1099.0526    45     1106.0000     1090.5000    52430    1.40%          x75_72 D   2408   2407     39
   2644  2187     1100.9351   117     1106.0000     1090.8333    56243    1.37%          x25_19 N   2644   2643     18
Elapsed time = 12.53 sec. (13895.35 ticks, tree = 3.15 MB, solutions = 2)
   2864  2379     1096.0645    41     1106.0000     1091.0000    59995    1.36%          x80_82 D   2864   2863     93
   3031  2511     1097.0000    70     1106.0000     1091.1667    64586    1.34%          x53_64 U   3031   3030     14
   3190  2626     1102.2667   106     1106.0000     1091.3939    69912    1.32%          x46_52 D   3190   3189     14
   3381  2787     1101.0000    25     1106.0000     1091.5000    75280    1.31%          x84_69 U   3381   3380     53
   3599  2978     1100.5000    25     1106.0000     1091.5000    79138    1.31%          x83_89 N   3599   3598     47
   3843  3197     1100.0000    28     1106.0000     1091.5556    83218    1.31%          x80_79 D   3843   3842     35
   4030  3348     1097.5000    44     1106.0000     1091.7500    87403    1.29%          x79_73 D   4030   4029     54
   4266  3551     1093.3333    84     1106.0000     1091.8333    91049    1.28%          x24_30 N   4266   4265     11
   4457  3712     1095.4000    49     1106.0000     1091.8889    95275    1.28%          x78_71 D   4457   4456     47
   4600  3827     1104.0000    35     1106.0000     1091.9643    99963    1.27%          x81_79 N   4600   4598     33
Elapsed time = 20.86 sec. (23468.00 ticks, tree = 5.40 MB, solutions = 2)
   4766  3960     1102.5000    39     1106.0000     1092.0000   103355    1.27%          x83_89 N   4766   4764     58
*  4892  2741      integral     0     1102.0000     1092.0000   105508    0.91%
   4900  2748     1093.8333    40     1102.0000     1092.0000   105755    0.91%          x77_84 N   4900   4899     52
   5034  2844     1095.5000    42     1102.0000     1092.0000   108642    0.91%          x74_76 N   5034   5033     52
   5176  2959     1093.6111    35     1102.0000     1092.0000   111282    0.91%          x74_78 D   5176   5175     48
*  5200+   71                         1093.0000     1092.0000             0.09%
   5380    73        cutoff           1093.0000     1092.0000   113968    0.09%          x83_77 U   5380   5375     28
   5666    54     1092.0000    14     1093.0000     1092.0000   117406    0.09%          x65_61 D   5666   5665     35
   5952    57        cutoff           1093.0000     1092.0000   121811    0.09%          x77_80 U   5952   5936     26
   6168    58        cutoff           1093.0000     1092.0000   126675    0.09%          x71_72 D   6168   6167     30
   6440    76     1092.0000    50     1093.0000     1092.0000   131185    0.09%          x77_81 D   6440   6439     23
   6727    41     1092.0000    49     1093.0000     1092.0000   135852    0.09%          x84_72 D   6727   6726     25
Elapsed time = 27.46 sec. (33075.52 ticks, tree = 0.23 MB, solutions = 4)

Gomory fractional cuts applied:  1
User cuts applied:  4645

Root node processing (before b&c):
  Real time             =    0.59 sec. (1141.91 ticks)
Sequential b&c:
  Real time             =   27.31 sec. (32504.57 ticks)
                          ------------
Total (root+branch&cut) =   27.91 sec. (33646.48 ticks)

