Version identifier: 22.1.0.0 | 2022-03-09 | 1a383f8ce
CPXPARAM_Preprocessing_Reduce                    1
CPXPARAM_Threads                                 1
CPXPARAM_Preprocessing_Reformulations            0
CPXPARAM_TimeLimit                               10800
CPXPARAM_MIP_Tolerances_AbsMIPGap                0.999
CPXPARAM_MIP_Limits_TreeMemory                   20000
Legacy callback                                  BbLUID
         Disabling repeat represolve because of lazy constraint/incumbent callback.
1 of 1 MIP starts provided solutions.
MIP start 'm1' defined initial solution with objective 402.0000.
Tried aggregator 1 time.
MIP Presolve eliminated 439 rows and 0 columns.
MIP Presolve modified 101 coefficients.
Reduced MIP has 185 rows, 634 columns, and 1890 nonzeros.
Reduced MIP has 634 binaries, 0 generals, 0 SOSs, and 0 indicators.
Presolve time = 0.00 sec. (1.11 ticks)
Probing time = 0.00 sec. (1.14 ticks)
Clique table members: 185.
MIP emphasis: balance optimality and feasibility.
MIP search method: traditional branch-and-cut.
Parallel mode: none, using 1 thread.
Root relaxation solution time = 0.00 sec. (1.38 ticks)

        Nodes                                         Cuts/
   Node  Left     Objective  IInf  Best Integer    Best Bound    ItCnt     Gap         Variable B NodeID Parent  Depth

*     0+    0                          402.0000        0.0000           100.00%
      0     0      352.0000    20      402.0000      352.0000      197   12.44%
      0     0      355.0000    20      402.0000      Cuts: 19      216   11.69%
      0     0      356.5000    28      402.0000      Cuts: 12      222   11.32%
      0     0      357.1667    40      402.0000       Cuts: 8      227   11.15%
      0     0      357.2800    51      402.0000      Cuts: 16      240   11.12%
      0     0      357.5000    26      402.0000      Cuts: 12      247   11.07%
      0     0      358.5000    50      402.0000       User: 2      263   10.82%
      0     0      358.7500    87      402.0000       Cuts: 9      286   10.76%
      0     0      358.9357    95      402.0000       Cuts: 9      307   10.71%
      0     0      359.3750    43      402.0000      Cuts: 12      332   10.60%
      0     0      359.7500    49      402.0000       Cuts: 9      340   10.51%
      0     0      360.0769    79      402.0000       Cuts: 5      359   10.43%
      0     0      360.1860    96      402.0000       Cuts: 8      372   10.40%
      0     0      360.2353   101      402.0000       Cuts: 8      382   10.39%
      0     0      360.3182    50      402.0000      Cuts: 17      392   10.37%
      0     0      360.8435   102      402.0000      Cuts: 10      411   10.24%
      0     0      361.3299   100      402.0000  ZeroHalf: 10      429   10.12%
      0     0      361.7010    86      402.0000       Cuts: 9      453   10.02%
      0     0      361.9470    91      402.0000      Cuts: 14      479    9.96%
      0     0      362.2667    82      402.0000   ZeroHalf: 9      502    9.88%
      0     0      362.6443   103      402.0000   ZeroHalf: 8      526    9.79%
      0     0      362.6443    99      402.0000   ZeroHalf: 5      535    9.79%
      0     0      362.6443    79      402.0000       User: 5      536    9.79%
      0     0      362.6443   101      402.0000       User: 1      542    9.79%
      0     0      362.6443    75      402.0000       User: 2      542    9.79%
      0     0      362.6443   100      402.0000       User: 5      552    9.79%
      0     2      362.7500    82      402.0000      362.7500      552    9.76%                        0             0
Elapsed time = 0.19 sec. (200.77 ticks, tree = 0.01 MB, solutions = 1)
     40    40      392.8333    41      402.0000      365.4167     1615    9.10%          x18_20 N     40     39     27
    124   104      394.9565    59      402.0000      368.3333     2717    8.37%           x1_12 N    124    123     27
    223   170      397.0000    38      402.0000      368.7500     4371    8.27%          x27_26 D    223    222     10
    310   238      376.5000    40      402.0000      370.0000     5816    7.96%          x18_17 U    310    309      7
    376   278      374.0833    84      402.0000      370.7917     7409    7.76%          x21_20 D    376    375     11
    455   334      375.2083    73      402.0000      371.2500     9080    7.65%          x36_35 N    455     70      9
    553   417      392.9348    83      402.0000      371.5000    10391    7.59%           x6_12 D    553    552     25
    634   474      390.3333    50      402.0000      371.5455    11364    7.58%           x10_7 N    634    633     27
    725   545      386.5455    45      402.0000      372.2500    12590    7.40%          x22_20 D    725    723     18
   1115   835      395.8571    72      402.0000      375.0000    18064    6.72%           x10_7 D   1115   1114     20
Elapsed time = 2.92 sec. (3314.72 ticks, tree = 0.82 MB, solutions = 1)
   1444  1053      388.7647    68      402.0000      376.1000    23911    6.44%          x16_11 N   1444      6      5
   1772  1255        cutoff            402.0000      377.3000    30200    6.14%          x14_18 D   1772   1771     23
   2058  1418      381.8333    51      402.0000      378.4000    36310    5.87%          x16_11 U   2058   2057     14
   2340  1601      390.5000    36      402.0000      379.1429    42290    5.69%          x35_30 D   2340   2339     14
   2618  1791      388.3333    67      402.0000      379.9750    47602    5.48%          x13_18 N   2618    945     12
   2929  2008      384.3333    67      402.0000      380.6000    53349    5.32%          x18_14 D   2929   2927     17
   3189  2177      399.5714    55      402.0000      381.2500    58569    5.16%          x20_18 N   3189   3188     25
   3488  2369      389.7500    49      402.0000      381.8333    63243    5.02%          x20_16 D   3488   3487     16
   3788  2551        cutoff            402.0000      382.2877    68185    4.90%          x35_30 U   3788   3786     26
   4078  2727      392.5000    53      402.0000      382.7500    73173    4.79%           x7_19 N   4078   4077     33
Elapsed time = 9.38 sec. (12909.98 ticks, tree = 2.74 MB, solutions = 1)
   4382  2907      396.7500    51      402.0000      383.0000    78647    4.73%          x16_17 U   4382   2021      8
   4648  3048      391.3077    60      402.0000      383.4000    84227    4.63%           x7_14 D   4648   4647     28
   4909  3154      392.0000    56      402.0000      383.8333    89582    4.52%          x18_17 U   4909   2588     12
   5186  3315      396.5000    41      402.0000      384.0000    94969    4.48%          x21_14 D   5186   5185     10
   5458  3458      391.8182    46      402.0000      384.5000   100073    4.35%           x6_11 N   5458   5457     35
   5718  3597      389.6667    53      402.0000      384.8333   105455    4.27%           x8_14 N   5718   5717     23
   5975  3723        cutoff            402.0000      385.0000   110485    4.23%          x18_17 D   5975    971     38
   6229  3853      399.3333    54      402.0000      385.3333   115931    4.15%          x20_13 U   6229   4578     19
   6469  3953      396.2096    96      402.0000      385.5000   121415    4.10%          x35_30 U   6469   2739     24
   6746  4109        cutoff            402.0000      385.8750   126135    4.01%          x18_13 U   6746    969     36
Elapsed time = 14.84 sec. (22504.71 ticks, tree = 4.07 MB, solutions = 1)
   7013  4251      389.6579    55      402.0000      386.0000   130653    3.98%          x13_21 D   7013   7012     23
   7260  4364        cutoff            402.0000      386.2500   135262    3.92%          x15_22 D   7260   7259     13
   7476  4428      397.0769    65      402.0000      386.5000   140275    3.86%          x21_18 D   7476   7475     16
   7707  4482        cutoff            402.0000      386.8889   145261    3.76%          x18_19 U   7707   2136     21
   7934  4581      398.2778    59      402.0000      387.0000   150215    3.73%          x16_14 D   7934   7933     19
   8192  4691        cutoff            402.0000      387.1667   154984    3.69%           x8_16 U   8192   8191     60
   8472  4820      394.3849    79      402.0000      387.4286   159900    3.62%          x10_14 D   8472   8471     22
   8737  4971      397.3000    65      402.0000      387.5000   164567    3.61%          x16_11 D   8737   1791     18
   8974  5056        cutoff            402.0000      387.8000   169647    3.53%          x24_23 U   8974   8973     18
   9243  5168      397.5000    23      402.0000      388.0000   174241    3.48%          x25_31 D   9243   9242     26
Elapsed time = 19.93 sec. (32059.11 ticks, tree = 5.06 MB, solutions = 1)
   9519  5307        cutoff            402.0000      388.0000   178377    3.48%          x13_18 U   9519   9517     15
   9777  5440      395.4000    40      402.0000      388.0000   182889    3.48%          x22_18 D   9777   9776     32
  10007  5528      390.3333    32      402.0000      388.2000   187205    3.43%          x30_24 N  10007   9916     19
  10272  5658      398.3333    41      402.0000      388.3333   191395    3.40%          x36_42 U  10272   2576     16
  10529  5792      396.3333    34      402.0000      388.5000   195196    3.36%          x20_24 U  10529   1169     14
  10750  5859      395.1429    39      402.0000      388.6000   199143    3.33%          x10_13 D  10750  10749     31
  10986  5941      398.0000    57      402.0000      388.7778   203691    3.29%          x18_17 D  10986   2618     13
  11220  6020      399.0000    47      402.0000      389.0000   207510    3.23%           x6_12 D  11220  11219     27
  11430  6068      397.8077    72      402.0000      389.0000   212202    3.23%           x7_19 N  11430   8716     25
  11625  6105      399.2500    34      402.0000      389.1739   216495    3.19%           x9_14 D  11625  11624     21
Elapsed time = 24.74 sec. (41637.86 ticks, tree = 5.90 MB, solutions = 1)
  11873  6189      396.3333    40      402.0000      389.3333   220622    3.15%          x18_17 U  11873   8148     17
  12089  6240        cutoff            402.0000      389.5000   225104    3.11%           x7_13 U  12089  12088     19
  12323  6321        cutoff            402.0000      389.5000   229664    3.11%          x18_14 U  12323   6785     23
  12530  6357      397.9444    52      402.0000      389.7059   234414    3.06%          x21_20 U  12530   8312     19
  12725  6362      396.9641    78      402.0000      389.9733   238724    2.99%          x15_21 N  12725    604     13
  12984  6462      397.0000    24      402.0000      390.0000   243228    2.99%          x24_29 D  12984  12983     31
  13267  6570      393.0000    31      402.0000      390.0000   247391    2.99%          x36_42 N  13267  13266     18
  13575  6719      393.4023    74      402.0000      390.0000   251856    2.99%          x18_14 D  13575  13574     21
  13817  6808      394.5000    40      402.0000      390.0000   255914    2.99%           x5_12 U  13817   1347     13
  14042  6843      395.0000    21      402.0000      390.0000   260223    2.99%          x36_42 D  14042  14041     25
Elapsed time = 29.42 sec. (51218.02 ticks, tree = 6.68 MB, solutions = 1)
  14277  6917      394.9024    78      402.0000      390.1818   264825    2.94%          x24_23 U  14277  14276     14
  14509  6995      393.8480    76      402.0000      390.3333   269325    2.90%          x18_13 N  14509  14507     30
  14754  7076      397.0000    41      402.0000      390.4667   273387    2.87%          x14_18 D  14754    724     18
  14991  7147      400.7500    62      402.0000      390.5000   277642    2.86%          x15_16 U  14991  14989     16
  15198  7180      400.2500    37      402.0000      390.6667   281734    2.82%          x22_20 N  15198  15197     30
  15406  7182      394.0000    32      402.0000      390.8750   285884    2.77%          x24_32 N  15406  11259     21
  15676  7265        cutoff            402.0000      391.0000   290079    2.74%          x36_42 U  15676  13630     23
  15871  7277      400.0000    52      402.0000      391.0000   294520    2.74%           x1_14 N  15871  15870     17
  16089  7340      391.5000    29      402.0000      391.1538   298535    2.70%          x38_39 N  16089   9403     22
  16306  7342        cutoff            402.0000      391.3333   302777    2.65%          x16_17 U  16306    475     12
Elapsed time = 33.97 sec. (60788.23 ticks, tree = 7.09 MB, solutions = 1)
  16534  7366      393.3571    51      402.0000      391.5000   306880    2.61%           x7_13 N  16534   1143     16
  16735  7401      392.8426    67      402.0000      391.5000   310928    2.61%           x7_11 D  16735  16734     36
  16940  7456      400.0000    47      402.0000      391.6429   315031    2.58%          x20_16 D  16940  16939     41
  17159  7472      395.3000    73      402.0000      391.8133   319298    2.53%          x13_18 D  17159  17158     22
  17384  7498        cutoff            402.0000      392.0000   323435    2.49%           x1_19 U  17384   9530     24
  17659  7530      394.6667    30      402.0000      392.0000   327966    2.49%          x34_33 D  17659  17658     28
  17860  7534      397.5000    26      402.0000      392.0000   332409    2.49%          x20_24 D  17860  17859     25
  18050  7569        cutoff            402.0000      392.0000   336195    2.49%           x8_21 U  18050   9702     30
  18269  7586        cutoff            402.0000      392.1034   340592    2.46%          x13_23 U  18269   2352     27
  18478  7584      400.5000    55      402.0000      392.2857   344560    2.42%          x13_16 D  18478  18477     21
Elapsed time = 38.33 sec. (70350.19 ticks, tree = 7.24 MB, solutions = 1)
  18686  7585      397.8333    55      402.0000      392.3333   348613    2.40%          x36_42 U  18686  10700     23
  18907  7577        cutoff            402.0000      392.5000   352209    2.36%          x24_29 U  18907  10928     32
  19111  7572      399.1429    66      402.0000      392.5000   356019    2.36%          x13_21 D  19111  19110     41
  19333  7552      399.9167    69      402.0000      392.6667   360059    2.32%          x34_32 D  19333  19332     26
  19550  7529      399.5000    60      402.0000      392.8333   363774    2.28%          x20_18 U  19550   4616     15
  19794  7517      397.0000    29      402.0000      393.0000   367673    2.24%          x38_39 D  19794  19793     27
  20102  7499        cutoff            402.0000      393.0000   371791    2.24%          x34_32 U  20102  10782     22
  20327  7512        cutoff            402.0000      393.0000   375735    2.24%          x21_22 N  20327   3418     18
  20571  7516      400.3333    58      402.0000      393.0855   380078    2.22%           x7_13 D  20571  20570     32
  20780  7491      396.8333    42      402.0000      393.2727   383826    2.17%          x34_30 D  20780  20778     16
Elapsed time = 42.56 sec. (79923.01 ticks, tree = 7.13 MB, solutions = 1)
  20984  7490      399.2692    48      402.0000      393.3421   387836    2.15%           x7_14 D  20984  20983     37
  21190  7443      399.0000    46      402.0000      393.5000   391695    2.11%           x7_19 U  21190   2000     26
  21402  7456        cutoff            402.0000      393.5000   395021    2.11%           x13_8 D  21402  21401     36
  21610  7466      396.0000    34      402.0000      393.6667   398286    2.07%          x15_21 N  21610   4332     21
  21822  7401      398.3000    69      402.0000      393.8125   401748    2.04%           x1_13 D  21822  21821     26
  22009  7376      400.0000    63      402.0000      394.0000   405428    1.99%          x16_17 N  22009  22008     17
  22237  7295        cutoff            402.0000      394.0000   409258    1.99%          x34_33 D  22237  22236     26
  22456  7296      394.4286    59      402.0000      394.0000   413171    1.99%          x14_18 U  22456   6332     24
  22637  7254      394.5000    42      402.0000      394.0000   416846    1.99%          x15_19 U  22637   5293     25
  23476  7116        cutoff            402.0000      394.5000   429673    1.87%          x21_22 D  23476  23473     27
Elapsed time = 47.87 sec. (92353.47 ticks, tree = 7.37 MB, solutions = 1)
  24263  7006        cutoff            402.0000      394.8182   442800    1.79%          x14_17 U  24263   2447     29
  25108  6891      399.5000    48      402.0000      395.0000   456296    1.74%           x13_9 N  25108  25107     21
  25913  6749        cutoff            402.0000      395.4667   469019    1.63%           x9_14 U  25913  25912     26
  26711  6494      398.9111    78      402.0000      395.8000   481538    1.54%          x18_14 D  26711  26709     35
  27531  6245        cutoff            402.0000      396.0000   493814    1.49%          x20_13 U  27531   5500     16
  28351  5979        cutoff            402.0000      396.4167   505340    1.39%          x35_30 U  28351  18164     37
  29154  5654        cutoff            402.0000      396.8000   515678    1.29%          x20_24 D  29154  29153     17
  30028  5219      400.0247    48      402.0000      397.0122   527059    1.24%           x8_19 N  30028  20400     18
  30866  4789        cutoff            402.0000      397.5000   537476    1.12%          x17_13 U  30866  10639     16
  31698  4308        cutoff            402.0000      397.9697   546607    1.00%          x16_21 U  31698  11652     13
Elapsed time = 62.72 sec. (130529.68 ticks, tree = 5.02 MB, solutions = 1)
  32589  3802        cutoff            402.0000      398.2222   556972    0.94%           x8_14 U  32589  10422     25
  33398  3212      400.3333    40      402.0000      398.6667   564602    0.83%          x10_13 N  33398  33396     26
  34296  2626      399.7500    56      402.0000      399.0000   572934    0.75%          x20_13 N  34296  34295     23
  35218  1997        cutoff            402.0000      399.5000   580298    0.62%          x22_20 U  35218  27915     24
  36176  1266        cutoff            402.0000      400.0000   587250    0.50%          x20_18 U  36176  20657     28
  37080   452        cutoff            402.0000      400.8897   592054    0.28%          x25_29 U  37080  33346     24

Zero-half cuts applied:  16
Gomory fractional cuts applied:  2
User cuts applied:  4182

Root node processing (before b&c):
  Real time             =    0.19 sec. (201.27 ticks)
Sequential b&c:
  Real time             =   70.57 sec. (155455.97 ticks)
                          ------------
Total (root+branch&cut) =   70.76 sec. (155657.23 ticks)

