Version identifier: 22.1.0.0 | 2022-03-09 | 1a383f8ce
CPXPARAM_Preprocessing_Reduce                    1
CPXPARAM_Threads                                 1
CPXPARAM_Preprocessing_Reformulations            0
CPXPARAM_TimeLimit                               10800
CPXPARAM_MIP_Tolerances_AbsMIPGap                0.999
CPXPARAM_MIP_Limits_TreeMemory                   20000
Legacy callback                                  BbLUID
         Disabling repeat represolve because of lazy constraint/incumbent callback.
1 of 1 MIP starts provided solutions.
MIP start 'm1' defined initial solution with objective 1098.0000.
Tried aggregator 2 times.
MIP Presolve eliminated 596 rows and 1 columns.
MIP Presolve modified 188 coefficients.
Aggregator did 13 substitutions.
Reduced MIP has 350 rows, 950 columns, and 2868 nonzeros.
Reduced MIP has 950 binaries, 0 generals, 0 SOSs, and 0 indicators.
Presolve time = 0.00 sec. (1.91 ticks)
Probing time = 0.00 sec. (1.52 ticks)
Clique table members: 366.
MIP emphasis: balance optimality and feasibility.
MIP search method: traditional branch-and-cut.
Parallel mode: none, using 1 thread.
Root relaxation solution time = 0.00 sec. (1.46 ticks)

        Nodes                                         Cuts/
   Node  Left     Objective  IInf  Best Integer    Best Bound    ItCnt     Gap         Variable B NodeID Parent  Depth

*     0+    0                         1098.0000      132.0000            87.98%
      0     0     1025.0000    32     1098.0000     1004.0000      232    8.56%
      0     0     1029.5000    46     1098.0000      Cuts: 19      258    6.24%
      0     0     1030.0000    12     1098.0000      Cuts: 23      279    6.19%
      0     0     1034.5000    32     1098.0000      Cuts: 13      290    5.78%
      0     0     1035.0000    44     1098.0000      Cuts: 11      310    5.74%
      0     0     1035.1667    66     1098.0000      Cuts: 12      327    5.72%
      0     0     1035.5000    54     1098.0000      Cuts: 11      337    5.69%
      0     0     1035.5000    36     1098.0000      Cuts: 13      345    5.69%
      0     0     1035.5000    62     1098.0000      Cuts: 18      354    5.69%
      0     0     1035.5000    72     1098.0000      Cuts: 24      359    5.69%
      0     0     1035.5000    52     1098.0000       User: 5      372    5.69%
      0     0     1035.5000    58     1098.0000       User: 2      379    5.69%
      0     0     1035.5000    66     1098.0000       User: 4      391    5.69%
      0     0     1035.5000    44     1098.0000       User: 3      391    5.69%
      0     0     1035.5000    46     1098.0000       User: 5      396    5.69%
      0     0     1035.5000    28     1098.0000       User: 4      413    5.69%
      0     0     1035.5000    57     1098.0000       User: 4      418    5.69%
      0     0     1035.5000    46     1098.0000       User: 5      426    5.69%
      0     0     1035.5000    48     1098.0000       User: 1      433    5.69%
      0     0     1035.5000    52     1098.0000       User: 9      440    5.69%
      0     0     1035.5000    62     1098.0000       User: 2      452    5.69%
      0     2     1035.5000    55     1098.0000     1036.0000      452    5.65%                        0             0
Elapsed time = 0.17 sec. (224.62 ticks, tree = 0.01 MB, solutions = 1)
     35    31     1047.3167    99     1098.0000     1040.7500     1558    5.21%          x82_78 N     35     34     25
*    87    69      integral     0     1083.0000     1041.0000     2516    3.88%
    107    81     1056.8750    53     1083.0000     1043.8333     2995    3.62%          x44_48 N    107    106     12
    190   150        cutoff           1083.0000     1045.0000     4196    3.51%          x46_47 N    190    188     40
    286   235     1070.0000    50     1083.0000     1045.6667     5328    3.45%          x79_85 N    286    285     21
*   384   161      integral     0     1061.0000     1045.6667     6419    1.45%
    410   183     1052.0000    53     1061.0000     1045.8250     6762    1.43%          x60_63 N    410    409     24
*   476   126      integral     0     1053.0000     1046.0000     7919    0.66%
    537   145        cutoff           1053.0000     1046.6000     9137    0.61%          x49_44 U    537    478      8
*   576+  104                         1051.0000     1046.8667             0.39%
    708    66        cutoff           1051.0000     1049.0000    11318    0.19%          x76_80 D    708    707     10

Clique cuts applied:  1
Zero-half cuts applied:  11
Gomory fractional cuts applied:  3
User cuts applied:  1116

Root node processing (before b&c):
  Real time             =    0.17 sec. (224.65 ticks)
Sequential b&c:
  Real time             =    2.13 sec. (1778.02 ticks)
                          ------------
Total (root+branch&cut) =    2.31 sec. (2002.67 ticks)

