Version identifier: 22.1.0.0 | 2022-03-09 | 1a383f8ce
CPXPARAM_Preprocessing_Reduce                    1
CPXPARAM_Threads                                 1
CPXPARAM_Preprocessing_Reformulations            0
CPXPARAM_TimeLimit                               10800
CPXPARAM_MIP_Tolerances_AbsMIPGap                0.999
CPXPARAM_MIP_Limits_TreeMemory                   20000
Legacy callback                                  BbLUID
         Disabling repeat represolve because of lazy constraint/incumbent callback.
1 of 1 MIP starts provided solutions.
MIP start 'm1' defined initial solution with objective 421.0000.
Tried aggregator 1 time.
MIP Presolve eliminated 726 rows and 0 columns.
MIP Presolve modified 122 coefficients.
Reduced MIP has 209 rows, 768 columns, and 2453 nonzeros.
Reduced MIP has 768 binaries, 0 generals, 0 SOSs, and 0 indicators.
Presolve time = 0.00 sec. (1.58 ticks)
Probing time = 0.00 sec. (1.56 ticks)
Clique table members: 209.
MIP emphasis: balance optimality and feasibility.
MIP search method: traditional branch-and-cut.
Parallel mode: none, using 1 thread.
Root relaxation solution time = 0.00 sec. (1.25 ticks)

        Nodes                                         Cuts/
   Node  Left     Objective  IInf  Best Integer    Best Bound    ItCnt     Gap         Variable B NodeID Parent  Depth

*     0+    0                          421.0000        0.0000           100.00%
      0     0      389.5000    30      421.0000      377.0000      114   10.45%
      0     0      391.0000     8      421.0000       Cuts: 6      126    7.13%
      0     0      391.0000    15      421.0000      Cuts: 10      133    7.13%
      0     0      391.0000    12      421.0000       User: 8      133    7.13%
      0     0      395.0000    14      421.0000       User: 2      147    6.18%
      0     0      395.0000    14      421.0000       User: 1      152    6.18%
      0     0      395.0000    17      421.0000       User: 1      152    6.18%
      0     0      395.0000    17      421.0000       User: 3      171    6.18%
      0     0      395.0000    16      421.0000       User: 1      171    6.18%
      0     0      395.0000    18      421.0000       User: 2      175    6.18%
      0     0      395.0000    10      421.0000       User: 3      206    6.18%
      0     0      395.0000    10      421.0000       User: 1      211    6.18%
      0     0      395.0000    12      421.0000       User: 1      232    6.18%
      0     0      395.0000     8      421.0000       User: 6      232    6.18%
      0     0      395.4000    43      421.0000       User: 2      274    6.08%
      0     0      395.4000    43      421.0000       User: 3      276    6.08%
      0     2      395.4000    41      421.0000      395.4000      276    6.08%                        0             0
Elapsed time = 0.16 sec. (171.56 ticks, tree = 0.01 MB, solutions = 1)
     43    40      414.0000    26      421.0000      396.5000     1139    5.82%          x36_25 N     43     42     22
    120    99      402.3333    43      421.0000      398.0000     2475    5.46%          x23_31 D    120    119     17
    203   162      415.2750    66      421.0000      398.0000     4339    5.46%          x23_16 D    203    202     25
    289   228      403.5909    82      421.0000      398.0000     6022    5.46%          x29_32 N    289    288     16
    368   295      412.0571    43      421.0000      398.0625     7085    5.45%           x7_15 N    368    367     38
    453   361      407.0606    62      421.0000      398.5000     8714    5.34%          x27_31 N    453    452     29
    553   439      408.7500    71      421.0000      398.5000    10375    5.34%          x24_32 N    553    552      6
    628   489      412.3542    53      421.0000      399.1500    12363    5.19%          x34_29 D    628    627     13
    731   566      406.1865    70      421.0000      399.5500    14098    5.10%          x30_28 N    731     59     10
   1050   803      409.2500    31      421.0000      401.0000    21006    4.75%          x32_31 U   1050   1049     20
Elapsed time = 2.59 sec. (3327.42 ticks, tree = 0.75 MB, solutions = 1)
   1314   982      406.3571    73      421.0000      401.5000    27614    4.63%          x28_29 U   1314   1313     15
   1608  1178      407.6667    43      421.0000      402.5000    34366    4.39%          x25_35 D   1608   1607     12
   1875  1348      419.2080    69      421.0000      403.3333    41025    4.20%          x30_28 D   1875   1873     24
   2160  1540      416.0000    20      421.0000      403.8462    47637    4.07%          x28_29 U   2160   2159     17
   2420  1707      412.3333    86      421.0000      404.4000    53415    3.94%          x22_31 D   2420   2419     16
   2706  1905      412.2222    44      421.0000      405.0000    58987    3.80%          x32_31 U   2706   2705     17
   2963  2077      418.0357    86      421.0000      405.0000    64423    3.80%          x36_35 D   2963   2962     28
   3220  2262      415.0000    35      421.0000      405.4000    69069    3.71%          x33_32 D   3220   3219     11
   3429  2384      413.0000    35      421.0000      405.6667    73644    3.64%           x9_18 D   3429   3428     31
   3657  2502      419.0000    53      421.0000      406.0000    79166    3.56%          x28_27 U   3657    151     14
Elapsed time = 8.54 sec. (12893.66 ticks, tree = 4.16 MB, solutions = 1)
   3886  2638    infeasible            421.0000      406.2143    84637    3.51%          x14_10 N   3886   3885     32
   4110  2800      417.3478    87      421.0000      406.4474    88668    3.46%          x34_32 D   4110   4109     26
   4335  2919        cutoff            421.0000      406.6111    93803    3.42%          x24_31 U   4335   2101     18
   4521  2987      418.7000    48      421.0000      407.0000    98940    3.33%          x31_23 U   4521   4520     31
   4711  3061      411.3137   100      421.0000      407.0000   103682    3.33%          x27_25 D   4711   4710     12
   4849  3147        cutoff            421.0000      407.2324   106811    3.27%          x20_21 U   4849   4847     57
   5042  3232      414.3000    63      421.0000      407.5000   111814    3.21%          x24_31 D   5042   5041     18
   5200  3314      409.3333    30      421.0000      407.5476   116818    3.20%          x22_31 N   5200   4361     22
   5369  3418      415.8857    73      421.0000      407.6667   120622    3.17%          x29_24 D   5369   5368     26
   5531  3501      411.3333    23      421.0000      407.8889   124790    3.11%           x4_22 U   5531   3042     48
Elapsed time = 13.82 sec. (22462.55 ticks, tree = 5.03 MB, solutions = 1)
   5720  3588      409.8000    64      421.0000      408.0000   129168    3.09%          x28_29 D   5720   3145     17
   5909  3680      415.1333    67      421.0000      408.0000   134148    3.09%          x30_24 U   5909   1346     22
   6122  3820      413.5000    36      421.0000      408.1026   137489    3.06%          x32_31 D   6122   2756     16
*  6189  1250      integral     0      413.0000      408.1667   139135    1.17%
   6308  1288      409.4667    35      413.0000      408.2500   141016    1.15%          x12_11 D   6308   6307     36
   6497  1307        cutoff            413.0000      408.5000   144214    1.09%           x0_13 D   6497   6496     41
   6683  1238        cutoff            413.0000      408.8333   148015    1.01%          x34_30 U   6683   6681     22
   6858  1231      411.0000    41      413.0000      409.0000   151842    0.97%          x36_35 D   6858   6857     13
   7068  1168        cutoff            413.0000      409.2500   155644    0.91%           x5_22 D   7068   7067     39
*  7138   307      integral     0      411.0000      409.3333   156532    0.41%          x11_15 D   7138   7137     27
   7392    63        cutoff            411.0000      410.0000   158101    0.24%           x7_16 U   7392   2891     23
Elapsed time = 18.06 sec. (31345.06 ticks, tree = 0.23 MB, solutions = 3)

Zero-half cuts applied:  2
Gomory fractional cuts applied:  1
User cuts applied:  3344

Root node processing (before b&c):
  Real time             =    0.16 sec. (171.59 ticks)
Sequential b&c:
  Real time             =   18.03 sec. (31536.45 ticks)
                          ------------
Total (root+branch&cut) =   18.19 sec. (31708.04 ticks)

