Version identifier: 22.1.0.0 | 2022-03-09 | 1a383f8ce
CPXPARAM_Preprocessing_Reduce                    1
CPXPARAM_Threads                                 1
CPXPARAM_Preprocessing_Reformulations            0
CPXPARAM_TimeLimit                               10800
CPXPARAM_MIP_Tolerances_AbsMIPGap                0.999
CPXPARAM_MIP_Limits_TreeMemory                   20000
Legacy callback                                  BbLUID
         Disabling repeat represolve because of lazy constraint/incumbent callback.
1 of 1 MIP starts provided solutions.
MIP start 'm1' defined initial solution with objective 394.0000.
Tried aggregator 2 times.
MIP Presolve eliminated 481 rows and 0 columns.
MIP Presolve modified 95 coefficients.
Aggregator did 5 substitutions.
Reduced MIP has 171 rows, 543 columns, and 1684 nonzeros.
Reduced MIP has 543 binaries, 0 generals, 0 SOSs, and 0 indicators.
Presolve time = 0.00 sec. (1.22 ticks)
Probing time = 0.00 sec. (0.98 ticks)
Clique table members: 171.
MIP emphasis: balance optimality and feasibility.
MIP search method: traditional branch-and-cut.
Parallel mode: none, using 1 thread.
Root relaxation solution time = 0.00 sec. (0.83 ticks)

        Nodes                                         Cuts/
   Node  Left     Objective  IInf  Best Integer    Best Bound    ItCnt     Gap         Variable B NodeID Parent  Depth

*     0+    0                          394.0000       30.0000            92.39%
      0     0      333.5000    32      394.0000      324.0000      116   17.77%
      0     0      337.5000    39      394.0000      Cuts: 13      134   14.34%
      0     0      340.2778    65      394.0000      Cuts: 20      164   13.64%
      0     0      342.2500    66      394.0000      Cuts: 17      183   13.13%
      0     0      343.4286    49      394.0000       Cuts: 7      195   12.84%
      0     0      344.0000    52      394.0000      Cuts: 25      202   12.69%
      0     0      346.3000    57      394.0000      Cuts: 22      221   12.11%
      0     0      347.2727    68      394.0000      Cuts: 19      240   11.86%
      0     0      347.8571    76      394.0000       Cuts: 8      266   11.71%
      0     0      347.8750    74      394.0000       User: 3      267   11.71%
      0     0      357.5714    82      394.0000      Cuts: 10      285    9.25%
      0     0      358.6923    78      394.0000      Cuts: 19      310    8.96%
      0     0      361.8559    96      394.0000       Cuts: 8      321    8.16%
      0     0      362.2403    99      394.0000   ZeroHalf: 1      341    8.06%
      0     0      362.4286    62      394.0000      Cuts: 12      357    8.01%
      0     0      362.5000    34      394.0000      Cuts: 15      368    7.99%
      0     0      362.6471    76      394.0000      Cuts: 14      397    7.96%
      0     0      362.7143    89      394.0000       Cuts: 4      412    7.94%
      0     2      363.1889    94      394.0000      363.3000      412    7.79%                        0             0
Elapsed time = 0.15 sec. (212.15 ticks, tree = 0.01 MB, solutions = 1)
     32    23        cutoff            394.0000      368.5000     1299    6.47%          x16_15 U     32     31     19
*    43    26      integral     0      388.0000      369.3622     1767    4.80%
    126    49      380.8889    76      388.0000      376.2500     4023    3.03%          x30_28 D    126     75      6
*   234    57      integral     0      387.0000      381.0588     7339    1.54%          x19_21 U    234    232     10
*   254    33      integral     0      386.0000      382.0000     7832    1.04%

Zero-half cuts applied:  23
Gomory fractional cuts applied:  1
User cuts applied:  603

Root node processing (before b&c):
  Real time             =    0.15 sec. (211.98 ticks)
Sequential b&c:
  Real time             =    0.59 sec. (773.38 ticks)
                          ------------
Total (root+branch&cut) =    0.74 sec. (985.36 ticks)

