Version identifier: 22.1.0.0 | 2022-03-09 | 1a383f8ce
CPXPARAM_Preprocessing_Reduce                    1
CPXPARAM_Threads                                 1
CPXPARAM_Preprocessing_Reformulations            0
CPXPARAM_TimeLimit                               10800
CPXPARAM_MIP_Tolerances_AbsMIPGap                0.999
CPXPARAM_MIP_Limits_TreeMemory                   20000
Legacy callback                                  BbLUID
         Disabling repeat represolve because of lazy constraint/incumbent callback.
1 of 1 MIP starts provided solutions.
MIP start 'm1' defined initial solution with objective 167.0000.
Tried aggregator 1 time.
MIP Presolve eliminated 1106 rows and 0 columns.
MIP Presolve modified 189 coefficients.
Reduced MIP has 261 rows, 944 columns, and 3178 nonzeros.
Reduced MIP has 944 binaries, 0 generals, 0 SOSs, and 0 indicators.
Presolve time = 0.00 sec. (2.14 ticks)
Probing time = 0.00 sec. (2.31 ticks)
Clique table members: 261.
MIP emphasis: balance optimality and feasibility.
MIP search method: traditional branch-and-cut.
Parallel mode: none, using 1 thread.
Root relaxation solution time = 0.00 sec. (1.56 ticks)

        Nodes                                         Cuts/
   Node  Left     Objective  IInf  Best Integer    Best Bound    ItCnt     Gap         Variable B NodeID Parent  Depth

*     0+    0                          167.0000        0.0000           100.00%
      0     0      158.0000    10      167.0000      158.0000      113    5.39%
      0     0      158.0000    18      167.0000       User: 2      113    5.39%
      0     0      162.5000    14      167.0000      User: 18      135    2.69%
      0     0      162.5000    26      167.0000      User: 12      140    2.69%
      0     0      162.5000     6      167.0000       User: 4      146    2.69%
      0     0      162.5000    14      167.0000      User: 17      150    2.69%
      0     0      162.5000    14      167.0000       User: 3      163    2.69%
      0     0      162.5000    44      167.0000      User: 17      175    2.69%
      0     2      163.0000    29      167.0000      163.0000      180    2.40%                        0             0
Elapsed time = 0.04 sec. (49.51 ticks, tree = 0.01 MB, solutions = 1)
*    19     4      integral     0      166.0000      165.0000      480    0.60%

User cuts applied:  290

Root node processing (before b&c):
  Real time             =    0.04 sec. (47.85 ticks)
Sequential b&c:
  Real time             =    0.04 sec. (57.23 ticks)
                          ------------
Total (root+branch&cut) =    0.08 sec. (105.08 ticks)

