Version identifier: 22.1.0.0 | 2022-03-09 | 1a383f8ce
CPXPARAM_Preprocessing_Reduce                    1
CPXPARAM_Threads                                 1
CPXPARAM_Preprocessing_Reformulations            0
CPXPARAM_TimeLimit                               10800
CPXPARAM_MIP_Tolerances_AbsMIPGap                0.999
CPXPARAM_MIP_Limits_TreeMemory                   20000
Legacy callback                                  BbLUID
         Disabling repeat represolve because of lazy constraint/incumbent callback.
1 of 1 MIP starts provided solutions.
MIP start 'm1' defined initial solution with objective 179.0000.
Tried aggregator 1 time.
MIP Presolve eliminated 55 rows and 3 columns.
MIP Presolve modified 27 coefficients.
Reduced MIP has 61 rows, 261 columns, and 639 nonzeros.
Reduced MIP has 261 binaries, 0 generals, 0 SOSs, and 0 indicators.
Presolve time = 0.00 sec. (0.27 ticks)
Probing time = 0.00 sec. (0.42 ticks)
Clique table members: 61.
MIP emphasis: balance optimality and feasibility.
MIP search method: traditional branch-and-cut.
Parallel mode: none, using 1 thread.
Root relaxation solution time = 0.00 sec. (0.17 ticks)

        Nodes                                         Cuts/
   Node  Left     Objective  IInf  Best Integer    Best Bound    ItCnt     Gap         Variable B NodeID Parent  Depth

*     0+    0                          179.0000       37.0000            79.33%
      0     0      176.5000    12      179.0000      176.0000       16    1.68%
      0     0      177.0000    30      179.0000       Cuts: 9       22    1.12%
      0     0      177.0000    29      179.0000      Cuts: 14       27    1.12%
      0     0      177.0000    30      179.0000   ZeroHalf: 4       34    1.12%
      0     0      177.0000    12      179.0000       User: 7       39    1.12%
      0     0      177.0000    25      179.0000       Cuts: 8       42    1.12%
      0     0      177.0000    26      179.0000       User: 3       42    1.12%
      0     0      177.0000    25      179.0000       User: 2       44    1.12%
      0     0      177.0000    14      179.0000       User: 5       45    1.12%
      0     0      177.0000    14      179.0000       User: 3       46    1.12%
      0     0      177.0000    26      179.0000       User: 1       49    1.12%
      0     0      177.0000    25      179.0000       User: 2       52    1.12%
      0     0      177.0000    17      179.0000       User: 1       53    1.12%
      0     0      177.0000    24      179.0000       User: 5       55    1.12%
      0     0      177.0000    22      179.0000       User: 3       55    1.12%
      0     2      177.0000    22      179.0000      177.0000       55    1.12%                        0             0
Elapsed time = 0.04 sec. (23.18 ticks, tree = 0.01 MB, solutions = 1)

Zero-half cuts applied:  1
Gomory fractional cuts applied:  1
User cuts applied:  110

Root node processing (before b&c):
  Real time             =    0.04 sec. (23.18 ticks)
Sequential b&c:
  Real time             =    0.01 sec. (5.98 ticks)
                          ------------
Total (root+branch&cut) =    0.05 sec. (29.15 ticks)

