Version identifier: 22.1.0.0 | 2022-03-09 | 1a383f8ce
CPXPARAM_Preprocessing_Reduce                    1
CPXPARAM_Threads                                 1
CPXPARAM_Preprocessing_Reformulations            0
CPXPARAM_TimeLimit                               10800
CPXPARAM_MIP_Tolerances_AbsMIPGap                0.999
CPXPARAM_MIP_Limits_TreeMemory                   20000
Legacy callback                                  BbLUID
         Disabling repeat represolve because of lazy constraint/incumbent callback.
1 of 1 MIP starts provided solutions.
MIP start 'm1' defined initial solution with objective 169.0000.
Tried aggregator 1 time.
MIP Presolve eliminated 34 rows and 3 columns.
MIP Presolve modified 27 coefficients.
Reduced MIP has 61 rows, 265 columns, and 627 nonzeros.
Reduced MIP has 265 binaries, 0 generals, 0 SOSs, and 0 indicators.
Presolve time = 0.00 sec. (0.26 ticks)
Probing time = 0.00 sec. (0.42 ticks)
Clique table members: 61.
MIP emphasis: balance optimality and feasibility.
MIP search method: traditional branch-and-cut.
Parallel mode: none, using 1 thread.
Root relaxation solution time = 0.00 sec. (0.18 ticks)

        Nodes                                         Cuts/
   Node  Left     Objective  IInf  Best Integer    Best Bound    ItCnt     Gap         Variable B NodeID Parent  Depth

*     0+    0                          169.0000       37.0000            78.11%
      0     0      161.0000    10      169.0000      160.0000       31    5.33%
      0     0      161.0000    12      169.0000       User: 3       33    4.73%
      0     0      161.0000    12      169.0000       User: 1       33    4.73%
      0     2      161.0000    14      169.0000      161.0000       33    4.73%                        0             0
Elapsed time = 0.02 sec. (11.17 ticks, tree = 0.01 MB, solutions = 1)

Cover cuts applied:  1
User cuts applied:  156

Root node processing (before b&c):
  Real time             =    0.02 sec. (11.16 ticks)
Sequential b&c:
  Real time             =    0.06 sec. (26.08 ticks)
                          ------------
Total (root+branch&cut) =    0.08 sec. (37.24 ticks)

