Version identifier: 22.1.0.0 | 2022-03-09 | 1a383f8ce
CPXPARAM_Preprocessing_Reduce                    1
CPXPARAM_Threads                                 1
CPXPARAM_Preprocessing_Reformulations            0
CPXPARAM_TimeLimit                               10800
CPXPARAM_MIP_Tolerances_AbsMIPGap                0.999
CPXPARAM_MIP_Limits_TreeMemory                   20000
Legacy callback                                  BbLUID
         Disabling repeat represolve because of lazy constraint/incumbent callback.
1 of 1 MIP starts provided solutions.
MIP start 'm1' defined initial solution with objective 190.0000.
Tried aggregator 1 time.
MIP Presolve eliminated 140 rows and 3 columns.
MIP Presolve modified 31 coefficients.
Reduced MIP has 65 rows, 226 columns, and 666 nonzeros.
Reduced MIP has 226 binaries, 0 generals, 0 SOSs, and 0 indicators.
Presolve time = 0.00 sec. (0.35 ticks)
Probing time = 0.00 sec. (0.36 ticks)
Clique table members: 65.
MIP emphasis: balance optimality and feasibility.
MIP search method: traditional branch-and-cut.
Parallel mode: none, using 1 thread.
Root relaxation solution time = 0.00 sec. (0.20 ticks)

        Nodes                                         Cuts/
   Node  Left     Objective  IInf  Best Integer    Best Bound    ItCnt     Gap         Variable B NodeID Parent  Depth

*     0+    0                          190.0000       37.0000            80.53%
      0     0      181.0000    16      190.0000      180.0000       26    5.26%
      0     0      182.0714    28      190.0000       Cuts: 9       33    4.17%
      0     0      183.0000    12      190.0000       Cuts: 9       37    3.68%
      0     0      183.0769    26      190.0000       Cuts: 8       43    3.64%
      0     0      183.1818    29      190.0000       Cuts: 7       49    3.59%
      0     0      183.3333    26      190.0000  ZeroHalf: 10       57    3.51%
      0     0      183.4286    32      190.0000       Cuts: 7       64    3.46%
      0     0      183.5625    41      190.0000  ZeroHalf: 13       73    3.39%
      0     0      183.5714    31      190.0000   ZeroHalf: 8       79    3.38%
      0     0      183.6000    42      190.0000      Cuts: 10       83    3.37%
      0     0      183.6098    44      190.0000   ZeroHalf: 4       91    3.36%
      0     0      183.7143    30      190.0000   ZeroHalf: 6      101    3.31%
      0     0      183.7308    38      190.0000   ZeroHalf: 4      105    3.30%
      0     0      183.7308    38      190.0000       User: 1      106    3.30%
      0     2      183.7368    33      190.0000      184.0000      109    3.16%                        0             0
Elapsed time = 0.05 sec. (33.21 ticks, tree = 0.01 MB, solutions = 1)

Zero-half cuts applied:  7
Gomory fractional cuts applied:  1
User cuts applied:  111

Root node processing (before b&c):
  Real time             =    0.05 sec. (31.38 ticks)
Sequential b&c:
  Real time             =    0.06 sec. (27.49 ticks)
                          ------------
Total (root+branch&cut) =    0.11 sec. (58.87 ticks)

