Version identifier: 22.1.0.0 | 2022-03-09 | 1a383f8ce
CPXPARAM_Preprocessing_Reduce                    1
CPXPARAM_Threads                                 1
CPXPARAM_Preprocessing_Reformulations            0
CPXPARAM_TimeLimit                               10800
CPXPARAM_MIP_Tolerances_AbsMIPGap                0.999
CPXPARAM_MIP_Limits_TreeMemory                   20000
Legacy callback                                  BbLUID
         Disabling repeat represolve because of lazy constraint/incumbent callback.
1 of 1 MIP starts provided solutions.
MIP start 'm1' defined initial solution with objective 182.0000.
Tried aggregator 1 time.
MIP Presolve eliminated 103 rows and 3 columns.
MIP Presolve modified 23 coefficients.
Reduced MIP has 58 rows, 253 columns, and 643 nonzeros.
Reduced MIP has 253 binaries, 0 generals, 0 SOSs, and 0 indicators.
Presolve time = 0.00 sec. (0.30 ticks)
Probing time = 0.00 sec. (0.40 ticks)
Clique table members: 58.
MIP emphasis: balance optimality and feasibility.
MIP search method: traditional branch-and-cut.
Parallel mode: none, using 1 thread.
Root relaxation solution time = 0.00 sec. (0.24 ticks)

        Nodes                                         Cuts/
   Node  Left     Objective  IInf  Best Integer    Best Bound    ItCnt     Gap         Variable B NodeID Parent  Depth

*     0+    0                          182.0000       37.0000            79.67%
      0     0      176.0000     8      182.0000      176.0000       34    3.30%
      0     0      177.0000    18      182.0000       Cuts: 6       36    2.75%
      0     0      177.0000     8      182.0000       Cuts: 8       37    2.75%
      0     0      177.5000    12      182.0000       Cuts: 3       39    2.47%
      0     0      177.5000    14      182.0000       User: 2       40    2.47%
      0     2      178.0000    19      182.0000      178.0000       41    2.20%                        0             0
Elapsed time = 0.02 sec. (10.99 ticks, tree = 0.01 MB, solutions = 1)

Zero-half cuts applied:  1
User cuts applied:  118

Root node processing (before b&c):
  Real time             =    0.02 sec. (10.06 ticks)
Sequential b&c:
  Real time             =    0.03 sec. (15.51 ticks)
                          ------------
Total (root+branch&cut) =    0.05 sec. (25.57 ticks)

