Version identifier: 22.1.0.0 | 2022-03-09 | 1a383f8ce
CPXPARAM_Preprocessing_Reduce                    1
CPXPARAM_Threads                                 1
CPXPARAM_Preprocessing_Reformulations            0
CPXPARAM_TimeLimit                               10800
CPXPARAM_MIP_Tolerances_AbsMIPGap                0.999
CPXPARAM_MIP_Limits_TreeMemory                   20000
Legacy callback                                  BbLUID
         Disabling repeat represolve because of lazy constraint/incumbent callback.
1 of 1 MIP starts provided solutions.
MIP start 'm1' defined initial solution with objective 149.0000.
Tried aggregator 1 time.
MIP Presolve eliminated 15 rows and 2 columns.
MIP Presolve modified 11 coefficients.
Reduced MIP has 29 rows, 52 columns, and 142 nonzeros.
Reduced MIP has 52 binaries, 0 generals, 0 SOSs, and 0 indicators.
Presolve time = 0.00 sec. (0.07 ticks)
Probing time = 0.00 sec. (0.05 ticks)
Clique table members: 29.
MIP emphasis: balance optimality and feasibility.
MIP search method: traditional branch-and-cut.
Parallel mode: none, using 1 thread.
Root relaxation solution time = 0.00 sec. (0.05 ticks)

        Nodes                                         Cuts/
   Node  Left     Objective  IInf  Best Integer    Best Bound    ItCnt     Gap         Variable B NodeID Parent  Depth

*     0+    0                          149.0000       27.0000            81.88%
      0     0      148.0000     8      149.0000      148.0000       10    0.67%
      0     0        cutoff            149.0000                     15    0.00%                        0             0
Elapsed time = 0.00 sec. (0.91 ticks, tree = 0.01 MB, solutions = 1)

User cuts applied:  27

Root node processing (before b&c):
  Real time             =    0.00 sec. (0.91 ticks)
Sequential b&c:
  Real time             =    0.00 sec. (0.00 ticks)
                          ------------
Total (root+branch&cut) =    0.00 sec. (0.91 ticks)

