Version identifier: 22.1.0.0 | 2022-03-09 | 1a383f8ce
CPXPARAM_Preprocessing_Reduce                    1
CPXPARAM_Threads                                 1
CPXPARAM_Preprocessing_Reformulations            0
CPXPARAM_TimeLimit                               10800
CPXPARAM_MIP_Tolerances_AbsMIPGap                0.999
CPXPARAM_MIP_Limits_TreeMemory                   20000
Legacy callback                                  BbLUID
         Disabling repeat represolve because of lazy constraint/incumbent callback.
1 of 1 MIP starts provided solutions.
MIP start 'm1' defined initial solution with objective 2527.0000.
Tried aggregator 2 times.
MIP Presolve eliminated 2920 rows and 0 columns.
MIP Presolve modified 598 coefficients.
Aggregator did 2 substitutions.
Reduced MIP has 981 rows, 3090 columns, and 10022 nonzeros.
Reduced MIP has 3090 binaries, 0 generals, 0 SOSs, and 0 indicators.
Presolve time = 0.00 sec. (7.67 ticks)
Probing time = 0.00 sec. (2.53 ticks)
Clique table members: 981.
MIP emphasis: balance optimality and feasibility.
MIP search method: traditional branch-and-cut.
Parallel mode: none, using 1 thread.
Root relaxation solution time = 0.01 sec. (10.00 ticks)

        Nodes                                         Cuts/
   Node  Left     Objective  IInf  Best Integer    Best Bound    ItCnt     Gap         Variable B NodeID Parent  Depth

*     0+    0                         2527.0000        0.0000           100.00%
      0     0     2364.7500    65     2527.0000     2342.0000      947    7.32%
      0     0     2372.0000    30     2527.0000      Cuts: 64     1038    6.13%
      0     0     2376.0000    59     2527.0000      Cuts: 45     1080    5.98%
      0     0     2376.0000    36     2527.0000      Cuts: 34     1098    5.98%
      0     0     2378.0000    38     2527.0000      Cuts: 23     1112    5.90%
      0     0     2379.0000    77     2527.0000      Cuts: 11     1136    5.86%
      0     0     2379.0000    69     2527.0000      Cuts: 16     1145    5.86%
      0     0     2379.0000    27     2527.0000      Cuts: 29     1157    5.86%
      0     0     2380.0000    73     2527.0000      Cuts: 20     1173    5.82%
      0     0     2380.0000    52     2527.0000       Cuts: 8     1188    5.82%
      0     0     2382.5000    38     2527.0000      Cuts: 13     1195    5.72%
      0     0     2383.5000    76     2527.0000      Cuts: 12     1226    5.68%
      0     0     2383.7143    68     2527.0000      Cuts: 14     1244    5.67%
      0     0     2383.7500    50     2527.0000      Cuts: 13     1248    5.67%
      0     0     2383.7500    69     2527.0000      Cuts: 18     1262    5.67%
      0     0     2383.7500    54     2527.0000       User: 6     1266    5.67%
      0     0     2383.7500    55     2527.0000       User: 4     1267    5.67%
      0     0     2387.4167    72     2527.0000       User: 6     1287    5.52%
      0     0     2387.6667    59     2527.0000       User: 5     1298    5.51%
      0     0     2388.1190    80     2527.0000       User: 9     1307    5.50%
      0     0     2388.5000   123     2527.0000       User: 3     1356    5.48%
      0     0     2388.5833    99     2527.0000       User: 9     1362    5.48%
      0     0     2388.5833   110     2527.0000       User: 8     1373    5.48%
      0     0     2388.5833   104     2527.0000      User: 10     1373    5.48%
      0     0     2388.7857   113     2527.0000       User: 5     1380    5.47%
      0     0     2388.7857    99     2527.0000       User: 6     1381    5.47%
      0     0     2388.7857   112     2527.0000       User: 8     1396    5.47%
      0     0     2388.7857    95     2527.0000       User: 8     1396    5.47%
      0     0     2388.7857   142     2527.0000      User: 12     1419    5.47%
      0     0     2389.1190   153     2527.0000      User: 12     1450    5.46%
      0     0     2389.1190   121     2527.0000       User: 7     1467    5.46%
      0     0     2389.1190   133     2527.0000       User: 5     1483    5.46%
      0     0     2389.1190   109     2527.0000       User: 7     1483    5.46%
      0     0     2389.1190   111     2527.0000       User: 9     1487    5.46%
      0     0     2389.1190   130     2527.0000       User: 7     1501    5.46%
      0     0     2389.1190   126     2527.0000       User: 3     1547    5.46%
      0     0     2389.1190   126     2527.0000      User: 18     1588    5.46%
      0     0     2389.1190   144     2527.0000       User: 7     1612    5.46%
      0     0     2389.1190   104     2527.0000       User: 3     1614    5.46%
      0     0     2389.1190   144     2527.0000       User: 9     1644    5.46%
      0     0     2389.1190   115     2527.0000      User: 16     1644    5.46%
      0     0     2389.1190   124     2527.0000      User: 11     1650    5.46%
      0     0     2389.1190   110     2527.0000       User: 7     1650    5.46%
      0     0     2389.1190   107     2527.0000      User: 11     1672    5.46%
      0     0     2389.1190   149     2527.0000      User: 19     1678    5.46%
      0     0     2389.1190   123     2527.0000       User: 3     1678    5.46%
      0     0     2389.1190   140     2527.0000       User: 4     1689    5.46%
      0     0     2389.1190   117     2527.0000       User: 7     1700    5.46%
      0     0     2389.1190   118     2527.0000      User: 11     1715    5.46%
      0     0     2389.1190   121     2527.0000      User: 14     1734    5.46%
      0     0     2389.1190   114     2527.0000       User: 2     1734    5.46%
      0     0     2389.1190   123     2527.0000      User: 13     1747    5.46%
      0     0     2389.1190   106     2527.0000       User: 2     1747    5.46%
      0     0     2389.1190   114     2527.0000       User: 5     1751    5.46%
      0     0     2389.1190   112     2527.0000       User: 2     1751    5.46%
      0     0     2389.1190   127     2527.0000       User: 4     1775    5.46%
      0     0     2389.1190   104     2527.0000       User: 5     1775    5.46%
      0     0     2389.1190   116     2527.0000       User: 2     1822    5.46%
      0     0     2389.1190   116     2527.0000      User: 10     1839    5.46%
      0     0     2389.1190   143     2527.0000      User: 10     1846    5.46%
      0     0     2389.1190   130     2527.0000      User: 15     1846    5.46%
      0     0     2389.1190   127     2527.0000       User: 7     1849    5.46%
      0     0     2389.1190   125     2527.0000       User: 4     1859    5.46%
      0     0     2389.1190   142     2527.0000      User: 10     1879    5.46%
      0     0     2389.1190   138     2527.0000       User: 9     1881    5.46%
      0     0     2389.1190   130     2527.0000      User: 10     1887    5.46%
      0     0     2389.1190   124     2527.0000       User: 5     1893    5.46%
      0     0     2389.1190   110     2527.0000       User: 3     1893    5.46%
      0     0     2389.1190   118     2527.0000      User: 12     1906    5.46%
      0     0     2389.1190   117     2527.0000      User: 10     1911    5.46%
      0     0     2389.1190   119     2527.0000       User: 8     1937    5.46%
      0     0     2389.1190   112     2527.0000      User: 11     1944    5.46%
      0     0     2389.1190   116     2527.0000       User: 3     1958    5.46%
      0     0     2389.1190   111     2527.0000       User: 2     1958    5.46%
      0     0     2389.1190   119     2527.0000       User: 5     1975    5.46%
      0     0     2389.1190   114     2527.0000       User: 8     1976    5.46%
      0     0     2389.1190   118     2527.0000       User: 1     1977    5.46%
      0     0     2389.1190   117     2527.0000       User: 3     1977    5.46%
      0     0     2389.1190   115     2527.0000       User: 3     1980    5.46%
      0     0     2389.1190   123     2527.0000       User: 2     2019    5.46%
      0     0     2389.1190   116     2527.0000       User: 5     2019    5.46%
      0     0     2389.1190   126     2527.0000      User: 11     2034    5.46%
      0     0     2389.1190   127     2527.0000       User: 9     2049    5.46%
      0     0     2389.1190   137     2527.0000      User: 14     2070    5.46%
      0     0     2389.1190   122     2527.0000      User: 11     2070    5.46%
      0     0     2389.1190   132     2527.0000      User: 10     2088    5.46%
      0     0     2389.1190   128     2527.0000      User: 10     2092    5.46%
      0     0     2389.1190   120     2527.0000      User: 11     2092    5.46%
      0     0     2389.1190   134     2527.0000       User: 7     2119    5.46%
      0     0     2389.1190   185     2527.0000       User: 3     2197    5.46%
      0     0     2389.1190   114     2527.0000       User: 5     2197    5.46%
      0     0     2389.1190   109     2527.0000       User: 2     2203    5.46%
      0     0     2389.1190   109     2527.0000       User: 1     2216    5.46%
      0     0     2389.1190   146     2527.0000      User: 11     2228    5.46%
      0     0     2389.1190   120     2527.0000       User: 5     2228    5.46%
      0     0     2389.1190   120     2527.0000       User: 6     2235    5.46%
      0     0     2389.1190   114     2527.0000       User: 5     2236    5.46%
      0     0     2389.1190   158     2527.0000       User: 1     2302    5.46%
      0     0     2389.1190   128     2527.0000       User: 9     2302    5.46%
      0     0     2389.1190   115     2527.0000       User: 7     2307    5.46%
      0     0     2389.1190   139     2527.0000       User: 1     2353    5.46%
      0     0     2389.1190   119     2527.0000       User: 3     2353    5.46%
      0     0     2389.1190   138     2527.0000       User: 7     2360    5.46%
      0     0     2389.1190   117     2527.0000       User: 9     2360    5.46%
      0     0     2389.1190   128     2527.0000       User: 7     2371    5.46%
      0     0     2389.1190   133     2527.0000       User: 5     2373    5.46%
      0     0     2389.1190   161     2527.0000       User: 1     2456    5.46%
      0     0     2389.1190   109     2527.0000      User: 17     2456    5.46%
      0     0     2389.1190   139     2527.0000      User: 15     2538    5.46%
      0     0     2389.1190   110     2527.0000       User: 7     2538    5.46%
      0     0     2389.1190   133     2527.0000      User: 14     2593    5.46%
      0     0     2389.1190   122     2527.0000       User: 8     2593    5.46%
      0     0     2389.1190   167     2527.0000       User: 3     2651    5.46%
      0     0     2389.1190   128     2527.0000       User: 4     2660    5.46%
      0     0     2389.1190   130     2527.0000      User: 14     2687    5.46%
      0     0     2389.1190   118     2527.0000       User: 7     2750    5.46%
      0     0     2389.1190   123     2527.0000      User: 18     2787    5.46%
      0     0     2389.1190   126     2527.0000      User: 10     2811    5.46%
      0     0     2389.1190   120     2527.0000       User: 6     2815    5.46%
      0     0     2389.1190   108     2527.0000       User: 9     2827    5.46%
      0     0     2389.1190   125     2527.0000      User: 12     2839    5.46%
      0     0     2389.1190   119     2527.0000       User: 8     2850    5.46%
      0     0     2389.1190   110     2527.0000       User: 6     2864    5.46%
      0     0     2389.1190   118     2527.0000       User: 3     2898    5.46%
      0     0     2389.1190   116     2527.0000      User: 14     2906    5.46%
      0     0     2389.1190   160     2527.0000       User: 3     2946    5.46%
      0     0     2389.1190   159     2527.0000      User: 13     2956    5.46%
      0     0     2389.1190   109     2527.0000      User: 10     2956    5.46%
      0     0     2389.1190   171     2527.0000       User: 8     3009    5.46%
      0     0     2389.1190   155     2527.0000      User: 11     3068    5.46%
      0     0     2389.1190   104     2527.0000      User: 12     3070    5.46%
      0     0     2389.1190   104     2527.0000       User: 6     3074    5.46%
      0     0     2389.1190   122     2527.0000      User: 12     3092    5.46%
      0     0     2389.1190   122     2527.0000       User: 3     3094    5.46%
      0     0     2389.1190   155     2527.0000       User: 2     3134    5.46%
      0     0     2389.1190   144     2527.0000       User: 3     3140    5.46%
      0     0     2389.1190   148     2527.0000      User: 22     3220    5.46%
      0     0     2389.1190   103     2527.0000       User: 6     3220    5.46%
      0     0     2389.1190   148     2527.0000      User: 22     3309    5.46%
      0     0     2389.1190   126     2527.0000       User: 6     3309    5.46%
      0     0     2389.1190   116     2527.0000       User: 9     3316    5.46%
      0     0     2389.1190    98     2527.0000       User: 4     3316    5.46%
      0     0     2389.1190   114     2527.0000       User: 1     3329    5.46%
      0     0     2389.1190   106     2527.0000       User: 9     3329    5.46%
      0     0     2389.1190   124     2527.0000       User: 8     3360    5.46%
      0     0     2389.1190   111     2527.0000       User: 5     3360    5.46%
      0     0     2389.1190   203     2527.0000       User: 3     3476    5.46%
      0     0     2389.1190   110     2527.0000       User: 9     3481    5.46%
      0     0     2389.1190   120     2527.0000       User: 9     3498    5.46%
      0     0     2389.1190   102     2527.0000       User: 4     3501    5.46%
      0     0     2389.1190   142     2527.0000       User: 3     3569    5.46%
      0     0     2389.1190   143     2527.0000       User: 5     3587    5.46%
      0     0     2389.1190   135     2527.0000       User: 9     3588    5.46%
      0     0     2389.1190   111     2527.0000       User: 9     3592    5.46%
      0     0     2389.1190   142     2527.0000       User: 3     3709    5.46%
      0     0     2389.1190   111     2527.0000      User: 28     3722    5.46%
      0     0     2389.1190   106     2527.0000       User: 9     3725    5.46%
      0     0     2389.1190   171     2527.0000       User: 3     3818    5.46%
      0     0     2389.1190   115     2527.0000       User: 7     3823    5.46%
      0     0     2389.1667   141     2527.0000       User: 3     3874    5.45%
      0     0     2389.1667   120     2527.0000       User: 7     3874    5.45%
      0     0     2389.1667   123     2527.0000       User: 9     3897    5.45%
      0     0     2389.1667   131     2527.0000       User: 7     3927    5.45%
      0     0     2389.1667   127     2527.0000       User: 4     3929    5.45%
      0     0     2389.1667   135     2527.0000       User: 5     3938    5.45%
      0     0     2389.1667   131     2527.0000       User: 2     3938    5.45%
      0     0     2389.1667   132     2527.0000       User: 6     3942    5.45%
      0     0     2389.1667   140     2527.0000       User: 3     3997    5.45%
      0     0     2389.1667   156     2527.0000      User: 16     4016    5.45%
      0     0     2389.1667   193     2527.0000       User: 1     4091    5.45%
      0     0     2389.1667   137     2527.0000       User: 9     4091    5.45%
      0     0     2389.1667   139     2527.0000       User: 2     4094    5.45%
      0     0     2389.1667   133     2527.0000       User: 7     4096    5.45%
      0     0     2389.1667   126     2527.0000       User: 3     4096    5.45%
      0     0     2389.1667   180     2527.0000       User: 4     4181    5.45%
      0     0     2389.1667   134     2527.0000       User: 4     4181    5.45%
      0     0     2389.1667   140     2527.0000      User: 13     4194    5.45%
      0     0     2389.1667   137     2527.0000       User: 4     4201    5.45%
      0     0     2389.1667   158     2527.0000       User: 1     4239    5.45%
      0     0     2389.1667   109     2527.0000       User: 5     4239    5.45%
      0     0     2389.1667   120     2527.0000       User: 7     4275    5.45%
      0     0     2389.1667   116     2527.0000       User: 1     4280    5.45%
      0     0     2389.1667   155     2527.0000       User: 1     4370    5.45%
      0     0     2389.1667   102     2527.0000      User: 10     4370    5.45%
      0     0     2389.1667    94     2527.0000      User: 11     4372    5.45%
      0     0     2389.1667   125     2527.0000       User: 1     4383    5.45%
      0     0     2389.1667   110     2527.0000       User: 8     4385    5.45%
      0     0     2389.1667   139     2527.0000       User: 2     4443    5.45%
      0     0     2389.1667   119     2527.0000       User: 4     4443    5.45%
      0     0     2389.1667   115     2527.0000      User: 15     4449    5.45%
      0     0     2389.1667   107     2527.0000      User: 10     4449    5.45%
      0     0     2389.1667   110     2527.0000       User: 7     4477    5.45%
      0     0     2389.1667   118     2527.0000      User: 12     4487    5.45%
      0     0     2389.1667   112     2527.0000       User: 2     4498    5.45%
      0     0     2389.1667   111     2527.0000       User: 6     4498    5.45%
      0     0     2389.1667   122     2527.0000       User: 1     4512    5.45%
      0     0     2389.1667   116     2527.0000       User: 6     4512    5.45%
      0     0     2389.1667   114     2527.0000      User: 10     4518    5.45%
      0     0     2389.1667   179     2527.0000       User: 4     4713    5.45%
      0     0     2389.1667   118     2527.0000       User: 5     4746    5.45%
      0     0     2389.1667   125     2527.0000       User: 9     4767    5.45%
      0     0     2389.1667   161     2527.0000       User: 2     4791    5.45%
      0     0     2389.1667   118     2527.0000       User: 8     4800    5.45%
      0     0     2389.1667   176     2527.0000       User: 5     4870    5.45%
      0     0     2389.1667   105     2527.0000       User: 3     4870    5.45%
      0     0     2389.1667   131     2527.0000       User: 2     4936    5.45%
      0     0     2389.1667   119     2527.0000       User: 9     4939    5.45%
      0     0     2389.1667   165     2527.0000       User: 1     4966    5.45%
      0     0     2389.1667   147     2527.0000       User: 2     4978    5.45%
      0     0     2389.1667   134     2527.0000       User: 1     5011    5.45%
      0     0     2389.1667   162     2527.0000       User: 1     5012    5.45%
      0     0     2389.1667   155     2527.0000       User: 6     5013    5.45%
      0     0     2389.1667   136     2527.0000       User: 3     5017    5.45%
      0     0     2389.1667   141     2527.0000       User: 3     5018    5.45%
      0     0     2389.1667   157     2527.0000       User: 1     5076    5.45%
      0     0     2389.1667   179     2527.0000       User: 7     5094    5.45%
      0     0     2389.1667   176     2527.0000       User: 6     5095    5.45%
      0     0     2389.1667   152     2527.0000       User: 1     5096    5.45%
      0     0     2389.1667   129     2527.0000       User: 2     5129    5.45%
      0     0     2389.1667   141     2527.0000       User: 6     5134    5.45%
      0     0     2389.1667   163     2527.0000       User: 1     5182    5.45%
      0     0     2389.1667   156     2527.0000       User: 7     5189    5.45%
      0     2     2389.1667   156     2527.0000     2390.6667     5189    5.40%                        0             0
Elapsed time = 6.25 sec. (10354.94 ticks, tree = 0.01 MB, solutions = 1)
      3     5     2424.0000   153     2527.0000     2393.4545     5393    5.28%        x154_151 N      3      1      2
      7     9     2403.5000   146     2527.0000     2396.0000     5643    5.18%        x156_155 N      7      5      4
     12    14     2416.7222   175     2527.0000     2396.0000     5962    5.18%        x128_122 N     12     10      7
     21    21    infeasible           2527.0000     2396.0000     6178    5.18%        x143_142 N     21     19     13
     34    34     2447.1667   121     2527.0000     2396.0000     6494    5.18%        x140_139 N     34     32     22
     56    50     2405.5000   124     2527.0000     2396.0000     6865    5.18%        x127_128 U     56     54     10
     78    72     2412.3333    90     2527.0000     2396.0000     7203    5.18%        x109_110 N     78     77     28
     91    85     2414.0000   108     2527.0000     2396.0000     7431    5.18%        x128_124 D     91     89     38
    104    98     2417.5000    77     2527.0000     2396.0000     7688    5.18%        x101_110 U    104    102     48
    142   130     2404.3529   186     2527.0000     2400.7273     8860    5.00%        x151_150 N    142    141     10
Elapsed time = 9.96 sec. (13704.99 ticks, tree = 0.62 MB, solutions = 1)
    222   203     2416.7321   132     2527.0000     2401.6667     9817    4.96%        x140_141 N    222    221     28
    318   288     2447.7500    89     2527.0000     2402.5000    11657    4.93%        x131_132 N    318    315     30
    396   360     2486.0000    81     2527.0000     2402.5000    13168    4.93%        x110_124 N    396    395     96
    491   445     2427.1500   113     2527.0000     2403.3333    14956    4.89%        x111_102 N    491    490     55
    580   528    infeasible           2527.0000     2403.3333    15455    4.89%        x107_119 N    580    579    142
    728   669     2426.6209   123     2527.0000     2403.8333    17411    4.87%        x132_130 D    728    727     41
    889   812     2455.4286    77     2527.0000     2404.7684    19180    4.84%        x103_104 N    889    888    121
    948   871     2505.5000    73     2527.0000     2404.7684    20041    4.84%        x171_181 N    948    947    180
   1090   991     2427.5000    97     2527.0000     2405.0000    21887    4.83%        x132_142 D   1090   1088     30
   1215  1103     2446.6667    70     2527.0000     2405.2500    24080    4.82%        x112_115 N   1215   1214     60
Elapsed time = 25.88 sec. (23319.90 ticks, tree = 3.07 MB, solutions = 1)
   1277  1165     2461.0000    27     2527.0000     2405.2500    24864    4.82%          x76_73 U   1277   1276    122
*  1280   944      integral     0     2461.0000     2405.2500    24885    2.27%
   1388  1035     2430.6667   113     2461.0000     2406.0000    27089    2.23%        x132_129 D   1388   1387     38
   1501  1123        cutoff           2461.0000     2406.0000    29418    2.23%        x149_148 U   1501   1499     26
   1642  1256     2425.7000   156     2461.0000     2406.8000    31884    2.20%        x131_136 D   1642   1641     25
   1837  1438     2418.2000    95     2461.0000     2407.0000    34391    2.19%        x113_119 N   1837   1836     81
   1968  1540     2427.6667   132     2461.0000     2407.1200    36915    2.19%        x135_134 D   1968   1967     24
   2074  1631     2409.1250   108     2461.0000     2407.3250    38307    2.18%        x120_121 U   2074   1775     20
   2132  1683     2411.6667   107     2461.0000     2407.3636    40345    2.18%        x111_104 D   2132   2131     32
   2280  1820        cutoff           2461.0000     2407.4286    42171    2.18%        x104_111 N   2280   2278     71
   2400  1930     2414.0000    83     2461.0000     2407.5000    43961    2.17%        x109_110 D   2400   2399     61
Elapsed time = 42.05 sec. (32973.69 ticks, tree = 4.58 MB, solutions = 2)
   2543  2063     2424.0000    92     2461.0000     2407.6000    45468    2.17%        x100_107 D   2543   2542     77
   2668  2172     2429.0381   161     2461.0000     2407.7500    47353    2.16%        x129_132 D   2668   2667     19
   2825  2317     2419.0000    96     2461.0000     2407.9857    49762    2.15%        x106_120 D   2825   2824     36
   2942  2419     2416.5000    87     2461.0000     2408.0000    52397    2.15%        x104_103 D   2942   2941     59
   3093  2554     2423.0299   132     2461.0000     2408.0000    54214    2.15%        x117_118 N   3093   3092     37
   3215  2666     2414.0000    91     2461.0000     2408.0000    56128    2.15%        x120_116 D   3215   3214     39
   3344  2779     2430.2500   129     2461.0000     2408.0000    58054    2.15%        x131_134 D   3344   3343     28
   3461  2888     2422.3333    98     2461.0000     2408.0357    60338    2.15%        x100_106 N   3461   3460    105
   3587  3000     2445.4118   137     2461.0000     2408.3333    62577    2.14%        x128_124 N   3587   3585     53
   3664  3073     2418.0000   110     2461.0000     2408.3704    64144    2.14%        x102_100 D   3664   3663     47
Elapsed time = 58.55 sec. (42586.81 ticks, tree = 12.61 MB, solutions = 2)
   3778  3169     2418.0000    77     2461.0000     2408.5000    66187    2.13%        x180_186 U   3778   3777     74
   3815  3206     2440.5000    85     2461.0000     2408.5000    66778    2.13%        x187_181 N   3815   3814    111
   3870  3257     2448.0263   103     2461.0000     2408.5000    68782    2.13%        x109_119 N   3870   3869     75
   3971  3353     2425.1600    98     2461.0000     2408.5000    69810    2.13%        x166_181 D   3971   3970    112
   4018  3390     2411.7500   115     2461.0000     2408.5000    70157    2.13%        x119_120 D   4018   4017     29
   4148  3516     2425.3636    60     2461.0000     2408.5000    71396    2.13%        x106_117 N   4148   4147     99
   4251  3611     2410.0000    88     2461.0000     2408.5000    72547    2.13%        x109_122 D   4251   4250     23
   4334  3694     2434.8889    92     2461.0000     2408.5000    74013    2.13%        x104_111 D   4334   4333     92
   4400  3756     2420.3333   125     2461.0000     2408.5000    74722    2.13%        x110_124 N   4400   4399     71
   4476  3824     2432.1500   125     2461.0000     2408.6667    76167    2.13%        x126_137 D   4476   4475     20
Elapsed time = 71.26 sec. (52219.24 ticks, tree = 14.31 MB, solutions = 2)
   4591  3932     2425.0000    93     2461.0000     2408.6667    77047    2.13%        x104_116 N   4591   4590    116
   4694  4021        cutoff           2461.0000     2408.7273    78823    2.12%        x118_110 N   4694   4693     67
   4794  4108     2419.8182   166     2461.0000     2408.7857    80694    2.12%        x129_126 D   4794    697     11
   4870  4177     2436.2407   163     2461.0000     2408.8000    82492    2.12%        x131_139 D   4870   4868     46
   4983  4279     2419.6000    94     2461.0000     2409.0000    84241    2.11%        x104_113 D   4983   4982     55
   5083  4371     2417.7500   118     2461.0000     2409.0000    85443    2.11%        x121_127 D   5083   5082     30
   5161  4445     2445.4286   106     2461.0000     2409.0000    86345    2.11%        x135_131 D   5161   5160    107
   5218  4498     2430.0000   128     2461.0000     2409.0000    88001    2.11%        x114_110 D   5218   5216     57
   5305  4573     2410.2667   101     2461.0000     2409.0000    89311    2.11%        x117_118 N   5305   5304     19
   5424  4689     2417.5000   114     2461.0000     2409.0000    90673    2.11%        x101_105 U   5424   5423     39
Elapsed time = 85.13 sec. (61878.53 ticks, tree = 18.42 MB, solutions = 2)
   5538  4796     2410.6667   108     2461.0000     2409.0000    92032    2.11%        x117_118 N   5538   5536     22
   5599  4857     2451.5000    81     2461.0000     2409.0000    93590    2.11%        x161_171 N   5599   5598     66
   5635  4892     2455.5000    80     2461.0000     2409.0000    94172    2.11%        x190_186 D   5635   5634     96
   5753  4999     2420.3333    86     2461.0000     2409.0000    95465    2.11%        x117_113 N   5753   5752     92
   5847  5083     2413.0000    89     2461.0000     2409.0000    97151    2.11%        x120_117 N   5847   1688     21
   5962  5194     2417.0714    96     2461.0000     2409.0000    98516    2.11%        x110_105 D   5962   5960     46
   6033  5260     2412.0000   140     2461.0000     2409.0000    99570    2.11%        x136_135 N   6033   6032     15
   6107  5326     2420.3750   108     2461.0000     2409.0000   101270    2.11%        x124_119 D   6107   6106     33
   6214  5423     2419.2000   143     2461.0000     2409.0000   103151    2.11%        x133_130 D   6214   6213     26
   6319  5518     2432.6875   112     2461.0000     2409.0000   104891    2.11%        x120_116 D   6319   6318     54
Elapsed time = 98.38 sec. (71532.28 ticks, tree = 21.41 MB, solutions = 2)
   6416  5601     2435.3333   111     2461.0000     2409.0417   106831    2.11%        x122_121 D   6416   6415     29
   6517  5689     2417.0000    79     2461.0000     2409.0556   108529    2.11%        x122_119 N   6517   2303     28
   6628  5796     2416.0000   109     2461.0000     2409.1000   109930    2.11%        x104_117 D   6628   6627     66
   6729  5883     2411.3333   105     2461.0000     2409.1250   111770    2.11%        x119_120 N   6729   6728     22
   6814  5958     2418.0000    79     2461.0000     2409.1667   113594    2.11%        x122_127 U   6814   2302     27
   6928  6064        cutoff           2461.0000     2409.1667   114999    2.11%        x100_105 U   6928   6926     77
   7020  6152     2415.1667    93     2461.0000     2409.2000   116676    2.10%        x170_178 D   7020   7019     68
   7077  6209     2418.4167   105     2461.0000     2409.2000   117320    2.10%        x167_187 D   7077   7076    121
   7168  6297     2437.1667    94     2461.0000     2409.2000   118458    2.10%        x105_100 U   7168   7167     88
   7290  6407     2422.3333    99     2461.0000     2409.2941   119952    2.10%        x116_109 U   7290   7289     72
Elapsed time = 111.87 sec. (81218.43 ticks, tree = 23.65 MB, solutions = 2)
   7360  6465     2425.5000   107     2461.0000     2409.3333   121535    2.10%        x125_129 U   7360   7359     34
   7424  6523     2435.3043    96     2461.0000     2409.3421   122827    2.10%        x161_164 D   7424   7423     81
   7494  6591     2443.0000    93     2461.0000     2409.3421   123217    2.10%        x149_154 D   7494   7493    151
   7551  6638     2417.0000    83     2461.0000     2409.4000   124933    2.10%        x104_114 N   7551   7550     52
   7626  6705     2418.0000    83     2461.0000     2409.4167   126458    2.10%        x119_120 N   7626   7624     32
   7705  6776     2412.1667   102     2461.0000     2409.4651   128351    2.09%        x107_122 D   7705   7704     27
   7826  6891     2420.5000    94     2461.0000     2409.4848   129630    2.09%        x120_118 N   7826   7825     79
   7897  6954     2416.0000    85     2461.0000     2409.5000   130900    2.09%        x120_119 N   7897   7895     22
   7969  7026     2431.1818    88     2461.0000     2409.5000   132443    2.09%        x157_155 D   7969   7968     85
   8045  7099     2422.8667   113     2461.0000     2409.5000   133198    2.09%        x109_108 D   8045   8044     89
Elapsed time = 123.85 sec. (90874.67 ticks, tree = 25.43 MB, solutions = 2)
   8166  7206     2415.0000    87     2461.0000     2409.5000   134492    2.09%        x117_104 D   8166   8165     35
   8260  7294     2415.0000    80     2461.0000     2409.5000   135484    2.09%        x113_103 N   8260   8259     39
   8320  7350     2428.3333   116     2461.0000     2409.5000   136569    2.09%        x132_130 D   8320   8319     89
   8444  7462     2415.0882   125     2461.0000     2409.5000   138215    2.09%        x103_116 D   8444   8443     92
   8524  7530     2430.0000   132     2461.0000     2409.5213   139662    2.09%        x131_140 N   8524   8523     18
   8608  7610     2424.1154   105     2461.0000     2409.5224   141053    2.09%        x117_111 D   8608   8607     83
   8703  7695     2436.0000    97     2461.0000     2409.5385   142275    2.09%        x120_124 N   8703   8702     49
   8800  7779     2412.5000   129     2461.0000     2409.5714   143630    2.09%        x131_130 D   8800   8799     48
   8904  7875     2424.3333    85     2461.0000     2409.6000   145000    2.09%        x161_166 N   8904   8903     51
   9199  8150     2432.7456   143     2461.0000     2409.6316   149456    2.09%        x128_124 D   9199   9198     48
Elapsed time = 140.68 sec. (103418.41 ticks, tree = 28.21 MB, solutions = 2)
   9482  8411     2427.0000   101     2461.0000     2409.6667   154625    2.09%        x105_100 U   9482   9481     59
   9755  8648     2425.5000   149     2461.0000     2409.7143   159833    2.08%        x138_130 D   9755   9754     26
  10006  8873     2458.0000    79     2461.0000     2409.7692   164398    2.08%        x105_109 N  10006  10005     76
  10255  9099     2420.4800   126     2461.0000     2409.8000   169406    2.08%        x116_109 U  10255  10254     87
  10542  9354        cutoff           2461.0000     2409.9000   174546    2.08%        x104_118 D  10542  10541     76
  10880  9657     2416.9167   123     2461.0000     2410.0000   179923    2.07%        x128_126 D  10880  10879     60
  11234  9989     2421.5455   103     2461.0000     2410.0000   184896    2.07%        x113_106 N  11234  11233     96
  11544 10272     2419.6667    96     2461.0000     2410.0000   188648    2.07%        x120_127 D  11544  11543     44
  11888 10596    infeasible           2461.0000     2410.0000   192274    2.07%        x103_108 N  11888  11887     77
  12115 10798     2422.5000    96     2461.0000     2410.0000   196336    2.07%        x110_107 U  12115  12114     61
Elapsed time = 187.45 sec. (141647.10 ticks, tree = 46.63 MB, solutions = 2)
  12420 11069     2412.5000    91     2461.0000     2410.0000   200851    2.07%        x121_123 D  12420   8074     25
  12660 11288     2424.5000    81     2461.0000     2410.0000   204899    2.07%        x117_118 N  12660  12659     31
  12938 11534    infeasible           2461.0000     2410.0000   209036    2.07%        x104_103 D  12938  12937     97
  13203 11781     2458.0000    77     2461.0000     2410.0000   213554    2.07%        x100_111 U  13203  13202    107
  13420 11969     2453.4000    87     2461.0000     2410.0000   218597    2.07%        x104_110 D  13420  13419    102
  13623 12153     2458.0526   123     2461.0000     2410.0645   222591    2.07%        x105_101 D  13623  13622     94
  13898 12403     2424.0000    74     2461.0000     2410.1429   226884    2.07%        x172_169 U  13898  13897     50
  14133 12624     2438.4231   147     2461.0000     2410.1579   230774    2.07%        x111_102 N  14133  14131     78
  14402 12868     2417.2000   103     2461.0000     2410.2000   234471    2.06%        x105_118 D  14402  14401     37
  14672 13122     2413.0000    85     2461.0000     2410.2258   238928    2.06%        x104_113 U  14672   4651     26
Elapsed time = 230.59 sec. (180007.04 ticks, tree = 58.36 MB, solutions = 2)
  14858 13280    infeasible           2461.0000     2410.2403   242993    2.06%        x126_132 D  14858  14857     21
  15108 13510     2458.0000    83     2461.0000     2410.2500   246847    2.06%        x103_111 N  15108  15106     94
  15316 13689     2431.2000    92     2461.0000     2410.2857   251654    2.06%        x109_117 D  15316  15315     71
  15538 13895     2438.8000   117     2461.0000     2410.2954   255690    2.06%        x119_122 N  15538  15537     33
  15730 14063     2421.0141   160     2461.0000     2410.3333   260541    2.06%        x115_118 N  15730  15729     58
  15937 14242     2413.8333   125     2461.0000     2410.3333   263855    2.06%        x140_139 U  15937  15936     17
  16099 14376     2426.3448   147     2461.0000     2410.3333   269018    2.06%        x125_129 U  16099  16098     39
  16375 14629     2448.9444   151     2461.0000     2410.3478   272819    2.06%        x125_119 D  16375  16374     29
  16510 14752     2441.6667   106     2461.0000     2410.3714   276071    2.06%        x118_120 U  16510  16508     47
  16778 14984        cutoff           2461.0000     2410.3750   279503    2.06%        x135_132 D  16778  16777     38
Elapsed time = 269.91 sec. (218281.16 ticks, tree = 67.22 MB, solutions = 2)
  17050 15233     2418.0000    83     2461.0000     2410.4091   283719    2.06%          x32_34 N  17050  17049     74
* 17062  5040      integral     0     2418.0000     2410.4091   283813    0.31%
  17220  5145     2415.3333   109     2418.0000     2410.5000   287075    0.31%        x106_101 U  17220   8075     26
  17389  5260     2416.0000    97     2418.0000     2410.5000   291013    0.31%        x104_103 N  17389  17388     41
  17518  5343     2412.3333   102     2418.0000     2410.5000   294093    0.31%        x112_114 N  17518  17517     28
  17639  5427        cutoff           2418.0000     2410.5000   297201    0.31%        x122_121 D  17639  17638     27
  17765  5465     2416.2000   120     2418.0000     2410.5714   300906    0.31%        x124_120 N  17765  17763     26
  17901  5563     2416.6667   131     2418.0000     2410.6000   304082    0.31%        x103_105 N  17901  17899     32
  18063  5656     2416.0000   110     2418.0000     2410.6559   308017    0.30%        x121_120 D  18063  18062     25
  18247  5756     2414.6875   143     2418.0000     2410.7021   312591    0.30%        x120_122 N  18247  12942     25
  18399  5844     2415.0000   116     2418.0000     2410.7342   316235    0.30%        x120_127 D  18399  18398     23
Elapsed time = 300.23 sec. (257102.10 ticks, tree = 29.62 MB, solutions = 3)
  18543  5904        cutoff           2418.0000     2410.7647   320072    0.30%        x116_122 D  18543  18542     43
  18693  5991     2413.0976   141     2418.0000     2410.8000   324221    0.30%        x137_145 D  18693  18692     23
  18880  6115     2415.0000   101     2418.0000     2410.8317   328073    0.30%        x102_112 N  18880  18879     58
  19010  6146     2412.2500   113     2418.0000     2410.9492   332636    0.29%        x112_114 N  19010  19009     35
  19156  6226     2415.5000   104     2418.0000     2411.0000   336807    0.29%        x117_118 D  19156  19155     38
  19368  6397     2415.1429   110     2418.0000     2411.0000   340399    0.29%        x101_106 D  19368  19367     25
  19570  6554     2413.0000   101     2418.0000     2411.0000   343606    0.29%        x112_115 D  19570  19569     35
  19770  6716     2414.2857   119     2418.0000     2411.0000   346953    0.29%        x105_100 N  19770  19769     43
  19949  6828     2413.0000   135     2418.0000     2411.0000   351038    0.29%        x101_105 N  19949   4662     37
  20128  6959        cutoff           2418.0000     2411.0000   354680    0.29%        x101_105 D  20128  20126     47
Elapsed time = 330.74 sec. (295438.29 ticks, tree = 33.10 MB, solutions = 3)
  20315  7086     2411.0000    78     2418.0000     2411.0000   358706    0.29%        x181_179 N  20315  20276     35
  20482  7191     2414.3333   114     2418.0000     2411.0000   363470    0.29%        x114_122 U  20482  17823     34
  20640  7287     2413.3333   107     2418.0000     2411.0000   366827    0.29%        x120_116 D  20640  20639     41
  20828  7406     2416.0000   120     2418.0000     2411.0000   371075    0.29%        x119_121 N  20828  11005     26
  20971  7466     2413.3333   137     2418.0000     2411.0000   375511    0.29%        x120_121 D  20971  20970     22
  21125  7556     2411.5000   107     2418.0000     2411.0000   379815    0.29%        x190_185 N  21125   2587     26
  21288  7667     2416.0000    97     2418.0000     2411.0000   383766    0.29%        x103_112 D  21288  21287     55
  21449  7730     2416.1829   145     2418.0000     2411.1071   388660    0.29%        x103_113 N  21449  11841     31
  21624  7828        cutoff           2418.0000     2411.1463   393022    0.28%        x103_112 D  21624  21623     27
  21820  7941     2416.8333   119     2418.0000     2411.2000   396926    0.28%        x103_112 D  21820  21819     28
Elapsed time = 359.87 sec. (333841.00 ticks, tree = 38.59 MB, solutions = 3)
  21961  7997     2414.0000    99     2418.0000     2411.2500   401407    0.28%        x118_122 U  21961  12364     48
  22128  8089     2415.4000   117     2418.0000     2411.2722   405512    0.28%        x122_121 N  22128  22126     26
  22272  8137     2414.6667   112     2418.0000     2411.3333   409504    0.28%        x102_103 U  22272   2597     36
  22417  8207     2412.5000   108     2418.0000     2411.3333   413816    0.28%        x101_110 U  22417  20387     34
  22564  8288     2416.0000   146     2418.0000     2411.3333   418074    0.28%        x119_122 D  22564  22563     31
  22723  8378     2415.1667   131     2418.0000     2411.3750   422028    0.27%        x120_119 N  22723   5075     23
  22880  8471     2413.3333   107     2418.0000     2411.4000   425668    0.27%        x112_124 D  22880  22879     57
  23039  8564     2412.8205   163     2418.0000     2411.4000   429438    0.27%        x119_127 D  23039  23038     38
  23190  8648     2413.7895   121     2418.0000     2411.4286   433746    0.27%        x115_111 D  23190  23189     32
  23339  8697     2413.0625   108     2418.0000     2411.4615   437822    0.27%        x103_112 N  23339  23338     38
Elapsed time = 387.42 sec. (372249.80 ticks, tree = 44.55 MB, solutions = 3)
  23506  8797     2414.0000   120     2418.0000     2411.5000   441856    0.27%        x106_101 U  23506  15559     31
  23660  8883     2411.6000   106     2418.0000     2411.5000   445622    0.27%        x112_114 U  23660  19306     37
  23822  8977     2417.0000    93     2418.0000     2411.5000   449500    0.27%        x109_110 N  23822  23821     41
  23992  9074     2413.0000   117     2418.0000     2411.5000   453327    0.27%        x137_145 D  23992  23990     29
  24137  9125     2414.4286   124     2418.0000     2411.5000   458113    0.27%        x120_117 U  24137  17958     24
  24279  9199     2416.0000   103     2418.0000     2411.5455   462314    0.27%        x113_103 N  24279   4268     37
  24437  9275        cutoff           2418.0000     2411.5789   466427    0.27%        x110_122 D  24437  24436     48
  24587  9337     2413.0000   105     2418.0000     2411.6203   470649    0.26%        x115_111 N  24587   8386     35
  24730  9395     2413.5938   122     2418.0000     2411.6667   474353    0.26%        x100_104 N  24730  24729     37
  24871  9479        cutoff           2418.0000     2411.6667   477677    0.26%        x100_104 U  24871  24869     28
Elapsed time = 414.92 sec. (410783.00 ticks, tree = 52.32 MB, solutions = 3)
  25012  9542     2413.0000   100     2418.0000     2411.6667   481122    0.26%        x101_105 D  25012  20298     38
  25156  9617     2414.6000   105     2418.0000     2411.6667   485519    0.26%        x109_114 N  25156  25155     41
  25292  9665     2414.4444   122     2418.0000     2411.7027   489544    0.26%        x103_112 D  25292  25291     48
  25434  9698     2416.7419   155     2418.0000     2411.7500   494021    0.26%        x103_105 N  25434  11850     40
  25600  9771     2415.5000    99     2418.0000     2411.7540   497557    0.26%        x115_111 D  25600  25599     36
  25732  9804     2416.6000   113     2418.0000     2411.8000   501634    0.26%        x123_117 N  25732  20218     33
  25865  9862     2414.2500   125     2418.0000     2411.8333   505964    0.26%        x110_120 D  25865  25864     52
  26000  9897     2413.2500   115     2418.0000     2411.8571   510210    0.25%        x120_122 D  26000  25999     24
  26149  9943     2414.5000   120     2418.0000     2411.9038   513836    0.25%        x103_105 D  26149  26148     30
  26280  9962        cutoff           2418.0000     2412.0000   517717    0.25%        x117_118 U  26280  11020     41
Elapsed time = 440.62 sec. (449214.94 ticks, tree = 54.13 MB, solutions = 3)
  26422 10043     2416.0000   150     2418.0000     2412.0000   521562    0.25%        x118_122 N  26422  26421     32
  26584 10161     2414.1250   122     2418.0000     2412.0000   525409    0.25%        x113_104 U  26584  26582     35
  26716 10226     2415.3333   102     2418.0000     2412.0000   529288    0.25%        x109_107 D  26716  26715     37
  26859 10308     2415.3590   130     2418.0000     2412.0000   532836    0.25%        x106_101 N  26859  26858     34
  27017 10414     2412.6667   115     2418.0000     2412.0000   536207    0.25%        x119_121 N  27017  27016     29
  27180 10522     2413.2000    95     2418.0000     2412.0000   539855    0.25%        x118_122 N  27180  27179     50
  27335 10621     2416.0000   122     2418.0000     2412.0000   543456    0.25%        x103_113 D  27335  27334     39
  27495 10732        cutoff           2418.0000     2412.0000   547179    0.25%        x114_110 N  27495  27494     53
  27642 10820        cutoff           2418.0000     2412.0000   551032    0.25%        x113_103 D  27642  27641     43
  27783 10879    infeasible           2418.0000     2412.0000   555139    0.25%        x128_124 D  27783  27782     39
Elapsed time = 467.80 sec. (487567.54 ticks, tree = 58.06 MB, solutions = 3)
  27943 10953     2413.5000   110     2418.0000     2412.0000   558932    0.25%        x122_127 D  27943  27942     44
  28082 11026        cutoff           2418.0000     2412.0000   562621    0.25%        x115_122 U  28082  28080     38
  28241 11128     2416.7500   109     2418.0000     2412.0000   566331    0.25%        x106_117 D  28241  28239     47
  28390 11205     2413.6429   126     2418.0000     2412.0000   570021    0.25%        x105_100 U  28390  28389     29
  28550 11286     2412.0000    95     2418.0000     2412.0000   573628    0.25%        x117_110 N  28550  27583     21
  28706 11357     2416.6098   160     2418.0000     2412.0000   577529    0.25%        x105_100 N  28706  17263     26
  28819 11394        cutoff           2418.0000     2412.0000   581134    0.25%        x114_122 U  28819  28809     36
  28938 11433     2415.8500   141     2418.0000     2412.0000   585393    0.25%        x107_122 D  28938  28937     31
  29100 11504     2415.5833   135     2418.0000     2412.0000   588994    0.25%        x116_117 D  29100  29099     53
  29255 11595     2413.2245   151     2418.0000     2412.0000   592779    0.25%        x106_107 D  29255  29254     51
Elapsed time = 494.29 sec. (525903.87 ticks, tree = 60.68 MB, solutions = 3)
  29404 11658     2415.0000   114     2418.0000     2412.0000   596450    0.25%        x106_119 N  29404  19057     31
  29528 11699     2415.0000   127     2418.0000     2412.0000   600453    0.25%        x112_109 N  29528  29527     56
  29642 11736     2412.5345   113     2418.0000     2412.0345   604733    0.25%        x101_105 U  29642  29641     38
  29810 11825     2413.5000   101     2418.0000     2412.0909   607933    0.24%        x117_113 D  29810  29809     57
  29951 11867     2415.5000   114     2418.0000     2412.1212   612036    0.24%        x116_117 N  29951  29950     52
  30070 11908     2416.5758   133     2418.0000     2412.1429   616510    0.24%        x102_117 D  30070  30069     40
  30224 11970     2416.2549   119     2418.0000     2412.1667   621054    0.24%        x118_121 U  30224  19656     29
  30347 11981     2415.0000   109     2418.0000     2412.2000   625110    0.24%        x106_117 U  30347  30346     34
  30489 12046        cutoff           2418.0000     2412.2093   629094    0.24%        x128_130 U  30489  11722     65
  30601 12060        cutoff           2418.0000     2412.2500   634110    0.24%        x101_113 D  30601  30600     39
Elapsed time = 519.46 sec. (564184.60 ticks, tree = 63.36 MB, solutions = 3)
  30751 12147     2415.0000   101     2418.0000     2412.2500   638782    0.24%        x106_113 D  30751  30750     42
  30874 12212        cutoff           2418.0000     2412.2500   643501    0.24%        x101_106 D  30874  30873     39
  31027 12277     2416.5000   103     2418.0000     2412.2667   647650    0.24%        x103_104 N  31027  25555     48
  31176 12354        cutoff           2418.0000     2412.2857   651831    0.24%        x112_124 U  31176  19399     49
  31321 12402     2414.7143   108     2418.0000     2412.3077   656131    0.24%        x109_110 U  31321  31319     33
  31450 12434        cutoff           2418.0000     2412.3333   660543    0.23%        x106_117 U  31450  31448     39
  31584 12482     2416.8000   130     2418.0000     2412.3333   665035    0.23%        x101_105 N  31584  31582     42
  31723 12540     2412.8333   102     2418.0000     2412.3333   669216    0.23%        x105_100 U  31723  31722     29
  31853 12579     2415.7391   126     2418.0000     2412.3333   673694    0.23%        x116_117 D  31853  31852     39
  32001 12622     2415.5000   103     2418.0000     2412.3333   677948    0.23%        x103_113 D  32001  31999     39
Elapsed time = 545.10 sec. (602477.03 ticks, tree = 65.18 MB, solutions = 3)
  32151 12686        cutoff           2418.0000     2412.3684   682214    0.23%        x110_120 D  32151  32150     51
  32299 12738        cutoff           2418.0000     2412.3902   686416    0.23%        x122_121 U  32299  32297     57
  32412 12759     2416.0000    99     2418.0000     2412.4000   690818    0.23%        x119_122 N  32412  27040     29
  32545 12784     2413.6667   102     2418.0000     2412.4211   694953    0.23%        x104_110 N  32545  11170     33
  32687 12815     2415.4020   132     2418.0000     2412.4444   699121    0.23%        x117_118 N  32687  32685     41
  32831 12848        cutoff           2418.0000     2412.4808   703080    0.23%        x115_122 U  32831  32829     37
  32945 12866     2415.2857   106     2418.0000     2412.5000   707359    0.23%        x106_119 N  32945  32944     46
  33079 12914     2416.6429   105     2418.0000     2412.5000   711754    0.23%        x119_121 N  33079  33078     42
  33205 12961     2414.5000   101     2418.0000     2412.5000   715804    0.23%        x118_110 D  33205  33204     30
  33330 12991        cutoff           2418.0000     2412.5000   720181    0.23%        x105_100 D  33330  11312     35
Elapsed time = 570.01 sec. (640923.82 ticks, tree = 67.14 MB, solutions = 3)
  33455 13037     2415.3968   133     2418.0000     2412.5000   724674    0.23%        x109_119 N  33455  26432     43
  33604 13085     2414.7143   139     2418.0000     2412.5000   729013    0.23%        x104_109 D  33604  33603     44
  33740 13126     2415.1739   104     2418.0000     2412.5000   733269    0.23%        x103_100 D  33740  33739     46
  33864 13152        cutoff           2418.0000     2412.5000   737964    0.23%        x106_122 U  33864  33862     48
  34006 13203     2414.7143    87     2418.0000     2412.5000   742397    0.23%        x103_106 D  34006  34004     41
  34143 13241     2413.5000   110     2418.0000     2412.5182   746665    0.23%        x122_127 D  34143  34141     36
  34294 13288     2414.3333   115     2418.0000     2412.5455   750656    0.23%        x120_119 D  34294  34293     24
  34434 13330        cutoff           2418.0000     2412.5625   754405    0.22%        x113_103 U  34434  34431     37
  34579 13381     2416.2000   105     2418.0000     2412.5714   758495    0.22%        x106_117 D  34579  34577     36
  34705 13416     2414.1905   121     2418.0000     2412.5833   763039    0.22%        x118_110 U  34705  31499     36
Elapsed time = 594.61 sec. (679214.69 ticks, tree = 69.52 MB, solutions = 3)
  34834 13462        cutoff           2418.0000     2412.6000   767325    0.22%        x103_105 U  34834  34832     32
  34948 13462     2416.1250   124     2418.0000     2412.6000   771981    0.22%        x119_117 N  34948  27606     25
  35091 13502        cutoff           2418.0000     2412.6250   776666    0.22%        x109_113 D  35091  35090     49
  35204 13520     2416.6739   120     2418.0000     2412.6337   780832    0.22%        x106_117 D  35204  35203     39
  35341 13531    infeasible           2418.0000     2412.6667   784859    0.22%        x119_121 U  35341  23524     35
  35475 13574     2415.3333    96     2418.0000     2412.6667   789221    0.22%        x122_119 D  35475  35474     46
  35611 13616     2416.2000   118     2418.0000     2412.6667   793188    0.22%        x107_122 U  35611  22355     48
  35746 13656     2414.5000    94     2418.0000     2412.6667   797248    0.22%        x118_112 N  35746  29061     44
  35872 13696        cutoff           2418.0000     2412.6667   801288    0.22%        x101_113 U  35872  35870     48
  36001 13719     2417.0000   145     2418.0000     2412.6667   805503    0.22%        x118_121 U  36001  21546     37
Elapsed time = 618.47 sec. (717508.40 ticks, tree = 70.24 MB, solutions = 3)
  36120 13728        cutoff           2418.0000     2412.6923   809766    0.22%        x103_105 D  36120  36119     33
  36257 13750     2413.7500   119     2418.0000     2412.7083   813756    0.22%        x106_113 U  36257  36255     41
  36375 13755     2414.5000   107     2418.0000     2412.7265   817952    0.22%        x112_119 N  36375  36373     43
  36501 13780     2415.0000    90     2418.0000     2412.7500   821653    0.22%        x106_101 N  36501  36499     35
  36619 13774     2416.4286   146     2418.0000     2412.7500   825895    0.22%        x133_137 U  36619  36617     17
  36744 13773     2416.5000   114     2418.0000     2412.7778   830212    0.22%        x115_122 N  36744  36743     64
  36879 13800     2416.8393   107     2418.0000     2412.7917   834068    0.22%        x113_103 N  36879  35081     40
  37017 13838        cutoff           2418.0000     2412.8000   837832    0.22%        x101_113 D  37017  37016     37
  37155 13849        cutoff           2418.0000     2412.8125   841862    0.21%        x125_119 U  37155  15235     44
  37270 13849        cutoff           2418.0000     2412.8333   846279    0.21%        x113_106 U  37270  27311     38
Elapsed time = 641.37 sec. (755833.36 ticks, tree = 70.23 MB, solutions = 3)
  37393 13875     2414.6250   126     2418.0000     2412.8421   850796    0.21%        x101_105 N  37393  37392     46
  37534 13875        cutoff           2418.0000     2412.8667   854765    0.21%        x100_104 U  37534  37532     64
  37663 13874        cutoff           2418.0000     2412.8912   858942    0.21%        x119_122 U  37663  34447     43
  37777 13837     2416.4583   129     2418.0000     2412.9342   863674    0.21%        x105_100 D  37777  31396     40
  37927 13846        cutoff           2418.0000     2413.0000   867491    0.21%        x112_116 D  37927  37926     73
  38047 13859    infeasible           2418.0000     2413.0000   871484    0.21%        x103_105 D  38047  38046     31
  38192 13920     2414.6667   116     2418.0000     2413.0000   875763    0.21%        x109_113 D  38192  38191     44
  38347 14010     2415.6250   122     2418.0000     2413.0000   879389    0.21%        x118_122 D  38347  38346     44
  38501 14102     2413.0000    99     2418.0000     2413.0000   883017    0.21%        x106_113 U  38501  14313     27
  38630 14163     2415.0000   123     2418.0000     2413.0000   886999    0.21%        x127_125 U  38630  38629     33
Elapsed time = 665.62 sec. (794312.23 ticks, tree = 70.78 MB, solutions = 3)
  38770 14234     2416.5000   106     2418.0000     2413.0000   890940    0.21%        x117_104 U  38770   7717     40
  38905 14298     2413.0000    97     2418.0000     2413.0000   895419    0.21%        x109_122 N  38905  38904     27
  39054 14354        cutoff           2418.0000     2413.0000   898927    0.21%        x120_122 D  39054  39053     38
  39199 14420     2414.7143   117     2418.0000     2413.0000   902911    0.21%        x113_103 N  39199  25401     37
  39336 14468        cutoff           2418.0000     2413.0000   906744    0.21%        x104_120 U  39336  19249     79
  39478 14543     2414.3333   123     2418.0000     2413.0000   911092    0.21%        x103_100 D  39478  39477     28
  39612 14583     2415.5000   102     2418.0000     2413.0000   915121    0.21%        x106_117 D  39612  20096     47
  39743 14630     2414.2000   116     2418.0000     2413.0000   919319    0.21%        x103_105 D  39743  39741     33
  39888 14660     2416.3333   116     2418.0000     2413.0000   923088    0.21%        x127_125 N  39888  39887     27
  40034 14725     2416.0000   104     2418.0000     2413.0000   926867    0.21%        x103_105 N  40034  40033     31
Elapsed time = 690.85 sec. (832661.47 ticks, tree = 72.86 MB, solutions = 3)
  40187 14799     2416.6667    82     2418.0000     2413.0000   930746    0.21%        x105_100 D  40187  27063     45
  40308 14810     2415.7500   112     2418.0000     2413.0000   934862    0.21%        x114_122 D  40308  40307     30
  40463 14870     2415.3333   105     2418.0000     2413.0000   938475    0.21%        x103_112 D  40463  40462     40
  40605 14898        cutoff           2418.0000     2413.0000   942576    0.21%        x113_122 D  40605  40604     40
  40749 14970     2415.1500   130     2418.0000     2413.0000   946738    0.21%        x115_122 D  40749  40748     27
  40880 15013     2413.5000   111     2418.0000     2413.0000   950461    0.21%        x107_122 N  40880  23954     26
  41018 15051     2415.7500   126     2418.0000     2413.0000   954404    0.21%        x106_101 D  41018  41017     32
  41152 15086        cutoff           2418.0000     2413.0000   958117    0.21%        x100_104 D  41152  41151     35
  41283 15145     2415.5000   113     2418.0000     2413.0000   962268    0.21%        x109_122 D  41283  41282     32
  41414 15167     2414.0476   116     2418.0000     2413.0000   966343    0.21%        x106_101 D  41414  41413     41
Elapsed time = 715.09 sec. (871007.47 ticks, tree = 74.59 MB, solutions = 3)
  41535 15178        cutoff           2418.0000     2413.0000   970369    0.21%        x103_115 N  41535  20594     35
  41673 15208     2416.7500   100     2418.0000     2413.0000   974353    0.21%        x113_103 D  41673  41672     51
  41799 15206     2415.0000   132     2418.0000     2413.0000   977996    0.21%        x103_105 U  41799  22674     31
  41939 15212     2413.3443   151     2418.0000     2413.0000   981524    0.21%        x100_104 N  41939  20916     23
  42075 15244     2417.0000    99     2418.0000     2413.0000   985485    0.21%        x109_122 N  42075  42073     28
  42222 15269     2416.0000   103     2418.0000     2413.0000   989430    0.21%        x109_114 N  42222  42221     40
  42347 15277        cutoff           2418.0000     2413.0455   993852    0.20%        x105_100 U  42347  42346     46
  42478 15278     2416.8125   146     2418.0000     2413.0746   997838    0.20%        x119_117 N  42478  21853     35
  42624 15338     2416.3333   112     2418.0000     2413.0909  1001764    0.20%        x115_122 U  42624  42622     37
  42752 15350        cutoff           2418.0000     2413.1000  1005878    0.20%        x118_122 D  42752  42751     48
Elapsed time = 738.70 sec. (909467.51 ticks, tree = 74.81 MB, solutions = 3)
  42901 15395     2416.3500   124     2418.0000     2413.1173  1009944    0.20%        x118_121 N  42901  29298     32
  43033 15405     2414.5000   137     2418.0000     2413.1250  1013755    0.20%        x112_123 D  43033  43032     50
  43169 15442        cutoff           2418.0000     2413.1429  1017441    0.20%        x118_122 U  43169  43167     43
  43300 15487     2414.6667   103     2418.0000     2413.1667  1021353    0.20%        x103_105 D  43300  43299     45
  43425 15498        cutoff           2418.0000     2413.1667  1025606    0.20%        x103_100 U  43425  43423     41
  43571 15525     2414.8491   165     2418.0000     2413.1935  1029342    0.20%        x132_129 D  43571  43570     41
  43712 15578     2416.5000   102     2418.0000     2413.2000  1033456    0.20%        x118_110 N  43712  41540     45
  43855 15606        cutoff           2418.0000     2413.2105  1037458    0.20%        x167_166 N  43855  43853     37
  44000 15661     2416.0000   116     2418.0000     2413.2222  1041111    0.20%        x121_124 D  44000  43999     30
  44132 15684     2413.5000   109     2418.0000     2413.2500  1045333    0.20%        x101_105 N  44132   5855     30
Elapsed time = 763.08 sec. (947923.59 ticks, tree = 75.54 MB, solutions = 3)
  44263 15716        cutoff           2418.0000     2413.2500  1049359    0.20%        x120_122 D  44263  44262     26
  44398 15749     2413.5000   117     2418.0000     2413.2500  1053231    0.20%        x105_100 N  44398  25711     33
  44523 15752        cutoff           2418.0000     2413.2783  1056932    0.20%        x106_119 U  44523  21688     42
  44640 15738     2415.5714   134     2418.0000     2413.2963  1060501    0.19%        x103_105 N  44640  44639     55
  44770 15770     2416.1667   126     2418.0000     2413.3103  1064248    0.19%        x103_105 D  44770  44769     44
  44892 15781     2414.7000   128     2418.0000     2413.3333  1068209    0.19%        x105_100 U  44892  44891     32
  45027 15815     2417.0000    96     2418.0000     2413.3333  1072069    0.19%        x103_112 D  45027  45026     34
  45158 15843     2414.5833   119     2418.0000     2413.3333  1076023    0.19%        x103_106 N  45158  37291     47
  45269 15864    infeasible           2418.0000     2413.3333  1079889    0.19%        x117_103 N  45269  45267     39
  45375 15865        cutoff           2418.0000     2413.3333  1083818    0.19%        x101_112 D  45375  45374     47
Elapsed time = 785.96 sec. (986232.39 ticks, tree = 76.69 MB, solutions = 3)
  45503 15893     2416.0000   126     2418.0000     2413.3333  1087706    0.19%        x103_105 N  45503  23783     39
  45645 15927     2413.6667   126     2418.0000     2413.3333  1091483    0.19%        x106_108 D  45645  45644     27
  45758 15940        cutoff           2418.0000     2413.3409  1095648    0.19%        x113_119 D  45758  45757     33
  45874 15956     2416.2000   130     2418.0000     2413.3600  1099665    0.19%        x114_103 U  45874  17991     35
  45995 15951        cutoff           2418.0000     2413.3788  1103456    0.19%        x118_121 U  45995  21800     35
  46120 15970     2415.1746   134     2418.0000     2413.4000  1107105    0.19%        x103_106 N  46120  46119     41
  46261 16013     2415.5714   126     2418.0000     2413.4000  1111007    0.19%        x112_115 N  46261  25629     46
  46385 16022     2414.2500   123     2418.0000     2413.4167  1115049    0.19%        x100_104 N  46385  26767     26
  46502 16025     2415.4000   109     2418.0000     2413.4286  1118857    0.19%        x112_110 N  46502  31063     34
  46614 15990     2416.3333   108     2418.0000     2413.4483  1122684    0.19%        x118_112 D  46614  46612     39
Elapsed time = 808.54 sec. (1024623.52 ticks, tree = 76.47 MB, solutions = 3)
  46746 16007        cutoff           2418.0000     2413.4595  1126611    0.19%        x105_100 U  46746  46745     46
  46861 15999     2416.5000   109     2418.0000     2413.4762  1130633    0.19%        x119_117 N  46861  41237     27
  46970 15994     2415.5000   109     2418.0000     2413.5000  1134724    0.19%        x109_114 D  46970  46969     50
  47094 16008     2417.0000   101     2418.0000     2413.5000  1138593    0.19%        x115_107 N  47094  47093     55
  47231 16025     2415.2857   112     2418.0000     2413.5000  1142340    0.19%        x120_110 D  47231  47230     43
  47354 16043     2416.0000   103     2418.0000     2413.5000  1145815    0.19%        x117_118 U  47354  29962     39
  47484 16067     2416.7727   140     2418.0000     2413.5000  1149864    0.19%        x103_106 U  47484  47483     45
  47602 16062     2417.0000   101     2418.0000     2413.5000  1153744    0.19%        x113_103 N  47602  47601     42
  47737 16106     2416.0000   104     2418.0000     2413.5000  1157808    0.19%        x106_117 N  47737  47736     35
  47861 16124     2415.5000   117     2418.0000     2413.5000  1161580    0.19%        x114_122 D  47861  47860     35
Elapsed time = 831.14 sec. (1062934.84 ticks, tree = 76.46 MB, solutions = 3)
  47988 16137     2416.2000   122     2418.0000     2413.5000  1165471    0.19%        x101_112 N  47988  47987     40
  48121 16173        cutoff           2418.0000     2413.5000  1168762    0.19%        x109_119 U  48121  29964     41
  48246 16181        cutoff           2418.0000     2413.5000  1172515    0.19%        x118_110 D  48246  48244     49
  48373 16181     2413.6000   104     2418.0000     2413.5000  1176421    0.19%        x112_113 D  48373  48371     42
  48499 16188     2416.0000    95     2418.0000     2413.5000  1180199    0.19%        x105_100 N  48499  36014     30
  48621 16212        cutoff           2418.0000     2413.5217  1184091    0.19%        x103_106 D  48621  48619     35
  48744 16220     2414.1818   140     2418.0000     2413.5385  1187763    0.18%        x106_122 N  48744  48743     34
  48866 16215        cutoff           2418.0000     2413.5556  1191792    0.18%        x102_101 U  48866  18101     32
  49000 16235     2416.6667   106     2418.0000     2413.5714  1195038    0.18%        x103_112 D  49000  48999     46
  49125 16226        cutoff           2418.0000     2413.5833  1198540    0.18%        x106_108 U  49125  19131     47
Elapsed time = 853.55 sec. (1101289.77 ticks, tree = 76.65 MB, solutions = 3)
  49241 16231        cutoff           2418.0000     2413.6000  1202393    0.18%        x118_123 U  49241  49239     35
  49383 16308     2417.0000    21     2418.0000     2413.6000  1205941    0.18%          x67_63 U  49383  49382     66
  49486 16293        cutoff           2418.0000     2413.6000  1209414    0.18%        x114_122 U  49486  49484     45
  49590 16289        cutoff           2418.0000     2413.6121  1213759    0.18%        x101_105 U  49590  49589     45
  49698 16279        cutoff           2418.0000     2413.6250  1217750    0.18%        x113_119 N  49698  49696     45
  49814 16248     2416.2857   123     2418.0000     2413.6538  1221388    0.18%        x104_110 N  49814  31353     31
  49927 16242     2415.0000   107     2418.0000     2413.6667  1225472    0.18%        x118_110 U  49927  49925     23
  50045 16268     2416.0500   130     2418.0000     2413.6667  1228711    0.18%        x101_105 N  50045  50042     34
  50139 16262        cutoff           2418.0000     2413.6667  1233363    0.18%        x103_100 U  50139  39780     27
  50256 16276     2414.4286   125     2418.0000     2413.6667  1236970    0.18%        x121_123 N  50256  35796     23
Elapsed time = 875.23 sec. (1139642.84 ticks, tree = 76.78 MB, solutions = 3)
  50367 16266        cutoff           2418.0000     2413.6667  1240833    0.18%        x122_119 U  50367  38585     29
  50499 16282     2416.3636   119     2418.0000     2413.6667  1244453    0.18%        x103_106 N  50499  50498     31
  50606 16241        cutoff           2418.0000     2413.7000  1248644    0.18%        x111_113 U  50606  22225     27
  50712 16214     2416.3333   124     2418.0000     2413.7143  1252413    0.18%        x101_100 D  50712  50711     38
  50821 16185     2416.2857   116     2418.0000     2413.7349  1256456    0.18%        x117_118 N  50821  26533     45
  50943 16173        cutoff           2418.0000     2413.7500  1259941    0.18%        x101_113 U  50943  50941     50
  51050 16159        cutoff           2418.0000     2413.7500  1263986    0.18%        x123_117 U  51050  36257     42
  51170 16127        cutoff           2418.0000     2413.7615  1267928    0.18%        x101_102 U  51170  35821     34
  51289 16112        cutoff           2418.0000     2413.7778  1271635    0.17%        x125_122 U  51289  30037     36
  51395 16088     2414.3846   152     2418.0000     2413.8000  1275913    0.17%        x101_102 N  51395  51394     38
Elapsed time = 896.03 sec. (1178065.07 ticks, tree = 75.29 MB, solutions = 3)
  51508 16081        cutoff           2418.0000     2413.8036  1279729    0.17%        x124_119 D  51508  51507     34
  51615 16043     2417.0000   130     2418.0000     2413.8333  1283495    0.17%        x103_105 U  51615  33556     35
  51742 16034     2416.0000   115     2418.0000     2413.8378  1287004    0.17%        x106_117 N  51742  28527     43
  51869 16008     2417.0000   100     2418.0000     2413.8571  1290653    0.17%        x111_120 N  51869  51868     34
  51987 15995     2414.5000    86     2418.0000     2413.8750  1294119    0.17%        x118_122 D  51987  51986     41
  52097 15991        cutoff           2418.0000     2413.8889  1297939    0.17%        x115_122 U  52097  52094     37
  52209 15965        cutoff           2418.0000     2413.9091  1301575    0.17%        x120_122 U  52209  48846     44
  52327 15926     2416.5000   177     2418.0000     2413.9375  1305142    0.17%        x133_137 N  52327   1627     11
  52447 15898        cutoff           2418.0000     2413.9683  1308765    0.17%        x103_115 U  52447  28440     42
  52564 15901     2415.2857   122     2418.0000     2414.0000  1312572    0.17%        x103_105 N  52564  52563     31
Elapsed time = 916.97 sec. (1216477.32 ticks, tree = 73.88 MB, solutions = 3)
  52714 15981     2415.0000    86     2418.0000     2414.0000  1315911    0.17%        x157_181 N  52714  52713     76
  52870 16060     2416.0000   132     2418.0000     2414.0000  1319683    0.17%        x119_122 N  52870  52869     38
  52995 16064        cutoff           2418.0000     2414.0000  1323733    0.17%        x101_102 U  52995  21457     48
  53147 16138     2414.2222    84     2418.0000     2414.0000  1326611    0.17%        x166_167 N  53147  53146     46
  53243 16202     2417.0000    77     2418.0000     2414.0000  1328994    0.17%        x185_178 N  53243  53242     57
* 53268 12525      integral     0     2417.0000     2414.0000  1329356    0.12%
* 53296  7259      integral     0     2416.0000     2414.0000  1329744    0.08%
  53384  7292     2415.0000    82     2416.0000     2414.0000  1331235    0.08%        x182_174 N  53384  53383     50
  53560  7397     2415.0000    32     2416.0000     2414.0000  1334017    0.08%          x82_77 U  53560  53559     56
* 53566  1274      integral     0     2415.0000     2414.0000  1334092    0.04%
  53714  1258     2414.0000    50     2415.0000     2414.0000  1336055    0.04%          x31_33 N  53714  53713     59
* 53745     0      integral     0     2414.0000     2414.0000  1336279    0.00%

Clique cuts applied:  1
Zero-half cuts applied:  6
User cuts applied:  19133

Root node processing (before b&c):
  Real time             =    6.25 sec. (10349.65 ticks)
Sequential b&c:
  Real time             =  931.94 sec. (1238198.51 ticks)
                          ------------
Total (root+branch&cut) =  938.19 sec. (1248548.16 ticks)

