Version identifier: 22.1.0.0 | 2022-03-09 | 1a383f8ce
CPXPARAM_Preprocessing_Reduce                    1
CPXPARAM_Threads                                 1
CPXPARAM_Preprocessing_Reformulations            0
CPXPARAM_TimeLimit                               10800
CPXPARAM_MIP_Tolerances_AbsMIPGap                0.999
CPXPARAM_MIP_Limits_TreeMemory                   20000
Legacy callback                                  BbLUID
         Disabling repeat represolve because of lazy constraint/incumbent callback.
1 of 1 MIP starts provided solutions.
MIP start 'm1' defined initial solution with objective 1104.0000.
Tried aggregator 1 time.
MIP Presolve eliminated 3853 rows and 0 columns.
MIP Presolve modified 447 coefficients.
Reduced MIP has 709 rows, 3137 columns, and 10078 nonzeros.
Reduced MIP has 3137 binaries, 0 generals, 0 SOSs, and 0 indicators.
Presolve time = 0.00 sec. (7.57 ticks)
Probing time = 0.00 sec. (2.66 ticks)
Clique table members: 709.
MIP emphasis: balance optimality and feasibility.
MIP search method: traditional branch-and-cut.
Parallel mode: none, using 1 thread.
Root relaxation solution time = 0.00 sec. (7.29 ticks)

        Nodes                                         Cuts/
   Node  Left     Objective  IInf  Best Integer    Best Bound    ItCnt     Gap         Variable B NodeID Parent  Depth

*     0+    0                         1104.0000        0.0000           100.00%
      0     0     1025.5000    42     1104.0000     1008.0000      578    8.70%
      0     0     1027.0000    28     1104.0000      Cuts: 33      610    6.97%
      0     0     1029.8182    58     1104.0000      Cuts: 27      680    6.72%
      0     0     1030.1818    89     1104.0000      Cuts: 39      705    6.69%
      0     0     1033.6667    56     1104.0000      Cuts: 35      740    6.37%
      0     0     1035.1875   118     1104.0000      Cuts: 30      752    6.23%
      0     0     1037.0000   106     1104.0000      Cuts: 16      770    6.07%
      0     0     1040.0000    30     1104.0000      Cuts: 18      802    5.80%
      0     0     1040.0000    53     1104.0000      Cuts: 20      815    5.80%
      0     0     1041.0000    18     1104.0000      Cuts: 11      818    5.71%
      0     0     1041.0000    20     1104.0000      Cuts: 11      822    5.71%
      0     0     1041.0000    39     1104.0000       User: 5      871    5.71%
      0     0     1045.0000    16     1104.0000       User: 5      919    5.34%
      0     0     1045.0000    16     1104.0000       User: 4      921    5.34%
      0     0     1047.5000    70     1104.0000      User: 13      926    5.12%
      0     0     1047.7273    56     1104.0000       User: 5      930    5.10%
      0     0     1047.7273    56     1104.0000       User: 9      937    5.10%
      0     0     1047.7273    42     1104.0000       User: 9      939    5.10%
      0     0     1047.7273    55     1104.0000       User: 3      962    5.10%
      0     0     1047.7273    67     1104.0000       User: 9      991    5.10%
      0     0     1047.7273    76     1104.0000      User: 12     1015    5.10%
      0     0     1047.7273    50     1104.0000       User: 7     1015    5.10%
      0     0     1047.7273    62     1104.0000       User: 4     1055    5.10%
      0     0     1048.0200   105     1104.0000       User: 7     1073    5.07%
      0     0     1048.9000   115     1104.0000       User: 4     1093    4.99%
      0     0     1048.9000   119     1104.0000       User: 1     1096    4.99%
      0     0     1048.9000   171     1104.0000       User: 2     1130    4.99%
      0     0     1048.9000   108     1104.0000       User: 7     1130    4.99%
      0     0     1048.9000   108     1104.0000       User: 8     1135    4.99%
      0     0     1048.9000   103     1104.0000       User: 8     1138    4.99%
      0     0     1049.1727    94     1104.0000       User: 2     1142    4.97%
      0     0     1049.1727   101     1104.0000       User: 8     1159    4.97%
      0     0     1049.1727   101     1104.0000       User: 4     1161    4.97%
      0     0     1049.2273   105     1104.0000       User: 5     1164    4.96%
      0     0     1049.3316   108     1104.0000       User: 3     1174    4.95%
      0     0     1049.3316   108     1104.0000       User: 2     1176    4.95%
      0     0     1049.3316   130     1104.0000       User: 9     1177    4.95%
      0     0     1049.3316   119     1104.0000       User: 1     1185    4.95%
      0     0     1049.3316   118     1104.0000       User: 5     1190    4.95%
      0     0     1049.3316   140     1104.0000       User: 1     1203    4.95%
      0     0     1049.3316   109     1104.0000      User: 10     1205    4.95%
      0     0     1049.3316   117     1104.0000       User: 3     1206    4.95%
      0     2     1049.5308   119     1104.0000     1049.9000     1206    4.90%                        0             0
Elapsed time = 0.86 sec. (1604.65 ticks, tree = 0.01 MB, solutions = 1)
      2     4     1054.8200   109     1104.0000     1052.7000     1350    4.65%        x108_106 N      2      1      2
      8    10     1060.5857   110     1104.0000     1052.7000     1846    4.65%        x102_108 N      8      5      5
     22    24     1069.0000    58     1104.0000     1052.7000     2521    4.65%         x103_99 D     22     20     16
     28    30     1087.3333   140     1104.0000     1052.7000     3120    4.65%          x66_60 N     28     26     19
     40    42     1085.2000   115     1104.0000     1052.7000     3805    4.65%          x64_68 N     40     39     27
     52    54     1090.2500    90     1104.0000     1052.7000     4409    4.65%          x61_75 N     52     51     36
     71    71     1098.0080   134     1104.0000     1052.7000     4951    4.65%          x63_80 N     71     69     51
     87    82     1064.4127   162     1104.0000     1054.8789     5538    4.45%        x102_108 N     87     85      3
    102    93     1085.8571   153     1104.0000     1054.8789     5929    4.45%        x100_102 D    102    100     15
    189   167     1090.1905   128     1104.0000     1058.0333     9079    4.16%          x68_66 D    189    188     39
Elapsed time = 3.79 sec. (4877.72 ticks, tree = 0.63 MB, solutions = 1)
    268   234     1070.0651   147     1104.0000     1059.2500    12221    4.05%        x106_103 N    268    266     12
    355   314     1091.3333   103     1104.0000     1059.5500    16529    4.03%          x80_69 D    355    354     53
    440   384     1090.7333   157     1104.0000     1060.1000    19454    3.98%        x120_114 D    440    439     39
    517   450     1085.7500   146     1104.0000     1060.7000    22545    3.92%        x106_100 N    517    515     16
    585   509     1083.1250   113     1104.0000     1061.1000    26746    3.89%          x71_64 D    585    584     16
    640   551     1070.0985   111     1104.0000     1062.2500    29843    3.78%          x73_69 U    640    639     12
    720   621     1074.7539   155     1104.0000     1062.7917    33181    3.73%        x107_100 D    720    719     16
    800   684     1104.8000   115     1104.0000     1063.3667    38061    3.68%          x68_62 N    800    798     14
    880   759     1081.4412   115     1104.0000     1063.4583    41058    3.67%          x81_78 D    880    879     62
    973   844     1102.6023   192     1104.0000     1063.5281    43317    3.67%          x63_57 D    973    972     72
Elapsed time = 13.75 sec. (14595.75 ticks, tree = 2.06 MB, solutions = 1)
   1069   935     1089.0000   147     1104.0000     1064.2789    46428    3.60%          x68_66 D   1069   1068     41
   1156  1012     1089.5882    94     1104.0000     1065.5000    49742    3.49%          x66_67 D   1156   1155     35
   1228  1074     1091.0000   135     1104.0000     1065.5238    53732    3.49%          x68_69 D   1228   1227     40
   1282  1102     1082.9919   171     1104.0000     1065.8889    57690    3.45%        x118_129 N   1282    307      6
   1350  1158     1075.0000   119     1104.0000     1066.0909    61694    3.43%          x83_72 D   1350   1349     27
   1415  1207     1077.0000    82     1104.0000     1066.4643    64629    3.40%          x73_69 D   1415   1414     14
   1477  1261        cutoff           1104.0000     1066.5000    67373    3.40%          x74_69 U   1477   1475     49
   1556  1331     1093.4000    64     1104.0000     1067.1667    70927    3.34%          x58_76 U   1556   1555     55
   1615  1380     1086.3571   122     1104.0000     1067.2750    74228    3.33%          x69_67 N   1615   1614     43
   1711  1466     1094.3750   117     1104.0000     1067.2959    77174    3.32%         x105_99 U   1711   1709     13
Elapsed time = 22.85 sec. (24290.29 ticks, tree = 3.58 MB, solutions = 1)
   1805  1545     1079.4615    64     1104.0000     1067.6250    80159    3.29%          x78_76 D   1805   1804     36
   1884  1614     1076.9419   167     1104.0000     1067.8514    82637    3.27%        x105_107 U   1884   1882      9
   1922  1641     1082.8879   202     1104.0000     1068.3571    87213    3.23%        x105_112 N   1922    265     11
   1996  1708     1092.2500    68     1104.0000     1068.4000    91153    3.22%          x63_80 N   1996   1994     33
   2058  1757     1080.4000   107     1104.0000     1068.5000    93848    3.22%          x72_70 N   2058   2057     27
   2129  1821     1084.2000   104     1104.0000     1068.8125    96586    3.19%          x68_64 N   2129   2127     12
   2181  1873     1087.2500    89     1104.0000     1068.8125    99727    3.19%          x64_57 N   2181   2180     50
   2243  1924     1078.0000    81     1104.0000     1068.9003   102721    3.18%          x68_66 D   2243   2242     15
   2306  1983     1089.0607   153     1104.0000     1068.9167   106035    3.18%        x101_113 N   2306   2305      9
   2365  2027     1083.5915   107     1104.0000     1069.0000   109327    3.17%        x101_103 D   2365   2364     24
Elapsed time = 31.30 sec. (34027.88 ticks, tree = 5.72 MB, solutions = 1)
   2435  2089     1083.0566   146     1104.0000     1069.0000   112304    3.17%          x68_62 D   2435   2434     11
   2505  2150     1084.6667   137     1104.0000     1069.1842   115489    3.15%        x118_109 N   2505    579     11
   2563  2198     1085.5227   133     1104.0000     1069.4103   118752    3.13%        x102_100 D   2563   2562     25
   2653  2275     1073.0400   110     1104.0000     1069.4514   121556    3.13%          x68_62 D   2653   2652     15
   2726  2333     1095.6667    73     1104.0000     1069.5641   124794    3.12%          x83_73 N   2726   2725     38
   2800  2393     1073.2667    75     1104.0000     1069.6560   127766    3.11%        x103_104 D   2800   2799     22
   2845  2434     1097.3173    82     1104.0000     1069.7222   131625    3.10%          x58_76 U   2845   2843     10
   2914  2480     1097.3499   181     1104.0000     1069.7778   135325    3.10%         x97_102 N   2914   2912     14
   2986  2537     1079.7500    80     1104.0000     1069.9000   138326    3.09%        x107_108 U   2986    463     10
   3049  2580     1087.8889   103     1104.0000     1070.0000   141649    3.08%          x63_80 N   3049   3048     33
Elapsed time = 39.91 sec. (44196.90 ticks, tree = 7.34 MB, solutions = 1)
   3107  2628     1092.3766   212     1104.0000     1070.0000   144495    3.08%          x73_66 D   3107   3106     43
   3169  2681     1074.2000   105     1104.0000     1070.0000   147825    3.08%          x71_64 D   3169   3168     11
*  3192  1743      integral     0     1092.0000     1070.0000   149744    2.01%
   3208  1753     1090.3247   121     1092.0000     1070.0728   150910    2.01%          x75_62 D   3208   3207     19
   3276  1799        cutoff           1092.0000     1070.3019   154158    1.99%          x62_74 U   3276   3274     15
   3339  1848     1073.9474   115     1092.0000     1070.4444   157796    1.97%          x68_66 U   3339   2089     11
   3390  1885     1083.0000   140     1092.0000     1070.5000   160654    1.97%          x64_67 D   3390   3389     14
   3456  1939     1080.9167    97     1092.0000     1070.5000   164034    1.97%          x62_74 U   3456   3455     19
   3542  2020     1089.0000    38     1092.0000     1070.5000   166515    1.97%          x55_66 N   3542   3541     71
   3600  2063     1075.2500   115     1092.0000     1070.7500   169349    1.95%          x53_64 N   3600   1340     18
   3669  2116        cutoff           1092.0000     1070.8750   172377    1.93%          x63_80 N   3669   3668     30
Elapsed time = 47.77 sec. (53962.79 ticks, tree = 6.64 MB, solutions = 2)
   3725  2154     1077.3333   120     1092.0000     1071.0000   175719    1.92%          x67_62 N   3725   3724     20
   3779  2198     1088.4000   118     1092.0000     1071.0357   179160    1.92%          x64_66 D   3779   3778     31
   3839  2246     1090.0000    51     1092.0000     1071.1250   182512    1.91%          x65_62 N   3839   3838     34
   3917  2310     1088.5000   139     1092.0000     1071.2500   185706    1.90%          x83_73 D   3917   3916     43
   3976  2353     1078.4919   163     1092.0000     1071.2885   188616    1.90%        x106_100 D   3976   3975     13
   4043  2409     1080.6000   127     1092.0000     1071.3333   191371    1.89%        x109_106 D   4043   4042      8
   4101  2444     1083.4375   182     1092.0000     1071.4167   194537    1.88%        x106_100 N   4101   4100     28
   4172  2507     1081.9148   143     1092.0000     1071.5000   196488    1.88%          x74_75 N   4172   4171     19
   4222  2545     1081.4444   116     1092.0000     1071.6250   198997    1.87%          x65_59 N   4222   4221     21
   4271  2573     1076.4167   164     1092.0000     1071.7500   201844    1.85%        x113_106 D   4271   4270     14
Elapsed time = 55.38 sec. (63576.57 ticks, tree = 7.66 MB, solutions = 2)
   4320  2610     1079.2864   134     1092.0000     1071.8000   205458    1.85%        x109_106 D   4320   4319     12
   4371  2646     1076.3200   128     1092.0000     1071.8815   208662    1.84%          x71_69 D   4371   4370     27
   4414  2679     1089.9444   149     1092.0000     1072.0000   210362    1.83%          x83_72 N   4414   4413     26
   4464  2714     1080.0000    92     1092.0000     1072.0000   213444    1.83%          x71_69 N   4464   4463     29
   4513  2742     1077.2000   124     1092.0000     1072.0000   216389    1.83%          x65_73 D   4513   4512     23
   4567  2786     1086.3143    98     1092.0000     1072.0000   219524    1.83%        x102_103 N   4567   4566     41
   4621  2824     1090.9500   108     1092.0000     1072.1750   222758    1.82%          x69_67 U   4621   4620     33
   4668  2864     1088.6410   109     1092.0000     1072.1825   225800    1.81%          x58_76 N   4668   4666     30
   4716  2900     1090.8500   109     1092.0000     1072.2674   228091    1.81%          x73_69 D   4716   4715     23
   4773  2936     1080.7692   131     1092.0000     1072.3333   231092    1.80%          x69_67 U   4773   4772     28
Elapsed time = 62.40 sec. (73268.32 ticks, tree = 9.14 MB, solutions = 2)
   4838  2992     1078.2500    94     1092.0000     1072.3386   233967    1.80%        x107_108 U   4838    374      8
   4898  3039     1079.5747   117     1092.0000     1072.3571   237001    1.80%          x65_64 D   4898   4897     25
   4958  3082     1084.0833   144     1092.0000     1072.5000   239121    1.79%        x116_115 D   4958   4957     20
   5036  3139     1090.0000   120     1092.0000     1072.5000   241568    1.79%          x84_83 N   5036   5034     35
   5097  3183     1087.5000    90     1092.0000     1072.6000   244816    1.78%          x65_62 D   5097   5096     21
   5159  3233     1085.9608   123     1092.0000     1072.7143   247562    1.77%        x118_129 D   5159   5158     30
   5200  3259     1079.0000   116     1092.0000     1072.7500   250480    1.76%        x116_111 U   5200   5199     14
   5248  3298     1087.8000    94     1092.0000     1072.7963   253540    1.76%          x68_64 N   5248   5247     33
   5313  3341     1084.9281   170     1092.0000     1072.9231   256331    1.75%          x73_66 D   5313   5312     36
   5358  3378     1090.6765    89     1092.0000     1072.9630   259440    1.74%          x68_62 N   5358   5357     14
Elapsed time = 69.87 sec. (83116.67 ticks, tree = 11.28 MB, solutions = 2)
   5399  3398     1082.3333   142     1092.0000     1073.0000   262102    1.74%        x107_108 N   5399   5398     17
   5455  3439     1082.8810   132     1092.0000     1073.0000   265190    1.74%          x53_67 N   5455   3030     15
   5492  3464     1076.9091   118     1092.0000     1073.0000   268030    1.74%          x83_73 N   5492    841     24
   5535  3496     1086.8095   146     1092.0000     1073.0000   270490    1.74%        x113_106 D   5535   5534     15
   5574  3517     1087.6703   161     1092.0000     1073.1429   273826    1.73%         x97_102 U   5574   5573     15
   5614  3539     1079.2700   158     1092.0000     1073.1635   277506    1.72%          x68_62 U   5614    920     20
   5676  3593     1089.0000    49     1092.0000     1073.1818   280397    1.72%          x69_67 N   5676   5675     30
   5717  3615     1084.5991   120     1092.0000     1073.2789   283371    1.71%          x51_64 D   5717   5716     28
   5757  3639     1086.2740   194     1092.0000     1073.3214   286201    1.71%          x64_66 D   5757   5756     35
*  5818  2700      integral     0     1088.0000     1073.4167   288793    1.34%
*  5898  2480      integral     0     1087.0000     1073.5000   292143    1.24%
   5990  2546     1084.5667   195     1087.0000     1073.6250   297056    1.23%          x64_67 D   5990   5988     31
Elapsed time = 78.56 sec. (95669.52 ticks, tree = 8.24 MB, solutions = 4)
*  6064  2004      integral     0     1085.0000     1073.7500   300107    1.04%
   6150  2023     1077.4500   103     1085.0000     1074.0000   307934    1.01%          x68_64 N   6150   6149     27
   6308  2090     1083.4000    79     1085.0000     1074.2500   318601    0.99%          x53_66 N   6308   6307     20
   6497  2205     1083.1200   133     1085.0000     1074.5000   330162    0.97%          x60_58 N   6497   6496     25
   6700  2314     1074.8868   145     1085.0000     1074.6667   339957    0.95%        x113_106 D   6700   6699     15
   6909  2419     1077.6667    99     1085.0000     1075.0000   351407    0.92%          x59_74 D   6909   2098     20
   7065  2479     1082.5500   121     1085.0000     1075.2143   362967    0.90%        x120_114 D   7065   7064     13
*  7212  1789      integral     0     1083.0000     1075.4444   372043    0.70%
   7260  1802     1080.7143   144     1083.0000     1075.5429   374638    0.69%          x68_62 N   7260   4329     16
   7429  1828        cutoff           1083.0000     1075.8658   386044    0.66%        x106_114 U   7429   2525     16
   7614  1876     1079.5000    66     1083.0000     1076.1000   397307    0.64%          x69_67 N   7614   2101     23
   7794  1891        cutoff           1083.0000     1076.4412   408702    0.61%          x65_61 U   7794   4368     26
Elapsed time = 102.66 sec. (134216.41 ticks, tree = 6.48 MB, solutions = 6)
   7963  1894     1080.8000    92     1083.0000     1076.7500   419825    0.58%          x68_66 N   7963   7962     17
   8100  1871     1079.0517   100     1083.0000     1077.0000   431671    0.55%          x72_70 N   8100   2103     25
   8304  1877     1079.6667   130     1083.0000     1077.4167   442683    0.52%          x68_62 D   8304   8303     21
   8487  1846     1079.8750    96     1083.0000     1077.7000   454482    0.49%          x64_67 D   8487   8486     17
   8693  1800        cutoff           1083.0000     1078.0000   465818    0.46%        x105_100 D   8693    645     17
   8877  1751        cutoff           1083.0000     1078.2778   477214    0.44%          x69_67 D   8877   8875     20
   9061  1679     1079.0000    71     1083.0000     1078.5227   488106    0.41%        x106_114 N   9061   3454     18
   9262  1595     1080.0726   137     1083.0000     1078.8333   497766    0.38%        x100_106 N   9262   9261     15
   9452  1507        cutoff           1083.0000     1079.1500   507800    0.36%          x53_66 U   9452   6049     18
   9677  1381        cutoff           1083.0000     1079.5000   516680    0.32%          x73_69 U   9677   1043     16
Elapsed time = 123.16 sec. (172494.50 ticks, tree = 4.97 MB, solutions = 6)
   9911  1257        cutoff           1083.0000     1079.8000   525839    0.30%          x51_64 U   9911   5875     21
  10151  1113     1080.5000    91     1083.0000     1080.1176   534429    0.27%         x94_100 N  10151    329     28
  10404   912        cutoff           1083.0000     1080.5000   542774    0.23%          x76_75 D  10404   5336     34
  10679   685        cutoff           1083.0000     1080.9155   549018    0.19%          x68_62 U  10679   6292     16
  10973   439        cutoff           1083.0000     1081.2500   554160    0.16%          x85_73 U  10973   8416     30
  11308   117        cutoff           1083.0000     1081.8000   557469    0.11%         x96_104 U  11308   9860     32

Cover cuts applied:  4
Zero-half cuts applied:  12
Gomory fractional cuts applied:  1
User cuts applied:  6364

Root node processing (before b&c):
  Real time             =    0.86 sec. (1604.79 ticks)
Sequential b&c:
  Real time             =  131.94 sec. (195148.19 ticks)
                          ------------
Total (root+branch&cut) =  132.80 sec. (196752.98 ticks)

