Version identifier: 22.1.0.0 | 2022-03-09 | 1a383f8ce
CPXPARAM_Preprocessing_Reduce                    1
CPXPARAM_Threads                                 1
CPXPARAM_Preprocessing_Reformulations            0
CPXPARAM_TimeLimit                               10800
CPXPARAM_MIP_Tolerances_AbsMIPGap                0.999
CPXPARAM_MIP_Limits_TreeMemory                   20000
Legacy callback                                  BbLUID
         Disabling repeat represolve because of lazy constraint/incumbent callback.
1 of 1 MIP starts provided solutions.
MIP start 'm1' defined initial solution with objective 1409.0000.
Tried aggregator 1 time.
MIP Presolve eliminated 1453 rows and 0 columns.
MIP Presolve modified 385 coefficients.
Reduced MIP has 638 rows, 1844 columns, and 5833 nonzeros.
Reduced MIP has 1844 binaries, 0 generals, 0 SOSs, and 0 indicators.
Presolve time = 0.00 sec. (3.70 ticks)
Probing time = 0.00 sec. (2.23 ticks)
Clique table members: 638.
MIP emphasis: balance optimality and feasibility.
MIP search method: traditional branch-and-cut.
Parallel mode: none, using 1 thread.
Root relaxation solution time = 0.00 sec. (4.25 ticks)

        Nodes                                         Cuts/
   Node  Left     Objective  IInf  Best Integer    Best Bound    ItCnt     Gap         Variable B NodeID Parent  Depth

*     0+    0                         1409.0000        0.0000           100.00%
      0     0     1343.5000     8     1409.0000     1343.5000      498    4.65%
      0     2     1402.5000    89     1409.0000     1403.0000      498    0.43%                        0             0
Elapsed time = 0.06 sec. (55.56 ticks, tree = 0.01 MB, solutions = 1)

User cuts applied:  401

Root node processing (before b&c):
  Real time             =    0.06 sec. (55.52 ticks)
Sequential b&c:
  Real time             =    0.07 sec. (32.13 ticks)
                          ------------
Total (root+branch&cut) =    0.14 sec. (87.66 ticks)

