Version identifier: 22.1.0.0 | 2022-03-09 | 1a383f8ce
CPXPARAM_Preprocessing_Reduce                    1
CPXPARAM_Threads                                 1
CPXPARAM_Preprocessing_Reformulations            0
CPXPARAM_TimeLimit                               10800
CPXPARAM_MIP_Tolerances_AbsMIPGap                0.999
CPXPARAM_MIP_Limits_TreeMemory                   20000
Legacy callback                                  BbLUID
         Disabling repeat represolve because of lazy constraint/incumbent callback.
1 of 1 MIP starts provided solutions.
MIP start 'm1' defined initial solution with objective 2205.0000.
Tried aggregator 1 time.
MIP Presolve eliminated 3151 rows and 0 columns.
MIP Presolve modified 690 coefficients.
Reduced MIP has 1095 rows, 3347 columns, and 10963 nonzeros.
Reduced MIP has 3347 binaries, 0 generals, 0 SOSs, and 0 indicators.
Presolve time = 0.00 sec. (7.30 ticks)
Probing time = 0.00 sec. (2.57 ticks)
Clique table members: 1095.
MIP emphasis: balance optimality and feasibility.
MIP search method: traditional branch-and-cut.
Parallel mode: none, using 1 thread.
Root relaxation solution time = 0.00 sec. (10.17 ticks)

        Nodes                                         Cuts/
   Node  Left     Objective  IInf  Best Integer    Best Bound    ItCnt     Gap         Variable B NodeID Parent  Depth

*     0+    0                         2205.0000        0.0000           100.00%
      0     0     2080.7500    43     2205.0000     2080.7500      809    5.63%
      0     0     2133.6667    22     2205.0000     Cuts: 161     1017    3.24%
      0     0     2142.0000    18     2205.0000     Cuts: 103     1077    2.86%
      0     0     2144.0000    55     2205.0000      Cuts: 41     1163    2.77%
      0     0     2151.0000    17     2205.0000      Cuts: 38     1187    2.45%
      0     0     2152.0000    36     2205.0000      Cuts: 61     1216    2.40%
      0     0     2152.0000    59     2205.0000      Cuts: 49     1264    2.40%
      0     0     2152.0000    14     2205.0000      User: 11     1277    2.40%
      0     0     2152.0833    35     2205.0000      Cuts: 30     1316    2.40%
      0     0     2152.0833    45     2205.0000       User: 4     1337    2.40%
      0     0     2152.0833    44     2205.0000       User: 9     1356    2.40%
      0     0     2152.0833    34     2205.0000      User: 10     1359    2.40%
      0     0     2152.0833    46     2205.0000       User: 9     1362    2.40%
      0     0     2152.0833    34     2205.0000       User: 5     1373    2.40%
      0     0     2152.0833    34     2205.0000      User: 27     1397    2.40%
      0     0     2152.0833    34     2205.0000       User: 7     1398    2.40%
      0     0     2154.0833    48     2205.0000       User: 4     1410    2.31%
      0     0     2154.5833    96     2205.0000       User: 8     1431    2.29%
      0     0     2154.7833   105     2205.0000       User: 4     1450    2.28%
      0     0     2154.7833    97     2205.0000       User: 3     1454    2.28%
      0     0     2154.7833   104     2205.0000       User: 5     1463    2.28%
      0     0     2154.7833    96     2205.0000       User: 8     1488    2.28%
      0     0     2154.7833    96     2205.0000       User: 6     1506    2.28%
      0     0     2154.9833   107     2205.0000       User: 4     1556    2.27%
      0     0     2154.9833   107     2205.0000      User: 18     1577    2.27%
      0     0     2156.3167   158     2205.0000      User: 17     1619    2.21%
      0     0     2156.4833   156     2205.0000      User: 11     1624    2.20%
      0     0     2156.4833   157     2205.0000       User: 8     1625    2.20%
      0     0     2156.5833   179     2205.0000       User: 4     1634    2.20%
      0     0     2156.5833   184     2205.0000       User: 7     1638    2.20%
      0     0     2157.9000   197     2205.0000       User: 4     1688    2.14%
      0     0     2158.2333   179     2205.0000       User: 9     1692    2.12%
      0     0     2158.2704   186     2205.0000       User: 8     1716    2.12%
      0     0     2158.2704   177     2205.0000       User: 6     1721    2.12%
      0     0     2158.2704   142     2205.0000       User: 9     1726    2.12%
      0     0     2158.2704   161     2205.0000       User: 6     1730    2.12%
      0     0     2158.2704   136     2205.0000       User: 3     1730    2.12%
      0     0     2158.2704   174     2205.0000       User: 8     1735    2.12%
      0     0     2158.2704   154     2205.0000       User: 4     1740    2.12%
      0     0     2158.3444   154     2205.0000       User: 4     1741    2.12%
      0     0     2158.3444   153     2205.0000       User: 1     1742    2.12%
      0     0     2158.3444   193     2205.0000       User: 2     1775    2.12%
      0     0     2158.3444   173     2205.0000       User: 8     1775    2.12%
      0     0     2158.3444   181     2205.0000      User: 14     1789    2.12%
      0     0     2158.3444   184     2205.0000       User: 4     1813    2.12%
      0     0     2158.3444   178     2205.0000       User: 4     1834    2.12%
      0     0     2158.3444   178     2205.0000      User: 23     1866    2.12%
      0     0     2158.3444   207     2205.0000      User: 13     1906    2.12%
      0     0     2158.3444   145     2205.0000       User: 8     1919    2.12%
      0     0     2158.3444   145     2205.0000      User: 23     1931    2.12%
      0     0     2158.3444   175     2205.0000       User: 3     1951    2.12%
      0     0     2158.3444   168     2205.0000       User: 5     1984    2.12%
      0     0     2158.3444   171     2205.0000      User: 11     2005    2.12%
      0     0     2158.3444   172     2205.0000       User: 4     2017    2.12%
      0     0     2158.3444   168     2205.0000       User: 7     2019    2.12%
      0     0     2158.3444   151     2205.0000      User: 14     2025    2.12%
      0     0     2158.3444   151     2205.0000       User: 7     2026    2.12%
      0     0     2158.3444   151     2205.0000       User: 2     2029    2.12%
      0     0     2158.3444   171     2205.0000       User: 8     2039    2.12%
      0     0     2158.3444   162     2205.0000       User: 3     2039    2.12%
      0     0     2158.3444   171     2205.0000       User: 7     2054    2.12%
      0     0     2158.3444   182     2205.0000       User: 6     2064    2.12%
      0     0     2159.3444   164     2205.0000       User: 2     2113    2.07%
      0     0     2159.3444   161     2205.0000       User: 8     2115    2.07%
      0     0     2159.3444   161     2205.0000       User: 1     2126    2.07%
      0     0     2159.3444   161     2205.0000       User: 8     2156    2.07%
      0     0     2159.3444   161     2205.0000       User: 1     2157    2.07%
      0     2     2159.3444   161     2205.0000     2159.5667     2157    2.06%                        0             0
Elapsed time = 1.43 sec. (2156.23 ticks, tree = 0.01 MB, solutions = 1)
      3     5     2169.3667   201     2205.0000     2166.5000     2383    1.75%        x185_184 N      3      1      2
      7     9     2177.0333   213     2205.0000     2166.5000     2549    1.75%        x188_185 N      7      5      5
     21    23     2188.0769    76     2205.0000     2166.5000     2881    1.75%        x147_153 D     21     19     14
     32    29     2188.0667   220     2205.0000     2167.4000     3416    1.71%        x188_185 N     32     31      5
     60    53     2198.0000    18     2205.0000     2167.4000     4098    1.71%        x125_120 U     60     59     26
     80    64     2188.5303   116     2205.0000     2168.4000     4530    1.66%          x61_64 D     80     79      9
    107    91     2192.0873    89     2205.0000     2168.4000     4913    1.66%        x138_151 D    107    106     36
    139   110     2190.2803   189     2205.0000     2170.9000     5405    1.55%          x86_84 D    139    138      5
    176   139     2197.2803   190     2205.0000     2173.9000     5952    1.41%          x86_84 D    176    175      8
    299   243     2196.5000    10     2205.0000     2177.4000     8222    1.25%        x126_151 D    299    298     76
Elapsed time = 6.50 sec. (5392.77 ticks, tree = 0.55 MB, solutions = 1)
    421   344     2185.0303   127     2205.0000     2177.6500    10790    1.24%          x64_59 D    421    420      9
    585   487     2185.1429    78     2205.0000     2179.0303    13127    1.18%        x145_146 D    585    584     23
    690   573     2187.5303   110     2205.0000     2179.5889    15233    1.15%        x177_167 N    690    689     17
    880   743     2185.7083    42     2205.0000     2180.0303    18349    1.13%        x127_121 N    880    879     40
   1048   895     2184.6179   102     2205.0000     2180.3750    20533    1.12%        x130_124 D   1048   1047     24
   1218  1056     2195.8000   103     2205.0000     2180.4000    23401    1.12%        x134_129 D   1218   1217     38
   1372  1185     2189.0000    52     2205.0000     2181.0303    26411    1.09%        x133_141 N   1372   1371     17
   1520  1319     2183.2500    58     2205.0000     2181.0303    29450    1.09%        x134_132 U   1520   1519     27
*  1589  1184      integral     0     2197.0000     2181.0303    30667    0.73%
   1668  1247     2204.6323   176     2197.0000     2181.1111    32296    0.72%         x93_103 N   1668    231      9
   1862  1405     2183.2857    74     2197.0000     2181.3333    35938    0.71%        x134_132 U   1862   1861     30
Elapsed time = 27.27 sec. (15069.89 ticks, tree = 2.76 MB, solutions = 2)
   2066  1571        cutoff           2197.0000     2181.4545    39899    0.71%        x146_152 N   2066   2065     39
*  2218  1633      integral     0     2196.0000     2181.6250    42177    0.65%
   2303  1706        cutoff           2196.0000     2181.6964    43422    0.65%        x142_133 N   2303    788     29
   2454  1820     2189.7143    99     2196.0000     2181.8654    47378    0.64%        x134_129 D   2454   2453     37
   2603  1914     2182.7500    74     2196.0000     2182.0303    51501    0.64%        x131_127 U   2603   2602     10
*  2792  1583      integral     0     2191.0000     2182.3303    55489    0.40%
   2799  1589     2188.5000    69     2191.0000     2182.3333    55693    0.40%        x133_141 D   2799   2798     18
   2962  1661     2186.8333    52     2191.0000     2182.5946    59669    0.38%        x138_152 D   2962   2961     27
   3127  1716     2188.3889    76     2191.0000     2182.8571    64006    0.37%        x148_150 D   3127   3126     25
   3287  1796     2188.5909    94     2191.0000     2183.0000    68227    0.37%        x143_138 N   3287   3286     35
   3466  1890        cutoff           2191.0000     2183.0526    72565    0.36%        x133_148 U   3466    783     24
   3627  1945     2187.0000    64     2191.0000     2183.3333    77342    0.35%        x133_141 D   3627   3626     17
Elapsed time = 46.64 sec. (24653.33 ticks, tree = 3.96 MB, solutions = 4)
   3794  1978     2184.7500    98     2191.0000     2183.5000    81616    0.34%        x131_127 N   3794    499     10
*  3968  1858      integral     0     2190.0000     2183.7500    85162    0.29%
   3989  1865     2188.7500    67     2190.0000     2183.7778    85739    0.28%        x133_147 D   3989   3988     48
   4148  1887     2188.5000    39     2190.0000     2184.0000    90040    0.27%        x123_120 N   4148   2891     14
   4301  1860        cutoff           2190.0000     2184.2000    94606    0.26%        x133_147 U   4301   2126     22
   4461  1838     2187.9286    64     2190.0000     2184.5000    98802    0.25%        x128_120 D   4461   4460     29
   4659  1874        cutoff           2190.0000     2184.6667   102642    0.24%        x135_145 N   4659   4657     18
   4818  1816     2188.6000    54     2190.0000     2185.0000   107254    0.23%        x134_132 D   4818   4817     28
   4997  1786     2186.2000    58     2190.0000     2185.1923   111443    0.22%        x121_120 D   4997   4996     24
   5143  1699        cutoff           2190.0000     2185.5000   115457    0.21%        x130_124 U   5143   2695     26
   5313  1627        cutoff           2190.0000     2185.6800   118849    0.20%        x132_129 U   5313   3001     20
Elapsed time = 60.43 sec. (34229.95 ticks, tree = 3.33 MB, solutions = 5)
   5500  1540     2187.2500    57     2190.0000     2186.0000   122117    0.18%        x135_145 D   5500   2825     23
   5663  1499        cutoff           2190.0000     2186.0625   126236    0.18%        x116_115 D   5663   3899     19
   5851  1436        cutoff           2190.0000     2186.3000   129539    0.17%        x148_150 D   5851   5850     26
   6021  1339        cutoff           2190.0000     2186.5000   132910    0.16%        x123_120 U   6021   5549     17
   6215  1216        cutoff           2190.0000     2186.7500   136118    0.15%        x142_126 U   6215   2234     34
   6397  1104        cutoff           2190.0000     2187.0000   139120    0.14%        x121_119 U   6397   6395     28
*  6535   610      integral     0     2189.0000     2187.0909   141215    0.09%
   6610   574        cutoff           2189.0000     2187.2000   141994    0.08%        x124_120 U   6610   6599     28
   6854   397        cutoff           2189.0000     2187.5000   143504    0.07%        x132_152 U   6854   3557     16
   7075   186        cutoff           2189.0000     2187.9091   144687    0.05%        x134_129 U   7075   2860     22

Clique cuts applied:  1
Cover cuts applied:  5
Zero-half cuts applied:  10
Lift and project cuts applied:  1
Gomory fractional cuts applied:  2
User cuts applied:  3601

Root node processing (before b&c):
  Real time             =    1.43 sec. (2150.50 ticks)
Sequential b&c:
  Real time             =   68.10 sec. (41468.62 ticks)
                          ------------
Total (root+branch&cut) =   69.53 sec. (43619.12 ticks)

