Version identifier: 22.1.0.0 | 2022-03-09 | 1a383f8ce
CPXPARAM_Preprocessing_Reduce                    1
CPXPARAM_Threads                                 1
CPXPARAM_Preprocessing_Reformulations            0
CPXPARAM_TimeLimit                               10800
CPXPARAM_MIP_Tolerances_AbsMIPGap                0.999
CPXPARAM_MIP_Limits_TreeMemory                   20000
Legacy callback                                  BbLUID
         Disabling repeat represolve because of lazy constraint/incumbent callback.
1 of 1 MIP starts provided solutions.
MIP start 'm1' defined initial solution with objective 740.9059.
Tried aggregator 1 time.
MIP Presolve eliminated 1283 rows and 0 columns.
MIP Presolve modified 335 coefficients.
Reduced MIP has 411 rows, 1201 columns, and 4446 nonzeros.
Reduced MIP has 1201 binaries, 0 generals, 0 SOSs, and 0 indicators.
Presolve time = 0.00 sec. (2.89 ticks)
Probing time = 0.00 sec. (2.46 ticks)
Clique table members: 411.
MIP emphasis: balance optimality and feasibility.
MIP search method: traditional branch-and-cut.
Parallel mode: none, using 1 thread.
Root relaxation solution time = 0.00 sec. (1.22 ticks)

        Nodes                                         Cuts/
   Node  Left     Objective  IInf  Best Integer    Best Bound    ItCnt     Gap         Variable B NodeID Parent  Depth

*     0+    0                          740.9059        0.0000           100.00%
      0     0      589.1586    12      740.9059      589.1586       90   20.48%
      0     0      633.1268    48      740.9059      Cuts: 27      122   14.55%
      0     0      651.5754    32      740.9059      Cuts: 25      136   12.06%
      0     0      657.7363    34      740.9059      Cuts: 15      150   11.23%
      0     0      663.1250    46      740.9059       User: 7      168   10.50%
      0     0      675.1809    10      740.9059      Cuts: 15      189    8.87%
      0     0      679.9057    40      740.9059       User: 1      192    8.23%
      0     0      680.4883    48      740.9059       User: 2      206    8.15%
      0     0      680.6891    56      740.9059       User: 2      209    8.13%
      0     0      680.8118    61      740.9059       User: 2      215    8.11%
      0     0      680.9860    33      740.9059       Cuts: 3      220    8.09%
      0     0      681.0905    34      740.9059       User: 1      234    8.07%
      0     0      681.2370    27      740.9059       User: 2      246    8.05%
      0     0      682.5021    47      740.9059       User: 1      261    7.88%
      0     0      683.4788    32      740.9059      Cuts: 14      270    7.75%
      0     0      683.7673    37      740.9059       Cuts: 4      273    7.71%
      0     0      684.0467    49      740.9059       Cuts: 9      276    7.67%
      0     0      684.1410    49      740.9059   ZeroHalf: 2      277    7.66%
      0     0      684.2370    37      740.9059       User: 9      278    7.65%
      0     0      684.3104    53      740.9059       User: 7      280    7.64%
      0     0      684.3365    57      740.9059       User: 7      282    7.64%
      0     2      684.3365    57      740.9059      684.5093      282    7.61%                        0             0
Elapsed time = 0.12 sec. (247.07 ticks, tree = 0.01 MB, solutions = 1)
     20    22      710.5926    79      740.9059      688.7321      906    7.04%          x16_28 N     20     19     15
     50    41      703.9025    78      740.9059      688.7882     1640    7.03%          x15_34 D     50     49      5
     97    75      731.9453    85      740.9059      688.8118     2631    7.03%          x29_17 D     97     96     20
    141   104      715.8648    85      740.9059      688.9869     3574    7.01%          x29_37 N    141    140     11
    210   161      715.0725    73      740.9059      690.8257     4684    6.76%            x4_2 D    210    209     26
    274   213      723.6746    58      740.9059      695.5317     5865    6.12%          x17_23 D    274    273     28
*   330   248      integral     0      736.9808      696.3531     6737    5.51%
    338   252      708.3856    81      736.9808      697.4247     6945    5.37%          x37_23 D    338    337      6
    420   307      736.8598    20      736.9808      698.5573     8509    5.21%            x1_3 N    420    419     19
    490   371      728.8469    25      736.9808      701.3895     9821    4.83%           x12_8 D    490    489     28
    742   571      730.0522    69      736.9808      702.5461    14769    4.67%          x20_16 D    742    741     16
Elapsed time = 1.79 sec. (3381.42 ticks, tree = 0.75 MB, solutions = 2)
    960   737      725.7404    98      736.9808      703.3730    20300    4.56%          x29_31 D    960    959     40
   1199   930      731.6207    66      736.9808      704.2802    25609    4.44%          x18_21 N   1199   1198     34
   1419  1097      724.2814    52      736.9808      705.1448    30694    4.32%          x37_23 U   1419    337      6
   1640  1269      711.6662    75      736.9808      705.9667    35090    4.21%          x15_35 D   1640   1639     14
   1866  1453      735.9891    27      736.9808      706.3470    39619    4.16%          x17_20 D   1866   1865     33
   2063  1590        cutoff            736.9808      707.3826    44571    4.02%          x15_30 U   2063   1128     15
   2265  1741      721.4590    90      736.9808      708.0133    49283    3.93%          x23_29 D   2265   2264     29
   2449  1879      734.0275    59      736.9808      708.3412    54064    3.89%            x4_3 D   2449   2448     15
   2651  2025        cutoff            736.9808      708.6641    58500    3.84%          x17_19 U   2651   2650     27
   2826  2126        cutoff            736.9808      709.3438    63235    3.75%          x20_16 U   2826    407      7
Elapsed time = 6.31 sec. (12969.89 ticks, tree = 7.03 MB, solutions = 2)
   3019  2273        cutoff            736.9808      709.6556    68129    3.71%          x17_19 D   3019   3018     29
*  3147  2274      integral     0      735.8238      709.9013    70802    3.52%
   3206  2321      724.3275    60      735.8238      710.0136    72291    3.51%          x27_29 N   3206   3205     32
   3369  2445      729.6810   106      735.8238      710.4229    76710    3.45%          x20_21 U   3369   2047     17
   3548  2572        cutoff            735.8238      710.7949    81646    3.40%          x26_35 U   3548   3547     49
   3724  2688        cutoff            735.8238      711.1778    86239    3.35%          x20_17 D   3724   3723     28
   3889  2778      729.1327    65      735.8238      711.6341    91231    3.29%          x17_19 D   3889   3888     26
   4068  2858      732.2870    74      735.8238      712.0232    95632    3.23%          x31_23 D   4068   4067     27
   4254  2982      726.2576    46      735.8238      712.3720   100617    3.19%          x29_19 U   4254   4252     26
*  4287  1946      integral     0      730.5102      712.3805   101546    2.48%          x36_14 D   4287   4286     22
   4450  2001        cutoff            730.5102      713.2821   106296    2.36%          x15_16 U   4450   4449     20
Elapsed time = 10.18 sec. (21751.78 ticks, tree = 5.37 MB, solutions = 4)
   4619  2045      728.5068    54      730.5102      714.1547   111249    2.24%          x26_35 U   4619   4618     26
   4804  2098      725.8227    83      730.5102      715.1452   116036    2.10%          x15_32 D   4804   4803     23
   4964  2136      728.8868     8      730.5102      715.7432   121064    2.02%           x7_14 D   4964   4962     35
   5144  2184      729.2823    99      730.5102      716.1059   126033    1.97%          x35_34 U   5144   2548     28
   5333  2240        cutoff            730.5102      716.7034   130785    1.89%          x16_28 D   5333   5332     32
   5524  2296      728.8626    44      730.5102      717.3026   135669    1.81%            x4_2 D   5524   5523     24
   5676  2307        cutoff            730.5102      718.0100   140927    1.71%           x20_1 U   5676   2287     17
   5843  2345      730.2350    78      730.5102      718.6388   146094    1.63%            x9_7 N   5843   1892     33
   6011  2352      724.4789   102      730.5102      719.1562   150667    1.55%            x4_3 U   6011   1139     26
   6197  2388      726.0819    81      730.5102      719.7800   155546    1.47%          x17_19 D   6197   2149     22
Elapsed time = 14.14 sec. (31386.33 ticks, tree = 5.73 MB, solutions = 4)
   6390  2462      728.1954    70      730.5102      720.1915   159436    1.41%          x23_19 N   6390   6389     24
*  6460  1353      integral     0      726.9914      720.4206   160993    0.90%
   6591  1334        cutoff            726.9914      720.8900   163586    0.84%          x28_31 U   6591   2963     36
   6789  1314      724.4048    43      726.9914      721.5258   167979    0.75%            x4_3 D   6789   6788     26
   6977  1267      724.4401    85      726.9914      722.0982   172108    0.67%            x9_7 D   6977   6976     10
   7209  1261      726.3248    46      726.9914      722.5380   175921    0.61%           x11_7 D   7209   7208     18
   7417  1197        cutoff            726.9914      723.0916   179894    0.54%          x31_29 U   7417   3627     27
   7640  1116      725.4605    71      726.9914      723.6034   183692    0.47%          x17_19 D   7640   7639     12
   7848  1068        cutoff            726.9914      723.9521   187078    0.42%          x29_31 U   7848    449     32
   8069   951        cutoff            726.9914      724.4878   190607    0.34%            x4_2 U   8069   7556     12
   8289   797      725.7304    80      726.9914      724.9200   193998    0.28%           x2_24 N   8289   5255     10
Elapsed time = 17.59 sec. (40959.64 ticks, tree = 1.80 MB, solutions = 5)
   8509   634      726.0579    96      726.9914      725.3731   196959    0.22%          x35_28 N   8509   5599     37
   8740   447        cutoff            726.9914      725.9258   199255    0.15%          x17_19 U   8740   5453     25

Clique cuts applied:  2
Cover cuts applied:  2
Zero-half cuts applied:  15
Gomory fractional cuts applied:  1
User cuts applied:  1826

Root node processing (before b&c):
  Real time             =    0.12 sec. (247.09 ticks)
Sequential b&c:
  Real time             =   18.04 sec. (42760.81 ticks)
                          ------------
Total (root+branch&cut) =   18.16 sec. (43007.90 ticks)

