Version identifier: 22.1.0.0 | 2022-03-09 | 1a383f8ce
CPXPARAM_Preprocessing_Reduce                    1
CPXPARAM_Threads                                 1
CPXPARAM_Preprocessing_Reformulations            0
CPXPARAM_TimeLimit                               10800
CPXPARAM_MIP_Tolerances_AbsMIPGap                0.999
CPXPARAM_MIP_Limits_TreeMemory                   20000
Legacy callback                                  BbLUID
         Disabling repeat represolve because of lazy constraint/incumbent callback.
1 of 1 MIP starts provided solutions.
MIP start 'm1' defined initial solution with objective 427.0349.
Tried aggregator 1 time.
MIP Presolve eliminated 218 rows and 0 columns.
MIP Presolve modified 62 coefficients.
Reduced MIP has 109 rows, 301 columns, and 934 nonzeros.
Reduced MIP has 301 binaries, 0 generals, 0 SOSs, and 0 indicators.
Presolve time = 0.00 sec. (0.51 ticks)
Probing time = 0.00 sec. (0.53 ticks)
Clique table members: 109.
MIP emphasis: balance optimality and feasibility.
MIP search method: traditional branch-and-cut.
Parallel mode: none, using 1 thread.
Root relaxation solution time = 0.00 sec. (0.22 ticks)

        Nodes                                         Cuts/
   Node  Left     Objective  IInf  Best Integer    Best Bound    ItCnt     Gap         Variable B NodeID Parent  Depth

*     0+    0                          427.0349        0.0000           100.00%
      0     0      372.5430     6      427.0349      372.5430       20   12.76%
      0     0      404.0356    18      427.0349      Cuts: 18       29    5.39%
      0     0      407.7110    32      427.0349      Cuts: 13       46    4.53%
      0     0      414.2247    16      427.0349      Cuts: 19       63    3.00%
      0     0      417.5580    20      427.0349      Cuts: 14       87    2.22%
      0     0      420.3804    44      427.0349      Cuts: 12      102    1.56%
      0     0      421.5680    26      427.0349      Cuts: 15      111    1.28%
      0     0      422.4701    42      427.0349      Cuts: 14      128    1.07%
      0     0      422.6194    10      427.0349       Cuts: 4      130    1.03%
      0     0      422.6518    14      427.0349   ZeroHalf: 2      131    1.03%
      0     0      422.8037    19      427.0349   ZeroHalf: 6      132    0.99%
      0     0      423.0004    50      427.0349   ZeroHalf: 6      141    0.94%
      0     0      423.2246    52      427.0349   ZeroHalf: 4      156    0.89%
      0     0      423.3125    50      427.0349   ZeroHalf: 3      166    0.87%
      0     0      423.3755    55      427.0349   ZeroHalf: 2      171    0.86%
      0     0      423.6572    39      427.0349   ZeroHalf: 2      188    0.79%
      0     0      423.8610    42      427.0349   ZeroHalf: 5      197    0.74%
      0     0      423.9143    48      427.0349       Cuts: 4      209    0.73%
      0     0      424.0246    43      427.0349   ZeroHalf: 3      221    0.70%
      0     0      424.0952    51      427.0349   ZeroHalf: 2      234    0.69%
      0     2      424.6613    27      427.0349      424.7352      265    0.54%                        0             0
Elapsed time = 0.06 sec. (71.50 ticks, tree = 0.01 MB, solutions = 1)
*     1     1      integral     0      426.5328      424.7352      275    0.42%            x5_3 U      1      0      1

Zero-half cuts applied:  11
User cuts applied:  90

Root node processing (before b&c):
  Real time             =    0.05 sec. (64.51 ticks)
Sequential b&c:
  Real time             =    0.01 sec. (11.90 ticks)
                          ------------
Total (root+branch&cut) =    0.06 sec. (76.40 ticks)

