Version identifier: 22.1.0.0 | 2022-03-09 | 1a383f8ce
CPXPARAM_Preprocessing_Reduce                    1
CPXPARAM_Threads                                 1
CPXPARAM_Preprocessing_Reformulations            0
CPXPARAM_TimeLimit                               10800
CPXPARAM_MIP_Tolerances_AbsMIPGap                0.999
CPXPARAM_MIP_Limits_TreeMemory                   20000
Legacy callback                                  BbLUID
         Disabling repeat represolve because of lazy constraint/incumbent callback.
1 of 1 MIP starts provided solutions.
MIP start 'm1' defined initial solution with objective 859.6630.
Tried aggregator 1 time.
MIP Presolve eliminated 1029 rows and 0 columns.
MIP Presolve modified 140 coefficients.
Reduced MIP has 212 rows, 697 columns, and 2451 nonzeros.
Reduced MIP has 697 binaries, 0 generals, 0 SOSs, and 0 indicators.
Presolve time = 0.00 sec. (1.91 ticks)
Probing time = 0.00 sec. (1.50 ticks)
Clique table members: 212.
MIP emphasis: balance optimality and feasibility.
MIP search method: traditional branch-and-cut.
Parallel mode: none, using 1 thread.
Root relaxation solution time = 0.00 sec. (0.58 ticks)

        Nodes                                         Cuts/
   Node  Left     Objective  IInf  Best Integer    Best Bound    ItCnt     Gap         Variable B NodeID Parent  Depth

*     0+    0                          859.6630        0.0000           100.00%
      0     0      752.8648    12      859.6630      705.5459       58   17.93%
      0     0      807.2010    42      859.6630      Cuts: 18       98    6.10%
      0     0      810.4006    63      859.6630      Cuts: 15      144    5.73%
      0     0      810.8118    61      859.6630       Cuts: 5      160    5.68%
      0     0      813.7978    80      859.6630      Cuts: 10      187    5.34%
      0     0      814.3730    68      859.6630      Cuts: 10      208    5.27%
      0     0      815.3151    83      859.6630       Cuts: 5      224    5.16%
      0     0      815.4608    74      859.6630      Cuts: 10      231    5.14%
      0     0      815.6645    80      859.6630       Cuts: 3      242    5.12%
      0     0      816.1298    80      859.6630       Cuts: 7      256    5.06%
      0     0      816.2932    77      859.6630       Cuts: 4      264    5.04%
      0     0      816.5019    82      859.6630       Cuts: 5      274    5.02%
      0     0      816.8353    96      859.6630       Cuts: 6      283    4.98%
      0     2      816.8353    96      859.6630      816.9067      283    4.97%                        0             0
Elapsed time = 0.10 sec. (147.71 ticks, tree = 0.01 MB, solutions = 1)
     59    36      836.7136    16      859.6630      821.5759     1393    4.43%          x35_21 U     59     58      7
    132    90      842.8898    52      859.6630      824.3975     2843    4.10%          x29_21 N    132    129     12
    240   172      830.5984    89      859.6630      824.8773     4348    4.05%           x23_8 D    240    239     17
    356   255      841.7933    52      859.6630      826.0852     6070    3.91%           x30_8 N    356    355     14
    468   322      849.7900    93      859.6630      827.9883     8319    3.68%          x18_30 D    468    467      9
*   589    88      integral     0      837.7338      829.4576    10062    0.99%
    611    90        cutoff            837.7338      830.5516    10503    0.86%          x32_35 D    611    609     23
*   666    54      integral     0      835.2323      832.5241    11321    0.32%          x13_21 U    666    638     13

Zero-half cuts applied:  18
User cuts applied:  694

Root node processing (before b&c):
  Real time             =    0.10 sec. (147.70 ticks)
Sequential b&c:
  Real time             =    1.55 sec. (1624.41 ticks)
                          ------------
Total (root+branch&cut) =    1.65 sec. (1772.11 ticks)

