Version identifier: 22.1.0.0 | 2022-03-09 | 1a383f8ce
CPXPARAM_Preprocessing_Reduce                    1
CPXPARAM_Threads                                 1
CPXPARAM_Preprocessing_Reformulations            0
CPXPARAM_TimeLimit                               10800
CPXPARAM_MIP_Tolerances_AbsMIPGap                0.999
CPXPARAM_MIP_Limits_TreeMemory                   20000
Legacy callback                                  BbLUID
         Disabling repeat represolve because of lazy constraint/incumbent callback.
1 of 1 MIP starts provided solutions.
MIP start 'm1' defined initial solution with objective 422.5436.
Tried aggregator 1 time.
MIP Presolve eliminated 31 rows and 0 columns.
MIP Presolve modified 15 coefficients.
Reduced MIP has 55 rows, 128 columns, and 318 nonzeros.
Reduced MIP has 128 binaries, 0 generals, 0 SOSs, and 0 indicators.
Presolve time = 0.00 sec. (0.15 ticks)
Probing time = 0.00 sec. (0.14 ticks)
Clique table members: 55.
MIP emphasis: balance optimality and feasibility.
MIP search method: traditional branch-and-cut.
Parallel mode: none, using 1 thread.
Root relaxation solution time = 0.00 sec. (0.14 ticks)

        Nodes                                         Cuts/
   Node  Left     Objective  IInf  Best Integer    Best Bound    ItCnt     Gap         Variable B NodeID Parent  Depth

*     0+    0                          422.5436        0.0000           100.00%
      0     0      415.1922     6      422.5436      412.3275       29    2.42%
      0     2      417.9704     8      422.5436      420.7797       35    0.42%                        0             0
Elapsed time = 0.01 sec. (3.00 ticks, tree = 0.01 MB, solutions = 1)

User cuts applied:  34

Root node processing (before b&c):
  Real time             =    0.01 sec. (2.86 ticks)
Sequential b&c:
  Real time             =    0.00 sec. (0.52 ticks)
                          ------------
Total (root+branch&cut) =    0.01 sec. (3.37 ticks)

