Version identifier: 22.1.0.0 | 2022-03-09 | 1a383f8ce
CPXPARAM_Preprocessing_Reduce                    1
CPXPARAM_Threads                                 1
CPXPARAM_Preprocessing_Reformulations            0
CPXPARAM_TimeLimit                               10800
CPXPARAM_MIP_Tolerances_AbsMIPGap                0.999
CPXPARAM_MIP_Limits_TreeMemory                   20000
Legacy callback                                  BbLUID
         Disabling repeat represolve because of lazy constraint/incumbent callback.
1 of 1 MIP starts provided solutions.
MIP start 'm1' defined initial solution with objective 654.7001.
Tried aggregator 1 time.
MIP Presolve eliminated 102 rows and 0 columns.
MIP Presolve modified 60 coefficients.
Reduced MIP has 118 rows, 238 columns, and 728 nonzeros.
Reduced MIP has 238 binaries, 0 generals, 0 SOSs, and 0 indicators.
Presolve time = 0.00 sec. (0.37 ticks)
Probing time = 0.00 sec. (0.32 ticks)
Clique table members: 132.
MIP emphasis: balance optimality and feasibility.
MIP search method: traditional branch-and-cut.
Parallel mode: none, using 1 thread.
Root relaxation solution time = 0.00 sec. (0.29 ticks)

        Nodes                                         Cuts/
   Node  Left     Objective  IInf  Best Integer    Best Bound    ItCnt     Gap         Variable B NodeID Parent  Depth

*     0+    0                          654.7001        0.0000           100.00%
      0     0      545.4808    24      654.7001      545.4808       44   16.68%
      0     0      647.5025     8      654.7001      Cuts: 14       55    1.10%
      0     0      648.1140    14      654.7001       Cuts: 6       57    1.01%
      0     0      648.3702    18      654.7001   ZeroHalf: 2       61    0.97%
      0     0      648.6265    16      654.7001   ZeroHalf: 9       66    0.93%
      0     0      649.4844    14      654.7001   ZeroHalf: 4       69    0.80%
      0     0      649.4844    18      654.7001   ZeroHalf: 1       70    0.80%
      0     0      649.5139    22      654.7001   ZeroHalf: 8       73    0.79%
      0     0      649.5760    24      654.7001       Cuts: 4       76    0.78%
      0     0      650.1574    27      654.7001  ZeroHalf: 12       85    0.69%
      0     0      650.6237    28      654.7001  ZeroHalf: 12       89    0.62%
      0     0      652.5367    59      654.7001   ZeroHalf: 7      103    0.33%
      0     0      654.2055    22      654.7001      Cuts: 20      113    0.08%

Zero-half cuts applied:  19
User cuts applied:  87

Root node processing (before b&c):
  Real time             =    0.06 sec. (50.45 ticks)
Sequential b&c:
  Real time             =    0.00 sec. (0.00 ticks)
                          ------------
Total (root+branch&cut) =    0.06 sec. (50.45 ticks)

