Version identifier: 22.1.0.0 | 2022-03-09 | 1a383f8ce
CPXPARAM_Preprocessing_Reduce                    1
CPXPARAM_Threads                                 1
CPXPARAM_Preprocessing_Reformulations            0
CPXPARAM_TimeLimit                               10800
CPXPARAM_MIP_Tolerances_AbsMIPGap                0.999
CPXPARAM_MIP_Limits_TreeMemory                   20000
Legacy callback                                  BbLUID
         Disabling repeat represolve because of lazy constraint/incumbent callback.
1 of 1 MIP starts provided solutions.
MIP start 'm1' defined initial solution with objective 787.5834.
Tried aggregator 1 time.
MIP Presolve eliminated 880 rows and 0 columns.
MIP Presolve modified 319 coefficients.
Reduced MIP has 403 rows, 1552 columns, and 4738 nonzeros.
Reduced MIP has 1552 binaries, 0 generals, 0 SOSs, and 0 indicators.
Presolve time = 0.00 sec. (2.79 ticks)
Probing time = 0.00 sec. (2.61 ticks)
Clique table members: 403.
MIP emphasis: balance optimality and feasibility.
MIP search method: traditional branch-and-cut.
Parallel mode: none, using 1 thread.
Root relaxation solution time = 0.00 sec. (1.31 ticks)

        Nodes                                         Cuts/
   Node  Left     Objective  IInf  Best Integer    Best Bound    ItCnt     Gap         Variable B NodeID Parent  Depth

*     0+    0                          787.5834        0.0000           100.00%
      0     0      701.3645    46      787.5834      645.1682       92   18.08%
      0     0      737.9081    59      787.5834      Cuts: 17      124    6.31%
      0     0      739.3308     8      787.5834      Cuts: 13      131    6.13%
      0     0      740.2355    38      787.5834       User: 4      143    6.01%
      0     0      740.2848    38      787.5834       User: 1      144    6.01%
      0     0      740.2848    40      787.5834       User: 2      145    6.01%
      0     2      741.7401    78      787.5834      741.8877      145    5.80%                        0             0
Elapsed time = 0.07 sec. (118.44 ticks, tree = 0.01 MB, solutions = 1)
     11    13      766.7978    52      787.5834      745.9254      478    5.29%          x10_33 U     11      9      7
     60    50      773.7058    79      787.5834      750.7047     1565    4.68%          x29_27 N     60     59     13
    100    73      784.1303    89      787.5834      752.0593     2850    4.51%           x6_36 D    100     99     11
    158   116      764.7463    12      787.5834      757.7847     3857    3.78%           x20_4 D    158    157     11
    206   157      785.9373    32      787.5834      757.7847     4340    3.78%           x2_26 N    206    205     58
    279   217      782.5003    14      787.5834      759.1610     5093    3.61%           x21_6 N    279    278     30
    326   246      778.5192    55      787.5834      760.8092     6452    3.40%          x25_10 N    326    325      6
    380   285      763.8291     8      787.5834      761.3429     7074    3.33%           x20_4 U    380    335      6
    430   328      773.1311    16      787.5834      761.3772     7641    3.33%            x7_9 N    430    429     22
    630   479      764.8124    20      787.5834      762.2624    11095    3.22%            x4_8 D    630    629      9
Elapsed time = 2.09 sec. (3279.54 ticks, tree = 1.59 MB, solutions = 1)
    803   623      771.3795    16      787.5834      762.4818    13608    3.19%           x9_24 D    803    802     22
    993   790        cutoff            787.5834      763.1955    16335    3.10%            x5_3 U    993    992     22
   1165   938      779.6027    19      787.5834      763.5166    18738    3.06%           x4_34 D   1165   1164     25
   1328  1069      777.3358    22      787.5834      763.9880    21610    3.00%           x3_20 N   1328   1327     13
   1481  1195        cutoff            787.5834      764.5627    24119    2.92%            x6_4 N   1481   1479     15
   1641  1326      777.6765    49      787.5834      764.6898    26745    2.91%          x30_36 D   1641   1640      9
   1792  1444      786.9263    91      787.5834      764.7816    29330    2.90%           x37_1 U   1792   1790      6
   1931  1551      778.7702    14      787.5834      764.9469    32147    2.87%          x31_25 U   1931   1930     26
   2055  1655      786.2937    14      787.5834      765.0194    34263    2.86%          x23_24 D   2055   2053     29
   2204  1770      771.8059    14      787.5834      765.2206    36906    2.84%           x21_8 N   2204    413     12
Elapsed time = 6.34 sec. (12849.01 ticks, tree = 2.72 MB, solutions = 1)
   2356  1898      778.3403    30      787.5834      765.3156    39136    2.83%           x21_6 D   2356   2355     15
   2501  2017      779.7733    22      787.5834      765.4920    41915    2.80%          x31_25 U   2501   2500     22
   2642  2133      775.2296    14      787.5834      765.6677    44480    2.78%          x10_21 D   2642   2641     17
   2792  2266      776.9801    28      787.5834      765.7470    46518    2.77%          x20_21 D   2792   2791     49
   2934  2377      770.4673    28      787.5834      766.0090    49056    2.74%          x10_20 N   2934   2933     31
   3072  2486      781.5638    64      787.5834      766.0953    51824    2.73%          x33_31 D   3072   3071     28
   3230  2620      779.0903    67      787.5834      766.2091    54232    2.71%            x9_7 D   3230   3229     31
   3373  2729      772.0643    28      787.5834      766.3591    56700    2.69%            x6_8 U   3373   3372     13
   3500  2832      786.5906    50      787.5834      766.4686    58980    2.68%           x21_6 D   3500   3499     40
   3634  2937      773.6068    19      787.5834      766.5552    61152    2.67%           x8_21 D   3634   3633     15
Elapsed time = 10.35 sec. (22422.23 ticks, tree = 3.92 MB, solutions = 1)
   3784  3067      776.6564    41      787.5834      766.6136    63291    2.66%          x38_28 D   3784   3783     37
   3941  3207      785.5760    28      787.5834      766.6742    65211    2.65%          x38_18 D   3941   3940     43
   4085  3327        cutoff            787.5834      766.7973    67175    2.64%           x9_24 D   4085   4084     31
   4207  3433      771.5833    12      787.5834      766.8514    69048    2.63%            x6_8 U   4207   4206     11
   4327  3532      779.1802    12      787.5834      766.9455    70710    2.62%          x21_10 D   4327   4326     39
   4450  3641      780.9078    19      787.5834      766.9842    72230    2.62%          x10_20 D   4450   4449     49
   4562  3737      775.6599    48      787.5834      767.0244    74054    2.61%           x35_3 D   4562   4561     38
   4654  3798        cutoff            787.5834      767.0431    75760    2.61%          x24_29 U   4654   4652     26
   4779  3902      774.5510    43      787.5834      767.1243    77570    2.60%           x38_3 D   4779   4778     13
   4873  3979      777.7761    21      787.5834      767.1578    79732    2.59%           x9_34 D   4873   4872     26
Elapsed time = 13.84 sec. (31990.48 ticks, tree = 4.95 MB, solutions = 1)
   4983  4073      770.3748    60      787.5834      767.2550    81964    2.58%            x6_8 U   4983   4982     13
   5100  4175      785.9889    14      787.5834      767.3207    83743    2.57%          x21_34 D   5100   5099     30
   5203  4257      779.5359    48      787.5834      767.3832    85444    2.56%           x4_10 D   5203   5202     27
   5296  4332      769.0905    14      787.5834      767.4450    86978    2.56%            x8_4 U   5296    418     16
   5413  4438      772.6295    19      787.5834      767.4765    88811    2.55%            x6_8 U   5413   5411     19
   5512  4515      778.8930    20      787.5834      767.4988    90635    2.55%            x9_7 D   5512   5511     35
   5615  4593      779.5555    60      787.5834      767.5568    92243    2.54%          x38_35 D   5615   5614     30
   5718  4668      775.9703    31      787.5834      767.6405    93988    2.53%          x23_29 N   5718   5717     17
   5812  4745      785.0063    43      787.5834      767.6732    95697    2.53%           x5_34 N   5812   5811     36
   5911  4825      778.5329    94      787.5834      767.7213    96958    2.52%          x38_35 N   5911   5910     40
Elapsed time = 17.30 sec. (41630.88 ticks, tree = 5.97 MB, solutions = 1)
   6016  4914        cutoff            787.5834      767.7402    98574    2.52%           x3_21 N   6016   6014     22
   6120  5001      782.7474    37      787.5834      767.8234   100200    2.51%            x9_4 D   6120   6119     68
   6218  5077      778.5867    49      787.5834      767.8617   102027    2.50%           x20_3 U   6218   6217     28
   6313  5158      785.1144    43      787.5834      767.8982   103668    2.50%          x10_20 D   6313   6312     69
   6407  5230      771.0129    16      787.5834      767.9941   105256    2.49%            x6_8 U   6407   6406     17
   6512  5323      785.2340    14      787.5834      768.0151   106880    2.48%            x6_5 D   6512   6511     19
   6608  5397        cutoff            787.5834      768.0695   108615    2.48%           x5_24 U   6608   6606     47
   6698  5469      780.7461    19      787.5834      768.1749   110444    2.46%           x6_34 D   6698   6697     38
   6800  5551      781.5697    42      787.5834      768.2737   112219    2.45%           x3_32 D   6800   6799     34
   6881  5607      781.2289    78      787.5834      768.3504   114270    2.44%          x38_20 D   6881   6880     14
Elapsed time = 20.52 sec. (51237.98 ticks, tree = 6.76 MB, solutions = 1)
   6978  5679      775.5596    16      787.5834      768.4226   116308    2.43%           x33_4 D   6978   6977     35
   7087  5770        cutoff            787.5834      768.4656   118125    2.43%           x20_5 U   7087   7085     29
   7170  5830      775.0407   102      787.5834      768.4885   120217    2.42%           x6_33 D   7170   7168     17
*  7200+ 3490                          780.4281      768.4991             1.53%
   7267  3535        cutoff            780.4281      768.6011   122082    1.52%           x9_24 D   7267   7266     28
   7374  3600      779.0654    51      780.4281      768.6705   124007    1.51%           x5_21 D   7374   7373     12
   7478  3667        cutoff            780.4281      768.7497   125646    1.50%           x5_21 U   7478   7476     18
   7570  3707      769.2782    21      780.4281      768.8741   127860    1.48%            x7_9 D   7570    183     37
   7646  3744        cutoff            780.4281      768.9715   129794    1.47%           x8_24 N   7646   7645     19
   7750  3811      779.5277    40      780.4281      769.0146   131731    1.46%          x38_21 D   7750   7749     17
   7861  3883      776.1031    10      780.4281      769.0594   133549    1.46%            x7_8 D   7861   7860     24
Elapsed time = 23.63 sec. (60854.15 ticks, tree = 4.87 MB, solutions = 2)
   7967  3962      774.0552    89      780.4281      769.1108   135458    1.45%            x4_8 D   7967   7966     13
   8070  4025      770.9236    34      780.4281      769.1442   137310    1.45%            x6_8 N   8070   1293     15
   8172  4098      780.3170    12      780.4281      769.1827   139119    1.44%            x9_7 N   8172   8171     25
   8260  4137      779.4746    47      780.4281      769.2683   141274    1.43%           x3_21 U   8260   8258     21
   8353  4178        cutoff            780.4281      769.3225   142781    1.42%           x6_21 D   8353   8352     14
   8452  4232      773.3250    90      780.4281      769.4161   144759    1.41%           x38_8 D   8452   8451     23
   8540  4286      779.1025    17      780.4281      769.4347   146513    1.41%           x8_21 D   8540   8538     27
   8642  4349      770.1738    10      780.4281      769.4933   148366    1.40%            x6_8 D   8642   7934     17
   8735  4397      775.2589    57      780.4281      769.5550   150376    1.39%            x6_3 D   8735   8734     26
   8834  4460      779.3951    55      780.4281      769.6131   152410    1.39%          x21_20 D   8834   8833     19
Elapsed time = 26.62 sec. (70470.42 ticks, tree = 5.51 MB, solutions = 2)
   8949  4544      777.4315    12      780.4281      769.6852   153799    1.38%            x7_9 U   8949   8948     34
   9042  4599        cutoff            780.4281      769.7742   155482    1.37%           x21_6 U   9042   9040     27
   9136  4651        cutoff            780.4281      769.8474   157075    1.36%           x5_34 D   9136   9135     24
   9236  4713      778.8760    96      780.4281      769.8752   158759    1.35%            x6_8 D   9236   9235     14
   9343  4779      779.1368    16      780.4281      769.9063   160445    1.35%           x20_3 U   9343   9342     17
   9439  4837      777.2210    10      780.4281      769.9742   162262    1.34%          x21_20 U   9439   6646     18
   9535  4897      780.3263    10      780.4281      770.0180   164172    1.33%           x9_34 N   9535   9534     16
   9633  4950      780.0999    13      780.4281      770.0699   166128    1.33%           x6_24 U   9633   8939     25
   9733  5013      776.9751     8      780.4281      770.1262   167934    1.32%           x20_3 U   9733   9732     16
   9831  5068      777.7063    19      780.4281      770.1793   169914    1.31%          x37_30 D   9831   9830     20
Elapsed time = 29.53 sec. (80078.87 ticks, tree = 6.15 MB, solutions = 2)
   9921  5112      771.3215    60      780.4281      770.2204   171638    1.31%           x3_20 U   9921   5258     14
  10020  5179        cutoff            780.4281      770.2579   173315    1.30%           x38_6 U  10020  10018     42
  10130  5257      774.9336    22      780.4281      770.3669   175039    1.29%           x6_10 D  10130  10129     29
  10227  5302      774.1988    54      780.4281      770.4082   177253    1.28%            x6_4 D  10227  10226     12
  10333  5356        cutoff            780.4281      770.4514   179146    1.28%          x29_40 U  10333  10331     20
  10424  5405      774.0584    28      780.4281      770.4737   180924    1.28%           x20_4 N  10424  10423     15
  10531  5465        cutoff            780.4281      770.5276   182678    1.27%          x20_21 U  10531  10529     31
* 10580  5447      integral     0      780.3219      770.5575   183548    1.25%            x7_9 D  10580  10579     29
* 10581  5193      integral     0      779.9146      770.5575   183552    1.20%
  10672  5247      779.0303    27      779.9146      770.6300   185085    1.19%           x5_24 D  10672  10671     30
  11050  5456      779.6987    38      779.9146      770.7899   192229    1.17%          x25_33 U  11050  11049     27
Elapsed time = 33.11 sec. (92022.60 ticks, tree = 6.58 MB, solutions = 4)
  11443  5678      779.4002    42      779.9146      770.9657   199570    1.15%            x6_7 D  11443  11442     28
  11811  5838      779.1850    14      779.9146      771.1151   207185    1.13%            x8_4 D  11811  11810     37
  12190  6025      777.4495     8      779.9146      771.2584   214212    1.11%           x9_24 D  12190  12189     19
  12578  6235      775.1793    84      779.9146      771.3774   221670    1.09%           x4_20 U  12578   8445     17
  12956  6439        cutoff            779.9146      771.5261   228717    1.08%            x6_7 U  12956   2897     30
  13338  6624      776.5466    14      779.9146      771.6983   235863    1.05%           x6_21 D  13338  13337     20
  13707  6822      775.8345    41      779.9146      771.8252   242800    1.04%            x7_8 N  13707  13706     28
  14058  6993      776.1300    14      779.9146      771.9351   249863    1.02%            x7_4 U  14058  14056     21
  14420  7160      778.9975    14      779.9146      772.0665   256674    1.01%            x4_8 N  14420  14418     15
  14791  7322      776.6842    22      779.9146      772.1890   263630    0.99%          x21_20 U  14791    483     27
Elapsed time = 44.48 sec. (130257.06 ticks, tree = 8.60 MB, solutions = 4)
  15159  7494        cutoff            779.9146      772.3080   270210    0.98%            x6_3 U  15159  15157     29
  15502  7630        cutoff            779.9146      772.4150   276958    0.96%           x38_4 N  15502  15501     23
  15850  7767      776.6518    48      779.9146      772.5612   283950    0.94%          x34_29 U  15850  13934     19
  16180  7912      778.2704    19      779.9146      772.6575   289195    0.93%            x6_5 D  16180  16179     39
  16513  8039      776.8418     8      779.9146      772.7539   293359    0.92%           x20_5 N  16513  11255     24
  16897  8215      779.6189    28      779.9146      772.8658   297726    0.90%            x7_8 N  16897   2490     12
  17269  8377      775.9497    26      779.9146      772.9523   302288    0.89%            x5_4 N  17269   9792     20
  17615  8509        cutoff            779.9146      773.0547   306431    0.88%           x6_33 U  17615  12315     24
  17998  8656      778.0544     8      779.9146      773.1332   310437    0.87%           x21_6 D  17998  17997     18
  18412  8835      775.5749    44      779.9146      773.2208   317542    0.86%          x24_34 D  18412  18410     33
Elapsed time = 57.57 sec. (168497.67 ticks, tree = 41.13 MB, solutions = 4)
  18763  8921      778.9856    68      779.9146      773.3394   324635    0.84%            x7_8 D  18763  18762     22
  19132  9032        cutoff            779.9146      773.4459   331185    0.83%          x20_21 U  19132  19130     37
  19518  9197      778.5027    28      779.9146      773.5218   338167    0.82%          x24_34 D  19518  19517     33
  19901  9351        cutoff            779.9146      773.5940   345127    0.81%          x38_28 U  19901  10502     22
  20274  9491      777.4597    12      779.9146      773.6716   351988    0.80%           x21_8 D  20274  20273     15
  20646  9628        cutoff            779.9146      773.7330   358446    0.79%            x6_3 D  20646  20645     24
  21026  9800      775.5537    20      779.9146      773.7869   364760    0.79%          x24_34 D  21026  21025     26
  21409  9921        cutoff            779.9146      773.8546   371595    0.78%           x20_9 D  21409  21408     31
  21794 10059      776.4130    41      779.9146      773.9169   378584    0.77%           x21_8 N  21794  21793     16
  22151 10157      776.9871    32      779.9146      773.9849   385272    0.76%            x4_6 U  22151   8074     20
Elapsed time = 69.91 sec. (206690.43 ticks, tree = 46.17 MB, solutions = 4)
  22500 10261      778.8344    38      779.9146      774.0550   390822    0.75%            x9_7 D  22500  22499     28
  22885 10402      778.9098    14      779.9146      774.1258   397485    0.74%            x6_8 D  22885  22884     17
  23259 10518      777.2809    14      779.9146      774.2127   404176    0.73%           x35_3 N  23259  23257     35
  23620 10630      776.3610     8      779.9146      774.2760   411184    0.72%          x21_20 U  23620  10344     24
  23994 10734        cutoff            779.9146      774.3478   418269    0.71%           x6_33 U  23994   8761     19
  24311 10791      776.3424    26      779.9146      774.4312   424067    0.70%           x10_4 U  24311  18830     31
  24633 10902      778.2374    80      779.9146      774.4782   430092    0.70%            x4_8 U  24633  19463      8
  24984 11002      778.7395    16      779.9146      774.5530   436468    0.69%           x20_9 D  24984  24983     21
  25328 11084        cutoff            779.9146      774.6204   442454    0.68%           x3_20 D  25328  25327     23
  25665 11181      777.4268    23      779.9146      774.6631   447805    0.67%            x3_5 D  25665  25664     36
Elapsed time = 81.47 sec. (244896.85 ticks, tree = 52.39 MB, solutions = 4)
  26024 11268        cutoff            779.9146      774.7214   454293    0.67%            x9_5 U  26024  26022     41
  26388 11351      776.8179    52      779.9146      774.7871   460652    0.66%          x23_29 D  26388  26387     21
  26714 11397      779.3752    32      779.9146      774.8369   466804    0.65%          x30_36 U  26714   2457     17
* 27007 11287      integral     0      779.7809      774.8923   471395    0.63%
  27041 11283      775.9030    57      779.7809      774.9038   472070    0.63%            x7_4 D  27041  27040     19
  27361 11321      778.8965    18      779.7809      774.9576   478092    0.62%           x35_3 D  27361  27360     32
  27721 11395        cutoff            779.7809      775.0009   484154    0.61%            x5_4 U  27721  27720     22
  28058 11452        cutoff            779.7809      775.0540   490131    0.61%          x24_34 U  28058  28055     27
  28385 11481      777.6267    47      779.7809      775.1041   496519    0.60%            x8_3 D  28385  28383     30
  28705 11530        cutoff            779.7809      775.1444   502053    0.59%            x8_3 U  28705  28703     25
  29026 11597      778.2307    95      779.7809      775.1917   507998    0.59%            x4_8 D  29026  29025     16
Elapsed time = 92.81 sec. (283086.85 ticks, tree = 53.60 MB, solutions = 5)
  29338 11663      777.2058    14      779.7809      775.2323   513297    0.58%            x8_4 N  29338  17108     41
  29660 11724      778.6801    23      779.7809      775.2858   518974    0.58%           x4_20 D  29660  29659     13
  29998 11802      777.1985    22      779.7809      775.3241   524537    0.57%          x38_32 N  29998   4395     32
  30319 11861        cutoff            779.7809      775.3573   530670    0.57%           x35_3 U  30319  27558     28
  30643 11909        cutoff            779.7809      775.3992   536169    0.56%          x23_29 U  30643  10311     14
  30956 11926        cutoff            779.7809      775.4500   541817    0.56%            x9_5 D  30956  30955     25
  31264 11978      778.9884    52      779.7809      775.4933   546845    0.55%          x30_36 N  31264  31263     44
  31589 11996      777.0003    91      779.7809      775.5396   552672    0.54%            x5_4 N  31589  17616     27
  31873 11986      775.9874    40      779.7809      775.5785   558241    0.54%          x19_27 D  31873  31872     25
  32179 12002        cutoff            779.7809      775.6198   563758    0.53%            x7_8 U  32179  13494     22
Elapsed time = 103.49 sec. (321312.70 ticks, tree = 54.52 MB, solutions = 5)
  32469 12035      777.3388    12      779.7809      775.6553   568615    0.53%            x9_7 U  32469   3646     28
  32792 12086      778.4585    18      779.7809      775.6994   573812    0.52%            x6_7 N  32792  20655     29
  33089 12090        cutoff            779.7809      775.7404   579283    0.52%            x6_5 N  33089  33088     19
  33380 12090        cutoff            779.7809      775.7830   584217    0.51%            x4_6 U  33380  25774     28
  33657 12088      778.0774    12      779.7809      775.8173   589195    0.51%           x21_4 U  33657  10511     31
  33975 12098      779.5370     8      779.7809      775.8603   594687    0.50%            x4_6 D  33975  33974     13
  34291 12122        cutoff            779.7809      775.8935   599902    0.50%            x7_4 D  34291  34290     28
  34602 12114        cutoff            779.7809      775.9336   605509    0.49%          x38_20 U  34602  34600     18
  34894 12124        cutoff            779.7809      775.9747   610041    0.49%            x3_4 U  34894  21425     27
* 35037  8559      integral     0      778.5390      775.9923   612627    0.33%
  35193  8506        cutoff            778.5390      776.0269   615029    0.32%            x7_4 U  35193  12279     20
Elapsed time = 114.02 sec. (359530.51 ticks, tree = 37.24 MB, solutions = 6)
  35494  8417      777.6401    12      778.5390      776.0773   619748    0.32%           x9_34 N  35494  35493     22
  35785  8287      778.4807    16      778.5390      776.1406   624871    0.31%            x6_9 N  35785   6443     37
  36086  8175        cutoff            778.5390      776.2008   629640    0.30%           x38_4 D  36086  36085     18
  36391  8068        cutoff            778.5390      776.2586   634620    0.29%           x10_3 D  36391  36390     32
  36682  7977        cutoff            778.5390      776.3106   639226    0.29%           x5_35 N  36682  24081     14
  36997  7829        cutoff            778.5390      776.3752   644376    0.28%           x9_34 U  36997  36995     37
  37304  7712        cutoff            778.5390      776.4291   649028    0.27%            x3_5 U  37304  13290     35
  37620  7580      777.0732    20      778.5390      776.4873   653670    0.26%          x24_40 N  37620  15225     42
  37944  7439        cutoff            778.5390      776.5445   657865    0.26%           x21_4 D  37944  37943     23
  38244  7283        cutoff            778.5390      776.6055   662220    0.25%           x6_33 U  38244  29961     21
Elapsed time = 123.37 sec. (397752.78 ticks, tree = 31.18 MB, solutions = 6)
  38556  7097        cutoff            778.5390      776.6709   666762    0.24%          x38_21 U  38556  22386     17
  38854  6924        cutoff            778.5390      776.7335   670794    0.23%            x8_4 U  38854  18089     24
  39165  6750        cutoff            778.5390      776.7921   674919    0.22%            x8_3 U  39165  39163     31
  39476  6584        cutoff            778.5390      776.8460   679039    0.22%           x10_4 U  39476  22075     33
  39794  6401        cutoff            778.5390      776.9141   683270    0.21%          x10_21 U  39794  32376     19
  40102  6230      777.6329    10      778.5390      776.9756   687217    0.20%           x9_34 N  40102  40101     28
  40413  6046        cutoff            778.5390      777.0370   690989    0.19%           x38_8 U  40413  38071     29
  40728  5893        cutoff            778.5390      777.0867   694418    0.19%            x9_7 U  40728  40726     21
  41037  5747        cutoff            778.5390      777.1396   698214    0.18%          x10_21 U  41037  20979     33
  41354  5555        cutoff            778.5390      777.1964   701746    0.17%          x38_18 U  41354  21844     23
Elapsed time = 131.96 sec. (435943.67 ticks, tree = 23.45 MB, solutions = 6)
  41664  5366        cutoff            778.5390      777.2496   705176    0.17%           x35_6 U  41664  39333     33
  41979  5158        cutoff            778.5390      777.3070   708537    0.16%          x19_27 U  41979  39144     19
  42294  4935        cutoff            778.5390      777.3659   711980    0.15%           x5_34 U  42294  42292     27
  42612  4705      778.3145    14      778.5390      777.4324   715220    0.14%           x6_21 N  42612  10863     18
  42934  4459        cutoff            778.5390      777.4911   718296    0.13%            x6_4 U  42934   9751     21

Cover cuts applied:  1
Zero-half cuts applied:  2
Gomory fractional cuts applied:  3
User cuts applied:  3729

Root node processing (before b&c):
  Real time             =    0.07 sec. (118.19 ticks)
Sequential b&c:
  Real time             =  136.62 sec. (458354.26 ticks)
                          ------------
Total (root+branch&cut) =  136.68 sec. (458472.45 ticks)

