Version identifier: 22.1.0.0 | 2022-03-09 | 1a383f8ce
CPXPARAM_Preprocessing_Reduce                    1
CPXPARAM_Threads                                 1
CPXPARAM_Preprocessing_Reformulations            0
CPXPARAM_Emphasis_MIP                            2
CPXPARAM_MIP_Limits_CutPasses                    300
CPXPARAM_TimeLimit                               10800
CPXPARAM_MIP_Limits_TreeMemory                   20000
Legacy callback                                  BbLUID
         Disabling repeat represolve because of lazy constraint/incumbent callback.
1 of 1 MIP starts provided solutions.
MIP start 'm1' defined initial solution with objective 825.0585.
Tried aggregator 1 time.
MIP Presolve eliminated 1237 rows and 4 columns.
MIP Presolve modified 164 coefficients.
Reduced MIP has 226 rows, 661 columns, and 2800 nonzeros.
Reduced MIP has 661 binaries, 0 generals, 0 SOSs, and 0 indicators.
Presolve time = 0.00 sec. (2.28 ticks)
Probing time = 0.00 sec. (1.61 ticks)
Clique table members: 226.
MIP emphasis: optimality.
MIP search method: traditional branch-and-cut.
Parallel mode: none, using 1 thread.
Root relaxation solution time = 0.00 sec. (0.49 ticks)

        Nodes                                         Cuts/
   Node  Left     Objective  IInf  Best Integer    Best Bound    ItCnt     Gap         Variable B NodeID Parent  Depth

*     0+    0                          825.0585      151.2194            81.67%
      0     0      796.5108     6      825.0585      726.2501       32   11.98%
      0     0      809.4489    14      825.0585      Cuts: 20       39    1.89%
      0     0      809.8200    36      825.0585       Cuts: 4       51    1.85%
      0     0      812.4245    26      825.0585      Cuts: 26       59    1.53%
      0     0      812.9567     8      825.0585      Cuts: 13       65    1.47%
      0     0      813.8049    28      825.0585       Cuts: 6       78    1.36%
      0     0      813.9362    14      825.0585      Cuts: 11       80    1.35%
      0     0      814.2965    28      825.0585       Cuts: 4       87    1.30%
      0     0      814.3510    33      825.0585   ZeroHalf: 4       92    1.30%
      0     0      814.9025    27      825.0585   ZeroHalf: 6       97    1.23%
      0     0      815.4125    46      825.0585      Cuts: 15      119    1.17%
      0     0      815.6046    34      825.0585       Cuts: 9      126    1.15%
      0     0      815.6069    20      825.0585  ZeroHalf: 10      127    1.15%
      0     0      815.6848    42      825.0585   ZeroHalf: 5      132    1.14%
      0     0      815.8991    46      825.0585   ZeroHalf: 8      139    1.11%
      0     0      816.2790    45      825.0585   ZeroHalf: 4      146    1.06%
      0     0      816.4655    50      825.0585  ZeroHalf: 14      161    1.04%
      0     0      816.5602    51      825.0585   ZeroHalf: 3      173    1.03%
      0     0      816.6301    53      825.0585   ZeroHalf: 5      184    1.02%
      0     0      816.6705    32      825.0585   ZeroHalf: 6      185    1.02%
      0     0      816.7032    67      825.0585   ZeroHalf: 2      194    1.01%
      0     2      816.7032    67      825.0585      816.7107      194    1.01%                        0             0
Elapsed time = 0.21 sec. (112.06 ticks, tree = 0.01 MB, solutions = 1)
    126    60        cutoff            825.0585      821.5006     1881    0.43%           x27_6 D    126    107     18

Cover cuts applied:  1
Zero-half cuts applied:  26
User cuts applied:  388

Root node processing (before b&c):
  Real time             =    0.21 sec. (112.03 ticks)
Sequential b&c:
  Real time             =    1.10 sec. (471.54 ticks)
                          ------------
Total (root+branch&cut) =    1.31 sec. (583.57 ticks)

