Version identifier: 22.1.0.0 | 2022-03-09 | 1a383f8ce
CPXPARAM_Preprocessing_Reduce                    1
CPXPARAM_Threads                                 1
CPXPARAM_Preprocessing_Reformulations            0
CPXPARAM_Emphasis_MIP                            2
CPXPARAM_MIP_Limits_CutPasses                    300
CPXPARAM_TimeLimit                               10800
CPXPARAM_MIP_Limits_TreeMemory                   20000
Legacy callback                                  BbLUID
         Disabling repeat represolve because of lazy constraint/incumbent callback.
1 of 1 MIP starts provided solutions.
MIP start 'm1' defined initial solution with objective 444.5425.
Tried aggregator 2 times.
MIP Presolve eliminated 64 rows and 0 columns.
MIP Presolve modified 39 coefficients.
Aggregator did 2 substitutions.
Reduced MIP has 77 rows, 147 columns, and 446 nonzeros.
Reduced MIP has 147 binaries, 0 generals, 0 SOSs, and 0 indicators.
Presolve time = 0.00 sec. (0.27 ticks)
Probing time = 0.00 sec. (0.20 ticks)
Clique table members: 79.
MIP emphasis: optimality.
MIP search method: traditional branch-and-cut.
Parallel mode: none, using 1 thread.
Root relaxation solution time = 0.00 sec. (0.19 ticks)

        Nodes                                         Cuts/
   Node  Left     Objective  IInf  Best Integer    Best Bound    ItCnt     Gap         Variable B NodeID Parent  Depth

*     0+    0                          444.5425       23.0384            94.82%
      0     0      424.0524    12      444.5425      424.0524       39    4.61%
      0     0      441.6015    14      444.5425       Cuts: 5       42    0.66%
      0     0      443.2494    13      444.5425      Cuts: 10       48    0.29%
      0     0      443.3057    16      444.5425   ZeroHalf: 4       50    0.28%
      0     0      443.6963    17      444.5425   ZeroHalf: 4       51    0.19%
      0     0      443.8426    14      444.5425  ZeroHalf: 10       57    0.16%
      0     0      443.9023    10      444.5425   ZeroHalf: 4       59    0.14%
      0     0      443.9023     8      444.5425   ZeroHalf: 4       60    0.14%
      0     0      444.2256    15      444.5425   ZeroHalf: 9       66    0.07%
      0     0      444.4315    17      444.5425  ZeroHalf: 11       74    0.02%
      0     0        cutoff            444.5425                     76    0.00%                        0             0
Elapsed time = 0.01 sec. (7.48 ticks, tree = 0.01 MB, solutions = 1)

Zero-half cuts applied:  13
User cuts applied:  41

Root node processing (before b&c):
  Real time             =    0.01 sec. (7.48 ticks)
Sequential b&c:
  Real time             =    0.00 sec. (0.00 ticks)
                          ------------
Total (root+branch&cut) =    0.01 sec. (7.48 ticks)

