Version identifier: 22.1.0.0 | 2022-03-09 | 1a383f8ce
CPXPARAM_Preprocessing_Reduce                    1
CPXPARAM_Threads                                 1
CPXPARAM_Preprocessing_Reformulations            0
CPXPARAM_Emphasis_MIP                            2
CPXPARAM_MIP_Limits_CutPasses                    300
CPXPARAM_TimeLimit                               10800
CPXPARAM_MIP_Limits_TreeMemory                   20000
Legacy callback                                  BbLUID
         Disabling repeat represolve because of lazy constraint/incumbent callback.
1 of 1 MIP starts provided solutions.
MIP start 'm1' defined initial solution with objective 682.4043.
Tried aggregator 1 time.
MIP Presolve eliminated 1166 rows and 0 columns.
MIP Presolve modified 185 coefficients.
Reduced MIP has 251 rows, 873 columns, and 3090 nonzeros.
Reduced MIP has 873 binaries, 0 generals, 0 SOSs, and 0 indicators.
Presolve time = 0.00 sec. (2.21 ticks)
Probing time = 0.00 sec. (2.32 ticks)
Clique table members: 251.
MIP emphasis: optimality.
MIP search method: traditional branch-and-cut.
Parallel mode: none, using 1 thread.
Root relaxation solution time = 0.00 sec. (0.73 ticks)

        Nodes                                         Cuts/
   Node  Left     Objective  IInf  Best Integer    Best Bound    ItCnt     Gap         Variable B NodeID Parent  Depth

*     0+    0                          682.4043        0.0000           100.00%
      0     0      552.5113     8      682.4043      552.5113       39   19.03%
      0     0      610.6365    35      682.4043      Cuts: 19       80   10.52%
      0     0      614.7811    57      682.4043      Cuts: 17      107    9.91%
      0     0      620.0629    74      682.4043      Cuts: 13      158    9.14%
      0     0      621.8873    68      682.4043       User: 8      182    8.87%
      0     0      623.3252    71      682.4043       Cuts: 6      206    8.66%
      0     0      624.4041    79      682.4043       Cuts: 8      231    8.50%
      0     0      625.4921    93      682.4043       Cuts: 4      266    8.34%
      0     0      638.6171    96      682.4043       Cuts: 6      351    6.42%
      0     0      639.1579    97      682.4043   ZeroHalf: 3      373    6.34%
      0     0      640.9118   103      682.4043       Cuts: 9      405    6.08%
      0     0      641.2461   108      682.4043       Cuts: 3      420    6.03%
      0     0      643.2704    97      682.4043       Cuts: 9      467    5.73%
      0     0      643.9246   102      682.4043   ZeroHalf: 5      490    5.64%
      0     0      644.4829   112      682.4043       Cuts: 7      517    5.56%
      0     0      644.7380   114      682.4043       Cuts: 4      535    5.52%
      0     0      650.7576   109      682.4043       Cuts: 3      612    4.64%
      0     0      651.0239    99      682.4043       Cuts: 5      630    4.60%
      0     0      651.9250   103      682.4043       Cuts: 3      653    4.47%
      0     0      652.1625   104      682.4043       Cuts: 5      688    4.43%
      0     0      652.8587   106      682.4043   ZeroHalf: 1      715    4.33%
      0     0      652.9475   109      682.4043   ZeroHalf: 2      720    4.32%
      0     2      653.2326   109      682.4043      653.3696      720    4.25%                        0             0
Elapsed time = 0.15 sec. (268.03 ticks, tree = 0.01 MB, solutions = 1)
     11     7      680.9768    38      682.4043      655.2940     1154    3.97%          x19_30 N     11     10      7
     35    27      677.1597    22      682.4043      655.6912     1733    3.91%           x7_15 N     35     33     16
     56    39      668.9328    54      682.4043      660.9482     3024    3.14%          x27_21 N     56     53      5
     82    64      676.3190    68      682.4043      664.0759     4976    2.69%          x19_30 U     82     49      8
    117    89      681.3637    53      682.4043      666.0613     7144    2.39%          x13_16 U    117     81     11
    154   118      676.5730    83      682.4043      667.4441     8959    2.19%          x13_16 N    154    113     10
    205   167      669.3523    28      682.4043      668.4409    11067    2.05%          x12_19 D    205     92     12
    263   218      680.5122    82      682.4043      669.0919    13849    1.95%          x27_21 N    263     54      5
    314   261        cutoff            682.4043      669.7949    16131    1.85%          x13_16 U    314     66     10
    494   421      671.6498    49      682.4043      671.2636    24993    1.63%           x24_2 D    494    395     18
Elapsed time = 1.92 sec. (3428.14 ticks, tree = 0.52 MB, solutions = 1)
    680   575      675.0701    39      682.4043      672.1407    34354    1.50%           x9_26 D    680    492     13
    862   712        cutoff            682.4043      672.9555    42786    1.38%          x21_26 U    862    594     24
   1055   867      681.0277    50      682.4043      673.6917    51849    1.28%          x21_26 U   1055    646     12
   1260  1040      676.0476    26      682.4043      674.2757    61207    1.19%          x19_33 U   1260    914     17
   1442  1175      677.5352    52      682.4043      674.7481    69506    1.12%           x11_7 U   1442   1233     22
   1617  1296      676.0187    34      682.4043      675.1071    77309    1.07%          x20_32 D   1617   1223     16
   1824  1450        cutoff            682.4043      675.4535    85370    1.02%          x18_22 U   1824    701     19
   1996  1559      679.0289    57      682.4043      675.7450    93187    0.98%           x11_7 U   1996   1761     30
   2189  1688      676.6918    53      682.4043      675.9865   100444    0.94%           x8_19 D   2189   2120     27
   2369  1812      676.3644    44      682.4043      676.2018   108178    0.91%           x7_11 N   2369   2368     27
Elapsed time = 7.26 sec. (13005.31 ticks, tree = 1.50 MB, solutions = 1)
   2556  1933      676.7072    32      682.4043      676.4259   115505    0.88%          x19_33 D   2556   1742     14
   2727  2043      676.6894    48      682.4043      676.6070   122343    0.85%          x21_15 N   2727   1903     22
   2912  2139        cutoff            682.4043      676.8064   129003    0.82%          x21_15 U   2912   2801     28
   3093  2231      677.0662    98      682.4043      676.9501   135888    0.80%          x26_27 D   3093   2365     14
   3262  2329      681.0469    35      682.4043      677.1234   142344    0.77%           x9_26 N   3262    592     20
   3440  2429        cutoff            682.4043      677.2830   148727    0.75%          x11_10 U   3440   1704     31
   3610  2523      679.8966    49      682.4043      677.4255   155520    0.73%          x20_32 U   3610   3333     22
   3781  2600      678.8152    90      682.4043      677.5856   161953    0.71%          x14_10 D   3781   3308     17
   3951  2670      678.5139    42      682.4043      677.7263   168533    0.69%          x13_24 D   3951   1995     15
   4115  2741      680.2493    41      682.4043      677.8393   174726    0.67%          x20_32 D   4115   1618     20
Elapsed time = 11.97 sec. (22570.87 ticks, tree = 2.40 MB, solutions = 1)
   4282  2817      678.7832    32      682.4043      677.9560   180895    0.65%          x16_15 U   4282   3864     18
   4455  2874      680.3508    32      682.4043      678.0834   186793    0.63%           x16_5 U   4455   2605     27
   4638  2928      681.3334    54      682.4043      678.2249   192690    0.61%          x12_19 D   4638   4345     14
   4801  3001        cutoff            682.4043      678.3659   198559    0.59%          x13_15 D   4801   4798     30
   4959  3055        cutoff            682.4043      678.4731   204781    0.58%          x10_11 U   4959   4255     25
   5136  3121        cutoff            682.4043      678.5855   210663    0.56%          x19_33 D   5136   3763     19
   5317  3203    infeasible            682.4043      678.6959   215912    0.54%          x29_27 U   5317    119      8
   5478  3250        cutoff            682.4043      678.7956   221364    0.53%          x21_13 U   5478   5405     23
   5653  3295      679.0392    52      682.4043      678.8890   226596    0.52%          x21_26 D   5653   4966     35
   5816  3338      678.9747    66      682.4043      678.9751   231812    0.50%          x12_13 D   5816   5528     37
Elapsed time = 16.33 sec. (32127.41 ticks, tree = 2.78 MB, solutions = 1)
   5982  3377        cutoff            682.4043      679.0581   237122    0.49%          x19_33 U   5982    891     18
   6168  3410        cutoff            682.4043      679.1643   242203    0.47%           x15_7 U   6168   5064     36
   6349  3442      679.9670    32      682.4043      679.2627   247307    0.46%          x19_33 D   6349   6247     22
   6513  3472      681.9421    68      682.4043      679.3381   252370    0.45%          x21_13 D   6513   1637     20
   6686  3488        cutoff            682.4043      679.4313   257567    0.44%          x10_13 U   6686   6095     27
   6861  3521      680.1636    52      682.4043      679.5083   262414    0.42%           x9_12 U   6861   6859     25
   7036  3549        cutoff            682.4043      679.5737   267484    0.41%          x11_10 U   7036   1530     28
   7208  3561      679.6703    49      682.4043      679.6517   272203    0.40%          x11_13 N   7208   5120     24
   7385  3579        cutoff            682.4043      679.7222   276821    0.39%          x10_11 U   7385   6235     29
   7561  3586        cutoff            682.4043      679.7955   281465    0.38%          x12_19 D   7561   6609     21
Elapsed time = 20.18 sec. (41690.16 ticks, tree = 2.94 MB, solutions = 1)
   7739  3602      680.2362    33      682.4043      679.8682   286148    0.37%          x21_10 D   7739   4703     29
   7910  3617        cutoff            682.4043      679.9342   290264    0.36%          x11_10 U   7910   5547     26
   8092  3641      681.7940    48      682.4043      679.9983   294563    0.35%           x9_26 N   8092   7428     20
   8266  3661        cutoff            682.4043      680.0487   298876    0.35%          x21_12 U   8266   7638     37
   8446  3645        cutoff            682.4043      680.1129   302783    0.34%          x19_13 U   8446   5927     38
   8611  3646      681.3649    21      682.4043      680.1718   306627    0.33%          x10_11 D   8611   5275     20
   8792  3615      681.6813    31      682.4043      680.2361   310299    0.32%           x8_19 U   8792   8184     21
   8974  3608      680.3431    65      682.4043      680.2973   314125    0.31%           x13_4 N   8974   8548     34
   9150  3592        cutoff            682.4043      680.3572   318055    0.30%          x25_30 D   9150   5571     31
   9332  3592        cutoff            682.4043      680.4154   321989    0.29%          x13_24 D   9332   9178     28
Elapsed time = 23.78 sec. (51249.44 ticks, tree = 2.98 MB, solutions = 1)
   9507  3555        cutoff            682.4043      680.4668   325460    0.28%          x20_32 U   9507   7094     25
   9686  3521        cutoff            682.4043      680.5248   328807    0.28%           x5_13 D   9686   6045     22
   9872  3500      680.6526    76      682.4043      680.5859   332314    0.27%          x28_18 D   9872   9079     31
  10050  3447      680.6571    43      682.4043      680.6466   335631    0.26%          x24_21 D  10050   9941     22
  10221  3412        cutoff            682.4043      680.7009   338599    0.25%          x21_13 D  10221   6772     20
  10400  3368      681.8610    37      682.4043      680.7580   341929    0.24%          x20_32 U  10400   9347     19
  10588  3328        cutoff            682.4043      680.8200   345315    0.23%          x27_21 U  10588   8200     14
  10760  3289      681.0633    35      682.4043      680.8690   348483    0.22%          x18_28 U  10760   4689     29
  10943  3236      681.0388    52      682.4043      680.9232   351478    0.22%          x22_19 N  10943  10755     25
  11128  3142        cutoff            682.4043      680.9806   354732    0.21%           x7_11 U  11128   4683     34
Elapsed time = 27.17 sec. (60826.14 ticks, tree = 2.68 MB, solutions = 1)
  11304  3078        cutoff            682.4043      681.0391   357471    0.20%          x11_13 U  11304  10256     34
  11476  3020        cutoff            682.4043      681.0934   360447    0.19%           x1_14 U  11476   4848     18
  11653  2959        cutoff            682.4043      681.1483   363348    0.18%           x1_14 D  11653   9227      8
  11844  2880      681.6770    82      682.4043      681.2010   365843    0.18%          x19_12 N  11844  10091     23
  12021  2802        cutoff            682.4043      681.2560   368244    0.17%          x21_13 U  12021  11906     28
  12198  2742        cutoff            682.4043      681.3123   370662    0.16%          x21_15 U  12198   7658     19
  12375  2659      681.5518    15      682.4043      681.3588   372845    0.15%          x13_12 N  12375   9456     34
  12555  2577        cutoff            682.4043      681.4102   375131    0.15%           x5_16 U  12555  10002     26
  12728  2500        cutoff            682.4043      681.4598   377100    0.14%          x31_22 D  12728  10771     31
  12903  2417      681.6011    28      682.4043      681.5092   379257    0.13%          x12_26 N  12903   7030     27
Elapsed time = 30.12 sec. (70384.12 ticks, tree = 2.09 MB, solutions = 1)
  13088  2330      681.9854    30      682.4043      681.5587   381345    0.12%           x5_13 D  13088   6733     32
  13285  2221      682.0516    78      682.4043      681.6143   383459    0.12%          x19_12 N  13285  12767     24
  13475  2098        cutoff            682.4043      681.6584   385264    0.11%          x21_12 U  13475  13245     35
  13654  1995      681.7714    81      682.4043      681.7037   386944    0.10%          x24_21 N  13654   8190     20
  13837  1887        cutoff            682.4043      681.7567   388581    0.09%           x2_15 D  13837  13467     37
  14028  1754        cutoff            682.4043      681.8052   390049    0.09%          x31_22 D  14028   7758     26
  14224  1620        cutoff            682.4043      681.8580   391640    0.08%          x29_22 U  14224  10494     32
  14420  1472        cutoff            682.4043      681.9092   393200    0.07%          x18_28 D  14420  12511     19
  14624  1309        cutoff            682.4043      681.9737   394580    0.06%          x11_12 U  14624  12585     38
  14828  1151        cutoff            682.4043      682.0338   395873    0.05%          x18_28 D  14828  14449     31
Elapsed time = 32.59 sec. (79943.73 ticks, tree = 1.15 MB, solutions = 1)
  15041   976        cutoff            682.4043      682.0951   396988    0.05%          x12_26 U  15041   6032     24
  15254   793        cutoff            682.4043      682.1502   398143    0.04%          x22_33 U  15254   5928     20
  15470   600        cutoff            682.4043      682.2185   399097    0.03%          x20_32 D  15470   7730     23
  15690   404        cutoff            682.4043      682.2744   399967    0.02%          x19_33 U  15690   4676     19
  15909   190        cutoff            682.4043      682.3363   400633    0.01%            x5_2 U  15909  10821     35

Zero-half cuts applied:  24
User cuts applied:  1919

Root node processing (before b&c):
  Real time             =    0.15 sec. (267.80 ticks)
Sequential b&c:
  Real time             =   33.50 sec. (84514.18 ticks)
                          ------------
Total (root+branch&cut) =   33.65 sec. (84781.98 ticks)

