Version identifier: 22.1.0.0 | 2022-03-09 | 1a383f8ce
CPXPARAM_Preprocessing_Reduce                    1
CPXPARAM_Threads                                 1
CPXPARAM_Preprocessing_Reformulations            0
CPXPARAM_Emphasis_MIP                            2
CPXPARAM_MIP_Limits_CutPasses                    1000
CPXPARAM_TimeLimit                               10800
CPXPARAM_MIP_Tolerances_AbsMIPGap                0.999
CPXPARAM_MIP_Limits_TreeMemory                   20000
Legacy callback                                  BbLUID
         Disabling repeat represolve because of lazy constraint/incumbent callback.
1 of 1 MIP starts provided solutions.
MIP start 'm1' defined initial solution with objective 344.0000.
Tried aggregator 1 time.
MIP Presolve eliminated 44 rows and 0 columns.
MIP Presolve modified 19 coefficients.
Reduced MIP has 59 rows, 157 columns, and 386 nonzeros.
Reduced MIP has 157 binaries, 0 generals, 0 SOSs, and 0 indicators.
Presolve time = 0.00 sec. (0.18 ticks)
Probing time = 0.00 sec. (0.21 ticks)
Clique table members: 59.
MIP emphasis: optimality.
MIP search method: traditional branch-and-cut.
Parallel mode: none, using 1 thread.
Root relaxation solution time = 0.00 sec. (0.20 ticks)

        Nodes                                         Cuts/
   Node  Left     Objective  IInf  Best Integer    Best Bound    ItCnt     Gap         Variable B NodeID Parent  Depth

*     0+    0                          344.0000        0.0000           100.00%
      0     0      341.0000    28      344.0000      338.0000       56    1.74%
      0     0        cutoff            344.0000                     56    0.00%                        0             0
Elapsed time = 0.00 sec. (0.95 ticks, tree = 0.01 MB, solutions = 1)

User cuts applied:  11

Root node processing (before b&c):
  Real time             =    0.00 sec. (0.96 ticks)
Sequential b&c:
  Real time             =    0.00 sec. (0.00 ticks)
                          ------------
Total (root+branch&cut) =    0.00 sec. (0.96 ticks)

