Version identifier: 22.1.0.0 | 2022-03-09 | 1a383f8ce
CPXPARAM_Preprocessing_Reduce                    1
CPXPARAM_Threads                                 1
CPXPARAM_Preprocessing_Reformulations            0
CPXPARAM_Emphasis_MIP                            2
CPXPARAM_MIP_Limits_CutPasses                    1000
CPXPARAM_TimeLimit                               10800
CPXPARAM_MIP_Tolerances_AbsMIPGap                0.999
CPXPARAM_MIP_Limits_TreeMemory                   20000
Legacy callback                                  BbLUID
         Disabling repeat represolve because of lazy constraint/incumbent callback.
1 of 1 MIP starts provided solutions.
MIP start 'm1' defined initial solution with objective 403.0000.
Tried aggregator 1 time.
MIP Presolve eliminated 482 rows and 0 columns.
MIP Presolve modified 121 coefficients.
Reduced MIP has 192 rows, 537 columns, and 1802 nonzeros.
Reduced MIP has 537 binaries, 0 generals, 0 SOSs, and 0 indicators.
Presolve time = 0.00 sec. (1.20 ticks)
Probing time = 0.00 sec. (1.04 ticks)
Clique table members: 192.
MIP emphasis: optimality.
MIP search method: traditional branch-and-cut.
Parallel mode: none, using 1 thread.
Root relaxation solution time = 0.00 sec. (1.23 ticks)

        Nodes                                         Cuts/
   Node  Left     Objective  IInf  Best Integer    Best Bound    ItCnt     Gap         Variable B NodeID Parent  Depth

*     0+    0                          403.0000        0.0000           100.00%
      0     0      399.0000    22      403.0000      395.0000      184    1.99%
      0     0      399.0000    26      403.0000      User: 10      184    0.99%
      0     0      399.0000    33      403.0000       User: 2      186    0.99%
      0     0        cutoff            403.0000                    191    0.00%                        0             0
Elapsed time = 0.02 sec. (16.02 ticks, tree = 0.01 MB, solutions = 1)

User cuts applied:  127

Root node processing (before b&c):
  Real time             =    0.02 sec. (16.03 ticks)
Sequential b&c:
  Real time             =    0.00 sec. (0.00 ticks)
                          ------------
Total (root+branch&cut) =    0.02 sec. (16.03 ticks)

