Version identifier: 22.1.0.0 | 2022-03-09 | 1a383f8ce
CPXPARAM_Preprocessing_Reduce                    1
CPXPARAM_Threads                                 1
CPXPARAM_Preprocessing_Reformulations            0
CPXPARAM_Emphasis_MIP                            2
CPXPARAM_MIP_Limits_CutPasses                    1000
CPXPARAM_TimeLimit                               10800
CPXPARAM_MIP_Tolerances_AbsMIPGap                0.999
CPXPARAM_MIP_Limits_TreeMemory                   20000
Legacy callback                                  BbLUID
         Disabling repeat represolve because of lazy constraint/incumbent callback.
1 of 1 MIP starts provided solutions.
MIP start 'm1' defined initial solution with objective 1093.0000.
Tried aggregator 2 times.
MIP Presolve eliminated 1297 rows and 1 columns.
MIP Presolve modified 281 coefficients.
Aggregator did 9 substitutions.
Reduced MIP has 459 rows, 1378 columns, and 4455 nonzeros.
Reduced MIP has 1378 binaries, 0 generals, 0 SOSs, and 0 indicators.
Presolve time = 0.00 sec. (3.46 ticks)
Probing time = 0.00 sec. (2.19 ticks)
Clique table members: 459.
MIP emphasis: optimality.
MIP search method: traditional branch-and-cut.
Parallel mode: none, using 1 thread.
Root relaxation solution time = 0.00 sec. (3.92 ticks)

        Nodes                                         Cuts/
   Node  Left     Objective  IInf  Best Integer    Best Bound    ItCnt     Gap         Variable B NodeID Parent  Depth

*     0+    0                         1093.0000       77.0000            92.96%
      0     0     1080.0000    10     1093.0000     1066.0000      444    2.47%
      0     0     1080.5000    18     1093.0000      User: 32      485    1.14%
      0     0     1081.0000    16     1093.0000      Cuts: 45      510    1.10%
      0     0     1081.0000    43     1093.0000      Cuts: 15      527    1.10%
      0     0     1081.0000    44     1093.0000      Cuts: 17      537    1.10%
      0     0     1081.0000    12     1093.0000      Cuts: 11      547    1.10%
      0     0     1081.0000    46     1093.0000      Cuts: 10      550    1.10%
      0     0     1081.0000    43     1093.0000      Cuts: 16      561    1.10%
      0     0     1081.0000    36     1093.0000      Cuts: 12      579    1.10%
      0     0     1081.0000    34     1093.0000      Cuts: 15      591    1.10%
      0     0     1081.0000    48     1093.0000      Cuts: 15      606    1.10%
      0     0     1081.0000    35     1093.0000      Cuts: 12      633    1.10%
      0     0     1082.0000    85     1093.0000      Cuts: 28      659    1.01%
      0     0     1082.0000    64     1093.0000      Cuts: 21      687    1.01%
      0     0     1082.0000    68     1093.0000      Cuts: 20      709    1.01%
      0     0     1082.0000    90     1093.0000      Cuts: 15      760    1.01%
      0     0     1082.0000    93     1093.0000      Cuts: 28      851    1.01%
      0     0     1082.0000   104     1093.0000      Cuts: 21      910    1.01%
      0     0     1082.0000    48     1093.0000      Cuts: 21      963    1.01%
      0     0     1082.0000    60     1093.0000      Cuts: 38     1045    1.01%
      0     0     1082.0000    57     1093.0000      Cuts: 22     1165    1.01%
      0     0     1082.1667    99     1093.0000      Cuts: 21     1197    0.99%
      0     0     1082.6667    79     1093.0000      Cuts: 22     1258    0.95%
      0     0     1082.8750   101     1093.0000      Cuts: 31     1299    0.93%
      0     0     1083.0000    84     1093.0000      Cuts: 34     1354    0.91%
      0     0     1083.5000    26     1093.0000      Cuts: 15     1428    0.87%
      0     0     1083.7000    70     1093.0000      Cuts: 13     1443    0.85%
      0     0     1083.7000   100     1093.0000      Cuts: 20     1462    0.85%
      0     0     1085.0417   147     1093.0000      Cuts: 16     1504    0.73%
      0     0     1085.5000    94     1093.0000      Cuts: 21     1530    0.69%
      0     0     1085.6000   123     1093.0000      Cuts: 18     1560    0.68%
      0     0     1085.6667   120     1093.0000      Cuts: 24     1589    0.67%
      0     0     1085.6667   122     1093.0000      Cuts: 27     1643    0.67%
      0     0     1085.6667   125     1093.0000      Cuts: 29     1682    0.67%
      0     0     1085.6667   135     1093.0000      Cuts: 13     1723    0.67%
      0     0     1085.6667   129     1093.0000      Cuts: 22     1754    0.67%
      0     0     1085.6667    60     1093.0000      Cuts: 22     1773    0.67%
      0     0     1085.7500   153     1093.0000      Cuts: 33     1800    0.66%
      0     0     1085.7500   140     1093.0000   ZeroHalf: 6     1825    0.66%
      0     0     1085.7500   144     1093.0000       Cuts: 6     1838    0.66%
      0     0     1085.7500   149     1093.0000       Cuts: 8     1864    0.66%
      0     0     1085.8333   152     1093.0000      Cuts: 10     1882    0.66%
      0     0     1085.8333   144     1093.0000  ZeroHalf: 13     1899    0.66%
      0     0     1085.8333   153     1093.0000  ZeroHalf: 12     1938    0.66%
      0     0     1085.8333   152     1093.0000       Cuts: 8     1952    0.66%
      0     0     1085.8611   156     1093.0000       Cuts: 8     1981    0.65%
      0     0     1085.9375   148     1093.0000      Cuts: 20     2021    0.65%
      0     0     1086.0000    66     1093.0000      Cuts: 15     2052    0.64%
      0     0     1086.0000    47     1093.0000      Cuts: 26     2109    0.64%
      0     0     1086.0000    41     1093.0000      Cuts: 11     2123    0.64%
      0     0     1086.0000    49     1093.0000      Cuts: 21     2146    0.64%
      0     0     1086.0000    43     1093.0000       Cuts: 9     2151    0.64%
      0     0     1086.0000    35     1093.0000       Cuts: 7     2160    0.64%
      0     0     1086.0000    49     1093.0000      Cuts: 12     2182    0.64%
      0     0     1086.0000    74     1093.0000       Cuts: 5     2190    0.64%
      0     0     1086.0000    66     1093.0000      Cuts: 24     2207    0.64%
      0     0     1086.0000    45     1093.0000      Cuts: 12     2219    0.64%
      0     0     1086.0390   162     1093.0000       Cuts: 3     2247    0.64%
      0     0     1086.0667   152     1093.0000      Cuts: 12     2274    0.63%
      0     0     1086.0870   154     1093.0000   ZeroHalf: 5     2276    0.63%
      0     0     1086.1111   160     1093.0000  ZeroHalf: 12     2314    0.63%
      0     0     1086.1111   154     1093.0000      Cuts: 10     2324    0.63%
      0     0     1086.1111   153     1093.0000       Cuts: 5     2328    0.63%
      0     0     1086.1111   160     1093.0000      Cuts: 10     2356    0.63%
      0     0     1086.1111   162     1093.0000       Cuts: 4     2383    0.63%
      0     0     1086.1111   156     1093.0000       Cuts: 6     2433    0.63%
      0     0     1086.1111   155     1093.0000   ZeroHalf: 6     2455    0.63%
      0     0     1086.1111   160     1093.0000       User: 8     2469    0.63%
      0     0     1086.1111   153     1093.0000      Cuts: 11     2485    0.63%
      0     0     1086.1111   141     1093.0000   ZeroHalf: 7     2507    0.63%
      0     0     1086.1111   141     1093.0000       User: 2     2508    0.63%
      0     2     1086.1111   152     1093.0000     1086.2000     2508    0.62%                        0             0
Elapsed time = 0.60 sec. (824.87 ticks, tree = 0.01 MB, solutions = 1)
      3     4     1089.0000   108     1093.0000     1086.2500     2687    0.62%          x30_28 N      3      2      3
     14     8     1088.5000    95     1093.0000     1086.5000     3135    0.59%          x30_25 N     14     13      6
     28    13     1091.0000   122     1093.0000     1087.5000     3790    0.50%          x49_45 N     28     24      6
     55    20        cutoff           1093.0000     1089.5000     5301    0.32%          x25_33 N     55     17     10
     96    16        cutoff           1093.0000     1091.5000     6621    0.14%          x26_28 U     96     76      9
    148    29     1092.0000    20     1093.0000     1092.0000     7436    0.09%          x69_65 U    148    146     31
    225    35     1092.0000    31     1093.0000     1092.0000     8348    0.09%          x76_71 D    225    218     30
    317    33     1092.0000    26     1093.0000     1092.0000     9920    0.09%          x76_69 N    317    316     36
    429    34     1092.0000    38     1093.0000     1092.0000    12234    0.09%          x76_66 N    429    428     30
    923    36     1092.0000    27     1093.0000     1092.0000    19414    0.09%          x68_65 D    923    922     28
Elapsed time = 3.33 sec. (3985.52 ticks, tree = 0.05 MB, solutions = 1)
   1487    30     1092.0000    32     1093.0000     1092.0000    28319    0.09%          x84_71 D   1487   1485     24
   2144    27     1092.0000    46     1093.0000     1092.0000    36527    0.09%          x83_84 U   2144   2016     14
   2947    43        cutoff           1093.0000     1092.0000    44411    0.09%          x84_71 D   2947   2946     25
   3584    48     1092.0000    22     1093.0000     1092.0000    53455    0.09%          x69_65 D   3584   3572     23
   4152    39     1092.0000    44     1093.0000     1092.0000    62566    0.09%          x80_81 U   4152   3887     17

Clique cuts applied:  1
Zero-half cuts applied:  45
User cuts applied:  1580

Root node processing (before b&c):
  Real time             =    0.60 sec. (824.84 ticks)
Sequential b&c:
  Real time             =    8.56 sec. (8284.19 ticks)
                          ------------
Total (root+branch&cut) =    9.16 sec. (9109.02 ticks)

