Version identifier: 22.1.0.0 | 2022-03-09 | 1a383f8ce
CPXPARAM_Preprocessing_Reduce                    1
CPXPARAM_Threads                                 1
CPXPARAM_Preprocessing_Reformulations            0
CPXPARAM_Emphasis_MIP                            2
CPXPARAM_MIP_Limits_CutPasses                    1000
CPXPARAM_TimeLimit                               10800
CPXPARAM_MIP_Tolerances_AbsMIPGap                0.999
CPXPARAM_MIP_Limits_TreeMemory                   20000
Legacy callback                                  BbLUID
         Disabling repeat represolve because of lazy constraint/incumbent callback.
1 of 1 MIP starts provided solutions.
MIP start 'm1' defined initial solution with objective 386.0000.
Tried aggregator 2 times.
MIP Presolve eliminated 481 rows and 0 columns.
MIP Presolve modified 95 coefficients.
Aggregator did 5 substitutions.
Reduced MIP has 171 rows, 543 columns, and 1684 nonzeros.
Reduced MIP has 543 binaries, 0 generals, 0 SOSs, and 0 indicators.
Presolve time = 0.00 sec. (1.22 ticks)
Probing time = 0.00 sec. (0.98 ticks)
Clique table members: 171.
MIP emphasis: optimality.
MIP search method: traditional branch-and-cut.
Parallel mode: none, using 1 thread.
Root relaxation solution time = 0.00 sec. (0.83 ticks)

        Nodes                                         Cuts/
   Node  Left     Objective  IInf  Best Integer    Best Bound    ItCnt     Gap         Variable B NodeID Parent  Depth

*     0+    0                          386.0000       30.0000            92.23%
      0     0      333.5000    32      386.0000      324.0000      116   16.06%
      0     0      337.5000    39      386.0000      Cuts: 13      134   12.56%
      0     0      340.2778    65      386.0000      Cuts: 20      164   11.85%
      0     0      342.2500    66      386.0000      Cuts: 17      183   11.33%
      0     0      343.4286    49      386.0000       Cuts: 7      195   11.03%
      0     0      344.0000    52      386.0000      Cuts: 25      202   10.88%
      0     0      346.3000    57      386.0000      Cuts: 22      221   10.28%
      0     0      347.2727    68      386.0000      Cuts: 20      240   10.03%
      0     0      347.8571    76      386.0000       Cuts: 9      266    9.88%
      0     0      347.8750    74      386.0000       User: 3      267    9.88%
      0     0      355.0000    12      386.0000      Cuts: 13      284    8.03%
      0     0      361.7556    78      386.0000      Cuts: 22      341    6.28%
      0     0      361.9091    77      386.0000      Cuts: 14      352    6.24%
      0     0      361.9375    91      386.0000       Cuts: 9      364    6.23%
      0     0      362.2500    47      386.0000       Cuts: 2      371    6.15%
      0     0      362.9697    86      386.0000      Cuts: 10      406    5.97%
      0     0      363.8833    97      386.0000       Cuts: 7      441    5.73%
      0     0      365.3000    97      386.0000   ZeroHalf: 5      485    5.36%
      0     0      366.0000    88      386.0000      Cuts: 20      503    5.18%
      0     0      366.0660   107      386.0000   ZeroHalf: 8      524    5.16%
      0     0      366.6757    80      386.0000   ZeroHalf: 9      553    5.01%
      0     0      366.7692    86      386.0000   ZeroHalf: 1      564    4.98%
      0     0      366.8706   104      386.0000   ZeroHalf: 2      579    4.96%
      0     0      366.9032   100      386.0000       Cuts: 2      592    4.95%
      0     0      366.9032   107      386.0000       Cuts: 3      604    4.95%
      0     0      366.9032   107      386.0000   ZeroHalf: 2      618    4.95%
      0     2      366.9032   107      386.0000      366.9167      618    4.94%                        0             0
Elapsed time = 0.18 sec. (261.28 ticks, tree = 0.01 MB, solutions = 1)
      8    10      371.7000    78      386.0000      367.3774      933    4.82%          x16_15 U      8      6      5
     50    28      374.6788    88      386.0000      370.3478     2639    4.05%           x14_9 N     50      0      1
    110    71      376.0833    75      386.0000      375.9000     5314    2.62%          x25_31 N    110    103     16
    203   120      382.8806    95      386.0000      379.0000     8236    1.81%          x30_28 D    203    147      9
    357   122      385.0000    48      386.0000      382.5000    11591    0.91%          x18_16 D    357    208      9

Clique cuts applied:  1
Zero-half cuts applied:  31
Gomory fractional cuts applied:  1
User cuts applied:  582

Root node processing (before b&c):
  Real time             =    0.18 sec. (261.26 ticks)
Sequential b&c:
  Real time             =    0.89 sec. (1396.81 ticks)
                          ------------
Total (root+branch&cut) =    1.07 sec. (1658.07 ticks)

