Version identifier: 22.1.0.0 | 2022-03-09 | 1a383f8ce
CPXPARAM_Preprocessing_Reduce                    1
CPXPARAM_Threads                                 1
CPXPARAM_Preprocessing_Reformulations            0
CPXPARAM_Emphasis_MIP                            2
CPXPARAM_MIP_Limits_CutPasses                    1000
CPXPARAM_TimeLimit                               10800
CPXPARAM_MIP_Tolerances_AbsMIPGap                0.999
CPXPARAM_MIP_Limits_TreeMemory                   20000
Legacy callback                                  BbLUID
         Disabling repeat represolve because of lazy constraint/incumbent callback.
Tried aggregator 1 time.
MIP Presolve eliminated 140 rows and 3 columns.
MIP Presolve modified 31 coefficients.
Reduced MIP has 65 rows, 226 columns, and 666 nonzeros.
Reduced MIP has 226 binaries, 0 generals, 0 SOSs, and 0 indicators.
Presolve time = 0.00 sec. (0.35 ticks)
Probing time = 0.00 sec. (0.36 ticks)
Clique table members: 65.
MIP emphasis: optimality.
MIP search method: traditional branch-and-cut.
Parallel mode: none, using 1 thread.
Root relaxation solution time = 0.00 sec. (0.20 ticks)

        Nodes                                         Cuts/
   Node  Left     Objective  IInf  Best Integer    Best Bound    ItCnt     Gap         Variable B NodeID Parent  Depth

      0     0      181.0000    16                    180.0000       26         
      0     0      182.0000    16                     Cuts: 3       29         
      0     0      182.1667    34                    Cuts: 15       31         
      0     0      182.3333    18                 ZeroHalf: 8       37         
      0     0      182.5222    40                 ZeroHalf: 8       46         
      0     0      183.0000    22                     Cuts: 7       54         
      0     0      183.0000    34                 ZeroHalf: 5       56         
      0     0      183.0000    34                 ZeroHalf: 5       64         
      0     0      183.0326    43                ZeroHalf: 11       79         
      0     0      183.1111    42                 ZeroHalf: 6       84         
      0     0      183.3250    40                 ZeroHalf: 4       92         
      0     0      183.5000    16                     Cuts: 8       99         
      0     0      183.5000    14                 ZeroHalf: 5      102         
      0     0      183.5000    14                 ZeroHalf: 2      103         
      0     0      183.5000    29                 ZeroHalf: 3      108         
      0     0      183.5000    30                 ZeroHalf: 3      113         
      0     0      183.5455    33                 ZeroHalf: 4      120         
      0     0      183.6250    40                 ZeroHalf: 2      125         
      0     0      183.6818    38                 ZeroHalf: 9      138         
      0     0      183.6818    34                 ZeroHalf: 7      143         
      0     0      183.6818    42                    Cuts: 11      148         
      0     0      183.8000    25                 ZeroHalf: 3      165         
      0     0      183.8205    36                ZeroHalf: 10      170         
      0     0      183.8571    27                 ZeroHalf: 8      173         
      0     0      183.8571    36                 ZeroHalf: 6      184         
      0     0      183.8824    42                 ZeroHalf: 9      190         
      0     0      183.8846    43                 ZeroHalf: 3      196         
      0     0      183.9167    40                 ZeroHalf: 4      204         
      0     0      183.9444    42                     Cuts: 4      211         
      0     0      184.0000    32                 ZeroHalf: 3      223         
      0     0      184.0000    38                     Cuts: 7      230         
      0     0      184.0000    26                ZeroHalf: 11      232         
      0     0      184.0000    28                 ZeroHalf: 8      236         
      0     0      184.0000    18                 ZeroHalf: 4      239         
      0     0      184.0000    27                 ZeroHalf: 9      241         
      0     0      184.0000    20                 ZeroHalf: 3      244         
      0     0      184.0098    45                 ZeroHalf: 3      247         
      0     0      184.0256    44                 ZeroHalf: 2      252         
      0     0      184.0357    42                 ZeroHalf: 6      259         
      0     0      184.0357    43                 ZeroHalf: 1      260         
      0     0      184.0577    43                 ZeroHalf: 1      263         
      0     0      184.0952    41                 ZeroHalf: 5      268         
      0     0      184.1392    43                 ZeroHalf: 3      279         
      0     0      184.1846    43                     Cuts: 5      286         
      0     0      184.1846    43                 ZeroHalf: 4      291         
      0     0      184.1846    45                 ZeroHalf: 2      294         
      0     0      184.2017    47                 ZeroHalf: 1      298         
      0     0      184.2500    32                     Cuts: 2      308         
      0     0      184.2619    45                 ZeroHalf: 4      321         
      0     0      184.3611    40                     Cuts: 4      328         
      0     0      184.3810    36                ZeroHalf: 10      335         
      0     0      184.3913    44                 ZeroHalf: 4      340         
      0     0      184.4784    47                     Cuts: 7      352         
      0     0      184.5000    34                    Cuts: 10      364         
      0     0      184.5313    48                 ZeroHalf: 7      372         
      0     0      185.0000    37                     Cuts: 7      393         
      0     0      185.0000    18                 ZeroHalf: 8      404         
      0     0      185.0000    38                 ZeroHalf: 2      406         
      0     0      185.0000    37                 ZeroHalf: 3      412         
      0     0      185.0000    43                    Cuts: 22      420         
      0     0      185.0000    21                ZeroHalf: 15      436         
      0     0      185.0000    20                    Cuts: 19      444         
      0     0      185.0000    37                     Cuts: 9      472         
      0     0      185.0000    34                    Cuts: 13      482         
      0     0      185.0000    34                    Cuts: 12      494         
      0     0      185.0000    36                 ZeroHalf: 9      504         
      0     0      185.0000    45                    Cuts: 16      511         
      0     0      185.0000    40                ZeroHalf: 10      526         
      0     0      185.0000    44                ZeroHalf: 14      544         
      0     0      185.0000    40                    Cuts: 14      553         
      0     0      185.0000    48                     Cuts: 7      570         
      0     0      185.0000    44                ZeroHalf: 13      588         
      0     0      185.0000    34                    Cuts: 14      601         
      0     0      185.0000    44                 ZeroHalf: 7      615         
      0     0      185.0000    36                    Cuts: 16      641         
      0     0      185.0000    34                 ZeroHalf: 8      651         
      0     0      185.0000    41                 ZeroHalf: 5      668         
      0     0      185.0000    41                    Cuts: 20      682         
      0     0      185.0000    41                ZeroHalf: 10      696         
      0     0      185.0000    46                ZeroHalf: 18      714         
      0     0      185.0000    31                    Cuts: 11      733         
      0     0      185.0000    30                    Cuts: 16      768         
      0     0      185.0000    48                ZeroHalf: 11      782         
      0     0      185.0000    32                 ZeroHalf: 4      794         
      0     0      185.0000    48                ZeroHalf: 17      832         
      0     0      185.0000    27                     Cuts: 6      854         
      0     0      185.0303    39                ZeroHalf: 21      872         
      0     0      185.0606    52                 ZeroHalf: 4      887         
      0     0      185.1900    52                 ZeroHalf: 1      898         
      0     0      185.2500    23                 ZeroHalf: 5      908         
      0     0      185.2885    46                ZeroHalf: 17      919         
      0     0      185.3380    50                 ZeroHalf: 2      926         
      0     0      185.3541    53                 ZeroHalf: 2      932         
      0     0      185.4762    48                 ZeroHalf: 1      945         
      0     0      185.4762    46                 ZeroHalf: 6      953         
      0     0      185.4762    50                 ZeroHalf: 3      959         
      0     0      185.6667    39                     Cuts: 9      976         
      0     0      185.6667    17                 ZeroHalf: 3      985         
      0     0      185.6667    28                ZeroHalf: 16      992         
      0     0      185.6667    32                ZeroHalf: 10     1002         
      0     0      185.6667    24                     Cuts: 6     1008         
      0     0      185.6667    34                 ZeroHalf: 7     1012         
      0     0      185.6667    31                 ZeroHalf: 5     1016         
      0     0      185.6667    40                 ZeroHalf: 6     1018         
      0     0      185.7500    26                     Cuts: 3     1023         
      0     0      185.7500    45                 ZeroHalf: 8     1027         
      0     0      185.9762    44                 ZeroHalf: 2     1045         
      0     0      186.0000    28                    Cuts: 11     1052         
      0     0      186.0000    28                 ZeroHalf: 8     1054         
      0     0      186.0000    32                 ZeroHalf: 9     1057         
      0     0      186.0000    22                 ZeroHalf: 3     1059         
      0     0      186.0000    26                 ZeroHalf: 8     1061         
      0     0      186.0000    22                 ZeroHalf: 4     1066         
      0     0      186.0000    32                 ZeroHalf: 4     1069         
      0     0      186.0000    36                ZeroHalf: 10     1076         
      0     0      186.0000    22                 ZeroHalf: 3     1081         
      0     0      186.0000    31                 ZeroHalf: 6     1083         
      0     0      186.0000    20                 ZeroHalf: 7     1086         
      0     0      186.0000    22                 ZeroHalf: 1     1087         
      0     0      186.0000    16                 ZeroHalf: 4     1093         
      0     0      186.0000    26                    Cuts: 18     1097         
      0     0      186.0000    28                ZeroHalf: 13     1102         
      0     0      186.0000    20                 ZeroHalf: 5     1119         
      0     0      186.0000    26                 ZeroHalf: 8     1128         
      0     0      186.0000    26                ZeroHalf: 19     1136         
      0     0      186.0038    51                ZeroHalf: 13     1151         
      0     0      186.0062    49                 ZeroHalf: 3     1156         
      0     0      186.0105    46                 ZeroHalf: 2     1163         
      0     0      186.0208    45                 ZeroHalf: 5     1174         
      0     0      186.0208    44                 ZeroHalf: 7     1181         
      0     0      186.0208    41                 ZeroHalf: 2     1186         
      0     0      186.0208    45                 ZeroHalf: 1     1190         
      0     0      186.0208    45                 ZeroHalf: 5     1193         
      0     0      186.0208    46                 ZeroHalf: 6     1198         
      0     0      186.0370    45                 ZeroHalf: 5     1204         
      0     0      186.0370    45                 ZeroHalf: 1     1206         
      0     0      186.0714    42                 ZeroHalf: 1     1210         
      0     0      186.0714    40                 ZeroHalf: 7     1215         
      0     0      186.0714    42                 ZeroHalf: 6     1225         
      0     0      186.0714    43                 ZeroHalf: 4     1231         
      0     0      186.0714    42                 ZeroHalf: 4     1233         
      0     0      186.0714    42                 ZeroHalf: 2     1236         
      0     0      186.0714    43                 ZeroHalf: 1     1237         
      0     0      186.0714    42                 ZeroHalf: 5     1243         
      0     0      186.0909    41                 ZeroHalf: 3     1246         
      0     0      186.0909    36                 ZeroHalf: 3     1249         
      0     0      186.0909    42                 ZeroHalf: 4     1257         
      0     0      186.0909    43                ZeroHalf: 10     1265         
      0     0      186.0909    45                 ZeroHalf: 2     1273         
      0     0      186.0909    47                 ZeroHalf: 5     1286         
      0     0      186.0909    46                 ZeroHalf: 1     1293         
      0     0      186.0909    39                 ZeroHalf: 6     1305         
      0     0      186.0921    46                 ZeroHalf: 1     1311         
      0     0      186.0924    48                 ZeroHalf: 3     1317         
      0     0      186.1200    49                 ZeroHalf: 3     1324         
      0     0      186.1515    45                 ZeroHalf: 4     1336         
      0     0      186.1515    43                ZeroHalf: 10     1343         
      0     0      186.1524    45                 ZeroHalf: 3     1350         
      0     0      186.1661    48                 ZeroHalf: 3     1357         
      0     0      186.1915    49                 ZeroHalf: 6     1362         
      0     0      186.2857    42                 ZeroHalf: 2     1368         
      0     0      186.2857    43                 ZeroHalf: 3     1369         
      0     0      186.2857    41                 ZeroHalf: 1     1371         
      0     0      186.2941    47                 ZeroHalf: 3     1375         
      0     0      186.3077    44                 ZeroHalf: 3     1385         
      0     0      186.3400    43                 ZeroHalf: 3     1392         
      0     0      186.3400    45                 ZeroHalf: 3     1396         
      0     0      186.3400    46                 ZeroHalf: 5     1399         
      0     0      186.3400    46                 ZeroHalf: 2     1404         
      0     0      186.3400    44                 ZeroHalf: 2     1407         
      0     0      186.3400    44                 ZeroHalf: 1     1410         
      0     0      186.3462    47                 ZeroHalf: 6     1417         
      0     0      186.3571    47                     Cuts: 6     1423         
      0     0      186.3684    42                 ZeroHalf: 3     1426         
      0     0      186.4186    52                 ZeroHalf: 6     1436         
      0     0      186.4255    45                 ZeroHalf: 3     1446         
      0     0      186.4706    47                    Cuts: 13     1457         
      0     0      186.4706    45                 ZeroHalf: 5     1464         
      0     0      186.4706    47                 ZeroHalf: 3     1466         
      0     0      186.6706    40                 ZeroHalf: 2     1485         
      0     0      186.6860    47                     Cuts: 9     1499         
      0     0      186.7059    36                 ZeroHalf: 7     1509         
      0     0      186.7059    39                ZeroHalf: 15     1519         
      0     0      186.7568    46                 ZeroHalf: 1     1534         
      0     0      186.7879    40                 ZeroHalf: 6     1544         
      0     0      186.7879    43                 ZeroHalf: 9     1549         
      0     0      186.8140    47                 ZeroHalf: 3     1557         
      0     0      186.8596    50                 ZeroHalf: 4     1567         
      0     0      186.8596    46                 ZeroHalf: 3     1571         
      0     0      186.8631    53                 ZeroHalf: 6     1578         
      0     0      186.8631    53                 ZeroHalf: 1     1579         
      0     0      186.8788    51                 ZeroHalf: 1     1588         
      0     0      186.8861    48                 ZeroHalf: 1     1599         
      0     0      186.9000    49                 ZeroHalf: 2     1612         
      0     0      186.9145    52                 ZeroHalf: 6     1630         
      0     0      186.9375    45                 ZeroHalf: 3     1646         
      0     0      186.9375    49                 ZeroHalf: 4     1656         
      0     0      186.9375    48                 ZeroHalf: 4     1665         
      0     0      186.9375    46                 ZeroHalf: 4     1674         
      0     0      186.9375    52                 ZeroHalf: 3     1679         
      0     0      186.9375    51                 ZeroHalf: 1     1681         
      0     0      186.9375    46                 ZeroHalf: 4     1689         
      0     0      186.9375    51                 ZeroHalf: 1     1702         
      0     0      186.9448    53                 ZeroHalf: 2     1715         
      0     0      186.9471    55                     Cuts: 5     1723         
      0     0      186.9500    53                 ZeroHalf: 3     1731         
      0     0      186.9526    52                 ZeroHalf: 1     1739         
      0     0      186.9615    39                 ZeroHalf: 4     1753         
      0     0      186.9621    48                 ZeroHalf: 4     1759         
      0     0      187.0000    46                 ZeroHalf: 3     1771         
      0     0      187.0000    36                 ZeroHalf: 6     1780         
      0     0      187.0000    39                     Cuts: 3     1791         
      0     0      187.0000    47                 ZeroHalf: 2     1795         
      0     0      187.0000    44                 ZeroHalf: 2     1801         
      0     0      187.0000    45                ZeroHalf: 11     1811         
      0     0      187.0000    33                 ZeroHalf: 2     1817         
      0     0      187.0000    35                 ZeroHalf: 7     1821         
      0     0      187.0000    36                 ZeroHalf: 6     1823         
      0     0      187.0000    42                 ZeroHalf: 2     1827         
      0     0      187.0000    45                 ZeroHalf: 2     1828         
      0     0      187.0000    43                 ZeroHalf: 1     1847         
      0     0      187.0000    35                     Cuts: 3     1856         
      0     0      187.0000    41                 ZeroHalf: 5     1868         
      0     0      187.0000    46                    Cuts: 10     1877         
      0     0      187.0000    44                 ZeroHalf: 1     1888         
      0     0      187.0000    42                 ZeroHalf: 2     1892         
      0     0      187.0000    38                 ZeroHalf: 4     1900         
      0     0      187.0000    45                 ZeroHalf: 9     1910         
      0     0      187.0000    39                 ZeroHalf: 4     1915         
      0     0      187.0000    38                     Cuts: 5     1933         
      0     0      187.0000    44                 ZeroHalf: 6     1941         
      0     0      187.0000    47                 ZeroHalf: 1     1946         
      0     0      187.0000    44                 ZeroHalf: 1     1951         
      0     0      187.0000    43                 ZeroHalf: 3     1958         
      0     0      187.0000    43                 ZeroHalf: 3     1963         
      0     0      187.0000    45                 ZeroHalf: 3     1973         
      0     0      187.0000    41                 ZeroHalf: 3     1980         
      0     0      187.0000    38                 ZeroHalf: 4     1987         
      0     0      187.0000    42                     Cuts: 3     1994         
      0     0      187.0000    46                     Cuts: 2     1998         
      0     0      187.0000    46                 ZeroHalf: 2     2002         
*     0+    0                          201.0000      187.0000             6.97%
      0     2      187.0000    46      201.0000      187.0000     2002    6.97%                        0             0
Elapsed time = 0.69 sec. (769.74 ticks, tree = 0.01 MB, solutions = 1)
*     2     2      integral     0      190.0000      187.0816     2108    1.54%

Clique cuts applied:  1
Zero-half cuts applied:  13
User cuts applied:  219

Root node processing (before b&c):
  Real time             =    0.69 sec. (769.77 ticks)
Sequential b&c:
  Real time             =    0.06 sec. (70.49 ticks)
                          ------------
Total (root+branch&cut) =    0.75 sec. (840.26 ticks)

