Version identifier: 22.1.0.0 | 2022-03-09 | 1a383f8ce
CPXPARAM_Preprocessing_Reduce                    1
CPXPARAM_Threads                                 1
CPXPARAM_Preprocessing_Reformulations            0
CPXPARAM_Emphasis_MIP                            2
CPXPARAM_MIP_Limits_CutPasses                    1000
CPXPARAM_TimeLimit                               10800
CPXPARAM_MIP_Tolerances_AbsMIPGap                0.999
CPXPARAM_MIP_Limits_TreeMemory                   20000
Legacy callback                                  BbLUID
         Disabling repeat represolve because of lazy constraint/incumbent callback.
1 of 1 MIP starts provided solutions.
MIP start 'm1' defined initial solution with objective 414.0000.
Tried aggregator 2 times.
MIP Presolve eliminated 1307 rows and 0 columns.
MIP Presolve modified 201 coefficients.
Aggregator did 5 substitutions.
Reduced MIP has 297 rows, 1631 columns, and 4809 nonzeros.
Reduced MIP has 1631 binaries, 0 generals, 0 SOSs, and 0 indicators.
Presolve time = 0.00 sec. (3.37 ticks)
Probing time = 0.00 sec. (2.56 ticks)
Clique table members: 297.
MIP emphasis: optimality.
MIP search method: traditional branch-and-cut.
Parallel mode: none, using 1 thread.
Root relaxation solution time = 0.00 sec. (1.70 ticks)

        Nodes                                         Cuts/
   Node  Left     Objective  IInf  Best Integer    Best Bound    ItCnt     Gap         Variable B NodeID Parent  Depth

*     0+    0                          414.0000       27.0000            93.48%
      0     0      409.0000    26      414.0000      405.0000      113    2.17%
      0     0      409.5000    32      414.0000      Cuts: 15      129    1.09%
      0     0      409.7143    59      414.0000      Cuts: 14      139    1.04%
      0     0      410.0000    34      414.0000      Cuts: 29      154    0.97%
      0     0      410.2500    42      414.0000      Cuts: 25      176    0.91%
      0     0      410.5000    54      414.0000      Cuts: 15      185    0.85%
      0     0      411.0000    20      414.0000      Cuts: 14      187    0.72%
      0     0      411.0000    32      414.0000      Cuts: 12      198    0.72%
      0     0      411.0000    25      414.0000      Cuts: 20      210    0.72%
      0     0      411.0000    32      414.0000      Cuts: 15      228    0.72%
      0     0      411.0000     8      414.0000      Cuts: 10      230    0.72%
      0     0      411.0000    31      414.0000      Cuts: 16      237    0.72%
      0     0      411.0833    67      414.0000       Cuts: 9      249    0.70%
      0     0      411.0833    59      414.0000       Cuts: 8      256    0.70%
      0     0      411.1667    70      414.0000      Cuts: 17      267    0.68%
      0     0      411.2000    68      414.0000  ZeroHalf: 19      286    0.68%
      0     0      411.2500    64      414.0000      Cuts: 17      294    0.66%
      0     0      411.2500    62      414.0000  ZeroHalf: 11      302    0.66%
      0     0      411.2500    58      414.0000      Cuts: 12      307    0.66%
      0     0      411.2500    61      414.0000   ZeroHalf: 7      314    0.66%
      0     0      411.3684    74      414.0000      Cuts: 13      350    0.64%
      0     0      411.3750    67      414.0000      Cuts: 17      374    0.63%
      0     0      411.4000    59      414.0000      Cuts: 20      386    0.63%
      0     0      411.4167    86      414.0000      Cuts: 11      403    0.62%
      0     0      411.6000    73      414.0000      Cuts: 10      424    0.58%
      0     0      411.6000    82      414.0000  ZeroHalf: 11      430    0.58%
      0     0      411.6000    83      414.0000  ZeroHalf: 10      435    0.58%
      0     0      411.6667    55      414.0000      Cuts: 15      442    0.56%
      0     0      411.6667    60      414.0000  ZeroHalf: 13      455    0.56%
      0     0      411.7500    47      414.0000  ZeroHalf: 16      462    0.54%
      0     0      411.7500    52      414.0000      Cuts: 14      484    0.54%
      0     0      411.7778    81      414.0000  ZeroHalf: 10      497    0.54%
      0     0      411.9130    90      414.0000  ZeroHalf: 12      521    0.50%
      0     0      411.9130    93      414.0000      Cuts: 24      545    0.50%
      0     0      411.9130    97      414.0000   ZeroHalf: 5      547    0.50%
      0     0      411.9130    97      414.0000   ZeroHalf: 5      553    0.50%
      0     0      411.9130    93      414.0000   ZeroHalf: 5      560    0.50%
      0     0      411.9130    99      414.0000      Cuts: 13      583    0.50%
      0     0      412.0000    46      414.0000  ZeroHalf: 10      611    0.48%
      0     0      412.0000    46      414.0000  ZeroHalf: 16      638    0.48%
      0     0      412.0000    45      414.0000   ZeroHalf: 6      641    0.48%
      0     0      412.0000    44      414.0000   ZeroHalf: 5      646    0.48%
      0     0      412.0000    52      414.0000   ZeroHalf: 6      649    0.48%
      0     0      412.0417    90      414.0000   ZeroHalf: 8      666    0.47%
      0     0      412.0417    92      414.0000   ZeroHalf: 1      667    0.47%
      0     0      412.0417    94      414.0000   ZeroHalf: 4      676    0.47%
      0     0      412.0435    85      414.0000       Cuts: 8      689    0.47%
      0     0      412.0435    85      414.0000   ZeroHalf: 4      692    0.47%
      0     0      412.0435    98      414.0000   ZeroHalf: 5      700    0.47%
      0     0      412.0714    84      414.0000   ZeroHalf: 3      713    0.47%
      0     0      412.0909    82      414.0000   ZeroHalf: 8      720    0.46%
      0     0      412.0909    88      414.0000   ZeroHalf: 2      724    0.46%
      0     0      412.1250    83      414.0000   ZeroHalf: 7      737    0.45%
      0     0      412.1429    97      414.0000  ZeroHalf: 13      747    0.45%
      0     0      412.1538   102      414.0000  ZeroHalf: 11      756    0.45%
      0     0      412.1739   101      414.0000   ZeroHalf: 5      769    0.44%
      0     0      412.1739   101      414.0000   ZeroHalf: 4      780    0.44%
      0     0      412.1739   102      414.0000   ZeroHalf: 7      790    0.44%
      0     0      412.2667    86      414.0000   ZeroHalf: 4      804    0.42%
      0     0      412.2759   103      414.0000      Cuts: 22      820    0.42%
      0     0      412.2857    78      414.0000       Cuts: 6      849    0.41%
      0     0      412.2857    85      414.0000   ZeroHalf: 9      881    0.41%
      0     0      412.2857    80      414.0000   ZeroHalf: 9      922    0.41%
      0     0      412.2857    84      414.0000  ZeroHalf: 21      934    0.41%
      0     0      412.2857    77      414.0000  ZeroHalf: 11      957    0.41%
      0     0      412.2857    88      414.0000   ZeroHalf: 6      982    0.41%
      0     0      412.2857    88      414.0000   ZeroHalf: 3     1018    0.41%
      0     0      412.2973    94      414.0000   ZeroHalf: 4     1027    0.41%
      0     0      412.3485    79      414.0000   ZeroHalf: 3     1044    0.40%
      0     0      412.3529    78      414.0000       Cuts: 8     1059    0.40%
      0     0      412.3617    92      414.0000  ZeroHalf: 10     1070    0.40%
      0     0      412.3846    82      414.0000   ZeroHalf: 7     1085    0.39%
      0     0      412.3846    80      414.0000      Cuts: 19     1102    0.39%
      0     0      412.3846    82      414.0000  ZeroHalf: 13     1118    0.39%
      0     0      412.5000    70      414.0000   ZeroHalf: 5     1137    0.36%
      0     0      412.5000    64      414.0000      Cuts: 31     1152    0.36%
      0     0      412.5000    73      414.0000      Cuts: 16     1171    0.36%
      0     0      412.5000    75      414.0000      Cuts: 23     1196    0.36%
      0     0      412.5000    81      414.0000   ZeroHalf: 9     1214    0.36%
      0     0      412.5000    80      414.0000   ZeroHalf: 6     1230    0.36%
      0     0      412.5455    75      414.0000   ZeroHalf: 7     1241    0.35%
      0     0      412.5455    78      414.0000      Cuts: 19     1258    0.35%
      0     0      412.5455    85      414.0000  ZeroHalf: 11     1276    0.35%
      0     0      412.5455    83      414.0000   ZeroHalf: 8     1284    0.35%
      0     0      412.5455    88      414.0000  ZeroHalf: 11     1293    0.35%
      0     0      412.5455    83      414.0000  ZeroHalf: 10     1308    0.35%
      0     0      412.5455    90      414.0000       Cuts: 6     1314    0.35%
      0     0      412.5455    90      414.0000   ZeroHalf: 7     1319    0.35%
      0     0      412.5455    90      414.0000   ZeroHalf: 6     1330    0.35%
      0     0      412.5789    95      414.0000   ZeroHalf: 9     1349    0.34%
      0     0      412.6000    82      414.0000  ZeroHalf: 10     1360    0.34%
      0     0      412.6000    88      414.0000  ZeroHalf: 15     1366    0.34%
      0     0      412.6000    86      414.0000  ZeroHalf: 12     1379    0.34%
      0     0      412.6000    81      414.0000  ZeroHalf: 11     1397    0.34%
      0     0      412.6000    92      414.0000  ZeroHalf: 13     1404    0.34%
      0     0      412.6000    88      414.0000   ZeroHalf: 4     1414    0.34%
      0     0      412.6129    95      414.0000   ZeroHalf: 9     1422    0.34%
      0     0      412.6667    84      414.0000   ZeroHalf: 6     1442    0.32%
      0     0      412.6667    75      414.0000       Cuts: 9     1457    0.32%
      0     0      412.6667    51      414.0000  ZeroHalf: 17     1481    0.32%
      0     0      412.6923    92      414.0000      Cuts: 35     1498    0.32%
      0     0      412.6923    96      414.0000   ZeroHalf: 5     1509    0.32%
      0     0      412.6923    98      414.0000   ZeroHalf: 1     1511    0.32%
      0     0      412.7500    74      414.0000   ZeroHalf: 1     1519    0.30%
      0     0      412.7778    83      414.0000      Cuts: 12     1524    0.30%
      0     0      412.7778    80      414.0000   ZeroHalf: 3     1531    0.30%
      0     0      412.7895    92      414.0000   ZeroHalf: 8     1538    0.29%
      0     0      412.7895    94      414.0000   ZeroHalf: 3     1545    0.29%
      0     0      413.0000    81      414.0000   ZeroHalf: 2     1550    0.24%
      0     0      413.0000    65      414.0000      Cuts: 11     1569    0.24%
      0     0      413.0000    76      414.0000  ZeroHalf: 10     1571    0.24%
      0     0      413.0000    68      414.0000  ZeroHalf: 17     1579    0.24%
      0     0      413.0000    81      414.0000   ZeroHalf: 4     1583    0.24%
      0     0      413.0000    68      414.0000   ZeroHalf: 8     1587    0.24%
      0     0      413.0000    66      414.0000      Cuts: 15     1595    0.24%
      0     0      413.0000    59      414.0000   ZeroHalf: 9     1605    0.24%
      0     0      413.0000    81      414.0000      Cuts: 10     1611    0.24%
      0     0      413.0000    80      414.0000   ZeroHalf: 6     1621    0.24%
      0     0      413.0000    68      414.0000   ZeroHalf: 4     1629    0.24%
      0     0      413.0000    65      414.0000       Cuts: 7     1640    0.24%
      0     0      413.0000    79      414.0000  ZeroHalf: 10     1656    0.24%
      0     0      413.0000    85      414.0000   ZeroHalf: 8     1669    0.24%
      0     0      413.0000    85      414.0000       Cuts: 5     1671    0.24%
      0     0      413.0000    78      414.0000   ZeroHalf: 3     1681    0.24%
      0     0      413.0000    81      414.0000  ZeroHalf: 17     1699    0.24%
      0     0      413.0000    56      414.0000   ZeroHalf: 6     1714    0.24%
      0     0      413.0000    69      414.0000      Cuts: 30     1725    0.24%
      0     0      413.0000    84      414.0000   ZeroHalf: 9     1735    0.24%
      0     0      413.0000    59      414.0000      Cuts: 35     1740    0.24%
      0     0      413.0000    69      414.0000   ZeroHalf: 5     1747    0.24%
      0     0      413.0000    77      414.0000  ZeroHalf: 23     1773    0.24%
      0     0      413.0000    74      414.0000   ZeroHalf: 4     1779    0.24%
      0     0      413.0000    58      414.0000      Cuts: 14     1783    0.24%
      0     0      413.0000    73      414.0000   ZeroHalf: 3     1789    0.24%
      0     0      413.0000    79      414.0000  ZeroHalf: 11     1807    0.24%
      0     0      413.0000    73      414.0000      Cuts: 12     1822    0.24%
      0     0      413.0000    82      414.0000      Cuts: 20     1840    0.24%
      0     0      413.0000    50      414.0000   ZeroHalf: 9     1844    0.24%
      0     0      413.0000    71      414.0000  ZeroHalf: 16     1856    0.24%
      0     0      413.0000    66      414.0000   ZeroHalf: 4     1860    0.24%
      0     0      413.0000    72      414.0000   ZeroHalf: 8     1871    0.24%
      0     0      413.0000    71      414.0000   ZeroHalf: 9     1891    0.24%
      0     0      413.0000    60      414.0000   ZeroHalf: 7     1912    0.24%
      0     0      413.0000    62      414.0000   ZeroHalf: 6     1923    0.24%
      0     0      413.0000    67      414.0000  ZeroHalf: 10     1939    0.24%
      0     0      413.0000    65      414.0000  ZeroHalf: 10     1946    0.24%
      0     0      413.0000    68      414.0000  ZeroHalf: 10     1960    0.24%
      0     0      413.0000    73      414.0000       Cuts: 8     1968    0.24%
      0     0      413.0000    68      414.0000  ZeroHalf: 16     1984    0.24%
      0     0      413.0000    75      414.0000  ZeroHalf: 25     1998    0.24%
      0     0      413.0000    55      414.0000   ZeroHalf: 8     2007    0.24%
      0     0      413.0000    52      414.0000   ZeroHalf: 5     2009    0.24%
      0     0      413.0000    69      414.0000       Cuts: 4     2011    0.24%
      0     0      413.0000    56      414.0000      Cuts: 16     2022    0.24%
      0     0      413.0000    54      414.0000   ZeroHalf: 2     2025    0.24%
      0     0      413.0000    57      414.0000   ZeroHalf: 1     2026    0.24%
      0     0      413.0000    71      414.0000   ZeroHalf: 1     2030    0.24%
      0     0      413.0000    70      414.0000       Cuts: 4     2048    0.24%
      0     0      413.0000    69      414.0000   ZeroHalf: 4     2051    0.24%
      0     0      413.0000    67      414.0000   ZeroHalf: 5     2062    0.24%
      0     0      413.0000    68      414.0000   ZeroHalf: 6     2067    0.24%
      0     0      413.0000    57      414.0000  ZeroHalf: 14     2086    0.24%
      0     0      413.0000    58      414.0000   ZeroHalf: 3     2091    0.24%
      0     0      413.0000    78      414.0000   ZeroHalf: 8     2102    0.24%
      0     0      413.0000    72      414.0000  ZeroHalf: 14     2112    0.24%
      0     0      413.0000    80      414.0000      Cuts: 18     2127    0.24%
      0     0      413.0000    77      414.0000       Cuts: 8     2138    0.24%
      0     0      413.0000    56      414.0000   ZeroHalf: 9     2150    0.24%
      0     0      413.0000    73      414.0000  ZeroHalf: 10     2166    0.24%
      0     0      413.0000    79      414.0000      Cuts: 32     2184    0.24%
      0     0      413.0000    74      414.0000  ZeroHalf: 28     2212    0.24%
      0     0      413.0000    71      414.0000      Cuts: 28     2229    0.24%
      0     0      413.0000    66      414.0000  ZeroHalf: 20     2246    0.24%
      0     0      413.0000    73      414.0000      Cuts: 24     2257    0.24%
      0     0      413.0000    77      414.0000   ZeroHalf: 9     2274    0.24%
      0     0      413.0000    56      414.0000  ZeroHalf: 15     2279    0.24%
      0     0      413.0000    66      414.0000   ZeroHalf: 8     2283    0.24%
      0     0      413.0000    55      414.0000      Cuts: 17     2293    0.24%
      0     0      413.0000    59      414.0000   ZeroHalf: 9     2298    0.24%
      0     0      413.0000    68      414.0000  ZeroHalf: 18     2312    0.24%
      0     0      413.0000    71      414.0000      Cuts: 20     2323    0.24%
      0     0      413.0000    59      414.0000  ZeroHalf: 19     2331    0.24%
      0     0      413.0000    58      414.0000      Cuts: 17     2340    0.24%
      0     0      413.0000    58      414.0000   ZeroHalf: 8     2341    0.24%
      0     0      413.0000    58      414.0000   ZeroHalf: 2     2342    0.24%
      0     0      413.0000    78      414.0000   ZeroHalf: 3     2347    0.24%
      0     0      413.0000    76      414.0000      Cuts: 11     2352    0.24%
      0     0      413.0000    71      414.0000   ZeroHalf: 3     2356    0.24%
      0     0      413.0000    78      414.0000  ZeroHalf: 13     2373    0.24%
      0     0      413.0000    50      414.0000  ZeroHalf: 14     2388    0.24%
      0     0      413.0000    56      414.0000  ZeroHalf: 12     2392    0.24%
      0     0      413.0000    77      414.0000   ZeroHalf: 7     2397    0.24%
      0     0      413.0000    68      414.0000      Cuts: 12     2404    0.24%
      0     0      413.0000    71      414.0000  ZeroHalf: 24     2411    0.24%
      0     0      413.0000    66      414.0000  ZeroHalf: 26     2428    0.24%
      0     0      413.0000    75      414.0000  ZeroHalf: 30     2442    0.24%
      0     0      413.0000    61      414.0000  ZeroHalf: 26     2454    0.24%
      0     0      413.0000    67      414.0000  ZeroHalf: 19     2464    0.24%
      0     0      413.0000    70      414.0000  ZeroHalf: 10     2465    0.24%
      0     0      413.0000    52      414.0000  ZeroHalf: 11     2473    0.24%
      0     0      413.0000    53      414.0000   ZeroHalf: 2     2476    0.24%
      0     0      413.0000    58      414.0000   ZeroHalf: 9     2483    0.24%
      0     0      413.0000    54      414.0000   ZeroHalf: 3     2484    0.24%
      0     0      413.0000    75      414.0000   ZeroHalf: 7     2490    0.24%
      0     0      413.0000    70      414.0000  ZeroHalf: 11     2503    0.24%
      0     0      413.0000    80      414.0000   ZeroHalf: 9     2513    0.24%
      0     0      413.0000    58      414.0000  ZeroHalf: 23     2527    0.24%
      0     0      413.0000    55      414.0000       Cuts: 9     2530    0.24%
      0     0      413.0000    74      414.0000  ZeroHalf: 17     2538    0.24%
      0     0      413.0000    75      414.0000       Cuts: 4     2551    0.24%
      0     0      413.0000    77      414.0000  ZeroHalf: 17     2574    0.24%
      0     0      413.0000    78      414.0000  ZeroHalf: 10     2586    0.24%
      0     0      413.0000    56      414.0000  ZeroHalf: 11     2599    0.24%
      0     0      413.0000    62      414.0000   ZeroHalf: 8     2602    0.24%
      0     0      413.0000    53      414.0000  ZeroHalf: 14     2608    0.24%
      0     0      413.0000    74      414.0000   ZeroHalf: 9     2618    0.24%
      0     0      413.0000    56      414.0000      Cuts: 25     2626    0.24%
      0     0      413.0000    76      414.0000  ZeroHalf: 21     2645    0.24%
      0     0      413.0000    71      414.0000   ZeroHalf: 5     2650    0.24%
      0     0      413.0000    75      414.0000  ZeroHalf: 13     2664    0.24%
      0     0      413.0000    73      414.0000  ZeroHalf: 13     2671    0.24%
      0     0      413.0000    62      414.0000      Cuts: 21     2686    0.24%
      0     0      413.0000    53      414.0000  ZeroHalf: 13     2694    0.24%
      0     0      413.0000    70      414.0000  ZeroHalf: 21     2706    0.24%
      0     0      413.0000    66      414.0000  ZeroHalf: 37     2718    0.24%
      0     0      413.0000    65      414.0000   ZeroHalf: 4     2725    0.24%
      0     0      413.0000    67      414.0000      Cuts: 16     2736    0.24%
      0     0      413.0000    67      414.0000      Cuts: 12     2749    0.24%
      0     0      413.0000    69      414.0000  ZeroHalf: 11     2758    0.24%
      0     0      413.0000    71      414.0000      Cuts: 17     2761    0.24%
      0     0      413.0000    69      414.0000       Cuts: 8     2768    0.24%
      0     0      413.0000    46      414.0000      Cuts: 13     2779    0.24%
      0     0      413.0000    69      414.0000  ZeroHalf: 11     2795    0.24%
      0     0      413.0000    66      414.0000   ZeroHalf: 9     2801    0.24%
      0     0      413.0000    74      414.0000  ZeroHalf: 18     2818    0.24%
      0     0      413.0000    61      414.0000       Cuts: 7     2827    0.24%
      0     0      413.0000    69      414.0000   ZeroHalf: 9     2830    0.24%
      0     0      413.0000    64      414.0000  ZeroHalf: 14     2835    0.24%
      0     0      413.0000    67      414.0000  ZeroHalf: 12     2842    0.24%
      0     0      413.0000    62      414.0000      Cuts: 25     2851    0.24%
      0     0      413.0000    68      414.0000  ZeroHalf: 20     2862    0.24%
      0     0      413.0000    62      414.0000   ZeroHalf: 8     2864    0.24%
      0     0      413.0000    67      414.0000   ZeroHalf: 5     2874    0.24%
      0     0      413.0000    67      414.0000   ZeroHalf: 7     2882    0.24%
      0     0      413.0000    69      414.0000   ZeroHalf: 9     2893    0.24%
      0     0      413.0000    66      414.0000  ZeroHalf: 23     2909    0.24%
      0     0      413.0000    65      414.0000      Cuts: 30     2919    0.24%
      0     0      413.0000    66      414.0000       Cuts: 8     2928    0.24%
      0     0      413.0000    46      414.0000  ZeroHalf: 13     2943    0.24%
      0     0      413.0000    69      414.0000  ZeroHalf: 27     2951    0.24%
      0     0      413.0000    60      414.0000   ZeroHalf: 9     2961    0.24%
      0     0      413.0000    71      414.0000  ZeroHalf: 10     2972    0.24%
      0     0      413.0000    66      414.0000  ZeroHalf: 18     2980    0.24%
      0     0      413.0000    68      414.0000   ZeroHalf: 5     2986    0.24%
      0     0      413.0000    63      414.0000  ZeroHalf: 32     2998    0.24%
      0     0      413.0000    72      414.0000  ZeroHalf: 12     3019    0.24%
      0     0      413.0000    68      414.0000      Cuts: 34     3040    0.24%
      0     0      413.0000    56      414.0000      Cuts: 17     3043    0.24%
      0     0      413.0000    62      414.0000   ZeroHalf: 7     3051    0.24%
      0     0      413.0000    76      414.0000   ZeroHalf: 5     3068    0.24%
      0     0      413.0000    60      414.0000  ZeroHalf: 21     3083    0.24%
      0     0      413.0000    75      414.0000  ZeroHalf: 10     3101    0.24%
      0     0      413.0000    61      414.0000      Cuts: 16     3130    0.24%
      0     0      413.0000    76      414.0000  ZeroHalf: 12     3136    0.24%
      0     0      413.0000    77      414.0000      Cuts: 17     3144    0.24%
      0     0      413.0000    48      414.0000  ZeroHalf: 14     3154    0.24%
      0     0      413.0000    54      414.0000  ZeroHalf: 10     3158    0.24%
      0     0      413.0000    69      414.0000  ZeroHalf: 12     3175    0.24%
      0     0      413.0000    62      414.0000  ZeroHalf: 18     3187    0.24%
      0     0      413.0000    68      414.0000   ZeroHalf: 4     3197    0.24%
      0     0      413.0000    64      414.0000  ZeroHalf: 10     3204    0.24%
      0     0      413.0000    61      414.0000  ZeroHalf: 12     3220    0.24%
      0     0      413.0000    70      414.0000  ZeroHalf: 23     3232    0.24%
      0     0      413.0000    73      414.0000  ZeroHalf: 12     3242    0.24%
      0     0      413.0000    77      414.0000   ZeroHalf: 7     3253    0.24%
      0     0      413.0000    67      414.0000   ZeroHalf: 7     3258    0.24%
      0     0      413.0000    75      414.0000   ZeroHalf: 6     3272    0.24%
      0     0      413.0000    58      414.0000      Cuts: 14     3287    0.24%
      0     0      413.0000    65      414.0000  ZeroHalf: 28     3305    0.24%
      0     0      413.0000    61      414.0000      Cuts: 18     3319    0.24%
      0     0      413.0000    62      414.0000  ZeroHalf: 14     3348    0.24%
      0     0      413.0000    60      414.0000  ZeroHalf: 17     3361    0.24%
      0     0      413.0000    60      414.0000   ZeroHalf: 8     3364    0.24%
      0     0      413.0000    68      414.0000  ZeroHalf: 11     3369    0.24%
      0     0      413.0000    66      414.0000  ZeroHalf: 16     3378    0.24%
      0     0      413.0000    75      414.0000  ZeroHalf: 16     3413    0.24%
      0     0      413.0000    68      414.0000      Cuts: 13     3419    0.24%
      0     0      413.0000    80      414.0000  ZeroHalf: 10     3432    0.24%
      0     0      413.0000    65      414.0000   ZeroHalf: 6     3449    0.24%
      0     0      413.0000    64      414.0000  ZeroHalf: 21     3472    0.24%
      0     0      413.0000    76      414.0000  ZeroHalf: 10     3483    0.24%
      0     0      413.0000    70      414.0000  ZeroHalf: 21     3505    0.24%
      0     0      413.0000    80      414.0000  ZeroHalf: 38     3515    0.24%
      0     0      413.0000    79      414.0000   ZeroHalf: 8     3523    0.24%
      0     0      413.0000    78      414.0000  ZeroHalf: 13     3541    0.24%
      0     0      413.0000    72      414.0000  ZeroHalf: 14     3554    0.24%
      0     0      413.0000    68      414.0000  ZeroHalf: 16     3567    0.24%
      0     0      413.0000    76      414.0000  ZeroHalf: 19     3581    0.24%
      0     0      413.0000    76      414.0000   ZeroHalf: 5     3591    0.24%
      0     0      413.0000    78      414.0000  ZeroHalf: 10     3602    0.24%
      0     0      413.0000    60      414.0000  ZeroHalf: 12     3613    0.24%
      0     0      413.0000    77      414.0000  ZeroHalf: 19     3625    0.24%
      0     0      413.0000    69      414.0000   ZeroHalf: 5     3637    0.24%
      0     0      413.0000    63      414.0000  ZeroHalf: 23     3657    0.24%
      0     0      413.0000    56      414.0000      Cuts: 28     3664    0.24%
      0     0      413.0000    76      414.0000   ZeroHalf: 7     3679    0.24%
      0     0      413.0000    75      414.0000  ZeroHalf: 15     3711    0.24%
      0     0      413.0000    76      414.0000   ZeroHalf: 8     3727    0.24%
      0     0      413.0000    73      414.0000      Cuts: 19     3738    0.24%
      0     0      413.0000    69      414.0000  ZeroHalf: 13     3764    0.24%
      0     0      413.0000    52      414.0000  ZeroHalf: 20     3770    0.24%
      0     0      413.0000    56      414.0000   ZeroHalf: 7     3773    0.24%
      0     0      413.0000    69      414.0000   ZeroHalf: 6     3778    0.24%
      0     0      413.0000    72      414.0000  ZeroHalf: 20     3781    0.24%
      0     0      413.0000    50      414.0000  ZeroHalf: 11     3795    0.24%
      0     0      413.0000    70      414.0000  ZeroHalf: 22     3799    0.24%
      0     0      413.0000    74      414.0000      Cuts: 22     3815    0.24%
      0     0      413.0000    82      414.0000  ZeroHalf: 11     3825    0.24%
      0     0      413.0000    75      414.0000  ZeroHalf: 12     3833    0.24%
      0     0      413.0000    52      414.0000  ZeroHalf: 12     3839    0.24%
      0     0      413.0000    56      414.0000  ZeroHalf: 13     3844    0.24%
      0     0      413.0000    71      414.0000   ZeroHalf: 4     3851    0.24%
      0     0      413.0000    55      414.0000  ZeroHalf: 15     3871    0.24%
      0     0      413.0000    57      414.0000      Cuts: 42     3886    0.24%
      0     0      413.0000    55      414.0000      Cuts: 20     3900    0.24%
      0     0      413.0000    72      414.0000  ZeroHalf: 16     3913    0.24%
      0     0      413.0000    71      414.0000   ZeroHalf: 8     3921    0.24%
      0     0      413.0000    67      414.0000   ZeroHalf: 9     3933    0.24%
      0     0      413.0000    81      414.0000  ZeroHalf: 10     3952    0.24%
      0     0      413.0000    70      414.0000  ZeroHalf: 11     3971    0.24%
      0     0      413.0000    66      414.0000  ZeroHalf: 13     3985    0.24%
      0     0      413.0000    73      414.0000  ZeroHalf: 13     3992    0.24%
      0     0      413.0000    66      414.0000      Cuts: 10     4007    0.24%
      0     0      413.0000    27      414.0000  ZeroHalf: 12     4022    0.24%
      0     0      413.0000    69      414.0000      Cuts: 10     4030    0.24%
      0     0      413.0000    66      414.0000  ZeroHalf: 11     4044    0.24%
      0     0      413.0000    43      414.0000  ZeroHalf: 11     4062    0.24%
      0     0      413.0000    68      414.0000   ZeroHalf: 9     4067    0.24%
      0     0      413.0000    66      414.0000   ZeroHalf: 7     4086    0.24%
      0     0      413.0000    64      414.0000  ZeroHalf: 29     4099    0.24%
      0     0      413.0000    69      414.0000  ZeroHalf: 24     4124    0.24%
      0     0      413.0000    59      414.0000  ZeroHalf: 18     4135    0.24%
      0     0      413.0000    60      414.0000      Cuts: 13     4145    0.24%
      0     0      413.0000    50      414.0000  ZeroHalf: 15     4156    0.24%
      0     0      413.0000    53      414.0000  ZeroHalf: 22     4163    0.24%
      0     0      413.0000    69      414.0000  ZeroHalf: 14     4175    0.24%
      0     0      413.0000    47      414.0000  ZeroHalf: 12     4184    0.24%
      0     0      413.0000    64      414.0000  ZeroHalf: 21     4194    0.24%
      0     0      413.0000    63      414.0000  ZeroHalf: 12     4203    0.24%
      0     0      413.0000    73      414.0000  ZeroHalf: 11     4213    0.24%
      0     0      413.0000    64      414.0000  ZeroHalf: 10     4223    0.24%
      0     0      413.0000    66      414.0000      Cuts: 24     4234    0.24%
      0     0      413.0000    56      414.0000   ZeroHalf: 4     4250    0.24%
      0     0      413.0000    59      414.0000      Cuts: 12     4263    0.24%
      0     0      413.0000    59      414.0000      Cuts: 16     4274    0.24%
      0     0      413.0000    56      414.0000  ZeroHalf: 14     4288    0.24%
      0     0      413.0000    55      414.0000      Cuts: 12     4289    0.24%
      0     0      413.0000    52      414.0000   ZeroHalf: 6     4297    0.24%
      0     0      413.0000    56      414.0000   ZeroHalf: 6     4306    0.24%
      0     0      413.0000    62      414.0000   ZeroHalf: 4     4311    0.24%
      0     0      413.0000    54      414.0000  ZeroHalf: 13     4314    0.24%
      0     0      413.0000    65      414.0000   ZeroHalf: 6     4316    0.24%
      0     0      413.0000    64      414.0000   ZeroHalf: 4     4318    0.24%
      0     0      413.0000    66      414.0000   ZeroHalf: 7     4325    0.24%
      0     0      413.0000    56      414.0000   ZeroHalf: 9     4332    0.24%
      0     0      413.0000    52      414.0000  ZeroHalf: 11     4333    0.24%
      0     0      413.0000    64      414.0000   ZeroHalf: 5     4336    0.24%
      0     0      413.0000    56      414.0000   ZeroHalf: 4     4352    0.24%
      0     0      413.0000    48      414.0000  ZeroHalf: 10     4355    0.24%
      0     0      413.0000    64      414.0000   ZeroHalf: 6     4360    0.24%
      0     0      413.0000    57      414.0000      Cuts: 20     4368    0.24%
      0     0      413.0000    70      414.0000  ZeroHalf: 10     4380    0.24%
      0     0      413.0000    46      414.0000  ZeroHalf: 12     4389    0.24%
      0     0      413.0000    57      414.0000  ZeroHalf: 20     4393    0.24%
      0     0      413.0000    50      414.0000  ZeroHalf: 12     4401    0.24%
      0     0      413.0000    65      414.0000  ZeroHalf: 11     4411    0.24%
      0     0      413.0000    66      414.0000  ZeroHalf: 11     4428    0.24%
      0     0      413.0000    68      414.0000      Cuts: 27     4446    0.24%
      0     0      413.0000    24      414.0000  ZeroHalf: 13     4459    0.24%
      0     0      413.0000    56      414.0000   ZeroHalf: 8     4465    0.24%
      0     0      413.0000    68      414.0000  ZeroHalf: 15     4478    0.24%
      0     0      413.0000    68      414.0000      Cuts: 10     4490    0.24%
      0     0      413.0000    58      414.0000  ZeroHalf: 21     4496    0.24%
      0     0      413.0000    68      414.0000  ZeroHalf: 16     4504    0.24%
      0     0      413.0000    59      414.0000   ZeroHalf: 6     4513    0.24%
      0     0      413.0000    79      414.0000   ZeroHalf: 7     4519    0.24%
      0     0      413.0000    64      414.0000   ZeroHalf: 3     4522    0.24%
      0     0      413.0000    74      414.0000   ZeroHalf: 7     4531    0.24%
      0     0      413.0000    61      414.0000   ZeroHalf: 9     4550    0.24%
      0     0      413.0000    64      414.0000  ZeroHalf: 12     4558    0.24%
      0     0      413.0000    59      414.0000   ZeroHalf: 9     4562    0.24%
      0     0      413.0000    76      414.0000  ZeroHalf: 13     4573    0.24%
      0     0      413.0000    29      414.0000   ZeroHalf: 5     4583    0.24%
      0     0      413.0000    22      414.0000  ZeroHalf: 21     4600    0.24%
      0     0      413.0000    67      414.0000  ZeroHalf: 26     4604    0.24%
      0     0      413.0000    65      414.0000  ZeroHalf: 11     4612    0.24%
      0     0      413.0000    66      414.0000   ZeroHalf: 7     4621    0.24%
      0     0      413.0000    33      414.0000       Cuts: 9     4628    0.24%
      0     0      413.0000    61      414.0000      Cuts: 22     4635    0.24%
      0     0      413.0000    64      414.0000  ZeroHalf: 21     4647    0.24%
      0     0      413.0000    56      414.0000  ZeroHalf: 21     4660    0.24%
      0     0      413.0000    64      414.0000  ZeroHalf: 21     4676    0.24%
      0     0      413.0000    68      414.0000  ZeroHalf: 12     4684    0.24%
      0     0      413.0000    67      414.0000      Cuts: 16     4691    0.24%
      0     0      413.0000    64      414.0000  ZeroHalf: 15     4706    0.24%
      0     0      413.0000    67      414.0000  ZeroHalf: 14     4710    0.24%
      0     0      413.0000    67      414.0000      Cuts: 13     4715    0.24%
      0     0      413.0000    56      414.0000  ZeroHalf: 12     4723    0.24%
      0     0      413.0000    64      414.0000  ZeroHalf: 18     4732    0.24%
      0     0      413.0000    58      414.0000      Cuts: 17     4741    0.24%
      0     0      413.0000    75      414.0000      Cuts: 31     4754    0.24%
      0     0      413.0000    64      414.0000      Cuts: 12     4766    0.24%
      0     0      413.0000    73      414.0000  ZeroHalf: 20     4785    0.24%
      0     0      413.0000    69      414.0000      Cuts: 16     4792    0.24%
      0     0      413.0000    62      414.0000   ZeroHalf: 8     4802    0.24%
      0     0      413.0000    60      414.0000  ZeroHalf: 19     4826    0.24%
      0     0      413.0000    75      414.0000  ZeroHalf: 23     4849    0.24%
      0     0      413.0000    81      414.0000  ZeroHalf: 32     4879    0.24%
      0     0      413.0000    79      414.0000  ZeroHalf: 12     4886    0.24%
      0     0      413.0000    74      414.0000  ZeroHalf: 19     4906    0.24%
      0     0      413.0000    76      414.0000  ZeroHalf: 13     4930    0.24%
      0     0      413.0000    73      414.0000  ZeroHalf: 19     4950    0.24%
      0     0      413.0000    75      414.0000  ZeroHalf: 25     4954    0.24%
      0     0      413.0000    66      414.0000  ZeroHalf: 31     4971    0.24%
      0     0      413.0000    65      414.0000      Cuts: 28     4983    0.24%
      0     0      413.0000    67      414.0000  ZeroHalf: 18     5001    0.24%
      0     0      413.0000    73      414.0000  ZeroHalf: 25     5018    0.24%
      0     0      413.0000    62      414.0000      Cuts: 36     5043    0.24%
      0     0      413.0000    70      414.0000  ZeroHalf: 42     5066    0.24%
      0     0      413.0000    64      414.0000      Cuts: 24     5086    0.24%
      0     0      413.0000    71      414.0000  ZeroHalf: 10     5103    0.24%
      0     0      413.0000    73      414.0000  ZeroHalf: 23     5122    0.24%
      0     0      413.0000    58      414.0000  ZeroHalf: 22     5135    0.24%
      0     0      413.0000    78      414.0000  ZeroHalf: 16     5156    0.24%
      0     0      413.0000    58      414.0000  ZeroHalf: 14     5165    0.24%
      0     0      413.0000    79      414.0000   ZeroHalf: 7     5185    0.24%
      0     0      413.0000    68      414.0000  ZeroHalf: 11     5195    0.24%
      0     0      413.0000    58      414.0000  ZeroHalf: 13     5203    0.24%
      0     0      413.0000    68      414.0000   ZeroHalf: 6     5212    0.24%
      0     0      413.0000    67      414.0000  ZeroHalf: 14     5226    0.24%
      0     0      413.0000    58      414.0000  ZeroHalf: 17     5242    0.24%
      0     0      413.0000    75      414.0000  ZeroHalf: 10     5262    0.24%
      0     0      413.0000    76      414.0000  ZeroHalf: 20     5284    0.24%
      0     0      413.0000    68      414.0000  ZeroHalf: 31     5298    0.24%
      0     0      413.0000    82      414.0000  ZeroHalf: 23     5313    0.24%
      0     0      413.0000    80      414.0000  ZeroHalf: 20     5335    0.24%
      0     0      413.0000    81      414.0000  ZeroHalf: 18     5341    0.24%
      0     0      413.0000    69      414.0000  ZeroHalf: 21     5353    0.24%
      0     0      413.0000    76      414.0000  ZeroHalf: 21     5364    0.24%
      0     0      413.0000    77      414.0000  ZeroHalf: 19     5377    0.24%
      0     0      413.0000    67      414.0000      Cuts: 21     5380    0.24%
      0     0      413.0000    62      414.0000   ZeroHalf: 8     5383    0.24%
      0     0      413.0000    78      414.0000  ZeroHalf: 15     5391    0.24%
      0     0      413.0000    72      414.0000  ZeroHalf: 20     5408    0.24%
      0     0      413.0000    70      414.0000  ZeroHalf: 15     5425    0.24%
      0     0      413.0000    57      414.0000  ZeroHalf: 29     5443    0.24%
      0     0      413.0000    71      414.0000  ZeroHalf: 22     5455    0.24%
      0     0      413.0000    55      414.0000  ZeroHalf: 19     5467    0.24%
      0     0      413.0000    75      414.0000      Cuts: 27     5484    0.24%
      0     0      413.0000    70      414.0000      Cuts: 19     5499    0.24%
      0     0      413.0000    65      414.0000  ZeroHalf: 32     5512    0.24%
      0     0      413.0000    82      414.0000  ZeroHalf: 16     5527    0.24%
      0     0      413.0000    81      414.0000      Cuts: 21     5539    0.24%
      0     0      413.0000    64      414.0000  ZeroHalf: 11     5547    0.24%
      0     0      413.0000    64      414.0000      Cuts: 18     5555    0.24%
      0     0      413.0000    67      414.0000   ZeroHalf: 5     5561    0.24%
      0     0      413.0000    68      414.0000  ZeroHalf: 11     5574    0.24%
      0     0      413.0000    66      414.0000  ZeroHalf: 11     5585    0.24%
      0     0      413.0000    65      414.0000   ZeroHalf: 9     5600    0.24%
      0     0      413.0000    58      414.0000      Cuts: 24     5631    0.24%
      0     0      413.0000    57      414.0000      Cuts: 29     5648    0.24%
      0     0      413.0000    76      414.0000  ZeroHalf: 13     5667    0.24%
      0     0      413.0000    56      414.0000  ZeroHalf: 28     5679    0.24%
      0     0      413.0000    52      414.0000  ZeroHalf: 37     5703    0.24%
      0     0      413.0000    24      414.0000  ZeroHalf: 19     5715    0.24%
      0     0      413.0000    58      414.0000      Cuts: 14     5726    0.24%
      0     0      413.0000    62      414.0000   ZeroHalf: 8     5740    0.24%
      0     0      413.0000    64      414.0000  ZeroHalf: 17     5758    0.24%
      0     0      413.0000    71      414.0000  ZeroHalf: 15     5768    0.24%
      0     0      413.0000    75      414.0000  ZeroHalf: 14     5789    0.24%
      0     0      413.0000    73      414.0000      Cuts: 17     5811    0.24%
      0     0      413.0000    55      414.0000  ZeroHalf: 17     5828    0.24%
      0     0      413.0000    46      414.0000  ZeroHalf: 11     5831    0.24%
      0     0      413.0000    84      414.0000  ZeroHalf: 18     5857    0.24%
      0     0      413.0000    63      414.0000  ZeroHalf: 13     5875    0.24%
      0     0      413.0000    70      414.0000  ZeroHalf: 11     5884    0.24%
      0     0      413.0000    75      414.0000      Cuts: 18     5906    0.24%
      0     0      413.0000    73      414.0000  ZeroHalf: 21     5923    0.24%
      0     0      413.0000    61      414.0000      Cuts: 12     5944    0.24%
      0     0      413.0000    63      414.0000  ZeroHalf: 11     5954    0.24%
      0     0      413.0000    62      414.0000  ZeroHalf: 17     5959    0.24%
      0     0      413.0000    60      414.0000  ZeroHalf: 23     5961    0.24%
      0     0      413.0000    60      414.0000  ZeroHalf: 11     5971    0.24%
      0     0      413.0000    64      414.0000      Cuts: 16     5980    0.24%
      0     0      413.0000    59      414.0000   ZeroHalf: 9     5993    0.24%
      0     0      413.0000    66      414.0000      Cuts: 28     6001    0.24%
      0     0      413.0000    61      414.0000  ZeroHalf: 10     6012    0.24%
      0     0      413.0000    62      414.0000  ZeroHalf: 16     6022    0.24%
      0     0      413.0000    67      414.0000  ZeroHalf: 11     6032    0.24%
      0     0      413.0000    57      414.0000   ZeroHalf: 8     6044    0.24%
      0     0      413.0000    58      414.0000      Cuts: 38     6057    0.24%
      0     0      413.0000    76      414.0000  ZeroHalf: 15     6066    0.24%
      0     0      413.0000    68      414.0000  ZeroHalf: 27     6083    0.24%
      0     0      413.0000    24      414.0000  ZeroHalf: 10     6093    0.24%
      0     0      413.0000    76      414.0000      Cuts: 16     6095    0.24%
      0     0      413.0000    56      414.0000  ZeroHalf: 15     6103    0.24%
      0     0      413.0000    65      414.0000  ZeroHalf: 23     6112    0.24%
      0     0      413.0000    72      414.0000  ZeroHalf: 16     6129    0.24%
      0     0      413.0000    63      414.0000  ZeroHalf: 19     6142    0.24%
      0     0      413.0000    74      414.0000  ZeroHalf: 36     6153    0.24%
      0     0      413.0000    74      414.0000  ZeroHalf: 16     6167    0.24%
      0     0      413.0000    62      414.0000  ZeroHalf: 16     6185    0.24%
      0     0      413.0000    69      414.0000  ZeroHalf: 26     6198    0.24%
      0     0      413.0000    64      414.0000   ZeroHalf: 9     6205    0.24%
      0     0      413.0000    63      414.0000  ZeroHalf: 24     6222    0.24%
      0     0      413.0000    58      414.0000  ZeroHalf: 15     6234    0.24%
      0     0      413.0000    65      414.0000  ZeroHalf: 17     6247    0.24%
      0     0      413.0000    67      414.0000   ZeroHalf: 8     6260    0.24%
      0     0      413.0000    63      414.0000  ZeroHalf: 12     6268    0.24%
      0     0      413.0000    65      414.0000  ZeroHalf: 27     6275    0.24%
      0     0      413.0000    67      414.0000  ZeroHalf: 24     6280    0.24%
      0     0      413.0000    16      414.0000  ZeroHalf: 12     6290    0.24%
      0     0      413.0000    68      414.0000      Cuts: 43     6305    0.24%
      0     0      413.0000    67      414.0000  ZeroHalf: 10     6322    0.24%
      0     0      413.0000    58      414.0000  ZeroHalf: 18     6339    0.24%
      0     0      413.0000    64      414.0000  ZeroHalf: 26     6354    0.24%
      0     0      413.0000    61      414.0000  ZeroHalf: 44     6370    0.24%
      0     0      413.0000    62      414.0000  ZeroHalf: 17     6388    0.24%
      0     0      413.0000    24      414.0000  ZeroHalf: 27     6400    0.24%
      0     0      413.0000    20      414.0000  ZeroHalf: 32     6408    0.24%
      0     0      413.0000    57      414.0000      Cuts: 35     6420    0.24%
      0     0      413.0000    71      414.0000  ZeroHalf: 30     6452    0.24%
      0     0      413.0000    31      414.0000  ZeroHalf: 14     6458    0.24%
      0     0      413.0000    53      414.0000      Cuts: 12     6468    0.24%
      0     0      413.0000    64      414.0000      Cuts: 26     6479    0.24%
      0     0      413.0000    58      414.0000   ZeroHalf: 9     6491    0.24%
      0     0      413.0000    60      414.0000  ZeroHalf: 21     6498    0.24%
      0     0      413.0000    76      414.0000  ZeroHalf: 38     6516    0.24%
      0     0      413.0000    79      414.0000  ZeroHalf: 11     6524    0.24%
      0     0      413.0000    78      414.0000   ZeroHalf: 8     6527    0.24%
      0     0      413.0000    53      414.0000   ZeroHalf: 7     6544    0.24%
      0     0      413.0000    57      414.0000      Cuts: 40     6547    0.24%
      0     0      413.0000    66      414.0000  ZeroHalf: 20     6562    0.24%
      0     0      413.0000    20      414.0000  ZeroHalf: 13     6574    0.24%
      0     0      413.0000    73      414.0000  ZeroHalf: 53     6581    0.24%
      0     0      413.0000    63      414.0000   ZeroHalf: 5     6594    0.24%
      0     0      413.0000    66      414.0000  ZeroHalf: 48     6605    0.24%
      0     0      413.0000    53      414.0000  ZeroHalf: 15     6614    0.24%
      0     0      413.0000    73      414.0000  ZeroHalf: 21     6620    0.24%
      0     0      413.0000    71      414.0000   ZeroHalf: 9     6640    0.24%
      0     0      413.0000    58      414.0000  ZeroHalf: 19     6655    0.24%
      0     0      413.0000    64      414.0000  ZeroHalf: 21     6672    0.24%
      0     0      413.0000    72      414.0000   ZeroHalf: 8     6686    0.24%
      0     0      413.0000    61      414.0000   ZeroHalf: 9     6691    0.24%
      0     0      413.0000    71      414.0000  ZeroHalf: 22     6696    0.24%
      0     0      413.0000    62      414.0000   ZeroHalf: 9     6706    0.24%
      0     0      413.0000    63      414.0000      Cuts: 33     6721    0.24%
      0     0      413.0000    61      414.0000  ZeroHalf: 10     6733    0.24%
      0     0      413.0000    63      414.0000  ZeroHalf: 21     6747    0.24%
      0     0      413.0000    60      414.0000   ZeroHalf: 4     6753    0.24%
      0     0      413.0000    71      414.0000  ZeroHalf: 29     6765    0.24%
      0     0      413.0000    70      414.0000      Cuts: 15     6783    0.24%
      0     0      413.0000    71      414.0000  ZeroHalf: 25     6807    0.24%
      0     0      413.0000    61      414.0000  ZeroHalf: 18     6819    0.24%
      0     0      413.0000    70      414.0000   ZeroHalf: 7     6830    0.24%
      0     0      413.0000    75      414.0000  ZeroHalf: 16     6841    0.24%
      0     0      413.0000    54      414.0000  ZeroHalf: 12     6856    0.24%
      0     0      413.0000    71      414.0000      Cuts: 18     6866    0.24%
      0     0      413.0000    58      414.0000  ZeroHalf: 16     6873    0.24%
      0     0      413.0000    71      414.0000   ZeroHalf: 9     6883    0.24%
      0     0      413.0000    72      414.0000   ZeroHalf: 8     6893    0.24%
      0     0      413.0000    62      414.0000  ZeroHalf: 30     6918    0.24%
      0     0      413.0000    63      414.0000  ZeroHalf: 37     6954    0.24%
      0     0      413.0000    68      414.0000  ZeroHalf: 13     6985    0.24%
      0     0      413.0000    75      414.0000  ZeroHalf: 19     7006    0.24%
      0     0      413.0000    62      414.0000  ZeroHalf: 10     7019    0.24%
      0     0      413.0000    71      414.0000  ZeroHalf: 16     7029    0.24%
      0     0      413.0000    68      414.0000  ZeroHalf: 26     7049    0.24%
      0     0      413.0000    72      414.0000  ZeroHalf: 24     7063    0.24%
      0     0      413.0000    65      414.0000   ZeroHalf: 9     7080    0.24%
      0     0      413.0000    50      414.0000  ZeroHalf: 21     7096    0.24%
      0     0      413.0000    71      414.0000  ZeroHalf: 12     7112    0.24%
      0     0      413.0000    71      414.0000  ZeroHalf: 10     7131    0.24%
      0     0      413.0000    56      414.0000      Cuts: 37     7144    0.24%
      0     0      413.0000    68      414.0000  ZeroHalf: 10     7154    0.24%
      0     0      413.0000    70      414.0000  ZeroHalf: 22     7163    0.24%
      0     0      413.0000    55      414.0000  ZeroHalf: 21     7171    0.24%
      0     0      413.0000    69      414.0000  ZeroHalf: 19     7183    0.24%
      0     0      413.0000    70      414.0000  ZeroHalf: 25     7203    0.24%
      0     0      413.0000    58      414.0000   ZeroHalf: 7     7213    0.24%
      0     0      413.0000    64      414.0000  ZeroHalf: 24     7224    0.24%
      0     0      413.0000    67      414.0000  ZeroHalf: 21     7242    0.24%
      0     0      413.0000    65      414.0000  ZeroHalf: 24     7255    0.24%
      0     0      413.0000    63      414.0000  ZeroHalf: 42     7272    0.24%
      0     0      413.0000    68      414.0000      Cuts: 31     7281    0.24%
      0     0      413.0000    70      414.0000  ZeroHalf: 27     7309    0.24%
      0     0      413.0000    63      414.0000  ZeroHalf: 19     7338    0.24%
      0     0      413.0000    70      414.0000  ZeroHalf: 21     7359    0.24%
      0     0      413.0000    60      414.0000  ZeroHalf: 24     7387    0.24%
      0     0      413.0000    68      414.0000  ZeroHalf: 18     7398    0.24%
      0     0      413.0000    62      414.0000      Cuts: 36     7407    0.24%
      0     0      413.0000    69      414.0000  ZeroHalf: 19     7408    0.24%
      0     0      413.0000    55      414.0000      Cuts: 16     7424    0.24%
      0     0      413.0000    69      414.0000  ZeroHalf: 30     7433    0.24%
      0     0      413.0000    64      414.0000      Cuts: 23     7447    0.24%
      0     0      413.0000    56      414.0000  ZeroHalf: 21     7462    0.24%
      0     0      413.0000    72      414.0000  ZeroHalf: 18     7473    0.24%
      0     0      413.0000    61      414.0000  ZeroHalf: 21     7478    0.24%
      0     0      413.0000    75      414.0000  ZeroHalf: 26     7494    0.24%
      0     0      413.0000    70      414.0000   ZeroHalf: 6     7504    0.24%
      0     0      413.0000    73      414.0000  ZeroHalf: 23     7526    0.24%
      0     0      413.0000    58      414.0000  ZeroHalf: 29     7545    0.24%
      0     0      413.0000    60      414.0000  ZeroHalf: 24     7553    0.24%
      0     0      413.0000    69      414.0000   ZeroHalf: 6     7559    0.24%
      0     0      413.0000    75      414.0000      Cuts: 34     7564    0.24%
      0     0      413.0000    74      414.0000  ZeroHalf: 24     7592    0.24%
      0     0      413.0000    67      414.0000      Cuts: 20     7607    0.24%
      0     0      413.0000    72      414.0000      Cuts: 55     7632    0.24%
      0     0      413.0000    72      414.0000  ZeroHalf: 34     7653    0.24%
      0     0      413.0000    64      414.0000      Cuts: 19     7667    0.24%
      0     0      413.0000    67      414.0000      Cuts: 39     7681    0.24%
      0     0      413.0000    73      414.0000  ZeroHalf: 12     7692    0.24%
      0     0      413.0000    70      414.0000  ZeroHalf: 13     7699    0.24%
      0     0      413.0000    60      414.0000  ZeroHalf: 34     7710    0.24%
      0     0      413.0000    79      414.0000  ZeroHalf: 19     7726    0.24%
      0     0      413.0000    70      414.0000  ZeroHalf: 14     7746    0.24%
      0     0      413.0000    23      414.0000      Cuts: 22     7761    0.24%
      0     0      413.0000    72      414.0000  ZeroHalf: 76     7785    0.24%
      0     0      413.0000    78      414.0000  ZeroHalf: 13     7808    0.24%
      0     0      413.0000    64      414.0000  ZeroHalf: 11     7822    0.24%
      0     0      413.0000    61      414.0000  ZeroHalf: 17     7844    0.24%
      0     0      413.0000    78      414.0000  ZeroHalf: 24     7866    0.24%
      0     0      413.0000    74      414.0000  ZeroHalf: 16     7883    0.24%
      0     0      413.0000    63      414.0000  ZeroHalf: 15     7895    0.24%
      0     0      413.0000    69      414.0000  ZeroHalf: 33     7901    0.24%
      0     0      413.0000    66      414.0000      Cuts: 52     7920    0.24%
      0     0      413.0000    71      414.0000  ZeroHalf: 11     7928    0.24%
      0     0      413.0000    64      414.0000  ZeroHalf: 13     7946    0.24%
      0     0      413.0000    54      414.0000  ZeroHalf: 25     7958    0.24%
      0     0      413.0000    65      414.0000  ZeroHalf: 27     7985    0.24%
      0     0      413.0000    58      414.0000   ZeroHalf: 8     7999    0.24%
      0     0      413.0000    54      414.0000  ZeroHalf: 30     8011    0.24%
      0     0      413.0000    59      414.0000  ZeroHalf: 14     8022    0.24%
      0     0      413.0000    66      414.0000  ZeroHalf: 19     8039    0.24%
      0     0      413.0000    67      414.0000  ZeroHalf: 11     8055    0.24%
      0     0      413.0000    70      414.0000  ZeroHalf: 17     8058    0.24%
      0     0      413.0000    27      414.0000  ZeroHalf: 15     8071    0.24%
      0     0      413.0000    61      414.0000  ZeroHalf: 26     8087    0.24%
      0     0      413.0000    60      414.0000   ZeroHalf: 7     8097    0.24%
      0     0      413.0000    64      414.0000  ZeroHalf: 14     8113    0.24%
      0     0      413.0000    60      414.0000  ZeroHalf: 13     8128    0.24%
      0     0      413.0000    67      414.0000  ZeroHalf: 32     8149    0.24%
      0     0      413.0000    59      414.0000  ZeroHalf: 20     8154    0.24%
      0     0      413.0000    63      414.0000  ZeroHalf: 27     8173    0.24%
      0     0      413.0000    59      414.0000  ZeroHalf: 27     8183    0.24%
      0     0      413.0000    65      414.0000  ZeroHalf: 13     8190    0.24%
      0     0      413.0000    54      414.0000   ZeroHalf: 7     8201    0.24%
      0     0      413.0000    62      414.0000  ZeroHalf: 34     8208    0.24%
      0     0      413.0000    63      414.0000  ZeroHalf: 25     8222    0.24%
      0     0      413.0000    22      414.0000  ZeroHalf: 10     8234    0.24%
      0     0      413.0000    57      414.0000      Cuts: 18     8240    0.24%
      0     0      413.0000    61      414.0000      Cuts: 56     8254    0.24%
      0     0      413.0000    68      414.0000  ZeroHalf: 16     8268    0.24%
      0     0      413.0000    66      414.0000  ZeroHalf: 20     8293    0.24%
      0     0      413.0000    59      414.0000  ZeroHalf: 17     8302    0.24%
      0     0      413.0000    68      414.0000  ZeroHalf: 27     8310    0.24%
      0     0      413.0000    69      414.0000  ZeroHalf: 10     8318    0.24%
      0     0      413.0000    59      414.0000  ZeroHalf: 14     8332    0.24%
      0     0      413.0000    58      414.0000  ZeroHalf: 21     8339    0.24%
      0     0      413.0000    59      414.0000  ZeroHalf: 15     8350    0.24%
      0     0      413.0000    54      414.0000  ZeroHalf: 22     8355    0.24%
      0     0      413.0000    58      414.0000   ZeroHalf: 7     8360    0.24%
      0     0      413.0000    64      414.0000  ZeroHalf: 19     8369    0.24%
      0     0      413.0000    61      414.0000   ZeroHalf: 6     8380    0.24%
      0     0      413.0000    58      414.0000      Cuts: 30     8391    0.24%
      0     0      413.0000    58      414.0000  ZeroHalf: 12     8394    0.24%
      0     0      413.0000    57      414.0000  ZeroHalf: 27     8405    0.24%
      0     0      413.0000    59      414.0000  ZeroHalf: 29     8413    0.24%
      0     0      413.0000    54      414.0000   ZeroHalf: 8     8424    0.24%
      0     0      413.0000    62      414.0000      Cuts: 16     8432    0.24%
      0     0      413.0000    63      414.0000  ZeroHalf: 11     8448    0.24%
      0     0      413.0000    57      414.0000  ZeroHalf: 35     8467    0.24%
      0     0      413.0000    64      414.0000  ZeroHalf: 15     8476    0.24%
      0     0      413.0000    64      414.0000  ZeroHalf: 19     8486    0.24%
      0     0      413.0000    60      414.0000  ZeroHalf: 16     8492    0.24%
      0     0      413.0000    60      414.0000  ZeroHalf: 22     8505    0.24%
      0     0      413.0000    52      414.0000  ZeroHalf: 11     8512    0.24%
      0     0      413.0000    64      414.0000  ZeroHalf: 13     8518    0.24%
      0     0      413.0000    66      414.0000  ZeroHalf: 24     8534    0.24%
      0     0      413.0000    71      414.0000  ZeroHalf: 13     8544    0.24%
      0     0      413.0000    56      414.0000  ZeroHalf: 17     8563    0.24%
      0     0      413.0000    74      414.0000  ZeroHalf: 38     8586    0.24%
      0     0      413.0000    50      414.0000  ZeroHalf: 13     8595    0.24%
      0     0      413.0000    52      414.0000  ZeroHalf: 46     8607    0.24%
      0     0      413.0000    66      414.0000  ZeroHalf: 24     8615    0.24%
      0     0      413.0000    70      414.0000   ZeroHalf: 8     8625    0.24%
      0     0      413.0000    67      414.0000  ZeroHalf: 14     8637    0.24%
      0     0      413.0000    73      414.0000  ZeroHalf: 18     8646    0.24%
      0     0      413.0000    69      414.0000  ZeroHalf: 12     8658    0.24%
      0     0      413.0000    66      414.0000      Cuts: 32     8664    0.24%
      0     0      413.0000    65      414.0000  ZeroHalf: 17     8694    0.24%
      0     0      413.0000    54      414.0000  ZeroHalf: 31     8737    0.24%
      0     0      413.0000    62      414.0000  ZeroHalf: 11     8755    0.24%
      0     0      413.0000    60      414.0000  ZeroHalf: 26     8781    0.24%
      0     0      413.0000    62      414.0000  ZeroHalf: 24     8815    0.24%
      0     0      413.0000    66      414.0000  ZeroHalf: 12     8843    0.24%
      0     0      413.0000    66      414.0000  ZeroHalf: 22     8867    0.24%
      0     0      413.0000    55      414.0000  ZeroHalf: 18     8899    0.24%
      0     0      413.0000    76      414.0000  ZeroHalf: 56     8940    0.24%
      0     0      413.0000    71      414.0000      Cuts: 12     8960    0.24%
      0     0      413.0000    54      414.0000  ZeroHalf: 58     8975    0.24%
      0     0      413.0000    73      414.0000  ZeroHalf: 32     8997    0.24%
      0     0      413.0000    76      414.0000  ZeroHalf: 20     9008    0.24%
      0     0      413.0000    67      414.0000  ZeroHalf: 13     9019    0.24%
      0     0      413.0000    68      414.0000  ZeroHalf: 18     9032    0.24%
      0     0      413.0000    68      414.0000  ZeroHalf: 53     9062    0.24%
      0     0      413.0000    75      414.0000  ZeroHalf: 25     9081    0.24%
      0     0      413.0000    64      414.0000  ZeroHalf: 38     9095    0.24%
      0     0      413.0000    67      414.0000  ZeroHalf: 20     9109    0.24%
      0     0      413.0000    78      414.0000  ZeroHalf: 38     9131    0.24%
      0     0      413.0000    63      414.0000  ZeroHalf: 20     9150    0.24%
      0     0      413.0000    65      414.0000  ZeroHalf: 23     9174    0.24%
      0     0      413.0000    70      414.0000  ZeroHalf: 49     9203    0.24%
      0     0      413.0000    73      414.0000  ZeroHalf: 29     9227    0.24%
      0     0      413.0000    68      414.0000  ZeroHalf: 12     9246    0.24%
      0     0      413.0000    66      414.0000      Cuts: 29     9261    0.24%
      0     0      413.0000    63      414.0000   ZeroHalf: 6     9271    0.24%
      0     0      413.0000    28      414.0000  ZeroHalf: 34     9297    0.24%
      0     0      413.0000    75      414.0000  ZeroHalf: 39     9329    0.24%
      0     0      413.0000    74      414.0000  ZeroHalf: 34     9342    0.24%
      0     0      413.0000    55      414.0000  ZeroHalf: 28     9364    0.24%
      0     0      413.0000    61      414.0000  ZeroHalf: 20     9371    0.24%
      0     0      413.0000    63      414.0000  ZeroHalf: 15     9380    0.24%
      0     0      413.0000    79      414.0000  ZeroHalf: 25     9416    0.24%
      0     0      413.0000    79      414.0000  ZeroHalf: 19     9449    0.24%
      0     0      413.0000    79      414.0000  ZeroHalf: 18     9460    0.24%
      0     0      413.0000    69      414.0000  ZeroHalf: 23     9494    0.24%
      0     0      413.0000    81      414.0000  ZeroHalf: 38     9506    0.24%
      0     0      413.0000    59      414.0000  ZeroHalf: 34     9533    0.24%
      0     0      413.0000    70      414.0000  ZeroHalf: 22     9541    0.24%
      0     0      413.0000    78      414.0000  ZeroHalf: 24     9565    0.24%
      0     0      413.0000    73      414.0000   ZeroHalf: 9     9575    0.24%
      0     0      413.0000    70      414.0000  ZeroHalf: 18     9611    0.24%
      0     0      413.0000    59      414.0000  ZeroHalf: 12     9633    0.24%
      0     0      413.0000    62      414.0000  ZeroHalf: 33     9654    0.24%
      0     0      413.0000    64      414.0000  ZeroHalf: 31     9671    0.24%
      0     0      413.0000    51      414.0000  ZeroHalf: 40     9685    0.24%
      0     0      413.0000    65      414.0000  ZeroHalf: 40     9701    0.24%
      0     0      413.0000    76      414.0000  ZeroHalf: 20     9713    0.24%
      0     0      413.0000    69      414.0000  ZeroHalf: 12     9725    0.24%
      0     0      413.0000    74      414.0000  ZeroHalf: 15     9732    0.24%
      0     0      413.0000    67      414.0000      Cuts: 43     9758    0.24%
      0     0      413.0000    36      414.0000  ZeroHalf: 15     9771    0.24%
      0     0      413.0000    82      414.0000  ZeroHalf: 37     9784    0.24%
      0     0      413.0000    68      414.0000   ZeroHalf: 5     9789    0.24%
      0     0      413.0000    81      414.0000  ZeroHalf: 12     9798    0.24%
      0     0      413.0000    77      414.0000  ZeroHalf: 19     9812    0.24%
      0     0      413.0000    59      414.0000  ZeroHalf: 13     9822    0.24%
      0     0      413.0000    62      414.0000  ZeroHalf: 18     9838    0.24%
      0     0      413.0000    65      414.0000  ZeroHalf: 41     9861    0.24%
      0     0      413.0000    67      414.0000  ZeroHalf: 20     9874    0.24%
      0     0      413.0000    57      414.0000  ZeroHalf: 16     9892    0.24%
      0     0      413.0000    73      414.0000  ZeroHalf: 50     9909    0.24%
      0     0      413.0000    62      414.0000  ZeroHalf: 12     9931    0.24%
      0     0      413.0000    73      414.0000  ZeroHalf: 21     9956    0.24%
      0     0      413.0000    67      414.0000  ZeroHalf: 36    10004    0.24%
      0     0      413.0000    61      414.0000      Cuts: 49    10029    0.24%
      0     0      413.0000    51      414.0000  ZeroHalf: 38    10045    0.24%
      0     0      413.0000    72      414.0000  ZeroHalf: 69    10063    0.24%
      0     0      413.0000    75      414.0000      Cuts: 42    10095    0.24%
      0     0      413.0000    67      414.0000  ZeroHalf: 23    10112    0.24%
      0     0      413.0000    70      414.0000  ZeroHalf: 36    10131    0.24%
      0     0      413.0000    54      414.0000  ZeroHalf: 27    10147    0.24%
      0     0      413.0000    69      414.0000  ZeroHalf: 48    10171    0.24%
      0     0      413.0000    38      414.0000  ZeroHalf: 26    10195    0.24%
      0     0      413.0000    69      414.0000      Cuts: 54    10223    0.24%
      0     0      413.0000    32      414.0000  ZeroHalf: 25    10245    0.24%
      0     0      413.0000    70      414.0000  ZeroHalf: 54    10267    0.24%
      0     0      413.0000    73      414.0000      Cuts: 25    10292    0.24%
      0     0      413.0000    42      414.0000  ZeroHalf: 14    10316    0.24%
      0     0      413.0000    78      414.0000      Cuts: 47    10351    0.24%
      0     0      413.0000    68      414.0000  ZeroHalf: 31    10378    0.24%
      0     0      413.0000    76      414.0000  ZeroHalf: 24    10398    0.24%
      0     0      413.0000    70      414.0000  ZeroHalf: 19    10413    0.24%
      0     0      413.0000    70      414.0000  ZeroHalf: 30    10436    0.24%
      0     0      413.0000    67      414.0000      Cuts: 42    10467    0.24%
      0     0      413.0000    74      414.0000  ZeroHalf: 73    10503    0.24%
      0     0      413.0000    64      414.0000  ZeroHalf: 21    10514    0.24%
      0     0      413.0000    72      414.0000  ZeroHalf: 36    10527    0.24%
      0     0      413.0000    60      414.0000      Cuts: 28    10533    0.24%
      0     0      413.0000    90      414.0000  ZeroHalf: 28    10551    0.24%
      0     0      413.0000    79      414.0000  ZeroHalf: 13    10577    0.24%
      0     0      413.0000    67      414.0000  ZeroHalf: 30    10594    0.24%
      0     0      413.0000    77      414.0000  ZeroHalf: 68    10608    0.24%
      0     0      413.0000    60      414.0000      Cuts: 23    10627    0.24%
      0     0      413.0000    76      414.0000  ZeroHalf: 31    10646    0.24%
      0     0      413.0000    69      414.0000  ZeroHalf: 18    10673    0.24%
      0     0      413.0000    78      414.0000  ZeroHalf: 26    10697    0.24%
      0     0      413.0000    70      414.0000  ZeroHalf: 32    10726    0.24%
      0     0      413.0000    56      414.0000  ZeroHalf: 26    10743    0.24%
      0     0      413.0000    76      414.0000      Cuts: 51    10755    0.24%
      0     0      413.0000    68      414.0000  ZeroHalf: 12    10772    0.24%
      0     0      413.0000    54      414.0000  ZeroHalf: 35    10797    0.24%
      0     0      413.0000    75      414.0000   ZeroHalf: 5    10802    0.24%
      0     0      413.0000    78      414.0000   ZeroHalf: 6    10805    0.24%
      0     0      413.0000    77      414.0000  ZeroHalf: 12    10823    0.24%
      0     0      413.0000    77      414.0000  ZeroHalf: 13    10839    0.24%
      0     0      413.0000    58      414.0000      Cuts: 28    10854    0.24%
      0     0      413.0000    73      414.0000  ZeroHalf: 10    10873    0.24%
      0     0      413.0000    70      414.0000  ZeroHalf: 37    10894    0.24%
      0     0      413.0000    65      414.0000  ZeroHalf: 41    10913    0.24%
      0     0      413.0000    64      414.0000  ZeroHalf: 27    10925    0.24%
      0     0      413.0000    64      414.0000  ZeroHalf: 18    10927    0.24%
      0     0      413.0000    67      414.0000   ZeroHalf: 8    10935    0.24%
      0     0      413.0000    66      414.0000      Cuts: 24    10946    0.24%
      0     0      413.0000    58      414.0000  ZeroHalf: 20    10967    0.24%
      0     0      413.0000    66      414.0000   ZeroHalf: 8    10976    0.24%
      0     0      413.0000    69      414.0000  ZeroHalf: 43    11008    0.24%
      0     0      413.0000    76      414.0000   ZeroHalf: 9    11019    0.24%
      0     0      413.0000    70      414.0000  ZeroHalf: 18    11028    0.24%
      0     0      413.0000    72      414.0000  ZeroHalf: 37    11046    0.24%
      0     0      413.0000    76      414.0000  ZeroHalf: 24    11067    0.24%
      0     0      413.0000    71      414.0000  ZeroHalf: 10    11081    0.24%
      0     0      413.0000    60      414.0000  ZeroHalf: 48    11103    0.24%
      0     0      413.0000    73      414.0000  ZeroHalf: 14    11111    0.24%
      0     0      413.0000    74      414.0000  ZeroHalf: 29    11119    0.24%
      0     0      413.0000    64      414.0000  ZeroHalf: 19    11123    0.24%
      0     0      413.0000    60      414.0000  ZeroHalf: 18    11144    0.24%
      0     0      413.0000    77      414.0000  ZeroHalf: 17    11149    0.24%
      0     0      413.0000    60      414.0000  ZeroHalf: 11    11165    0.24%
      0     0      413.0000    75      414.0000      Cuts: 64    11180    0.24%
      0     0      413.0000    75      414.0000  ZeroHalf: 23    11204    0.24%
      0     0      413.0000    56      414.0000   ZeroHalf: 8    11220    0.24%
      0     0      413.0000    81      414.0000  ZeroHalf: 36    11230    0.24%
      0     0      413.0000    68      414.0000      Cuts: 23    11238    0.24%
      0     0      413.0000    46      414.0000      Cuts: 22    11244    0.24%
      0     0      413.0000    75      414.0000  ZeroHalf: 66    11253    0.24%
      0     0      413.0000    53      414.0000  ZeroHalf: 11    11263    0.24%
      0     0      413.0000    56      414.0000  ZeroHalf: 67    11283    0.24%
      0     0      413.0000    62      414.0000  ZeroHalf: 30    11294    0.24%
      0     0      413.0000    58      414.0000  ZeroHalf: 23    11310    0.24%
      0     0      413.0000    70      414.0000  ZeroHalf: 23    11320    0.24%
      0     0      413.0000    72      414.0000  ZeroHalf: 15    11331    0.24%
      0     0      413.0000    64      414.0000  ZeroHalf: 13    11335    0.24%
      0     0      413.0000    71      414.0000  ZeroHalf: 30    11344    0.24%
      0     0      413.0000    72      414.0000  ZeroHalf: 12    11354    0.24%
      0     0      413.0000    78      414.0000  ZeroHalf: 15    11367    0.24%
      0     0      413.0000    71      414.0000  ZeroHalf: 20    11374    0.24%
      0     0      413.0000    74      414.0000  ZeroHalf: 19    11388    0.24%
      0     0      413.0000    73      414.0000      Cuts: 65    11398    0.24%
      0     0      413.0000    71      414.0000  ZeroHalf: 17    11410    0.24%
      0     0      413.0000    72      414.0000  ZeroHalf: 19    11412    0.24%
      0     0      413.0000    60      414.0000  ZeroHalf: 15    11421    0.24%
      0     0      413.0000    82      414.0000  ZeroHalf: 39    11438    0.24%
      0     0      413.0000    70      414.0000  ZeroHalf: 15    11454    0.24%
      0     0      413.0000    78      414.0000  ZeroHalf: 19    11463    0.24%
      0     0      413.0000    77      414.0000  ZeroHalf: 23    11490    0.24%
      0     0      413.0000    70      414.0000  ZeroHalf: 19    11509    0.24%
      0     0      413.0000    78      414.0000  ZeroHalf: 28    11533    0.24%
      0     0      413.0000    69      414.0000  ZeroHalf: 13    11546    0.24%
      0     0      413.0000    77      414.0000  ZeroHalf: 35    11567    0.24%
      0     0      413.0000    78      414.0000   ZeroHalf: 7    11589    0.24%
      0     0      413.0000    75      414.0000  ZeroHalf: 29    11601    0.24%
      0     0      413.0000    75      414.0000  ZeroHalf: 53    11614    0.24%
      0     0      413.0000    79      414.0000  ZeroHalf: 22    11627    0.24%
      0     0      413.0000    79      414.0000  ZeroHalf: 16    11639    0.24%
      0     0      413.0000    70      414.0000  ZeroHalf: 20    11655    0.24%
      0     0      413.0000    79      414.0000  ZeroHalf: 25    11681    0.24%
      0     0      413.0000    74      414.0000  ZeroHalf: 37    11702    0.24%
      0     0      413.0000    78      414.0000  ZeroHalf: 31    11728    0.24%
      0     0      413.0000    79      414.0000  ZeroHalf: 23    11768    0.24%
      0     0      413.0000    77      414.0000  ZeroHalf: 28    11799    0.24%
      0     0      413.0000    78      414.0000  ZeroHalf: 26    11819    0.24%
      0     0      413.0000    84      414.0000  ZeroHalf: 11    11825    0.24%
      0     0      413.0000    84      414.0000  ZeroHalf: 16    11853    0.24%
      0     0      413.0000    80      414.0000  ZeroHalf: 12    11885    0.24%
      0     0      413.0000    85      414.0000  ZeroHalf: 16    11910    0.24%
      0     0      413.0000    85      414.0000  ZeroHalf: 16    11927    0.24%
      0     0      413.0000    85      414.0000   ZeroHalf: 9    11954    0.24%
      0     0      413.0000    71      414.0000  ZeroHalf: 44    11978    0.24%
      0     0      413.0000    80      414.0000  ZeroHalf: 23    11992    0.24%
      0     0      413.0000    78      414.0000  ZeroHalf: 19    12018    0.24%
      0     0      413.0000    67      414.0000  ZeroHalf: 22    12033    0.24%
      0     0      413.0000    77      414.0000  ZeroHalf: 38    12057    0.24%
      0     0      413.0000    60      414.0000  ZeroHalf: 34    12074    0.24%
      0     0      413.0000    60      414.0000  ZeroHalf: 58    12089    0.24%
      0     0      413.0000    60      414.0000  ZeroHalf: 27    12101    0.24%
      0     0      413.0000    81      414.0000  ZeroHalf: 35    12111    0.24%
      0     0      413.0000    82      414.0000  ZeroHalf: 31    12139    0.24%
      0     0      413.0000    73      414.0000  ZeroHalf: 20    12161    0.24%
      0     0      413.0000    79      414.0000  ZeroHalf: 17    12173    0.24%
      0     0      413.0000    77      414.0000  ZeroHalf: 17    12191    0.24%
      0     0      413.0000    69      414.0000  ZeroHalf: 55    12211    0.24%
      0     0      413.0000    68      414.0000  ZeroHalf: 44    12221    0.24%
      0     0      413.0000    62      414.0000  ZeroHalf: 16    12227    0.24%
      0     0      413.0000    71      414.0000  ZeroHalf: 17    12243    0.24%
      0     0      413.0000    86      414.0000  ZeroHalf: 25    12266    0.24%
      0     0      413.0000    52      414.0000  ZeroHalf: 14    12288    0.24%
      0     0      413.0000    63      414.0000  ZeroHalf: 34    12295    0.24%
      0     0      413.0000    60      414.0000  ZeroHalf: 50    12312    0.24%
      0     0      413.0000    80      414.0000  ZeroHalf: 22    12316    0.24%
      0     0      413.0000    67      414.0000  ZeroHalf: 28    12328    0.24%
      0     0      413.0000    66      414.0000  ZeroHalf: 13    12333    0.24%
      0     0      413.0000    78      414.0000  ZeroHalf: 24    12344    0.24%
      0     0      413.0000    58      414.0000   ZeroHalf: 5    12359    0.24%
      0     0      413.0000    58      414.0000  ZeroHalf: 56    12382    0.24%
      0     0      413.0000    72      414.0000  ZeroHalf: 48    12390    0.24%
      0     0      413.0000    73      414.0000  ZeroHalf: 22    12406    0.24%
      0     0      413.0000    54      414.0000  ZeroHalf: 22    12412    0.24%
      0     0      413.0000    69      414.0000  ZeroHalf: 34    12420    0.24%
      0     0      413.0000    71      414.0000  ZeroHalf: 33    12437    0.24%
      0     0      413.0000    76      414.0000  ZeroHalf: 23    12462    0.24%
      0     0      413.0000    79      414.0000  ZeroHalf: 35    12483    0.24%
      0     0      413.0000    78      414.0000  ZeroHalf: 18    12492    0.24%
      0     0      413.0000    77      414.0000  ZeroHalf: 16    12508    0.24%
      0     0      413.0000    70      414.0000  ZeroHalf: 13    12519    0.24%
      0     0      413.0000    78      414.0000  ZeroHalf: 25    12536    0.24%
      0     0      413.0000    75      414.0000  ZeroHalf: 18    12552    0.24%
      0     0      413.0000    73      414.0000  ZeroHalf: 49    12589    0.24%
      0     0      413.0000    76      414.0000  ZeroHalf: 48    12628    0.24%
      0     0      413.0000    67      414.0000  ZeroHalf: 33    12651    0.24%
      0     0      413.0000    68      414.0000  ZeroHalf: 53    12666    0.24%
      0     0      413.0000    67      414.0000  ZeroHalf: 29    12691    0.24%
      0     0      413.0000    63      414.0000  ZeroHalf: 32    12717    0.24%
      0     0      413.0000    69      414.0000  ZeroHalf: 23    12739    0.24%
      0     0      413.0000    62      414.0000  ZeroHalf: 26    12762    0.24%
      0     0      413.0000    82      414.0000  ZeroHalf: 39    12785    0.24%
      0     0      413.0000    75      414.0000  ZeroHalf: 30    12811    0.24%
      0     0      413.0000    79      414.0000  ZeroHalf: 27    12832    0.24%
      0     0      413.0000    87      414.0000   ZeroHalf: 9    12871    0.24%
      0     0      413.0000    81      414.0000  ZeroHalf: 10    12910    0.24%
      0     0      413.0000    79      414.0000  ZeroHalf: 40    12942    0.24%
      0     0      413.0000    79      414.0000   ZeroHalf: 6    12951    0.24%
      0     0      413.0000    84      414.0000  ZeroHalf: 15    12960    0.24%
      0     0      413.0000    73      414.0000   ZeroHalf: 6    12983    0.24%
      0     0      413.0000    69      414.0000  ZeroHalf: 18    12993    0.24%
      0     0      413.0000    60      414.0000  ZeroHalf: 61    13015    0.24%
      0     0      413.0000    76      414.0000      Cuts: 29    13028    0.24%
      0     0      413.0000    76      414.0000  ZeroHalf: 26    13059    0.24%
      0     0      413.0000    61      414.0000  ZeroHalf: 16    13077    0.24%
      0     0      413.0000    52      414.0000  ZeroHalf: 39    13100    0.24%
      0     0      413.0000    67      414.0000  ZeroHalf: 16    13129    0.24%
      0     0      413.0000    76      414.0000  ZeroHalf: 24    13145    0.24%
      0     0      413.0000    69      414.0000   ZeroHalf: 8    13155    0.24%
      0     0      413.0000    73      414.0000   ZeroHalf: 7    13164    0.24%
      0     0      413.0000    80      414.0000  ZeroHalf: 28    13175    0.24%
      0     0      413.0000    69      414.0000  ZeroHalf: 15    13184    0.24%
      0     0      413.0000    60      414.0000  ZeroHalf: 31    13206    0.24%
      0     0      413.0000    62      414.0000  ZeroHalf: 21    13217    0.24%
      0     0      413.0000    70      414.0000   ZeroHalf: 8    13233    0.24%
      0     0      413.0000    56      414.0000  ZeroHalf: 31    13255    0.24%
      0     0      413.0000    57      414.0000  ZeroHalf: 48    13275    0.24%
      0     0      413.0000    61      414.0000  ZeroHalf: 23    13290    0.24%
      0     0      413.0000    66      414.0000  ZeroHalf: 31    13313    0.24%
      0     0      413.0000    65      414.0000      Cuts: 36    13327    0.24%
      0     0      413.0000    18      414.0000  ZeroHalf: 11    13348    0.24%
      0     0      413.0000    69      414.0000  ZeroHalf: 33    13363    0.24%
      0     0      413.0000    62      414.0000      Cuts: 29    13393    0.24%
      0     0      413.0000    68      414.0000  ZeroHalf: 46    13421    0.24%
      0     0      413.0000    68      414.0000  ZeroHalf: 16    13444    0.24%
      0     0      413.0000    58      414.0000  ZeroHalf: 45    13468    0.24%
      0     0      413.0000    64      414.0000  ZeroHalf: 22    13497    0.24%
      0     0      413.0000    74      414.0000  ZeroHalf: 21    13509    0.24%
      0     0      413.0000    74      414.0000      Cuts: 26    13522    0.24%
      0     0      413.0000    63      414.0000   ZeroHalf: 9    13530    0.24%
      0     0      413.0000    66      414.0000  ZeroHalf: 29    13539    0.24%
      0     0      413.0000    67      414.0000  ZeroHalf: 22    13556    0.24%
      0     0      413.0000    69      414.0000  ZeroHalf: 21    13569    0.24%
      0     0      413.0000    82      414.0000  ZeroHalf: 42    13602    0.24%
      0     0      413.0000    79      414.0000       Cuts: 9    13638    0.24%
      0     0      413.0000    71      414.0000      Cuts: 70    13670    0.24%
      0     0      413.0000    75      414.0000  ZeroHalf: 34    13690    0.24%
      0     0      413.0000    78      414.0000  ZeroHalf: 26    13718    0.24%
      0     0      413.0000    79      414.0000  ZeroHalf: 30    13747    0.24%
      0     0      413.0000    70      414.0000  ZeroHalf: 15    13768    0.24%
      0     0      413.0000    65      414.0000  ZeroHalf: 34    13783    0.24%
      0     0      413.0000    74      414.0000      Cuts: 55    13808    0.24%
      0     0      413.0000    79      414.0000  ZeroHalf: 21    13837    0.24%
      0     0      413.0000    64      414.0000  ZeroHalf: 17    13864    0.24%
      0     0      413.0000    77      414.0000  ZeroHalf: 20    13875    0.24%
      0     0      413.0000    80      414.0000  ZeroHalf: 23    13894    0.24%
      0     0      413.0000    77      414.0000  ZeroHalf: 13    13922    0.24%
      0     0      413.0000    77      414.0000  ZeroHalf: 27    13932    0.24%
      0     0      413.0000    77      414.0000  ZeroHalf: 20    13960    0.24%
      0     0      413.0000    70      414.0000   ZeroHalf: 9    13997    0.24%
      0     0      413.0000    76      414.0000  ZeroHalf: 34    14040    0.24%
      0     0      413.0000    63      414.0000  ZeroHalf: 42    14073    0.24%
      0     0      413.0000    71      414.0000  ZeroHalf: 38    14088    0.24%
      0     0      413.0000    67      414.0000  ZeroHalf: 42    14105    0.24%
      0     0      413.0000    78      414.0000  ZeroHalf: 39    14129    0.24%
      0     0      413.0000    76      414.0000  ZeroHalf: 19    14165    0.24%
      0     0      413.0000    25      414.0000      Cuts: 23    14178    0.24%
      0     0      413.0000    72      414.0000      Cuts: 54    14202    0.24%
      0     0      413.0000    81      414.0000  ZeroHalf: 52    14217    0.24%
      0     0      413.0000    75      414.0000  ZeroHalf: 16    14247    0.24%
      0     0      413.0000    62      414.0000  ZeroHalf: 40    14276    0.24%
      0     0      413.0000    76      414.0000  ZeroHalf: 24    14301    0.24%
      0     0      413.0000    32      414.0000  ZeroHalf: 16    14320    0.24%
      0     0      413.0000    57      414.0000  ZeroHalf: 28    14332    0.24%
      0     0      413.0000    51      414.0000  ZeroHalf: 12    14346    0.24%
      0     0      413.0000    63      414.0000  ZeroHalf: 45    14369    0.24%
      0     2      413.0000    63      414.0000      413.0000    14369    0.24%                        0             0
Elapsed time = 8.34 sec. (18777.97 ticks, tree = 0.01 MB, solutions = 1)

Zero-half cuts applied:  34
User cuts applied:  1036

Root node processing (before b&c):
  Real time             =    8.34 sec. (18777.25 ticks)
Sequential b&c:
  Real time             =    0.07 sec. (169.75 ticks)
                          ------------
Total (root+branch&cut) =    8.41 sec. (18947.00 ticks)

