Version identifier: 22.1.0.0 | 2022-03-09 | 1a383f8ce
CPXPARAM_Preprocessing_Reduce                    1
CPXPARAM_Threads                                 1
CPXPARAM_Preprocessing_Reformulations            0
CPXPARAM_Emphasis_MIP                            2
CPXPARAM_MIP_Limits_CutPasses                    1000
CPXPARAM_TimeLimit                               10800
CPXPARAM_MIP_Tolerances_AbsMIPGap                0.999
CPXPARAM_MIP_Limits_TreeMemory                   20000
Legacy callback                                  BbLUID
         Disabling repeat represolve because of lazy constraint/incumbent callback.
1 of 1 MIP starts provided solutions.
MIP start 'm1' defined initial solution with objective 254.0000.
Tried aggregator 1 time.
MIP Presolve eliminated 374 rows and 0 columns.
MIP Presolve modified 107 coefficients.
Reduced MIP has 179 rows, 484 columns, and 1529 nonzeros.
Reduced MIP has 484 binaries, 0 generals, 0 SOSs, and 0 indicators.
Presolve time = 0.00 sec. (0.95 ticks)
Probing time = 0.00 sec. (0.83 ticks)
Clique table members: 179.
MIP emphasis: optimality.
MIP search method: traditional branch-and-cut.
Parallel mode: none, using 1 thread.
Root relaxation solution time = 0.00 sec. (0.69 ticks)

        Nodes                                         Cuts/
   Node  Left     Objective  IInf  Best Integer    Best Bound    ItCnt     Gap         Variable B NodeID Parent  Depth

*     0+    0                          254.0000        0.0000           100.00%
      0     0      244.0000     6      254.0000      244.0000       64    3.94%
      0     0      251.5000     8      254.0000      Cuts: 10       83    0.98%
      0     0        cutoff            254.0000                     91    0.00%                        0             0
Elapsed time = 0.01 sec. (12.89 ticks, tree = 0.01 MB, solutions = 1)

Clique cuts applied:  1
Zero-half cuts applied:  2
Lift and project cuts applied:  1
Gomory fractional cuts applied:  2
User cuts applied:  96

Root node processing (before b&c):
  Real time             =    0.01 sec. (12.90 ticks)
Sequential b&c:
  Real time             =    0.00 sec. (0.00 ticks)
                          ------------
Total (root+branch&cut) =    0.01 sec. (12.90 ticks)

