Version identifier: 22.1.0.0 | 2022-03-09 | 1a383f8ce
CPXPARAM_Preprocessing_Reduce                    1
CPXPARAM_Threads                                 1
CPXPARAM_Preprocessing_Reformulations            0
CPXPARAM_Emphasis_MIP                            2
CPXPARAM_MIP_Limits_CutPasses                    1000
CPXPARAM_TimeLimit                               10800
CPXPARAM_MIP_Tolerances_AbsMIPGap                0.999
CPXPARAM_MIP_Limits_TreeMemory                   20000
Legacy callback                                  BbLUID
         Disabling repeat represolve because of lazy constraint/incumbent callback.
1 of 1 MIP starts provided solutions.
MIP start 'm1' defined initial solution with objective 182.0000.
Tried aggregator 1 time.
MIP Presolve eliminated 103 rows and 3 columns.
MIP Presolve modified 23 coefficients.
Reduced MIP has 58 rows, 253 columns, and 643 nonzeros.
Reduced MIP has 253 binaries, 0 generals, 0 SOSs, and 0 indicators.
Presolve time = 0.00 sec. (0.30 ticks)
Probing time = 0.00 sec. (0.40 ticks)
Clique table members: 58.
MIP emphasis: optimality.
MIP search method: traditional branch-and-cut.
Parallel mode: none, using 1 thread.
Root relaxation solution time = 0.00 sec. (0.24 ticks)

        Nodes                                         Cuts/
   Node  Left     Objective  IInf  Best Integer    Best Bound    ItCnt     Gap         Variable B NodeID Parent  Depth

*     0+    0                          182.0000       37.0000            79.67%
      0     0      176.0000     8      182.0000      176.0000       34    3.30%
      0     0      177.0000    18      182.0000       Cuts: 6       36    2.75%
      0     0      177.0000     8      182.0000       Cuts: 8       37    2.75%
      0     0      177.5000    12      182.0000       Cuts: 3       39    2.47%
      0     0      177.6667    26      182.0000       Cuts: 3       42    2.38%
      0     0      178.0500    31      182.0000      Cuts: 15       44    2.17%
      0     0      178.1000    33      182.0000      Cuts: 11       48    2.14%
      0     0      178.2500    19      182.0000  ZeroHalf: 11       56    2.06%
      0     0      178.2500    27      182.0000       Cuts: 4       62    2.06%
      0     0      178.3333    20      182.0000      Cuts: 10       67    2.01%
      0     0      178.3333    36      182.0000       Cuts: 5       75    2.01%
      0     0      178.5000    22      182.0000      Cuts: 14       80    1.92%
      0     0      178.5000    22      182.0000   ZeroHalf: 1       82    1.92%
      0     0      178.6000    28      182.0000   ZeroHalf: 1       87    1.87%
      0     0      179.0000    25      182.0000       Cuts: 9       88    1.65%
      0     0      179.0000    28      182.0000       Cuts: 9       91    1.65%
      0     0      179.0000    29      182.0000       Cuts: 6       95    1.65%
      0     0      179.0000    25      182.0000   ZeroHalf: 9      100    1.65%
      0     0      179.0000    24      182.0000   ZeroHalf: 4      103    1.65%
      0     0      179.0000    30      182.0000   ZeroHalf: 2      105    1.65%
      0     0      179.0000    18      182.0000   ZeroHalf: 2      111    1.65%
      0     0      179.0000    16      182.0000   ZeroHalf: 2      116    1.65%
      0     0      179.0000    23      182.0000   ZeroHalf: 5      118    1.65%
      0     0      179.0417    40      182.0000   ZeroHalf: 4      130    1.63%
      0     0      179.0882    44      182.0000  ZeroHalf: 10      141    1.60%
      0     0      179.3333    38      182.0000      Cuts: 14      153    1.47%
      0     0      179.4667    42      182.0000  ZeroHalf: 12      161    1.39%
      0     0      179.5333    43      182.0000       Cuts: 6      170    1.36%
      0     0      179.8571    40      182.0000  ZeroHalf: 12      185    1.18%
      0     0      180.0000    22      182.0000  ZeroHalf: 11      190    1.10%
      0     0      180.0000    20      182.0000   ZeroHalf: 2      191    1.10%
      0     0      180.0000    20      182.0000   ZeroHalf: 5      192    1.10%
      0     0      180.0000    22      182.0000   ZeroHalf: 2      193    1.10%
      0     0      180.0000    22      182.0000       Cuts: 6      195    1.10%
      0     0      180.0000    18      182.0000   ZeroHalf: 3      198    1.10%
      0     0      180.0000    33      182.0000   ZeroHalf: 2      204    1.10%
      0     0      180.0000    33      182.0000   ZeroHalf: 1      206    1.10%
      0     0      180.0000    33      182.0000   ZeroHalf: 6      211    1.10%
      0     0      180.0000    25      182.0000   ZeroHalf: 4      216    1.10%
      0     0      180.0000    27      182.0000   ZeroHalf: 2      219    1.10%
      0     0      180.0000    30      182.0000   ZeroHalf: 4      222    1.10%
      0     0      180.0000    26      182.0000   ZeroHalf: 4      224    1.10%
      0     0      180.0000    25      182.0000   ZeroHalf: 5      225    1.10%
      0     0      180.0000    22      182.0000       Cuts: 4      229    1.10%
      0     0      180.0000    31      182.0000   ZeroHalf: 2      232    1.10%
      0     0      180.0000    31      182.0000   ZeroHalf: 3      235    1.10%
      0     0      180.0000    18      182.0000   ZeroHalf: 4      240    1.10%
      0     0      180.0000    29      182.0000  ZeroHalf: 11      245    1.10%
      0     0      180.0000    24      182.0000   ZeroHalf: 2      247    1.10%
      0     0      180.0000    29      182.0000   ZeroHalf: 4      249    1.10%
      0     0      180.0000    25      182.0000   ZeroHalf: 1      250    1.10%
      0     0      180.0000    22      182.0000   ZeroHalf: 3      252    1.10%
      0     0      180.0000    29      182.0000   ZeroHalf: 6      253    1.10%
      0     0      180.0000    14      182.0000   ZeroHalf: 1      255    1.10%
      0     0      180.0000    33      182.0000       Cuts: 7      258    1.10%
      0     0      180.0000    29      182.0000   ZeroHalf: 5      264    1.10%
      0     0      180.0000    31      182.0000   ZeroHalf: 8      271    1.10%
      0     0      180.0000    26      182.0000   ZeroHalf: 2      273    1.10%
      0     0      180.0000    26      182.0000   ZeroHalf: 3      275    1.10%
      0     0      180.0000    31      182.0000   ZeroHalf: 1      276    1.10%
      0     0      180.0000    24      182.0000   ZeroHalf: 1      277    1.10%
      0     0      180.0000    29      182.0000      Cuts: 21      282    1.10%
      0     0      180.0000    32      182.0000   ZeroHalf: 5      288    1.10%
      0     0      180.0000    30      182.0000   ZeroHalf: 3      294    1.10%
      0     0      180.0000    28      182.0000      Cuts: 18      304    1.10%
      0     0      180.0000    18      182.0000   ZeroHalf: 4      311    1.10%
      0     0      180.0000    34      182.0000  ZeroHalf: 21      328    1.10%
      0     0      180.0000    34      182.0000   ZeroHalf: 2      333    1.10%
      0     0      180.0000    32      182.0000   ZeroHalf: 1      337    1.10%
      0     0      180.0000    32      182.0000   ZeroHalf: 3      339    1.10%
      0     0      180.0000    31      182.0000   ZeroHalf: 2      344    1.10%
      0     0      180.0000    31      182.0000   ZeroHalf: 4      345    1.10%
      0     0      180.0000    27      182.0000   ZeroHalf: 2      349    1.10%
      0     0      180.0000    26      182.0000  ZeroHalf: 11      351    1.10%
      0     0      180.0000    27      182.0000       Cuts: 6      356    1.10%
      0     0      180.0000    24      182.0000   ZeroHalf: 6      359    1.10%
      0     0      180.0000    30      182.0000   ZeroHalf: 2      362    1.10%
      0     0      180.0017    53      182.0000       Cuts: 3      371    1.10%
      0     0      180.0029    52      182.0000   ZeroHalf: 5      376    1.10%
      0     0      180.0035    52      182.0000   ZeroHalf: 1      378    1.10%
      0     0      180.0050    50      182.0000       Cuts: 3      382    1.10%
      0     0      180.0154    43      182.0000   ZeroHalf: 2      390    1.09%
      0     0      180.0164    43      182.0000   ZeroHalf: 4      396    1.09%
      0     0      180.0208    46      182.0000       Cuts: 6      402    1.09%
      0     0      180.0208    47      182.0000   ZeroHalf: 3      407    1.09%
      0     0      180.0370    46      182.0000   ZeroHalf: 2      410    1.08%
      0     0      180.0500    44      182.0000   ZeroHalf: 6      418    1.07%
      0     0      180.1111    37      182.0000   ZeroHalf: 7      426    1.04%
      0     0      180.1667    34      182.0000   ZeroHalf: 4      437    1.01%
      0     0      180.2000    27      182.0000   ZeroHalf: 3      442    0.99%
      0     0      180.2222    41      182.0000   ZeroHalf: 4      451    0.98%
      0     0      180.4000    38      182.0000   ZeroHalf: 3      455    0.88%
      0     0      180.5000    42      182.0000   ZeroHalf: 6      462    0.82%
      0     0      181.0000    40      182.0000   ZeroHalf: 4      465    0.55%
      0     0      181.0000    32      182.0000   ZeroHalf: 5      475    0.55%
      0     0      181.0000    39      182.0000   ZeroHalf: 7      484    0.55%
      0     0      181.0000    34      182.0000   ZeroHalf: 5      494    0.55%
      0     0      181.0000    34      182.0000   ZeroHalf: 6      501    0.55%
      0     0      181.0000    36      182.0000   ZeroHalf: 8      510    0.55%
      0     0      181.0000    29      182.0000      Cuts: 10      515    0.55%
      0     0      181.0000    37      182.0000  ZeroHalf: 11      516    0.55%
      0     0      181.0000    32      182.0000   ZeroHalf: 5      540    0.55%
      0     0      181.0000    42      182.0000  ZeroHalf: 11      548    0.55%
      0     0      181.0000    45      182.0000   ZeroHalf: 9      561    0.55%
      0     0      181.0000    44      182.0000   ZeroHalf: 6      566    0.55%
      0     0      181.0000    28      182.0000   ZeroHalf: 6      574    0.55%
      0     0      181.0000    45      182.0000  ZeroHalf: 15      596    0.55%
      0     0      181.0000    26      182.0000   ZeroHalf: 5      617    0.55%
      0     0      181.0000    39      182.0000  ZeroHalf: 11      621    0.55%
      0     0      181.0000    41      182.0000  ZeroHalf: 11      637    0.55%
      0     0      181.0000    39      182.0000      Cuts: 23      653    0.55%
      0     0      181.0000    28      182.0000   ZeroHalf: 8      671    0.55%
      0     0      181.0000    44      182.0000   ZeroHalf: 9      678    0.55%
      0     0      181.0000    44      182.0000   ZeroHalf: 8      698    0.55%
      0     0      181.0000    36      182.0000   ZeroHalf: 4      713    0.55%
      0     0      181.0000    41      182.0000   ZeroHalf: 5      727    0.55%
      0     0      181.0000    36      182.0000       Cuts: 5      729    0.55%
      0     0      181.0000    22      182.0000   ZeroHalf: 5      737    0.55%
      0     0      181.0000    37      182.0000   ZeroHalf: 5      739    0.55%
      0     0      181.0000    34      182.0000   ZeroHalf: 1      740    0.55%
      0     0      181.0000    40      182.0000   ZeroHalf: 9      743    0.55%
      0     0      181.0000    38      182.0000   ZeroHalf: 6      758    0.55%
      0     0      181.0000    30      182.0000   ZeroHalf: 6      759    0.55%
      0     0      181.0000    28      182.0000   ZeroHalf: 2      760    0.55%
      0     0      181.0000    37      182.0000   ZeroHalf: 5      767    0.55%
      0     0      181.0000    20      182.0000   ZeroHalf: 1      774    0.55%
      0     0      181.0000    18      182.0000   ZeroHalf: 2      775    0.55%
      0     0      181.0000    33      182.0000   ZeroHalf: 3      777    0.55%
      0     0      181.0000    26      182.0000   ZeroHalf: 4      799    0.55%
      0     0      181.0000    29      182.0000   ZeroHalf: 6      802    0.55%
      0     0      181.0000    26      182.0000  ZeroHalf: 23      805    0.55%
      0     0      181.0000    22      182.0000   ZeroHalf: 9      810    0.55%
      0     0        cutoff            182.0000                    822    0.00%                        0             0
Elapsed time = 0.22 sec. (196.27 ticks, tree = 0.01 MB, solutions = 1)

Cover cuts applied:  1
Zero-half cuts applied:  14
User cuts applied:  104

Root node processing (before b&c):
  Real time             =    0.22 sec. (196.28 ticks)
Sequential b&c:
  Real time             =    0.00 sec. (0.00 ticks)
                          ------------
Total (root+branch&cut) =    0.22 sec. (196.28 ticks)

