Version identifier: 22.1.0.0 | 2022-03-09 | 1a383f8ce
CPXPARAM_Preprocessing_Reduce                    1
CPXPARAM_Threads                                 1
CPXPARAM_Preprocessing_Reformulations            0
CPXPARAM_Emphasis_MIP                            2
CPXPARAM_MIP_Limits_CutPasses                    1000
CPXPARAM_TimeLimit                               10800
CPXPARAM_MIP_Tolerances_AbsMIPGap                0.999
CPXPARAM_MIP_Limits_TreeMemory                   20000
Legacy callback                                  BbLUID
         Disabling repeat represolve because of lazy constraint/incumbent callback.
1 of 1 MIP starts provided solutions.
MIP start 'm1' defined initial solution with objective 132.0000.
Tried aggregator 1 time.
MIP Presolve modified 86 coefficients.
Reduced MIP has 126 rows, 380 columns, and 1018 nonzeros.
Reduced MIP has 380 binaries, 0 generals, 0 SOSs, and 0 indicators.
Presolve time = 0.00 sec. (0.47 ticks)
Probing time = 0.00 sec. (0.71 ticks)
Clique table members: 126.
MIP emphasis: optimality.
MIP search method: traditional branch-and-cut.
Parallel mode: none, using 1 thread.
Root relaxation solution time = 0.00 sec. (0.47 ticks)

        Nodes                                         Cuts/
   Node  Left     Objective  IInf  Best Integer    Best Bound    ItCnt     Gap         Variable B NodeID Parent  Depth

*     0+    0                          132.0000        0.0000           100.00%
      0     0      128.0000    14      132.0000      125.0000       48    5.30%
      0     0      128.0714    21      132.0000       User: 1       53    2.98%
      0     0      128.5000    10      132.0000       Cuts: 6       59    2.65%
      0     0      129.0000    12      132.0000       Cuts: 2       60    2.27%
      0     0      129.0000    18      132.0000       Cuts: 3       61    2.27%
      0     0      129.0000    18      132.0000       Cuts: 7       63    2.27%
      0     0      129.0000    16      132.0000       Cuts: 5       68    2.27%
      0     0      129.0000    14      132.0000       Cuts: 6       70    2.27%
      0     0      129.0000    10      132.0000   ZeroHalf: 1       72    2.27%
      0     0      129.0000    20      132.0000   ZeroHalf: 2       73    2.27%
      0     0      129.0000    19      132.0000   ZeroHalf: 5       77    2.27%
      0     0      129.0000    14      132.0000   ZeroHalf: 6       82    2.27%
      0     0      129.0000    14      132.0000       Cuts: 5       84    2.27%
      0     0      129.0000    16      132.0000       Cuts: 2       87    2.27%
      0     0      129.0000    17      132.0000   ZeroHalf: 5       94    2.27%
      0     0      129.0000    20      132.0000   ZeroHalf: 2       98    2.27%
      0     0      129.0000    18      132.0000       Cuts: 3      107    2.27%
      0     0      129.0000    10      132.0000   ZeroHalf: 5      109    2.27%
      0     0      129.0000    14      132.0000   ZeroHalf: 5      110    2.27%
      0     0      129.0000    21      132.0000   ZeroHalf: 1      111    2.27%
      0     0      129.0000    16      132.0000   ZeroHalf: 8      116    2.27%
      0     0      129.0000    18      132.0000   ZeroHalf: 5      117    2.27%
      0     0      129.0000    20      132.0000   ZeroHalf: 6      119    2.27%
      0     0      129.0000    23      132.0000   ZeroHalf: 4      121    2.27%
      0     0      129.0000    24      132.0000   ZeroHalf: 7      124    2.27%
      0     0      129.0000    14      132.0000   ZeroHalf: 3      126    2.27%
      0     0      129.0000    20      132.0000   ZeroHalf: 7      132    2.27%
      0     0      129.0000    21      132.0000  ZeroHalf: 10      144    2.27%
      0     0      129.0000    18      132.0000   ZeroHalf: 3      148    2.27%
      0     0      129.0000    22      132.0000   ZeroHalf: 1      151    2.27%
      0     0      129.0000    21      132.0000   ZeroHalf: 4      152    2.27%
      0     0      129.0000    24      132.0000   ZeroHalf: 3      153    2.27%
      0     0      129.0000    20      132.0000   ZeroHalf: 2      159    2.27%
      0     0      129.0000    20      132.0000   ZeroHalf: 6      161    2.27%
      0     0      129.0000    16      132.0000   ZeroHalf: 3      169    2.27%
      0     0      129.0000    16      132.0000   ZeroHalf: 9      177    2.27%
      0     0      129.0000    23      132.0000   ZeroHalf: 1      179    2.27%
      0     0      129.0000    12      132.0000   ZeroHalf: 5      182    2.27%
      0     0      129.0000    12      132.0000   ZeroHalf: 5      183    2.27%
      0     0      129.0000    14      132.0000   ZeroHalf: 4      188    2.27%
      0     0      129.0000    22      132.0000   ZeroHalf: 3      193    2.27%
      0     0      129.0000    12      132.0000   ZeroHalf: 6      196    2.27%
      0     0      129.0000    24      132.0000   ZeroHalf: 2      199    2.27%
      0     0      129.0000    22      132.0000   ZeroHalf: 9      204    2.27%
      0     0      129.0000    22      132.0000   ZeroHalf: 3      208    2.27%
      0     0      129.0000    14      132.0000   ZeroHalf: 7      221    2.27%
      0     0      129.0000    21      132.0000   ZeroHalf: 6      229    2.27%
      0     0      129.0000    16      132.0000   ZeroHalf: 3      230    2.27%
      0     0      129.0000    25      132.0000   ZeroHalf: 6      233    2.27%
      0     0      129.0066    39      132.0000   ZeroHalf: 3      246    2.27%
      0     0      129.0110    40      132.0000   ZeroHalf: 3      248    2.26%
      0     0      129.0256    33      132.0000   ZeroHalf: 2      252    2.25%
      0     0      129.0312    29      132.0000   ZeroHalf: 3      261    2.25%
      0     0      129.0357    33      132.0000   ZeroHalf: 4      267    2.25%
      0     0      129.0357    34      132.0000   ZeroHalf: 3      271    2.25%
      0     0      129.0400    30      132.0000   ZeroHalf: 3      278    2.24%
      0     0      129.0556    35      132.0000   ZeroHalf: 5      286    2.23%
      0     0      129.1111    28      132.0000   ZeroHalf: 5      290    2.19%
      0     0      129.1111    31      132.0000   ZeroHalf: 9      294    2.19%
      0     0      129.1111    30      132.0000   ZeroHalf: 4      299    2.19%
      0     0      129.1111    23      132.0000   ZeroHalf: 4      303    2.19%
      0     0      129.2000    22      132.0000       Cuts: 3      307    2.12%
      0     0      129.2000    22      132.0000   ZeroHalf: 8      312    2.12%
      0     0      129.2000    25      132.0000   ZeroHalf: 2      315    2.12%
      0     0      129.2000    25      132.0000   ZeroHalf: 3      316    2.12%
      0     0      129.2000    29      132.0000   ZeroHalf: 4      317    2.12%
      0     0      129.3333    21      132.0000   ZeroHalf: 3      321    2.02%
      0     0      129.3333    27      132.0000  ZeroHalf: 11      328    2.02%
      0     0      129.5000    26      132.0000   ZeroHalf: 8      333    1.89%
      0     0      129.5000    28      132.0000   ZeroHalf: 4      335    1.89%
      0     0      129.5000    18      132.0000       Cuts: 4      346    1.89%
      0     0      129.5000    12      132.0000       Cuts: 9      349    1.89%
      0     0      129.5000    16      132.0000   ZeroHalf: 5      351    1.89%
      0     0      129.5000    16      132.0000   ZeroHalf: 4      352    1.89%
      0     0      129.5000    16      132.0000   ZeroHalf: 1      355    1.89%
      0     0      129.5000    24      132.0000   ZeroHalf: 5      359    1.89%
      0     0      129.6000    25      132.0000   ZeroHalf: 6      366    1.82%
      0     0      129.6000    24      132.0000   ZeroHalf: 4      370    1.82%
      0     0      129.6000    28      132.0000   ZeroHalf: 6      373    1.82%
      0     0      129.6000    29      132.0000   ZeroHalf: 4      378    1.82%
      0     0      129.6000    30      132.0000   ZeroHalf: 3      382    1.82%
      0     0      129.6364    31      132.0000   ZeroHalf: 7      388    1.79%
      0     0      129.6364    36      132.0000      Cuts: 11      394    1.79%
      0     0      129.6364    36      132.0000   ZeroHalf: 4      397    1.79%
      0     0      129.7143    29      132.0000   ZeroHalf: 3      402    1.73%
      0     0      129.8182    31      132.0000   ZeroHalf: 6      408    1.65%
      0     0      130.0000    20      132.0000   ZeroHalf: 7      417    1.52%
      0     0      130.0000    25      132.0000   ZeroHalf: 4      427    1.52%
      0     0      130.0000    24      132.0000  ZeroHalf: 11      430    1.52%
      0     0      130.0000    30      132.0000   ZeroHalf: 7      435    1.52%
      0     0      130.0000    18      132.0000  ZeroHalf: 10      447    1.52%
      0     0      130.0000    22      132.0000   ZeroHalf: 9      450    1.52%
      0     0      130.0000    19      132.0000   ZeroHalf: 9      457    1.52%
      0     0      130.0000    24      132.0000   ZeroHalf: 6      461    1.52%
      0     0      130.0000    24      132.0000  ZeroHalf: 10      465    1.52%
      0     0      130.0000    34      132.0000   ZeroHalf: 9      475    1.52%
      0     0      130.0000    16      132.0000   ZeroHalf: 7      482    1.52%
      0     0      130.0000    26      132.0000   ZeroHalf: 2      485    1.52%
      0     0      130.0000    22      132.0000   ZeroHalf: 4      490    1.52%
      0     0      130.0000    16      132.0000   ZeroHalf: 9      495    1.52%
      0     0      130.0000    27      132.0000  ZeroHalf: 10      502    1.52%
      0     0      130.0000    22      132.0000      Cuts: 11      510    1.52%
      0     0      130.0000    30      132.0000   ZeroHalf: 8      517    1.52%
      0     0      130.0000    31      132.0000   ZeroHalf: 4      524    1.52%
      0     0      130.0000    30      132.0000      Cuts: 15      528    1.52%
      0     0      130.0000    26      132.0000       Cuts: 5      536    1.52%
      0     0      130.0000    26      132.0000   ZeroHalf: 7      541    1.52%
      0     0      130.0000    33      132.0000   ZeroHalf: 4      544    1.52%
      0     0      130.0000    30      132.0000   ZeroHalf: 4      547    1.52%
      0     0      130.0000    33      132.0000      Cuts: 21      556    1.52%
      0     0      130.0000    33      132.0000   ZeroHalf: 6      559    1.52%
      0     0      130.0000    36      132.0000   ZeroHalf: 6      565    1.52%
      0     0      130.0000    18      132.0000  ZeroHalf: 12      576    1.52%
      0     0      130.0000    30      132.0000   ZeroHalf: 5      578    1.52%
      0     0      130.0000    26      132.0000   ZeroHalf: 4      581    1.52%
      0     0      130.0000    37      132.0000       Cuts: 7      587    1.52%
      0     0      130.0000    27      132.0000   ZeroHalf: 7      591    1.52%
      0     0      130.0000    24      132.0000      Cuts: 14      593    1.52%
      0     0      130.0000    28      132.0000  ZeroHalf: 10      595    1.52%
      0     0      130.0000    22      132.0000   ZeroHalf: 7      598    1.52%
      0     0      130.0000    33      132.0000   ZeroHalf: 3      603    1.52%
      0     0      130.0000    31      132.0000   ZeroHalf: 7      606    1.52%
      0     0      130.0000    29      132.0000  ZeroHalf: 15      613    1.52%
      0     0      130.0000    33      132.0000  ZeroHalf: 16      616    1.52%
      0     0      130.0000    27      132.0000  ZeroHalf: 11      624    1.52%
      0     0      130.0000    33      132.0000      Cuts: 11      633    1.52%
      0     0      130.0000    31      132.0000      Cuts: 13      641    1.52%
      0     0      130.0000    31      132.0000       Cuts: 8      650    1.52%
      0     0      130.0000    24      132.0000   ZeroHalf: 7      655    1.52%
      0     0      130.0000    30      132.0000   ZeroHalf: 7      657    1.52%
      0     0      130.0000    21      132.0000  ZeroHalf: 10      658    1.52%
      0     0      130.0000    27      132.0000  ZeroHalf: 12      663    1.52%
      0     0      130.0000    30      132.0000   ZeroHalf: 7      671    1.52%
      0     0      130.0000    35      132.0000  ZeroHalf: 12      675    1.52%
      0     0      130.0000    31      132.0000   ZeroHalf: 5      680    1.52%
      0     0      130.0000    20      132.0000  ZeroHalf: 11      689    1.52%
      0     0      130.0000    16      132.0000   ZeroHalf: 6      693    1.52%
      0     0      130.0000    24      132.0000   ZeroHalf: 2      699    1.52%
      0     0      130.0000    23      132.0000   ZeroHalf: 7      707    1.52%
      0     0      130.0000    28      132.0000  ZeroHalf: 23      714    1.52%
      0     0      130.0000    28      132.0000   ZeroHalf: 7      721    1.52%
      0     0      130.0000    30      132.0000  ZeroHalf: 11      726    1.52%
      0     0      130.0000    16      132.0000  ZeroHalf: 11      733    1.52%
      0     0      130.0000    26      132.0000   ZeroHalf: 3      734    1.52%
      0     0      130.0000    24      132.0000   ZeroHalf: 6      737    1.52%
      0     0      130.0000    20      132.0000   ZeroHalf: 7      742    1.52%
      0     0      130.0000    28      132.0000   ZeroHalf: 4      745    1.52%
      0     0      130.0000    32      132.0000   ZeroHalf: 9      751    1.52%
      0     0      130.0000    26      132.0000  ZeroHalf: 11      758    1.52%
      0     0      130.0000    20      132.0000      Cuts: 17      762    1.52%
      0     0      130.0000    16      132.0000   ZeroHalf: 5      766    1.52%
      0     0      130.0000    35      132.0000   ZeroHalf: 5      769    1.52%
      0     0      130.0000    21      132.0000   ZeroHalf: 4      775    1.52%
      0     0      130.0000    25      132.0000      Cuts: 11      778    1.52%
      0     0      130.0000    30      132.0000   ZeroHalf: 5      782    1.52%
      0     0      130.0000    28      132.0000      Cuts: 11      788    1.52%
      0     0      130.0000    38      132.0000   ZeroHalf: 8      795    1.52%
      0     0      130.0000    33      132.0000       Cuts: 9      802    1.52%
      0     0      130.0000    27      132.0000  ZeroHalf: 11      812    1.52%
      0     0      130.0000    30      132.0000  ZeroHalf: 15      827    1.52%
      0     0      130.0000    34      132.0000  ZeroHalf: 10      831    1.52%
      0     0      130.0000    22      132.0000   ZeroHalf: 9      836    1.52%
      0     0      130.0000    37      132.0000   ZeroHalf: 5      838    1.52%
      0     0      130.0000    34      132.0000   ZeroHalf: 4      842    1.52%
      0     0      130.0000    23      132.0000  ZeroHalf: 19      849    1.52%
      0     0      130.0000    22      132.0000  ZeroHalf: 14      865    1.52%
      0     0      130.0000    25      132.0000      Cuts: 20      879    1.52%
      0     0      130.0000    27      132.0000      Cuts: 11      884    1.52%
      0     0      130.0000    38      132.0000  ZeroHalf: 12      897    1.52%
      0     0      130.0000    38      132.0000  ZeroHalf: 17      903    1.52%
      0     0      130.0000    38      132.0000   ZeroHalf: 6      905    1.52%
      0     0      130.0000    35      132.0000       Cuts: 6      908    1.52%
      0     0      130.0000    37      132.0000   ZeroHalf: 9      912    1.52%
      0     0      130.0000    35      132.0000   ZeroHalf: 9      917    1.52%
      0     0      130.0000    27      132.0000   ZeroHalf: 5      925    1.52%
      0     0      130.0000    24      132.0000      Cuts: 12      931    1.52%
      0     0      130.0000    29      132.0000  ZeroHalf: 17      934    1.52%
      0     0      130.0000    23      132.0000   ZeroHalf: 7      940    1.52%
      0     0      130.0000    36      132.0000   ZeroHalf: 8      950    1.52%
      0     0      130.0000    31      132.0000  ZeroHalf: 12      955    1.52%
      0     0      130.0000    20      132.0000      Cuts: 11      962    1.52%
      0     0      130.0000    34      132.0000  ZeroHalf: 17      964    1.52%
      0     0      130.0000    35      132.0000   ZeroHalf: 6      972    1.52%
      0     0      130.0000    29      132.0000  ZeroHalf: 10      983    1.52%
      0     0      130.0000    27      132.0000  ZeroHalf: 12      991    1.52%
      0     0      130.0000    36      132.0000   ZeroHalf: 6     1008    1.52%
      0     0      130.0000    33      132.0000   ZeroHalf: 8     1014    1.52%
      0     0      130.0000    22      132.0000  ZeroHalf: 10     1020    1.52%
      0     0      130.0000    18      132.0000   ZeroHalf: 8     1023    1.52%
      0     0      130.0000    28      132.0000       Cuts: 4     1031    1.52%
      0     0      130.0000    22      132.0000   ZeroHalf: 4     1038    1.52%
      0     0      130.0000    20      132.0000   ZeroHalf: 7     1041    1.52%
      0     0      130.0000    35      132.0000   ZeroHalf: 3     1047    1.52%
      0     0      130.0000    33      132.0000   ZeroHalf: 4     1050    1.52%
      0     0      130.0000    18      132.0000  ZeroHalf: 14     1057    1.52%
      0     0      130.0000    29      132.0000   ZeroHalf: 6     1061    1.52%
      0     0      130.0000    23      132.0000  ZeroHalf: 11     1066    1.52%
      0     0      130.0000    34      132.0000   ZeroHalf: 8     1072    1.52%
      0     0      130.0000    22      132.0000   ZeroHalf: 6     1077    1.52%
      0     0      130.0000    20      132.0000  ZeroHalf: 10     1079    1.52%
      0     0      130.0000    33      132.0000  ZeroHalf: 14     1090    1.52%
      0     0      130.0000    21      132.0000      Cuts: 10     1099    1.52%
      0     0      130.0000    32      132.0000      Cuts: 11     1103    1.52%
      0     0      130.0000    18      132.0000   ZeroHalf: 6     1108    1.52%
      0     0      130.0000    28      132.0000   ZeroHalf: 5     1114    1.52%
      0     0      130.0000    22      132.0000  ZeroHalf: 17     1120    1.52%
      0     0      130.0000    36      132.0000   ZeroHalf: 5     1132    1.52%
      0     0      130.0000    34      132.0000       Cuts: 8     1146    1.52%
      0     0      130.0000    36      132.0000  ZeroHalf: 17     1155    1.52%
      0     0      130.0000    34      132.0000   ZeroHalf: 6     1158    1.52%
      0     0      130.0000    22      132.0000   ZeroHalf: 8     1165    1.52%
      0     0      130.0000    29      132.0000   ZeroHalf: 2     1167    1.52%
      0     0      130.0000    25      132.0000   ZeroHalf: 7     1176    1.52%
      0     0      130.0000    32      132.0000      Cuts: 20     1191    1.52%
      0     0      130.0000    24      132.0000   ZeroHalf: 4     1202    1.52%
      0     0      130.0000    22      132.0000   ZeroHalf: 8     1205    1.52%
      0     0      130.0000    33      132.0000   ZeroHalf: 6     1208    1.52%
      0     0      130.0000    24      132.0000  ZeroHalf: 11     1219    1.52%
      0     0      130.0000    23      132.0000  ZeroHalf: 10     1228    1.52%
      0     0      130.0000    34      132.0000  ZeroHalf: 19     1237    1.52%
      0     0      130.0000    20      132.0000  ZeroHalf: 13     1241    1.52%
      0     0      130.0000    26      132.0000  ZeroHalf: 16     1249    1.52%
      0     0      130.0000    37      132.0000   ZeroHalf: 8     1257    1.52%
      0     0      130.0000    37      132.0000  ZeroHalf: 10     1267    1.52%
      0     0      130.0000    22      132.0000   ZeroHalf: 5     1274    1.52%
      0     0      130.0000    16      132.0000   ZeroHalf: 1     1275    1.52%
      0     0      130.0000    29      132.0000   ZeroHalf: 6     1276    1.52%
      0     0      130.0000    30      132.0000   ZeroHalf: 7     1282    1.52%
      0     0      130.0000    31      132.0000  ZeroHalf: 18     1291    1.52%
      0     0      130.0000    35      132.0000  ZeroHalf: 11     1300    1.52%
      0     0      130.0000    34      132.0000  ZeroHalf: 18     1309    1.52%
      0     0      130.0000    35      132.0000   ZeroHalf: 3     1314    1.52%
      0     0      130.0000    20      132.0000  ZeroHalf: 18     1325    1.52%
      0     0      130.0000    39      132.0000   ZeroHalf: 3     1334    1.52%
      0     0      130.0000    26      132.0000  ZeroHalf: 11     1340    1.52%
      0     0      130.0000    20      132.0000   ZeroHalf: 9     1343    1.52%
      0     0      130.0000    25      132.0000   ZeroHalf: 8     1348    1.52%
      0     0      130.0000    16      132.0000  ZeroHalf: 19     1355    1.52%
      0     0      130.0000    24      132.0000   ZeroHalf: 1     1356    1.52%
      0     0      130.0000    24      132.0000  ZeroHalf: 19     1359    1.52%
      0     0      130.0000    10      132.0000   ZeroHalf: 4     1360    1.52%
      0     0      130.0000    18      132.0000   ZeroHalf: 2     1362    1.52%
      0     0      130.0000    28      132.0000   ZeroHalf: 4     1369    1.52%
      0     0      130.0000    27      132.0000   ZeroHalf: 8     1375    1.52%
      0     0      130.0000    26      132.0000  ZeroHalf: 14     1390    1.52%
      0     0      130.0000    32      132.0000  ZeroHalf: 11     1400    1.52%
      0     0      130.0000    27      132.0000   ZeroHalf: 9     1401    1.52%
      0     0      130.0000    20      132.0000   ZeroHalf: 5     1403    1.52%
      0     0      130.0000    28      132.0000   ZeroHalf: 7     1405    1.52%
      0     0      130.0000    18      132.0000   ZeroHalf: 9     1408    1.52%
      0     0      130.0000    26      132.0000   ZeroHalf: 2     1411    1.52%
      0     0      130.0000    32      132.0000   ZeroHalf: 5     1413    1.52%
      0     0      130.0000    23      132.0000   ZeroHalf: 5     1422    1.52%
      0     0      130.0000    18      132.0000   ZeroHalf: 3     1424    1.52%
      0     0      130.0000    18      132.0000   ZeroHalf: 3     1425    1.52%
      0     0      130.0000    16      132.0000   ZeroHalf: 1     1426    1.52%
      0     0      130.0000    29      132.0000      Cuts: 11     1430    1.52%
      0     0      130.0000    29      132.0000  ZeroHalf: 14     1434    1.52%
      0     0      130.0000    28      132.0000   ZeroHalf: 3     1436    1.52%
      0     0      130.0000    22      132.0000   ZeroHalf: 5     1439    1.52%
      0     0      130.0000    25      132.0000   ZeroHalf: 1     1443    1.52%
      0     0      130.0000    29      132.0000   ZeroHalf: 5     1446    1.52%
      0     0      130.0000    29      132.0000   ZeroHalf: 3     1450    1.52%
      0     0      130.0000    26      132.0000   ZeroHalf: 3     1456    1.52%
      0     0      130.0000    29      132.0000   ZeroHalf: 5     1463    1.52%
      0     0      130.0000    25      132.0000   ZeroHalf: 4     1477    1.52%
      0     0      130.0000    20      132.0000       Cuts: 8     1485    1.52%
      0     0      130.0000    22      132.0000   ZeroHalf: 6     1486    1.52%
      0     0      130.0000    18      132.0000   ZeroHalf: 1     1487    1.52%
      0     0      130.0000    22      132.0000   ZeroHalf: 2     1488    1.52%
      0     0      130.0000    20      132.0000       Cuts: 7     1490    1.52%
      0     0      130.0000    27      132.0000   ZeroHalf: 3     1493    1.52%
      0     0      130.0000    18      132.0000   ZeroHalf: 3     1501    1.52%
      0     0      130.0000    22      132.0000  ZeroHalf: 14     1502    1.52%
      0     0      130.0000     8      132.0000   ZeroHalf: 4     1505    1.52%
      0     0      130.0000    25      132.0000       Cuts: 8     1506    1.52%
      0     0      130.0000    20      132.0000   ZeroHalf: 9     1522    1.52%
      0     0      130.0000    26      132.0000   ZeroHalf: 3     1526    1.52%
      0     0      130.0000    24      132.0000   ZeroHalf: 4     1534    1.52%
      0     0      130.0000    28      132.0000   ZeroHalf: 8     1540    1.52%
      0     0      130.0000    27      132.0000   ZeroHalf: 4     1546    1.52%
      0     0      130.0000    20      132.0000      Cuts: 11     1561    1.52%
      0     0      130.0000    27      132.0000   ZeroHalf: 8     1568    1.52%
      0     0      130.0000    18      132.0000   ZeroHalf: 3     1570    1.52%
      0     0      130.0000    32      132.0000   ZeroHalf: 8     1572    1.52%
      0     0      130.0000    28      132.0000   ZeroHalf: 4     1579    1.52%
      0     0      130.0000    20      132.0000  ZeroHalf: 10     1586    1.52%
      0     0      130.0000    30      132.0000  ZeroHalf: 10     1588    1.52%
      0     0      130.0000    30      132.0000   ZeroHalf: 4     1592    1.52%
      0     0      130.0000    27      132.0000   ZeroHalf: 5     1593    1.52%
      0     0      130.0000    30      132.0000   ZeroHalf: 3     1594    1.52%
      0     0      130.0000    27      132.0000   ZeroHalf: 2     1595    1.52%
      0     0      130.0000    24      132.0000   ZeroHalf: 2     1596    1.52%
      0     0      130.0000    27      132.0000   ZeroHalf: 1     1597    1.52%
      0     0      130.0000    32      132.0000   ZeroHalf: 4     1598    1.52%
      0     0      130.0000    25      132.0000   ZeroHalf: 2     1605    1.52%
      0     0      130.0000    25      132.0000   ZeroHalf: 2     1608    1.52%
      0     0      130.0000    22      132.0000  ZeroHalf: 11     1615    1.52%
      0     0      130.0000    29      132.0000   ZeroHalf: 6     1620    1.52%
      0     0      130.0000    24      132.0000   ZeroHalf: 5     1626    1.52%
      0     0      130.0000    31      132.0000   ZeroHalf: 7     1627    1.52%
      0     0      130.0000    24      132.0000   ZeroHalf: 6     1632    1.52%
      0     0      130.0000    23      132.0000   ZeroHalf: 2     1635    1.52%
      0     0      130.0000    21      132.0000   ZeroHalf: 3     1642    1.52%
      0     0      130.0000    22      132.0000   ZeroHalf: 5     1644    1.52%
      0     0      130.0000    20      132.0000   ZeroHalf: 6     1645    1.52%
      0     0      130.0000    30      132.0000   ZeroHalf: 4     1647    1.52%
      0     0      130.0000    26      132.0000   ZeroHalf: 4     1656    1.52%
      0     0      130.0000    25      132.0000   ZeroHalf: 9     1658    1.52%
      0     0      130.0000    26      132.0000   ZeroHalf: 8     1659    1.52%
      0     0      130.0000    24      132.0000   ZeroHalf: 4     1660    1.52%
      0     0      130.0000    29      132.0000   ZeroHalf: 4     1663    1.52%
      0     0      130.0000    27      132.0000   ZeroHalf: 7     1664    1.52%
      0     0      130.0000    18      132.0000   ZeroHalf: 7     1674    1.52%
      0     0      130.0000    33      132.0000   ZeroHalf: 4     1680    1.52%
      0     0      130.0000    29      132.0000   ZeroHalf: 3     1683    1.52%
      0     0      130.0000    33      132.0000   ZeroHalf: 7     1689    1.52%
      0     0      130.0000    24      132.0000   ZeroHalf: 3     1699    1.52%
      0     0      130.0000    30      132.0000   ZeroHalf: 6     1702    1.52%
      0     0      130.0000    16      132.0000   ZeroHalf: 2     1704    1.52%
      0     0      130.0000    22      132.0000   ZeroHalf: 5     1705    1.52%
      0     0      130.0000    19      132.0000  ZeroHalf: 13     1708    1.52%
      0     0      130.0000    25      132.0000  ZeroHalf: 18     1714    1.52%
      0     0      130.0000    26      132.0000   ZeroHalf: 7     1717    1.52%
      0     0      130.0000    31      132.0000  ZeroHalf: 10     1734    1.52%
      0     0      130.0000    28      132.0000   ZeroHalf: 6     1742    1.52%
      0     0      130.0000    30      132.0000   ZeroHalf: 5     1749    1.52%
      0     0      130.0000    20      132.0000   ZeroHalf: 1     1750    1.52%
      0     0      130.0000    32      132.0000   ZeroHalf: 4     1757    1.52%
      0     0      130.0000    30      132.0000   ZeroHalf: 2     1764    1.52%
      0     0      130.0000    24      132.0000   ZeroHalf: 9     1768    1.52%
      0     0      130.0000    27      132.0000   ZeroHalf: 8     1770    1.52%
      0     0      130.0000    30      132.0000   ZeroHalf: 3     1774    1.52%
      0     0      130.0000    20      132.0000   ZeroHalf: 5     1778    1.52%
      0     0      130.0000    31      132.0000  ZeroHalf: 10     1791    1.52%
      0     0      130.0000    20      132.0000   ZeroHalf: 4     1797    1.52%
      0     0      130.0000    22      132.0000   ZeroHalf: 6     1800    1.52%
      0     0      130.0000    24      132.0000   ZeroHalf: 6     1804    1.52%
      0     0      130.0000    25      132.0000   ZeroHalf: 3     1807    1.52%
      0     0      130.0000    27      132.0000  ZeroHalf: 22     1823    1.52%
      0     0      130.0000    27      132.0000   ZeroHalf: 6     1836    1.52%
      0     0      130.0000    29      132.0000  ZeroHalf: 17     1860    1.52%
      0     0      130.0000    20      132.0000   ZeroHalf: 8     1866    1.52%
      0     0      130.0000    26      132.0000   ZeroHalf: 6     1872    1.52%
      0     0      130.0000    24      132.0000   ZeroHalf: 8     1887    1.52%
      0     0      130.0000    18      132.0000   ZeroHalf: 4     1895    1.52%
      0     0      130.0000    22      132.0000  ZeroHalf: 14     1896    1.52%
      0     0      130.0000    24      132.0000   ZeroHalf: 2     1900    1.52%
      0     0      130.0000    22      132.0000  ZeroHalf: 11     1911    1.52%
      0     0      130.0000    25      132.0000   ZeroHalf: 6     1916    1.52%
      0     0      130.0000    22      132.0000  ZeroHalf: 16     1920    1.52%
      0     0      130.0000    27      132.0000   ZeroHalf: 7     1935    1.52%
      0     0      130.0000    22      132.0000      Cuts: 17     1946    1.52%
      0     0      130.0000    18      132.0000  ZeroHalf: 32     1948    1.52%
      0     0      130.0000    29      132.0000   ZeroHalf: 6     1956    1.52%
      0     0      130.0000    18      132.0000   ZeroHalf: 8     1973    1.52%
      0     0      130.0000    30      132.0000  ZeroHalf: 30     1979    1.52%
      0     0      130.0000    29      132.0000   ZeroHalf: 9     1990    1.52%
      0     0      130.0000    25      132.0000   ZeroHalf: 9     1999    1.52%
      0     0      130.0000    26      132.0000   ZeroHalf: 6     2005    1.52%
      0     0      130.0000    20      132.0000  ZeroHalf: 15     2016    1.52%
      0     0      130.0000    29      132.0000      Cuts: 17     2029    1.52%
      0     0      130.0000    22      132.0000  ZeroHalf: 11     2035    1.52%
      0     0      130.0000    29      132.0000   ZeroHalf: 5     2061    1.52%
      0     0      130.0000    28      132.0000  ZeroHalf: 11     2065    1.52%
      0     0      130.0000    33      132.0000   ZeroHalf: 6     2068    1.52%
      0     0      130.0000    32      132.0000   ZeroHalf: 3     2071    1.52%
      0     0      130.0000    23      132.0000   ZeroHalf: 5     2090    1.52%
      0     0      130.0000    26      132.0000  ZeroHalf: 13     2097    1.52%
      0     0      130.0000    28      132.0000  ZeroHalf: 14     2100    1.52%
      0     0      130.0000    24      132.0000   ZeroHalf: 4     2117    1.52%
      0     0      130.0000    26      132.0000   ZeroHalf: 2     2131    1.52%
      0     0      130.0000    18      132.0000  ZeroHalf: 14     2138    1.52%
      0     0      130.0000    30      132.0000  ZeroHalf: 23     2148    1.52%
      0     0      130.0000    31      132.0000   ZeroHalf: 5     2154    1.52%
      0     0      130.0000    22      132.0000   ZeroHalf: 6     2159    1.52%
      0     0      130.0000    32      132.0000  ZeroHalf: 17     2169    1.52%
      0     0      130.0000    24      132.0000      Cuts: 32     2183    1.52%
      0     0      130.0000    30      132.0000   ZeroHalf: 1     2190    1.52%
      0     0      130.0000    28      132.0000  ZeroHalf: 10     2200    1.52%
      0     0      130.0000    18      132.0000   ZeroHalf: 9     2207    1.52%
      0     0      130.0000    24      132.0000   ZeroHalf: 7     2212    1.52%
      0     0      130.0000    24      132.0000   ZeroHalf: 9     2216    1.52%
      0     0      130.0000    32      132.0000   ZeroHalf: 5     2219    1.52%
      0     0      130.0000    22      132.0000   ZeroHalf: 4     2234    1.52%
      0     0      130.0000    24      132.0000   ZeroHalf: 7     2237    1.52%
      0     0      130.0000    32      132.0000  ZeroHalf: 16     2243    1.52%
      0     0      130.0000    32      132.0000   ZeroHalf: 5     2248    1.52%
      0     0      130.0000    30      132.0000   ZeroHalf: 4     2253    1.52%
      0     0      130.0000    31      132.0000   ZeroHalf: 6     2261    1.52%
      0     0      130.0000    26      132.0000  ZeroHalf: 10     2266    1.52%
      0     0      130.0009    53      132.0000  ZeroHalf: 19     2291    1.51%
      0     0      130.0015    52      132.0000   ZeroHalf: 9     2299    1.51%
      0     0      130.0030    51      132.0000   ZeroHalf: 2     2304    1.51%
      0     0      130.0035    47      132.0000   ZeroHalf: 2     2309    1.51%
      0     0      130.0035    43      132.0000   ZeroHalf: 2     2313    1.51%
      0     0      130.0035    47      132.0000  ZeroHalf: 12     2319    1.51%
      0     0      130.0035    48      132.0000   ZeroHalf: 3     2321    1.51%
      0     0      130.0042    48      132.0000   ZeroHalf: 1     2322    1.51%
      0     2      130.0042    48      132.0000      130.0098     2322    1.51%                        0             0
Elapsed time = 1.07 sec. (910.24 ticks, tree = 0.01 MB, solutions = 1)

Clique cuts applied:  1
Mixed integer rounding cuts applied:  1
Zero-half cuts applied:  38
User cuts applied:  160

Root node processing (before b&c):
  Real time             =    1.07 sec. (910.29 ticks)
Sequential b&c:
  Real time             =    0.11 sec. (70.55 ticks)
                          ------------
Total (root+branch&cut) =    1.18 sec. (980.85 ticks)

