Version identifier: 22.1.0.0 | 2022-03-09 | 1a383f8ce
CPXPARAM_Preprocessing_Reduce                    1
CPXPARAM_Threads                                 1
CPXPARAM_Preprocessing_Reformulations            0
CPXPARAM_Emphasis_MIP                            2
CPXPARAM_MIP_Limits_CutPasses                    1000
CPXPARAM_TimeLimit                               10800
CPXPARAM_MIP_Tolerances_AbsMIPGap                0.999
CPXPARAM_MIP_Limits_TreeMemory                   20000
Legacy callback                                  BbLUID
         Disabling repeat represolve because of lazy constraint/incumbent callback.
1 of 1 MIP starts provided solutions.
MIP start 'm1' defined initial solution with objective 179.0000.
Tried aggregator 1 time.
MIP Presolve eliminated 55 rows and 3 columns.
MIP Presolve modified 27 coefficients.
Reduced MIP has 61 rows, 261 columns, and 639 nonzeros.
Reduced MIP has 261 binaries, 0 generals, 0 SOSs, and 0 indicators.
Presolve time = 0.00 sec. (0.27 ticks)
Probing time = 0.00 sec. (0.42 ticks)
Clique table members: 61.
MIP emphasis: optimality.
MIP search method: traditional branch-and-cut.
Parallel mode: none, using 1 thread.
Root relaxation solution time = 0.00 sec. (0.17 ticks)

        Nodes                                         Cuts/
   Node  Left     Objective  IInf  Best Integer    Best Bound    ItCnt     Gap         Variable B NodeID Parent  Depth

*     0+    0                          179.0000       37.0000            79.33%
      0     0      176.5000    12      179.0000      176.0000       16    1.68%
      0     0      177.0000    30      179.0000       Cuts: 9       22    1.12%
      0     0      177.0000    29      179.0000      Cuts: 14       27    1.12%
      0     0      177.0000    30      179.0000   ZeroHalf: 4       34    1.12%
      0     0      177.0000    17      179.0000   ZeroHalf: 6       37    1.12%
      0     0      177.0000    20      179.0000       Cuts: 7       41    1.12%
      0     0      177.0000    23      179.0000   ZeroHalf: 4       43    1.12%
      0     0      177.0000    12      179.0000       Cuts: 4       46    1.12%
      0     0      177.0000    24      179.0000       Cuts: 7       48    1.12%
      0     0      177.0000    20      179.0000   ZeroHalf: 4       52    1.12%
      0     0      177.0000    20      179.0000   ZeroHalf: 3       53    1.12%
      0     0      177.0000    30      179.0000   ZeroHalf: 3       57    1.12%
      0     0      177.0000    24      179.0000       Cuts: 7       68    1.12%
      0     0      177.0000    25      179.0000   ZeroHalf: 3       73    1.12%
      0     0      177.0000    22      179.0000       Cuts: 5       77    1.12%
      0     0      177.0000    27      179.0000   ZeroHalf: 9       80    1.12%
      0     0      177.0000    28      179.0000   ZeroHalf: 8       82    1.12%
      0     0      177.0000     8      179.0000   ZeroHalf: 3       87    1.12%
      0     0      177.0054    42      179.0000       Cuts: 6       91    1.11%
      0     0      177.0105    44      179.0000       Cuts: 8       98    1.11%
      0     0      177.0185    42      179.0000       Cuts: 7      105    1.11%
      0     0      177.0357    42      179.0000   ZeroHalf: 5      113    1.10%
      0     0      177.0588    40      179.0000   ZeroHalf: 6      122    1.08%
      0     0      177.1111    37      179.0000   ZeroHalf: 3      127    1.06%
      0     0      177.2000    33      179.0000       Cuts: 6      132    1.01%
      0     0      177.2000    33      179.0000   ZeroHalf: 6      134    1.01%
      0     0      177.2000    39      179.0000   ZeroHalf: 3      138    1.01%
      0     0      177.5000    29      179.0000       Cuts: 4      147    0.84%
      0     0      177.5000    20      179.0000       Cuts: 6      149    0.84%
      0     0      177.5000    18      179.0000   ZeroHalf: 1      150    0.84%
      0     0      177.5000    24      179.0000   ZeroHalf: 1      151    0.84%
      0     0      177.5000    29      179.0000   ZeroHalf: 1      156    0.84%
      0     0      177.5000    16      179.0000   ZeroHalf: 6      159    0.84%
      0     0      177.5000    22      179.0000   ZeroHalf: 1      160    0.84%
      0     0      177.5000    32      179.0000   ZeroHalf: 5      165    0.84%
      0     0      177.5000    29      179.0000       Cuts: 7      168    0.84%
      0     0      177.5000    35      179.0000   ZeroHalf: 2      170    0.84%
      0     0      177.5000    31      179.0000   ZeroHalf: 2      173    0.84%
      0     0      177.5000    30      179.0000   ZeroHalf: 3      175    0.84%
      0     0      177.5000    35      179.0000   ZeroHalf: 4      181    0.84%
      0     0      177.5000    26      179.0000   ZeroHalf: 1      184    0.84%
      0     0      177.5000    36      179.0000       Cuts: 4      185    0.84%
      0     0      177.5000    32      179.0000   ZeroHalf: 2      189    0.84%
      0     0      177.5000    34      179.0000   ZeroHalf: 3      194    0.84%
      0     0      177.5000    34      179.0000   ZeroHalf: 3      199    0.84%
      0     0      177.5000    37      179.0000   ZeroHalf: 9      205    0.84%
      0     0      177.5000    22      179.0000   ZeroHalf: 4      215    0.84%
      0     0      177.5455    36      179.0000   ZeroHalf: 8      225    0.81%
      0     0      177.6000    39      179.0000   ZeroHalf: 5      234    0.78%
      0     0      177.6000    40      179.0000       Cuts: 5      240    0.78%
      0     0      177.6000    30      179.0000   ZeroHalf: 6      245    0.78%
      0     0      177.6400    37      179.0000       Cuts: 7      252    0.76%
      0     0      177.6667    40      179.0000       Cuts: 8      258    0.74%
      0     0      177.7500    32      179.0000   ZeroHalf: 1      264    0.70%
      0     0      177.7500    35      179.0000   ZeroHalf: 4      268    0.70%
      0     0      177.7500    31      179.0000   ZeroHalf: 1      270    0.70%
      0     0      177.7500    31      179.0000   ZeroHalf: 3      272    0.70%
      0     0      177.7500    33      179.0000   ZeroHalf: 6      274    0.70%
      0     0      177.7500    33      179.0000   ZeroHalf: 1      277    0.70%
      0     0      178.0000    24      179.0000   ZeroHalf: 3      279    0.56%
      0     0      178.0000    33      179.0000  ZeroHalf: 10      282    0.56%
      0     0      178.0000    34      179.0000   ZeroHalf: 4      286    0.56%
      0     0      178.0000    22      179.0000       Cuts: 4      292    0.56%
      0     0      178.0000    35      179.0000       Cuts: 6      294    0.56%
      0     0      178.0000    27      179.0000  ZeroHalf: 13      300    0.56%
      0     0      178.0000    25      179.0000       Cuts: 7      304    0.56%
      0     0      178.0000    32      179.0000  ZeroHalf: 11      310    0.56%
      0     0      178.0000    28      179.0000   ZeroHalf: 8      314    0.56%
      0     0      178.0000    18      179.0000   ZeroHalf: 2      320    0.56%
      0     0      178.0000    14      179.0000      Cuts: 14      324    0.56%
      0     0      178.0000    28      179.0000       Cuts: 6      326    0.56%
      0     0      178.0000    28      179.0000      Cuts: 10      332    0.56%
      0     0      178.0000    25      179.0000   ZeroHalf: 3      333    0.56%
      0     0      178.0000    33      179.0000   ZeroHalf: 4      337    0.56%
      0     0      178.0000    33      179.0000      Cuts: 10      342    0.56%
      0     0      178.0000    31      179.0000   ZeroHalf: 4      345    0.56%
      0     0      178.0000    33      179.0000   ZeroHalf: 8      352    0.56%
      0     0      178.0000    20      179.0000   ZeroHalf: 4      355    0.56%
      0     0      178.0000    24      179.0000   ZeroHalf: 4      356    0.56%
      0     0      178.0000    33      179.0000   ZeroHalf: 2      359    0.56%
      0     0      178.0000    31      179.0000   ZeroHalf: 2      361    0.56%
      0     0      178.0000    32      179.0000   ZeroHalf: 2      364    0.56%
      0     0      178.0000    32      179.0000   ZeroHalf: 1      366    0.56%
      0     0      178.0000    35      179.0000   ZeroHalf: 1      369    0.56%
      0     0      178.0000    35      179.0000   ZeroHalf: 4      373    0.56%
      0     0      178.0000    22      179.0000   ZeroHalf: 2      375    0.56%
      0     0      178.0000    32      179.0000   ZeroHalf: 1      376    0.56%
      0     0      178.0000    31      179.0000   ZeroHalf: 1      377    0.56%
      0     0      178.0000    18      179.0000   ZeroHalf: 1      378    0.56%
      0     0      178.0000    26      179.0000   ZeroHalf: 4      379    0.56%
      0     0      178.0000    35      179.0000   ZeroHalf: 1      382    0.56%
      0     0      178.0000    34      179.0000   ZeroHalf: 4      387    0.56%
      0     0      178.0000    28      179.0000   ZeroHalf: 3      390    0.56%
      0     0      178.0000    35      179.0000   ZeroHalf: 5      394    0.56%
      0     0      178.0000    34      179.0000   ZeroHalf: 4      398    0.56%
      0     0      178.0000    36      179.0000   ZeroHalf: 2      402    0.56%
      0     0      178.0000    22      179.0000   ZeroHalf: 2      411    0.56%
      0     0      178.0000    24      179.0000   ZeroHalf: 6      413    0.56%
      0     0      178.0000    36      179.0000   ZeroHalf: 5      415    0.56%
      0     0      178.0000    30      179.0000   ZeroHalf: 3      417    0.56%
      0     0      178.0000    24      179.0000   ZeroHalf: 1      423    0.56%
      0     0      178.0000    28      179.0000   ZeroHalf: 3      426    0.56%
      0     0      178.0000    34      179.0000   ZeroHalf: 3      432    0.56%
      0     0      178.0000    24      179.0000   ZeroHalf: 5      435    0.56%
      0     0      178.0000    35      179.0000   ZeroHalf: 5      436    0.56%
      0     0      178.0000    22      179.0000   ZeroHalf: 3      438    0.56%
      0     0      178.0000    38      179.0000   ZeroHalf: 2      440    0.56%
      0     0      178.0000    31      179.0000   ZeroHalf: 1      442    0.56%
      0     0      178.0000    32      179.0000   ZeroHalf: 7      446    0.56%
      0     0      178.0000    34      179.0000   ZeroHalf: 4      449    0.56%
      0     0      178.0000    33      179.0000   ZeroHalf: 5      455    0.56%
      0     0      178.0000    36      179.0000   ZeroHalf: 2      458    0.56%
      0     0      178.0000    35      179.0000   ZeroHalf: 2      461    0.56%
      0     0      178.0000    37      179.0000   ZeroHalf: 2      465    0.56%
      0     0      178.0000    34      179.0000  ZeroHalf: 11      474    0.56%
      0     0      178.0000    25      179.0000   ZeroHalf: 4      477    0.56%
      0     0      178.0000    31      179.0000  ZeroHalf: 16      483    0.56%
      0     0      178.0000    36      179.0000       Cuts: 4      488    0.56%
      0     0      178.0000    33      179.0000   ZeroHalf: 5      495    0.56%
      0     0      178.0000    39      179.0000   ZeroHalf: 8      501    0.56%
      0     0      178.0000    32      179.0000   ZeroHalf: 6      508    0.56%
      0     0      178.0000    27      179.0000   ZeroHalf: 3      513    0.56%
      0     0      178.0000    32      179.0000  ZeroHalf: 13      517    0.56%
      0     0      178.0000    29      179.0000   ZeroHalf: 5      525    0.56%
      0     0      178.0000    37      179.0000       Cuts: 5      530    0.56%
      0     0      178.0000    34      179.0000   ZeroHalf: 4      536    0.56%
      0     0      178.0000    30      179.0000   ZeroHalf: 5      542    0.56%
      0     0      178.0000    26      179.0000   ZeroHalf: 3      545    0.56%
      0     0      178.0000    20      179.0000      Cuts: 14      548    0.56%
      0     0      178.0000    36      179.0000      Cuts: 19      552    0.56%
      0     0      178.0000    18      179.0000      Cuts: 10      562    0.56%
      0     0      178.0000    33      179.0000  ZeroHalf: 12      566    0.56%
      0     0      178.0000    35      179.0000  ZeroHalf: 11      570    0.56%
      0     0      178.0000    39      179.0000   ZeroHalf: 7      574    0.56%
      0     0      178.0000    33      179.0000   ZeroHalf: 1      575    0.56%
      0     0      178.0000    37      179.0000   ZeroHalf: 5      579    0.56%
      0     0      178.0000    34      179.0000   ZeroHalf: 8      591    0.56%
      0     0      178.0000    33      179.0000  ZeroHalf: 11      598    0.56%
      0     0      178.0000    38      179.0000   ZeroHalf: 4      604    0.56%
      0     0      178.0000    20      179.0000   ZeroHalf: 4      609    0.56%
      0     0      178.0000    38      179.0000  ZeroHalf: 11      617    0.56%
      0     0      178.0000    37      179.0000   ZeroHalf: 4      623    0.56%
      0     0      178.0000    22      179.0000       Cuts: 4      631    0.56%
      0     0      178.0000    36      179.0000  ZeroHalf: 11      636    0.56%
      0     0      178.0000    33      179.0000   ZeroHalf: 2      640    0.56%
      0     0      178.0000    29      179.0000   ZeroHalf: 8      650    0.56%
      0     0      178.0000    24      179.0000   ZeroHalf: 3      653    0.56%
      0     0      178.0000    38      179.0000   ZeroHalf: 8      662    0.56%
      0     0      178.0000    22      179.0000       Cuts: 6      665    0.56%
      0     0      178.0000    37      179.0000      Cuts: 10      670    0.56%
      0     0      178.0000    35      179.0000   ZeroHalf: 2      672    0.56%
      0     0      178.0000    33      179.0000   ZeroHalf: 4      689    0.56%
      0     0      178.0000    24      179.0000       Cuts: 9      694    0.56%
      0     0      178.0000    35      179.0000   ZeroHalf: 9      702    0.56%
      0     0      178.0000    31      179.0000       Cuts: 5      707    0.56%
      0     0      178.0000    21      179.0000  ZeroHalf: 10      713    0.56%
      0     0      178.0000    35      179.0000  ZeroHalf: 12      716    0.56%
      0     0      178.0000    34      179.0000   ZeroHalf: 8      724    0.56%
      0     0      178.0000    30      179.0000   ZeroHalf: 7      727    0.56%
      0     0      178.0000    22      179.0000       Cuts: 6      732    0.56%
      0     0      178.0000    36      179.0000   ZeroHalf: 5      734    0.56%
      0     0      178.0000    36      179.0000   ZeroHalf: 5      742    0.56%
      0     0      178.0000    32      179.0000   ZeroHalf: 2      748    0.56%
      0     0      178.0000    27      179.0000  ZeroHalf: 10      755    0.56%
      0     0      178.0000    37      179.0000  ZeroHalf: 12      759    0.56%
      0     0      178.0000    18      179.0000   ZeroHalf: 2      766    0.56%
      0     0      178.0000    33      179.0000   ZeroHalf: 4      775    0.56%
      0     0      178.0000    27      179.0000  ZeroHalf: 11      779    0.56%
      0     0      178.0000    38      179.0000  ZeroHalf: 14      781    0.56%
      0     0      178.0000    34      179.0000   ZeroHalf: 2      784    0.56%
      0     0      178.0000    30      179.0000   ZeroHalf: 4      787    0.56%
      0     0      178.0000    38      179.0000  ZeroHalf: 14      791    0.56%
      0     0      178.0000    36      179.0000      Cuts: 11      793    0.56%
      0     0      178.0000    38      179.0000   ZeroHalf: 5      798    0.56%
      0     0      178.0000    18      179.0000   ZeroHalf: 4      801    0.56%
      0     0      178.0000    36      179.0000   ZeroHalf: 9      807    0.56%
      0     0      178.0000    39      179.0000       Cuts: 7      816    0.56%
      0     0      178.0000    20      179.0000   ZeroHalf: 4      826    0.56%
      0     0      178.0000    38      179.0000  ZeroHalf: 16      831    0.56%
      0     0      178.0000    38      179.0000       Cuts: 3      832    0.56%
      0     0      178.0000    33      179.0000   ZeroHalf: 5      837    0.56%
      0     0      178.0000    18      179.0000   ZeroHalf: 9      844    0.56%
      0     0      178.0000    26      179.0000  ZeroHalf: 19      846    0.56%
      0     0      178.0000    24      179.0000   ZeroHalf: 6      848    0.56%
      0     0      178.0000    39      179.0000   ZeroHalf: 4      853    0.56%
      0     0      178.0000    32      179.0000   ZeroHalf: 2      858    0.56%
      0     0      178.0000    20      179.0000   ZeroHalf: 6      861    0.56%
      0     0      178.0000    37      179.0000      Cuts: 16      866    0.56%
      0     0      178.0000    30      179.0000   ZeroHalf: 8      868    0.56%
      0     0      178.0000    38      179.0000  ZeroHalf: 16      873    0.56%
      0     0      178.0000    24      179.0000   ZeroHalf: 3      878    0.56%
      0     0      178.0000    18      179.0000   ZeroHalf: 3      879    0.56%
      0     0      178.0000    38      179.0000  ZeroHalf: 10      881    0.56%
      0     0      178.0000    33      179.0000   ZeroHalf: 1      883    0.56%
      0     0      178.0000    31      179.0000   ZeroHalf: 9      885    0.56%
      0     0      178.0000    37      179.0000      Cuts: 11      887    0.56%
      0     0      178.0000    33      179.0000   ZeroHalf: 2      902    0.56%
      0     0      178.0000    19      179.0000  ZeroHalf: 12      923    0.56%
      0     0      178.0000    35      179.0000  ZeroHalf: 21      930    0.56%
      0     0      178.0000    32      179.0000       Cuts: 4      942    0.56%
      0     0      178.0000    32      179.0000   ZeroHalf: 7      944    0.56%
      0     0      178.0000    35      179.0000   ZeroHalf: 4      955    0.56%
      0     0      178.0000    33      179.0000  ZeroHalf: 12      970    0.56%
      0     0      178.0000    40      179.0000      Cuts: 11      979    0.56%
      0     0      178.0000    38      179.0000   ZeroHalf: 3      989    0.56%
      0     0      178.0000    32      179.0000   ZeroHalf: 7      996    0.56%
      0     0      178.0000    39      179.0000   ZeroHalf: 3     1005    0.56%
      0     0      178.0000    37      179.0000   ZeroHalf: 1     1008    0.56%
      0     0      178.0000    31      179.0000   ZeroHalf: 1     1009    0.56%
      0     0      178.0000    39      179.0000      Cuts: 18     1014    0.56%
      0     0      178.0000    30      179.0000   ZeroHalf: 2     1015    0.56%
      0     0      178.0000    37      179.0000   ZeroHalf: 7     1016    0.56%
      0     0      178.0000    22      179.0000   ZeroHalf: 3     1022    0.56%
      0     0      178.0000    36      179.0000  ZeroHalf: 17     1027    0.56%
      0     0      178.0000    36      179.0000   ZeroHalf: 3     1028    0.56%
      0     0      178.0000    28      179.0000   ZeroHalf: 5     1040    0.56%
      0     0      178.0000    38      179.0000  ZeroHalf: 15     1056    0.56%
      0     0      178.0000    29      179.0000   ZeroHalf: 6     1060    0.56%
      0     0      178.0000    37      179.0000      Cuts: 17     1066    0.56%
      0     0      178.0000    25      179.0000   ZeroHalf: 6     1079    0.56%
      0     0      178.0000    29      179.0000   ZeroHalf: 7     1091    0.56%
      0     0      178.0000    26      179.0000   ZeroHalf: 4     1096    0.56%
      0     0      178.0000    28      179.0000  ZeroHalf: 11     1104    0.56%
      0     0      178.0000    28      179.0000   ZeroHalf: 1     1109    0.56%
      0     0      178.0000    18      179.0000   ZeroHalf: 3     1113    0.56%
      0     0      178.0000    42      179.0000   ZeroHalf: 5     1119    0.56%
      0     0      178.0000    39      179.0000   ZeroHalf: 2     1125    0.56%
      0     0      178.0000    28      179.0000   ZeroHalf: 3     1130    0.56%
      0     0      178.0000    39      179.0000   ZeroHalf: 7     1145    0.56%
      0     0      178.0000    39      179.0000   ZeroHalf: 2     1151    0.56%
      0     0      178.0000    36      179.0000   ZeroHalf: 2     1161    0.56%
      0     0      178.0000    27      179.0000   ZeroHalf: 9     1172    0.56%
      0     0      178.0000    31      179.0000  ZeroHalf: 21     1196    0.56%
      0     0      178.0000    29      179.0000  ZeroHalf: 10     1207    0.56%
      0     0      178.0000    24      179.0000   ZeroHalf: 7     1230    0.56%
      0     0      178.0000    23      179.0000  ZeroHalf: 12     1241    0.56%
      0     0      178.0000    21      179.0000  ZeroHalf: 11     1257    0.56%
      0     0        cutoff            179.0000                   1294    0.00%                        0             0
Elapsed time = 0.35 sec. (364.67 ticks, tree = 0.01 MB, solutions = 1)

Zero-half cuts applied:  25
User cuts applied:  136

Root node processing (before b&c):
  Real time             =    0.35 sec. (364.67 ticks)
Sequential b&c:
  Real time             =    0.00 sec. (0.00 ticks)
                          ------------
Total (root+branch&cut) =    0.35 sec. (364.67 ticks)

