Version identifier: 22.1.0.0 | 2022-03-09 | 1a383f8ce
CPXPARAM_Preprocessing_Reduce                    1
CPXPARAM_Threads                                 1
CPXPARAM_Preprocessing_Reformulations            0
CPXPARAM_Emphasis_MIP                            2
CPXPARAM_MIP_Limits_CutPasses                    1000
CPXPARAM_TimeLimit                               10800
CPXPARAM_MIP_Tolerances_AbsMIPGap                0.999
CPXPARAM_MIP_Limits_TreeMemory                   20000
Legacy callback                                  BbLUID
         Disabling repeat represolve because of lazy constraint/incumbent callback.
1 of 1 MIP starts provided solutions.
MIP start 'm1' defined initial solution with objective 182.0000.
Tried aggregator 1 time.
MIP Presolve eliminated 104 rows and 3 columns.
MIP Presolve modified 36 coefficients.
Reduced MIP has 70 rows, 234 columns, and 660 nonzeros.
Reduced MIP has 234 binaries, 0 generals, 0 SOSs, and 0 indicators.
Presolve time = 0.00 sec. (0.32 ticks)
Probing time = 0.00 sec. (0.37 ticks)
Clique table members: 70.
MIP emphasis: optimality.
MIP search method: traditional branch-and-cut.
Parallel mode: none, using 1 thread.
Root relaxation solution time = 0.00 sec. (0.25 ticks)

        Nodes                                         Cuts/
   Node  Left     Objective  IInf  Best Integer    Best Bound    ItCnt     Gap         Variable B NodeID Parent  Depth

*     0+    0                          182.0000       37.0000            79.67%
      0     0      180.3333    17      182.0000      180.0000       30    1.10%
      0     0      181.0000    14      182.0000      Cuts: 15       35    0.55%
      0     0      181.0000    16      182.0000       Cuts: 5       38    0.55%
      0     0      181.0000    20      182.0000      Cuts: 11       41    0.55%
      0     0      181.0000    23      182.0000       Cuts: 7       44    0.55%
      0     0        cutoff            182.0000                     47    0.00%                        0             0
Elapsed time = 0.01 sec. (5.17 ticks, tree = 0.01 MB, solutions = 1)

Cover cuts applied:  1
Zero-half cuts applied:  7
User cuts applied:  29

Root node processing (before b&c):
  Real time             =    0.01 sec. (5.17 ticks)
Sequential b&c:
  Real time             =    0.00 sec. (0.00 ticks)
                          ------------
Total (root+branch&cut) =    0.01 sec. (5.17 ticks)

