Version identifier: 22.1.0.0 | 2022-03-09 | 1a383f8ce
CPXPARAM_Preprocessing_Reduce                    1
CPXPARAM_Threads                                 1
CPXPARAM_Preprocessing_Reformulations            0
CPXPARAM_Emphasis_MIP                            2
CPXPARAM_MIP_Limits_CutPasses                    1000
CPXPARAM_TimeLimit                               10800
CPXPARAM_MIP_Tolerances_AbsMIPGap                0.999
CPXPARAM_MIP_Limits_TreeMemory                   20000
Legacy callback                                  BbLUID
         Disabling repeat represolve because of lazy constraint/incumbent callback.
1 of 1 MIP starts provided solutions.
MIP start 'm1' defined initial solution with objective 182.0000.
Tried aggregator 1 time.
MIP Presolve eliminated 139 rows and 1 columns.
MIP Presolve modified 40 coefficients.
Reduced MIP has 79 rows, 210 columns, and 660 nonzeros.
Reduced MIP has 210 binaries, 0 generals, 0 SOSs, and 0 indicators.
Presolve time = 0.00 sec. (0.36 ticks)
Probing time = 0.00 sec. (0.33 ticks)
Clique table members: 79.
MIP emphasis: optimality.
MIP search method: traditional branch-and-cut.
Parallel mode: none, using 1 thread.
Root relaxation solution time = 0.00 sec. (0.32 ticks)

        Nodes                                         Cuts/
   Node  Left     Objective  IInf  Best Integer    Best Bound    ItCnt     Gap         Variable B NodeID Parent  Depth

*     0+    0                          182.0000        0.0000           100.00%
      0     0      175.0000    16      182.0000      175.0000       50    3.85%
      0     0      175.0000    12      182.0000       User: 3       55    3.85%
      0     2      175.0000    12      182.0000      175.0000       55    3.85%                        0             0
Elapsed time = 0.02 sec. (7.97 ticks, tree = 0.01 MB, solutions = 1)

User cuts applied:  269

Root node processing (before b&c):
  Real time             =    0.02 sec. (7.97 ticks)
Sequential b&c:
  Real time             =    0.13 sec. (79.51 ticks)
                          ------------
Total (root+branch&cut) =    0.15 sec. (87.47 ticks)

