Version identifier: 22.1.0.0 | 2022-03-09 | 1a383f8ce
CPXPARAM_Preprocessing_Reduce                    1
CPXPARAM_Threads                                 1
CPXPARAM_Preprocessing_Reformulations            0
CPXPARAM_Emphasis_MIP                            2
CPXPARAM_MIP_Limits_CutPasses                    1000
CPXPARAM_TimeLimit                               10800
CPXPARAM_MIP_Tolerances_AbsMIPGap                0.999
CPXPARAM_MIP_Limits_TreeMemory                   20000
Legacy callback                                  BbLUID
         Disabling repeat represolve because of lazy constraint/incumbent callback.
1 of 1 MIP starts provided solutions.
MIP start 'm1' defined initial solution with objective 1051.0000.
Tried aggregator 2 times.
MIP Presolve eliminated 596 rows and 1 columns.
MIP Presolve modified 188 coefficients.
Aggregator did 13 substitutions.
Reduced MIP has 350 rows, 950 columns, and 2868 nonzeros.
Reduced MIP has 950 binaries, 0 generals, 0 SOSs, and 0 indicators.
Presolve time = 0.00 sec. (1.91 ticks)
Probing time = 0.00 sec. (1.52 ticks)
Clique table members: 366.
MIP emphasis: optimality.
MIP search method: traditional branch-and-cut.
Parallel mode: none, using 1 thread.
Root relaxation solution time = 0.00 sec. (1.46 ticks)

        Nodes                                         Cuts/
   Node  Left     Objective  IInf  Best Integer    Best Bound    ItCnt     Gap         Variable B NodeID Parent  Depth

*     0+    0                         1051.0000      132.0000            87.44%
      0     0     1025.0000    32     1051.0000     1004.0000      232    4.47%
      0     0     1029.5000    46     1051.0000      Cuts: 19      258    2.05%
      0     0     1030.0000    12     1051.0000      Cuts: 23      279    2.00%
      0     0     1034.5000    32     1051.0000      Cuts: 13      290    1.57%
      0     0     1035.0000    44     1051.0000      Cuts: 11      310    1.52%
      0     0     1035.0000    84     1051.0000      Cuts: 12      324    1.52%
      0     0     1036.0000    44     1051.0000      Cuts: 23      334    1.43%
      0     0     1036.0000    32     1051.0000      Cuts: 14      341    1.43%
      0     0     1036.2500    71     1051.0000       Cuts: 3      345    1.40%
      0     0     1037.0000    48     1051.0000      Cuts: 16      359    1.33%
      0     0     1037.0000    95     1051.0000      Cuts: 12      370    1.33%
      0     0     1037.3333    62     1051.0000      Cuts: 21      388    1.30%
      0     0     1037.5000    71     1051.0000      Cuts: 19      408    1.28%
      0     0     1037.5000    83     1051.0000      Cuts: 27      436    1.28%
      0     0     1037.8000    95     1051.0000      Cuts: 24      461    1.26%
      0     0     1037.8000    99     1051.0000      Cuts: 19      484    1.26%
      0     0     1037.8000   103     1051.0000      Cuts: 17      511    1.26%
      0     0     1038.0000    36     1051.0000      Cuts: 32      552    1.24%
      0     0     1038.0000    42     1051.0000      Cuts: 23      575    1.24%
      0     0     1038.0000    58     1051.0000      Cuts: 17      598    1.24%
      0     0     1038.0000    50     1051.0000      Cuts: 20      627    1.24%
      0     0     1038.0000    52     1051.0000      Cuts: 17      648    1.24%
      0     0     1038.0000    34     1051.0000      Cuts: 15      666    1.24%
      0     0     1038.0000    53     1051.0000       Cuts: 6      669    1.24%
      0     0     1038.0000    39     1051.0000      Cuts: 12      690    1.24%
      0     0     1038.0000    56     1051.0000      Cuts: 22      716    1.24%
      0     0     1038.0000    31     1051.0000      Cuts: 28      749    1.24%
      0     0     1038.0000    30     1051.0000      Cuts: 19      802    1.24%
      0     0     1038.0000    41     1051.0000       Cuts: 9      823    1.24%
      0     0     1038.0345   121     1051.0000      Cuts: 13      838    1.23%
      0     0     1038.1250    87     1051.0000      Cuts: 13      855    1.23%
      0     0     1038.2000    56     1051.0000      Cuts: 25      870    1.22%
      0     0     1038.3333    52     1051.0000      Cuts: 22      908    1.21%
      0     0     1038.3333    66     1051.0000      Cuts: 18      931    1.21%
      0     0     1038.3623   118     1051.0000      Cuts: 28      972    1.20%
      0     0     1038.9286   110     1051.0000  ZeroHalf: 12     1032    1.15%
      0     0     1038.9931   117     1051.0000      Cuts: 18     1055    1.14%
      0     0     1039.1029   112     1051.0000       Cuts: 5     1095    1.13%
      0     0     1039.2500    92     1051.0000   ZeroHalf: 9     1123    1.12%
      0     0     1039.5455   115     1051.0000      Cuts: 16     1148    1.09%
      0     0     1039.5455   105     1051.0000   ZeroHalf: 9     1167    1.09%
      0     0     1039.6027   108     1051.0000   ZeroHalf: 7     1200    1.08%
      0     0     1039.7455   114     1051.0000      Cuts: 20     1249    1.07%
      0     0     1039.7667   115     1051.0000      Cuts: 13     1287    1.07%
      0     0     1039.7667   116     1051.0000       Cuts: 5     1309    1.07%
      0     0     1039.7667   114     1051.0000       Cuts: 8     1339    1.07%
      0     0     1039.7667   113     1051.0000      Cuts: 13     1360    1.07%
      0     0     1039.7667    99     1051.0000   ZeroHalf: 4     1377    1.07%
      0     0     1039.7667   109     1051.0000       Cuts: 6     1393    1.07%
      0     0     1039.7667   108     1051.0000   ZeroHalf: 4     1399    1.07%
      0     0     1039.7667   117     1051.0000   ZeroHalf: 5     1421    1.07%
      0     0     1039.7667   109     1051.0000   ZeroHalf: 8     1442    1.07%
      0     0     1039.7667   106     1051.0000       Cuts: 9     1451    1.07%
      0     0     1039.7667   114     1051.0000  ZeroHalf: 12     1464    1.07%
      0     0     1039.7667   118     1051.0000   ZeroHalf: 1     1471    1.07%
      0     0     1039.7667   112     1051.0000   ZeroHalf: 8     1492    1.07%
      0     0     1039.7667   108     1051.0000   ZeroHalf: 5     1503    1.07%
      0     0     1039.7667   115     1051.0000      Cuts: 15     1515    1.07%
      0     0     1039.7667   115     1051.0000   ZeroHalf: 4     1519    1.07%
      0     0     1039.8243   108     1051.0000   ZeroHalf: 8     1540    1.06%
      0     0     1039.8243   114     1051.0000       Cuts: 8     1551    1.06%
      0     0     1039.8243   117     1051.0000      Cuts: 12     1565    1.06%
      0     0     1039.8243   112     1051.0000      Cuts: 26     1601    1.06%
      0     0     1039.9067   114     1051.0000  ZeroHalf: 10     1650    1.06%
      0     0     1040.0000   112     1051.0000  ZeroHalf: 13     1701    1.05%
      0     0     1040.0755   118     1051.0000      Cuts: 11     1750    1.04%
      0     0     1040.1250   113     1051.0000   ZeroHalf: 8     1780    1.03%
      0     0     1040.1250   100     1051.0000  ZeroHalf: 13     1807    1.03%
      0     0     1040.1786   118     1051.0000      Cuts: 10     1838    1.03%
      0     0     1040.3333   114     1051.0000   ZeroHalf: 9     1875    1.01%
      0     0     1040.6000    51     1051.0000  ZeroHalf: 13     1960    0.99%
      0     0     1040.7000   116     1051.0000      Cuts: 14     1974    0.98%
      0     0     1040.7000   107     1051.0000  ZeroHalf: 15     1996    0.98%
      0     0     1040.7000   106     1051.0000      Cuts: 15     2005    0.98%
      0     0     1040.7034   120     1051.0000  ZeroHalf: 18     2041    0.98%
      0     0     1040.7206   122     1051.0000  ZeroHalf: 12     2054    0.98%
      0     0     1040.7391   126     1051.0000   ZeroHalf: 7     2083    0.98%
      0     0     1041.2667   102     1051.0000      Cuts: 12     2130    0.93%
      0     0     1041.5211   108     1051.0000      Cuts: 18     2166    0.90%
      0     0     1041.5333   117     1051.0000      Cuts: 19     2190    0.90%
      0     0     1041.6190   116     1051.0000      Cuts: 13     2215    0.89%
      0     0     1041.7679   115     1051.0000      Cuts: 15     2253    0.88%
      0     0     1041.7778   113     1051.0000      Cuts: 22     2282    0.88%
      0     0     1041.8000   112     1051.0000      Cuts: 19     2308    0.88%
      0     0     1041.8000   117     1051.0000  ZeroHalf: 17     2340    0.88%
      0     0     1041.8000   119     1051.0000  ZeroHalf: 15     2378    0.88%
      0     0     1042.0000   112     1051.0000  ZeroHalf: 11     2412    0.86%
      0     0     1042.0000   108     1051.0000      Cuts: 13     2481    0.86%
      0     0     1042.0000   115     1051.0000      Cuts: 15     2523    0.86%
      0     0     1042.0000   116     1051.0000   ZeroHalf: 8     2554    0.86%
      0     0     1042.0000   118     1051.0000   ZeroHalf: 8     2608    0.86%
      0     0     1042.0000   118     1051.0000  ZeroHalf: 10     2643    0.86%
      0     0     1042.0000    34     1051.0000      Cuts: 14     2654    0.86%
      0     0     1042.0000   127     1051.0000       Cuts: 9     2722    0.86%
      0     0     1042.0000   114     1051.0000   ZeroHalf: 6     2775    0.86%
      0     0     1042.0000   131     1051.0000      Cuts: 16     2860    0.86%
      0     0     1042.0000   116     1051.0000   ZeroHalf: 4     2903    0.86%
      0     0     1042.0000   109     1051.0000   ZeroHalf: 3     2970    0.86%
      0     0     1042.0000    96     1051.0000  ZeroHalf: 17     3023    0.86%
      0     0     1042.0417   122     1051.0000  ZeroHalf: 15     3089    0.85%
      0     0     1042.0476   117     1051.0000      Cuts: 23     3160    0.85%
      0     0     1042.0476   108     1051.0000      Cuts: 17     3190    0.85%
      0     0     1042.0476   109     1051.0000   ZeroHalf: 9     3210    0.85%
      0     0     1042.0769   107     1051.0000  ZeroHalf: 17     3255    0.85%
      0     0     1042.0769   130     1051.0000  ZeroHalf: 15     3293    0.85%
      0     0     1042.0769   138     1051.0000      Cuts: 17     3351    0.85%
      0     0     1042.0769   112     1051.0000      Cuts: 11     3374    0.85%
      0     0     1042.0769   132     1051.0000      Cuts: 17     3389    0.85%
      0     0     1042.0769   130     1051.0000       Cuts: 5     3402    0.85%
      0     0     1042.0769   129     1051.0000   ZeroHalf: 2     3421    0.85%
      0     0     1042.0769   130     1051.0000   ZeroHalf: 7     3447    0.85%
      0     0     1042.0769   127     1051.0000  ZeroHalf: 10     3464    0.85%
      0     0     1042.0769   128     1051.0000  ZeroHalf: 14     3486    0.85%
      0     0     1042.0769   110     1051.0000  ZeroHalf: 22     3512    0.85%
      0     0     1042.1129   132     1051.0000  ZeroHalf: 12     3542    0.85%
      0     0     1042.2617   136     1051.0000   ZeroHalf: 5     3589    0.83%
      0     0     1042.2617   136     1051.0000       Cuts: 2     3593    0.83%
      0     0     1042.2621   137     1051.0000   ZeroHalf: 2     3597    0.83%
      0     0     1042.2621   139     1051.0000   ZeroHalf: 1     3600    0.83%
      0     0     1042.2621   138     1051.0000   ZeroHalf: 3     3604    0.83%
      0     0     1042.2621   137     1051.0000   ZeroHalf: 1     3608    0.83%
      0     0     1042.2621   137     1051.0000   ZeroHalf: 1     3613    0.83%
      0     0     1042.2621   136     1051.0000   ZeroHalf: 1     3617    0.83%
      0     0     1042.2621   138     1051.0000       User: 2     3620    0.83%
      0     0     1042.2621   136     1051.0000   ZeroHalf: 2     3627    0.83%
      0     0     1042.2621   137     1051.0000   ZeroHalf: 1     3630    0.83%
      0     0     1042.2621   136     1051.0000   ZeroHalf: 2     3633    0.83%
      0     0     1042.3319   134     1051.0000   ZeroHalf: 2     3665    0.82%
      0     0     1042.3676   134     1051.0000       Cuts: 8     3704    0.82%
      0     0     1042.3866   132     1051.0000   ZeroHalf: 6     3724    0.82%
      0     0     1042.5254   123     1051.0000   ZeroHalf: 4     3761    0.81%
      0     0     1042.5875   125     1051.0000   ZeroHalf: 4     3775    0.80%
      0     0     1042.5882   125     1051.0000      Cuts: 17     3791    0.80%
      0     0     1042.6087   122     1051.0000       Cuts: 5     3811    0.80%
      0     0     1042.6714   129     1051.0000   ZeroHalf: 8     3844    0.79%
      0     0     1042.6733   131     1051.0000  ZeroHalf: 18     3869    0.79%
      0     0     1042.6733   127     1051.0000  ZeroHalf: 11     3887    0.79%
      0     0     1042.7037   108     1051.0000  ZeroHalf: 15     3906    0.79%
      0     0     1042.7383   137     1051.0000  ZeroHalf: 28     3958    0.79%
      0     0     1042.7383   130     1051.0000      Cuts: 13     3982    0.79%
      0     0     1042.7383   128     1051.0000  ZeroHalf: 11     4012    0.79%
      0     0     1042.7383   133     1051.0000  ZeroHalf: 12     4032    0.79%
      0     0     1042.7383   134     1051.0000  ZeroHalf: 20     4067    0.79%
      0     0     1042.7383   132     1051.0000      Cuts: 10     4086    0.79%
      0     0     1042.7383   128     1051.0000       Cuts: 3     4094    0.79%
      0     0     1042.7383   134     1051.0000      Cuts: 17     4120    0.79%
      0     0     1042.7383   132     1051.0000       User: 3     4127    0.79%
      0     0     1042.7383   128     1051.0000      Cuts: 15     4147    0.79%
      0     0     1042.7383   131     1051.0000   ZeroHalf: 9     4169    0.79%
      0     0     1042.7383   130     1051.0000  ZeroHalf: 14     4202    0.79%
      0     0     1042.7383   128     1051.0000       Cuts: 8     4209    0.79%
      0     0     1042.7383   130     1051.0000  ZeroHalf: 19     4225    0.79%
      0     0     1042.7383   131     1051.0000       Cuts: 6     4237    0.79%
      0     0     1042.7383   129     1051.0000  ZeroHalf: 11     4262    0.79%
      0     0     1042.7383   131     1051.0000   ZeroHalf: 7     4276    0.79%
      0     0     1042.7383   130     1051.0000   ZeroHalf: 5     4284    0.79%
      0     0     1042.7383   132     1051.0000   ZeroHalf: 7     4301    0.79%
      0     0     1042.7383   130     1051.0000   ZeroHalf: 3     4322    0.79%
      0     0     1042.7383   132     1051.0000   ZeroHalf: 4     4339    0.79%
      0     0     1042.7383   128     1051.0000   ZeroHalf: 4     4359    0.79%
      0     0     1042.7383   128     1051.0000   ZeroHalf: 8     4371    0.79%
      0     0     1042.7383   131     1051.0000   ZeroHalf: 5     4377    0.79%
      0     0     1042.7383   128     1051.0000   ZeroHalf: 4     4384    0.79%
      0     0     1042.7383   127     1051.0000  ZeroHalf: 11     4401    0.79%
      0     0     1042.7383   133     1051.0000       Cuts: 5     4410    0.79%
      0     0     1042.7383   129     1051.0000   ZeroHalf: 4     4416    0.79%
      0     0     1042.7383   134     1051.0000   ZeroHalf: 2     4421    0.79%
      0     0     1042.7383   132     1051.0000   ZeroHalf: 3     4428    0.79%
      0     0     1042.7383   130     1051.0000  ZeroHalf: 10     4437    0.79%
      0     0     1042.7383   132     1051.0000   ZeroHalf: 3     4447    0.79%
      0     0     1042.7383   132     1051.0000   ZeroHalf: 4     4452    0.79%
      0     0     1042.7383   129     1051.0000   ZeroHalf: 2     4472    0.79%
      0     0     1042.7383   132     1051.0000  ZeroHalf: 17     4493    0.79%
      0     0     1042.7383   122     1051.0000   ZeroHalf: 2     4499    0.79%
      0     0     1042.7383   132     1051.0000  ZeroHalf: 14     4516    0.79%
      0     0     1042.7383   130     1051.0000   ZeroHalf: 5     4535    0.79%
      0     0     1042.7383   137     1051.0000  ZeroHalf: 12     4571    0.79%
      0     0     1042.7383   136     1051.0000   ZeroHalf: 8     4584    0.79%
      0     0     1042.7383   137     1051.0000  ZeroHalf: 11     4641    0.79%
      0     0     1042.7383   128     1051.0000   ZeroHalf: 3     4654    0.79%
      0     2     1042.7383   128     1051.0000     1042.8095     4654    0.78%                        0             0
Elapsed time = 1.37 sec. (1793.97 ticks, tree = 0.01 MB, solutions = 1)
      8     6     1049.0000    88     1051.0000     1044.3077     5004    0.64%          x82_78 U      8      7      7
     36    15     1049.3333    70     1051.0000     1046.0000     5978    0.48%          x48_45 N     36     32      5
     86    24     1049.0000    97     1051.0000     1048.0000     7534    0.29%          x78_75 D     86     59      8
    200    17        cutoff           1051.0000     1050.0000     8991    0.10%          x81_77 U    200    198     16

Clique cuts applied:  5
Zero-half cuts applied:  56
User cuts applied:  673

Root node processing (before b&c):
  Real time             =    1.36 sec. (1787.70 ticks)
Sequential b&c:
  Real time             =    0.83 sec. (999.51 ticks)
                          ------------
Total (root+branch&cut) =    2.19 sec. (2787.21 ticks)

