Version identifier: 22.1.0.0 | 2022-03-09 | 1a383f8ce
CPXPARAM_Preprocessing_Reduce                    1
CPXPARAM_Threads                                 1
CPXPARAM_Preprocessing_Reformulations            0
CPXPARAM_Emphasis_MIP                            2
CPXPARAM_MIP_Limits_CutPasses                    1000
CPXPARAM_TimeLimit                               10800
CPXPARAM_MIP_Tolerances_AbsMIPGap                0.999
CPXPARAM_MIP_Limits_TreeMemory                   20000
Legacy callback                                  BbLUID
         Disabling repeat represolve because of lazy constraint/incumbent callback.
1 of 1 MIP starts provided solutions.
MIP start 'm1' defined initial solution with objective 190.0000.
Tried aggregator 1 time.
MIP Presolve eliminated 140 rows and 3 columns.
MIP Presolve modified 31 coefficients.
Reduced MIP has 65 rows, 226 columns, and 666 nonzeros.
Reduced MIP has 226 binaries, 0 generals, 0 SOSs, and 0 indicators.
Presolve time = 0.00 sec. (0.35 ticks)
Probing time = 0.00 sec. (0.36 ticks)
Clique table members: 65.
MIP emphasis: optimality.
MIP search method: traditional branch-and-cut.
Parallel mode: none, using 1 thread.
Root relaxation solution time = 0.00 sec. (0.20 ticks)

        Nodes                                         Cuts/
   Node  Left     Objective  IInf  Best Integer    Best Bound    ItCnt     Gap         Variable B NodeID Parent  Depth

*     0+    0                          190.0000       37.0000            80.53%
      0     0      181.0000    16      190.0000      180.0000       26    5.26%
      0     0      182.0714    28      190.0000       Cuts: 9       33    4.17%
      0     0      183.0000    12      190.0000       Cuts: 9       37    3.68%
      0     0      183.0769    26      190.0000       Cuts: 8       43    3.64%
      0     0      183.1818    29      190.0000       Cuts: 7       49    3.59%
      0     0      183.3333    26      190.0000  ZeroHalf: 10       57    3.51%
      0     0      183.4286    32      190.0000       Cuts: 7       64    3.46%
      0     0      183.5625    41      190.0000  ZeroHalf: 13       73    3.39%
      0     0      183.5714    31      190.0000   ZeroHalf: 8       79    3.38%
      0     0      183.6000    42      190.0000      Cuts: 10       83    3.37%
      0     0      183.6098    44      190.0000   ZeroHalf: 4       91    3.36%
      0     0      183.7143    30      190.0000   ZeroHalf: 6      101    3.31%
      0     0      183.7455    39      190.0000   ZeroHalf: 6      105    3.29%
      0     0      183.7500    41      190.0000   ZeroHalf: 1      109    3.29%
      0     0      183.7857    33      190.0000   ZeroHalf: 4      117    3.27%
      0     0      183.7975    43      190.0000      Cuts: 11      119    3.26%
      0     0      183.8235    43      190.0000   ZeroHalf: 5      125    3.25%
      0     0      183.8667    40      190.0000   ZeroHalf: 8      131    3.23%
      0     0      184.0000    24      190.0000   ZeroHalf: 5      137    3.16%
      0     0      184.0000    35      190.0000   ZeroHalf: 5      140    3.16%
      0     0      184.0000    33      190.0000   ZeroHalf: 4      146    3.16%
      0     0      184.0000    37      190.0000   ZeroHalf: 3      151    3.16%
      0     0      184.0000    40      190.0000   ZeroHalf: 7      166    3.16%
      0     0      184.0000    28      190.0000       Cuts: 7      175    3.16%
      0     0      184.0000    22      190.0000      Cuts: 12      186    3.16%
      0     0      184.0077    46      190.0000   ZeroHalf: 3      198    3.15%
      0     0      184.0139    45      190.0000      Cuts: 16      205    3.15%
      0     0      184.0328    44      190.0000   ZeroHalf: 4      217    3.14%
      0     0      184.0333    43      190.0000   ZeroHalf: 8      224    3.14%
      0     0      184.0590    43      190.0000   ZeroHalf: 4      233    3.13%
      0     0      184.1667    45      190.0000   ZeroHalf: 2      242    3.07%
      0     0      184.2500    41      190.0000   ZeroHalf: 2      254    3.03%
      0     0      184.2500    37      190.0000   ZeroHalf: 2      259    3.03%
      0     0      184.2727    42      190.0000   ZeroHalf: 3      267    3.01%
      0     0      184.2754    43      190.0000   ZeroHalf: 1      269    3.01%
      0     0      184.2807    45      190.0000   ZeroHalf: 1      274    3.01%
      0     0      184.3396    44      190.0000       Cuts: 5      281    2.98%
      0     0      184.3412    44      190.0000   ZeroHalf: 3      288    2.98%
      0     0      184.5000    22      190.0000   ZeroHalf: 1      293    2.89%
      0     0      184.5000    20      190.0000   ZeroHalf: 3      297    2.89%
      0     0      184.5000    22      190.0000   ZeroHalf: 2      299    2.89%
      0     0      184.5000    35      190.0000       Cuts: 5      302    2.89%
      0     0      184.5000    26      190.0000   ZeroHalf: 3      313    2.89%
      0     0      184.5000    34      190.0000  ZeroHalf: 10      322    2.89%
      0     0      184.5000    43      190.0000   ZeroHalf: 6      330    2.89%
      0     0      184.5000    28      190.0000   ZeroHalf: 9      337    2.89%
      0     0      184.5000    29      190.0000   ZeroHalf: 4      341    2.89%
      0     0      184.5000    40      190.0000   ZeroHalf: 8      349    2.89%
      0     0      184.5000    30      190.0000   ZeroHalf: 2      353    2.89%
      0     0      184.5000    39      190.0000       Cuts: 4      360    2.89%
      0     0      184.5000    39      190.0000   ZeroHalf: 3      368    2.89%
      0     0      184.5000    42      190.0000      Cuts: 13      377    2.89%
      0     0      184.5000    24      190.0000   ZeroHalf: 4      379    2.89%
      0     0      184.5000    38      190.0000   ZeroHalf: 6      396    2.89%
      0     0      184.6000    28      190.0000   ZeroHalf: 6      408    2.84%
      0     0      184.6000    39      190.0000       Cuts: 6      412    2.84%
      0     0      184.6471    40      190.0000   ZeroHalf: 2      425    2.82%
      0     0      184.6667    20      190.0000   ZeroHalf: 5      427    2.81%
      0     0      184.6905    46      190.0000  ZeroHalf: 10      436    2.79%
      0     0      184.7179    41      190.0000   ZeroHalf: 2      442    2.78%
      0     0      184.7407    44      190.0000   ZeroHalf: 6      446    2.77%
      0     0      184.8571    36      190.0000   ZeroHalf: 2      455    2.71%
      0     0      184.8571    36      190.0000   ZeroHalf: 5      460    2.71%
      0     0      184.8571    31      190.0000   ZeroHalf: 6      465    2.71%
      0     0      184.8571    32      190.0000   ZeroHalf: 4      469    2.71%
      0     0      184.8571    37      190.0000   ZeroHalf: 5      474    2.71%
      0     0      184.8919    42      190.0000   ZeroHalf: 6      482    2.69%
      0     0      185.0278    42      190.0000      Cuts: 10      499    2.62%
      0     0      185.0588    42      190.0000      Cuts: 16      512    2.60%
      0     0      185.1538    35      190.0000       Cuts: 6      532    2.55%
      0     0      185.1935    42      190.0000   ZeroHalf: 5      543    2.53%
      0     0      185.2222    36      190.0000   ZeroHalf: 7      554    2.51%
      0     0      185.2222    35      190.0000   ZeroHalf: 7      557    2.51%
      0     0      185.2222    37      190.0000   ZeroHalf: 2      560    2.51%
      0     0      185.2418    46      190.0000   ZeroHalf: 2      567    2.50%
      0     0      185.3333    36      190.0000       Cuts: 4      573    2.46%
      0     0      185.3333    26      190.0000   ZeroHalf: 4      582    2.46%
      0     0      185.3846    32      190.0000      Cuts: 14      597    2.43%
      0     0      185.4615    43      190.0000   ZeroHalf: 5      600    2.39%
      0     0      185.5000    24      190.0000   ZeroHalf: 3      602    2.37%
      0     0      185.5000    30      190.0000   ZeroHalf: 5      606    2.37%
      0     0      185.6250    40      190.0000   ZeroHalf: 7      616    2.30%
      0     0      185.6667    29      190.0000   ZeroHalf: 4      626    2.28%
      0     0      185.6667    37      190.0000  ZeroHalf: 10      631    2.28%
      0     0      185.6667    38      190.0000   ZeroHalf: 7      640    2.28%
      0     0      185.6667    23      190.0000   ZeroHalf: 1      642    2.28%
      0     0      185.6881    47      190.0000   ZeroHalf: 4      651    2.27%
      0     0      185.7571    42      190.0000   ZeroHalf: 2      659    2.23%
      0     0      185.7778    38      190.0000   ZeroHalf: 3      667    2.22%
      0     0      185.7895    39      190.0000   ZeroHalf: 3      675    2.22%
      0     0      185.8000    43      190.0000   ZeroHalf: 2      679    2.21%
      0     0      185.8235    42      190.0000   ZeroHalf: 2      689    2.20%
      0     0      185.8235    45      190.0000       Cuts: 4      692    2.20%
      0     0      186.0000    39      190.0000   ZeroHalf: 1      693    2.11%
      0     0      186.0000    37      190.0000  ZeroHalf: 10      699    2.11%
      0     0      186.0000    33      190.0000   ZeroHalf: 7      704    2.11%
      0     0      186.0000    20      190.0000   ZeroHalf: 2      708    2.11%
      0     0      186.0000    42      190.0000   ZeroHalf: 4      714    2.11%
      0     0      186.0000    36      190.0000   ZeroHalf: 4      723    2.11%
      0     0      186.0000    32      190.0000   ZeroHalf: 6      730    2.11%
      0     0      186.0000    41      190.0000   ZeroHalf: 5      737    2.11%
      0     0      186.0000    44      190.0000   ZeroHalf: 1      745    2.11%
      0     0      186.0000    45      190.0000   ZeroHalf: 7      752    2.11%
      0     0      186.0000    31      190.0000       Cuts: 3      764    2.11%
      0     0      186.0000    32      190.0000  ZeroHalf: 20      772    2.11%
      0     0      186.0000    28      190.0000   ZeroHalf: 6      776    2.11%
      0     0      186.0000    31      190.0000   ZeroHalf: 3      779    2.11%
      0     0      186.0000    42      190.0000   ZeroHalf: 5      781    2.11%
      0     0      186.0000    37      190.0000   ZeroHalf: 3      784    2.11%
      0     0      186.0000    42      190.0000   ZeroHalf: 5      799    2.11%
      0     0      186.0000    43      190.0000   ZeroHalf: 2      803    2.11%
      0     0      186.0000    34      190.0000   ZeroHalf: 2      807    2.11%
      0     0      186.0000    24      190.0000   ZeroHalf: 3      813    2.11%
      0     0      186.0000    41      190.0000   ZeroHalf: 9      823    2.11%
      0     0      186.0000    20      190.0000   ZeroHalf: 2      826    2.11%
      0     0      186.0000    30      190.0000   ZeroHalf: 6      836    2.11%
      0     0      186.0000    38      190.0000   ZeroHalf: 8      842    2.11%
      0     0      186.0000    35      190.0000       Cuts: 8      855    2.11%
      0     0      186.0000    44      190.0000   ZeroHalf: 3      863    2.11%
      0     0      186.0000    43      190.0000   ZeroHalf: 2      868    2.11%
      0     0      186.0000    38      190.0000   ZeroHalf: 4      877    2.11%
      0     0      186.0000    40      190.0000   ZeroHalf: 4      880    2.11%
      0     0      186.0000    32      190.0000   ZeroHalf: 4      882    2.11%
      0     0      186.0000    40      190.0000   ZeroHalf: 4      883    2.11%
      0     0      186.0000    22      190.0000   ZeroHalf: 3      895    2.11%
      0     0      186.0000    41      190.0000  ZeroHalf: 12      904    2.11%
      0     0      186.0000    34      190.0000       Cuts: 5      912    2.11%
      0     0      186.0000    39      190.0000  ZeroHalf: 12      915    2.11%
      0     0      186.0000    36      190.0000   ZeroHalf: 5      920    2.11%
      0     0      186.0000    34      190.0000   ZeroHalf: 5      925    2.11%
      0     0      186.0000    35      190.0000   ZeroHalf: 9      931    2.11%
      0     0      186.0000    36      190.0000   ZeroHalf: 4      935    2.11%
      0     0      186.0000    30      190.0000   ZeroHalf: 8      943    2.11%
      0     0      186.0000    43      190.0000   ZeroHalf: 6      950    2.11%
      0     0      186.0000    40      190.0000   ZeroHalf: 3      960    2.11%
      0     0      186.0000    40      190.0000   ZeroHalf: 2      961    2.11%
      0     0      186.0000    36      190.0000   ZeroHalf: 6      968    2.11%
      0     0      186.0000    39      190.0000      Cuts: 14      979    2.11%
      0     0      186.0000    26      190.0000   ZeroHalf: 9      984    2.11%
      0     0      186.0000    41      190.0000   ZeroHalf: 9     1007    2.11%
      0     0      186.0000    45      190.0000   ZeroHalf: 6     1018    2.11%
      0     0      186.0000    40      190.0000   ZeroHalf: 2     1022    2.11%
      0     0      186.0000    40      190.0000   ZeroHalf: 3     1024    2.11%
      0     0      186.0000    28      190.0000   ZeroHalf: 2     1028    2.11%
      0     0      186.0000    31      190.0000  ZeroHalf: 13     1042    2.11%
      0     0      186.0000    42      190.0000   ZeroHalf: 7     1046    2.11%
      0     0      186.0000    36      190.0000   ZeroHalf: 4     1057    2.11%
      0     0      186.0000    35      190.0000   ZeroHalf: 4     1063    2.11%
      0     0      186.0000    44      190.0000   ZeroHalf: 8     1075    2.11%
      0     0      186.0000    26      190.0000       Cuts: 5     1082    2.11%
      0     0      186.0000    16      190.0000   ZeroHalf: 1     1086    2.11%
      0     0      186.0000    20      190.0000       Cuts: 6     1087    2.11%
      0     0      186.0000    37      190.0000   ZeroHalf: 3     1091    2.11%
      0     0      186.0000    33      190.0000   ZeroHalf: 1     1098    2.11%
      0     0      186.0000    39      190.0000   ZeroHalf: 3     1105    2.11%
      0     0      186.0000    38      190.0000   ZeroHalf: 3     1112    2.11%
      0     0      186.0000    39      190.0000       Cuts: 5     1118    2.11%
      0     0      186.0000    29      190.0000  ZeroHalf: 16     1121    2.11%
      0     0      186.0000    37      190.0000   ZeroHalf: 6     1129    2.11%
      0     0      186.0000    34      190.0000   ZeroHalf: 3     1130    2.11%
      0     0      186.0000    35      190.0000   ZeroHalf: 2     1131    2.11%
      0     0      186.0000    42      190.0000   ZeroHalf: 1     1133    2.11%
      0     0      186.0000    24      190.0000   ZeroHalf: 3     1137    2.11%
      0     0      186.0000    42      190.0000   ZeroHalf: 4     1146    2.11%
      0     0      186.0000    41      190.0000   ZeroHalf: 7     1154    2.11%
      0     0      186.0000    35      190.0000       Cuts: 6     1160    2.11%
      0     0      186.0000    33      190.0000   ZeroHalf: 8     1166    2.11%
      0     0      186.0000    42      190.0000  ZeroHalf: 11     1175    2.11%
      0     0      186.0000    36      190.0000   ZeroHalf: 5     1180    2.11%
      0     0      186.0000    47      190.0000  ZeroHalf: 10     1184    2.11%
      0     0      186.0000    28      190.0000   ZeroHalf: 7     1189    2.11%
      0     0      186.0000    30      190.0000   ZeroHalf: 5     1192    2.11%
      0     0      186.0000    35      190.0000  ZeroHalf: 19     1197    2.11%
      0     0      186.0000    49      190.0000   ZeroHalf: 4     1207    2.11%
      0     0      186.0000    33      190.0000   ZeroHalf: 2     1212    2.11%
      0     0      186.0000    21      190.0000       Cuts: 8     1219    2.11%
      0     0      186.0000    44      190.0000   ZeroHalf: 7     1221    2.11%
      0     0      186.0000    42      190.0000   ZeroHalf: 2     1226    2.11%
      0     0      186.0000    24      190.0000   ZeroHalf: 5     1237    2.11%
      0     0      186.0000    23      190.0000      Cuts: 27     1247    2.11%
      0     0      186.0000    20      190.0000      Cuts: 20     1248    2.11%
      0     0      186.0000    30      190.0000   ZeroHalf: 4     1252    2.11%
      0     0      186.0000    46      190.0000  ZeroHalf: 12     1260    2.11%
      0     0      186.0000    30      190.0000      Cuts: 10     1269    2.11%
      0     0      186.0000    22      190.0000  ZeroHalf: 15     1280    2.11%
      0     0      186.0000    27      190.0000   ZeroHalf: 3     1294    2.11%
      0     0      186.0000    42      190.0000   ZeroHalf: 6     1301    2.11%
      0     0      186.0000    42      190.0000   ZeroHalf: 4     1313    2.11%
      0     0      186.0000    42      190.0000  ZeroHalf: 12     1329    2.11%
      0     0      186.0000    42      190.0000  ZeroHalf: 12     1341    2.11%
      0     0      186.0000    34      190.0000   ZeroHalf: 4     1349    2.11%
      0     0      186.0000    43      190.0000   ZeroHalf: 7     1361    2.11%
      0     0      186.0000    36      190.0000      Cuts: 11     1370    2.11%
      0     0      186.0000    16      190.0000   ZeroHalf: 9     1394    2.11%
      0     0      186.0000    24      190.0000   ZeroHalf: 8     1403    2.11%
      0     0      186.0000    35      190.0000   ZeroHalf: 3     1421    2.11%
      0     0      186.0000    32      190.0000      Cuts: 10     1436    2.11%
      0     0      186.0000    31      190.0000   ZeroHalf: 3     1448    2.11%
      0     0      186.0000    23      190.0000   ZeroHalf: 6     1457    2.11%
      0     0      186.0000    31      190.0000   ZeroHalf: 8     1465    2.11%
      0     0      186.0000    31      190.0000   ZeroHalf: 5     1478    2.11%
      0     0      186.0000    29      190.0000  ZeroHalf: 13     1486    2.11%
      0     0      186.0000    24      190.0000   ZeroHalf: 7     1488    2.11%
      0     0      186.0000    20      190.0000   ZeroHalf: 4     1504    2.11%
      0     0      186.0000    20      190.0000   ZeroHalf: 6     1506    2.11%
      0     0      186.0000    32      190.0000   ZeroHalf: 2     1511    2.11%
      0     0      186.0000    24      190.0000   ZeroHalf: 9     1519    2.11%
      0     0      186.0000    20      190.0000  ZeroHalf: 13     1527    2.11%
      0     0      186.0000    21      190.0000   ZeroHalf: 4     1535    2.11%
      0     0      186.0000    31      190.0000  ZeroHalf: 10     1547    2.11%
      0     0      186.0000    26      190.0000   ZeroHalf: 4     1551    2.11%
      0     0      186.0000    24      190.0000  ZeroHalf: 12     1555    2.11%
      0     0      186.0000    31      190.0000   ZeroHalf: 8     1563    2.11%
      0     0      186.0000    32      190.0000   ZeroHalf: 5     1571    2.11%
      0     0      186.0000    26      190.0000  ZeroHalf: 10     1589    2.11%
      0     0      186.0000    20      190.0000   ZeroHalf: 6     1604    2.11%
      0     0      186.0028    47      190.0000  ZeroHalf: 14     1610    2.10%
      0     0      186.0048    47      190.0000   ZeroHalf: 5     1615    2.10%
      0     0      186.0096    45      190.0000   ZeroHalf: 2     1622    2.10%
      0     0      186.0167    42      190.0000   ZeroHalf: 9     1638    2.10%
      0     0      186.0182    43      190.0000   ZeroHalf: 2     1646    2.10%
      0     0      186.0227    45      190.0000   ZeroHalf: 4     1656    2.09%
      0     0      186.0227    45      190.0000   ZeroHalf: 2     1658    2.09%
      0     0      186.0244    47      190.0000   ZeroHalf: 7     1662    2.09%
      0     0      186.0417    42      190.0000   ZeroHalf: 2     1671    2.08%
      0     0      186.0417    41      190.0000   ZeroHalf: 2     1675    2.08%
      0     0      186.0417    45      190.0000   ZeroHalf: 6     1682    2.08%
      0     0      186.0417    46      190.0000   ZeroHalf: 1     1685    2.08%
      0     0      186.0417    45      190.0000   ZeroHalf: 2     1687    2.08%
      0     0      186.0417    45      190.0000   ZeroHalf: 2     1693    2.08%
      0     0      186.0427    50      190.0000   ZeroHalf: 3     1698    2.08%
      0     0      186.0488    43      190.0000   ZeroHalf: 2     1702    2.08%
      0     0      186.0615    46      190.0000   ZeroHalf: 1     1713    2.07%
      0     0      186.0690    40      190.0000   ZeroHalf: 2     1721    2.07%
      0     0      186.0750    42      190.0000   ZeroHalf: 7     1728    2.07%
      0     0      186.0758    39      190.0000   ZeroHalf: 1     1734    2.07%
      0     0      186.0820    42      190.0000   ZeroHalf: 1     1740    2.06%
      0     0      186.0820    46      190.0000   ZeroHalf: 7     1741    2.06%
      0     0      186.1034    39      190.0000   ZeroHalf: 1     1748    2.05%
      0     0      186.1117    52      190.0000       Cuts: 6     1760    2.05%
      0     0      186.1117    51      190.0000   ZeroHalf: 7     1763    2.05%
      0     0      186.1154    48      190.0000   ZeroHalf: 1     1768    2.04%
      0     0      186.1182    50      190.0000   ZeroHalf: 3     1777    2.04%
      0     0      186.1250    41      190.0000   ZeroHalf: 3     1787    2.04%
      0     0      186.2000    35      190.0000   ZeroHalf: 3     1797    2.00%
      0     0      186.2000    42      190.0000   ZeroHalf: 8     1808    2.00%
      0     0      186.2000    37      190.0000   ZeroHalf: 6     1815    2.00%
      0     0      186.2000    37      190.0000   ZeroHalf: 5     1817    2.00%
      0     0      186.2000    34      190.0000   ZeroHalf: 1     1819    2.00%
      0     0      186.2000    29      190.0000   ZeroHalf: 8     1824    2.00%
      0     0      186.2000    39      190.0000  ZeroHalf: 10     1826    2.00%
      0     0      186.2000    39      190.0000   ZeroHalf: 4     1839    2.00%
      0     0      186.2000    23      190.0000      Cuts: 10     1854    2.00%
      0     0      186.2000    43      190.0000  ZeroHalf: 14     1855    2.00%
      0     0      186.2000    42      190.0000   ZeroHalf: 4     1857    2.00%
      0     0      186.2000    42      190.0000   ZeroHalf: 3     1866    2.00%
      0     0      186.2000    36      190.0000   ZeroHalf: 5     1881    2.00%
      0     0      186.2000    45      190.0000   ZeroHalf: 6     1883    2.00%
      0     0      186.2000    45      190.0000   ZeroHalf: 1     1884    2.00%
      0     0      186.2222    37      190.0000   ZeroHalf: 2     1889    1.99%
      0     0      186.2222    42      190.0000   ZeroHalf: 2     1890    1.99%
      0     0      186.2222    41      190.0000   ZeroHalf: 1     1892    1.99%
      0     0      186.2222    36      190.0000   ZeroHalf: 4     1898    1.99%
      0     0      186.2222    36      190.0000   ZeroHalf: 6     1901    1.99%
      0     0      186.2222    34      190.0000   ZeroHalf: 3     1904    1.99%
      0     0      186.2222    44      190.0000   ZeroHalf: 9     1911    1.99%
      0     0      186.2222    45      190.0000   ZeroHalf: 7     1915    1.99%
      0     0      186.2222    42      190.0000   ZeroHalf: 7     1926    1.99%
      0     0      186.2222    43      190.0000   ZeroHalf: 2     1931    1.99%
      0     0      186.2222    37      190.0000   ZeroHalf: 7     1939    1.99%
      0     0      186.2222    36      190.0000   ZeroHalf: 8     1945    1.99%
      0     0      186.2222    37      190.0000   ZeroHalf: 5     1950    1.99%
      0     0      186.2222    37      190.0000   ZeroHalf: 2     1953    1.99%
      0     0      186.2222    33      190.0000   ZeroHalf: 3     1956    1.99%
      0     0      186.2222    43      190.0000  ZeroHalf: 14     1959    1.99%
      0     0      186.2222    36      190.0000   ZeroHalf: 1     1960    1.99%
      0     0      186.2222    42      190.0000   ZeroHalf: 8     1964    1.99%
      0     0      186.2222    42      190.0000   ZeroHalf: 4     1967    1.99%
      0     0      186.2222    35      190.0000   ZeroHalf: 4     1971    1.99%
      0     0      186.2222    43      190.0000       Cuts: 8     1976    1.99%
      0     0      186.2222    43      190.0000   ZeroHalf: 1     1979    1.99%
      0     0      186.2222    35      190.0000   ZeroHalf: 4     1982    1.99%
      0     0      186.2222    42      190.0000   ZeroHalf: 1     1985    1.99%
      0     0      186.2222    35      190.0000   ZeroHalf: 1     1988    1.99%
      0     0      186.2222    43      190.0000   ZeroHalf: 3     1994    1.99%
      0     0      186.2222    43      190.0000   ZeroHalf: 1     1997    1.99%
      0     0      186.2222    44      190.0000   ZeroHalf: 2     2000    1.99%
      0     0      186.2222    35      190.0000   ZeroHalf: 3     2006    1.99%
      0     0      186.2222    40      190.0000      Cuts: 10     2013    1.99%
      0     0      186.2222    46      190.0000  ZeroHalf: 12     2021    1.99%
      0     0      186.2222    46      190.0000   ZeroHalf: 2     2023    1.99%
      0     0      186.2222    36      190.0000   ZeroHalf: 1     2027    1.99%
      0     0      186.2222    43      190.0000   ZeroHalf: 4     2034    1.99%
      0     0      186.2222    41      190.0000       Cuts: 5     2041    1.99%
      0     0      186.2222    35      190.0000   ZeroHalf: 3     2046    1.99%
      0     0      186.2222    35      190.0000   ZeroHalf: 6     2050    1.99%
      0     0      186.2222    45      190.0000   ZeroHalf: 6     2057    1.99%
      0     0      186.2222    40      190.0000   ZeroHalf: 1     2059    1.99%
      0     0      186.2222    45      190.0000  ZeroHalf: 12     2066    1.99%
      0     0      186.2222    40      190.0000   ZeroHalf: 3     2072    1.99%
      0     0      186.2222    34      190.0000  ZeroHalf: 11     2074    1.99%
      0     0      186.2222    44      190.0000   ZeroHalf: 5     2077    1.99%
      0     0      186.2222    35      190.0000   ZeroHalf: 3     2084    1.99%
      0     0      186.2222    40      190.0000      Cuts: 17     2089    1.99%
      0     0      186.2222    43      190.0000   ZeroHalf: 4     2100    1.99%
      0     0      186.2222    35      190.0000   ZeroHalf: 4     2110    1.99%
      0     0      186.2222    36      190.0000  ZeroHalf: 10     2116    1.99%
      0     0      186.2222    33      190.0000   ZeroHalf: 6     2126    1.99%
      0     0      186.2222    36      190.0000  ZeroHalf: 16     2134    1.99%
      0     0      186.2222    38      190.0000  ZeroHalf: 11     2140    1.99%
      0     0      186.2222    36      190.0000   ZeroHalf: 5     2149    1.99%
      0     0      186.2222    37      190.0000  ZeroHalf: 12     2160    1.99%
      0     0      186.2222    43      190.0000       Cuts: 9     2167    1.99%
      0     0      186.2222    42      190.0000   ZeroHalf: 9     2172    1.99%
      0     0      186.2222    43      190.0000  ZeroHalf: 10     2176    1.99%
      0     0      186.2222    44      190.0000  ZeroHalf: 10     2185    1.99%
      0     0      186.2222    32      190.0000   ZeroHalf: 2     2192    1.99%
      0     0      186.2222    39      190.0000   ZeroHalf: 5     2198    1.99%
      0     0      186.2222    43      190.0000   ZeroHalf: 6     2209    1.99%
      0     0      186.2222    45      190.0000  ZeroHalf: 12     2213    1.99%
      0     0      186.2222    40      190.0000   ZeroHalf: 5     2218    1.99%
      0     0      186.2222    44      190.0000   ZeroHalf: 6     2222    1.99%
      0     0      186.2222    34      190.0000   ZeroHalf: 4     2227    1.99%
      0     0      186.2222    34      190.0000   ZeroHalf: 5     2232    1.99%
      0     0      186.2222    37      190.0000  ZeroHalf: 12     2236    1.99%
      0     0      186.2222    37      190.0000  ZeroHalf: 16     2241    1.99%
      0     0      186.2222    41      190.0000  ZeroHalf: 15     2244    1.99%
      0     0      186.2222    39      190.0000   ZeroHalf: 4     2248    1.99%
      0     0      186.2222    42      190.0000  ZeroHalf: 16     2254    1.99%
      0     0      186.2222    45      190.0000   ZeroHalf: 3     2259    1.99%
      0     0      186.2222    37      190.0000   ZeroHalf: 2     2265    1.99%
      0     0      186.2222    32      190.0000   ZeroHalf: 4     2269    1.99%
      0     0      186.2222    46      190.0000      Cuts: 13     2279    1.99%
      0     0      186.2222    45      190.0000   ZeroHalf: 2     2282    1.99%
      0     0      186.2222    40      190.0000   ZeroHalf: 6     2287    1.99%
      0     0      186.2222    43      190.0000   ZeroHalf: 2     2290    1.99%
      0     0      186.2222    43      190.0000   ZeroHalf: 3     2292    1.99%
      0     0      186.2222    35      190.0000   ZeroHalf: 2     2304    1.99%
      0     0      186.2222    47      190.0000      Cuts: 12     2316    1.99%
      0     0      186.2222    45      190.0000   ZeroHalf: 2     2320    1.99%
      0     0      186.2222    36      190.0000   ZeroHalf: 9     2326    1.99%
      0     0      186.2222    45      190.0000  ZeroHalf: 10     2331    1.99%
      0     0      186.2500    28      190.0000  ZeroHalf: 13     2336    1.97%
      0     0      186.2500    33      190.0000  ZeroHalf: 13     2341    1.97%
      0     0      186.2500    31      190.0000   ZeroHalf: 2     2345    1.97%
      0     0      186.2500    22      190.0000   ZeroHalf: 3     2347    1.97%
      0     0      186.2500    35      190.0000       Cuts: 2     2352    1.97%
      0     0      186.2500    27      190.0000  ZeroHalf: 13     2358    1.97%
      0     0      186.2500    38      190.0000  ZeroHalf: 32     2363    1.97%
      0     0      186.2500    44      190.0000  ZeroHalf: 24     2365    1.97%
      0     0      186.2500    28      190.0000  ZeroHalf: 11     2376    1.97%
      0     0      186.2500    46      190.0000  ZeroHalf: 14     2381    1.97%
      0     0      186.2500    38      190.0000   ZeroHalf: 8     2395    1.97%
      0     0      186.2500    30      190.0000      Cuts: 16     2404    1.97%
      0     0      186.2500    41      190.0000  ZeroHalf: 11     2410    1.97%
      0     0      186.2500    36      190.0000  ZeroHalf: 15     2418    1.97%
      0     0      186.2500    39      190.0000   ZeroHalf: 7     2428    1.97%
      0     0      186.2500    41      190.0000      Cuts: 16     2436    1.97%
      0     0      186.2500    41      190.0000  ZeroHalf: 14     2443    1.97%
      0     0      186.2500    41      190.0000  ZeroHalf: 11     2456    1.97%
      0     0      186.2500    41      190.0000  ZeroHalf: 23     2466    1.97%
      0     0      186.2500    33      190.0000  ZeroHalf: 10     2476    1.97%
      0     0      186.2500    33      190.0000  ZeroHalf: 12     2482    1.97%
      0     0      186.2500    34      190.0000  ZeroHalf: 15     2486    1.97%
      0     0      186.2500    45      190.0000   ZeroHalf: 9     2493    1.97%
      0     0      186.2500    40      190.0000   ZeroHalf: 4     2505    1.97%
      0     0      186.2500    40      190.0000  ZeroHalf: 16     2515    1.97%
      0     0      186.2500    42      190.0000       Cuts: 9     2522    1.97%
      0     0      186.2500    46      190.0000  ZeroHalf: 27     2539    1.97%
      0     0      186.2500    45      190.0000   ZeroHalf: 9     2548    1.97%
      0     0      186.2500    43      190.0000      Cuts: 19     2567    1.97%
      0     0      186.2500    35      190.0000   ZeroHalf: 9     2575    1.97%
      0     0      186.2500    29      190.0000  ZeroHalf: 11     2588    1.97%
      0     0      186.2500    42      190.0000      Cuts: 22     2603    1.97%
      0     0      186.2500    41      190.0000   ZeroHalf: 7     2616    1.97%
      0     0      186.2500    40      190.0000   ZeroHalf: 8     2628    1.97%
      0     0      186.2500    35      190.0000   ZeroHalf: 9     2637    1.97%
      0     0      186.2500    41      190.0000  ZeroHalf: 23     2645    1.97%
      0     0      186.2500    27      190.0000   ZeroHalf: 7     2651    1.97%
      0     0      186.2500    40      190.0000  ZeroHalf: 37     2658    1.97%
      0     0      186.2500    39      190.0000  ZeroHalf: 13     2668    1.97%
      0     0      186.2500    29      190.0000   ZeroHalf: 7     2675    1.97%
      0     0      186.2500    42      190.0000  ZeroHalf: 24     2678    1.97%
      0     0      186.2500    42      190.0000   ZeroHalf: 5     2684    1.97%
      0     0      186.2500    34      190.0000  ZeroHalf: 15     2696    1.97%
      0     0      186.2500    41      190.0000   ZeroHalf: 5     2700    1.97%
      0     0      186.2500    33      190.0000  ZeroHalf: 13     2713    1.97%
      0     0      186.2500    40      190.0000  ZeroHalf: 33     2725    1.97%
      0     0      186.2500    30      190.0000   ZeroHalf: 7     2733    1.97%
      0     0      186.2500    27      190.0000  ZeroHalf: 16     2741    1.97%
      0     0      186.2500    36      190.0000  ZeroHalf: 52     2748    1.97%
      0     0      186.2500    33      190.0000   ZeroHalf: 8     2756    1.97%
      0     0      186.2500    40      190.0000   ZeroHalf: 4     2766    1.97%
      0     0      186.2500    43      190.0000   ZeroHalf: 6     2776    1.97%
      0     0      186.2500    34      190.0000       Cuts: 9     2789    1.97%
      0     0      186.2500    33      190.0000  ZeroHalf: 19     2798    1.97%
      0     0      186.2500    44      190.0000      Cuts: 16     2810    1.97%
      0     0      186.2500    35      190.0000   ZeroHalf: 7     2818    1.97%
      0     0      186.2500    39      190.0000  ZeroHalf: 23     2834    1.97%
      0     0      186.2500    40      190.0000  ZeroHalf: 17     2846    1.97%
      0     0      186.2500    26      190.0000      Cuts: 24     2856    1.97%
      0     0      186.2500    43      190.0000  ZeroHalf: 20     2870    1.97%
      0     0      186.2500    40      190.0000  ZeroHalf: 23     2888    1.97%
      0     0      186.2500    41      190.0000      Cuts: 15     2901    1.97%
      0     0      186.2500    37      190.0000  ZeroHalf: 27     2922    1.97%
      0     0      186.2500    39      190.0000      Cuts: 30     2936    1.97%
      0     0      186.2500    35      190.0000  ZeroHalf: 19     2949    1.97%
      0     0      186.2500    29      190.0000  ZeroHalf: 26     2971    1.97%
      0     0      186.2500    30      190.0000  ZeroHalf: 12     2982    1.97%
      0     0      186.2545    50      190.0000  ZeroHalf: 14     2988    1.97%
      0     0      186.2623    46      190.0000   ZeroHalf: 2     2992    1.97%
      0     0      186.2623    50      190.0000   ZeroHalf: 7     3001    1.97%
      0     0      186.2778    42      190.0000   ZeroHalf: 7     3009    1.96%
      0     0      186.2778    47      190.0000  ZeroHalf: 17     3020    1.96%
      0     0      186.2791    48      190.0000   ZeroHalf: 8     3038    1.96%
      0     0      186.2792    48      190.0000   ZeroHalf: 9     3045    1.96%
      0     0      186.2841    48      190.0000   ZeroHalf: 4     3051    1.96%
      0     0      186.2941    37      190.0000   ZeroHalf: 3     3057    1.95%
      0     0      186.3043    48      190.0000       Cuts: 6     3065    1.95%
      0     0      186.3333    43      190.0000   ZeroHalf: 1     3072    1.93%
      0     0      186.3474    44      190.0000  ZeroHalf: 14     3081    1.92%
      0     0      186.3566    45      190.0000   ZeroHalf: 4     3087    1.92%
      0     0      186.3673    52      190.0000   ZeroHalf: 9     3094    1.91%
      0     0      186.3933    47      190.0000   ZeroHalf: 2     3107    1.90%
      0     0      186.4000    50      190.0000   ZeroHalf: 8     3120    1.89%
      0     0      186.4000    48      190.0000  ZeroHalf: 14     3127    1.89%
      0     0      186.4286    27      190.0000   ZeroHalf: 4     3142    1.88%
      0     0      186.4286    36      190.0000  ZeroHalf: 23     3151    1.88%
      0     0      186.4286    44      190.0000  ZeroHalf: 11     3162    1.88%
      0     0      186.4286    47      190.0000   ZeroHalf: 3     3167    1.88%
      0     0      186.4286    45      190.0000   ZeroHalf: 4     3172    1.88%
      0     0      186.4286    36      190.0000  ZeroHalf: 16     3179    1.88%
      0     0      186.4444    46      190.0000   ZeroHalf: 4     3188    1.87%
      0     0      186.5000    18      190.0000   ZeroHalf: 2     3194    1.84%
      0     0      186.5128    49      190.0000  ZeroHalf: 11     3201    1.84%
      0     0      186.6000    34      190.0000   ZeroHalf: 1     3207    1.79%
      0     0      186.6000    28      190.0000   ZeroHalf: 2     3209    1.79%
      0     0      186.6000    31      190.0000   ZeroHalf: 8     3215    1.79%
      0     0      186.6000    35      190.0000   ZeroHalf: 6     3223    1.79%
      0     0      186.6000    27      190.0000   ZeroHalf: 2     3228    1.79%
      0     0      186.6000    36      190.0000  ZeroHalf: 12     3233    1.79%
      0     0      186.6000    33      190.0000   ZeroHalf: 2     3236    1.79%
      0     0      186.6000    37      190.0000   ZeroHalf: 3     3246    1.79%
      0     0      186.6000    35      190.0000   ZeroHalf: 4     3253    1.79%
      0     0      186.6000    36      190.0000   ZeroHalf: 1     3254    1.79%
      0     0      186.6000    38      190.0000   ZeroHalf: 2     3261    1.79%
      0     0      186.6087    47      190.0000   ZeroHalf: 1     3269    1.78%
      0     0      186.6087    47      190.0000   ZeroHalf: 3     3272    1.78%
      0     0      186.6667    30      190.0000   ZeroHalf: 1     3276    1.75%
      0     0      186.6667    31      190.0000   ZeroHalf: 4     3279    1.75%
      0     0      186.6667    32      190.0000   ZeroHalf: 6     3282    1.75%
      0     0      186.6667    36      190.0000   ZeroHalf: 2     3287    1.75%
      0     0      186.6667    38      190.0000   ZeroHalf: 3     3289    1.75%
      0     0      186.7143    35      190.0000   ZeroHalf: 1     3295    1.73%
      0     0      186.7143    45      190.0000   ZeroHalf: 5     3299    1.73%
      0     0      186.7143    44      190.0000   ZeroHalf: 1     3301    1.73%
      0     0      186.7143    35      190.0000   ZeroHalf: 4     3306    1.73%
      0     0      186.7143    44      190.0000   ZeroHalf: 4     3313    1.73%
      0     0      186.7500    34      190.0000   ZeroHalf: 3     3317    1.71%
      0     0      186.7500    32      190.0000   ZeroHalf: 2     3319    1.71%
      0     0      186.7500    40      190.0000  ZeroHalf: 14     3320    1.71%
      0     0      186.7500    40      190.0000   ZeroHalf: 2     3321    1.71%
      0     0      186.7500    41      190.0000   ZeroHalf: 2     3323    1.71%
      0     2      186.7500    41      190.0000      187.0000     3323    1.58%                        0             0
Elapsed time = 1.21 sec. (929.41 ticks, tree = 0.01 MB, solutions = 1)

Zero-half cuts applied:  40
User cuts applied:  152

Root node processing (before b&c):
  Real time             =    1.21 sec. (929.41 ticks)
Sequential b&c:
  Real time             =    0.06 sec. (52.11 ticks)
                          ------------
Total (root+branch&cut) =    1.27 sec. (981.51 ticks)

