Version identifier: 22.1.0.0 | 2022-03-09 | 1a383f8ce
CPXPARAM_Preprocessing_Reduce                    1
CPXPARAM_Threads                                 1
CPXPARAM_Preprocessing_Reformulations            0
CPXPARAM_Emphasis_MIP                            2
CPXPARAM_MIP_Limits_CutPasses                    1000
CPXPARAM_TimeLimit                               10800
CPXPARAM_MIP_Tolerances_AbsMIPGap                0.999
CPXPARAM_MIP_Limits_TreeMemory                   20000
Legacy callback                                  BbLUID
         Disabling repeat represolve because of lazy constraint/incumbent callback.
1 of 1 MIP starts provided solutions.
MIP start 'm1' defined initial solution with objective 1783.0000.
Tried aggregator 1 time.
MIP Presolve eliminated 1722 rows and 1 columns.
MIP Presolve modified 404 coefficients.
Reduced MIP has 705 rows, 2177 columns, and 6684 nonzeros.
Reduced MIP has 2177 binaries, 0 generals, 0 SOSs, and 0 indicators.
Presolve time = 0.00 sec. (4.20 ticks)
Probing time = 0.00 sec. (2.29 ticks)
Clique table members: 705.
MIP emphasis: optimality.
MIP search method: traditional branch-and-cut.
Parallel mode: none, using 1 thread.
Root relaxation solution time = 0.00 sec. (5.44 ticks)

        Nodes                                         Cuts/
   Node  Left     Objective  IInf  Best Integer    Best Bound    ItCnt     Gap         Variable B NodeID Parent  Depth

*     0+    0                         1783.0000        0.0000           100.00%
      0     0     1734.0000     6     1783.0000     1734.0000      655    2.75%
      0     0     1762.5000     8     1783.0000      Cuts: 86      745    1.15%
      0     0     1766.0000    30     1783.0000      Cuts: 21      760    0.95%
      0     0     1770.0000     8     1783.0000      Cuts: 20      790    0.73%
      0     0     1770.0000    28     1783.0000      Cuts: 12      806    0.73%
      0     0     1770.0000    40     1783.0000      Cuts: 12      816    0.73%
      0     0     1770.1818    35     1783.0000       Cuts: 9      821    0.72%
      0     0     1770.2000    47     1783.0000      Cuts: 20      835    0.72%
      0     0     1771.0000    24     1783.0000      Cuts: 22      850    0.67%
      0     0     1771.0000    72     1783.0000       Cuts: 4      859    0.67%
      0     0     1771.0000    73     1783.0000      Cuts: 19      893    0.67%
      0     0     1771.0000    44     1783.0000      Cuts: 25      914    0.67%
      0     0     1771.0000    50     1783.0000      Cuts: 16      951    0.67%
      0     0     1772.0000    56     1783.0000       Cuts: 9      965    0.62%
      0     0     1772.0000    41     1783.0000      Cuts: 12      978    0.62%
      0     0     1772.0000    22     1783.0000      Cuts: 10      990    0.62%
      0     0     1772.0000    50     1783.0000       Cuts: 8     1002    0.62%
      0     0     1772.0000    48     1783.0000      Cuts: 12     1013    0.62%
      0     0     1772.0000    46     1783.0000       Cuts: 9     1029    0.62%
      0     0     1772.0000    48     1783.0000      Cuts: 12     1036    0.62%
      0     0     1772.0000    26     1783.0000      Cuts: 22     1046    0.62%
      0     0     1772.0000    34     1783.0000      User: 15     1049    0.62%
      0     0     1772.0000    20     1783.0000       Cuts: 2     1053    0.62%
      0     0     1772.0000    32     1783.0000       User: 1     1054    0.62%
      0     0     1772.0000    52     1783.0000       Cuts: 8     1083    0.62%
      0     0     1772.0000    16     1783.0000      Cuts: 35     1114    0.62%
      0     0     1772.0000    62     1783.0000       Cuts: 5     1122    0.62%
      0     0     1772.0000    56     1783.0000      Cuts: 16     1132    0.62%
      0     0     1772.0000    42     1783.0000      Cuts: 13     1145    0.62%
      0     0     1772.0000    34     1783.0000       Cuts: 5     1147    0.62%
      0     0     1772.0000    13     1783.0000       Cuts: 5     1150    0.62%
      0     0     1772.0000    20     1783.0000      Cuts: 13     1156    0.62%
      0     0     1772.0000    28     1783.0000       Cuts: 5     1158    0.62%
      0     0     1772.0000    26     1783.0000       Cuts: 7     1167    0.62%
      0     0     1772.0000    27     1783.0000      Cuts: 17     1212    0.62%
      0     0     1772.0000    52     1783.0000      Cuts: 27     1226    0.62%
      0     0     1772.0000    38     1783.0000      Cuts: 18     1235    0.62%
      0     0     1772.0000    42     1783.0000      Cuts: 12     1251    0.62%
      0     0     1772.0000    67     1783.0000      Cuts: 12     1277    0.62%
      0     0     1772.0000    63     1783.0000      Cuts: 21     1301    0.62%
      0     0     1772.0000    12     1783.0000      Cuts: 15     1305    0.62%
      0     0     1772.0000    32     1783.0000      Cuts: 15     1313    0.62%
      0     0     1772.0000    42     1783.0000      Cuts: 10     1331    0.62%
      0     0     1772.0000    29     1783.0000      Cuts: 12     1340    0.62%
      0     0     1772.0000    42     1783.0000      Cuts: 13     1344    0.62%
      0     0     1772.0000    24     1783.0000      Cuts: 17     1364    0.62%
      0     0     1772.0000    36     1783.0000      Cuts: 22     1385    0.62%
      0     0     1772.0000    52     1783.0000      Cuts: 10     1413    0.62%
      0     0     1772.0000    39     1783.0000      Cuts: 13     1438    0.62%
      0     0     1772.0000    86     1783.0000       Cuts: 9     1461    0.62%
      0     0     1772.0000    59     1783.0000      Cuts: 15     1486    0.62%
      0     0     1772.0000    26     1783.0000       Cuts: 9     1518    0.62%
      0     0     1772.0000    86     1783.0000      Cuts: 14     1535    0.62%
      0     0     1772.0000    81     1783.0000      Cuts: 24     1554    0.62%
      0     0     1772.0000    65     1783.0000      Cuts: 20     1594    0.62%
      0     0     1772.7500    94     1783.0000      Cuts: 14     1658    0.57%
      0     0     1773.5000    58     1783.0000      Cuts: 24     1669    0.53%
      0     0     1775.0000    35     1783.0000       Cuts: 7     1676    0.45%
      0     0     1775.0000    26     1783.0000       Cuts: 8     1680    0.45%
      0     0     1775.0000    22     1783.0000      Cuts: 12     1687    0.45%
      0     0     1775.0000    46     1783.0000       Cuts: 7     1706    0.45%
      0     0     1775.0000    83     1783.0000      Cuts: 22     1743    0.45%
      0     0     1775.0000    65     1783.0000      Cuts: 20     1757    0.45%
      0     0     1775.0000    40     1783.0000      Cuts: 14     1766    0.45%
      0     0     1775.0000    51     1783.0000      Cuts: 10     1780    0.45%
      0     0     1775.0000    33     1783.0000      Cuts: 12     1811    0.45%
      0     0     1775.0000    38     1783.0000      Cuts: 11     1819    0.45%
      0     0     1775.0000    43     1783.0000      Cuts: 13     1835    0.45%
      0     0     1775.0000    55     1783.0000       Cuts: 9     1846    0.45%
      0     0     1775.2000    54     1783.0000       Cuts: 8     1881    0.44%
      0     0     1775.4000    57     1783.0000      Cuts: 11     1901    0.43%
      0     0     1775.5000    91     1783.0000      Cuts: 10     1917    0.42%
      0     0     1775.5000    88     1783.0000      Cuts: 15     1957    0.42%
      0     0     1775.5000    79     1783.0000      Cuts: 21     1977    0.42%
      0     0     1775.6667    70     1783.0000      Cuts: 20     2016    0.41%
      0     0     1775.8000    68     1783.0000      Cuts: 18     2037    0.40%
      0     0     1775.8000    66     1783.0000      Cuts: 31     2053    0.40%
      0     0     1775.8889    96     1783.0000       Cuts: 8     2080    0.40%
      0     0     1775.8889    89     1783.0000      Cuts: 20     2100    0.40%
      0     0     1775.8889    70     1783.0000      Cuts: 18     2112    0.40%
      0     0     1775.9032    49     1783.0000  ZeroHalf: 13     2141    0.40%
      0     0     1776.1111    79     1783.0000      Cuts: 12     2181    0.39%
      0     0     1776.3000    65     1783.0000  ZeroHalf: 19     2211    0.38%
      0     0     1776.5000    93     1783.0000      Cuts: 26     2252    0.36%
      0     0     1776.7143    90     1783.0000      Cuts: 14     2284    0.35%
      0     0     1777.0000    68     1783.0000      Cuts: 25     2317    0.34%
      0     0     1777.0000    41     1783.0000      Cuts: 22     2326    0.34%
      0     0     1777.0000    82     1783.0000      Cuts: 22     2352    0.34%
      0     0     1777.0000    24     1783.0000      Cuts: 22     2381    0.34%
      0     0     1777.0000    84     1783.0000       Cuts: 6     2394    0.34%
      0     0     1777.0000    54     1783.0000  ZeroHalf: 18     2423    0.34%
      0     0     1777.0000    48     1783.0000      Cuts: 29     2459    0.34%
      0     0     1777.0000    24     1783.0000       Cuts: 6     2484    0.34%
      0     0     1777.0000    76     1783.0000       Cuts: 9     2517    0.34%
      0     0     1777.0000    45     1783.0000      Cuts: 12     2527    0.34%
      0     0     1777.0000    54     1783.0000      Cuts: 13     2537    0.34%
      0     0     1777.0000    92     1783.0000      Cuts: 21     2567    0.34%
      0     0     1777.0000    72     1783.0000  ZeroHalf: 11     2594    0.34%
      0     0     1777.0000    37     1783.0000      Cuts: 22     2615    0.34%
      0     0     1777.0000    40     1783.0000      Cuts: 14     2641    0.34%
      0     0     1777.0000    83     1783.0000      Cuts: 20     2701    0.34%
      0     0     1777.0000    47     1783.0000      Cuts: 33     2723    0.34%
      0     0     1777.0000    99     1783.0000      Cuts: 12     2760    0.34%
      0     0     1777.0000   106     1783.0000      Cuts: 26     2799    0.34%
      0     0     1777.0000    65     1783.0000  ZeroHalf: 16     2832    0.34%
      0     0     1777.0000    87     1783.0000      Cuts: 25     2843    0.34%
      0     0     1777.0000    89     1783.0000  ZeroHalf: 13     2857    0.34%
      0     0     1777.0000    63     1783.0000  ZeroHalf: 13     2871    0.34%
      0     0     1777.0000    69     1783.0000      Cuts: 10     2896    0.34%
      0     0     1777.0000    79     1783.0000      Cuts: 25     2923    0.34%
      0     0     1777.0000    48     1783.0000      Cuts: 19     2947    0.34%
      0     0     1777.0000    74     1783.0000      Cuts: 15     2975    0.34%
      0     0     1777.0000    87     1783.0000      Cuts: 27     2985    0.34%
      0     0     1777.0000    72     1783.0000      Cuts: 19     3018    0.34%
      0     0     1777.0149    97     1783.0000      Cuts: 13     3040    0.34%
      0     0     1777.0339    29     1783.0000      Cuts: 21     3056    0.33%
      0     0     1777.0541    50     1783.0000      Cuts: 15     3066    0.33%
      0     0     1777.1053    60     1783.0000       Cuts: 7     3089    0.33%
      0     0     1777.1053    55     1783.0000       Cuts: 7     3106    0.33%
      0     0     1777.1053    74     1783.0000      Cuts: 11     3127    0.33%
      0     0     1777.1053    82     1783.0000       Cuts: 8     3149    0.33%
      0     0     1777.2000    95     1783.0000      Cuts: 14     3171    0.33%
      0     0     1777.3333    97     1783.0000  ZeroHalf: 30     3220    0.32%
      0     0     1777.3333    90     1783.0000  ZeroHalf: 29     3266    0.32%
      0     0     1777.3400    84     1783.0000  ZeroHalf: 32     3285    0.32%
      0     0     1777.3400   117     1783.0000      Cuts: 31     3353    0.32%
      0     0     1777.3529   101     1783.0000  ZeroHalf: 21     3388    0.32%
      0     0     1777.3529   117     1783.0000      Cuts: 22     3425    0.32%
      0     0     1777.5172   106     1783.0000      Cuts: 11     3466    0.31%
      0     0     1777.5429   105     1783.0000  ZeroHalf: 18     3484    0.31%
      0     0     1777.7500    86     1783.0000      Cuts: 33     3512    0.29%
      0     0     1777.7500   113     1783.0000      Cuts: 20     3530    0.29%
      0     0     1777.8750   117     1783.0000      Cuts: 28     3604    0.29%
      0     0     1778.0000    95     1783.0000  ZeroHalf: 15     3628    0.28%
      0     0     1778.0000    79     1783.0000  ZeroHalf: 33     3659    0.28%
      0     0     1778.0000    74     1783.0000      Cuts: 26     3680    0.28%
      0     0     1778.0263   113     1783.0000      Cuts: 15     3740    0.28%
      0     0     1778.0667   138     1783.0000      Cuts: 38     3773    0.28%
      0     0     1778.0667   128     1783.0000  ZeroHalf: 23     3815    0.28%
      0     0     1778.0714   100     1783.0000  ZeroHalf: 34     3864    0.28%
      0     0     1778.1250   113     1783.0000      Cuts: 12     3891    0.27%
      0     0     1778.1250   115     1783.0000      Cuts: 26     3914    0.27%
      0     0     1778.1250   123     1783.0000  ZeroHalf: 12     3937    0.27%
      0     0     1778.2000   120     1783.0000  ZeroHalf: 10     3969    0.27%
      0     0     1778.2000   106     1783.0000  ZeroHalf: 20     3987    0.27%
      0     0     1778.2000   104     1783.0000  ZeroHalf: 13     3994    0.27%
      0     0     1778.3182   114     1783.0000   ZeroHalf: 4     4011    0.26%
      0     0     1778.4000   122     1783.0000   ZeroHalf: 9     4022    0.26%
      0     0     1778.4000   119     1783.0000      Cuts: 19     4034    0.26%
      0     0     1778.4000   100     1783.0000  ZeroHalf: 13     4046    0.26%
      0     0     1778.4444   128     1783.0000  ZeroHalf: 16     4070    0.26%
      0     0     1778.4444   108     1783.0000      Cuts: 18     4099    0.26%
      0     0     1778.5000    84     1783.0000      Cuts: 15     4114    0.25%
      0     0     1778.5000    83     1783.0000      Cuts: 21     4123    0.25%
      0     0     1778.5000    82     1783.0000   ZeroHalf: 6     4137    0.25%
      0     0     1778.5385   115     1783.0000      Cuts: 13     4147    0.25%
      0     0     1778.7500   116     1783.0000  ZeroHalf: 31     4168    0.24%
      0     0     1778.7500   102     1783.0000  ZeroHalf: 14     4179    0.24%
      0     0     1778.8571   135     1783.0000      Cuts: 18     4199    0.23%
      0     0     1778.8571   127     1783.0000  ZeroHalf: 18     4216    0.23%
      0     0     1778.8750    92     1783.0000  ZeroHalf: 20     4232    0.23%
      0     0     1778.8750   125     1783.0000      Cuts: 20     4247    0.23%
      0     0     1778.8750   132     1783.0000      Cuts: 13     4259    0.23%
      0     0     1778.9231   129     1783.0000      Cuts: 28     4275    0.23%
      0     0     1779.0000    62     1783.0000  ZeroHalf: 25     4295    0.22%
      0     0     1779.0000    73     1783.0000      Cuts: 25     4323    0.22%
      0     0     1779.0000    14     1783.0000      Cuts: 19     4342    0.22%
      0     0     1779.0000    22     1783.0000      Cuts: 11     4348    0.22%
      0     0     1779.0000    37     1783.0000       Cuts: 3     4354    0.22%
      0     0     1779.0000    37     1783.0000      Cuts: 11     4363    0.22%
      0     0     1779.0000    54     1783.0000       Cuts: 5     4368    0.22%
      0     0     1779.0000    80     1783.0000       Cuts: 7     4395    0.22%
      0     0     1779.2222    32     1783.0000      Cuts: 15     4435    0.21%
      0     0     1779.3077    88     1783.0000      Cuts: 24     4455    0.21%
      0     0     1779.3077    78     1783.0000      Cuts: 24     4468    0.21%
      0     0     1779.4286    90     1783.0000      Cuts: 16     4484    0.20%
      0     0     1779.4545    80     1783.0000      Cuts: 16     4499    0.20%
      0     0     1779.4667    72     1783.0000  ZeroHalf: 10     4512    0.20%
      0     0     1779.8214    69     1783.0000      Cuts: 14     4539    0.18%
      0     0     1779.8214    81     1783.0000  ZeroHalf: 28     4557    0.18%
      0     0     1780.3333    48     1783.0000      Cuts: 18     4578    0.15%
      0     0     1780.3333    50     1783.0000      Cuts: 31     4591    0.15%
      0     0     1780.3333    49     1783.0000   ZeroHalf: 8     4597    0.15%
      0     0     1780.3333    30     1783.0000  ZeroHalf: 10     4604    0.15%
      0     0     1780.3333    42     1783.0000       Cuts: 7     4607    0.15%
      0     0     1780.3333    44     1783.0000  ZeroHalf: 20     4628    0.15%
      0     0     1780.3333    34     1783.0000  ZeroHalf: 14     4632    0.15%
      0     0     1780.3750    83     1783.0000       Cuts: 4     4657    0.15%
      0     0     1780.3750    70     1783.0000       Cuts: 9     4666    0.15%
      0     0     1780.3750    65     1783.0000  ZeroHalf: 12     4687    0.15%
      0     0     1780.3750    97     1783.0000  ZeroHalf: 26     4702    0.15%
      0     0     1780.3750    97     1783.0000      Cuts: 25     4725    0.15%
      0     0     1780.3857    66     1783.0000      Cuts: 14     4735    0.15%
      0     0     1780.3857    91     1783.0000   ZeroHalf: 3     4742    0.15%
      0     0     1780.5000    97     1783.0000  ZeroHalf: 24     4757    0.14%
      0     0     1780.5000    90     1783.0000   ZeroHalf: 4     4766    0.14%
      0     0     1780.6667    56     1783.0000  ZeroHalf: 11     4783    0.13%
      0     0     1780.6667    83     1783.0000       Cuts: 9     4796    0.13%
      0     0     1780.7143    73     1783.0000   ZeroHalf: 6     4808    0.13%
      0     0     1780.7143    55     1783.0000   ZeroHalf: 7     4817    0.13%
      0     0     1780.7143    82     1783.0000       Cuts: 7     4825    0.13%
      0     0     1780.7143    96     1783.0000  ZeroHalf: 12     4838    0.13%
      0     0     1780.8333    96     1783.0000   ZeroHalf: 8     4844    0.12%
      0     0     1780.8333   103     1783.0000  ZeroHalf: 17     4869    0.12%
      0     0     1780.8333    81     1783.0000  ZeroHalf: 11     4882    0.12%
      0     0     1780.8333    99     1783.0000  ZeroHalf: 10     4899    0.12%
      0     0     1780.8333    86     1783.0000  ZeroHalf: 26     4907    0.12%
      0     0     1781.0000    22     1783.0000       Cuts: 9     4910    0.11%
      0     0     1781.0000    14     1783.0000   ZeroHalf: 4     4913    0.11%
      0     0     1781.0000    43     1783.0000   ZeroHalf: 6     4918    0.11%
      0     0     1781.0000    26     1783.0000  ZeroHalf: 14     4923    0.11%
      0     0     1781.0000    26     1783.0000   ZeroHalf: 5     4931    0.11%
      0     0     1781.0000    22     1783.0000   ZeroHalf: 3     4937    0.11%
      0     0     1781.0000    49     1783.0000   ZeroHalf: 4     4943    0.11%
      0     0     1781.0000    47     1783.0000   ZeroHalf: 5     4947    0.11%
      0     0     1781.0000    46     1783.0000  ZeroHalf: 10     4950    0.11%
      0     0     1781.0000    27     1783.0000   ZeroHalf: 9     4962    0.11%
      0     0     1781.0000    47     1783.0000      Cuts: 16     4990    0.11%
      0     0     1781.0000    22     1783.0000      Cuts: 13     4995    0.11%
      0     0     1781.0000    25     1783.0000   ZeroHalf: 6     5003    0.11%
      0     0     1781.0000    22     1783.0000   ZeroHalf: 7     5004    0.11%
      0     0     1781.0000    23     1783.0000   ZeroHalf: 2     5012    0.11%
      0     0     1781.0000    52     1783.0000   ZeroHalf: 6     5018    0.11%
      0     0     1781.0000    45     1783.0000   ZeroHalf: 2     5024    0.11%
      0     0     1781.0000    35     1783.0000  ZeroHalf: 13     5032    0.11%
      0     0     1781.0000    48     1783.0000   ZeroHalf: 3     5036    0.11%
      0     0     1781.0000    46     1783.0000  ZeroHalf: 12     5048    0.11%
      0     0     1781.0000    28     1783.0000  ZeroHalf: 14     5062    0.11%
      0     0     1781.0000    18     1783.0000   ZeroHalf: 8     5070    0.11%
      0     0     1781.0000    26     1783.0000      Cuts: 10     5076    0.11%
      0     0     1781.0000    45     1783.0000   ZeroHalf: 4     5081    0.11%
      0     0     1781.0000    41     1783.0000   ZeroHalf: 6     5083    0.11%
      0     0     1781.0000    48     1783.0000  ZeroHalf: 12     5090    0.11%
      0     0     1781.0000    12     1783.0000   ZeroHalf: 8     5098    0.11%
      0     0     1781.0000    44     1783.0000      Cuts: 15     5106    0.11%
      0     0     1781.0064    58     1783.0000  ZeroHalf: 14     5118    0.11%
      0     0     1781.0128    38     1783.0000   ZeroHalf: 5     5134    0.11%
      0     0     1781.0172    40     1783.0000   ZeroHalf: 9     5143    0.11%
      0     0     1781.0200    54     1783.0000   ZeroHalf: 5     5153    0.11%
      0     0     1781.0200    37     1783.0000   ZeroHalf: 4     5158    0.11%
      0     0     1781.0385    35     1783.0000   ZeroHalf: 6     5164    0.11%
      0     0     1781.0385    34     1783.0000   ZeroHalf: 5     5172    0.11%
      0     0     1781.0385    51     1783.0000   ZeroHalf: 5     5178    0.11%
      0     0     1781.0385    51     1783.0000   ZeroHalf: 6     5191    0.11%
      0     0     1781.0385    55     1783.0000  ZeroHalf: 11     5198    0.11%
      0     0     1781.0385    55     1783.0000   ZeroHalf: 4     5203    0.11%
      0     0     1781.0385    55     1783.0000      Cuts: 10     5216    0.11%
      0     0     1781.0385    66     1783.0000   ZeroHalf: 9     5225    0.11%
      0     0     1781.0667    59     1783.0000   ZeroHalf: 8     5231    0.11%
      0     0     1781.0667    53     1783.0000   ZeroHalf: 2     5241    0.11%
      0     0     1781.0667    33     1783.0000  ZeroHalf: 10     5249    0.11%
      0     0     1781.0667    65     1783.0000       Cuts: 9     5258    0.11%
      0     0     1781.0667    65     1783.0000  ZeroHalf: 16     5265    0.11%
      0     0     1781.0667    43     1783.0000   ZeroHalf: 6     5273    0.11%
      0     0     1781.0667    66     1783.0000  ZeroHalf: 13     5283    0.11%
      0     0     1781.0667    60     1783.0000   ZeroHalf: 9     5290    0.11%
      0     0     1781.1000    52     1783.0000   ZeroHalf: 4     5296    0.11%
      0     0     1781.1000    61     1783.0000   ZeroHalf: 5     5304    0.11%
      0     0     1781.1000    73     1783.0000   ZeroHalf: 2     5312    0.11%
      0     0     1781.2000    30     1783.0000      Cuts: 11     5327    0.10%
      0     0     1781.2000    41     1783.0000      Cuts: 11     5336    0.10%
      0     0     1781.2000    53     1783.0000   ZeroHalf: 5     5344    0.10%
      0     0     1781.2000    54     1783.0000      Cuts: 14     5349    0.10%
      0     0     1781.2000    52     1783.0000   ZeroHalf: 6     5351    0.10%
      0     0     1781.2000    58     1783.0000   ZeroHalf: 4     5352    0.10%
      0     0     1781.2000    26     1783.0000   ZeroHalf: 3     5355    0.10%
      0     0     1781.2000    50     1783.0000   ZeroHalf: 4     5361    0.10%
      0     0     1781.2000    30     1783.0000   ZeroHalf: 3     5369    0.10%
      0     0     1781.2000    55     1783.0000   ZeroHalf: 4     5376    0.10%
      0     0     1781.2000    55     1783.0000   ZeroHalf: 7     5384    0.10%
      0     0     1781.2000    60     1783.0000   ZeroHalf: 7     5389    0.10%
      0     0     1781.2000    52     1783.0000   ZeroHalf: 3     5400    0.10%
      0     0     1781.2500    29     1783.0000      Cuts: 13     5409    0.10%
      0     0     1781.2500    63     1783.0000   ZeroHalf: 5     5418    0.10%
      0     0     1781.2500    68     1783.0000       Cuts: 9     5433    0.10%
      0     0     1781.2500    53     1783.0000   ZeroHalf: 3     5438    0.10%
      0     0     1781.2500    61     1783.0000   ZeroHalf: 7     5443    0.10%
      0     0     1781.2500    29     1783.0000   ZeroHalf: 8     5452    0.10%
      0     0     1781.2500    63     1783.0000   ZeroHalf: 3     5454    0.10%
      0     0     1781.2500    56     1783.0000   ZeroHalf: 2     5467    0.10%
      0     0     1781.2500    32     1783.0000   ZeroHalf: 4     5473    0.10%
      0     0     1781.2500    63     1783.0000   ZeroHalf: 6     5479    0.10%
      0     0     1781.2500    30     1783.0000   ZeroHalf: 2     5487    0.10%
      0     0     1781.2500    40     1783.0000   ZeroHalf: 8     5494    0.10%
      0     0     1781.2500    41     1783.0000   ZeroHalf: 3     5497    0.10%
      0     0     1781.2500    48     1783.0000   ZeroHalf: 5     5500    0.10%
      0     0     1781.2500    29     1783.0000   ZeroHalf: 4     5502    0.10%
      0     0     1781.2500    52     1783.0000   ZeroHalf: 6     5503    0.10%
      0     0     1781.2500    27     1783.0000   ZeroHalf: 4     5515    0.10%
      0     0     1781.2500    37     1783.0000   ZeroHalf: 3     5523    0.10%
      0     0     1781.2500    48     1783.0000   ZeroHalf: 3     5528    0.10%
      0     0     1781.2500    38     1783.0000   ZeroHalf: 4     5532    0.10%
      0     0     1781.2500    45     1783.0000   ZeroHalf: 7     5536    0.10%
      0     0     1781.2500    28     1783.0000   ZeroHalf: 3     5542    0.10%
      0     0     1781.2500    50     1783.0000  ZeroHalf: 17     5553    0.10%
      0     0     1781.2500    35     1783.0000  ZeroHalf: 12     5559    0.10%
      0     0     1781.2500    33     1783.0000  ZeroHalf: 13     5567    0.10%
      0     0     1781.2500    47     1783.0000   ZeroHalf: 5     5569    0.10%
      0     0     1781.2500    66     1783.0000   ZeroHalf: 3     5579    0.10%
      0     0     1781.2500    70     1783.0000      Cuts: 13     5586    0.10%
      0     0     1781.2500    69     1783.0000   ZeroHalf: 4     5591    0.10%
      0     0     1781.2500    71     1783.0000   ZeroHalf: 4     5597    0.10%
      0     0     1781.2500    73     1783.0000   ZeroHalf: 7     5600    0.10%
      0     0     1781.2500    59     1783.0000   ZeroHalf: 5     5608    0.10%
      0     0     1781.2500    38     1783.0000   ZeroHalf: 4     5613    0.10%
      0     0     1781.2500    65     1783.0000   ZeroHalf: 5     5618    0.10%
      0     0     1781.2500    32     1783.0000  ZeroHalf: 10     5626    0.10%
      0     0     1781.2500    49     1783.0000  ZeroHalf: 20     5629    0.10%
      0     0     1781.2500    49     1783.0000   ZeroHalf: 3     5638    0.10%
      0     0     1781.2500    66     1783.0000  ZeroHalf: 16     5654    0.10%
      0     0     1781.2500    62     1783.0000   ZeroHalf: 7     5659    0.10%
      0     0     1781.2500    52     1783.0000   ZeroHalf: 4     5671    0.10%
      0     0     1781.2500    36     1783.0000   ZeroHalf: 5     5688    0.10%
      0     0     1781.2500    60     1783.0000   ZeroHalf: 8     5697    0.10%
      0     0     1781.2500    54     1783.0000   ZeroHalf: 3     5701    0.10%
      0     0     1781.2500    54     1783.0000      Cuts: 15     5709    0.10%
      0     0     1781.2500    64     1783.0000   ZeroHalf: 9     5713    0.10%
      0     0     1781.2500    49     1783.0000  ZeroHalf: 16     5727    0.10%
      0     0     1781.2500    57     1783.0000   ZeroHalf: 5     5735    0.10%
      0     0     1781.2500    34     1783.0000      Cuts: 16     5742    0.10%
      0     0     1781.2500    34     1783.0000   ZeroHalf: 4     5746    0.10%
      0     0     1781.2500    57     1783.0000  ZeroHalf: 18     5752    0.10%
      0     0     1781.2500    66     1783.0000      Cuts: 10     5770    0.10%
      0     0     1781.2500    65     1783.0000   ZeroHalf: 9     5782    0.10%
      0     0     1781.2500    67     1783.0000  ZeroHalf: 11     5789    0.10%
      0     0     1781.2500    69     1783.0000  ZeroHalf: 14     5801    0.10%
      0     0     1781.2500    65     1783.0000  ZeroHalf: 12     5812    0.10%
      0     0     1781.2500    39     1783.0000  ZeroHalf: 13     5829    0.10%
      0     0     1781.2500    60     1783.0000   ZeroHalf: 3     5832    0.10%
      0     0     1781.2500    67     1783.0000       Cuts: 4     5842    0.10%
      0     0     1781.2500    61     1783.0000   ZeroHalf: 8     5850    0.10%
      0     0     1781.2500    64     1783.0000  ZeroHalf: 12     5858    0.10%
      0     0     1781.2500    62     1783.0000   ZeroHalf: 6     5865    0.10%
      0     0     1781.2500    62     1783.0000   ZeroHalf: 6     5875    0.10%
      0     0     1781.2500    53     1783.0000   ZeroHalf: 3     5879    0.10%
      0     0     1781.2500    60     1783.0000   ZeroHalf: 3     5881    0.10%
      0     0     1781.2500    49     1783.0000   ZeroHalf: 3     5885    0.10%
      0     0     1781.2500    62     1783.0000   ZeroHalf: 8     5889    0.10%
      0     0     1781.2500    71     1783.0000  ZeroHalf: 14     5896    0.10%
      0     0     1781.2500    61     1783.0000   ZeroHalf: 4     5911    0.10%
      0     0     1781.2500    51     1783.0000   ZeroHalf: 4     5915    0.10%
      0     0     1781.2500    61     1783.0000   ZeroHalf: 5     5921    0.10%
      0     0     1781.2500    53     1783.0000   ZeroHalf: 2     5926    0.10%
      0     0     1781.2500    73     1783.0000   ZeroHalf: 9     5927    0.10%
      0     0     1781.2500    52     1783.0000   ZeroHalf: 3     5936    0.10%
      0     0     1781.2500    70     1783.0000   ZeroHalf: 4     5943    0.10%
      0     0     1781.2500    66     1783.0000   ZeroHalf: 3     5947    0.10%
      0     0     1781.2500    57     1783.0000   ZeroHalf: 8     5956    0.10%
      0     0     1781.2500    39     1783.0000       Cuts: 4     5971    0.10%
      0     0     1781.2500    43     1783.0000   ZeroHalf: 4     5975    0.10%
      0     0     1781.2500    68     1783.0000   ZeroHalf: 6     5987    0.10%
      0     0     1781.2500    46     1783.0000  ZeroHalf: 10     6003    0.10%
      0     0     1781.2500    52     1783.0000   ZeroHalf: 4     6009    0.10%
      0     0     1781.2500    65     1783.0000   ZeroHalf: 8     6018    0.10%
      0     0     1781.2500    64     1783.0000   ZeroHalf: 3     6031    0.10%
      0     0     1781.2500    66     1783.0000   ZeroHalf: 4     6037    0.10%
      0     0     1781.2500    41     1783.0000   ZeroHalf: 3     6047    0.10%
      0     0     1781.2500    47     1783.0000  ZeroHalf: 12     6048    0.10%
      0     0     1781.2500    49     1783.0000   ZeroHalf: 4     6058    0.10%
      0     0     1781.2500    38     1783.0000   ZeroHalf: 5     6074    0.10%
      0     0     1781.2500    38     1783.0000   ZeroHalf: 2     6078    0.10%
      0     0     1781.2500    50     1783.0000   ZeroHalf: 2     6083    0.10%
      0     0     1781.2500    50     1783.0000   ZeroHalf: 6     6086    0.10%
      0     0     1781.2500    38     1783.0000   ZeroHalf: 4     6094    0.10%
      0     0     1781.2500    40     1783.0000  ZeroHalf: 12     6098    0.10%
      0     0     1781.2500    69     1783.0000   ZeroHalf: 2     6106    0.10%
      0     0     1781.2500    68     1783.0000   ZeroHalf: 3     6111    0.10%
      0     0     1781.2500    56     1783.0000   ZeroHalf: 4     6121    0.10%
      0     0     1781.2500    46     1783.0000   ZeroHalf: 7     6130    0.10%
      0     0     1781.2500    38     1783.0000   ZeroHalf: 6     6137    0.10%
      0     0     1781.2500    63     1783.0000  ZeroHalf: 13     6149    0.10%
      0     0     1781.2500    62     1783.0000   ZeroHalf: 3     6156    0.10%
      0     0     1781.2500    62     1783.0000   ZeroHalf: 1     6157    0.10%
      0     0     1781.2500    51     1783.0000   ZeroHalf: 4     6167    0.10%
      0     0     1781.2500    67     1783.0000   ZeroHalf: 5     6170    0.10%
      0     0     1781.2500    66     1783.0000   ZeroHalf: 2     6172    0.10%
      0     0     1781.2500    48     1783.0000   ZeroHalf: 1     6177    0.10%
      0     0     1781.2500    43     1783.0000   ZeroHalf: 6     6185    0.10%
      0     0     1781.2500    47     1783.0000  ZeroHalf: 34     6196    0.10%
      0     0     1781.2500    46     1783.0000   ZeroHalf: 9     6200    0.10%
      0     0     1781.2500    44     1783.0000   ZeroHalf: 7     6210    0.10%
      0     0     1781.2500    40     1783.0000   ZeroHalf: 4     6217    0.10%
      0     0     1781.2500    65     1783.0000   ZeroHalf: 2     6231    0.10%
      0     0     1781.2500    46     1783.0000  ZeroHalf: 13     6243    0.10%
      0     0     1781.2500    34     1783.0000   ZeroHalf: 2     6248    0.10%
      0     0     1781.2500    48     1783.0000   ZeroHalf: 2     6257    0.10%
      0     0     1781.2500    62     1783.0000   ZeroHalf: 4     6264    0.10%
      0     0     1781.2500    64     1783.0000   ZeroHalf: 5     6268    0.10%
      0     0     1781.2500    53     1783.0000   ZeroHalf: 6     6271    0.10%
      0     0     1781.2500    31     1783.0000      Cuts: 27     6277    0.10%
      0     0     1781.2500    43     1783.0000   ZeroHalf: 8     6286    0.10%
      0     0     1781.2500    63     1783.0000   ZeroHalf: 4     6292    0.10%
      0     0     1781.3333    39     1783.0000   ZeroHalf: 4     6308    0.09%
      0     0     1781.3333    36     1783.0000   ZeroHalf: 4     6320    0.09%
      0     0     1781.3333    36     1783.0000      Cuts: 14     6334    0.09%
      0     0     1781.3333    45     1783.0000   ZeroHalf: 4     6338    0.09%
      0     0     1781.3333    52     1783.0000   ZeroHalf: 2     6343    0.09%
      0     0     1781.3333    65     1783.0000  ZeroHalf: 10     6346    0.09%
      0     0     1781.3333    41     1783.0000   ZeroHalf: 4     6364    0.09%
      0     0     1781.3333    43     1783.0000   ZeroHalf: 2     6370    0.09%
      0     0     1781.3333    43     1783.0000   ZeroHalf: 4     6378    0.09%
      0     0     1781.3333    45     1783.0000   ZeroHalf: 3     6383    0.09%
      0     0     1781.3333    48     1783.0000   ZeroHalf: 2     6387    0.09%
      0     0     1781.3333    65     1783.0000   ZeroHalf: 2     6406    0.09%
      0     0     1781.3333    66     1783.0000       Cuts: 7     6415    0.09%
      0     0     1781.3333    61     1783.0000   ZeroHalf: 4     6428    0.09%
      0     0     1781.3333    45     1783.0000  ZeroHalf: 20     6438    0.09%
      0     0     1781.3333    44     1783.0000   ZeroHalf: 4     6448    0.09%
      0     0     1781.3333    47     1783.0000  ZeroHalf: 14     6452    0.09%
      0     0     1781.3333    62     1783.0000  ZeroHalf: 22     6463    0.09%
      0     0     1781.3333    46     1783.0000   ZeroHalf: 4     6469    0.09%
      0     0     1781.3333    68     1783.0000  ZeroHalf: 16     6486    0.09%
      0     0     1781.3333    66     1783.0000   ZeroHalf: 3     6503    0.09%
      0     0     1781.3333    63     1783.0000   ZeroHalf: 5     6530    0.09%
      0     0     1781.3333    68     1783.0000       Cuts: 9     6563    0.09%
      0     0     1781.3333    34     1783.0000      Cuts: 27     6573    0.09%
      0     0     1781.3514    75     1783.0000  ZeroHalf: 23     6596    0.09%
      0     0     1781.3714    60     1783.0000   ZeroHalf: 3     6607    0.09%
      0     0     1781.3714    61     1783.0000   ZeroHalf: 3     6609    0.09%
      0     0     1781.3714    65     1783.0000   ZeroHalf: 3     6616    0.09%
      0     0     1781.3714    74     1783.0000       Cuts: 8     6624    0.09%
      0     0     1781.3714    67     1783.0000   ZeroHalf: 2     6634    0.09%
      0     0     1781.3881    67     1783.0000   ZeroHalf: 1     6648    0.09%
      0     0     1781.3881    69     1783.0000   ZeroHalf: 3     6657    0.09%
      0     0     1781.3881    70     1783.0000   ZeroHalf: 4     6663    0.09%
      0     0     1781.3881    81     1783.0000   ZeroHalf: 5     6674    0.09%
      0     0     1781.4000    39     1783.0000   ZeroHalf: 1     6681    0.09%
      0     0     1781.4000    43     1783.0000  ZeroHalf: 12     6691    0.09%
      0     0     1781.4025    69     1783.0000   ZeroHalf: 2     6695    0.09%
      0     0     1781.4043    71     1783.0000   ZeroHalf: 7     6700    0.09%
      0     0     1781.4074    50     1783.0000   ZeroHalf: 2     6706    0.09%
      0     0     1781.4074    68     1783.0000   ZeroHalf: 2     6710    0.09%
      0     0     1781.4074    61     1783.0000   ZeroHalf: 6     6715    0.09%
      0     0     1781.4074    72     1783.0000   ZeroHalf: 7     6720    0.09%
      0     0     1781.5455    63     1783.0000   ZeroHalf: 2     6736    0.08%
      0     0     1781.5455    63     1783.0000   ZeroHalf: 6     6739    0.08%
      0     0     1781.6296    64     1783.0000   ZeroHalf: 2     6745    0.08%
      0     0     1781.6296    65     1783.0000   ZeroHalf: 4     6746    0.08%
      0     0     1781.6296    63     1783.0000   ZeroHalf: 2     6752    0.08%
      0     0     1781.6296    63     1783.0000   ZeroHalf: 6     6760    0.08%
      0     0     1781.6296    76     1783.0000   ZeroHalf: 4     6764    0.08%
      0     0     1781.6296    64     1783.0000   ZeroHalf: 1     6774    0.08%
      0     0     1781.6296    64     1783.0000   ZeroHalf: 2     6781    0.08%
      0     0     1781.6296    64     1783.0000   ZeroHalf: 1     6786    0.08%
      0     0     1781.6296    65     1783.0000       Cuts: 4     6795    0.08%
      0     0     1781.6629    69     1783.0000   ZeroHalf: 2     6803    0.07%
      0     0     1781.6629    79     1783.0000   ZeroHalf: 4     6813    0.07%
      0     0     1781.6629    76     1783.0000   ZeroHalf: 3     6834    0.07%
      0     0     1781.6629    79     1783.0000       Cuts: 5     6842    0.07%
      0     0     1781.6629    83     1783.0000       Cuts: 7     6856    0.07%
      0     0     1781.6629    80     1783.0000   ZeroHalf: 5     6874    0.07%
      0     0     1781.6629    80     1783.0000   ZeroHalf: 9     6891    0.07%
      0     0     1781.6629    81     1783.0000   ZeroHalf: 2     6899    0.07%
      0     0     1781.7215    65     1783.0000   ZeroHalf: 4     6921    0.07%
      0     0     1781.7215    74     1783.0000   ZeroHalf: 5     6929    0.07%
      0     0     1781.7215    68     1783.0000      Cuts: 15     6937    0.07%
      0     0     1781.7215    81     1783.0000      Cuts: 13     6945    0.07%
      0     0     1781.7228    79     1783.0000   ZeroHalf: 7     6956    0.07%
      0     0     1781.7586    73     1783.0000  ZeroHalf: 15     6967    0.07%
      0     0     1781.7586    65     1783.0000   ZeroHalf: 7     6980    0.07%
      0     0     1781.7586    71     1783.0000   ZeroHalf: 2     6984    0.07%
      0     0     1781.7586    77     1783.0000   ZeroHalf: 2     6989    0.07%
      0     0     1781.7778    59     1783.0000   ZeroHalf: 3     7009    0.07%
      0     0     1781.7778    70     1783.0000  ZeroHalf: 10     7020    0.07%
      0     0     1781.7778    70     1783.0000   ZeroHalf: 5     7032    0.07%
      0     0     1781.8333    45     1783.0000  ZeroHalf: 10     7055    0.07%
      0     0     1781.8333    62     1783.0000   ZeroHalf: 3     7062    0.07%
      0     0     1781.8333    50     1783.0000   ZeroHalf: 1     7083    0.07%
      0     0     1781.8333    65     1783.0000   ZeroHalf: 2     7094    0.07%
      0     0     1781.8333    69     1783.0000   ZeroHalf: 5     7099    0.07%
      0     0     1781.8333    67     1783.0000   ZeroHalf: 5     7103    0.07%
      0     0     1781.8333    72     1783.0000   ZeroHalf: 8     7120    0.07%
      0     0     1781.8333    73     1783.0000   ZeroHalf: 4     7131    0.07%
      0     0     1781.8333    80     1783.0000   ZeroHalf: 2     7145    0.07%
      0     0     1781.8571    63     1783.0000   ZeroHalf: 7     7174    0.06%
      0     0     1781.8571    70     1783.0000   ZeroHalf: 4     7185    0.06%
      0     0     1781.8571    70     1783.0000   ZeroHalf: 3     7196    0.06%
      0     0     1782.0000    24     1783.0000   ZeroHalf: 3     7218    0.06%
      0     0     1782.0000    19     1783.0000  ZeroHalf: 25     7227    0.06%
      0     0     1782.0000    17     1783.0000   ZeroHalf: 8     7242    0.06%
      0     0     1782.0000    16     1783.0000   ZeroHalf: 8     7245    0.06%
      0     0     1782.0000    18     1783.0000   ZeroHalf: 3     7249    0.06%
      0     0     1782.0000    18     1783.0000   ZeroHalf: 3     7251    0.06%
      0     0     1782.0000    12     1783.0000   ZeroHalf: 2     7253    0.06%
      0     0     1782.0000    26     1783.0000   ZeroHalf: 5     7256    0.06%
      0     0     1782.0000    16     1783.0000   ZeroHalf: 3     7261    0.06%
      0     0     1782.0000    20     1783.0000  ZeroHalf: 13     7263    0.06%
      0     0        cutoff           1783.0000                   7288    0.00%                        0             0
Elapsed time = 4.98 sec. (6232.89 ticks, tree = 0.01 MB, solutions = 1)

Clique cuts applied:  1
Zero-half cuts applied:  86
User cuts applied:  1191

Root node processing (before b&c):
  Real time             =    4.98 sec. (6232.93 ticks)
Sequential b&c:
  Real time             =    0.00 sec. (0.00 ticks)
                          ------------
Total (root+branch&cut) =    4.98 sec. (6232.93 ticks)

