Version identifier: 22.1.0.0 | 2022-03-09 | 1a383f8ce
CPXPARAM_Preprocessing_Reduce                    1
CPXPARAM_Threads                                 1
CPXPARAM_Preprocessing_Reformulations            0
CPXPARAM_Emphasis_MIP                            2
CPXPARAM_MIP_Limits_CutPasses                    1000
CPXPARAM_TimeLimit                               10800
CPXPARAM_MIP_Tolerances_AbsMIPGap                0.999
CPXPARAM_MIP_Limits_TreeMemory                   20000
Legacy callback                                  BbLUID
         Disabling repeat represolve because of lazy constraint/incumbent callback.
1 of 1 MIP starts provided solutions.
MIP start 'm1' defined initial solution with objective 1360.0000.
Tried aggregator 2 times.
MIP Presolve eliminated 979 rows and 0 columns.
MIP Presolve modified 233 coefficients.
Aggregator did 4 substitutions.
Reduced MIP has 496 rows, 1619 columns, and 4522 nonzeros.
Reduced MIP has 1619 binaries, 0 generals, 0 SOSs, and 0 indicators.
Presolve time = 0.00 sec. (3.00 ticks)
Probing time = 0.00 sec. (2.21 ticks)
Clique table members: 496.
MIP emphasis: optimality.
MIP search method: traditional branch-and-cut.
Parallel mode: none, using 1 thread.
Root relaxation solution time = 0.00 sec. (4.02 ticks)

        Nodes                                         Cuts/
   Node  Left     Objective  IInf  Best Integer    Best Bound    ItCnt     Gap         Variable B NodeID Parent  Depth

*     0+    0                         1360.0000        0.0000           100.00%
      0     0     1272.9000    62     1360.0000     1272.9000      427    6.40%
      0     0     1301.5000    56     1360.0000      Cuts: 82      491    4.30%
      0     0     1318.8333    68     1360.0000      Cuts: 26      526    3.03%
      0     0     1320.3333    66     1360.0000      Cuts: 16      534    2.92%
      0     0     1322.2500    91     1360.0000      Cuts: 20      554    2.78%
      0     0     1322.2500    86     1360.0000      Cuts: 18      563    2.78%
      0     0     1322.5000    74     1360.0000      Cuts: 39      574    2.76%
      0     0     1322.5000    87     1360.0000      Cuts: 15      588    2.76%
      0     0     1322.5000    26     1360.0000      Cuts: 13      598    2.76%
      0     0     1323.0476    77     1360.0000      Cuts: 11      608    2.72%
      0     0     1323.5000    50     1360.0000      Cuts: 30      628    2.68%
      0     0     1323.9000    66     1360.0000      Cuts: 15      643    2.65%
      0     0     1324.5000    60     1360.0000      Cuts: 15      661    2.61%
      0     0     1325.5556    78     1360.0000      Cuts: 26      699    2.53%
      0     0     1326.4286    76     1360.0000      Cuts: 20      742    2.47%
      0     0     1326.5625    73     1360.0000      Cuts: 19      763    2.46%
      0     0     1326.6667    86     1360.0000      Cuts: 10      783    2.45%
      0     0     1327.1500   102     1360.0000      Cuts: 13      813    2.42%
      0     0     1327.8333   116     1360.0000      Cuts: 26      844    2.37%
      0     0     1327.8333    74     1360.0000      Cuts: 20      864    2.37%
      0     0     1327.8333    97     1360.0000      Cuts: 22      885    2.37%
      0     0     1327.8571    75     1360.0000      Cuts: 14      896    2.36%
      0     0     1327.9444    85     1360.0000      Cuts: 16      928    2.36%
      0     0     1328.0798    99     1360.0000      Cuts: 18      948    2.35%
      0     0     1330.4000   101     1360.0000      Cuts: 11      987    2.18%
      0     0     1330.4286   104     1360.0000      Cuts: 14     1008    2.17%
      0     0     1331.0000   106     1360.0000      Cuts: 26     1029    2.13%
      0     0     1331.1770   120     1360.0000      Cuts: 12     1044    2.12%
      0     0     1331.5120   102     1360.0000      Cuts: 20     1059    2.09%
      0     0     1331.5306   104     1360.0000      Cuts: 12     1074    2.09%
      0     0     1331.5390   105     1360.0000       Cuts: 5     1094    2.09%
      0     0     1331.6341    99     1360.0000      Cuts: 11     1123    2.09%
      0     0     1335.2818   110     1360.0000       Cuts: 9     1153    1.82%
      0     0     1335.2818   118     1360.0000      Cuts: 12     1169    1.82%
      0     0     1336.0000   102     1360.0000      Cuts: 15     1187    1.76%
      0     0     1338.1857   119     1360.0000      Cuts: 11     1213    1.60%
      0     0     1340.1667    78     1360.0000      Cuts: 23     1235    1.46%
      0     0     1340.2143    90     1360.0000      Cuts: 24     1249    1.45%
      0     0     1340.2456    96     1360.0000      Cuts: 11     1258    1.45%
      0     0     1340.2891   130     1360.0000       Cuts: 2     1272    1.45%
      0     0     1340.3180   135     1360.0000      Cuts: 19     1290    1.45%
      0     0     1340.4043   127     1360.0000  ZeroHalf: 10     1308    1.44%
      0     0     1340.5667   118     1360.0000  ZeroHalf: 14     1321    1.43%
      0     0     1340.5900   122     1360.0000  ZeroHalf: 13     1356    1.43%
      0     0     1340.6082   124     1360.0000       Cuts: 9     1362    1.43%
      0     0     1340.6103   125     1360.0000   ZeroHalf: 4     1371    1.43%
      0     0     1340.6255   123     1360.0000   ZeroHalf: 6     1382    1.42%
      0     0     1340.7333   119     1360.0000   ZeroHalf: 9     1396    1.42%
      0     0     1340.7333   123     1360.0000      Cuts: 22     1410    1.42%
      0     0     1340.7333   134     1360.0000      Cuts: 11     1424    1.42%
      0     0     1340.8355   138     1360.0000   ZeroHalf: 6     1448    1.41%
      0     0     1340.8848   116     1360.0000  ZeroHalf: 16     1474    1.41%
      0     0     1341.0431   131     1360.0000      Cuts: 40     1513    1.39%
      0     0     1341.0638   144     1360.0000   ZeroHalf: 6     1533    1.39%
      0     0     1341.2971   126     1360.0000      Cuts: 13     1552    1.38%
      0     0     1341.3125   119     1360.0000      Cuts: 10     1576    1.37%
      0     0     1341.8286   133     1360.0000      Cuts: 23     1611    1.34%
      0     0     1341.9767   130     1360.0000      Cuts: 16     1649    1.33%
      0     0     1342.2500   120     1360.0000  ZeroHalf: 16     1680    1.31%
      0     0     1342.3750   117     1360.0000      Cuts: 31     1721    1.30%
      0     0     1342.6667   134     1360.0000      Cuts: 36     1794    1.27%
      0     0     1342.6667   140     1360.0000  ZeroHalf: 19     1837    1.27%
      0     0     1343.1929   145     1360.0000      Cuts: 19     1906    1.24%
      0     0     1343.5929   143     1360.0000      Cuts: 16     1981    1.21%
      0     0     1343.7861   157     1360.0000  ZeroHalf: 21     2026    1.19%
      0     0     1344.3333   126     1360.0000      Cuts: 24     2074    1.15%
      0     0     1344.3333   120     1360.0000      Cuts: 29     2124    1.15%
      0     0     1344.3529   127     1360.0000  ZeroHalf: 47     2211    1.15%
      0     0     1344.4571   137     1360.0000      Cuts: 28     2270    1.14%
      0     0     1344.5119   141     1360.0000      Cuts: 41     2304    1.14%
      0     0     1344.6707   145     1360.0000      Cuts: 18     2332    1.13%
      0     0     1344.8032   148     1360.0000  ZeroHalf: 21     2377    1.12%
      0     0     1344.8730   150     1360.0000      Cuts: 17     2407    1.11%
      0     0     1345.2412   149     1360.0000      Cuts: 18     2454    1.09%
      0     0     1345.3714   116     1360.0000      Cuts: 16     2496    1.08%
      0     0     1345.3840    93     1360.0000      Cuts: 16     2511    1.07%
      0     0     1345.4359   124     1360.0000       Cuts: 5     2537    1.07%
      0     0     1345.5000    44     1360.0000  ZeroHalf: 11     2551    1.07%
      0     0     1345.5000    61     1360.0000      Cuts: 23     2562    1.07%
      0     0     1345.5000   103     1360.0000       Cuts: 8     2581    1.07%
      0     0     1345.5926    81     1360.0000       Cuts: 6     2614    1.06%
      0     0     1345.7000   108     1360.0000      Cuts: 19     2650    1.05%
      0     0     1345.7069   130     1360.0000  ZeroHalf: 21     2675    1.05%
      0     0     1345.7857   110     1360.0000   ZeroHalf: 7     2705    1.05%
      0     0     1345.7879   130     1360.0000      Cuts: 19     2723    1.05%
      0     0     1345.8276   121     1360.0000  ZeroHalf: 10     2757    1.04%
      0     0     1345.8333   102     1360.0000      Cuts: 16     2787    1.04%
      0     0     1345.8455   135     1360.0000  ZeroHalf: 22     2814    1.04%
      0     0     1345.8750   131     1360.0000   ZeroHalf: 5     2846    1.04%
      0     0     1345.8956   129     1360.0000      Cuts: 20     2877    1.04%
      0     0     1345.9286   118     1360.0000      Cuts: 23     2928    1.03%
      0     0     1345.9756   122     1360.0000  ZeroHalf: 11     2978    1.03%
      0     0     1346.0000    95     1360.0000      Cuts: 36     3016    1.03%
      0     0     1346.0077   107     1360.0000  ZeroHalf: 11     3034    1.03%
      0     0     1346.0133   133     1360.0000       Cuts: 3     3041    1.03%
      0     0     1346.0404   121     1360.0000      Cuts: 12     3064    1.03%
      0     0     1346.0404   107     1360.0000   ZeroHalf: 2     3067    1.03%
      0     0     1346.0404   107     1360.0000       User: 1     3069    1.03%
      0     0     1346.0404   131     1360.0000       User: 8     3070    1.03%
      0     0     1346.0404   107     1360.0000   ZeroHalf: 1     3071    1.03%
      0     0     1346.0404   121     1360.0000       User: 1     3076    1.03%
      0     0     1346.0404   129     1360.0000   ZeroHalf: 1     3080    1.03%
      0     0     1346.0420   178     1360.0000   ZeroHalf: 3     3093    1.03%
      0     0     1346.0439   179     1360.0000   ZeroHalf: 2     3099    1.03%
      0     0     1346.0454   155     1360.0000      Cuts: 10     3109    1.03%
      0     0     1346.0490   154     1360.0000   ZeroHalf: 1     3116    1.03%
      0     0     1346.0490   156     1360.0000   ZeroHalf: 1     3123    1.03%
      0     0     1346.0490   157     1360.0000   ZeroHalf: 2     3126    1.03%
      0     2     1346.1892   153     1360.0000     1346.1920     3126    1.02%                        0             0
Elapsed time = 0.98 sec. (1145.19 ticks, tree = 0.01 MB, solutions = 1)
      4     5     1355.3420   117     1360.0000     1346.8086     3406    0.97%          x69_66 N      4      3      3
     17     3     1350.0086   123     1360.0000     1348.5086     4049    0.84%          x71_68 N     17     13      5
     48    19     1355.5086    76     1360.0000     1351.0086     4790    0.66%          x68_64 N     48     37     13
     90    36     1355.0093    85     1360.0000     1352.6759     5510    0.54%          x69_73 D     90     89     15
    142    61     1354.1579    54     1360.0000     1354.0000     6290    0.44%        x122_126 N    142    139     31
    224   108     1355.3286    82     1360.0000     1354.4773     7707    0.41%        x122_119 U    224    160     22
    315   128        cutoff           1360.0000     1355.1429     9021    0.36%        x119_126 U    315    246     31
    430   126     1356.0673    90     1360.0000     1356.0673    10942    0.29%          x67_64 D    430    278     26
    561   115    infeasible           1360.0000     1357.0000    12555    0.22%        x117_118 D    561    559     31

Clique cuts applied:  6
Zero-half cuts applied:  108
User cuts applied:  928

Root node processing (before b&c):
  Real time             =    0.98 sec. (1142.95 ticks)
Sequential b&c:
  Real time             =    3.98 sec. (2699.80 ticks)
                          ------------
Total (root+branch&cut) =    4.95 sec. (3842.75 ticks)

