Version identifier: 22.1.0.0 | 2022-03-09 | 1a383f8ce
CPXPARAM_Preprocessing_Reduce                    1
CPXPARAM_Threads                                 1
CPXPARAM_Preprocessing_Reformulations            0
CPXPARAM_Emphasis_MIP                            2
CPXPARAM_MIP_Limits_CutPasses                    1000
CPXPARAM_TimeLimit                               10800
CPXPARAM_MIP_Tolerances_AbsMIPGap                0.999
CPXPARAM_MIP_Limits_TreeMemory                   20000
Legacy callback                                  BbLUID
         Disabling repeat represolve because of lazy constraint/incumbent callback.
1 of 1 MIP starts provided solutions.
MIP start 'm1' defined initial solution with objective 2689.0000.
Tried aggregator 1 time.
MIP Presolve eliminated 3414 rows and 0 columns.
MIP Presolve modified 730 coefficients.
Reduced MIP has 1194 rows, 3835 columns, and 12323 nonzeros.
Reduced MIP has 3835 binaries, 0 generals, 0 SOSs, and 0 indicators.
Presolve time = 0.00 sec. (8.03 ticks)
Probing time = 0.00 sec. (2.63 ticks)
Clique table members: 1194.
MIP emphasis: optimality.
MIP search method: traditional branch-and-cut.
Parallel mode: none, using 1 thread.
Root relaxation solution time = 0.01 sec. (18.03 ticks)

        Nodes                                         Cuts/
   Node  Left     Objective  IInf  Best Integer    Best Bound    ItCnt     Gap         Variable B NodeID Parent  Depth

*     0+    0                         2689.0000        0.0000           100.00%
      0     0     2606.5000     8     2689.0000     2606.5000     1251    3.07%
      0     0     2621.2500    51     2689.0000     Cuts: 153     1396    2.52%
      0     0     2622.0000    84     2689.0000      Cuts: 92     1472    2.49%
      0     0     2631.0000    57     2689.0000      Cuts: 54     1525    2.16%
      0     0     2631.0000    80     2689.0000      Cuts: 48     1551    2.16%
      0     0     2631.0000    28     2689.0000      Cuts: 39     1577    2.16%
      0     0     2634.0000    12     2689.0000      Cuts: 10     1584    2.05%
      0     0     2636.5000    40     2689.0000       Cuts: 6     1587    1.95%
      0     0     2636.5000    52     2689.0000       Cuts: 8     1595    1.95%
      0     0     2637.6000    65     2689.0000      Cuts: 10     1618    1.91%
      0     0     2638.0000    49     2689.0000      Cuts: 23     1634    1.90%
      0     0     2638.0000    70     2689.0000      Cuts: 23     1665    1.90%
      0     0     2638.3333    75     2689.0000      Cuts: 21     1696    1.88%
      0     0     2638.7692    82     2689.0000      Cuts: 20     1709    1.87%
      0     0     2639.5000    40     2689.0000      Cuts: 13     1717    1.84%
      0     0     2640.0000    71     2689.0000      Cuts: 11     1730    1.82%
      0     0     2641.0000    40     2689.0000      Cuts: 20     1751    1.79%
      0     0     2643.2500    99     2689.0000      Cuts: 11     1771    1.70%
      0     0     2644.7500    65     2689.0000      Cuts: 23     1795    1.65%
      0     0     2645.1667   100     2689.0000      Cuts: 28     1835    1.63%
      0     0     2645.4444   103     2689.0000      Cuts: 21     1881    1.62%
      0     0     2646.0000    38     2689.0000      Cuts: 20     1939    1.60%
      0     0     2647.0000    36     2689.0000      Cuts: 15     1972    1.56%
      0     0     2647.1176   136     2689.0000      Cuts: 39     2006    1.56%
      0     0     2647.6667    90     2689.0000      Cuts: 24     2028    1.54%
      0     0     2647.7500    88     2689.0000      Cuts: 22     2056    1.53%
      0     0     2648.0000    36     2689.0000      Cuts: 27     2062    1.52%
      0     0     2648.0000    30     2689.0000      Cuts: 26     2081    1.52%
      0     0     2648.0000    47     2689.0000      Cuts: 32     2114    1.52%
      0     0     2651.6667    87     2689.0000      Cuts: 15     2136    1.39%
      0     0     2651.6667    39     2689.0000      Cuts: 22     2150    1.39%
      0     0     2652.5000    46     2689.0000      Cuts: 13     2165    1.36%
      0     0     2653.4000    47     2689.0000      Cuts: 32     2180    1.32%
      0     0     2653.4000    46     2689.0000      Cuts: 16     2188    1.32%
      0     0     2653.6471    62     2689.0000      Cuts: 16     2205    1.31%
      0     0     2653.7778    82     2689.0000      Cuts: 16     2233    1.31%
      0     0     2655.1818    88     2689.0000      Cuts: 23     2266    1.26%
      0     0     2655.3333    75     2689.0000      Cuts: 18     2297    1.25%
      0     0     2655.5714    94     2689.0000      Cuts: 17     2332    1.24%
      0     0     2656.0000    46     2689.0000      Cuts: 15     2363    1.23%
      0     0     2656.0000    58     2689.0000      Cuts: 19     2406    1.23%
      0     0     2656.2500    63     2689.0000      Cuts: 15     2446    1.22%
      0     0     2656.3333    62     2689.0000      Cuts: 14     2463    1.21%
      0     0     2656.3333    80     2689.0000      Cuts: 13     2510    1.21%
      0     0     2656.3333    52     2689.0000      Cuts: 23     2532    1.21%
      0     0     2656.3333    80     2689.0000      Cuts: 12     2556    1.21%
      0     0     2656.5000    73     2689.0000      Cuts: 14     2576    1.21%
      0     0     2656.5000    76     2689.0000      Cuts: 21     2599    1.21%
      0     0     2656.5000    72     2689.0000      Cuts: 17     2666    1.21%
      0     0     2656.5000    66     2689.0000      Cuts: 17     2686    1.21%
      0     0     2657.5000    70     2689.0000       Cuts: 8     2738    1.17%
      0     0     2658.0000    36     2689.0000      Cuts: 20     2779    1.15%
      0     0     2658.0000    27     2689.0000       Cuts: 6     2786    1.15%
      0     0     2658.0000    82     2689.0000      Cuts: 10     2794    1.15%
      0     0     2658.0000    61     2689.0000      Cuts: 14     2798    1.15%
      0     0     2658.0000    59     2689.0000       User: 4     2799    1.15%
      0     0     2658.0714   131     2689.0000       User: 6     2855    1.15%
      0     0     2658.1511   227     2689.0000      Cuts: 41     2902    1.15%
      0     0     2658.4048   162     2689.0000      Cuts: 26     2986    1.14%
      0     0     2658.4464   239     2689.0000      Cuts: 32     3039    1.14%
      0     0     2658.5519   280     2689.0000      Cuts: 28     3107    1.13%
      0     0     2658.7042   245     2689.0000      Cuts: 15     3140    1.13%
      0     0     2659.2042   255     2689.0000      Cuts: 25     3174    1.11%
      0     0     2659.7450   197     2689.0000      Cuts: 19     3217    1.09%
      0     0     2660.1401   194     2689.0000      Cuts: 10     3238    1.07%
      0     0     2660.4571   179     2689.0000      Cuts: 21     3298    1.06%
      0     0     2660.6346   234     2689.0000      Cuts: 17     3333    1.05%
      0     0     2660.7418   267     2689.0000      Cuts: 36     3370    1.05%
      0     0     2661.3571   264     2689.0000      Cuts: 25     3429    1.03%
      0     0     2661.4104   199     2689.0000      Cuts: 28     3474    1.03%
      0     0     2661.5098   154     2689.0000      Cuts: 17     3529    1.02%
      0     0     2661.6508   218     2689.0000      Cuts: 20     3606    1.02%
      0     0     2665.7045   147     2689.0000      Cuts: 33     3717    0.87%
      0     0     2665.8000   152     2689.0000      Cuts: 12     3758    0.86%
      0     0     2666.5000   210     2689.0000      Cuts: 20     3801    0.84%
      0     0     2666.7500    68     2689.0000      Cuts: 35     3835    0.83%
      0     0     2667.0000   179     2689.0000      Cuts: 32     3908    0.82%
      0     0     2667.0625   214     2689.0000      Cuts: 30     3962    0.82%
      0     0     2667.0625   210     2689.0000      Cuts: 25     4019    0.82%
      0     0     2667.5000   204     2689.0000      Cuts: 24     4146    0.80%
      0     0     2667.6667   175     2689.0000      Cuts: 33     4181    0.79%
      0     0     2667.8571   186     2689.0000      Cuts: 21     4214    0.79%
      0     0     2668.0000   144     2689.0000      Cuts: 35     4275    0.78%
      0     0     2668.0000   112     2689.0000      Cuts: 22     4299    0.78%
      0     0     2668.0000   125     2689.0000      Cuts: 21     4357    0.78%
      0     0     2668.0000    52     2689.0000      Cuts: 27     4402    0.78%
      0     0     2668.0000    55     2689.0000       Cuts: 8     4421    0.78%
      0     0     2668.0000    97     2689.0000       Cuts: 7     4451    0.78%
      0     0     2668.0000   137     2689.0000      Cuts: 15     4556    0.78%
      0     0     2668.0000   107     2689.0000      Cuts: 25     4658    0.78%
      0     0     2668.0000    90     2689.0000      Cuts: 17     4728    0.78%
      0     0     2668.0000    92     2689.0000      Cuts: 10     4782    0.78%
      0     0     2668.0000   102     2689.0000      Cuts: 14     4844    0.78%
      0     0     2668.0000   119     2689.0000      Cuts: 13     4890    0.78%
      0     0     2668.0000   156     2689.0000      Cuts: 32     4978    0.78%
      0     0     2668.0000    50     2689.0000      Cuts: 37     5092    0.78%
      0     0     2668.0000   110     2689.0000      Cuts: 13     5116    0.78%
      0     0     2668.0000   126     2689.0000      Cuts: 15     5186    0.78%
      0     0     2668.0000   112     2689.0000      Cuts: 31     5279    0.78%
      0     0     2668.0000    77     2689.0000      Cuts: 14     5302    0.78%
      0     0     2668.0072   167     2689.0000      Cuts: 21     5370    0.78%
      0     0     2668.0075   178     2689.0000      Cuts: 21     5398    0.78%
      0     0     2668.0078   209     2689.0000      Cuts: 20     5437    0.78%
      0     0     2668.0108   172     2689.0000      Cuts: 23     5465    0.78%
      0     0     2668.0277   194     2689.0000      Cuts: 18     5549    0.78%
      0     0     2668.0277   194     2689.0000       User: 7     5565    0.78%
      0     0     2668.0277   194     2689.0000       User: 6     5566    0.78%
      0     0     2668.1875   129     2689.0000       Cuts: 7     5616    0.77%
      0     0     2668.3333    89     2689.0000      Cuts: 17     5640    0.77%
      0     0     2668.4000   181     2689.0000      Cuts: 21     5712    0.77%
      0     0     2668.4000   155     2689.0000      Cuts: 16     5754    0.77%
      0     0     2668.5000    79     2689.0000      Cuts: 13     5815    0.76%
      0     0     2668.5000    78     2689.0000      Cuts: 19     5840    0.76%
      0     0     2668.5172   242     2689.0000      Cuts: 18     5983    0.76%
      0     0     2668.5392   248     2689.0000      Cuts: 19     6075    0.76%
      0     0     2668.6742   302     2689.0000      Cuts: 26     6170    0.76%
      0     0     2668.9085   190     2689.0000      Cuts: 18     6200    0.75%
      0     0     2669.4714   248     2689.0000      Cuts: 18     6286    0.73%
      0     0     2669.5833   194     2689.0000      Cuts: 27     6375    0.72%
      0     0     2669.7500   290     2689.0000      Cuts: 27     6418    0.72%
      0     0     2669.8045   300     2689.0000      Cuts: 40     6498    0.71%
      0     0     2670.3730   259     2689.0000      Cuts: 51     6571    0.69%
      0     0     2670.4761   346     2689.0000      Cuts: 25     6650    0.69%
      0     0     2670.6000   267     2689.0000      Cuts: 60     6718    0.68%
      0     0     2670.6000   284     2689.0000      Cuts: 56     6789    0.68%
      0     0     2670.6190   328     2689.0000      Cuts: 41     6887    0.68%
      0     0     2670.9236   345     2689.0000      Cuts: 55     7011    0.67%
      0     0     2672.0217   310     2689.0000      Cuts: 36     7097    0.63%
      0     0     2672.1812   292     2689.0000      Cuts: 44     7160    0.63%
      0     0     2672.2478   230     2689.0000      Cuts: 28     7209    0.62%
      0     0     2672.3500   322     2689.0000      Cuts: 30     7277    0.62%
      0     0     2672.4556   351     2689.0000      Cuts: 30     7329    0.62%
      0     0     2672.5714   346     2689.0000      Cuts: 22     7436    0.61%
      0     0     2672.5769   351     2689.0000      Cuts: 65     7525    0.61%
      0     0     2673.1600   303     2689.0000      Cuts: 18     7585    0.59%
      0     0     2673.2500   213     2689.0000      Cuts: 33     7620    0.59%
      0     0     2673.3000   373     2689.0000      Cuts: 40     7725    0.58%
      0     0     2673.3161   380     2689.0000      Cuts: 56     7875    0.58%
      0     0     2673.3161   296     2689.0000      Cuts: 28     7960    0.58%
      0     0     2673.5000    77     2689.0000      Cuts: 47     8050    0.58%
      0     0     2673.5217   237     2689.0000      Cuts: 69     8129    0.58%
      0     0     2673.5243   205     2689.0000      Cuts: 20     8197    0.58%
      0     0     2673.5949   314     2689.0000      Cuts: 34     8258    0.57%
      0     0     2673.6485   332     2689.0000      Cuts: 24     8312    0.57%
      0     0     2673.7818   310     2689.0000      Cuts: 33     8399    0.57%
      0     0     2673.9125   340     2689.0000  ZeroHalf: 13     8449    0.56%
      0     0     2673.9704   364     2689.0000      Cuts: 25     8505    0.56%
      0     0     2674.0490   355     2689.0000      Cuts: 39     8577    0.56%
      0     0     2674.0490   374     2689.0000      Cuts: 19     8618    0.56%
      0     0     2674.0672   349     2689.0000       Cuts: 9     8689    0.56%
      0     0     2674.0797   343     2689.0000  ZeroHalf: 12     8737    0.55%
      0     0     2674.0797   362     2689.0000      Cuts: 12     8778    0.55%
      0     0     2674.1549   378     2689.0000   ZeroHalf: 7     8842    0.55%
      0     0     2674.2766   358     2689.0000      Cuts: 13     8930    0.55%
      0     0     2674.2957   282     2689.0000      Cuts: 35     9011    0.55%
      0     0     2674.3988   353     2689.0000       Cuts: 7     9052    0.54%
      0     0     2674.4253   342     2689.0000  ZeroHalf: 11     9084    0.54%
      0     0     2674.5048   388     2689.0000      Cuts: 19     9121    0.54%
      0     0     2674.7333   375     2689.0000      Cuts: 21     9192    0.53%
      0     0     2674.7739   384     2689.0000   ZeroHalf: 8     9212    0.53%
      0     0     2674.7739   384     2689.0000  ZeroHalf: 10     9246    0.53%
      0     0     2674.7843   301     2689.0000      Cuts: 24     9310    0.53%
      0     0     2675.2703   293     2689.0000       Cuts: 5     9373    0.51%
      0     0     2675.3382   250     2689.0000      Cuts: 23     9402    0.51%
      0     0     2675.4090   275     2689.0000      Cuts: 20     9439    0.51%
      0     0     2675.5249   262     2689.0000      Cuts: 21     9466    0.50%
      0     0     2675.6063   288     2689.0000      Cuts: 15     9516    0.50%
      0     0     2675.6343   338     2689.0000       Cuts: 9     9555    0.50%
      0     0     2675.7078   316     2689.0000      Cuts: 42     9612    0.49%
      0     0     2675.7736   402     2689.0000      Cuts: 34     9712    0.49%
      0     0     2675.7736   288     2689.0000  ZeroHalf: 40     9756    0.49%
      0     0     2675.8605   354     2689.0000      Cuts: 22     9876    0.49%
      0     0     2675.9463   346     2689.0000      Cuts: 33     9944    0.49%
      0     0     2676.0384   362     2689.0000      Cuts: 29    10036    0.48%
      0     0     2676.2395   356     2689.0000      Cuts: 26    10104    0.47%
      0     0     2676.2901   354     2689.0000  ZeroHalf: 28    10181    0.47%
      0     0     2676.3993   328     2689.0000      Cuts: 38    10277    0.47%
      0     0     2676.4186   351     2689.0000      Cuts: 48    10325    0.47%
      0     0     2676.4335   371     2689.0000      Cuts: 52    10402    0.47%
      0     0     2676.5789   278     2689.0000      Cuts: 44    10464    0.46%
      0     0     2676.8047   250     2689.0000      Cuts: 41    10512    0.45%
      0     0     2676.8714   256     2689.0000      Cuts: 59    10574    0.45%
      0     0     2676.8714   274     2689.0000      Cuts: 24    10622    0.45%
      0     0     2676.8714   295     2689.0000      Cuts: 28    10678    0.45%
      0     0     2676.8876   328     2689.0000      Cuts: 33    10739    0.45%
      0     0     2677.0774   331     2689.0000      Cuts: 26    10818    0.44%
      0     0     2677.2047   291     2689.0000      Cuts: 40    10883    0.44%
      0     0     2677.2047   303     2689.0000      Cuts: 58    10957    0.44%
      0     0     2677.2047   308     2689.0000      Cuts: 47    11026    0.44%
      0     0     2677.2047   291     2689.0000      Cuts: 31    11083    0.44%
      0     0     2677.2047   250     2689.0000      Cuts: 55    11123    0.44%
      0     0     2677.2047   244     2689.0000      Cuts: 14    11212    0.44%
      0     0     2677.2101   341     2689.0000      Cuts: 34    11337    0.44%
      0     0     2677.2101   304     2689.0000      Cuts: 32    11390    0.44%
      0     0     2677.2101   316     2689.0000      Cuts: 17    11412    0.44%
      0     0     2677.2101   358     2689.0000      Cuts: 23    11472    0.44%
      0     0     2677.2101   379     2689.0000      Cuts: 18    11549    0.44%
      0     0     2677.2119   355     2689.0000  ZeroHalf: 16    11608    0.44%
      0     0     2677.2132   339     2689.0000      Cuts: 38    11650    0.44%
      0     0     2677.2132   360     2689.0000      Cuts: 31    11739    0.44%
      0     0     2677.3158   299     2689.0000      Cuts: 15    11834    0.43%
      0     0     2677.3297   309     2689.0000      Cuts: 52    11974    0.43%
      0     0     2677.4047   288     2689.0000  ZeroHalf: 31    12028    0.43%
      0     0     2677.4047   293     2689.0000      Cuts: 30    12063    0.43%
      0     0     2677.4269   301     2689.0000  ZeroHalf: 42    12123    0.43%
      0     0     2677.4714   368     2689.0000      Cuts: 23    12249    0.43%
      0     0     2677.5205   351     2689.0000      Cuts: 29    12360    0.43%
      0     0     2677.5380   369     2689.0000      Cuts: 27    12481    0.43%
      0     0     2677.5380   362     2689.0000      Cuts: 40    12552    0.43%
      0     0     2677.7047   276     2689.0000      Cuts: 47    12685    0.42%
      0     0     2677.7047   328     2689.0000  ZeroHalf: 36    12797    0.42%
      0     0     2677.7047   265     2689.0000  ZeroHalf: 35    12916    0.42%
      0     0     2677.7047   258     2689.0000      Cuts: 25    12954    0.42%
      0     0     2677.7047   324     2689.0000      Cuts: 29    13017    0.42%
      0     0     2677.7047   305     2689.0000      Cuts: 49    13154    0.42%
      0     0     2677.7047   278     2689.0000      Cuts: 18    13286    0.42%
      0     0     2677.7703   355     2689.0000      Cuts: 34    13422    0.42%
      0     0     2677.8297   332     2689.0000      Cuts: 43    13468    0.42%
      0     0     2677.8297   296     2689.0000      Cuts: 12    13528    0.42%
      0     0     2677.8380   314     2689.0000      Cuts: 26    13577    0.42%
      0     0     2677.8380   308     2689.0000      Cuts: 22    13641    0.42%
      0     0     2677.8797   316     2689.0000  ZeroHalf: 25    13693    0.41%
      0     0     2678.0047   335     2689.0000  ZeroHalf: 25    13740    0.41%
      0     0     2678.1047   327     2689.0000  ZeroHalf: 19    13786    0.41%
      0     0     2678.2047   302     2689.0000      Cuts: 34    13841    0.40%
      0     0     2678.2047   311     2689.0000  ZeroHalf: 37    13903    0.40%
      0     0     2678.2047   324     2689.0000      Cuts: 41    13958    0.40%
      0     0     2678.2602   324     2689.0000      Cuts: 55    13986    0.40%
      0     0     2678.3714   347     2689.0000      Cuts: 31    14042    0.40%
      0     0     2678.4547   309     2689.0000  ZeroHalf: 41    14102    0.39%
      0     0     2678.4547   308     2689.0000      Cuts: 26    14134    0.39%
      0     0     2678.4547   333     2689.0000  ZeroHalf: 28    14186    0.39%
      0     0     2678.4547   301     2689.0000      Cuts: 35    14239    0.39%
      0     0     2678.4547   281     2689.0000  ZeroHalf: 25    14301    0.39%
      0     0     2678.4547   275     2689.0000  ZeroHalf: 53    14374    0.39%
      0     0     2678.4547   336     2689.0000  ZeroHalf: 18    14406    0.39%
      0     0     2678.4547   338     2689.0000  ZeroHalf: 37    14526    0.39%
      0     0     2678.4547   329     2689.0000      Cuts: 32    14625    0.39%
      0     0     2678.7761   285     2689.0000      Cuts: 36    14744    0.38%
      0     0     2678.8714   247     2689.0000  ZeroHalf: 32    14792    0.38%
      0     0     2678.9547   259     2689.0000      Cuts: 38    14842    0.37%
      0     0     2679.2047   222     2689.0000      Cuts: 20    14898    0.36%
      0     0     2679.2047   149     2689.0000      Cuts: 18    14899    0.36%
      0     0     2679.2047   191     2689.0000       User: 1    14941    0.36%
      0     0     2679.2047   149     2689.0000   ZeroHalf: 3    14943    0.36%
      0     0     2679.2047   296     2689.0000       User: 3    14962    0.36%
      0     0     2679.2047   264     2689.0000      Cuts: 28    14996    0.36%
      0     0     2679.2047   260     2689.0000      Cuts: 19    15046    0.36%
      0     0     2679.2047   289     2689.0000      Cuts: 20    15108    0.36%
      0     0     2679.2047   265     2689.0000  ZeroHalf: 19    15160    0.36%
      0     0     2679.2047   266     2689.0000       Cuts: 7    15177    0.36%
      0     0     2679.2047   276     2689.0000       Cuts: 8    15247    0.36%
      0     0     2679.2047   277     2689.0000      Cuts: 59    15321    0.36%
      0     0     2679.2047   258     2689.0000  ZeroHalf: 31    15379    0.36%
      0     0     2679.2047   316     2689.0000      Cuts: 55    15458    0.36%
      0     0     2679.2047   312     2689.0000      Cuts: 28    15524    0.36%
      0     0     2679.2047   275     2689.0000      Cuts: 20    15558    0.36%
      0     0     2679.2047   262     2689.0000   ZeroHalf: 9    15575    0.36%
      0     0     2679.2047   266     2689.0000   ZeroHalf: 6    15581    0.36%
      0     0     2679.2047   259     2689.0000  ZeroHalf: 11    15638    0.36%
      0     0     2679.2047   261     2689.0000      Cuts: 12    15641    0.36%
      0     0     2679.2047   255     2689.0000  ZeroHalf: 10    15669    0.36%
      0     0     2679.2047   254     2689.0000       Cuts: 8    15719    0.36%
      0     0     2679.2047   260     2689.0000   ZeroHalf: 8    15733    0.36%
      0     0     2679.2047   223     2689.0000   ZeroHalf: 6    15751    0.36%
      0     0     2679.2047   237     2689.0000   ZeroHalf: 8    15789    0.36%
      0     0     2679.2047   267     2689.0000      Cuts: 12    15861    0.36%
      0     0     2679.2047   250     2689.0000  ZeroHalf: 13    15904    0.36%
      0     0     2679.2047   240     2689.0000   ZeroHalf: 9    15918    0.36%
      0     0     2679.2047   228     2689.0000  ZeroHalf: 11    15921    0.36%
      0     0     2679.2047   270     2689.0000       Cuts: 8    15931    0.36%
      0     0     2679.2047   181     2689.0000  ZeroHalf: 18    15945    0.36%
      0     0     2679.2047   231     2689.0000       Cuts: 7    15999    0.36%
      0     0     2679.2047   193     2689.0000  ZeroHalf: 25    16036    0.36%
      0     0     2679.2047   203     2689.0000   ZeroHalf: 7    16093    0.36%
      0     0     2679.2047   214     2689.0000      Cuts: 22    16116    0.36%
      0     0     2679.2047   149     2689.0000      Cuts: 12    16123    0.36%
      0     0     2679.2047   149     2689.0000      User: 13    16131    0.36%
      0     0     2679.2047   177     2689.0000       User: 1    16140    0.36%
      0     0     2679.2047   196     2689.0000   ZeroHalf: 3    16151    0.36%
      0     0     2679.2047   199     2689.0000      Cuts: 15    16196    0.36%
      0     0     2679.2047   149     2689.0000   ZeroHalf: 6    16200    0.36%
      0     0     2679.2047   179     2689.0000       User: 2    16217    0.36%
      0     0     2679.2047   202     2689.0000  ZeroHalf: 17    16220    0.36%
      0     0     2679.2047   199     2689.0000  ZeroHalf: 12    16242    0.36%
      0     0     2679.2047   206     2689.0000  ZeroHalf: 19    16266    0.36%
      0     0     2679.2047   207     2689.0000  ZeroHalf: 20    16288    0.36%
      0     0     2679.2047   243     2689.0000  ZeroHalf: 13    16333    0.36%
      0     0     2679.2047   223     2689.0000  ZeroHalf: 12    16373    0.36%
      0     0     2679.2047   239     2689.0000  ZeroHalf: 16    16423    0.36%
      0     0     2679.2047   230     2689.0000  ZeroHalf: 17    16444    0.36%
      0     0     2679.2047   236     2689.0000      Cuts: 17    16535    0.36%
      0     0     2679.2047   230     2689.0000  ZeroHalf: 48    16575    0.36%
      0     0     2679.2047   242     2689.0000  ZeroHalf: 28    16595    0.36%
      0     0     2679.2047   243     2689.0000  ZeroHalf: 36    16650    0.36%
      0     0     2679.2047   240     2689.0000  ZeroHalf: 18    16709    0.36%
      0     0     2679.2047   205     2689.0000  ZeroHalf: 17    16766    0.36%
      0     0     2679.2047   240     2689.0000      Cuts: 22    16818    0.36%
      0     0     2679.2047   239     2689.0000      Cuts: 16    16844    0.36%
      0     0     2679.2047   240     2689.0000  ZeroHalf: 15    16867    0.36%
      0     0     2679.2047   242     2689.0000      Cuts: 22    16922    0.36%
      0     0     2679.2047   241     2689.0000  ZeroHalf: 18    16961    0.36%
      0     0     2679.2047   222     2689.0000  ZeroHalf: 15    16998    0.36%
      0     0     2679.2047   235     2689.0000  ZeroHalf: 13    17033    0.36%
      0     0     2679.2047   229     2689.0000      Cuts: 22    17058    0.36%
      0     0     2679.2047   238     2689.0000  ZeroHalf: 14    17078    0.36%
      0     0     2679.2047   201     2689.0000  ZeroHalf: 14    17114    0.36%
      0     0     2679.2047   233     2689.0000       Cuts: 9    17161    0.36%
      0     0     2679.2047   225     2689.0000      Cuts: 34    17197    0.36%
      0     0     2679.2047   240     2689.0000  ZeroHalf: 16    17227    0.36%
      0     0     2679.2047   224     2689.0000  ZeroHalf: 14    17322    0.36%
      0     0     2679.2047   237     2689.0000  ZeroHalf: 31    17388    0.36%
      0     0     2679.2047   193     2689.0000  ZeroHalf: 10    17456    0.36%
      0     0     2679.2047   202     2689.0000  ZeroHalf: 18    17474    0.36%
      0     0     2679.2047   193     2689.0000       Cuts: 8    17491    0.36%
      0     0     2679.2047   239     2689.0000  ZeroHalf: 18    17519    0.36%
      0     0     2679.2047   232     2689.0000  ZeroHalf: 14    17569    0.36%
      0     0     2679.2047   205     2689.0000  ZeroHalf: 13    17614    0.36%
      0     0     2679.2047   226     2689.0000  ZeroHalf: 15    17647    0.36%
      0     0     2679.2047   230     2689.0000  ZeroHalf: 26    17679    0.36%
      0     0     2679.2047   236     2689.0000      Cuts: 27    17717    0.36%
      0     0     2679.2047   210     2689.0000  ZeroHalf: 15    17725    0.36%
      0     0     2679.2047   207     2689.0000  ZeroHalf: 33    17744    0.36%
      0     0     2679.2047   237     2689.0000   ZeroHalf: 3    17753    0.36%
      0     0     2679.2047   232     2689.0000   ZeroHalf: 7    17808    0.36%
      0     0     2679.2047   229     2689.0000  ZeroHalf: 20    17843    0.36%
      0     0     2679.2047   231     2689.0000  ZeroHalf: 36    17896    0.36%
      0     0     2679.2047   203     2689.0000  ZeroHalf: 26    17919    0.36%
      0     0     2679.2047   191     2689.0000  ZeroHalf: 15    17958    0.36%
      0     0     2679.2047   213     2689.0000  ZeroHalf: 15    18010    0.36%
      0     0     2679.2047   229     2689.0000      Cuts: 24    18072    0.36%
      0     0     2679.2047   228     2689.0000  ZeroHalf: 20    18142    0.36%
      0     0     2679.2047   237     2689.0000  ZeroHalf: 11    18150    0.36%
      0     0     2679.2047   234     2689.0000  ZeroHalf: 15    18203    0.36%
      0     0     2679.2047   206     2689.0000  ZeroHalf: 16    18226    0.36%
      0     0     2679.2047   204     2689.0000  ZeroHalf: 13    18259    0.36%
      0     0     2679.2047   217     2689.0000  ZeroHalf: 21    18293    0.36%
      0     0     2679.2047   236     2689.0000  ZeroHalf: 32    18306    0.36%
      0     0     2679.2047   237     2689.0000  ZeroHalf: 16    18359    0.36%
      0     0     2679.2047   244     2689.0000      Cuts: 20    18412    0.36%
      0     0     2679.2047   245     2689.0000  ZeroHalf: 13    18455    0.36%
      0     0     2679.2047   242     2689.0000      Cuts: 14    18501    0.36%
      0     0     2679.2047   233     2689.0000  ZeroHalf: 10    18514    0.36%
      0     0     2679.2047   233     2689.0000      Cuts: 17    18549    0.36%
      0     0     2679.2047   220     2689.0000  ZeroHalf: 27    18623    0.36%
      0     0     2679.2047   239     2689.0000      Cuts: 14    18716    0.36%
      0     0     2679.2047   214     2689.0000      Cuts: 27    18769    0.36%
      0     0     2679.2047   220     2689.0000      Cuts: 34    18801    0.36%
      0     0     2679.2047   227     2689.0000  ZeroHalf: 18    18838    0.36%
      0     0     2679.2047   197     2689.0000  ZeroHalf: 27    18925    0.36%
      0     0     2679.2047   201     2689.0000  ZeroHalf: 10    18991    0.36%
      0     0     2679.2047   221     2689.0000  ZeroHalf: 14    18996    0.36%
      0     0     2679.2047   218     2689.0000  ZeroHalf: 27    19038    0.36%
      0     0     2679.2047   227     2689.0000  ZeroHalf: 22    19095    0.36%
      0     0     2679.2047   197     2689.0000  ZeroHalf: 33    19133    0.36%
      0     0     2679.2047   215     2689.0000  ZeroHalf: 18    19156    0.36%
      0     0     2679.2047   226     2689.0000  ZeroHalf: 26    19188    0.36%
      0     0     2679.2047   233     2689.0000  ZeroHalf: 19    19216    0.36%
      0     0     2679.2047   227     2689.0000  ZeroHalf: 19    19259    0.36%
      0     0     2679.2047   220     2689.0000  ZeroHalf: 27    19285    0.36%
      0     0     2679.2047   228     2689.0000   ZeroHalf: 5    19306    0.36%
      0     0     2679.2047   224     2689.0000      Cuts: 34    19332    0.36%
      0     0     2679.2047   235     2689.0000  ZeroHalf: 11    19350    0.36%
      0     0     2679.2047   235     2689.0000  ZeroHalf: 14    19421    0.36%
      0     0     2679.2047   235     2689.0000  ZeroHalf: 30    19444    0.36%
      0     0     2679.2047   224     2689.0000  ZeroHalf: 18    19489    0.36%
      0     0     2679.2047   233     2689.0000      Cuts: 10    19533    0.36%
      0     0     2679.2047   184     2689.0000  ZeroHalf: 11    19550    0.36%
      0     0     2679.2047   224     2689.0000       Cuts: 9    19570    0.36%
      0     0     2679.2047   179     2689.0000      Cuts: 11    19581    0.36%
      0     0     2679.2047   233     2689.0000  ZeroHalf: 31    19655    0.36%
      0     0     2679.2047   235     2689.0000  ZeroHalf: 17    19725    0.36%
      0     0     2679.2047   235     2689.0000  ZeroHalf: 27    19749    0.36%
      0     0     2679.2047   238     2689.0000  ZeroHalf: 11    19765    0.36%
      0     0     2679.2047   246     2689.0000  ZeroHalf: 11    19794    0.36%
      0     0     2679.2047   246     2689.0000  ZeroHalf: 26    19833    0.36%
      0     0     2679.2047   249     2689.0000   ZeroHalf: 4    19849    0.36%
      0     0     2679.2047   248     2689.0000   ZeroHalf: 3    19881    0.36%
      0     0     2679.2047   238     2689.0000   ZeroHalf: 6    19918    0.36%
      0     0     2679.2047   242     2689.0000  ZeroHalf: 27    19979    0.36%
      0     0     2679.2047   238     2689.0000  ZeroHalf: 11    20078    0.36%
      0     0     2679.2047   217     2689.0000  ZeroHalf: 30    20108    0.36%
      0     0     2679.2047   225     2689.0000  ZeroHalf: 20    20127    0.36%
      0     0     2679.2047   223     2689.0000  ZeroHalf: 14    20196    0.36%
      0     0     2679.2047   223     2689.0000  ZeroHalf: 21    20283    0.36%
      0     0     2679.2047   234     2689.0000  ZeroHalf: 17    20320    0.36%
      0     0     2679.2047   234     2689.0000   ZeroHalf: 8    20347    0.36%
      0     0     2679.2047   231     2689.0000  ZeroHalf: 55    20401    0.36%
      0     0     2679.2047   226     2689.0000  ZeroHalf: 15    20463    0.36%
      0     0     2679.2047   258     2689.0000  ZeroHalf: 55    20536    0.36%
      0     0     2679.2047   233     2689.0000  ZeroHalf: 37    20577    0.36%
      0     0     2679.2047   226     2689.0000  ZeroHalf: 11    20609    0.36%
      0     0     2679.2047   238     2689.0000  ZeroHalf: 42    20662    0.36%
      0     0     2679.2047   211     2689.0000      Cuts: 32    20732    0.36%
      0     0     2679.2047   237     2689.0000      Cuts: 29    20776    0.36%
      0     0     2679.2047   242     2689.0000  ZeroHalf: 50    20896    0.36%
      0     0     2679.2047   219     2689.0000      Cuts: 15    20927    0.36%
      0     0     2679.2047   217     2689.0000  ZeroHalf: 33    20982    0.36%
      0     0     2679.2047   239     2689.0000  ZeroHalf: 13    21013    0.36%
      0     0     2679.2047   231     2689.0000   ZeroHalf: 8    21097    0.36%
      0     0     2679.2047   260     2689.0000      Cuts: 32    21144    0.36%
      0     0     2679.2047   230     2689.0000  ZeroHalf: 10    21215    0.36%
      0     0     2679.2047   243     2689.0000  ZeroHalf: 16    21314    0.36%
      0     0     2679.2047   236     2689.0000  ZeroHalf: 18    21373    0.36%
      0     0     2679.2047   241     2689.0000  ZeroHalf: 18    21426    0.36%
      0     0     2679.2047   238     2689.0000      Cuts: 31    21554    0.36%
      0     0     2679.2047   278     2689.0000  ZeroHalf: 20    21651    0.36%
      0     0     2679.2047   242     2689.0000  ZeroHalf: 26    21740    0.36%
      0     0     2679.2047   233     2689.0000  ZeroHalf: 33    21821    0.36%
      0     0     2679.2047   246     2689.0000  ZeroHalf: 15    21875    0.36%
      0     0     2679.2047   236     2689.0000  ZeroHalf: 38    21984    0.36%
      0     0     2679.2047   199     2689.0000      Cuts: 27    22025    0.36%
      0     0     2679.2047   224     2689.0000  ZeroHalf: 48    22107    0.36%
      0     0     2679.2047   219     2689.0000   ZeroHalf: 7    22201    0.36%
      0     0     2679.2047   240     2689.0000  ZeroHalf: 55    22285    0.36%
      0     0     2679.2047   239     2689.0000  ZeroHalf: 16    22309    0.36%
      0     0     2679.2047   244     2689.0000  ZeroHalf: 14    22391    0.36%
      0     0     2679.2047   244     2689.0000  ZeroHalf: 11    22423    0.36%
      0     0     2679.2047   243     2689.0000  ZeroHalf: 12    22465    0.36%
      0     0     2679.2047   197     2689.0000  ZeroHalf: 12    22532    0.36%
      0     0     2679.2047   203     2689.0000  ZeroHalf: 25    22551    0.36%
      0     0     2679.2047   198     2689.0000  ZeroHalf: 22    22571    0.36%
      0     0     2679.2047   235     2689.0000   ZeroHalf: 5    22648    0.36%
      0     0     2679.2047   217     2689.0000   ZeroHalf: 8    22750    0.36%
      0     0     2679.2047   208     2689.0000  ZeroHalf: 40    22800    0.36%
      0     0     2679.2047   219     2689.0000  ZeroHalf: 76    22878    0.36%
      0     0     2679.2047   203     2689.0000  ZeroHalf: 17    22908    0.36%
      0     0     2679.2047   247     2689.0000  ZeroHalf: 15    22943    0.36%
      0     0     2679.2047   238     2689.0000       User: 2    22950    0.36%
      0     2     2679.2047   238     2689.0000     2679.2431    22950    0.36%                        0             0
Elapsed time = 10.50 sec. (13035.46 ticks, tree = 0.01 MB, solutions = 1)
      1     3     2679.5385   215     2689.0000     2679.5385    22994    0.35%          x41_34 N      1      0      1
      2     3     2680.0000   209     2689.0000     2679.5385    23026    0.35%          x44_43 N      2      1      2
      4     4     2680.2308   206     2689.0000     2679.5385    23065    0.35%          x47_46 N      4      3      4
     15    12     2682.0000   127     2689.0000     2679.5385    23443    0.35%        x179_186 D     15     14     14
     16    12     2682.1591   208     2689.0000     2679.5385    23923    0.35%        x179_186 N     16     14     14
     21    17     2682.6000   147     2689.0000     2679.5385    23969    0.35%        x166_171 N     21     20     19
     27    21     2683.1429   123     2689.0000     2679.5385    24043    0.35%        x158_165 D     27     26     25
     37    30     2684.3000   131     2689.0000     2679.5385    24331    0.35%          x22_31 U     37     35     33
     49    40     2687.0000    99     2689.0000     2679.5385    24474    0.35%          x15_27 N     49     47     41
     69    45     2682.0833   234     2689.0000     2681.1507    26037    0.29%          x41_34 N     69      0      1
Elapsed time = 14.41 sec. (18116.69 ticks, tree = 0.26 MB, solutions = 1)
     78    49     2685.1429   166     2689.0000     2682.1429    28920    0.26%        x206_202 N     78     11     11
    105    65     2682.6377   211     2689.0000     2682.6044    30599    0.24%        x162_166 N    105     97     15
    137    86     2687.1538   193     2689.0000     2682.9038    32878    0.23%        x165_164 N    137    105     16
    166   100     2684.4242   210     2689.0000     2683.1429    35308    0.22%          x48_50 N    166     56      4
    214   131     2684.2333   206     2689.0000     2683.4000    37260    0.21%        x174_175 N    214    207     23
    290   177        cutoff           2689.0000     2683.8750    39570    0.19%        x167_178 N    290    237     30
    365   224     2684.6667   153     2689.0000     2684.0000    42532    0.19%          x25_33 N    365    364     13
    444   275     2684.3333   155     2689.0000     2684.2571    45338    0.18%          x33_34 D    444    411     31
    529   341     2685.4000    74     2689.0000     2684.5000    48533    0.17%          x33_34 N    529     91     19
    631   405     2684.5833   203     2689.0000     2684.5000    51659    0.17%          x33_34 D    631    501     19
Elapsed time = 29.45 sec. (27867.00 ticks, tree = 1.04 MB, solutions = 1)
    754   465     2684.7778   150     2689.0000     2684.7500    55007    0.16%          x35_32 D    754    610     38
    866   519     2685.7500    77     2689.0000     2685.0000    57391    0.15%          x20_35 U    866    862     24
    952   569        cutoff           2689.0000     2685.0000    59759    0.15%          x16_36 U    952    457     32
   1035   619     2685.2500    82     2689.0000     2685.0000    62389    0.15%        x168_173 U   1035    993     16
   1159   666     2685.5000   214     2689.0000     2685.1692    66192    0.14%          x50_45 N   1159   1095      8
   1299   725     2685.5000    73     2689.0000     2685.3333    69382    0.14%          x36_31 D   1299    871     26
   1425   772     2685.5063   114     2689.0000     2685.4545    72356    0.13%          x40_35 N   1425    854     26
   1533   821     2687.4286   118     2689.0000     2685.5000    75322    0.13%          x33_34 U   1533    960     41
   1658   896     2685.6250    85     2689.0000     2685.5714    78558    0.13%          x40_34 D   1658   1528     37
   1774   944     2685.8750   138     2689.0000     2685.6667    81596    0.12%          x34_32 D   1774   1586     28
Elapsed time = 52.03 sec. (37462.19 ticks, tree = 2.24 MB, solutions = 1)
   1912   988        cutoff           2689.0000     2685.8000    84379    0.12%          x19_25 U   1912   1384     42
   2042  1024     2687.9722   169     2689.0000     2686.0000    87550    0.11%          x19_18 N   2042   2040     40
   2137  1090        cutoff           2689.0000     2686.0000    89981    0.11%          x21_35 N   2137   2135     32
   2234  1143     2686.1538    76     2689.0000     2686.0000    92282    0.11%          x26_25 N   2234   2233     29
   2322  1168     2686.0000    87     2689.0000     2686.0000    94688    0.11%          x19_14 D   2322   1905     33
   2446  1194     2686.7000   139     2689.0000     2686.0000    97822    0.11%          x20_35 D   2446   2445     29
   2583  1248     2686.1667   145     2689.0000     2686.0000   101190    0.11%          x13_14 D   2583   2582     36
   2727  1302     2686.1667    86     2689.0000     2686.1333   103866    0.11%          x36_28 D   2727   2726     25
   2820  1323     2687.1667    82     2689.0000     2686.1818   106434    0.10%          x16_23 U   2820   2740     35
   2969  1377     2686.3750   107     2689.0000     2686.2609   109251    0.10%          x40_35 D   2969   2369     30
Elapsed time = 73.37 sec. (47081.61 ticks, tree = 3.49 MB, solutions = 1)
   3089  1418     2687.2857    79     2689.0000     2686.3333   111317    0.10%          x14_15 N   3089    512     22
   3203  1429     2687.8333   128     2689.0000     2686.3333   113833    0.10%          x22_24 N   3203   3202     23
   3335  1472     2686.5000    87     2689.0000     2686.4000   116620    0.10%          x35_32 D   3335    452     22
   3453  1494     2686.7500    62     2689.0000     2686.5000   118812    0.09%          x34_40 U   3453   3452     32
   3586  1511        cutoff           2689.0000     2686.5000   120762    0.09%          x32_34 U   3586   1651     37
   3721  1526     2688.0000   134     2689.0000     2686.5000   123833    0.09%          x13_14 N   3721   3715     33
   3854  1549     2688.0000    66     2689.0000     2686.6000   125926    0.09%          x13_14 N   3854   3853     29
   3970  1537     2686.7059    92     2689.0000     2686.6667   127920    0.09%          x26_16 D   3970   3969     36
   4070  1532     2687.0000   110     2689.0000     2686.7473   129983    0.08%          x33_30 D   4070   3825     43
   4189  1545     2686.7500   177     2689.0000     2686.7500   132494    0.08%          x35_38 D   4189   3369     45
Elapsed time = 92.53 sec. (56689.90 ticks, tree = 4.01 MB, solutions = 1)
   4306  1565        cutoff           2689.0000     2686.8462   134541    0.08%          x32_33 U   4306    950     32
   4432  1540        cutoff           2689.0000     2687.0000   136782    0.07%          x18_23 N   4432   4431     34
   4542  1537        cutoff           2689.0000     2687.0000   138732    0.07%          x19_23 U   4542   4540     39
   4663  1561        cutoff           2689.0000     2687.0000   140771    0.07%          x28_24 N   4663   4662     39
   4789  1571        cutoff           2689.0000     2687.0000   142722    0.07%          x19_23 N   4789   3465     31
   4919  1549        cutoff           2689.0000     2687.0000   144509    0.07%          x16_25 U   4919   2295     28
   5014  1544     2687.5408   159     2689.0000     2687.0000   146934    0.07%        x170_178 N   5014   3201     22
   5137  1560        cutoff           2689.0000     2687.0000   149087    0.07%          x16_15 D   5137   5135     22
   5251  1563     2688.0000   139     2689.0000     2687.0000   151015    0.07%          x13_14 U   5251   5174     43
   5356  1555        cutoff           2689.0000     2687.0000   153434    0.07%          x19_33 U   5356   4258     21
Elapsed time = 109.51 sec. (66347.92 ticks, tree = 4.05 MB, solutions = 1)
   5486  1558        cutoff           2689.0000     2687.0441   156129    0.07%          x36_32 U   5486   2642     44
   5610  1541        cutoff           2689.0000     2687.1667   157925    0.07%           x9_18 U   5610   4770     36
   5737  1509     2688.0000    65     2689.0000     2687.2500   159568    0.07%          x16_25 U   5737   2987     40
   5861  1470     2687.5000    77     2689.0000     2687.2857   161046    0.06%          x32_33 D   5861   4853     27
   5998  1432     2687.4167   110     2689.0000     2687.3333   162314    0.06%          x16_32 D   5998   2412     39
   6144  1388     2687.3571   131     2689.0000     2687.3571   163813    0.06%          x40_35 D   6144   4339     31
   6299  1326        cutoff           2689.0000     2687.5000   165112    0.06%          x16_25 U   6299   4710     29
   6431  1293     2688.0000    70     2689.0000     2687.5000   166445    0.06%          x21_23 U   6431   6429     43
   6581  1227        cutoff           2689.0000     2687.5000   167956    0.06%           x9_18 U   6581   5359     43
   6729  1138     2687.7727   101     2689.0000     2687.6000   169394    0.05%          x36_29 N   6729   2693     25
Elapsed time = 124.43 sec. (75937.45 ticks, tree = 3.00 MB, solutions = 1)
   6872  1051     2688.0000   132     2689.0000     2687.6667   170848    0.05%          x19_23 D   6872   6871     45
   7027   949        cutoff           2689.0000     2687.7500   171909    0.05%          x40_35 U   7027   1922     40
   7180   827        cutoff           2689.0000     2687.9286   172885    0.04%          x25_33 U   7180   6772     19
   7288   768        cutoff           2689.0000     2688.0000   173765    0.04%          x30_31 N   7288   7286     33
   7397   694        cutoff           2689.0000     2688.0000   174637    0.04%          x26_16 U   7397   5737     41
   7521   619        cutoff           2689.0000     2688.0000   175731    0.04%          x14_26 U   7521   7519     34
   7658   535     2688.0000    63     2689.0000     2688.0000   176963    0.04%          x13_14 D   7658   1740     34
   7794   450        cutoff           2689.0000     2688.0000   177968    0.04%          x30_32 U   7794   7792     38
   7928   375        cutoff           2689.0000     2688.0000   178989    0.04%           x8_18 U   7928   4827     30
   8059   301        cutoff           2689.0000     2688.0000   180280    0.04%          x15_16 U   8059   6255     41
Elapsed time = 134.55 sec. (85517.04 ticks, tree = 0.82 MB, solutions = 1)
   8199   224    infeasible           2689.0000     2688.0000   181512    0.04%          x19_30 U   8199   5139     33
   8358   129        cutoff           2689.0000     2688.0000   182672    0.04%           x9_18 D   8358   4250     30
   8499    22        cutoff           2689.0000     2688.0000   183692    0.04%          x13_14 D   8499   6875     33

Clique cuts applied:  4
Cover cuts applied:  2
Zero-half cuts applied:  216
Lift and project cuts applied:  1
User cuts applied:  5620

Root node processing (before b&c):
  Real time             =   10.50 sec. (13031.49 ticks)
Sequential b&c:
  Real time             =  127.20 sec. (75908.63 ticks)
                          ------------
Total (root+branch&cut) =  137.70 sec. (88940.12 ticks)

