Version identifier: 22.1.0.0 | 2022-03-09 | 1a383f8ce
CPXPARAM_Preprocessing_Reduce                    1
CPXPARAM_Threads                                 1
CPXPARAM_Preprocessing_Reformulations            0
CPXPARAM_TimeLimit                               10800
CPXPARAM_MIP_Tolerances_AbsMIPGap                0.999
CPXPARAM_MIP_Limits_TreeMemory                   20000
Legacy callback                                  BbLUID
         Disabling repeat represolve because of lazy constraint/incumbent callback.
1 of 1 MIP starts provided solutions.
MIP start 'm1' defined initial solution with objective 617.0000.
Tried aggregator 2 times.
MIP Presolve eliminated 10422 rows and 0 columns.
MIP Presolve modified 742 coefficients.
Aggregator did 4 substitutions.
Reduced MIP has 941 rows, 3811 columns, and 18404 nonzeros.
Reduced MIP has 3811 binaries, 0 generals, 0 SOSs, and 0 indicators.
Presolve time = 0.01 sec. (22.05 ticks)
Probing time = 0.00 sec. (3.04 ticks)
Clique table members: 941.
MIP emphasis: balance optimality and feasibility.
MIP search method: traditional branch-and-cut.
Parallel mode: none, using 1 thread.
Root relaxation solution time = 0.00 sec. (3.48 ticks)

        Nodes                                         Cuts/
   Node  Left     Objective  IInf  Best Integer    Best Bound    ItCnt     Gap         Variable B NodeID Parent  Depth

*     0+    0                          617.0000       63.0000            89.79%
      0     0      593.0000    62      617.0000      533.0000       94   13.61%
      0     0      601.5000    42      617.0000      Cuts: 73      126    2.51%
      0     0      609.0000    16      617.0000      Cuts: 45      171    1.30%
      0     0      610.5000    46      617.0000      Cuts: 34      200    1.05%
      0     0      610.5000    28      617.0000      Cuts: 12      210    1.05%
      0     0      611.1667    92      617.0000       Cuts: 9      223    0.95%
      0     0      611.5000    52      617.0000      Cuts: 29      245    0.89%
      0     0      612.3333   154      617.0000      Cuts: 20      267    0.76%
      0     0      613.0000   161      617.0000      Cuts: 24      297    0.65%
      0     0      613.0000    22      617.0000      Cuts: 20      313    0.65%
      0     0      613.5625   178      617.0000      Cuts: 23      325    0.56%
      0     0      613.7500    94      617.0000      Cuts: 17      344    0.53%
      0     0      613.7714   165      617.0000      Cuts: 22      365    0.52%
      0     0      614.2000    56      617.0000      Cuts: 11      373    0.45%
      0     0      615.0000    98      617.0000      Cuts: 20      393    0.32%
      0     0      615.0000    23      617.0000      Cuts: 10      407    0.32%
      0     0      616.0000    20      617.0000      Cuts: 23      435    0.16%
      0     0      616.0000    79      617.0000      Cuts: 22      442    0.16%
      0     0      616.0000    52      617.0000       User: 8      442    0.16%
      0     0        cutoff            617.0000                    445    0.00%                        0             0
Elapsed time = 0.21 sec. (359.17 ticks, tree = 0.01 MB, solutions = 1)

Zero-half cuts applied:  19
Gomory fractional cuts applied:  3
User cuts applied:  444

Root node processing (before b&c):
  Real time             =    0.21 sec. (359.24 ticks)
Sequential b&c:
  Real time             =    0.00 sec. (0.00 ticks)
                          ------------
Total (root+branch&cut) =    0.21 sec. (359.24 ticks)

