Version identifier: 22.1.0.0 | 2022-03-09 | 1a383f8ce
CPXPARAM_Preprocessing_Reduce                    1
CPXPARAM_Threads                                 1
CPXPARAM_Preprocessing_Reformulations            0
CPXPARAM_TimeLimit                               10800
CPXPARAM_MIP_Tolerances_AbsMIPGap                0.999
CPXPARAM_MIP_Limits_TreeMemory                   20000
Legacy callback                                  BbLUID
         Disabling repeat represolve because of lazy constraint/incumbent callback.
1 of 1 MIP starts provided solutions.
MIP start 'm1' defined initial solution with objective 673.0000.
Tried aggregator 2 times.
MIP Presolve eliminated 5974 rows and 0 columns.
MIP Presolve modified 599 coefficients.
Aggregator did 2 substitutions.
Reduced MIP has 799 rows, 3122 columns, and 13273 nonzeros.
Reduced MIP has 3122 binaries, 0 generals, 0 SOSs, and 0 indicators.
Presolve time = 0.01 sec. (13.24 ticks)
Probing time = 0.00 sec. (2.81 ticks)
Clique table members: 799.
MIP emphasis: balance optimality and feasibility.
MIP search method: traditional branch-and-cut.
Parallel mode: none, using 1 thread.
Root relaxation solution time = 0.00 sec. (3.21 ticks)

        Nodes                                         Cuts/
   Node  Left     Objective  IInf  Best Integer    Best Bound    ItCnt     Gap         Variable B NodeID Parent  Depth

*     0+    0                          673.0000       31.0000            95.39%
      0     0      601.0000    16      673.0000      563.0000      115   16.34%
      0     0      620.5000    52      673.0000      User: 61      165    7.80%
      0     0      629.6250   113      673.0000      Cuts: 40      208    6.45%
      0     0      631.1667   111      673.0000      Cuts: 25      221    6.22%
      0     0      640.0000   102      673.0000      Cuts: 12      257    4.90%
      0     0      642.3333    66      673.0000      Cuts: 13      275    4.56%
      0     0      644.3333    58      673.0000      Cuts: 15      293    4.26%
      0     0      645.2500    58      673.0000      Cuts: 10      301    4.12%
      0     0      647.2500    76      673.0000      Cuts: 11      328    3.83%
      0     0      650.6154   134      673.0000      Cuts: 17      366    3.33%
      0     0      651.2500   109      673.0000      Cuts: 18      382    3.23%
      0     0      651.6250    92      673.0000      Cuts: 21      394    3.18%
      0     0      652.8750    92      673.0000       Cuts: 9      403    2.99%
      0     0      653.7895    89      673.0000      Cuts: 14      428    2.85%
      0     0      654.2727   119      673.0000      Cuts: 12      446    2.78%
      0     0      654.6250    52      673.0000       Cuts: 7      459    2.73%
      0     0      654.8571    86      673.0000       Cuts: 4      466    2.70%
      0     0      655.0000    73      673.0000       Cuts: 4      478    2.67%
      0     0      655.0000    76      673.0000       Cuts: 2      486    2.67%
*     0+    0                          669.0000      655.0000             2.09%
      0     0      655.1667    80      669.0000   ZeroHalf: 2      501    2.07%
      0     0      655.5833    87      669.0000   ZeroHalf: 3      522    2.01%
      0     0      655.8085   113      669.0000       Cuts: 7      557    1.97%
*     0+    0                          664.0000      655.8085             1.23%
      0     0      656.1111   114      664.0000       Cuts: 9      580    1.19%
      0     0      656.3750    81      664.0000       Cuts: 5      595    1.15%
*     0+    0                          663.0000      656.3750             1.00%
      0     0      656.3846    84      663.0000      Cuts: 11      604    1.00%
      0     0      656.4000    78      663.0000       User: 8      607    1.00%
      0     0      656.4667    94      663.0000       User: 4      609    0.99%
      0     0      656.4688    97      663.0000       User: 1      611    0.99%
      0     0      656.4706    94      663.0000       User: 1      612    0.98%
      0     0      656.4706    93      663.0000       User: 6      613    0.98%
      0     2      656.4706    93      663.0000      656.4706      613    0.98%                        0             0
Elapsed time = 0.39 sec. (619.94 ticks, tree = 0.01 MB, solutions = 4)
     12     2      666.0833    44      663.0000      657.3333      954    0.85%          x30_36 N     12     11      3

Zero-half cuts applied:  31
User cuts applied:  452

Root node processing (before b&c):
  Real time             =    0.39 sec. (620.01 ticks)
Sequential b&c:
  Real time             =    0.21 sec. (272.05 ticks)
                          ------------
Total (root+branch&cut) =    0.61 sec. (892.06 ticks)

