Version identifier: 22.1.0.0 | 2022-03-09 | 1a383f8ce
CPXPARAM_Preprocessing_Reduce                    1
CPXPARAM_Threads                                 1
CPXPARAM_Preprocessing_Reformulations            0
CPXPARAM_TimeLimit                               10800
CPXPARAM_MIP_Tolerances_AbsMIPGap                0.999
CPXPARAM_MIP_Limits_TreeMemory                   20000
Legacy callback                                  BbLUID
         Disabling repeat represolve because of lazy constraint/incumbent callback.
1 of 1 MIP starts provided solutions.
MIP start 'm1' defined initial solution with objective 534.0000.
Tried aggregator 1 time.
MIP Presolve eliminated 9584 rows and 0 columns.
MIP Presolve modified 709 coefficients.
Reduced MIP has 911 rows, 3787 columns, and 17157 nonzeros.
Reduced MIP has 3787 binaries, 0 generals, 0 SOSs, and 0 indicators.
Presolve time = 0.01 sec. (17.33 ticks)
Probing time = 0.00 sec. (3.03 ticks)
Clique table members: 911.
MIP emphasis: balance optimality and feasibility.
MIP search method: traditional branch-and-cut.
Parallel mode: none, using 1 thread.
Root relaxation solution time = 0.00 sec. (3.70 ticks)

        Nodes                                         Cuts/
   Node  Left     Objective  IInf  Best Integer    Best Bound    ItCnt     Gap         Variable B NodeID Parent  Depth

*     0+    0                          534.0000        0.0000           100.00%
      0     0      503.3333    73      534.0000      416.0000      201   22.10%
      0     0      514.7500   109      534.0000      Cuts: 60      249    3.60%
      0     0      523.0000    26      534.0000      Cuts: 20      263    2.06%
      0     0      530.0000    22      534.0000      Cuts: 42      287    0.75%
      0     0      532.5000    80      534.0000       Cuts: 9      316    0.28%
      0     0      533.0000    56      534.0000      Cuts: 14      324    0.19%
      0     0      533.0000    23      534.0000       Cuts: 5      332    0.19%
*     0+    0                          533.0000      533.0000             0.00%
      0     0        cutoff            533.0000      533.0000      332    0.00%                        0             0
Elapsed time = 0.13 sec. (162.80 ticks, tree = 0.01 MB, solutions = 2)

Zero-half cuts applied:  19
Gomory fractional cuts applied:  4
User cuts applied:  327

Root node processing (before b&c):
  Real time             =    0.13 sec. (162.95 ticks)
Sequential b&c:
  Real time             =    0.00 sec. (0.00 ticks)
                          ------------
Total (root+branch&cut) =    0.13 sec. (162.95 ticks)

