Version identifier: 22.1.0.0 | 2022-03-09 | 1a383f8ce
CPXPARAM_Preprocessing_Reduce                    1
CPXPARAM_Threads                                 1
CPXPARAM_Preprocessing_Reformulations            0
CPXPARAM_TimeLimit                               10800
CPXPARAM_MIP_Tolerances_AbsMIPGap                0.999
CPXPARAM_MIP_Limits_TreeMemory                   20000
Legacy callback                                  BbLUID
         Disabling repeat represolve because of lazy constraint/incumbent callback.
1 of 1 MIP starts provided solutions.
MIP start 'm1' defined initial solution with objective 557.0000.
Tried aggregator 2 times.
MIP Presolve eliminated 8723 rows and 0 columns.
MIP Presolve modified 629 coefficients.
Aggregator did 2 substitutions.
Reduced MIP has 829 rows, 3844 columns, and 16548 nonzeros.
Reduced MIP has 3844 binaries, 0 generals, 0 SOSs, and 0 indicators.
Presolve time = 0.01 sec. (18.36 ticks)
Probing time = 0.00 sec. (3.06 ticks)
Clique table members: 829.
MIP emphasis: balance optimality and feasibility.
MIP search method: traditional branch-and-cut.
Parallel mode: none, using 1 thread.
Root relaxation solution time = 0.00 sec. (3.97 ticks)

        Nodes                                         Cuts/
   Node  Left     Objective  IInf  Best Integer    Best Bound    ItCnt     Gap         Variable B NodeID Parent  Depth

*     0+    0                          557.0000       26.0000            95.33%
      0     0      480.5000    50      557.0000      427.0000      227   23.34%
      0     0      490.0000    60      557.0000      Cuts: 67      254   12.03%
      0     0      498.0000    60      557.0000      Cuts: 31      286   10.59%
      0     0      499.0000    78      557.0000      Cuts: 13      308   10.41%
      0     0      500.3333    94      557.0000      Cuts: 27      315   10.17%
      0     0      502.3333    87      557.0000      Cuts: 22      321    9.81%
      0     0      503.3333    39      557.0000      Cuts: 19      333    9.63%
      0     0      507.8333    71      557.0000      User: 14      352    8.83%
      0     0      509.7500    80      557.0000      Cuts: 10      364    8.48%
      0     0      511.1071   101      557.0000      User: 13      392    8.24%
      0     0      511.2000   114      557.0000       User: 8      395    8.22%
      0     0      511.5000    99      557.0000       Cuts: 8      408    8.17%
      0     0      521.2500   135      557.0000      User: 14      443    6.42%
      0     0      522.3333    95      557.0000      Cuts: 17      466    6.22%
      0     0      523.7500    94      557.0000      Cuts: 25      480    5.97%
      0     0      528.2500    80      557.0000      Cuts: 19      521    5.16%
      0     0      528.2500    89      557.0000      Cuts: 10      534    5.16%
      0     0      529.5833    83      557.0000       Cuts: 6      550    4.92%
      0     0      531.8333    76      557.0000      Cuts: 29      566    4.52%
      0     0      531.8333    67      557.0000      Cuts: 13      575    4.52%
      0     0      531.8333    77      557.0000       User: 4      576    4.52%
      0     0      531.8333    71      557.0000       User: 4      577    4.52%
      0     0      531.8333    65      557.0000      User: 10      582    4.52%
      0     2      531.8333    56      557.0000      532.0000      582    4.49%                        0             0
Elapsed time = 0.42 sec. (798.66 ticks, tree = 0.01 MB, solutions = 1)
*     4     2      integral     0      537.0000      536.0000      715    0.19%

Zero-half cuts applied:  27
Gomory fractional cuts applied:  3
User cuts applied:  573

Root node processing (before b&c):
  Real time             =    0.42 sec. (797.65 ticks)
Sequential b&c:
  Real time             =    0.04 sec. (54.51 ticks)
                          ------------
Total (root+branch&cut) =    0.46 sec. (852.16 ticks)

