Version identifier: 22.1.0.0 | 2022-03-09 | 1a383f8ce
CPXPARAM_Preprocessing_Reduce                    1
CPXPARAM_Threads                                 1
CPXPARAM_Preprocessing_Reformulations            0
CPXPARAM_TimeLimit                               10800
CPXPARAM_MIP_Tolerances_AbsMIPGap                0.999
CPXPARAM_MIP_Limits_TreeMemory                   20000
Legacy callback                                  BbLUID
         Disabling repeat represolve because of lazy constraint/incumbent callback.
1 of 1 MIP starts provided solutions.
MIP start 'm1' defined initial solution with objective 692.0000.
Tried aggregator 2 times.
MIP Presolve eliminated 3019 rows and 1 columns.
MIP Presolve modified 470 coefficients.
Aggregator did 4 substitutions.
Reduced MIP has 668 rows, 2098 columns, and 7714 nonzeros.
Reduced MIP has 2098 binaries, 0 generals, 0 SOSs, and 0 indicators.
Presolve time = 0.00 sec. (6.46 ticks)
Probing time = 0.00 sec. (2.47 ticks)
Clique table members: 668.
MIP emphasis: balance optimality and feasibility.
MIP search method: traditional branch-and-cut.
Parallel mode: none, using 1 thread.
Root relaxation solution time = 0.00 sec. (2.42 ticks)

        Nodes                                         Cuts/
   Node  Left     Objective  IInf  Best Integer    Best Bound    ItCnt     Gap         Variable B NodeID Parent  Depth

*     0+    0                          692.0000      109.0000            84.25%
      0     0      677.5000    26      692.0000      620.0000      144   10.40%
      0     0      684.5000    34      692.0000      Cuts: 29      164    1.08%
      0     0      686.0000    45      692.0000      Cuts: 12      185    0.87%
      0     0      688.0000    25      692.0000      Cuts: 21      208    0.58%
      0     0      690.0000    40      692.0000      Cuts: 30      230    0.29%
      0     0      690.0000    41      692.0000      Cuts: 30      242    0.29%
*     0     0      integral     0      691.0000       User: 8      253    0.00%
      0     0        cutoff            691.0000      691.0000      253    0.00%                        0             0
Elapsed time = 0.07 sec. (73.12 ticks, tree = 0.01 MB, solutions = 2)

Cover cuts applied:  1
Zero-half cuts applied:  7
Gomory fractional cuts applied:  4
User cuts applied:  263

Root node processing (before b&c):
  Real time             =    0.07 sec. (73.21 ticks)
Sequential b&c:
  Real time             =    0.00 sec. (0.00 ticks)
                          ------------
Total (root+branch&cut) =    0.07 sec. (73.21 ticks)

