Version identifier: 22.1.0.0 | 2022-03-09 | 1a383f8ce
CPXPARAM_Preprocessing_Reduce                    1
CPXPARAM_Threads                                 1
CPXPARAM_Preprocessing_Reformulations            0
CPXPARAM_TimeLimit                               10800
CPXPARAM_MIP_Tolerances_AbsMIPGap                0.999
CPXPARAM_MIP_Limits_TreeMemory                   20000
Legacy callback                                  BbLUID
         Disabling repeat represolve because of lazy constraint/incumbent callback.
1 of 1 MIP starts provided solutions.
MIP start 'm1' defined initial solution with objective 668.0000.
Tried aggregator 2 times.
MIP Presolve eliminated 2854 rows and 1 columns.
MIP Presolve modified 407 coefficients.
Aggregator did 2 substitutions.
Reduced MIP has 609 rows, 1923 columns, and 7096 nonzeros.
Reduced MIP has 1923 binaries, 0 generals, 0 SOSs, and 0 indicators.
Presolve time = 0.00 sec. (6.05 ticks)
Probing time = 0.00 sec. (2.43 ticks)
Clique table members: 622.
MIP emphasis: balance optimality and feasibility.
MIP search method: traditional branch-and-cut.
Parallel mode: none, using 1 thread.
Root relaxation solution time = 0.00 sec. (2.18 ticks)

        Nodes                                         Cuts/
   Node  Left     Objective  IInf  Best Integer    Best Bound    ItCnt     Gap         Variable B NodeID Parent  Depth

*     0+    0                          668.0000       81.0000            87.87%
      0     0      630.0000    28      668.0000      580.0000      223   13.17%
      0     0      651.8333    50      668.0000      Cuts: 60      266    2.42%
      0     0      655.0000    22      668.0000      Cuts: 26      280    1.95%
      0     0      659.0000    52      668.0000      Cuts: 17      287    1.35%
      0     0      660.2500    76      668.0000      Cuts: 14      316    1.16%
      0     0      661.5000    51      668.0000      Cuts: 20      335    0.97%
      0     0      663.5000    63      668.0000      Cuts: 24      367    0.67%
      0     0      663.8333    37      668.0000      Cuts: 28      383    0.62%
      0     0      664.0000    22      668.0000      Cuts: 25      402    0.60%
      0     0      664.0476    42      668.0000      Cuts: 23      420    0.59%
      0     0      664.5000    24      668.0000      Cuts: 15      431    0.52%
      0     0      664.5833    63      668.0000       Cuts: 5      438    0.51%
      0     0      666.0000    61      668.0000       Cuts: 9      440    0.30%
      0     0      666.7167    98      668.0000       Cuts: 9      477    0.19%
      0     0      667.0000    16      668.0000      Cuts: 22      493    0.15%
      0     0      667.0000    26      668.0000       Cuts: 7      495    0.15%
      0     0        cutoff            668.0000                    495    0.00%                        0             0
Elapsed time = 0.12 sec. (144.34 ticks, tree = 0.01 MB, solutions = 1)

Zero-half cuts applied:  21
User cuts applied:  360

Root node processing (before b&c):
  Real time             =    0.12 sec. (144.37 ticks)
Sequential b&c:
  Real time             =    0.00 sec. (0.00 ticks)
                          ------------
Total (root+branch&cut) =    0.12 sec. (144.37 ticks)

