Version identifier: 22.1.0.0 | 2022-03-09 | 1a383f8ce
CPXPARAM_Preprocessing_Reduce                    1
CPXPARAM_Threads                                 1
CPXPARAM_Preprocessing_Reformulations            0
CPXPARAM_TimeLimit                               10800
CPXPARAM_MIP_Tolerances_AbsMIPGap                0.999
CPXPARAM_MIP_Limits_TreeMemory                   20000
Legacy callback                                  BbLUID
         Disabling repeat represolve because of lazy constraint/incumbent callback.
1 of 1 MIP starts provided solutions.
MIP start 'm1' defined initial solution with objective 481.0000.
Tried aggregator 2 times.
MIP Presolve eliminated 8830 rows and 0 columns.
MIP Presolve modified 618 coefficients.
Aggregator did 2 substitutions.
Reduced MIP has 819 rows, 3862 columns, and 16431 nonzeros.
Reduced MIP has 3862 binaries, 0 generals, 0 SOSs, and 0 indicators.
Presolve time = 0.01 sec. (18.03 ticks)
Probing time = 0.00 sec. (3.04 ticks)
Clique table members: 819.
MIP emphasis: balance optimality and feasibility.
MIP search method: traditional branch-and-cut.
Parallel mode: none, using 1 thread.
Root relaxation solution time = 0.00 sec. (3.34 ticks)

        Nodes                                         Cuts/
   Node  Left     Objective  IInf  Best Integer    Best Bound    ItCnt     Gap         Variable B NodeID Parent  Depth

*     0+    0                          481.0000        9.0000            98.13%
      0     0      432.0000    36      481.0000      380.0000       97   21.00%
      0     0      450.5000    67      481.0000      Cuts: 74      148    6.34%
      0     0      451.0000    60      481.0000      Cuts: 33      158    6.24%
      0     0      451.5000    70      481.0000       Cuts: 5      164    6.13%
      0     0      451.5000    92      481.0000      Cuts: 13      169    6.13%
      0     0      452.6667    90      481.0000      Cuts: 18      185    5.89%
      0     0      456.6667   116      481.0000      Cuts: 15      204    5.06%
      0     0      457.5000   100      481.0000      Cuts: 13      218    4.89%
      0     0      457.5000   112      481.0000       Cuts: 5      221    4.89%
      0     0      458.5000   149      481.0000       User: 7      239    4.68%
      0     0      459.5000   157      481.0000      User: 15      265    4.47%
      0     0      459.8333   166      481.0000       User: 8      285    4.40%
      0     0      461.0000   177      481.0000      User: 10      311    4.16%
      0     0      461.2500   161      481.0000      User: 16      351    4.11%
      0     0      461.2857   182      481.0000      User: 11      356    4.10%
      0     0      461.2857   174      481.0000      User: 11      364    4.10%
      0     0      461.4762   145      481.0000       User: 8      374    4.06%
      0     0      461.7500    96      481.0000      User: 10      404    4.00%
      0     0      462.0000   152      481.0000       User: 7      411    3.95%
      0     0      462.0000   121      481.0000       User: 6      421    3.95%
      0     0      463.5263   184      481.0000       User: 3      461    3.63%
      0     0      463.5455   158      481.0000       User: 7      466    3.63%
      0     0      463.5455   158      481.0000       User: 9      468    3.63%
      0     0      463.6429   139      481.0000       User: 6      472    3.61%
      0     0      464.1250   132      481.0000       User: 9      482    3.51%
      0     0      467.5556   160      481.0000       User: 8      527    2.80%
      0     0      469.1667   147      481.0000       User: 4      537    2.46%
      0     0      470.9643   176      481.0000       User: 2      568    2.09%
      0     0      471.1750   183      481.0000       User: 4      578    2.04%
      0     0      471.1750   181      481.0000       User: 6      580    2.04%
      0     0      471.1798   164      481.0000       User: 4      582    2.04%
      0     0      471.4464   165      481.0000       User: 2      591    1.99%
      0     0      471.6667   124      481.0000       User: 2      610    1.94%
      0     0      471.6667   124      481.0000       User: 1      613    1.94%
      0     0      471.8750   155      481.0000       User: 1      630    1.90%
      0     0      471.9464   150      481.0000       User: 4      648    1.88%
      0     0      471.9539   164      481.0000       User: 1      653    1.88%
      0     0      472.3333   152      481.0000       User: 1      695    1.80%
      0     0      472.6316   162      481.0000       User: 5      709    1.74%
      0     0      472.6316   161      481.0000       User: 1      710    1.74%
      0     2      472.6316   161      481.0000      472.7500      710    1.72%                        0             0
Elapsed time = 0.50 sec. (850.12 ticks, tree = 0.01 MB, solutions = 1)
      5     4      478.0000   136      481.0000      474.4167     1005    1.37%          x50_24 N      5      3      4
     22     7      477.1250   176      481.0000      476.1538     1614    1.01%          x50_24 D     22      3      4

Zero-half cuts applied:  2
Gomory fractional cuts applied:  1
User cuts applied:  648

Root node processing (before b&c):
  Real time             =    0.50 sec. (850.07 ticks)
Sequential b&c:
  Real time             =    0.70 sec. (721.27 ticks)
                          ------------
Total (root+branch&cut) =    1.20 sec. (1571.33 ticks)

