Version identifier: 22.1.0.0 | 2022-03-09 | 1a383f8ce
CPXPARAM_Preprocessing_Reduce                    1
CPXPARAM_Threads                                 1
CPXPARAM_Preprocessing_Reformulations            0
CPXPARAM_TimeLimit                               10800
CPXPARAM_MIP_Tolerances_AbsMIPGap                0.999
CPXPARAM_MIP_Limits_TreeMemory                   20000
Legacy callback                                  BbLUID
         Disabling repeat represolve because of lazy constraint/incumbent callback.
1 of 1 MIP starts provided solutions.
MIP start 'm1' defined initial solution with objective 710.0000.
Tried aggregator 2 times.
MIP Presolve eliminated 5944 rows and 0 columns.
MIP Presolve modified 643 coefficients.
Aggregator did 4 substitutions.
Reduced MIP has 841 rows, 2876 columns, and 12015 nonzeros.
Reduced MIP has 2876 binaries, 0 generals, 0 SOSs, and 0 indicators.
Presolve time = 0.01 sec. (11.72 ticks)
Probing time = 0.00 sec. (2.77 ticks)
Clique table members: 867.
MIP emphasis: balance optimality and feasibility.
MIP search method: traditional branch-and-cut.
Parallel mode: none, using 1 thread.
Root relaxation solution time = 0.00 sec. (3.23 ticks)

        Nodes                                         Cuts/
   Node  Left     Objective  IInf  Best Integer    Best Bound    ItCnt     Gap         Variable B NodeID Parent  Depth

*     0+    0                          710.0000       64.0000            90.99%
      0     0      607.5000    84      710.0000      560.0000      224   21.13%
      0     0      627.4286    47      710.0000      Cuts: 47      268   11.63%
      0     0      641.5000    50      710.0000      Cuts: 30      286    9.65%
      0     0      642.5000    42      710.0000      Cuts: 23      296    9.51%
      0     0      644.5000    51      710.0000      Cuts: 10      312    9.23%
      0     0      645.5000    59      710.0000      Cuts: 13      338    9.08%
      0     0      646.8000    54      710.0000       Cuts: 8      361    8.90%
      0     0      649.2000    71      710.0000      Cuts: 11      375    8.56%
      0     0      649.5000    63      710.0000       User: 2      385    8.52%
      0     0      649.8000    80      710.0000       Cuts: 6      395    8.48%
      0     0      653.5000    50      710.0000      Cuts: 20      407    7.96%
      0     0      655.2500    55      710.0000      Cuts: 10      439    7.71%
      0     0      656.0000    14      710.0000      Cuts: 11      463    7.61%
      0     0      656.3000    78      710.0000      Cuts: 14      482    7.56%
      0     0      657.0000    84      710.0000       Cuts: 6      503    7.46%
      0     0      657.5000    66      710.0000       Cuts: 9      521    7.39%
      0     0      657.5867    93      710.0000       Cuts: 5      535    7.38%
      0     0      658.7500    70      710.0000       Cuts: 8      562    7.22%
      0     0      658.7500    90      710.0000       Cuts: 4      565    7.22%
      0     0      660.7500   104      710.0000       User: 7      576    6.94%
      0     0      662.7500   110      710.0000       User: 5      588    6.65%
      0     0      663.7500    74      710.0000       User: 8      597    6.51%
      0     0      663.8333    68      710.0000       User: 5      605    6.50%
      0     0      665.0000    38      710.0000       User: 4      633    6.34%
      0     0      665.0000    38      710.0000       User: 1      635    6.34%
      0     0      665.0000    34      710.0000       User: 1      637    6.34%
      0     0      665.0000    34      710.0000       User: 1      642    6.34%
      0     0      665.1667    77      710.0000       User: 5      655    6.31%
      0     0      665.1667    81      710.0000       User: 1      659    6.31%
      0     2      665.1667    79      710.0000      665.1667      659    6.31%                        0             0
Elapsed time = 0.47 sec. (814.63 ticks, tree = 0.01 MB, solutions = 1)
      5     7      668.1667    93      710.0000      667.5000      891    5.99%           x37_9 N      5      3      4
     20    22      676.8030    82      710.0000      667.5000     1542    5.99%           x9_98 N     20     19     12
     46    46      686.2500    37      710.0000      667.5000     2209    5.99%          x86_46 D     46     45     32
     70    63      670.0000    96      710.0000      668.3889     2631    5.86%          x50_26 D     70     69      4
    101    94      681.5833    69      710.0000      668.3889     3049    5.86%           x6_23 D    101    100     27
    119   112      685.5000    71      710.0000      668.3889     3880    5.86%          x80_73 D    119    117     40
    140   133      695.6667    36      710.0000      668.3889     4228    5.86%          x26_63 D    140    139     53
    171   156      673.2029   109      710.0000      668.6667     4909    5.82%          x67_31 N    171    170     16
    185   170      686.2917   127      710.0000      668.6667     5500    5.82%           x23_6 N    185    184     30
    344   312      683.3529   105      710.0000      668.6667     7531    5.82%          x35_60 D    344    343     37
Elapsed time = 3.64 sec. (4111.03 ticks, tree = 0.52 MB, solutions = 1)
    485   436      683.0000    45      710.0000      668.7917    10419    5.80%          x60_17 D    485    484     34
    633   567        cutoff            710.0000      669.1667    13550    5.75%          x28_26 U    633    631     42
    804   718      671.7000    54      710.0000      670.0000    16483    5.63%           x50_8 D    804    803      2
    980   869      683.6000   101      710.0000      670.1583    19850    5.61%          x63_55 D    980    979     38
   1138  1006      695.9500    81      710.0000      670.7571    23384    5.53%          x49_85 N   1138   1137     40
   1307  1154      689.4500    79      710.0000      670.9167    26323    5.50%          x49_23 N   1307   1306     39
   1491  1308      672.0000    89      710.0000      671.2000    29115    5.46%          x58_67 U   1491    362      9
   1633  1430      675.7083    94      710.0000      671.4571    32385    5.43%          x50_16 D   1633   1632     15
   1832  1599      676.5000    94      710.0000      671.7182    35032    5.39%           x5_16 D   1832   1831     16
   2030  1769      696.4286    96      710.0000      671.8333    38213    5.38%          x28_55 N   2030   2029     38
Elapsed time = 14.86 sec. (13690.38 ticks, tree = 3.65 MB, solutions = 1)
   2253  1953      683.1333    79      710.0000      672.1167    40290    5.34%          x50_26 N   2253   2252     16
   2443  2107      674.8333    52      710.0000      672.3333    43142    5.31%          x46_45 D   2443   2442      4
   2616  2252      696.5833    65      710.0000      672.4500    46604    5.29%          x87_46 N   2616   2614     14
*  2800+ 2250                          701.0000      672.6667             4.04%
   2819  2267      679.9333    53      701.0000      672.6667    49206    4.04%           x28_5 D   2819   2818     27
   3031  2437      692.5833    83      701.0000      672.7500    51750    4.03%          x63_16 N   3031   3029     16
   3224  2590      674.2222    54      701.0000      672.8667    53420    4.01%          x46_50 D   3224   3223     16
   3409  2747      688.9167    61      701.0000      672.9167    55084    4.01%           x49_6 U   3409   3407     40
   3600  2905      680.3333    54      701.0000      673.0833    57275    3.98%          x87_86 D   3600   3599     23
   3797  3062      677.3333    72      701.0000      673.2000    59495    3.97%          x46_28 D   3797   3796     22
   3993  3234      678.3333    34      701.0000      673.2619    61832    3.96%           x8_16 D   3993   3992     16
Elapsed time = 27.51 sec. (23261.88 ticks, tree = 18.48 MB, solutions = 2)
   4187  3399      675.3333    39      701.0000      673.3333    63998    3.95%          x63_55 D   4187   4186     15
   4368  3543        cutoff            701.0000      673.3333    66503    3.95%           x86_5 D   4368   4367     26
   4518  3667      691.5833   112      701.0000      673.3333    69141    3.95%          x50_26 N   4518   4517     25
   4704  3821      686.3148   102      701.0000      673.3750    71686    3.94%           x5_55 D   4704   4703     28
   4878  3960      685.7619    44      701.0000      673.4667    73580    3.93%          x86_87 D   4878   4876     32
   5065  4108      677.9118    51      701.0000      673.5000    75943    3.92%          x87_50 D   5065   5064     27
*  5160  4096      integral     0      699.0000      673.5238    77850    3.64%
   5217  4143      677.8333    44      699.0000      673.5333    78833    3.64%          x28_46 D   5217   5216     24
   5397  4280      678.7619   102      699.0000      673.5833    81650    3.64%           x1_55 U   5397   5396     16
   5579  4428      675.0000    94      699.0000      673.6333    84212    3.63%           x5_55 D   5579   5578     15
   5764  4579      677.7619    49      699.0000      673.7000    86338    3.62%          x63_55 D   5764   5763     16
Elapsed time = 38.50 sec. (32824.29 ticks, tree = 22.79 MB, solutions = 3)
   5936  4719      680.2500    94      699.0000      673.7778    88655    3.61%           x55_1 U   5936   5935     21
   6095  4852      686.8333    54      699.0000      673.8333    90040    3.60%           x28_5 D   6095   6093     27
*  6170  4841      integral     0      698.0000      673.8333    90551    3.46%
   6256  4910      681.4583    78      698.0000      673.8333    91894    3.46%          x86_87 D   6256   6255     25
   6400  5027      678.7464   120      698.0000      673.8667    93997    3.46%          x28_16 D   6400   6399     25
   6558  5151      678.6333    69      698.0000      673.9500    96835    3.45%            x8_5 D   6558   6556     13
   6729  5284      675.1190    64      698.0000      674.0000    98988    3.44%          x28_50 D   6729   6728     12
   6890  5402      686.1667    60      698.0000      674.0833   101096    3.43%           x55_1 N   6890   6889     13
   7076  5546      682.9167    47      698.0000      674.1000   103179    3.42%           x5_16 D   7076   7075     23
   7252  5690      679.9444   110      698.0000      674.1667   105214    3.41%           x5_16 D   7252   7251     22
   7400  5811      681.4982   106      698.0000      674.1905   107888    3.41%          x26_28 D   7400   7399     25
Elapsed time = 49.13 sec. (42420.38 ticks, tree = 32.77 MB, solutions = 4)
   7567  5945      677.9982   122      698.0000      674.2222   110204    3.41%          x28_16 D   7567   7566     29
   7718  6073      694.3333    87      698.0000      674.3000   112630    3.40%          x63_16 U   7718   7716     15
   7897  6211      679.3333    36      698.0000      674.3333   115015    3.39%           x8_16 D   7897   7896     21
   8040  6324      677.8235    59      698.0000      674.3333   116923    3.39%          x46_63 D   8040   8037     11
   8208  6442        cutoff            698.0000      674.3333   119050    3.39%           x45_5 D   8208   8207     23
   8391  6583      689.5833    79      698.0000      674.3333   120251    3.39%           x28_8 D   8391   8390     42
   8585  6733        cutoff            698.0000      674.4000   121648    3.38%           x1_86 N   8585   8583     26
   8743  6853      681.5000    85      698.0000      674.4583   123051    3.37%          x49_81 U   8743   6176     15
   8900  6965      676.3333    41      698.0000      674.5000   124660    3.37%          x28_26 U   8900   3940     12
   9066  7095      681.5000   107      698.0000      674.5000   127012    3.37%           x8_16 D   9066   9065     15
Elapsed time = 59.60 sec. (52004.79 ticks, tree = 50.95 MB, solutions = 4)
   9238  7236        cutoff            698.0000      674.5333   129469    3.36%          x87_50 U   9238   9236     36
   9381  7339      678.8333    79      698.0000      674.5833   131648    3.35%          x50_46 D   9381   9380     30
   9550  7473      677.8202   120      698.0000      674.5833   133413    3.35%          x87_26 D   9550   9549     33
   9729  7624      687.0833    76      698.0000      674.6333   134409    3.35%          x87_28 D   9729   9728     35
   9914  7763      681.3333    34      698.0000      674.6667   135439    3.34%          x26_46 D   9914   9913     22
  10070  7882        cutoff            698.0000      674.6667   137060    3.34%          x87_46 D  10070  10069     25
  10228  7991      696.2000    92      698.0000      674.7000   139197    3.34%           x26_9 D  10228  10226     37
  10400  8136      682.3333    40      698.0000      674.7262   141006    3.33%           x28_8 D  10400  10399     36
  10545  8233        cutoff            698.0000      674.7500   143284    3.33%          x87_46 N  10545  10544     21
  10692  8344      689.3333    75      698.0000      674.7727   145636    3.33%          x87_86 N  10692  10690     23
Elapsed time = 70.06 sec. (61608.12 ticks, tree = 70.03 MB, solutions = 4)
  10854  8473      678.8333    36      698.0000      674.8000   147847    3.32%          x28_16 D  10854  10853     24
  11036  8616      690.3333    53      698.0000      674.8333   149610    3.32%          x26_63 N  11036  11034     13
  11170  8716      682.3333    50      698.0000      674.8333   151780    3.32%          x28_50 D  11170  11169     13
  11332  8841      680.8333    94      698.0000      674.8333   153222    3.32%          x87_46 N  11332   1892     19
  11481  8951      691.5000    16      698.0000      674.8333   155154    3.32%          x62_33 U  11481  11480     18
  11634  9067      685.3333    88      698.0000      674.8333   157114    3.32%           x5_16 U  11634   2948     13
  11779  9177      684.3551    91      698.0000      674.8551   159275    3.32%          x87_46 D  11779  11778     31
  11936  9285      678.0000    91      698.0000      674.8750   161112    3.31%           x5_28 U  11936   4661     11
  12073  9387      681.7333    40      698.0000      674.9375   163382    3.30%          x63_16 D  12073  12072     15
  12215  9492      686.7778    73      698.0000      674.9583   164925    3.30%          x49_56 D  12215  12213     40
Elapsed time = 80.11 sec. (71208.98 ticks, tree = 79.64 MB, solutions = 4)
  12361  9610      688.8892   130      698.0000      675.0000   167011    3.30%           x63_8 D  12361  12360     25
  12499  9713      684.7179    65      698.0000      675.0000   169111    3.30%          x84_16 D  12499  12498     23
  12629  9802      685.3030   107      698.0000      675.0238   171184    3.29%          x87_28 N  12629  12628     27
  12771  9913      681.5833   109      698.0000      675.0556   173190    3.29%           x28_5 D  12771  12770     30
  12896 10002      685.7464   120      698.0000      675.0833   175569    3.28%          x98_87 U  12896  12895     21
  13040 10108      677.0833   108      698.0000      675.0833   176945    3.28%          x28_50 D  13040  13039     25
  13200 10225      685.0000    61      698.0000      675.1098   178615    3.28%          x28_55 D  13200  13199     16
  13354 10343        cutoff            698.0000      675.1492   180339    3.27%           x5_16 U  13354  13353     25
  13499 10452      683.9286    79      698.0000      675.1667   182477    3.27%          x87_26 D  13499  13498     21
  13634 10545        cutoff            698.0000      675.1905   184527    3.27%          x55_16 N  13634  13631     32
Elapsed time = 89.76 sec. (80815.07 ticks, tree = 86.59 MB, solutions = 4)
  13761 10641      678.4583    86      698.0000      675.2083   187143    3.27%          x37_29 U  13761   4634     22
  13911 10753        cutoff            698.0000      675.2385   189009    3.26%          x86_28 N  13911  13909     36
  14030 10840      679.2708   108      698.0000      675.2778   190713    3.26%           x8_16 D  14030  14029     20
  14173 10946      678.5833    49      698.0000      675.3333   192652    3.25%           x8_16 D  14173  14172     19
  14327 11062      693.8333    42      698.0000      675.3333   193927    3.25%          x28_46 D  14327  14326     18
  14450 11147      678.6667    44      698.0000      675.3333   195404    3.25%          x28_50 D  14450  14449     20
  14607 11263      684.0833    56      698.0000      675.3333   197134    3.25%          x87_46 D  14607  14606     18
  14752 11376      690.0000   103      698.0000      675.3333   198834    3.25%           x63_8 N  14752  14751     26
  14870 11463      689.0833    84      698.0000      675.3333   200396    3.25%          x45_26 D  14870  14869     36
  15420 11870      678.8333    88      698.0000      675.4405   208546    3.23%          x87_86 D  15420  15419     17
Elapsed time = 101.97 sec. (93284.96 ticks, tree = 99.09 MB, solutions = 4)
* 15800+12029                          697.0000      675.5000             3.08%
  16012 12193      679.0000    85      697.0000      675.5000   215034    3.08%           x5_16 D  16012  16011     16
  16552 12598      685.3333    78      697.0000      675.5833   222843    3.07%          x63_50 D  16552  16551     26
  17073 12954      683.5833    39      697.0000      675.6667   229228    3.06%          x87_26 D  17073  17072     27
  17599 13313        cutoff            697.0000      675.7000   237066    3.06%          x28_86 U  17599  17597     43
  18142 13708      685.5000    62      697.0000      675.7667   243848    3.05%          x63_55 U  18142  18141     13
  18671 14081      686.5833    58      697.0000      675.8333   249849    3.04%          x86_46 D  18671  18670     24
  19191 14437      679.3333    81      697.0000      675.8333   257232    3.04%           x55_1 U  19191  19190     19
  19682 14809        cutoff            697.0000      675.9167   264953    3.02%          x26_46 U  19682  19680     33
  20198 15188      684.3333    41      697.0000      676.0000   270981    3.01%          x50_16 D  20198  20197     30
  20720 15568      695.3333    90      697.0000      676.0833   278422    3.00%          x46_63 U  20720  20719     22
Elapsed time = 138.23 sec. (131456.34 ticks, tree = 135.17 MB, solutions = 5)
  21210 15904      683.8000    82      697.0000      676.1333   284100    2.99%          x87_55 D  21210  21209     25
  21750 16308      681.6905    90      697.0000      676.1905   291318    2.99%          x87_26 D  21750  21749     27
  22222 16638      689.3833    84      697.0000      676.2619   298793    2.98%          x87_86 N  22222  22221     16
  22746 17027      693.4167    41      697.0000      676.3333   305316    2.97%          x26_46 N  22746  22744     21
  23200 17325      690.8333    39      697.0000      676.3333   311605    2.97%          x50_16 D  23200  23199     24
  23680 17667      686.8333    72      697.0000      676.3333   318480    2.97%           x8_16 D  23680  23679     27
  24205 18032      685.8333    89      697.0000      676.3333   324803    2.97%          x63_16 U  24205  11384     11
  24708 18384      694.9792   101      697.0000      676.3429   331087    2.96%          x26_46 D  24708  24707     29
  25170 18713      686.7143   114      697.0000      676.4667   337760    2.95%           x55_1 U  25170  25169     19
  25672 19069        cutoff            697.0000      676.5000   343392    2.94%           x55_1 D  25672  25671     29
Elapsed time = 171.92 sec. (169715.26 ticks, tree = 169.70 MB, solutions = 5)
  26107 19336      682.6667    37      697.0000      676.5833   351011    2.93%          x46_50 U  26107   6484     13
  26558 19617      682.4333    88      697.0000      676.6051   357238    2.93%          x87_28 D  26558  26557     24
  27037 19948      680.6667    68      697.0000      676.6667   362802    2.92%          x28_16 D  27037  27036     15
  27520 20304      686.8333    86      697.0000      676.7083   369919    2.91%          x87_46 D  27520  27519     26
* 27864 18030      integral     0      692.0000      676.7500   376273    2.20%
  27951 18071      681.0833   119      692.0000      676.7667   377992    2.20%          x87_86 D  27951  27950     14
  28424 18359        cutoff            692.0000      676.8333   384324    2.19%           x86_5 D  28424  28423     49
  28904 18649      682.3333    81      692.0000      676.8333   389576    2.19%          x87_86 U  28904  14941     13
  29408 18939      681.3551    96      692.0000      676.8551   395114    2.19%          x63_55 D  29408  29407     22
  29868 19215      687.9333    91      692.0000      676.9167   402561    2.18%          x86_63 D  29868  29867     13
  30350 19501      686.3333    40      692.0000      677.0000   407883    2.17%          x45_63 N  30350  30349     24
Elapsed time = 203.93 sec. (207910.63 ticks, tree = 177.66 MB, solutions = 6)
  30830 19792      690.6905    87      692.0000      677.0303   414716    2.16%           x28_8 N  30830  30828     31
  31317 20055      685.0833   106      692.0000      677.0833   420862    2.16%           x63_1 N  31317  31315     23
  31779 20310      685.1333    70      692.0000      677.1333   425393    2.15%           x5_63 D  31779  31778     29
  32279 20608        cutoff            692.0000      677.1667   431258    2.14%          x50_26 U  32279  32277     20
  32787 20957      687.8333    34      692.0000      677.2000   438767    2.14%          x26_28 U  32787  32784     23
  33240 21209      681.5000    98      692.0000      677.2821   444516    2.13%          x28_50 U  33240   9258     16
  33702 21475        cutoff            692.0000      677.3333   450422    2.12%          x87_26 U  33702  33700     29
  34150 21749      679.3333    43      692.0000      677.3333   455395    2.12%          x28_46 D  34150  34149     18
* 34451 20929      integral     0      691.0000      677.3333   459947    1.98%
* 34455 19734      integral     0      690.0000      677.3333   459967    1.84%
  34576 19791        cutoff            690.0000      677.3333   462045    1.84%           x55_1 U  34576  34575     23
  35053 20042      681.7826   112      690.0000      677.3333   467661    1.84%          x28_16 D  35053  35052     27
Elapsed time = 234.32 sec. (246150.61 ticks, tree = 183.99 MB, solutions = 8)
* 35185 17139      integral     0      688.0000      677.3333   469284    1.55%
  35496 17249      682.5000    67      688.0000      677.3989   473581    1.54%          x46_26 D  35496  35494     21
  35935 17403      680.0000    96      688.0000      677.5000   480067    1.53%          x87_46 D  35935  35934     13
  36414 17599      685.3333    37      688.0000      677.5833   486752    1.51%           x1_46 D  36414  36413     19
  36889 17790        cutoff            688.0000      677.6667   492697    1.50%          x55_16 D  36889  36888     16
  37332 17970      683.3333    43      688.0000      677.7167   497488    1.49%          x46_26 D  37332  37331     29
* 37800+10500                          684.0000      677.8333             0.90%
  37816 10495      679.8333    36      684.0000      677.8333   504272    0.90%           x63_1 U  37816  34297     15
  38315 10502        cutoff            684.0000      677.8667   510367    0.90%           x5_28 U  38315  38312     24
  38824 10544      680.6667    99      684.0000      678.0000   516446    0.88%          x28_26 D  38824  38823     30
  39315 10544        cutoff            684.0000      678.1667   522204    0.85%           x5_16 U  39315  15864     20
  39809 10514        cutoff            684.0000      678.3333   527885    0.83%           x46_8 U  39809   3355     20
Elapsed time = 262.65 sec. (284312.64 ticks, tree = 92.23 MB, solutions = 10)
  40285 10487      681.3333    61      684.0000      678.3333   533644    0.83%           x63_1 U  40285  40283     26
  40787 10469      680.5952    93      684.0000      678.3958   539175    0.82%           x5_28 U  40787   5183     13
  41284 10432      682.0833    58      684.0000      678.5833   545305    0.79%          x63_55 U  41284  41283     24
  41743 10437      679.6667    89      684.0000      678.6667   550484    0.78%          x87_86 D  41743  41742     25
  42232 10425      680.8333    70      684.0000      678.8279   556251    0.76%           x9_98 U  42232  42230     17
  42703 10344      681.6051    92      684.0000      678.8551   562116    0.75%          x50_26 U  42703  42701     24
  43179 10256        cutoff            684.0000      679.0000   568070    0.73%          x26_63 U  43179  43177     17
  43642 10232      681.0833    84      684.0000      679.0833   572451    0.72%          x28_55 U  43642   8618     11
  44073 10105      681.9405   101      684.0000      679.1905   578261    0.70%          x87_28 D  44073  44072     25
  44534  9988        cutoff            684.0000      679.3333   583313    0.68%           x50_1 U  44534  22953     17
Elapsed time = 287.78 sec. (322502.27 ticks, tree = 85.76 MB, solutions = 10)
  44993  9848        cutoff            684.0000      679.3333   587948    0.68%          x87_86 U  44993  12158     13
  45459  9723        cutoff            684.0000      679.4405   592880    0.67%           x28_5 U  45459  34033     24
  45925  9650      681.8000    95      684.0000      679.5500   598017    0.65%          x98_87 U  45925  45924     18
  46361  9460      681.7333    53      684.0000      679.6710   602882    0.63%          x87_86 D  46361  46360     27
  46792  9265        cutoff            684.0000      679.8333   607551    0.61%          x63_50 U  46792  33551     13
  47269  9137      681.3551    95      684.0000      679.8551   612037    0.61%          x50_26 U  47269  47267     24
  47684  8929        cutoff            684.0000      680.0000   616341    0.58%          x45_55 U  47684  47682     17
  48139  8733        cutoff            684.0000      680.0833   621440    0.57%          x98_87 D  48139   7036     31
  48593  8477      681.8551    93      684.0000      680.2301   626287    0.55%           x63_1 D  48593  48592     27
  49048  8242      682.3333    37      684.0000      680.3333   630715    0.54%          x87_46 D  49048  49047     26
Elapsed time = 309.98 sec. (360680.97 ticks, tree = 68.49 MB, solutions = 10)
  49461  8006        cutoff            684.0000      680.3333   634448    0.54%          x87_86 U  49461  24154     23
  49911  7773        cutoff            684.0000      680.4333   639291    0.52%          x28_50 U  49911  49909     28
  50360  7544      681.3333    38      684.0000      680.5641   643807    0.50%          x28_46 D  50360  50359     28
  50806  7279        cutoff            684.0000      680.6795   648103    0.49%          x86_28 U  50806   7160     43
  51247  6989        cutoff            684.0000      680.8333   651922    0.46%           x8_16 U  51247  15511     25
  51702  6734      681.8551    95      684.0000      680.8551   655728    0.46%          x28_55 U  51702  20477     37
  52134  6444        cutoff            684.0000      681.0000   659397    0.44%          x87_86 U  52134  28401     27
  52589  6199      681.2500    93      684.0000      681.0833   663195    0.43%            x8_1 U  52589  18054     21
  53036  5871        cutoff            684.0000      681.1905   666762    0.41%          x87_46 U  53036  46428     29
  53462  5541        cutoff            684.0000      681.3333   670511    0.39%          x46_50 U  53462  20191     24
Elapsed time = 330.50 sec. (398886.79 ticks, tree = 47.85 MB, solutions = 10)
  53898  5179      682.8333    81      684.0000      681.3333   673562    0.39%           x55_1 D  53898  45142     25
  54342  4819        cutoff            684.0000      681.4405   676810    0.37%          x55_50 U  54342  33680     38
  54776  4501        cutoff            684.0000      681.5641   679903    0.36%          x86_63 U  54776  15435     33
  55229  4162      682.6905    88      684.0000      681.6905   683083    0.34%           x50_5 U  55229  55227     26
  55673  3782        cutoff            684.0000      681.8333   685902    0.32%          x50_46 U  55673  37980      8
  56131  3411        cutoff            684.0000      681.9167   688661    0.30%          x26_46 U  56131  15600     29
  56586  3026        cutoff            684.0000      682.0333   691346    0.29%          x87_26 U  56586  20503     21
  57032  2620        cutoff            684.0000      682.1667   693646    0.27%           x28_8 U  57032  37240     21
  57495  2207        cutoff            684.0000      682.3333   695784    0.24%          x28_45 U  57495  23175     22
  57960  1776        cutoff            684.0000      682.3333   697637    0.24%          x87_26 U  57960  35223     16
Elapsed time = 348.12 sec. (437074.39 ticks, tree = 16.37 MB, solutions = 10)
  58429  1354        cutoff            684.0000      682.5333   699598    0.21%          x50_26 U  58429  23947     29
  58886   913        cutoff            684.0000      682.7222   701028    0.19%           x5_55 U  58886  55298     23
  59359   463        cutoff            684.0000      682.8333   702339    0.17%          x87_26 U  59359  41929     26

Cover cuts applied:  6
Mixed integer rounding cuts applied:  3
Zero-half cuts applied:  15
Gomory fractional cuts applied:  3
User cuts applied:  6240

Root node processing (before b&c):
  Real time             =    0.47 sec. (814.84 ticks)
Sequential b&c:
  Real time             =  354.01 sec. (451758.78 ticks)
                          ------------
Total (root+branch&cut) =  354.48 sec. (452573.62 ticks)

