Version identifier: 22.1.0.0 | 2022-03-09 | 1a383f8ce
CPXPARAM_Preprocessing_Reduce                    1
CPXPARAM_Threads                                 1
CPXPARAM_Preprocessing_Reformulations            0
CPXPARAM_TimeLimit                               10800
CPXPARAM_MIP_Tolerances_AbsMIPGap                0.999
CPXPARAM_MIP_Limits_TreeMemory                   20000
Legacy callback                                  BbLUID
         Disabling repeat represolve because of lazy constraint/incumbent callback.
1 of 1 MIP starts provided solutions.
MIP start 'm1' defined initial solution with objective 511.0000.
Tried aggregator 1 time.
MIP Presolve eliminated 8257 rows and 0 columns.
MIP Presolve modified 731 coefficients.
Reduced MIP has 933 rows, 4028 columns, and 17123 nonzeros.
Reduced MIP has 4028 binaries, 0 generals, 0 SOSs, and 0 indicators.
Presolve time = 0.01 sec. (16.33 ticks)
Probing time = 0.00 sec. (3.07 ticks)
Clique table members: 933.
MIP emphasis: balance optimality and feasibility.
MIP search method: traditional branch-and-cut.
Parallel mode: none, using 1 thread.
Root relaxation solution time = 0.00 sec. (3.75 ticks)

        Nodes                                         Cuts/
   Node  Left     Objective  IInf  Best Integer    Best Bound    ItCnt     Gap         Variable B NodeID Parent  Depth

*     0+    0                          511.0000        0.0000           100.00%
      0     0      450.0000    16      511.0000      417.0000      217   18.40%
      0     0      468.5000    60      511.0000      User: 70      280    8.32%
      0     0      473.0000    66      511.0000      Cuts: 34      314    7.44%
      0     0      480.3333    63      511.0000      Cuts: 28      348    6.00%
      0     0      485.0000    54      511.0000      Cuts: 23      376    5.09%
      0     0      485.0000    28      511.0000      Cuts: 19      379    5.09%
      0     0      485.0000    28      511.0000       User: 7      389    5.09%
      0     0      485.0000    28      511.0000       User: 3      390    5.09%
      0     0      489.0000    38      511.0000       User: 2      418    4.31%
      0     0      489.5000    50      511.0000      User: 16      427    4.21%
      0     0      494.0000    62      511.0000      User: 23      466    3.33%
      0     0      494.0000    28      511.0000      User: 12      476    3.33%
      0     0      494.5000    28      511.0000       User: 2      482    3.23%
      0     0      495.0000    28      511.0000       User: 2      489    3.13%
      0     0      497.2500    37      511.0000       User: 2      492    2.69%
      0     0      497.5000    36      511.0000       User: 1      495    2.64%
      0     0      500.2500    65      511.0000       User: 1      528    2.10%
      0     0      500.2500    63      511.0000      User: 12      533    2.10%
      0     0      501.2500    61      511.0000      User: 11      550    1.91%
      0     2      501.2500    61      511.0000      501.2500      550    1.91%                        0             0
Elapsed time = 0.23 sec. (339.30 ticks, tree = 0.01 MB, solutions = 1)
*    10+    6                          510.0000      502.7500             1.42%
*    13     5      integral     0      509.0000      502.7500      850    1.23%

Zero-half cuts applied:  6
Gomory fractional cuts applied:  2
User cuts applied:  439

Root node processing (before b&c):
  Real time             =    0.23 sec. (339.37 ticks)
Sequential b&c:
  Real time             =    0.17 sec. (219.39 ticks)
                          ------------
Total (root+branch&cut) =    0.40 sec. (558.76 ticks)

