Version identifier: 22.1.0.0 | 2022-03-09 | 1a383f8ce
CPXPARAM_Preprocessing_Reduce                    1
CPXPARAM_Threads                                 1
CPXPARAM_Preprocessing_Reformulations            0
CPXPARAM_TimeLimit                               10800
CPXPARAM_MIP_Tolerances_AbsMIPGap                0.999
CPXPARAM_MIP_Limits_TreeMemory                   20000
Legacy callback                                  BbLUID
         Disabling repeat represolve because of lazy constraint/incumbent callback.
1 of 1 MIP starts provided solutions.
MIP start 'm1' defined initial solution with objective 602.0000.
Tried aggregator 1 time.
MIP Presolve eliminated 10046 rows and 0 columns.
MIP Presolve modified 720 coefficients.
Reduced MIP has 922 rows, 4075 columns, and 17404 nonzeros.
Reduced MIP has 4075 binaries, 0 generals, 0 SOSs, and 0 indicators.
Presolve time = 0.01 sec. (17.64 ticks)
Probing time = 0.00 sec. (3.13 ticks)
Clique table members: 924.
MIP emphasis: balance optimality and feasibility.
MIP search method: traditional branch-and-cut.
Parallel mode: none, using 1 thread.
Root relaxation solution time = 0.00 sec. (4.71 ticks)

        Nodes                                         Cuts/
   Node  Left     Objective  IInf  Best Integer    Best Bound    ItCnt     Gap         Variable B NodeID Parent  Depth

*     0+    0                          602.0000        0.0000           100.00%
      0     0      504.0000    42      602.0000      451.0000      163   25.08%
      0     0      540.5000    68      602.0000      Cuts: 89      273   10.22%
      0     0      552.1429    77      602.0000      Cuts: 58      313    8.28%
      0     0      558.6429   135      602.0000      Cuts: 33      361    7.20%
      0     0      558.7679   150      602.0000      Cuts: 11      370    7.18%
      0     0      559.3929   134      602.0000      User: 11      372    7.08%
      0     0      559.8929   140      602.0000       Cuts: 9      376    6.99%
      0     0      560.5000   145      602.0000      User: 12      393    6.89%
      0     0      560.7500   129      602.0000      Cuts: 11      400    6.85%
      0     0      560.7500   140      602.0000      Cuts: 13      415    6.85%
      0     0      562.2500    73      602.0000      Cuts: 13      431    6.60%
      0     0      562.7500    85      602.0000      Cuts: 10      445    6.52%
      0     0      563.1786   128      602.0000       Cuts: 3      455    6.45%
      0     0      564.4286    77      602.0000       User: 8      479    6.24%
      0     0      566.3810   144      602.0000      User: 31      522    5.92%
      0     0      570.4286   133      602.0000      Cuts: 12      526    5.24%
      0     0      570.9286   130      602.0000      Cuts: 12      555    5.16%
      0     0      571.1538   168      602.0000      Cuts: 11      571    5.12%
      0     0      571.3980   169      602.0000       User: 4      593    5.08%
      0     0      572.1667   182      602.0000       Cuts: 5      619    4.96%
      0     0      572.6406   161      602.0000       Cuts: 9      638    4.88%
      0     0      572.6667   210      602.0000      Cuts: 12      655    4.87%
      0     0      572.6667   142      602.0000       User: 2      655    4.87%
      0     0      572.8929   192      602.0000      User: 10      685    4.84%
      0     0      572.9667   135      602.0000       User: 7      688    4.82%
      0     0      573.0139   147      602.0000       User: 5      701    4.81%
      0     0      573.0833   140      602.0000       User: 3      711    4.80%
      0     0      573.2933   147      602.0000       User: 7      745    4.77%
      0     0      573.3519   206      602.0000       User: 5      768    4.76%
      0     0      573.4167   200      602.0000       User: 6      781    4.75%
      0     0      573.4167   121      602.0000       User: 3      781    4.75%
      0     0      574.2292   207      602.0000       User: 1      818    4.61%
      0     0      574.4167   158      602.0000       User: 6      826    4.58%
      0     0      574.5417   169      602.0000       User: 7      847    4.56%
      0     2      574.5417   169      602.0000      576.0417      847    4.31%                        0             0
Elapsed time = 0.66 sec. (1390.00 ticks, tree = 0.01 MB, solutions = 1)
      4     6      581.0417   156      602.0000      576.0417      868    4.31%          x50_95 D      4      2      3
     13    15      593.7500    96      602.0000      576.0417     1230    4.31%          x69_33 N     13     10      8
     37    28      584.6905   146      602.0000      578.1667     1875    3.96%          x30_33 U     37     35      5
*    47    29      integral     0      595.0000      578.1667     2194    2.83%
*    49    25      integral     0      594.0000      578.1667     2204    2.67%
     50    25      578.5400   185      594.0000      578.1667     2244    2.67%          x95_16 N     50     31      2
     80    51      583.8333   101      594.0000      578.5833     2759    2.60%          x30_69 D     80     79      6
    115    81      589.8333    51      594.0000      579.5556     3347    2.43%          x30_36 N    115    114     18
*   144    65      integral     0      589.0000      579.8750     3767    1.55%
    149    69      583.1000    81      589.0000      580.0833     3873    1.51%          x30_69 D    149    148      9
    198   103        cutoff            589.0000      580.7083     4990    1.41%          x62_85 U    198    197     18
*   228    88      integral     0      587.0000      581.0000     5552    1.02%
    243    91      584.5625   156      587.0000      581.8667     5966    0.87%          x50_95 N    243      3      3
*   330    65      integral     0      586.0000      583.0833     8116    0.50%

Zero-half cuts applied:  22
Gomory fractional cuts applied:  1
User cuts applied:  965

Root node processing (before b&c):
  Real time             =    0.66 sec. (1390.17 ticks)
Sequential b&c:
  Real time             =    3.13 sec. (2983.85 ticks)
                          ------------
Total (root+branch&cut) =    3.79 sec. (4374.02 ticks)

