Version identifier: 22.1.0.0 | 2022-03-09 | 1a383f8ce
CPXPARAM_Preprocessing_Reduce                    1
CPXPARAM_Threads                                 1
CPXPARAM_Preprocessing_Reformulations            0
CPXPARAM_TimeLimit                               10800
CPXPARAM_MIP_Tolerances_AbsMIPGap                0.999
CPXPARAM_MIP_Limits_TreeMemory                   20000
Legacy callback                                  BbLUID
         Disabling repeat represolve because of lazy constraint/incumbent callback.
1 of 1 MIP starts provided solutions.
MIP start 'm1' defined initial solution with objective 665.0000.
Tried aggregator 2 times.
MIP Presolve eliminated 6087 rows and 0 columns.
MIP Presolve modified 656 coefficients.
Aggregator did 2 substitutions.
Reduced MIP has 856 rows, 2890 columns, and 12713 nonzeros.
Reduced MIP has 2890 binaries, 0 generals, 0 SOSs, and 0 indicators.
Presolve time = 0.01 sec. (12.62 ticks)
Probing time = 0.00 sec. (2.77 ticks)
Clique table members: 856.
MIP emphasis: balance optimality and feasibility.
MIP search method: traditional branch-and-cut.
Parallel mode: none, using 1 thread.
Root relaxation solution time = 0.00 sec. (2.98 ticks)

        Nodes                                         Cuts/
   Node  Left     Objective  IInf  Best Integer    Best Bound    ItCnt     Gap         Variable B NodeID Parent  Depth

*     0+    0                          665.0000       21.0000            96.84%
      0     0      586.0000    16      665.0000      535.0000      138   19.55%
      0     0      613.0000    14      665.0000      User: 51      180    7.82%
      0     0      620.0000    10      665.0000      Cuts: 15      192    6.77%
      0     0      620.0000    12      665.0000       Cuts: 6      199    6.77%
      0     0      625.0000     8      665.0000       User: 5      223    6.02%
      0     0      631.5000    60      665.0000       Cuts: 7      233    5.04%
      0     0      631.6667    76      665.0000      User: 10      237    5.01%
      0     0      632.0000    10      665.0000      Cuts: 10      243    4.96%
      0     0      632.5000    34      665.0000       Cuts: 7      244    4.89%
      0     0      633.5000    42      665.0000       User: 1      248    4.74%
      0     0      635.0000    64      665.0000       User: 1      264    4.51%
      0     2      635.0000    64      665.0000      635.5000      264    4.44%                        0             0
Elapsed time = 0.24 sec. (276.90 ticks, tree = 0.01 MB, solutions = 1)
     20    18      654.8000    49      665.0000      635.8333      571    4.39%          x43_28 N     20     19     16
*    53    32      integral     0      654.0000      635.8333      856    2.78%
     65    41      648.7500    59      654.0000      635.8333      926    2.78%          x12_26 U     65     63     26
*    79    32      integral     0      649.0000      638.0000     1056    1.69%
*   110    41      integral     0      647.0000      638.0000     1332    1.39%
    165    67      644.5000    38      647.0000      639.0000     1852    1.24%          x32_21 D    165    164     11
*   197    73      integral     0      646.0000      639.5000     2195    1.01%
*   200+   61                          645.0000      639.6667             0.83%
*   218    59      integral     0      644.0000      639.9333     2425    0.63%
    302    31        cutoff            644.0000      642.0000     3251    0.31%          x96_83 U    302    120      9
*   311     0      integral     0      643.0000      642.3333     3282    0.10%

Cover cuts applied:  1
Zero-half cuts applied:  9
Gomory fractional cuts applied:  2
User cuts applied:  677

Root node processing (before b&c):
  Real time             =    0.24 sec. (277.05 ticks)
Sequential b&c:
  Real time             =    1.48 sec. (986.47 ticks)
                          ------------
Total (root+branch&cut) =    1.72 sec. (1263.52 ticks)

