Version identifier: 22.1.0.0 | 2022-03-09 | 1a383f8ce
CPXPARAM_Preprocessing_Reduce                    1
CPXPARAM_Threads                                 1
CPXPARAM_Preprocessing_Reformulations            0
CPXPARAM_TimeLimit                               10800
CPXPARAM_MIP_Tolerances_AbsMIPGap                0.999
CPXPARAM_MIP_Limits_TreeMemory                   20000
Legacy callback                                  BbLUID
         Disabling repeat represolve because of lazy constraint/incumbent callback.
1 of 1 MIP starts provided solutions.
MIP start 'm1' defined initial solution with objective 596.0000.
Tried aggregator 2 times.
MIP Presolve eliminated 6261 rows and 0 columns.
MIP Presolve modified 646 coefficients.
Aggregator did 2 substitutions.
Reduced MIP has 846 rows, 3092 columns, and 13141 nonzeros.
Reduced MIP has 3092 binaries, 0 generals, 0 SOSs, and 0 indicators.
Presolve time = 0.01 sec. (13.00 ticks)
Probing time = 0.00 sec. (2.80 ticks)
Clique table members: 846.
MIP emphasis: balance optimality and feasibility.
MIP search method: traditional branch-and-cut.
Parallel mode: none, using 1 thread.
Root relaxation solution time = 0.00 sec. (3.47 ticks)

        Nodes                                         Cuts/
   Node  Left     Objective  IInf  Best Integer    Best Bound    ItCnt     Gap         Variable B NodeID Parent  Depth

*     0+    0                          596.0000       30.0000            94.97%
      0     0      519.0000    16      596.0000      467.0000      221   21.64%
      0     0      542.0000    14      596.0000      Cuts: 65      258    9.06%
      0     0      562.5000    18      596.0000      Cuts: 37      273    5.62%
      0     0      563.5000    57      596.0000       Cuts: 7      288    5.45%
      0     0      564.0000    49      596.0000      Cuts: 12      298    5.37%
      0     0      567.0000    43      596.0000      Cuts: 16      320    4.87%
      0     0      567.3333    79      596.0000      Cuts: 18      325    4.81%
      0     0      567.5000    10      596.0000      Cuts: 10      331    4.78%
      0     0      567.5000    27      596.0000       User: 6      334    4.78%
      0     0      568.2500    48      596.0000       Cuts: 5      351    4.66%
      0     0      569.0000    51      596.0000       Cuts: 6      360    4.53%
      0     0      569.6667    67      596.0000       Cuts: 8      385    4.42%
      0     0      569.8333    61      596.0000      Cuts: 10      397    4.39%
      0     0      570.5000    38      596.0000      Cuts: 12      413    4.28%
      0     0      570.9231    83      596.0000       User: 4      427    4.21%
      0     0      571.0000    60      596.0000      Cuts: 10      437    4.19%
      0     0      571.0000    44      596.0000      Cuts: 10      458    4.19%
*     0+    0                          572.0000      571.0000             0.17%
      0     0        cutoff            572.0000      571.0000      458    0.17%                        0             0
Elapsed time = 0.21 sec. (303.98 ticks, tree = 0.01 MB, solutions = 2)

Clique cuts applied:  1
Zero-half cuts applied:  28
Gomory fractional cuts applied:  3
User cuts applied:  431

Root node processing (before b&c):
  Real time             =    0.21 sec. (304.10 ticks)
Sequential b&c:
  Real time             =    0.00 sec. (0.00 ticks)
                          ------------
Total (root+branch&cut) =    0.21 sec. (304.10 ticks)

