Version identifier: 22.1.0.0 | 2022-03-09 | 1a383f8ce
CPXPARAM_Preprocessing_Reduce                    1
CPXPARAM_Threads                                 1
CPXPARAM_Preprocessing_Reformulations            0
CPXPARAM_TimeLimit                               10800
CPXPARAM_MIP_Tolerances_AbsMIPGap                0.999
CPXPARAM_MIP_Limits_TreeMemory                   20000
Legacy callback                                  BbLUID
         Disabling repeat represolve because of lazy constraint/incumbent callback.
1 of 1 MIP starts provided solutions.
MIP start 'm1' defined initial solution with objective 300.0000.
Tried aggregator 2 times.
MIP Presolve eliminated 213 rows and 0 columns.
MIP Presolve modified 47 coefficients.
Aggregator did 2 substitutions.
Reduced MIP has 88 rows, 246 columns, and 793 nonzeros.
Reduced MIP has 246 binaries, 0 generals, 0 SOSs, and 0 indicators.
Presolve time = 0.00 sec. (0.57 ticks)
Probing time = 0.00 sec. (0.40 ticks)
Clique table members: 88.
MIP emphasis: balance optimality and feasibility.
MIP search method: traditional branch-and-cut.
Parallel mode: none, using 1 thread.
Root relaxation solution time = 0.00 sec. (0.20 ticks)

        Nodes                                         Cuts/
   Node  Left     Objective  IInf  Best Integer    Best Bound    ItCnt     Gap         Variable B NodeID Parent  Depth

*     0+    0                          300.0000       31.0000            89.67%
      0     0      223.5000     8      300.0000      223.5000       28   25.50%
      0     2      285.5000    36      300.0000      288.0000       28    4.00%                        0             0
Elapsed time = 0.01 sec. (12.86 ticks, tree = 0.01 MB, solutions = 1)

User cuts applied:  103

Root node processing (before b&c):
  Real time             =    0.01 sec. (12.82 ticks)
Sequential b&c:
  Real time             =    0.01 sec. (10.21 ticks)
                          ------------
Total (root+branch&cut) =    0.02 sec. (23.02 ticks)

