Version identifier: 22.1.0.0 | 2022-03-09 | 1a383f8ce
CPXPARAM_Preprocessing_Reduce                    1
CPXPARAM_Threads                                 1
CPXPARAM_Preprocessing_Reformulations            0
CPXPARAM_TimeLimit                               10800
CPXPARAM_MIP_Tolerances_AbsMIPGap                0.999
CPXPARAM_MIP_Limits_TreeMemory                   20000
Legacy callback                                  BbLUID
         Disabling repeat represolve because of lazy constraint/incumbent callback.
1 of 1 MIP starts provided solutions.
MIP start 'm1' defined initial solution with objective 277.0000.
Tried aggregator 1 time.
MIP Presolve eliminated 265 rows and 0 columns.
MIP Presolve modified 50 coefficients.
Reduced MIP has 92 rows, 279 columns, and 896 nonzeros.
Reduced MIP has 279 binaries, 0 generals, 0 SOSs, and 0 indicators.
Presolve time = 0.00 sec. (0.56 ticks)
Probing time = 0.00 sec. (0.46 ticks)
Clique table members: 92.
MIP emphasis: balance optimality and feasibility.
MIP search method: traditional branch-and-cut.
Parallel mode: none, using 1 thread.
Root relaxation solution time = 0.00 sec. (0.25 ticks)

        Nodes                                         Cuts/
   Node  Left     Objective  IInf  Best Integer    Best Bound    ItCnt     Gap         Variable B NodeID Parent  Depth

*     0+    0                          277.0000        0.0000           100.00%
      0     0      237.0000    20      277.0000      219.0000       34   20.94%
      0     0      240.0000    24      277.0000       Cuts: 7       38   13.36%
      0     0      240.5000    18      277.0000       Cuts: 9       40   13.18%
      0     0      244.0000    32      277.0000       Cuts: 8       54   11.91%
      0     0      246.0000    16      277.0000      Cuts: 12       72   11.19%
      0     0      246.5238    56      277.0000       Cuts: 8       84   11.00%
      0     0      248.5667    54      277.0000      Cuts: 12       94   10.26%
      0     0      251.0000    32      277.0000      Cuts: 24      116    9.39%
      0     0      252.7647    58      277.0000      Cuts: 20      145    8.75%
      0     0      255.6000    56      277.0000      Cuts: 19      173    7.73%
      0     0      256.8333    46      277.0000      Cuts: 19      187    7.28%
      0     0      257.0000    34      277.0000  ZeroHalf: 20      200    7.22%
      0     0      257.0204    59      277.0000   ZeroHalf: 4      208    7.21%
      0     0      257.4878    65      277.0000       Cuts: 8      228    7.04%
      0     0      257.7385    67      277.0000   ZeroHalf: 2      243    6.95%
      0     0      257.9000    68      277.0000       Cuts: 7      262    6.90%
      0     0      258.5000    60      277.0000       Cuts: 9      295    6.68%
      0     0      258.6032    68      277.0000   ZeroHalf: 4      310    6.64%
      0     0      258.8400    66      277.0000       Cuts: 3      326    6.56%
      0     0      259.2000    55      277.0000       Cuts: 5      348    6.43%
      0     0      259.2558    75      277.0000   ZeroHalf: 9      370    6.41%
      0     0      259.4410    73      277.0000       Cuts: 3      403    6.34%
      0     0      259.6111    68      277.0000       Cuts: 2      420    6.28%
      0     0      259.6889    73      277.0000       Cuts: 5      432    6.25%
      0     0      259.7143    40      277.0000       Cuts: 5      442    6.24%
      0     0      259.7163    74      277.0000   ZeroHalf: 5      450    6.24%
      0     2      259.7163    71      277.0000      259.7333      450    6.23%                        0             0
Elapsed time = 0.11 sec. (120.80 ticks, tree = 0.01 MB, solutions = 1)
    220    78      270.5476    33      277.0000      267.1953     2399    3.54%           x16_8 U    220    193     10
*   234    69      integral     0      274.0000      267.6667     2499    2.31%
*   242    42      integral     0      272.0000      268.0000     2561    1.47%

Mixed integer rounding cuts applied:  2
Zero-half cuts applied:  18
User cuts applied:  334

Root node processing (before b&c):
  Real time             =    0.11 sec. (120.79 ticks)
Sequential b&c:
  Real time             =    0.36 sec. (286.83 ticks)
                          ------------
Total (root+branch&cut) =    0.47 sec. (407.62 ticks)

