Version identifier: 22.1.0.0 | 2022-03-09 | 1a383f8ce
CPXPARAM_Preprocessing_Reduce                    1
CPXPARAM_Threads                                 1
CPXPARAM_Preprocessing_Reformulations            0
CPXPARAM_TimeLimit                               10800
CPXPARAM_MIP_Tolerances_AbsMIPGap                0.999
CPXPARAM_MIP_Limits_TreeMemory                   20000
Legacy callback                                  BbLUID
         Disabling repeat represolve because of lazy constraint/incumbent callback.
1 of 1 MIP starts provided solutions.
MIP start 'm1' defined initial solution with objective 311.0000.
Tried aggregator 1 time.
MIP Presolve eliminated 216 rows and 0 columns.
MIP Presolve modified 47 coefficients.
Reduced MIP has 89 rows, 254 columns, and 829 nonzeros.
Reduced MIP has 254 binaries, 0 generals, 0 SOSs, and 0 indicators.
Presolve time = 0.00 sec. (0.49 ticks)
Probing time = 0.00 sec. (0.41 ticks)
Clique table members: 95.
MIP emphasis: balance optimality and feasibility.
MIP search method: traditional branch-and-cut.
Parallel mode: none, using 1 thread.
Root relaxation solution time = 0.00 sec. (0.25 ticks)

        Nodes                                         Cuts/
   Node  Left     Objective  IInf  Best Integer    Best Bound    ItCnt     Gap         Variable B NodeID Parent  Depth

*     0+    0                          311.0000        0.0000           100.00%
      0     0      275.5000    32      311.0000      259.0000       32   16.72%
      0     0      280.5000    26      311.0000      Cuts: 17       48    9.81%
      0     0      284.3333    23      311.0000      Cuts: 15       53    8.57%
      0     0      285.3333    41      311.0000      Cuts: 17       64    8.25%
      0     0      287.7273    41      311.0000       Cuts: 9       81    7.48%
      0     0      289.3750    48      311.0000       Cuts: 9       98    6.95%
      0     0      290.6087    54      311.0000       Cuts: 9      116    6.56%
      0     0      291.9600    60      311.0000       Cuts: 7      133    6.12%
      0     0      293.7667    59      311.0000       Cuts: 7      158    5.54%
      0     0      294.2500    50      311.0000       Cuts: 3      168    5.39%
      0     0      294.6410    68      311.0000       Cuts: 6      190    5.26%
      0     0      295.6667    59      311.0000       Cuts: 9      230    4.93%
      0     0      295.9206    64      311.0000      Cuts: 10      270    4.85%
      0     0      296.3866    63      311.0000       Cuts: 6      301    4.70%
      0     0      296.6448    65      311.0000   ZeroHalf: 1      316    4.62%
      0     0      297.1963    63      311.0000   ZeroHalf: 8      336    4.44%
      0     0      297.3074    67      311.0000       Cuts: 5      360    4.40%
      0     0      297.5184    59      311.0000       Cuts: 2      372    4.33%
      0     0      297.9600    51      311.0000   ZeroHalf: 2      391    4.19%
      0     0      298.2143    56      311.0000   ZeroHalf: 4      393    4.11%
      0     0      298.4200    56      311.0000   ZeroHalf: 7      397    4.05%
      0     0      298.9863    67      311.0000   ZeroHalf: 4      423    3.86%
      0     0      299.1048    62      311.0000   ZeroHalf: 1      433    3.82%
      0     0      299.2821    60      311.0000   ZeroHalf: 1      452    3.77%
      0     0      299.4432    65      311.0000   ZeroHalf: 3      472    3.72%
      0     0      299.6262    63      311.0000   ZeroHalf: 2      486    3.66%
      0     0      299.6429    66      311.0000   ZeroHalf: 2      492    3.65%
      0     0      299.7018    60      311.0000   ZeroHalf: 1      508    3.63%
      0     0      299.7031    58      311.0000       User: 1      513    3.63%
      0     2      300.1429    43      311.0000      300.2500      535    3.46%                        0             0
Elapsed time = 0.11 sec. (144.49 ticks, tree = 0.01 MB, solutions = 1)
*     1     1      integral     0      303.0000      300.2500      556    0.91%

Zero-half cuts applied:  15
User cuts applied:  104

Root node processing (before b&c):
  Real time             =    0.11 sec. (135.01 ticks)
Sequential b&c:
  Real time             =    0.00 sec. (10.42 ticks)
                          ------------
Total (root+branch&cut) =    0.12 sec. (145.43 ticks)

