Version identifier: 22.1.0.0 | 2022-03-09 | 1a383f8ce
CPXPARAM_Preprocessing_Reduce                    1
CPXPARAM_Threads                                 1
CPXPARAM_Preprocessing_Reformulations            0
CPXPARAM_TimeLimit                               10800
CPXPARAM_MIP_Tolerances_AbsMIPGap                0.999
CPXPARAM_MIP_Limits_TreeMemory                   20000
Legacy callback                                  BbLUID
         Disabling repeat represolve because of lazy constraint/incumbent callback.
1 of 1 MIP starts provided solutions.
MIP start 'm1' defined initial solution with objective 278.0000.
Tried aggregator 1 time.
MIP Presolve eliminated 329 rows and 0 columns.
MIP Presolve modified 60 coefficients.
Reduced MIP has 102 rows, 337 columns, and 1116 nonzeros.
Reduced MIP has 337 binaries, 0 generals, 0 SOSs, and 0 indicators.
Presolve time = 0.00 sec. (0.70 ticks)
Probing time = 0.00 sec. (0.62 ticks)
Clique table members: 102.
MIP emphasis: balance optimality and feasibility.
MIP search method: traditional branch-and-cut.
Parallel mode: none, using 1 thread.
Root relaxation solution time = 0.00 sec. (0.26 ticks)

        Nodes                                         Cuts/
   Node  Left     Objective  IInf  Best Integer    Best Bound    ItCnt     Gap         Variable B NodeID Parent  Depth

*     0+    0                          278.0000        0.0000           100.00%
      0     0      240.6667    43      278.0000      204.0000       23   26.62%
      0     0      242.6667    23      278.0000      Cuts: 15       31   12.71%
      0     0      245.0000    34      278.0000      Cuts: 19       39   11.87%
      0     0      245.6667    36      278.0000       Cuts: 7       40   11.63%
      0     0      246.0000    35      278.0000       Cuts: 9       46   11.51%
      0     0      246.5235    54      278.0000      Cuts: 10       56   11.32%
      0     0      247.9280    56      278.0000       Cuts: 5       77   10.82%
      0     0      248.6441    61      278.0000       Cuts: 7       91   10.56%
      0     0      249.0370    56      278.0000       Cuts: 5      107   10.42%
      0     0      249.2558    62      278.0000       Cuts: 5      118   10.34%
      0     0      249.6613    64      278.0000       Cuts: 2      137   10.19%
      0     0      249.6667    51      278.0000       Cuts: 2      140   10.19%
      0     0      249.8608    58      278.0000       Cuts: 8      154   10.12%
      0     0      250.0380    58      278.0000       Cuts: 2      164   10.06%
      0     0      250.1460    62      278.0000       Cuts: 3      181   10.02%
      0     0      250.2157    66      278.0000       Cuts: 9      194    9.99%
      0     2      252.9333    58      278.0000      253.0000      194    8.99%                        0             0
Elapsed time = 0.06 sec. (88.76 ticks, tree = 0.01 MB, solutions = 1)
*     7     4      integral     0      275.0000      258.8889      316    5.86%
*    51     6      integral     0      271.0000      265.0000      865    2.21%

Zero-half cuts applied:  13
Lift and project cuts applied:  1
Gomory fractional cuts applied:  2
User cuts applied:  160

Root node processing (before b&c):
  Real time             =    0.06 sec. (88.70 ticks)
Sequential b&c:
  Real time             =    0.09 sec. (106.89 ticks)
                          ------------
Total (root+branch&cut) =    0.15 sec. (195.59 ticks)

