Version identifier: 22.1.0.0 | 2022-03-09 | 1a383f8ce
CPXPARAM_Preprocessing_Reduce                    1
CPXPARAM_Threads                                 1
CPXPARAM_Preprocessing_Reformulations            0
CPXPARAM_TimeLimit                               10800
CPXPARAM_MIP_Tolerances_AbsMIPGap                0.999
CPXPARAM_MIP_Limits_TreeMemory                   20000
Legacy callback                                  BbLUID
         Disabling repeat represolve because of lazy constraint/incumbent callback.
1 of 1 MIP starts provided solutions.
MIP start 'm1' defined initial solution with objective 193.0000.
Tried aggregator 1 time.
MIP Presolve eliminated 289 rows and 0 columns.
MIP Presolve modified 65 coefficients.
Reduced MIP has 107 rows, 358 columns, and 1137 nonzeros.
Reduced MIP has 358 binaries, 0 generals, 0 SOSs, and 0 indicators.
Presolve time = 0.00 sec. (0.67 ticks)
Probing time = 0.00 sec. (0.68 ticks)
Clique table members: 107.
MIP emphasis: balance optimality and feasibility.
MIP search method: traditional branch-and-cut.
Parallel mode: none, using 1 thread.
Root relaxation solution time = 0.00 sec. (0.24 ticks)

        Nodes                                         Cuts/
   Node  Left     Objective  IInf  Best Integer    Best Bound    ItCnt     Gap         Variable B NodeID Parent  Depth

*     0+    0                          193.0000        0.0000           100.00%
      0     0      169.0000    26      193.0000      147.0000       12   23.83%
      0     0      172.5000    32      193.0000       Cuts: 6       27   10.62%
      0     0      181.0000    24      193.0000      Cuts: 17       36    6.22%
      0     0      187.9167    42      193.0000       Cuts: 7       42    2.63%
      0     0      189.4000    47      193.0000      Cuts: 15       61    1.87%
      0     0      190.1600    59      193.0000      Cuts: 10       72    1.47%
      0     0      190.5000    24      193.0000      Cuts: 11       75    1.30%
      0     0      191.0000    56      193.0000       Cuts: 7       83    1.04%
      0     0      191.5000    28      193.0000   ZeroHalf: 7       84    0.78%
      0     0        cutoff            193.0000                     90    0.00%                        0             0
Elapsed time = 0.02 sec. (18.05 ticks, tree = 0.01 MB, solutions = 1)

Zero-half cuts applied:  15
Gomory fractional cuts applied:  1
User cuts applied:  61

Root node processing (before b&c):
  Real time             =    0.02 sec. (18.06 ticks)
Sequential b&c:
  Real time             =    0.00 sec. (0.00 ticks)
                          ------------
Total (root+branch&cut) =    0.02 sec. (18.06 ticks)

