Version identifier: 22.1.0.0 | 2022-03-09 | 1a383f8ce
CPXPARAM_Preprocessing_Reduce                    1
CPXPARAM_Threads                                 1
CPXPARAM_Preprocessing_Reformulations            0
CPXPARAM_TimeLimit                               10800
CPXPARAM_MIP_Tolerances_AbsMIPGap                0.999
CPXPARAM_MIP_Limits_TreeMemory                   20000
Legacy callback                                  BbLUID
         Disabling repeat represolve because of lazy constraint/incumbent callback.
1 of 1 MIP starts provided solutions.
MIP start 'm1' defined initial solution with objective 210.0000.
Tried aggregator 1 time.
MIP Presolve eliminated 346 rows and 0 columns.
MIP Presolve modified 64 coefficients.
Reduced MIP has 106 rows, 373 columns, and 1250 nonzeros.
Reduced MIP has 373 binaries, 0 generals, 0 SOSs, and 0 indicators.
Presolve time = 0.00 sec. (0.75 ticks)
Probing time = 0.00 sec. (0.71 ticks)
Clique table members: 106.
MIP emphasis: balance optimality and feasibility.
MIP search method: traditional branch-and-cut.
Parallel mode: none, using 1 thread.
Root relaxation solution time = 0.00 sec. (0.26 ticks)

        Nodes                                         Cuts/
   Node  Left     Objective  IInf  Best Integer    Best Bound    ItCnt     Gap         Variable B NodeID Parent  Depth

*     0+    0                          210.0000        0.0000           100.00%
      0     0      189.0000    22      210.0000      163.0000       30   22.38%
      0     0      195.0000    20      210.0000       Cuts: 9       52    7.14%
      0     0      196.8750    49      210.0000       Cuts: 4       63    6.25%
      0     0      198.2000    44      210.0000       Cuts: 7       80    5.62%
      0     0      199.0000    40      210.0000       Cuts: 9       88    5.24%
      0     0      199.2857    51      210.0000   ZeroHalf: 5       95    5.10%
      0     0      199.6667    38      210.0000       Cuts: 8      105    4.92%
      0     0      199.8000    46      210.0000   ZeroHalf: 7      111    4.86%
      0     0      200.0000    64      210.0000       Cuts: 6      119    4.76%
      0     0      200.0000    43      210.0000       Cuts: 5      128    4.76%
      0     0      200.1667    48      210.0000   ZeroHalf: 3      136    4.68%
      0     0      200.1786    65      210.0000   ZeroHalf: 1      141    4.68%
      0     0      200.4167    50      210.0000       Cuts: 2      149    4.56%
      0     0      200.4167    50      210.0000   ZeroHalf: 1      153    4.56%
      0     2      200.5556    58      210.0000      201.0000      153    4.29%                        0             0
Elapsed time = 0.05 sec. (59.03 ticks, tree = 0.01 MB, solutions = 1)
*     2     1      integral     0      203.0000      201.2370      172    0.87%

Zero-half cuts applied:  9
User cuts applied:  81

Root node processing (before b&c):
  Real time             =    0.05 sec. (59.02 ticks)
Sequential b&c:
  Real time             =    0.01 sec. (23.31 ticks)
                          ------------
Total (root+branch&cut) =    0.06 sec. (82.33 ticks)

