Version identifier: 22.1.0.0 | 2022-03-09 | 1a383f8ce
CPXPARAM_Preprocessing_Reduce                    1
CPXPARAM_Threads                                 1
CPXPARAM_Preprocessing_Reformulations            0
CPXPARAM_TimeLimit                               10800
CPXPARAM_MIP_Tolerances_AbsMIPGap                0.999
CPXPARAM_MIP_Limits_TreeMemory                   20000
Legacy callback                                  BbLUID
         Disabling repeat represolve because of lazy constraint/incumbent callback.
1 of 1 MIP starts provided solutions.
MIP start 'm1' defined initial solution with objective 251.0000.
Tried aggregator 1 time.
MIP Presolve eliminated 327 rows and 0 columns.
MIP Presolve modified 65 coefficients.
Reduced MIP has 107 rows, 303 columns, and 1053 nonzeros.
Reduced MIP has 303 binaries, 0 generals, 0 SOSs, and 0 indicators.
Presolve time = 0.00 sec. (0.69 ticks)
Probing time = 0.00 sec. (0.53 ticks)
Clique table members: 107.
MIP emphasis: balance optimality and feasibility.
MIP search method: traditional branch-and-cut.
Parallel mode: none, using 1 thread.
Root relaxation solution time = 0.00 sec. (0.28 ticks)

        Nodes                                         Cuts/
   Node  Left     Objective  IInf  Best Integer    Best Bound    ItCnt     Gap         Variable B NodeID Parent  Depth

*     0+    0                          251.0000        0.0000           100.00%
      0     0      189.5000    10      251.0000      189.5000       30   24.50%
      0     2      226.0000    16      251.0000      226.5000       30    9.76%                        0             0
Elapsed time = 0.01 sec. (8.66 ticks, tree = 0.01 MB, solutions = 1)
*     2     2      integral     0      246.0000      238.5000      141    3.05%
*     6     3      integral     0      245.0000      238.5000      186    2.65%

User cuts applied:  81

Root node processing (before b&c):
  Real time             =    0.01 sec. (8.62 ticks)
Sequential b&c:
  Real time             =    0.01 sec. (23.11 ticks)
                          ------------
Total (root+branch&cut) =    0.03 sec. (31.73 ticks)

