Version identifier: 22.1.0.0 | 2022-03-09 | 1a383f8ce
CPXPARAM_Preprocessing_Reduce                    1
CPXPARAM_Threads                                 1
CPXPARAM_Preprocessing_Reformulations            0
CPXPARAM_TimeLimit                               10800
CPXPARAM_MIP_Tolerances_AbsMIPGap                0.999
CPXPARAM_MIP_Limits_TreeMemory                   20000
Legacy callback                                  BbLUID
         Disabling repeat represolve because of lazy constraint/incumbent callback.
1 of 1 MIP starts provided solutions.
MIP start 'm1' defined initial solution with objective 249.0000.
Tried aggregator 1 time.
MIP Presolve eliminated 316 rows and 0 columns.
MIP Presolve modified 59 coefficients.
Reduced MIP has 102 rows, 339 columns, and 1081 nonzeros.
Reduced MIP has 339 binaries, 0 generals, 0 SOSs, and 0 indicators.
Presolve time = 0.00 sec. (0.67 ticks)
Probing time = 0.00 sec. (0.62 ticks)
Clique table members: 102.
MIP emphasis: balance optimality and feasibility.
MIP search method: traditional branch-and-cut.
Parallel mode: none, using 1 thread.
Root relaxation solution time = 0.00 sec. (0.21 ticks)

        Nodes                                         Cuts/
   Node  Left     Objective  IInf  Best Integer    Best Bound    ItCnt     Gap         Variable B NodeID Parent  Depth

*     0+    0                          249.0000        0.0000           100.00%
      0     0      213.4000    44      249.0000      161.0000       10   35.34%
      0     0      221.0000    12      249.0000      Cuts: 15       27   11.24%
      0     2      238.5000    32      249.0000      240.5000       35    3.41%                        0             0
Elapsed time = 0.03 sec. (34.52 ticks, tree = 0.01 MB, solutions = 1)

Zero-half cuts applied:  3
Gomory fractional cuts applied:  1
User cuts applied:  104

Root node processing (before b&c):
  Real time             =    0.03 sec. (32.60 ticks)
Sequential b&c:
  Real time             =    0.00 sec. (5.85 ticks)
                          ------------
Total (root+branch&cut) =    0.03 sec. (38.44 ticks)

