Version identifier: 22.1.0.0 | 2022-03-09 | 1a383f8ce
CPXPARAM_Preprocessing_Reduce                    1
CPXPARAM_Threads                                 1
CPXPARAM_Preprocessing_Reformulations            0
CPXPARAM_TimeLimit                               10800
CPXPARAM_MIP_Tolerances_AbsMIPGap                0.999
CPXPARAM_MIP_Limits_TreeMemory                   20000
Legacy callback                                  BbLUID
         Disabling repeat represolve because of lazy constraint/incumbent callback.
1 of 1 MIP starts provided solutions.
MIP start 'm1' defined initial solution with objective 261.0000.
Tried aggregator 1 time.
MIP Presolve eliminated 250 rows and 0 columns.
MIP Presolve modified 49 coefficients.
Reduced MIP has 91 rows, 306 columns, and 968 nonzeros.
Reduced MIP has 306 binaries, 0 generals, 0 SOSs, and 0 indicators.
Presolve time = 0.00 sec. (0.57 ticks)
Probing time = 0.00 sec. (0.53 ticks)
Clique table members: 91.
MIP emphasis: balance optimality and feasibility.
MIP search method: traditional branch-and-cut.
Parallel mode: none, using 1 thread.
Root relaxation solution time = 0.00 sec. (0.25 ticks)

        Nodes                                         Cuts/
   Node  Left     Objective  IInf  Best Integer    Best Bound    ItCnt     Gap         Variable B NodeID Parent  Depth

*     0+    0                          261.0000        0.0000           100.00%
      0     0      245.5000    16      261.0000      183.0000       28   29.89%
      0     0      248.4444    44      261.0000       Cuts: 8       50    4.81%
      0     0      249.5000    10      261.0000      Cuts: 16       60    4.41%
      0     0      250.5000    29      261.0000       Cuts: 3       63    4.02%
      0     0      250.8750    32      261.0000   ZeroHalf: 4       73    3.88%
      0     0      251.0833    42      261.0000   ZeroHalf: 7       80    3.80%
      0     0      251.3684    56      261.0000   ZeroHalf: 7       91    3.69%
      0     0      251.5135    47      261.0000      Cuts: 10      101    3.63%
      0     0      251.6154    55      261.0000       Cuts: 2      110    3.60%
      0     0      252.0000    56      261.0000   ZeroHalf: 8      133    3.45%
      0     0      252.0000    30      261.0000       Cuts: 4      143    3.45%
      0     0      252.0398    49      261.0000   ZeroHalf: 9      155    3.43%
      0     0      252.1265    57      261.0000       Cuts: 3      164    3.40%
      0     0      252.2500    42      261.0000   ZeroHalf: 3      171    3.35%
      0     0      252.2727    45      261.0000   ZeroHalf: 3      178    3.34%
      0     0      252.3582    55      261.0000   ZeroHalf: 4      191    3.31%
      0     0      252.4286    37      261.0000   ZeroHalf: 1      197    3.28%
      0     0      252.5000    24      261.0000      Cuts: 13      207    3.26%
      0     0      252.5000    30      261.0000   ZeroHalf: 6      218    3.26%
      0     2      252.5000    22      261.0000      252.5000      218    3.26%                        0             0
Elapsed time = 0.06 sec. (67.66 ticks, tree = 0.01 MB, solutions = 1)
*     3     3      integral     0      257.0000      252.7353      283    1.66%
*    44    17      integral     0      256.0000      253.3000      556    1.05%
*    58    12      integral     0      255.0000      253.3684      683    0.64%

Zero-half cuts applied:  15
User cuts applied:  135

Root node processing (before b&c):
  Real time             =    0.06 sec. (67.61 ticks)
Sequential b&c:
  Real time             =    0.05 sec. (57.22 ticks)
                          ------------
Total (root+branch&cut) =    0.10 sec. (124.83 ticks)

