Version identifier: 22.1.0.0 | 2022-03-09 | 1a383f8ce
CPXPARAM_Preprocessing_Reduce                    1
CPXPARAM_Threads                                 1
CPXPARAM_Preprocessing_Reformulations            0
CPXPARAM_TimeLimit                               10800
CPXPARAM_MIP_Tolerances_AbsMIPGap                0.999
CPXPARAM_MIP_Limits_TreeMemory                   20000
Legacy callback                                  BbLUID
         Disabling repeat represolve because of lazy constraint/incumbent callback.
1 of 1 MIP starts provided solutions.
MIP start 'm1' defined initial solution with objective 344.0000.
Tried aggregator 1 time.
MIP Presolve eliminated 1477 rows and 0 columns.
MIP Presolve modified 166 coefficients.
Reduced MIP has 248 rows, 963 columns, and 3607 nonzeros.
Reduced MIP has 963 binaries, 0 generals, 0 SOSs, and 0 indicators.
Presolve time = 0.00 sec. (2.83 ticks)
Probing time = 0.00 sec. (2.34 ticks)
Clique table members: 248.
MIP emphasis: balance optimality and feasibility.
MIP search method: traditional branch-and-cut.
Parallel mode: none, using 1 thread.
Root relaxation solution time = 0.00 sec. (0.70 ticks)

        Nodes                                         Cuts/
   Node  Left     Objective  IInf  Best Integer    Best Bound    ItCnt     Gap         Variable B NodeID Parent  Depth

*     0+    0                          344.0000        0.0000           100.00%
      0     0      338.5000    52      344.0000      250.0000       70   27.33%
      0     0      342.0000    14      344.0000       Cuts: 9       80    0.58%
      0     0      342.0000    22      344.0000       Cuts: 4       82    0.58%
      0     0      342.0000    41      344.0000       User: 8       84    0.58%
*     0     0      integral     0      342.0000       User: 2       84    0.00%
      0     0        cutoff            342.0000      342.0000       84    0.00%                        0             0
Elapsed time = 0.03 sec. (36.76 ticks, tree = 0.01 MB, solutions = 2)

Gomory fractional cuts applied:  3
User cuts applied:  126

Root node processing (before b&c):
  Real time             =    0.03 sec. (36.80 ticks)
Sequential b&c:
  Real time             =    0.00 sec. (0.00 ticks)
                          ------------
Total (root+branch&cut) =    0.03 sec. (36.80 ticks)

