Version identifier: 22.1.0.0 | 2022-03-09 | 1a383f8ce
CPXPARAM_Preprocessing_Reduce                    1
CPXPARAM_Threads                                 1
CPXPARAM_Preprocessing_Reformulations            0
CPXPARAM_TimeLimit                               10800
CPXPARAM_MIP_Tolerances_AbsMIPGap                0.999
CPXPARAM_MIP_Limits_TreeMemory                   20000
Legacy callback                                  BbLUID
         Disabling repeat represolve because of lazy constraint/incumbent callback.
1 of 1 MIP starts provided solutions.
MIP start 'm1' defined initial solution with objective 297.0000.
Tried aggregator 1 time.
MIP Presolve eliminated 2444 rows and 0 columns.
MIP Presolve modified 283 coefficients.
Reduced MIP has 365 rows, 1322 columns, and 5773 nonzeros.
Reduced MIP has 1322 binaries, 0 generals, 0 SOSs, and 0 indicators.
Presolve time = 0.00 sec. (4.85 ticks)
Probing time = 0.00 sec. (2.46 ticks)
Clique table members: 365.
MIP emphasis: balance optimality and feasibility.
MIP search method: traditional branch-and-cut.
Parallel mode: none, using 1 thread.
Root relaxation solution time = 0.00 sec. (1.06 ticks)

        Nodes                                         Cuts/
   Node  Left     Objective  IInf  Best Integer    Best Bound    ItCnt     Gap         Variable B NodeID Parent  Depth

*     0+    0                          297.0000        0.0000           100.00%
      0     0      221.0000    10      297.0000      221.0000       63   25.59%
      0     0      267.5000    22      297.0000       User: 4       67    9.93%
      0     0      271.0000    38      297.0000      Cuts: 25       82    8.75%
      0     0      278.5000    18      297.0000       Cuts: 7      110    6.23%
      0     0      281.6000    65      297.0000      Cuts: 15      129    5.19%
      0     0      283.0909    90      297.0000      Cuts: 22      151    4.68%
      0     0      284.2821   105      297.0000      Cuts: 12      173    4.28%
      0     0      284.6600   105      297.0000      Cuts: 12      183    4.15%
      0     0      284.9167   110      297.0000      Cuts: 13      200    4.07%
      0     0      285.5439    96      297.0000       Cuts: 8      204    3.86%
      0     0      285.7931   114      297.0000       Cuts: 7      220    3.77%
      0     0      286.0242   114      297.0000       Cuts: 6      239    3.70%
      0     0      286.1419   120      297.0000       Cuts: 5      257    3.66%
      0     0      286.6667   114      297.0000       Cuts: 3      275    3.48%
      0     0      287.3613   107      297.0000       Cuts: 8      309    3.25%
      0     0      287.4581   115      297.0000       Cuts: 5      321    3.21%
      0     0      287.4667   102      297.0000       User: 5      323    3.21%
      0     0      287.6716   109      297.0000       User: 1      346    3.14%
      0     0      288.0546    96      297.0000       Cuts: 8      393    3.01%
      0     0      288.2725   119      297.0000       Cuts: 8      422    2.94%
      0     0      288.3689   119      297.0000       Cuts: 4      432    2.91%
      0     0      288.3865   125      297.0000       Cuts: 7      438    2.90%
      0     0      288.3916   122      297.0000       User: 2      445    2.90%
      0     0      288.3916   124      297.0000       User: 3      446    2.90%
      0     0      288.4323   125      297.0000       User: 1      460    2.88%
      0     0      288.4394   120      297.0000       User: 2      469    2.88%
      0     2      289.0625    99      297.0000      289.0714      469    2.67%                        0             0
Elapsed time = 0.19 sec. (356.19 ticks, tree = 0.01 MB, solutions = 1)
     30     4      295.6667    12      297.0000      293.0000     1300    1.35%          x10_36 U     30     28      4
*    35     1      integral     0      296.0000      296.0000     1449    0.00%

Zero-half cuts applied:  15
User cuts applied:  300

Root node processing (before b&c):
  Real time             =    0.19 sec. (356.01 ticks)
Sequential b&c:
  Real time             =    0.15 sec. (254.34 ticks)
                          ------------
Total (root+branch&cut) =    0.34 sec. (610.35 ticks)

