Version identifier: 22.1.0.0 | 2022-03-09 | 1a383f8ce
CPXPARAM_Preprocessing_Reduce                    1
CPXPARAM_Threads                                 1
CPXPARAM_Preprocessing_Reformulations            0
CPXPARAM_TimeLimit                               10800
CPXPARAM_MIP_Tolerances_AbsMIPGap                0.999
CPXPARAM_MIP_Limits_TreeMemory                   20000
Legacy callback                                  BbLUID
         Disabling repeat represolve because of lazy constraint/incumbent callback.
1 of 1 MIP starts provided solutions.
MIP start 'm1' defined initial solution with objective 343.0000.
Tried aggregator 1 time.
MIP Presolve eliminated 2651 rows and 0 columns.
MIP Presolve modified 263 coefficients.
Reduced MIP has 345 rows, 1229 columns, and 5500 nonzeros.
Reduced MIP has 1229 binaries, 0 generals, 0 SOSs, and 0 indicators.
Presolve time = 0.00 sec. (4.78 ticks)
Probing time = 0.00 sec. (2.42 ticks)
Clique table members: 345.
MIP emphasis: balance optimality and feasibility.
MIP search method: traditional branch-and-cut.
Parallel mode: none, using 1 thread.
Root relaxation solution time = 0.00 sec. (1.25 ticks)

        Nodes                                         Cuts/
   Node  Left     Objective  IInf  Best Integer    Best Bound    ItCnt     Gap         Variable B NodeID Parent  Depth

*     0+    0                          343.0000        0.0000           100.00%
      0     0      267.3333    35      343.0000      236.0000       88   31.20%
      0     2      288.7381    79      343.0000      289.1667       88   15.69%                        0             0
Elapsed time = 0.05 sec. (94.14 ticks, tree = 0.01 MB, solutions = 1)
      4     6      317.4493   107      343.0000      315.0222      729    8.16%           x38_5 N      4      1      2
     27    29      330.1875    86      343.0000      315.0222     1569    8.16%          x27_30 D     27     26     18
     65    49      330.9545   102      343.0000      315.0417     2570    8.15%          x20_18 N     65     63     10
    132   102      324.6354   100      343.0000      316.6786     4039    7.67%          x10_32 N    132    131      7
    201   158      329.2262   105      343.0000      317.8750     5703    7.33%          x27_30 N    201    199      8
    243   184      327.6000    93      343.0000      318.1944     7792    7.23%          x10_32 D    243    242      6
    307   234      340.5000    60      343.0000      319.0000    10116    7.00%          x32_19 U    307    305     11
    400   305        cutoff            343.0000      321.1250    11795    6.38%          x24_32 U    400    399      8
    468   346      337.1667    79      343.0000      321.8545    13563    6.16%          x19_11 D    468    467     20
    739   542      335.0000    74      343.0000      322.9167    21420    5.86%          x19_41 U    739    737     10
Elapsed time = 2.18 sec. (3269.50 ticks, tree = 1.12 MB, solutions = 1)
   1050   760      340.6429    53      343.0000      325.0000    27167    5.25%          x37_10 D   1050   1049     40
   1364   985      335.5313   101      343.0000      326.0000    32736    4.96%           x5_28 D   1364   1363     23
   1681  1187        cutoff            343.0000      327.0000    38982    4.66%          x10_32 U   1681    592     14
   1971  1391      340.7857    87      343.0000      327.9730    44739    4.38%          x33_27 D   1971   1970     24
   2206  1521        cutoff            343.0000      328.4687    51420    4.24%          x10_32 U   2206    791     12
   2437  1637      340.0000    84      343.0000      328.8333    57512    4.13%           x1_32 N   2437   2436     22
   2699  1781      335.8333    91      343.0000      329.2500    63943    4.01%           x32_5 D   2699   2698     16
   2942  1921        cutoff            343.0000      329.5000    69298    3.94%           x32_5 U   2942   2940     18
   3192  2083      339.0000    52      343.0000      329.8750    75264    3.83%          x24_32 N   3192   3191     15
   3430  2195      335.6667    80      343.0000      330.1667    81534    3.74%          x39_35 U   3430   1021     19
Elapsed time = 8.59 sec. (12829.63 ticks, tree = 9.36 MB, solutions = 1)
   3691  2339      334.0000    58      343.0000      330.5000    87384    3.64%           x12_8 N   3691    670     17
   3944  2485      337.2500   103      343.0000      330.7333    92472    3.58%           x32_5 D   3944   3943     10
   4190  2636      333.0000    46      343.0000      331.0000    97524    3.50%          x31_35 U   4190   2150     13
*  4360  2538      integral     0      342.0000      331.0833   102344    3.19%
   4419  2576      336.0833    84      342.0000      331.1667   103652    3.17%            x7_5 D   4419   4418     20
   4669  2686      333.1429    97      342.0000      331.4615   109468    3.08%           x12_8 D   4669    428     12
   4910  2805        cutoff            342.0000      331.5000   115451    3.07%          x35_31 U   4910   4909     24
   5131  2885      333.5000   102      342.0000      331.9621   121334    2.94%           x19_5 D   5131   5130     11
   5379  3014      334.2500   107      342.0000      332.0000   127052    2.92%          x24_32 U   5379   5378     15
   5606  3122      337.1667    84      342.0000      332.1667   132882    2.88%          x17_34 U   5606   5605     19
   5821  3197        cutoff            342.0000      332.4167   138809    2.80%          x27_30 U   5821   1065     12
Elapsed time = 14.43 sec. (22410.10 ticks, tree = 13.84 MB, solutions = 2)
   6074  3318      339.0000    63      342.0000      332.5000   144567    2.78%           x12_8 D   6074   6073     18
   6319  3421        cutoff            342.0000      332.7500   149820    2.70%          x10_32 U   6319   3003     11
   6582  3516        cutoff            342.0000      333.0000   155267    2.63%          x11_27 U   6582   6580     27
   6820  3638      339.6667    63      342.0000      333.0625   161477    2.61%           x6_20 D   6820   6819     25
   7059  3736      339.5000    63      342.0000      333.2500   167440    2.56%          x11_27 D   7059   7058     22
   7323  3863      337.0000    58      342.0000      333.4091   173256    2.51%           x1_32 U   7323   7322     21
   7575  3971      339.3333    77      342.0000      333.5000   178724    2.49%          x32_36 U   7575   2973     18
   7797  4039      340.0000    53      342.0000      333.6667   183815    2.44%          x17_34 U   7797   7796     17
   8030  4133      336.6667    59      342.0000      333.8333   188762    2.39%           x5_37 U   8030   4070     20
   8281  4240      336.5000    71      342.0000      334.0000   194038    2.34%          x35_24 U   8281   8209     22
Elapsed time = 20.09 sec. (31985.37 ticks, tree = 17.05 MB, solutions = 2)
*  8350  3701      integral     0      341.0000      334.0000   195463    2.05%
   8515  3741      337.1667    85      341.0000      334.0000   199154    2.05%          x24_32 D   8515   3355     15
   8721  3786      339.0000    62      341.0000      334.2000   204634    1.99%          x31_35 U   8721   5547     17
   8967  3858        cutoff            341.0000      334.3750   210051    1.94%          x28_24 D   8967   8966     28
   9182  3903        cutoff            341.0000      334.5000   214999    1.91%          x13_17 D   9182   1027     23
   9397  3929      335.9167    84      341.0000      334.6667   220245    1.86%          x27_10 D   9397   9396     18
   9615  3987      337.5000    54      341.0000      334.8095   225486    1.82%          x19_41 U   9615   6724     14
   9836  4020        cutoff            341.0000      335.0000   230741    1.76%          x33_27 U   9836   9100     20
  10067  4048      340.0000    77      341.0000      335.0000   235551    1.76%          x19_11 D  10067  10066     21
  10267  4073      339.6000    78      341.0000      335.1250   240974    1.72%          x32_19 U  10267   2411     18
  10462  4065        cutoff            341.0000      335.2500   245670    1.69%          x33_27 U  10462   8051     17
Elapsed time = 25.20 sec. (41549.00 ticks, tree = 15.58 MB, solutions = 3)
  10680  4091        cutoff            341.0000      335.4286   250931    1.63%          x35_31 D  10680  10678     32
  10900  4126      337.5000    61      341.0000      335.5000   255291    1.61%          x22_27 D  10900  10899     20
  11095  4139      337.8636   106      341.0000      335.5500   260559    1.60%          x20_27 D  11095  11094     23
  11284  4138      339.5000    46      341.0000      335.7500   265585    1.54%           x1_32 D  11284  11283     26
  11517  4152      338.3000   100      341.0000      335.8333   270510    1.52%          x24_32 N  11517    575     20
  11748  4143      339.3333    49      341.0000      336.0000   275424    1.47%          x24_29 U  11748   3984     24
  11969  4121      339.5000    82      341.0000      336.0000   280017    1.47%          x24_32 D  11969  11968     20
  12181  4114      339.5000    40      341.0000      336.1250   284736    1.43%          x27_10 D  12181  12180     21
  12393  4105      339.5000    79      341.0000      336.2500   290089    1.39%           x1_24 U  12393   2930     23
  12615  4117        cutoff            341.0000      336.2987   294743    1.38%          x27_10 U  12615   6855     18
Elapsed time = 29.93 sec. (51115.05 ticks, tree = 14.91 MB, solutions = 3)
* 12661  1735      integral     0      339.0000      336.3333   295602    0.79%
  12832  1623        cutoff            339.0000      336.5000   298803    0.74%          x11_27 U  12832   3500     25
  13069  1468        cutoff            339.0000      336.6667   302413    0.69%          x13_17 U  13069  13068     24
  13307  1303        cutoff            339.0000      336.9091   305638    0.62%           x1_24 U  13307  13306     22
  13565  1123        cutoff            339.0000      337.0000   308958    0.59%          x35_31 D  13565   9281     29
  13803   934        cutoff            339.0000      337.2857   311778    0.51%          x31_35 U  13803   7065     18
  14057   704      337.8333    31      339.0000      337.5000   313978    0.44%            x7_1 N  14057   3705     19
  14334   456        cutoff            339.0000      337.7500   315836    0.37%          x17_34 D  14334   8308     18
  14616   186        cutoff            339.0000      338.0000   317115    0.29%           x12_8 U  14616   9221     16

User cuts applied:  1580

Root node processing (before b&c):
  Real time             =    0.05 sec. (94.16 ticks)
Sequential b&c:
  Real time             =   32.78 sec. (59377.74 ticks)
                          ------------
Total (root+branch&cut) =   32.82 sec. (59471.90 ticks)

