Version identifier: 22.1.0.0 | 2022-03-09 | 1a383f8ce
CPXPARAM_Preprocessing_Reduce                    1
CPXPARAM_Threads                                 1
CPXPARAM_Preprocessing_Reformulations            0
CPXPARAM_TimeLimit                               10800
CPXPARAM_MIP_Tolerances_AbsMIPGap                0.999
CPXPARAM_MIP_Limits_TreeMemory                   20000
Legacy callback                                  BbLUID
         Disabling repeat represolve because of lazy constraint/incumbent callback.
1 of 1 MIP starts provided solutions.
MIP start 'm1' defined initial solution with objective 306.0000.
Tried aggregator 1 time.
MIP Presolve eliminated 2219 rows and 0 columns.
MIP Presolve modified 260 coefficients.
Reduced MIP has 342 rows, 1261 columns, and 5101 nonzeros.
Reduced MIP has 1261 binaries, 0 generals, 0 SOSs, and 0 indicators.
Presolve time = 0.00 sec. (4.17 ticks)
Probing time = 0.00 sec. (2.45 ticks)
Clique table members: 342.
MIP emphasis: balance optimality and feasibility.
MIP search method: traditional branch-and-cut.
Parallel mode: none, using 1 thread.
Root relaxation solution time = 0.00 sec. (1.04 ticks)

        Nodes                                         Cuts/
   Node  Left     Objective  IInf  Best Integer    Best Bound    ItCnt     Gap         Variable B NodeID Parent  Depth

*     0+    0                          306.0000        0.0000           100.00%
      0     0      294.0000     8      306.0000      260.0000       60   15.03%
      0     0      297.0000    28      306.0000       Cuts: 6       75    2.94%
      0     0      298.6667    38      306.0000      Cuts: 19      100    2.40%
      0     0      299.0000    65      306.0000      Cuts: 10      119    2.29%
      0     0      299.5000    60      306.0000      Cuts: 13      126    2.12%
      0     0      299.5000    67      306.0000   ZeroHalf: 8      141    2.12%
      0     0      299.5000    30      306.0000   ZeroHalf: 3      153    2.12%
      0     0      299.8333    64      306.0000      Cuts: 12      173    2.02%
      0     0      300.1667    63      306.0000       Cuts: 8      185    1.91%
      0     0      300.2500    72      306.0000   ZeroHalf: 6      199    1.88%
      0     0      300.5000    66      306.0000   ZeroHalf: 5      215    1.80%
      0     0      301.0000    46      306.0000   ZeroHalf: 8      229    1.63%
      0     0      301.0000    66      306.0000   ZeroHalf: 8      244    1.63%
*     0+    0                          303.0000      301.0000             0.66%
      0     0      301.1250    59      303.0000   ZeroHalf: 5      260    0.62%
      0     0        cutoff            303.0000                    270    0.00%                        0             0
Elapsed time = 0.06 sec. (87.04 ticks, tree = 0.01 MB, solutions = 2)

Zero-half cuts applied:  26
Gomory fractional cuts applied:  1
User cuts applied:  130

Root node processing (before b&c):
  Real time             =    0.06 sec. (87.09 ticks)
Sequential b&c:
  Real time             =    0.00 sec. (0.00 ticks)
                          ------------
Total (root+branch&cut) =    0.06 sec. (87.09 ticks)

