Version identifier: 22.1.0.0 | 2022-03-09 | 1a383f8ce
CPXPARAM_Preprocessing_Reduce                    1
CPXPARAM_Threads                                 1
CPXPARAM_Preprocessing_Reformulations            0
CPXPARAM_TimeLimit                               10800
CPXPARAM_MIP_Tolerances_AbsMIPGap                0.999
CPXPARAM_MIP_Limits_TreeMemory                   20000
Legacy callback                                  BbLUID
         Disabling repeat represolve because of lazy constraint/incumbent callback.
1 of 1 MIP starts provided solutions.
MIP start 'm1' defined initial solution with objective 346.0000.
Tried aggregator 1 time.
MIP Presolve eliminated 1689 rows and 0 columns.
MIP Presolve modified 222 coefficients.
Reduced MIP has 304 rows, 1021 columns, and 4087 nonzeros.
Reduced MIP has 1021 binaries, 0 generals, 0 SOSs, and 0 indicators.
Presolve time = 0.00 sec. (3.24 ticks)
Probing time = 0.00 sec. (2.34 ticks)
Clique table members: 304.
MIP emphasis: balance optimality and feasibility.
MIP search method: traditional branch-and-cut.
Parallel mode: none, using 1 thread.
Root relaxation solution time = 0.00 sec. (0.88 ticks)

        Nodes                                         Cuts/
   Node  Left     Objective  IInf  Best Integer    Best Bound    ItCnt     Gap         Variable B NodeID Parent  Depth

*     0+    0                          346.0000        0.0000           100.00%
      0     0      321.0000    12      346.0000      254.0000       48   26.59%
      0     0      327.0000    68      346.0000      User: 36       69    5.49%
      0     0      327.5000    72      346.0000      Cuts: 16       79    5.35%
      0     0      330.0000    82      346.0000       Cuts: 9       81    4.62%
      0     0      331.7500    78      346.0000      Cuts: 11      102    4.12%
      0     0      333.0714    79      346.0000      Cuts: 13      129    3.74%
      0     0      333.6667   107      346.0000      Cuts: 14      142    3.56%
      0     0      335.3333    86      346.0000      Cuts: 10      166    3.08%
      0     0      335.4444   104      346.0000  ZeroHalf: 10      175    3.05%
      0     0      335.8750    79      346.0000       Cuts: 5      182    2.93%
      0     0      341.3333    88      346.0000       Cuts: 8      203    1.35%
      0     0      342.1250    94      346.0000      Cuts: 18      219    1.12%
      0     0      342.6154    98      346.0000       Cuts: 8      238    0.98%
      0     0      344.0000    96      346.0000       Cuts: 9      264    0.58%
      0     0        cutoff            346.0000                    272    0.00%                        0             0
Elapsed time = 0.08 sec. (92.10 ticks, tree = 0.01 MB, solutions = 1)

Zero-half cuts applied:  14
User cuts applied:  191

Root node processing (before b&c):
  Real time             =    0.08 sec. (92.12 ticks)
Sequential b&c:
  Real time             =    0.00 sec. (0.00 ticks)
                          ------------
Total (root+branch&cut) =    0.08 sec. (92.12 ticks)

