Version identifier: 22.1.0.0 | 2022-03-09 | 1a383f8ce
CPXPARAM_Preprocessing_Reduce                    1
CPXPARAM_Threads                                 1
CPXPARAM_Preprocessing_Reformulations            0
CPXPARAM_TimeLimit                               10800
CPXPARAM_MIP_Tolerances_AbsMIPGap                0.999
CPXPARAM_MIP_Limits_TreeMemory                   20000
Legacy callback                                  BbLUID
         Disabling repeat represolve because of lazy constraint/incumbent callback.
1 of 1 MIP starts provided solutions.
MIP start 'm1' defined initial solution with objective 435.0000.
Tried aggregator 1 time.
MIP Presolve eliminated 4276 rows and 0 columns.
MIP Presolve modified 360 coefficients.
Reduced MIP has 482 rows, 1964 columns, and 8123 nonzeros.
Reduced MIP has 1964 binaries, 0 generals, 0 SOSs, and 0 indicators.
Presolve time = 0.00 sec. (7.49 ticks)
Probing time = 0.00 sec. (2.60 ticks)
Clique table members: 482.
MIP emphasis: balance optimality and feasibility.
MIP search method: traditional branch-and-cut.
Parallel mode: none, using 1 thread.
Root relaxation solution time = 0.00 sec. (1.67 ticks)

        Nodes                                         Cuts/
   Node  Left     Objective  IInf  Best Integer    Best Bound    ItCnt     Gap         Variable B NodeID Parent  Depth

*     0+    0                          435.0000        0.0000           100.00%
      0     0      400.0000    24      435.0000      371.0000       60   14.71%
      0     0      409.5000    10      435.0000      Cuts: 29       78    5.86%
      0     0      416.7143    63      435.0000      Cuts: 53      106    4.20%
      0     0      417.7500    58      435.0000      Cuts: 31      116    3.97%
      0     0      418.3667    77      435.0000      Cuts: 21      124    3.82%
      0     0      419.5000    20      435.0000      Cuts: 15      139    3.56%
      0     0      420.6667    24      435.0000      Cuts: 11      148    3.30%
      0     0      422.6667    29      435.0000       Cuts: 6      160    2.84%
*     0     0      integral     0      423.0000       Cuts: 8      168    0.00%
      0     0        cutoff            423.0000      423.0000      168    0.00%                        0             0
Elapsed time = 0.06 sec. (78.24 ticks, tree = 0.01 MB, solutions = 2)

Cover cuts applied:  1
Zero-half cuts applied:  26
Gomory fractional cuts applied:  2
User cuts applied:  215

Root node processing (before b&c):
  Real time             =    0.06 sec. (78.32 ticks)
Sequential b&c:
  Real time             =    0.00 sec. (0.00 ticks)
                          ------------
Total (root+branch&cut) =    0.06 sec. (78.32 ticks)

