Version identifier: 22.1.0.0 | 2022-03-09 | 1a383f8ce
CPXPARAM_Preprocessing_Reduce                    1
CPXPARAM_Threads                                 1
CPXPARAM_Preprocessing_Reformulations            0
CPXPARAM_TimeLimit                               10800
CPXPARAM_MIP_Tolerances_AbsMIPGap                0.999
CPXPARAM_MIP_Limits_TreeMemory                   20000
Legacy callback                                  BbLUID
         Disabling repeat represolve because of lazy constraint/incumbent callback.
1 of 1 MIP starts provided solutions.
MIP start 'm1' defined initial solution with objective 441.0000.
Tried aggregator 1 time.
MIP Presolve eliminated 3751 rows and 0 columns.
MIP Presolve modified 396 coefficients.
Reduced MIP has 518 rows, 1798 columns, and 8174 nonzeros.
Reduced MIP has 1798 binaries, 0 generals, 0 SOSs, and 0 indicators.
Presolve time = 0.00 sec. (7.52 ticks)
Probing time = 0.00 sec. (2.52 ticks)
Clique table members: 518.
MIP emphasis: balance optimality and feasibility.
MIP search method: traditional branch-and-cut.
Parallel mode: none, using 1 thread.
Root relaxation solution time = 0.00 sec. (1.31 ticks)

        Nodes                                         Cuts/
   Node  Left     Objective  IInf  Best Integer    Best Bound    ItCnt     Gap         Variable B NodeID Parent  Depth

*     0+    0                          441.0000        0.0000           100.00%
      0     0      373.5000    18      441.0000      332.0000       74   24.72%
      0     0      404.5000    20      441.0000      Cuts: 61      132    8.28%
      0     0      411.5000    12      441.0000      Cuts: 23      152    6.69%
*     0+    0                          434.0000      411.5000             5.18%
      0     2      420.5000    18      434.0000      420.5000      152    3.11%                        0             0
Elapsed time = 0.06 sec. (92.88 ticks, tree = 0.01 MB, solutions = 2)
*     4     1      integral     0      423.0000      423.0000      234    0.00%

Gomory fractional cuts applied:  2
User cuts applied:  331

Root node processing (before b&c):
  Real time             =    0.06 sec. (92.60 ticks)
Sequential b&c:
  Real time             =    0.02 sec. (31.30 ticks)
                          ------------
Total (root+branch&cut) =    0.08 sec. (123.90 ticks)

