Version identifier: 22.1.0.0 | 2022-03-09 | 1a383f8ce
CPXPARAM_Preprocessing_Reduce                    1
CPXPARAM_Threads                                 1
CPXPARAM_Preprocessing_Reformulations            0
CPXPARAM_TimeLimit                               10800
CPXPARAM_MIP_Tolerances_AbsMIPGap                0.999
CPXPARAM_MIP_Limits_TreeMemory                   20000
Legacy callback                                  BbLUID
         Disabling repeat represolve because of lazy constraint/incumbent callback.
1 of 1 MIP starts provided solutions.
MIP start 'm1' defined initial solution with objective 435.0000.
Tried aggregator 1 time.
MIP Presolve eliminated 2912 rows and 0 columns.
MIP Presolve modified 273 coefficients.
Reduced MIP has 395 rows, 1766 columns, and 6618 nonzeros.
Reduced MIP has 1766 binaries, 0 generals, 0 SOSs, and 0 indicators.
Presolve time = 0.00 sec. (5.37 ticks)
Probing time = 0.00 sec. (2.52 ticks)
Clique table members: 397.
MIP emphasis: balance optimality and feasibility.
MIP search method: traditional branch-and-cut.
Parallel mode: none, using 1 thread.
Root relaxation solution time = 0.00 sec. (1.63 ticks)

        Nodes                                         Cuts/
   Node  Left     Objective  IInf  Best Integer    Best Bound    ItCnt     Gap         Variable B NodeID Parent  Depth

*     0+    0                          435.0000        0.0000           100.00%
      0     0      393.5000    76      435.0000      336.0000      137   22.76%
      0     0      410.2500    33      435.0000      Cuts: 28      177    5.69%
      0     0      415.5000    94      435.0000      Cuts: 42      228    4.48%
      0     0      416.0000    22      435.0000      Cuts: 12      235    4.37%
      0     0      418.7500    96      435.0000      Cuts: 22      261    3.74%
      0     0      420.5000    30      435.0000      Cuts: 13      281    3.33%
      0     0      422.0000    96      435.0000      Cuts: 10      287    2.99%
      0     0      423.8182    82      435.0000      Cuts: 12      318    2.57%
      0     0      423.9474    92      435.0000      Cuts: 17      327    2.54%
      0     0      424.2000    79      435.0000      Cuts: 13      341    2.48%
      0     0      424.3667    89      435.0000      Cuts: 13      357    2.44%
      0     0      424.4286    85      435.0000      Cuts: 10      360    2.43%
      0     0      424.6000   134      435.0000  ZeroHalf: 15      374    2.39%
      0     0      424.7500   105      435.0000       Cuts: 7      383    2.36%
      0     0      424.8750   128      435.0000      Cuts: 11      393    2.33%
      0     0      424.8958   134      435.0000   ZeroHalf: 2      404    2.32%
      0     0      425.1000    67      435.0000      Cuts: 12      413    2.28%
      0     0      425.1000   135      435.0000       Cuts: 6      419    2.28%
*     0+    0                          428.0000      425.1000             0.68%
      0     0      425.1000   114      428.0000       User: 5      425    0.68%
      0     2      425.1000   114      428.0000      425.1000      425    0.68%                        0             0
Elapsed time = 0.18 sec. (262.75 ticks, tree = 0.01 MB, solutions = 2)
*     5     1      integral     0      427.0000      426.5000      512    0.12%

Zero-half cuts applied:  16
Gomory fractional cuts applied:  1
User cuts applied:  352

Root node processing (before b&c):
  Real time             =    0.18 sec. (262.78 ticks)
Sequential b&c:
  Real time             =    0.06 sec. (71.41 ticks)
                          ------------
Total (root+branch&cut) =    0.24 sec. (334.19 ticks)

