Version identifier: 22.1.0.0 | 2022-03-09 | 1a383f8ce
CPXPARAM_Preprocessing_Reduce                    1
CPXPARAM_Threads                                 1
CPXPARAM_Preprocessing_Reformulations            0
CPXPARAM_TimeLimit                               10800
CPXPARAM_MIP_Tolerances_AbsMIPGap                0.999
CPXPARAM_MIP_Limits_TreeMemory                   20000
Legacy callback                                  BbLUID
         Disabling repeat represolve because of lazy constraint/incumbent callback.
1 of 1 MIP starts provided solutions.
MIP start 'm1' defined initial solution with objective 472.0000.
Tried aggregator 1 time.
MIP Presolve eliminated 3653 rows and 0 columns.
MIP Presolve modified 372 coefficients.
Reduced MIP has 494 rows, 1814 columns, and 7621 nonzeros.
Reduced MIP has 1814 binaries, 0 generals, 0 SOSs, and 0 indicators.
Presolve time = 0.00 sec. (6.73 ticks)
Probing time = 0.00 sec. (2.51 ticks)
Clique table members: 498.
MIP emphasis: balance optimality and feasibility.
MIP search method: traditional branch-and-cut.
Parallel mode: none, using 1 thread.
Root relaxation solution time = 0.00 sec. (1.81 ticks)

        Nodes                                         Cuts/
   Node  Left     Objective  IInf  Best Integer    Best Bound    ItCnt     Gap         Variable B NodeID Parent  Depth

*     0+    0                          472.0000        0.0000           100.00%
      0     0      397.0000    17      472.0000      356.0000       83   24.58%
      0     0      411.5000    72      472.0000      Cuts: 35      106   12.82%
      0     0      413.0000    40      472.0000      Cuts: 31      124   12.50%
      0     0      415.5000    52      472.0000      Cuts: 37      145   11.97%
      0     0      417.0000    28      472.0000      Cuts: 24      163   11.65%
      0     0      418.0000    28      472.0000       User: 5      170   11.44%
      0     0      419.0000    94      472.0000       User: 3      176   11.23%
      0     0      420.0000    55      472.0000       Cuts: 6      182   11.02%
      0     0      425.3750   106      472.0000       Cuts: 5      207    9.88%
      0     0      427.1667    74      472.0000       Cuts: 6      216    9.50%
      0     0      428.7500    97      472.0000      Cuts: 10      231    9.16%
      0     0      429.2500    42      472.0000       Cuts: 7      245    9.06%
      0     0      429.9167   107      472.0000       Cuts: 6      257    8.92%
      0     0      431.0000   124      472.0000      Cuts: 15      275    8.69%
      0     0      432.0833   136      472.0000      Cuts: 10      298    8.46%
      0     0      432.4375   146      472.0000      Cuts: 18      310    8.38%
      0     0      432.7500    89      472.0000       Cuts: 6      322    8.32%
      0     0      432.8214    80      472.0000       Cuts: 6      330    8.30%
      0     0      433.8333    89      472.0000       User: 8      348    8.09%
      0     0      433.8333    59      472.0000       Cuts: 9      354    8.09%
      0     0      435.1154    93      472.0000      Cuts: 12      404    7.81%
      0     0      435.7821   145      472.0000      Cuts: 12      416    7.67%
      0     0      435.9167   124      472.0000       Cuts: 5      422    7.64%
      0     0      438.3333   121      472.0000      Cuts: 10      462    7.13%
      0     0      439.5714   101      472.0000      Cuts: 21      487    6.87%
      0     0      439.6000   103      472.0000      Cuts: 10      490    6.86%
      0     0      440.4333    99      472.0000       User: 1      528    6.69%
      0     0      441.0000   126      472.0000       User: 3      553    6.57%
      0     0      441.0000   128      472.0000       User: 1      554    6.57%
      0     2      441.0000   121      472.0000      441.0000      554    6.57%                        0             0
Elapsed time = 0.34 sec. (688.32 ticks, tree = 0.01 MB, solutions = 1)
      4     6      446.3333    87      472.0000      443.1111      794    6.12%           x51_7 N      4      2      3
     17    19      454.2000   118      472.0000      443.1111     1366    6.12%          x59_55 N     17     15     11
     50    43      445.9368   144      472.0000      443.6250     2094    6.01%          x16_15 N     50      0      1
     76    69      458.2556   100      472.0000      443.6250     2824    6.01%          x15_42 D     76     74     19
    108    94      454.7500    90      472.0000      445.0222     3746    5.72%          x29_10 D    108    107     19
*   140+  112                          469.0000      445.0222             5.11%
    153   125      460.5000    87      469.0000      445.9368     4366    4.92%          x41_34 N    153    152     15
    189   157      461.9583   125      469.0000      446.0667     5358    4.89%           x8_37 N    189    188     25
    221   182      461.8750   111      469.0000      446.1667     6384    4.87%          x46_30 U    221    219     12
    271   224      451.3000   105      469.0000      446.3333     7632    4.83%           x7_51 N    271      7      6
    441   358      463.7581   128      469.0000      447.4167    12226    4.60%          x27_32 N    441    440     18
Elapsed time = 2.89 sec. (3858.23 ticks, tree = 0.51 MB, solutions = 2)
    640   527      465.8133   105      469.0000      448.4000    16634    4.39%          x39_57 D    640    639     34
    904   747      466.2500    71      469.0000      449.2807    21800    4.20%          x15_42 N    904    902     18
   1101   897      462.5000    88      469.0000      449.5000    26138    4.16%            x2_7 U   1101   1100     21
   1330  1089      465.4687    88      469.0000      450.0000    30655    4.05%          x43_37 D   1330   1329     51
   1575  1301      457.8571    98      469.0000      450.3088    35397    3.99%           x3_57 D   1575   1574      7
*  1630   585      integral     0      461.0000      450.3333    37152    2.31%
   1800   699      453.2333   120      461.0000      450.9000    41502    2.19%          x39_15 D   1800   1799     14
   2014   829      455.0833    89      461.0000      451.4375    48348    2.07%          x37_27 D   2014   2013     14
   2253   953      458.3333   134      461.0000      451.9583    55042    1.96%          x57_26 U   2253   2252     12
   2461  1053      458.3188   121      461.0000      452.2500    61703    1.90%          x57_43 D   2461   2460     19
   2666  1145      457.1667   111      461.0000      452.6613    68737    1.81%          x27_32 D   2666   2665      9
Elapsed time = 11.87 sec. (13433.10 ticks, tree = 1.39 MB, solutions = 3)
   2889  1229      456.1667    87      461.0000      453.0000    75776    1.74%          x46_30 U   2889    410      6
   3128  1321      458.0833    71      461.0000      453.3438    82247    1.66%          x43_57 U   3128   3126     11
   3342  1372        cutoff            461.0000      453.7500    89044    1.57%           x29_3 U   3342   3341     19
   3566  1426        cutoff            461.0000      454.0833    95917    1.50%          x23_54 U   3566   3565     18
   3796  1483      457.8333   110      461.0000      454.4583   102904    1.42%          x26_57 D   3796   3795     16
   4038  1550        cutoff            461.0000      454.6667   109651    1.37%           x3_26 U   4038   4036     13
   4273  1618        cutoff            461.0000      455.0000   116539    1.30%          x43_57 D   4273   4272     19
*  4479  1359      integral     0      460.0000      455.2500   122049    1.03%
   4524  1355        cutoff            460.0000      455.3182   123263    1.02%          x26_43 U   4524   3169     10
   4762  1345        cutoff            460.0000      455.5833   130137    0.96%          x43_60 U   4762   1015     14
   5003  1294      458.9722    92      460.0000      456.0000   136460    0.87%          x57_26 U   5003   3693     16
Elapsed time = 18.86 sec. (22990.06 ticks, tree = 1.51 MB, solutions = 4)
   5256  1233        cutoff            460.0000      456.4000   142598    0.78%          x57_43 U   5256   2525     12
   5527  1162      459.0000    82      460.0000      456.7500   148587    0.71%          x23_32 D   5527   5526     14
   5797  1059        cutoff            460.0000      457.0833   154053    0.63%           x3_26 U   5797   2363     12
   6079   927      458.9167    88      460.0000      457.4250   158778    0.56%          x46_30 N   6079   3190     13
   6373   758        cutoff            460.0000      457.8125   163236    0.48%          x26_43 U   6373   1853     18
   6669   545        cutoff            460.0000      458.1000   167173    0.41%           x3_26 U   6669   4092     12
   6968   302        cutoff            460.0000      458.5000   169911    0.33%          x58_16 U   6968   5237     14
   7284     4        cutoff            460.0000      459.0000   171823    0.22%          x14_60 D   7284   7283     17

Cover cuts applied:  1
Zero-half cuts applied:  30
Gomory fractional cuts applied:  2
User cuts applied:  1428

Root node processing (before b&c):
  Real time             =    0.34 sec. (688.34 ticks)
Sequential b&c:
  Real time             =   22.21 sec. (29986.92 ticks)
                          ------------
Total (root+branch&cut) =   22.55 sec. (30675.26 ticks)

