Version identifier: 22.1.0.0 | 2022-03-09 | 1a383f8ce
CPXPARAM_Preprocessing_Reduce                    1
CPXPARAM_Threads                                 1
CPXPARAM_Preprocessing_Reformulations            0
CPXPARAM_TimeLimit                               10800
CPXPARAM_MIP_Tolerances_AbsMIPGap                0.999
CPXPARAM_MIP_Limits_TreeMemory                   20000
Legacy callback                                  BbLUID
         Disabling repeat represolve because of lazy constraint/incumbent callback.
1 of 1 MIP starts provided solutions.
MIP start 'm1' defined initial solution with objective 414.0000.
Tried aggregator 1 time.
MIP Presolve eliminated 6492 rows and 0 columns.
MIP Presolve modified 478 coefficients.
Reduced MIP has 600 rows, 2374 columns, and 11360 nonzeros.
Reduced MIP has 2374 binaries, 0 generals, 0 SOSs, and 0 indicators.
Presolve time = 0.01 sec. (11.75 ticks)
Probing time = 0.00 sec. (2.73 ticks)
Clique table members: 600.
MIP emphasis: balance optimality and feasibility.
MIP search method: traditional branch-and-cut.
Parallel mode: none, using 1 thread.
Root relaxation solution time = 0.00 sec. (1.65 ticks)

        Nodes                                         Cuts/
   Node  Left     Objective  IInf  Best Integer    Best Bound    ItCnt     Gap         Variable B NodeID Parent  Depth

*     0+    0                          414.0000        0.0000           100.00%
      0     0      366.5000    22      414.0000      284.0000       37   31.40%
      0     0      384.0000    24      414.0000      Cuts: 54       78    7.25%
      0     0      386.5000    40      414.0000      Cuts: 23      110    6.64%
      0     0      392.3333    82      414.0000      Cuts: 13      144    5.23%
      0     0      398.2500    67      414.0000      Cuts: 28      174    3.80%
      0     0      401.5000    48      414.0000      Cuts: 20      183    3.02%
      0     0      402.6667   110      414.0000      Cuts: 11      200    2.74%
      0     0      406.8333   141      414.0000      Cuts: 21      250    1.73%
      0     0      409.7500    81      414.0000      Cuts: 30      298    1.03%
      0     0      410.1333   109      414.0000      Cuts: 15      326    0.93%
      0     0      410.6875   118      414.0000      Cuts: 11      343    0.80%
      0     0      411.6667    52      414.0000      Cuts: 17      360    0.56%
      0     0      411.8333    68      414.0000       Cuts: 9      377    0.52%
      0     0      411.9891   123      414.0000      Cuts: 11      383    0.49%
      0     0      412.4310   119      414.0000   ZeroHalf: 7      399    0.38%
      0     0      412.8889    80      414.0000   ZeroHalf: 6      415    0.27%
      0     0        cutoff            414.0000                    422    0.00%                        0             0
Elapsed time = 0.12 sec. (184.53 ticks, tree = 0.01 MB, solutions = 1)

Zero-half cuts applied:  28
Gomory fractional cuts applied:  1
User cuts applied:  309

Root node processing (before b&c):
  Real time             =    0.12 sec. (184.57 ticks)
Sequential b&c:
  Real time             =    0.00 sec. (0.00 ticks)
                          ------------
Total (root+branch&cut) =    0.12 sec. (184.57 ticks)

