Version identifier: 22.1.0.0 | 2022-03-09 | 1a383f8ce
CPXPARAM_Preprocessing_Reduce                    1
CPXPARAM_Threads                                 1
CPXPARAM_Preprocessing_Reformulations            0
CPXPARAM_TimeLimit                               10800
CPXPARAM_MIP_Tolerances_AbsMIPGap                0.999
CPXPARAM_MIP_Limits_TreeMemory                   20000
Legacy callback                                  BbLUID
         Disabling repeat represolve because of lazy constraint/incumbent callback.
1 of 1 MIP starts provided solutions.
MIP start 'm1' defined initial solution with objective 400.0000.
Tried aggregator 1 time.
MIP Presolve eliminated 6851 rows and 0 columns.
MIP Presolve modified 417 coefficients.
Reduced MIP has 539 rows, 2455 columns, and 11075 nonzeros.
Reduced MIP has 2455 binaries, 0 generals, 0 SOSs, and 0 indicators.
Presolve time = 0.01 sec. (11.74 ticks)
Probing time = 0.00 sec. (2.77 ticks)
Clique table members: 539.
MIP emphasis: balance optimality and feasibility.
MIP search method: traditional branch-and-cut.
Parallel mode: none, using 1 thread.
Root relaxation solution time = 0.00 sec. (2.07 ticks)

        Nodes                                         Cuts/
   Node  Left     Objective  IInf  Best Integer    Best Bound    ItCnt     Gap         Variable B NodeID Parent  Depth

*     0+    0                          400.0000        0.0000           100.00%
      0     0      328.5000    37      400.0000      286.0000      121   28.50%
      0     0      366.7500    87      400.0000      Cuts: 29      154    8.31%
      0     0      367.6667    35      400.0000      Cuts: 10      181    8.08%
      0     0      367.8125   106      400.0000      Cuts: 12      184    8.05%
      0     0      369.0000    68      400.0000       Cuts: 8      195    7.75%
      0     0      373.0000    90      400.0000       User: 2      231    6.75%
      0     0      373.5000    32      400.0000      Cuts: 15      248    6.62%
      0     0      374.4000   119      400.0000      Cuts: 10      273    6.40%
      0     0      374.4000   121      400.0000       Cuts: 7      278    6.40%
      0     0      375.2500    89      400.0000       Cuts: 4      306    6.19%
      0     0      375.2857   115      400.0000       Cuts: 5      313    6.18%
      0     0      375.5000   108      400.0000       User: 2      320    6.12%
      0     0      376.5000    95      400.0000       User: 2      342    5.87%
      0     0      376.5000    95      400.0000       User: 3      343    5.87%
      0     0      377.3333    76      400.0000       User: 6      377    5.67%
      0     0      377.7500   123      400.0000       User: 4      396    5.56%
      0     0      378.1667   120      400.0000       User: 3      409    5.46%
      0     0      378.2167   136      400.0000       User: 2      412    5.45%
      0     0      378.2381   126      400.0000       User: 4      416    5.44%
      0     0      378.2381   127      400.0000       User: 1      418    5.44%
      0     2      378.3095   128      400.0000      378.3095      418    5.42%                        0             0
Elapsed time = 0.25 sec. (463.78 ticks, tree = 0.01 MB, solutions = 1)
      5     7      380.8077   124      400.0000      380.4750      618    4.88%          x49_27 D      5      3      4
     31    33      388.2000    54      400.0000      380.4750     1383    4.88%           x2_32 N     31     29     21
     70    68      388.1837   115      400.0000      380.5000     2131    4.87%          x18_24 N     70     68     10
    119   106      387.2110    83      400.0000      381.0909     2922    4.73%          x18_40 D    119    118     16
    162   142      385.5278   125      400.0000      381.0909     3420    4.73%           x3_34 D    162    161     22
    220   194      394.3182    54      400.0000      381.1250     4376    4.72%           x18_1 D    220    219     33
    260   224      382.8525   152      400.0000      381.3846     5347    4.65%           x2_32 D    260    259      4
    308   265      394.1911   109      400.0000      381.8077     6361    4.55%          x17_50 D    308    307     24
    373   322      395.0000    36      400.0000      381.9583     7475    4.51%           x5_56 D    373    372     35
    562   471      388.0778   126      400.0000      382.4304    12005    4.39%          x28_18 N    562    561     11
Elapsed time = 3.20 sec. (3607.68 ticks, tree = 0.69 MB, solutions = 1)
    764   629      385.5000    56      400.0000      383.1250    16099    4.22%          x39_27 U    764    763     10
    978   803      395.2581    79      400.0000      383.4286    20150    4.14%            x5_3 D    978    977     28
   1186   969      393.4615    65      400.0000      383.6000    23430    4.10%           x15_1 N   1186   1185     50
   1400  1138      394.5094    72      400.0000      383.7037    27204    4.07%           x57_6 D   1400   1399     30
   1630  1317      392.8500    79      400.0000      383.8667    31497    4.03%          x40_28 U   1630   1629     20
   1840  1486      397.5000    59      400.0000      384.0000    35214    4.00%           x31_3 U   1840   1839     27
   2033  1640      390.9682   153      400.0000      384.1818    39428    3.95%           x6_12 D   2033   2032     13
   2252  1826      392.1429    91      400.0000      384.4255    43063    3.89%          x21_12 D   2252   2251     42
   2464  2002      397.0000    20      400.0000      384.5625    47012    3.86%           x8_35 D   2464   2463     37
   2671  2175      392.1250    57      400.0000      384.7727    50813    3.81%          x48_12 D   2671   2670     34
Elapsed time = 12.08 sec. (13195.31 ticks, tree = 3.81 MB, solutions = 1)
   2910  2364      393.3810   139      400.0000      384.9524    54889    3.76%          x40_28 U   2910   2909     21
   3127  2536        cutoff            400.0000      385.0610    59096    3.73%           x39_2 U   3127   3126     27
   3319  2688        cutoff            400.0000      385.2500    63019    3.69%           x27_8 D   3319   3318     35
   3499  2822      393.3889    67      400.0000      385.4118    67137    3.65%           x3_38 U   3499   3498     29
   3691  2977      392.4000    58      400.0000      385.5000    71448    3.62%          x11_31 N   3691   3690     26
   3890  3137      395.4706    68      400.0000      385.5000    75022    3.62%          x55_19 D   3890   3888     26
   4059  3272        cutoff            400.0000      385.5000    78401    3.62%          x41_35 U   4059   4058     41
   4257  3434      395.3333    49      400.0000      385.5870    82419    3.60%           x3_38 D   4257   4255     29
   4415  3552      397.8000    74      400.0000      385.7083    85568    3.57%          x52_40 D   4415   4414     21
   4580  3663      389.6250    74      400.0000      385.8333    89149    3.54%          x45_49 U   4580   4579     12
Elapsed time = 20.53 sec. (22774.60 ticks, tree = 6.30 MB, solutions = 1)
   4741  3791      389.0938    98      400.0000      385.8333    92503    3.54%           x13_3 D   4741   4739     16
   4907  3898      396.8333    71      400.0000      385.9706    95646    3.51%           x39_8 D   4907   4906     17
   5047  4006      392.1667    87      400.0000      386.0000    98603    3.50%          x24_25 D   5047   5046     26
   5200  4127      391.8904   101      400.0000      386.0000   101547    3.50%          x21_13 D   5200   5199     21
   5341  4250        cutoff            400.0000      386.0000   103813    3.50%          x24_14 D   5341   5340     41
   5493  4367      391.0000   117      400.0000      386.0000   107164    3.50%           x2_32 D   5493   5492     20
   5643  4487      387.1250   133      400.0000      386.0000   109932    3.50%          x27_32 U   5643    203     17
   5780  4601      388.0000    93      400.0000      386.0833   112778    3.48%          x18_40 D   5780   5779     11
   5917  4709      398.1905    69      400.0000      386.1429   116215    3.46%          x19_13 D   5917   5915     33
   6040  4806      387.7000    78      400.0000      386.2500   118795    3.44%          x45_49 U   6040   6039     15
Elapsed time = 27.43 sec. (32464.90 ticks, tree = 8.49 MB, solutions = 1)
   6190  4922      389.0000    83      400.0000      386.2500   121742    3.44%          x45_49 U   6190   6189     18
   6317  5012      390.6667    26      400.0000      386.3333   124350    3.42%           x3_38 D   6317   6316     21
   6436  5110      393.6667    76      400.0000      386.3333   126741    3.42%          x27_49 D   6436   6435     20
   6590  5243      392.6129    88      400.0000      386.4286   129950    3.39%          x11_40 D   6590   6589     46
   6740  5366      398.7143    18      400.0000      386.5000   132407    3.37%            x3_8 D   6740   6739     50
   6893  5484      388.4000    70      400.0000      386.5000   135396    3.37%           x2_34 D   6893   6892      9
   7023  5572      393.7000    70      400.0000      386.5000   138704    3.37%          x15_28 D   7023   7022     21
   7152  5660      396.7500    63      400.0000      386.5714   141871    3.36%           x2_41 D   7152   7151     34
   7280  5746      395.9000    71      400.0000      386.6250   145362    3.34%           x2_32 D   7280   7279     21
   7429  5856      393.8889    62      400.0000      386.6667   148141    3.33%          x17_50 D   7429   7428     32
Elapsed time = 33.78 sec. (42085.08 ticks, tree = 10.46 MB, solutions = 1)
   7545  5940      390.0000    50      400.0000      386.7104   150490    3.32%          x28_18 U   7545   1150     15
   7664  6031        cutoff            400.0000      386.7143   153222    3.32%           x2_34 U   7664   7661     27
   7790  6122      391.7500    70      400.0000      386.7500   155459    3.31%           x2_32 D   7790   7789     18
   7929  6231      394.5714    79      400.0000      386.7941   158283    3.30%          x25_18 D   7929   7928     58
   8059  6324      394.3500   143      400.0000      386.8333   160934    3.29%          x35_27 D   8059   8058     14
   8194  6418      393.0417    73      400.0000      386.8889   163812    3.28%          x41_35 U   8194   8193     17
   8320  6504      390.7727    98      400.0000      386.9286   166670    3.27%          x24_28 D   8320   8319     18
   8452  6609      390.0357   104      400.0000      387.0000   169324    3.25%           x8_35 D   8452   8451     20
   8596  6718      391.6825   103      400.0000      387.0000   172025    3.25%           x2_41 D   8596   8595     17
   8721  6812      392.4667    76      400.0000      387.0000   174853    3.25%          x57_11 D   8721   8720     14
Elapsed time = 39.78 sec. (51651.02 ticks, tree = 13.31 MB, solutions = 1)
   8830  6887      393.3929   100      400.0000      387.0000   177391    3.25%           x32_2 D   8830   8829     12
   8954  6978        cutoff            400.0000      387.0000   180177    3.25%           x31_3 D   8954   8952     33
   9080  7074      393.3889    69      400.0000      387.0417   183567    3.24%          x11_31 D   9080   9079     22
   9225  7188      393.7449    95      400.0000      387.0714   186355    3.23%          x28_18 D   9225   9224     25
   9345  7276      390.5000    51      400.0000      387.1190   188661    3.22%          x19_45 D   9345   9344     13
   9478  7384        cutoff            400.0000      387.1333   191061    3.22%           x11_1 D   9478   9477     38
   9611  7481      394.6154    77      400.0000      387.1864   193573    3.20%          x28_40 D   9611   9609     15
   9735  7574      392.1000    62      400.0000      387.2110   196426    3.20%          x30_29 U   9735   9734     23
   9862  7662      390.2500    38      400.0000      387.2500   199336    3.19%          x12_21 U   9862   7726      6
*  9872  6815      integral     0      398.0000      387.2500   199494    2.70%
   9984  6890      393.6944   110      398.0000      387.2500   202115    2.70%           x2_34 D   9984   9983     28
Elapsed time = 45.88 sec. (61257.91 ticks, tree = 13.63 MB, solutions = 2)
  10130  6991      393.3333    68      398.0000      387.2941   205006    2.69%           x8_32 D  10130  10129     24
  10264  7077        cutoff            398.0000      387.3333   207739    2.68%           x34_8 D  10264  10263     18
  10387  7150      394.2619   133      398.0000      387.3333   210485    2.68%          x49_27 N  10387  10386      9
  10538  7265      396.4000    47      398.0000      387.4000   213166    2.66%            x6_4 D  10538  10537     53
  10653  7324      391.2500    19      398.0000      387.4444   216124    2.65%          x46_21 D  10653  10651     22
  10779  7392      395.7500    53      398.0000      387.5000   218996    2.64%          x28_40 U  10779  10778     21
  10916  7486      392.5000    70      398.0000      387.5000   221784    2.64%           x2_34 D  10916  10915     18
* 10982  4811      integral     0      395.0000      387.5000   223241    1.90%
  11040  4834      393.8750    76      395.0000      387.5000   224892    1.90%          x12_21 N  11040  11039     12
  11175  4890      394.0000    45      395.0000      387.5937   227849    1.87%          x18_28 D  11175  11174     18
  11306  4934      391.0455   100      395.0000      387.6429   230700    1.86%           x39_2 D  11306  11305     11
Elapsed time = 51.77 sec. (70848.29 ticks, tree = 9.74 MB, solutions = 3)
  11442  5000      392.0000    65      395.0000      387.6667   233451    1.86%          x34_32 N  11442  11441     22
  11563  5045      391.2105   100      395.0000      387.7143   236324    1.84%          x39_41 U  11563   5387     19
  11697  5111        cutoff            395.0000      387.7692   239205    1.83%           x34_8 U  11697  11695     20
  11844  5179      393.5000    36      395.0000      387.8333   242232    1.81%          x11_18 D  11844  11842     18
  11975  5230      390.9286    77      395.0000      387.9286   245332    1.79%          x18_24 D  11975  11974     20
  12096  5277      393.2921    97      395.0000      388.0000   248303    1.77%          x19_45 D  12096  12095     25
  12229  5322      391.5000    37      395.0000      388.0000   251735    1.77%          x12_11 U  12229  12228     23
  12354  5383      390.2500    82      395.0000      388.0000   255041    1.77%          x12_21 U  12354   6971     16
  12471  5428        cutoff            395.0000      388.0000   258552    1.77%           x13_3 D  12471  12470     15
  12598  5481      392.5000    85      395.0000      388.0575   261543    1.76%           x12_6 D  12598  12597     19
Elapsed time = 57.26 sec. (80433.30 ticks, tree = 10.49 MB, solutions = 3)
  12734  5545      391.7500    86      395.0000      388.1154   264661    1.74%          x39_35 D  12734  12733     24
  12863  5607      393.0000    10      395.0000      388.1591   267284    1.73%           x31_3 D  12863  12861     11
  12997  5657      392.9000    67      395.0000      388.1869   270370    1.72%          x39_41 U  12997   4707     16
  13140  5740      391.8750    92      395.0000      388.2083   273455    1.72%          x35_23 U  13140  13139     23
  13288  5810      393.7727    79      395.0000      388.2500   276236    1.71%          x38_13 D  13288  13286     17
  13416  5864      391.7500    69      395.0000      388.2895   279392    1.70%           x13_3 D  13416  13415     12
  13577  5939      393.0000    59      395.0000      388.3333   282037    1.69%           x2_34 D  13577  13575     19
  13710  5983      392.1000    64      395.0000      388.3676   285086    1.68%          x21_13 U  13710   4708     17
  13854  6049      391.7143    79      395.0000      388.4286   287822    1.66%          x32_41 D  13854  13853     19
  14385  6250        cutoff            395.0000      388.5455   298979    1.63%           x2_32 U  14385  14383     18
Elapsed time = 64.74 sec. (92892.07 ticks, tree = 12.29 MB, solutions = 3)
  14909  6463        cutoff            395.0000      388.6875   311159    1.60%          x28_15 D  14909  14906     31
  15421  6613        cutoff            395.0000      388.8333   323264    1.56%          x28_40 D  15421  15419     28
  15994  6834      393.2000    65      395.0000      389.0000   335842    1.52%          x15_40 D  15994  15992     18
  16528  6994      393.2000    58      395.0000      389.0234   348720    1.51%           x11_1 D  16528  16527     22
  17084  7171        cutoff            395.0000      389.1667   360909    1.48%           x8_23 D  17084  17083     24
  17620  7319      390.7381    69      395.0000      389.2857   373388    1.45%          x18_40 D  17620  17619     15
  18148  7458        cutoff            395.0000      389.4773   385880    1.40%          x34_35 U  18148   3773     18
  18692  7568        cutoff            395.0000      389.5439   398181    1.38%          x17_50 U  18692  18689     28
  19221  7689      393.9167    98      395.0000      389.7429   410084    1.33%          x41_23 D  19221  19220     23
  19775  7787      392.8889    68      395.0000      389.8333   421674    1.31%           x3_38 N  19775   3729     28
Elapsed time = 86.19 sec. (131090.17 ticks, tree = 15.51 MB, solutions = 3)
  20282  7823        cutoff            395.0000      390.0000   434010    1.27%          x38_13 U  20282  20281     19
  20797  7876        cutoff            395.0000      390.0192   446921    1.26%          x30_45 N  20797  20796     14
  21343  7964      390.6667    64      395.0000      390.1667   458475    1.22%           x34_8 U  21343   2984     20
  21878  8011      393.1667    60      395.0000      390.2500   470061    1.20%          x12_11 U  21878  21877     23
  22412  8078      390.7500    84      395.0000      390.3784   482277    1.17%           x8_23 U  22412   3777     22
  22924  8071      393.0000    56      395.0000      390.5000   492860    1.14%          x15_28 U  22924  12059     13
  23429  8055        cutoff            395.0000      390.5833   504587    1.12%           x2_34 D  23429  23428     20
  23944  8097      392.0000    50      395.0000      390.6667   515794    1.10%          x38_13 U  23944  23943     17
  24478  8102      392.2857    54      395.0000      390.7879   526852    1.07%          x18_40 U  24478   4193     13
  25005  8098      392.6667    56      395.0000      390.9286   537297    1.03%          x11_33 D  25005  25004     17
Elapsed time = 105.22 sec. (169301.16 ticks, tree = 15.97 MB, solutions = 3)
  25521  8083        cutoff            395.0000      391.0000   547681    1.01%          x28_18 U  25521  10134      7
  26018  8018      391.4667    65      395.0000      391.0179   559085    1.01%           x34_8 U  26018  24192     24
  26544  7972      392.0867    94      395.0000      391.1667   569057    0.97%          x52_40 D  26544  26543     18
  27050  7887        cutoff            395.0000      391.2500   579110    0.95%          x40_18 U  27050  27048     21
  27508  7837        cutoff            395.0000      391.3333   589090    0.93%           x12_6 U  27508  27505     25
  28023  7782      392.7143    70      395.0000      391.4688   598312    0.89%           x39_2 D  28023  28022     17
  28515  7682        cutoff            395.0000      391.5000   607786    0.89%          x12_21 U  28515  28513     20
  28983  7593        cutoff            395.0000      391.5909   616706    0.86%           x31_3 U  28983  28982     22
  29447  7452        cutoff            395.0000      391.6765   626013    0.84%          x18_24 U  29447  16964     27
  29908  7297        cutoff            395.0000      391.7619   635088    0.82%           x39_8 U  29908  17180     23
Elapsed time = 121.70 sec. (207484.03 ticks, tree = 14.07 MB, solutions = 3)
  30407  7169        cutoff            395.0000      391.8750   644054    0.79%          x18_28 D  30407  23194     25
  30871  6993        cutoff            395.0000      392.0000   652054    0.76%          x31_16 D  30871  30870     29
  31278  6874      394.0000    10      395.0000      392.0000   660456    0.76%          x33_31 N  31278  31277     25
  31734  6731        cutoff            395.0000      392.0000   669729    0.76%          x45_49 U  31734  31733     19
  32203  6516        cutoff            395.0000      392.1250   677949    0.73%          x49_34 U  32203  28406     21
  32676  6290        cutoff            395.0000      392.2222   685771    0.70%          x24_28 D  32676  32675     22
  33179  6076        cutoff            395.0000      392.3000   694196    0.68%          x38_13 D  33179  11500     17
  33660  5831      393.9375    60      395.0000      392.3684   702007    0.67%          x11_18 N  33660  33659     32
  34112  5544        cutoff            395.0000      392.5000   709078    0.63%          x21_29 U  34112  13934     18
  34574  5298        cutoff            395.0000      392.5000   715983    0.63%          x28_40 D  34574  34572     18
Elapsed time = 135.51 sec. (245668.04 ticks, tree = 9.82 MB, solutions = 3)
  35038  4992        cutoff            395.0000      392.6190   723121    0.60%          x46_30 U  35038   2563     26
  35501  4677        cutoff            395.0000      392.7143   729528    0.58%          x24_28 U  35501  35238     14
  35977  4304      393.6667    61      395.0000      392.8333   735657    0.55%          x34_32 N  35977  25625     21
  36457  3971        cutoff            395.0000      393.0000   740961    0.51%            x3_8 U  36457   2868     24
  36950  3644        cutoff            395.0000      393.0000   747110    0.51%          x12_11 D  36950  34279     23
  37413  3267        cutoff            395.0000      393.0000   752653    0.51%          x18_24 U  37413  17024     21
  37897  2872        cutoff            395.0000      393.1667   757624    0.46%          x55_13 U  37897   5762     15
  38379  2478        cutoff            395.0000      393.2857   762204    0.43%           x2_34 U  38379  18893     23
  38868  2075        cutoff            395.0000      393.4167   766030    0.40%          x52_40 U  38868   7570     23
  39352  1650        cutoff            395.0000      393.5000   769794    0.38%           x3_41 U  39352   5072     17
Elapsed time = 146.36 sec. (283850.83 ticks, tree = 3.20 MB, solutions = 3)
  39845  1187        cutoff            395.0000      393.6667   772871    0.34%          x40_28 D  39845  28852     22
  40350   709        cutoff            395.0000      393.8333   775144    0.30%           x8_35 U  40350  16919     18
  40858   228        cutoff            395.0000      394.0000   777292    0.25%          x12_11 D  40858   3200     24

Cover cuts applied:  2
Zero-half cuts applied:  5
Lift and project cuts applied:  1
Gomory fractional cuts applied:  1
User cuts applied:  3102

Root node processing (before b&c):
  Real time             =    0.25 sec. (463.84 ticks)
Sequential b&c:
  Real time             =  149.15 sec. (296832.01 ticks)
                          ------------
Total (root+branch&cut) =  149.40 sec. (297295.85 ticks)

