Version identifier: 22.1.0.0 | 2022-03-09 | 1a383f8ce
CPXPARAM_Preprocessing_Reduce                    1
CPXPARAM_Threads                                 1
CPXPARAM_Preprocessing_Reformulations            0
CPXPARAM_TimeLimit                               10800
CPXPARAM_MIP_Tolerances_AbsMIPGap                0.999
CPXPARAM_MIP_Limits_TreeMemory                   20000
Legacy callback                                  BbLUID
         Disabling repeat represolve because of lazy constraint/incumbent callback.
1 of 1 MIP starts provided solutions.
MIP start 'm1' defined initial solution with objective 384.0000.
Tried aggregator 1 time.
MIP Presolve eliminated 2581 rows and 0 columns.
MIP Presolve modified 312 coefficients.
Reduced MIP has 434 rows, 1664 columns, and 6527 nonzeros.
Reduced MIP has 1664 binaries, 0 generals, 0 SOSs, and 0 indicators.
Presolve time = 0.00 sec. (5.26 ticks)
Probing time = 0.00 sec. (2.46 ticks)
Clique table members: 434.
MIP emphasis: balance optimality and feasibility.
MIP search method: traditional branch-and-cut.
Parallel mode: none, using 1 thread.
Root relaxation solution time = 0.00 sec. (1.68 ticks)

        Nodes                                         Cuts/
   Node  Left     Objective  IInf  Best Integer    Best Bound    ItCnt     Gap         Variable B NodeID Parent  Depth

*     0+    0                          384.0000        0.0000           100.00%
      0     0      380.0000    26      384.0000      340.0000      132   11.46%
      0     0      382.0000    24      384.0000      Cuts: 12      145    0.52%
      0     0      383.0000    18      384.0000      Cuts: 10      155    0.26%
      0     0      383.0000    52      384.0000       Cuts: 7      157    0.26%
      0     0        cutoff            384.0000                    157    0.00%                        0             0
Elapsed time = 0.04 sec. (49.78 ticks, tree = 0.01 MB, solutions = 1)

Zero-half cuts applied:  2
Gomory fractional cuts applied:  1
User cuts applied:  151

Root node processing (before b&c):
  Real time             =    0.04 sec. (49.81 ticks)
Sequential b&c:
  Real time             =    0.00 sec. (0.00 ticks)
                          ------------
Total (root+branch&cut) =    0.04 sec. (49.81 ticks)

