Version identifier: 22.1.0.0 | 2022-03-09 | 1a383f8ce
CPXPARAM_Preprocessing_Reduce                    1
CPXPARAM_Threads                                 1
CPXPARAM_Preprocessing_Reformulations            0
CPXPARAM_TimeLimit                               10800
CPXPARAM_MIP_Tolerances_AbsMIPGap                0.999
CPXPARAM_MIP_Limits_TreeMemory                   20000
Legacy callback                                  BbLUID
         Disabling repeat represolve because of lazy constraint/incumbent callback.
1 of 1 MIP starts provided solutions.
MIP start 'm1' defined initial solution with objective 495.0000.
Tried aggregator 2 times.
MIP Presolve eliminated 3823 rows and 0 columns.
MIP Presolve modified 363 coefficients.
Aggregator did 2 substitutions.
Reduced MIP has 483 rows, 1734 columns, and 7263 nonzeros.
Reduced MIP has 1734 binaries, 0 generals, 0 SOSs, and 0 indicators.
Presolve time = 0.00 sec. (7.46 ticks)
Probing time = 0.00 sec. (2.51 ticks)
Clique table members: 483.
MIP emphasis: balance optimality and feasibility.
MIP search method: traditional branch-and-cut.
Parallel mode: none, using 1 thread.
Root relaxation solution time = 0.00 sec. (1.27 ticks)

        Nodes                                         Cuts/
   Node  Left     Objective  IInf  Best Integer    Best Bound    ItCnt     Gap         Variable B NodeID Parent  Depth

*     0+    0                          495.0000       15.0000            96.97%
      0     0      417.0000    50      495.0000      377.0000       39   23.84%
      0     0      422.0000    18      495.0000      Cuts: 51       62   14.75%
      0     0      427.5000    18      495.0000      Cuts: 20       85   13.64%
      0     0      435.0000    10      495.0000      Cuts: 19       97   12.12%
      0     0      437.0000    23      495.0000      Cuts: 19      112   11.72%
      0     0      439.0000    12      495.0000       Cuts: 9      118   11.31%
      0     0      444.5000    24      495.0000       Cuts: 9      142   10.20%
      0     0      450.0000   124      495.0000      Cuts: 10      178    9.09%
      0     0      450.2500    34      495.0000      Cuts: 10      182    9.04%
      0     0      451.0000   126      495.0000       Cuts: 9      191    8.89%
      0     0      451.5000    35      495.0000      Cuts: 12      197    8.79%
      0     0      452.7500   128      495.0000      Cuts: 13      221    8.54%
      0     0      453.5000     8      495.0000      Cuts: 17      225    8.38%
      0     0      453.5263    63      495.0000   ZeroHalf: 1      231    8.38%
      0     0      453.6000    17      495.0000       User: 6      241    8.36%
      0     0      453.6250    74      495.0000   ZeroHalf: 4      244    8.36%
      0     0      453.6341    70      495.0000       User: 1      249    8.36%
      0     0      453.6341    65      495.0000       User: 2      249    8.36%
      0     0      453.6358    84      495.0000       User: 1      252    8.36%
      0     2      453.6358    84      495.0000      454.0000      252    8.28%                        0             0
Elapsed time = 0.18 sec. (296.12 ticks, tree = 0.01 MB, solutions = 1)
      8    10      478.7500    63      495.0000      457.0000      393    7.68%          x19_14 U      8      7      8
     25    21      468.2500    62      495.0000      459.0909      898    7.25%          x23_27 N     25     24      4
     50    41      484.0000    15      495.0000      459.2364     1528    7.22%          x13_24 N     50     49     16
     80    59      469.8000    16      495.0000      460.0000     1973    7.07%           x21_5 U     80     78      7
    101    80      476.0000    19      495.0000      460.0000     2736    7.07%           x4_21 N    101    100     21
    125    99      479.9762    76      495.0000      460.0000     2994    7.07%           x4_49 D    125    123     41
    157   122      482.0526    79      495.0000      460.5000     3571    6.97%          x21_57 N    157    156     16
    190   143      465.0000    65      495.0000      460.6667     4084    6.94%           x21_5 N    190    189      6
    221   169      465.5000    10      495.0000      461.0000     4877    6.87%           x59_5 D    221    220      5
    338   260      485.8889    59      495.0000      462.6296     7453    6.54%          x49_37 D    338    337     24
Elapsed time = 2.19 sec. (3498.71 ticks, tree = 0.55 MB, solutions = 1)
    494   368      472.0000    12      495.0000      464.0000    10565    6.26%           x21_5 N    494    189      6
    645   485      492.9091    49      495.0000      465.4000    13939    5.98%          x41_43 U    645    644     21
    800   591      480.4737    32      495.0000      466.0000    17710    5.86%          x21_22 N    800    799     12
    931   684      480.6667    39      495.0000      466.5000    21551    5.76%          x57_59 U    931    930     15
   1050   765      475.4000    39      495.0000      467.0000    24602    5.66%           x57_4 U   1050   1049      6
   1200   865      485.0000    39      495.0000      467.5513    28614    5.55%          x23_10 D   1200   1199     22
   1351   970      491.2143    63      495.0000      468.0000    32644    5.45%          x32_13 D   1351   1350     34
   1481  1049      473.2174   105      495.0000      468.9524    36595    5.26%          x54_15 D   1481   1480     10
   1607  1130      491.5000    12      495.0000      469.5000    40529    5.15%          x19_37 D   1607   1606     12
*  1705  1048      integral     0      492.0000      469.8462    43594    4.50%
   1733  1066      479.3333    17      492.0000      470.0000    44473    4.47%          x54_15 N   1733   1732     14
Elapsed time = 7.55 sec. (13112.81 ticks, tree = 1.67 MB, solutions = 2)
   1860  1143      475.5000    12      492.0000      470.9500    48360    4.28%          x21_59 N   1860   1859     18
   1977  1206        cutoff            492.0000      471.4500    52925    4.18%          x21_59 U   1977   1975      8
   2090  1257      488.0000    34      492.0000      472.0000    56812    4.07%          x14_37 D   2090   2089     12
   2226  1326      485.9881    87      492.0000      472.5000    60618    3.96%          x54_15 N   2226   1480     10
   2345  1375      487.5000    12      492.0000      472.9000    65072    3.88%          x54_15 D   2345   2344     14
   2453  1408      488.9091    42      492.0000      473.4615    69257    3.77%           x5_15 U   2453   1729     11
   2584  1470      483.2000    26      492.0000      474.0000    73063    3.66%          x21_15 N   2584   2583     17
   2710  1540      479.5000    14      492.0000      474.2500    76977    3.61%          x54_15 D   2710   2709     13
   2826  1581        cutoff            492.0000      474.5000    81087    3.56%           x54_5 U   2826   2824     16
   2930  1613        cutoff            492.0000      474.8298    85514    3.49%           x59_7 D   2930   2928     16
Elapsed time = 12.43 sec. (22714.80 ticks, tree = 2.69 MB, solutions = 2)
   3046  1654      486.4000    49      492.0000      475.3333    89650    3.39%           x49_5 D   3046   3045     17
   3147  1684        cutoff            492.0000      475.6667    94113    3.32%           x49_5 U   3147    938     14
   3251  1709      490.0000    22      492.0000      476.1667    98504    3.22%           x4_59 D   3251   3250      9
   3360  1748      483.3750    97      492.0000      476.5000   102753    3.15%          x21_59 N   3360   3359     14
   3477  1794      487.0000    79      492.0000      476.7285   106900    3.10%           x4_37 U   3477   1791     16
   3580  1814      483.0000    88      492.0000      477.0000   110883    3.05%           x5_37 N   3580    996     10
   3689  1839        cutoff            492.0000      477.3684   115442    2.97%          x21_57 D   3689   2508     15
   3790  1855      488.0000    12      492.0000      477.6829   119099    2.91%          x14_15 U   3790   1613     10
   3890  1864        cutoff            492.0000      478.0000   123227    2.85%           x14_4 U   3890   3888     18
   3998  1896      486.6216    69      492.0000      478.1429   127240    2.82%           x5_37 U   3998   2192     11
Elapsed time = 16.91 sec. (32330.16 ticks, tree = 3.08 MB, solutions = 2)
   4101  1897        cutoff            492.0000      478.5000   130994    2.74%          x57_59 D   4101   3429     10
   4193  1915      490.2500    15      492.0000      478.8000   135094    2.68%          x14_15 U   4193   1842     13
   4285  1924      487.0000    18      492.0000      479.0000   139284    2.64%           x4_21 D   4285   4284     11
   4399  1927      486.0000    36      492.0000      479.1429   143171    2.61%          x57_59 U   4399   4398     16
   4498  1933      482.5000    10      492.0000      479.5000   147372    2.54%          x59_37 U   4498   1092     11
   4593  1944      491.0000    10      492.0000      479.6667   150810    2.51%           x9_31 D   4593   4591     31
   4696  1943      490.5000    10      492.0000      480.0000   154837    2.44%           x5_37 D   4696   4694     15
   4803  1950        cutoff            492.0000      480.0000   158681    2.44%           x54_7 U   4803   2677     27
   4895  1955      486.2500    53      492.0000      480.3750   162479    2.36%           x5_15 D   4895    428     11
   4999  1943        cutoff            492.0000      480.5000   166362    2.34%          x21_57 D   4999   4997     16
Elapsed time = 21.01 sec. (41916.79 ticks, tree = 3.17 MB, solutions = 2)
   5096  1939        cutoff            492.0000      480.7143   170050    2.29%           x59_5 U   5096   5094     20
   5187  1935      484.5000    21      492.0000      481.0000   174076    2.24%           x54_5 D   5187   5186     18
   5292  1919        cutoff            492.0000      481.0000   177586    2.24%          x57_37 U   5292   5290     19
   5396  1898      481.8810    89      492.0000      481.5000   181401    2.13%          x21_57 D   5396   1806     12
   5496  1877      490.8333    45      492.0000      481.6667   185196    2.10%           x54_5 D   5496   5495     15
   5586  1873        cutoff            492.0000      482.0000   188483    2.03%           x5_37 U   5586   5584     14
   5691  1865      489.0000    20      492.0000      482.0000   191874    2.03%          x22_57 U   5691    270     13
   5801  1835        cutoff            492.0000      482.4286   195663    1.95%          x37_15 D   5801   3108     19
   5903  1829      490.5000    16      492.0000      482.6000   199265    1.91%          x37_15 D   5903   5902     13
   6015  1790        cutoff            492.0000      483.0000   202794    1.83%          x19_59 U   6015    374     22
Elapsed time = 24.95 sec. (51494.54 ticks, tree = 2.74 MB, solutions = 2)
   6113  1769      490.4000    51      492.0000      483.0000   205899    1.83%          x48_20 D   6113   6112     22
   6212  1763        cutoff            492.0000      483.1429   209320    1.80%          x50_38 U   6212   6210     17
   6317  1731      488.5000    50      492.0000      483.4762   212465    1.73%           x5_54 U   6317    900     21
   6420  1690      484.4000    30      492.0000      483.6429   216126    1.70%           x5_59 D   6420   1958     19
   6533  1681      489.8333    87      492.0000      483.8750   219494    1.65%           x5_37 U   6533   1113     11
   6630  1643      491.0000    22      492.0000      484.0000   222716    1.63%          x17_44 U   6630    329     16
   6728  1635        cutoff            492.0000      484.0081   225656    1.62%            x4_5 N   6728   6727     18
   6826  1595        cutoff            492.0000      484.5000   228853    1.52%           x59_5 U   6826   2070     18
   6913  1626        cutoff            492.0000      484.5000   230397    1.52%          x29_53 D   6913   6912     37
   7025  1612        cutoff            492.0000      484.7857   233587    1.47%          x21_59 D   7025   7023     17
Elapsed time = 28.85 sec. (61138.43 ticks, tree = 2.64 MB, solutions = 2)
   7125  1566      490.0000    18      492.0000      485.0000   236516    1.42%           x5_59 U   7125   2266     16
   7222  1527      487.4444    41      492.0000      485.0417   238854    1.41%           x5_37 U   7222   2803     10
*  7329  1414      integral     0      491.0000      485.1786   240516    1.19%
   7337  1417      486.6429    75      491.0000      485.1911   240893    1.18%          x19_37 U   7337   1689     17
   7456  1413      488.2500    68      491.0000      485.5000   243367    1.12%          x32_31 D   7456   6695     25
   7572  1421        cutoff            491.0000      485.5000   245553    1.12%           x54_5 U   7572   1959     20
   7672  1350      486.3810    61      491.0000      485.8889   248227    1.04%          x19_37 D   7672   7671     27
*  7679  1091      integral     0      490.0000      485.8889   248387    0.84%
   7790  1031      487.5000    18      490.0000      486.0000   250167    0.82%          x49_18 D   7790   7789     35
*  7889   641      integral     0      489.0000      486.3000   251759    0.55%
   7900   628        cutoff            489.0000      486.3333   251931    0.55%          x57_59 D   7900   3622     32
   8002   540        cutoff            489.0000      486.5714   253179    0.50%          x32_31 U   8002   8001     23
*  8060   169      integral     0      488.0000      486.7500   253783    0.26%           x54_7 U   8060   8058     23
Elapsed time = 32.30 sec. (70227.70 ticks, tree = 0.33 MB, solutions = 6)
   8200    34        cutoff            488.0000      487.0000   254426    0.20%           x41_5 U   8200   5860     24

Cover cuts applied:  2
Zero-half cuts applied:  15
Gomory fractional cuts applied:  2
User cuts applied:  2839

Root node processing (before b&c):
  Real time             =    0.18 sec. (296.17 ticks)
Sequential b&c:
  Real time             =   32.39 sec. (71155.90 ticks)
                          ------------
Total (root+branch&cut) =   32.57 sec. (71452.07 ticks)

