Version identifier: 22.1.0.0 | 2022-03-09 | 1a383f8ce
CPXPARAM_Preprocessing_Reduce                    1
CPXPARAM_Threads                                 1
CPXPARAM_Preprocessing_Reformulations            0
CPXPARAM_TimeLimit                               10800
CPXPARAM_MIP_Tolerances_AbsMIPGap                0.999
CPXPARAM_MIP_Limits_TreeMemory                   20000
Legacy callback                                  BbLUID
         Disabling repeat represolve because of lazy constraint/incumbent callback.
1 of 1 MIP starts provided solutions.
MIP start 'm1' defined initial solution with objective 434.0000.
Tried aggregator 1 time.
MIP Presolve eliminated 6010 rows and 0 columns.
MIP Presolve modified 487 coefficients.
Reduced MIP has 609 rows, 2252 columns, and 11225 nonzeros.
Reduced MIP has 2252 binaries, 0 generals, 0 SOSs, and 0 indicators.
Presolve time = 0.01 sec. (11.37 ticks)
Probing time = 0.00 sec. (2.69 ticks)
Clique table members: 609.
MIP emphasis: balance optimality and feasibility.
MIP search method: traditional branch-and-cut.
Parallel mode: none, using 1 thread.
Root relaxation solution time = 0.00 sec. (2.24 ticks)

        Nodes                                         Cuts/
   Node  Left     Objective  IInf  Best Integer    Best Bound    ItCnt     Gap         Variable B NodeID Parent  Depth

*     0+    0                          434.0000        0.0000           100.00%
      0     0      418.5000    26      434.0000      360.0000       69   17.05%
      0     0      419.0000    32      434.0000       Cuts: 7       80    3.46%
      0     0      419.3333    78      434.0000      Cuts: 15      100    3.38%
      0     0      420.4000    79      434.0000      Cuts: 33      114    3.13%
      0     0      421.5000    46      434.0000      Cuts: 12      136    2.88%
      0     0      422.0000    73      434.0000      Cuts: 13      153    2.76%
      0     0      423.5000    26      434.0000       Cuts: 8      183    2.42%
      0     0      424.0000    24      434.0000       Cuts: 3      187    2.30%
      0     0      424.0000    60      434.0000       Cuts: 9      193    2.30%
      0     0      424.6667    74      434.0000      Cuts: 14      211    2.15%
      0     0      424.7143    67      434.0000      Cuts: 13      227    2.14%
      0     0      425.1000    74      434.0000      Cuts: 13      250    2.05%
      0     0      425.1667    66      434.0000      Cuts: 16      265    2.04%
      0     0      425.6667    82      434.0000      Cuts: 20      299    1.92%
      0     0      426.7500    69      434.0000       Cuts: 7      341    1.67%
      0     0      426.8235    98      434.0000      Cuts: 15      363    1.65%
      0     0      426.8936    98      434.0000      Cuts: 13      379    1.64%
      0     0      427.1981    96      434.0000      Cuts: 10      393    1.57%
      0     0      427.7500    86      434.0000      Cuts: 11      422    1.44%
      0     0      428.3571    70      434.0000   ZeroHalf: 7      444    1.30%
      0     0      428.5000    34      434.0000      Cuts: 17      463    1.27%
      0     0      428.6000    82      434.0000       Cuts: 8      471    1.24%
      0     0      429.0000    70      434.0000       Cuts: 4      489    1.15%
      0     0      429.0000    69      434.0000      Cuts: 17      507    1.15%
      0     0      429.0000    66      434.0000      User: 12      507    1.15%
      0     2      429.0000    66      434.0000      429.0000      507    1.15%                        0             0
Elapsed time = 0.25 sec. (447.96 ticks, tree = 0.01 MB, solutions = 1)
     32     9      433.0000    45      434.0000      431.0000     1258    0.69%           x58_5 N     32     31      5
    106     6        cutoff            434.0000      432.6667     2189    0.31%           x8_35 U    106     86     11

Clique cuts applied:  1
Zero-half cuts applied:  24
Gomory fractional cuts applied:  1
User cuts applied:  607

Root node processing (before b&c):
  Real time             =    0.25 sec. (447.93 ticks)
Sequential b&c:
  Real time             =    0.49 sec. (491.21 ticks)
                          ------------
Total (root+branch&cut) =    0.73 sec. (939.14 ticks)

