Version identifier: 22.1.0.0 | 2022-03-09 | 1a383f8ce
CPXPARAM_Preprocessing_Reduce                    1
CPXPARAM_Threads                                 1
CPXPARAM_Preprocessing_Reformulations            0
CPXPARAM_TimeLimit                               10800
CPXPARAM_MIP_Tolerances_AbsMIPGap                0.999
CPXPARAM_MIP_Limits_TreeMemory                   20000
Legacy callback                                  BbLUID
         Disabling repeat represolve because of lazy constraint/incumbent callback.
1 of 1 MIP starts provided solutions.
MIP start 'm1' defined initial solution with objective 444.0000.
Tried aggregator 1 time.
MIP Presolve eliminated 9393 rows and 0 columns.
MIP Presolve modified 613 coefficients.
Reduced MIP has 775 rows, 3369 columns, and 16127 nonzeros.
Reduced MIP has 3369 binaries, 0 generals, 0 SOSs, and 0 indicators.
Presolve time = 0.01 sec. (17.28 ticks)
Probing time = 0.00 sec. (2.97 ticks)
Clique table members: 775.
MIP emphasis: balance optimality and feasibility.
MIP search method: traditional branch-and-cut.
Parallel mode: none, using 1 thread.
Root relaxation solution time = 0.00 sec. (3.98 ticks)

        Nodes                                         Cuts/
   Node  Left     Objective  IInf  Best Integer    Best Bound    ItCnt     Gap         Variable B NodeID Parent  Depth

*     0+    0                          444.0000        0.0000           100.00%
      0     0      360.0000    10      444.0000      360.0000      128   18.92%
      0     0      382.5000    23      444.0000     User: 105      191   13.85%
      0     0      401.5000    48      444.0000      Cuts: 26      224    9.57%
      0     0      401.8750   112      444.0000      Cuts: 45      243    9.49%
      0     0      404.5000    34      444.0000      Cuts: 33      264    8.90%
      0     0      409.0000    36      444.0000      Cuts: 13      304    7.88%
      0     0      415.1250   155      444.0000      Cuts: 38      339    6.50%
      0     0      416.7500    67      444.0000      Cuts: 26      355    6.14%
      0     0      418.0000    48      444.0000       Cuts: 4      366    5.86%
      0     0      418.1667    34      444.0000       Cuts: 9      381    5.82%
      0     0      419.5000    94      444.0000      Cuts: 11      412    5.52%
      0     0      419.6500    87      444.0000      User: 13      417    5.48%
      0     0      421.7500    81      444.0000      Cuts: 11      433    5.01%
      0     0      421.8750    93      444.0000       Cuts: 4      440    4.98%
      0     0      422.5750   112      444.0000      Cuts: 14      453    4.83%
      0     0      423.8333    76      444.0000       Cuts: 8      475    4.54%
      0     0      424.6250   130      444.0000      Cuts: 16      490    4.36%
      0     0      425.3333    67      444.0000       Cuts: 5      505    4.20%
      0     0      426.7333   126      444.0000      Cuts: 11      514    3.89%
      0     0      426.7333   123      444.0000       Cuts: 3      524    3.89%
      0     0      427.7500   123      444.0000      User: 10      538    3.66%
      0     0      427.8333   116      444.0000      Cuts: 12      552    3.64%
      0     0      428.5000   120      444.0000       User: 4      578    3.49%
      0     0      428.6667   137      444.0000      User: 10      608    3.45%
      0     0      428.8542   168      444.0000       User: 2      618    3.41%
      0     0      428.9167   121      444.0000      User: 15      621    3.40%
      0     0      430.1667   109      444.0000       User: 5      640    3.12%
      0     0      430.1667   113      444.0000      User: 12      643    3.12%
      0     0      430.1667   120      444.0000       User: 2      650    3.12%
      0     0      430.2500    96      444.0000       User: 2      659    3.10%
      0     0      431.2500    98      444.0000       User: 5      672    2.87%
      0     0      431.7500    68      444.0000       User: 3      681    2.76%
      0     0      431.7500   121      444.0000       User: 1      687    2.76%
      0     0      431.7500    94      444.0000       User: 2      687    2.76%
      0     2      431.7500    94      444.0000      432.1250      687    2.67%                        0             0
Elapsed time = 0.43 sec. (887.08 ticks, tree = 0.01 MB, solutions = 1)
     11    12      439.0000    26      444.0000      434.3750     1141    2.17%          x16_52 D     11     10      8
     28    20      434.7500   106      444.0000      434.7500     1412    2.08%           x2_25 N     28      0      1
     42    25      438.1774    85      444.0000      435.2500     2144    1.97%          x52_76 N     42     41      4
*    58    16      integral     0      440.0000      435.2500     2704    1.08%
     71    13      438.5231    75      440.0000      437.2500     3141    0.62%          x74_76 N     71     70      5
*    88     2      integral     0      439.0000      437.9000     3441    0.25%           x68_9 D     88     82      7

Clique cuts applied:  2
Cover cuts applied:  1
Zero-half cuts applied:  11
Gomory fractional cuts applied:  3
User cuts applied:  826

Root node processing (before b&c):
  Real time             =    0.43 sec. (887.15 ticks)
Sequential b&c:
  Real time             =    0.75 sec. (1064.34 ticks)
                          ------------
Total (root+branch&cut) =    1.18 sec. (1951.50 ticks)

