Version identifier: 22.1.0.0 | 2022-03-09 | 1a383f8ce
CPXPARAM_Preprocessing_Reduce                    1
CPXPARAM_Threads                                 1
CPXPARAM_Preprocessing_Reformulations            0
CPXPARAM_TimeLimit                               10800
CPXPARAM_MIP_Tolerances_AbsMIPGap                0.999
CPXPARAM_MIP_Limits_TreeMemory                   20000
Legacy callback                                  BbLUID
         Disabling repeat represolve because of lazy constraint/incumbent callback.
1 of 1 MIP starts provided solutions.
MIP start 'm1' defined initial solution with objective 489.0000.
Tried aggregator 1 time.
MIP Presolve eliminated 9751 rows and 0 columns.
MIP Presolve modified 639 coefficients.
Reduced MIP has 802 rows, 3610 columns, and 16798 nonzeros.
Reduced MIP has 3610 binaries, 0 generals, 0 SOSs, and 0 indicators.
Presolve time = 0.01 sec. (17.69 ticks)
Probing time = 0.00 sec. (3.06 ticks)
Clique table members: 802.
MIP emphasis: balance optimality and feasibility.
MIP search method: traditional branch-and-cut.
Parallel mode: none, using 1 thread.
Root relaxation solution time = 0.00 sec. (3.80 ticks)

        Nodes                                         Cuts/
   Node  Left     Objective  IInf  Best Integer    Best Bound    ItCnt     Gap         Variable B NodeID Parent  Depth

*     0+    0                          489.0000        0.0000           100.00%
      0     0      420.5000    22      489.0000      376.0000      181   23.11%
      0     0      468.5000   111      489.0000      Cuts: 16      239    4.19%
      0     0      473.0000    46      489.0000      Cuts: 23      256    3.27%
      0     0      473.0000     8      489.0000       Cuts: 8      263    3.27%
      0     0      474.3750    69      489.0000      Cuts: 14      281    2.99%
      0     0      474.5000   169      489.0000      Cuts: 16      288    2.97%
      0     0      474.5000    44      489.0000      Cuts: 26      305    2.97%
      0     0      474.7500    82      489.0000       Cuts: 6      315    2.91%
      0     0      474.8000    82      489.0000       Cuts: 6      320    2.90%
      0     0      475.0000    71      489.0000   ZeroHalf: 7      329    2.86%
      0     0      475.0000    75      489.0000   ZeroHalf: 6      334    2.86%
      0     0      475.2500    25      489.0000   ZeroHalf: 3      353    2.81%
      0     0      475.7500    66      489.0000  ZeroHalf: 11      368    2.71%
      0     0      475.7500    73      489.0000       Cuts: 6      372    2.71%
      0     0      476.0000    54      489.0000       User: 2      374    2.66%
      0     2      476.0000    54      489.0000      476.0000      374    2.66%                        0             0
Elapsed time = 0.25 sec. (404.79 ticks, tree = 0.01 MB, solutions = 1)
*    27     3      integral     0      479.0000      477.0000      692    0.42%

Zero-half cuts applied:  22
Gomory fractional cuts applied:  7
User cuts applied:  426

Root node processing (before b&c):
  Real time             =    0.25 sec. (404.81 ticks)
Sequential b&c:
  Real time             =    0.20 sec. (227.68 ticks)
                          ------------
Total (root+branch&cut) =    0.46 sec. (632.49 ticks)

