Version identifier: 22.1.0.0 | 2022-03-09 | 1a383f8ce
CPXPARAM_Preprocessing_Reduce                    1
CPXPARAM_Threads                                 1
CPXPARAM_Preprocessing_Reformulations            0
CPXPARAM_TimeLimit                               10800
CPXPARAM_MIP_Tolerances_AbsMIPGap                0.999
CPXPARAM_MIP_Limits_TreeMemory                   20000
Legacy callback                                  BbLUID
         Disabling repeat represolve because of lazy constraint/incumbent callback.
1 of 1 MIP starts provided solutions.
MIP start 'm1' defined initial solution with objective 510.0000.
Tried aggregator 1 time.
MIP Presolve eliminated 8916 rows and 0 columns.
MIP Presolve modified 564 coefficients.
Reduced MIP has 727 rows, 3247 columns, and 15013 nonzeros.
Reduced MIP has 3247 binaries, 0 generals, 0 SOSs, and 0 indicators.
Presolve time = 0.01 sec. (15.66 ticks)
Probing time = 0.00 sec. (2.94 ticks)
Clique table members: 727.
MIP emphasis: balance optimality and feasibility.
MIP search method: traditional branch-and-cut.
Parallel mode: none, using 1 thread.
Root relaxation solution time = 0.00 sec. (3.08 ticks)

        Nodes                                         Cuts/
   Node  Left     Objective  IInf  Best Integer    Best Bound    ItCnt     Gap         Variable B NodeID Parent  Depth

*     0+    0                          510.0000        0.0000           100.00%
      0     0      366.0000    20      510.0000      366.0000      130   28.24%
      0     0      440.0000    54      510.0000      Cuts: 76      195   13.73%
      0     0      448.2500    71      510.0000      Cuts: 49      234   12.11%
      0     0      454.9167    95      510.0000      Cuts: 39      285   10.80%
      0     0      461.1667   109      510.0000      Cuts: 23      322    9.58%
      0     0      465.3333    86      510.0000      Cuts: 22      349    8.76%
      0     0      467.6111   154      510.0000      Cuts: 28      390    8.31%
      0     0      467.7500   110      510.0000       Cuts: 9      399    8.28%
      0     0      468.4375   171      510.0000      Cuts: 15      421    8.15%
      0     0      468.7647   159      510.0000      Cuts: 16      434    8.09%
      0     0      470.4000   133      510.0000      Cuts: 21      478    7.76%
      0     0      470.9375   157      510.0000       Cuts: 8      510    7.66%
      0     0      474.5000   132      510.0000      User: 12      543    6.96%
      0     0      477.3810   167      510.0000      Cuts: 21      600    6.40%
      0     0      481.5000    64      510.0000      Cuts: 18      672    5.59%
      0     0      482.2353   165      510.0000      Cuts: 25      707    5.44%
      0     0      483.1781   178      510.0000       Cuts: 8      743    5.26%
      0     0      483.9167   162      510.0000      Cuts: 16      757    5.11%
      0     0      484.1667   136      510.0000       Cuts: 6      775    5.07%
      0     0      484.2500   135      510.0000       Cuts: 5      789    5.05%
      0     0      487.2387   181      510.0000       User: 5      871    4.46%
      0     0      487.9966   180      510.0000       Cuts: 8      912    4.31%
      0     0      488.7500   177      510.0000      Cuts: 10      953    4.17%
      0     0      489.1429   189      510.0000       Cuts: 6      980    4.09%
      0     0      489.7324   185      510.0000       Cuts: 4     1013    3.97%
      0     0      489.8296   194      510.0000       Cuts: 9     1037    3.95%
      0     0      489.8333   187      510.0000       User: 5     1044    3.95%
      0     0      490.0000   170      510.0000       User: 7     1059    3.92%
      0     0      490.0000   183      510.0000       User: 4     1060    3.92%
      0     2      490.0000   183      510.0000      490.0000     1060    3.92%                        0             0
Elapsed time = 0.53 sec. (1061.77 ticks, tree = 0.01 MB, solutions = 1)
      2     4      493.8235   174      510.0000      492.1750     1512    3.50%          x77_29 N      2      1      2
      5     7      497.0500   157      510.0000      492.1750     1785    3.50%          x30_27 U      5      4      4
     13    14      506.2500   182      510.0000      492.1750     2473    3.50%          x25_54 N     13     11     10
     23    18      504.0227   179      510.0000      493.8235     3243    3.17%          x69_25 U     23     21      5
     40    24      495.2283   174      510.0000      494.6250     4345    3.01%          x25_69 N     40      3      3
     53    37      503.2528   208      510.0000      494.6250     5190    3.01%          x28_46 D     53     52     16
     78    56      508.0000   148      510.0000      495.2593     6522    2.89%          x27_25 U     78     77     17
     96    67        cutoff            510.0000      496.0909     7623    2.73%          x77_63 U     96     94     15
    121    81        cutoff            510.0000      497.1500     9083    2.52%          x69_27 U    121    119     16
    226   118        cutoff            510.0000      500.1667    15831    1.93%           x14_4 N    226     44      8
Elapsed time = 3.65 sec. (4475.08 ticks, tree = 0.28 MB, solutions = 1)
    325   154      508.3900   167      510.0000      501.6000    22977    1.65%          x67_23 U    325    324     20
    458   185        cutoff            510.0000      503.1667    30795    1.34%          x63_56 U    458    457     17
    610   166        cutoff            510.0000      505.1525    38321    0.95%          x77_34 U    610    101     20
*   747    86      integral     0      509.0000      506.7222    43907    0.45%
    793    60        cutoff            509.0000      507.1852    44608    0.36%          x67_23 D    793    719     15

Clique cuts applied:  2
Zero-half cuts applied:  23
User cuts applied:  1033

Root node processing (before b&c):
  Real time             =    0.53 sec. (1061.75 ticks)
Sequential b&c:
  Real time             =    7.15 sec. (7444.67 ticks)
                          ------------
Total (root+branch&cut) =    7.69 sec. (8506.42 ticks)

