Version identifier: 22.1.0.0 | 2022-03-09 | 1a383f8ce
CPXPARAM_Preprocessing_Reduce                    1
CPXPARAM_Threads                                 1
CPXPARAM_Preprocessing_Reformulations            0
CPXPARAM_TimeLimit                               10800
CPXPARAM_MIP_Tolerances_AbsMIPGap                0.999
CPXPARAM_MIP_Limits_TreeMemory                   20000
Legacy callback                                  BbLUID
         Disabling repeat represolve because of lazy constraint/incumbent callback.
1 of 1 MIP starts provided solutions.
MIP start 'm1' defined initial solution with objective 532.0000.
Tried aggregator 2 times.
MIP Presolve eliminated 4722 rows and 0 columns.
MIP Presolve modified 502 coefficients.
Aggregator did 2 substitutions.
Reduced MIP has 662 rows, 2150 columns, and 9286 nonzeros.
Reduced MIP has 2150 binaries, 0 generals, 0 SOSs, and 0 indicators.
Presolve time = 0.01 sec. (9.20 ticks)
Probing time = 0.00 sec. (2.59 ticks)
Clique table members: 673.
MIP emphasis: balance optimality and feasibility.
MIP search method: traditional branch-and-cut.
Parallel mode: none, using 1 thread.
Root relaxation solution time = 0.00 sec. (2.09 ticks)

        Nodes                                         Cuts/
   Node  Left     Objective  IInf  Best Integer    Best Bound    ItCnt     Gap         Variable B NodeID Parent  Depth

*     0+    0                          532.0000       29.0000            94.55%
      0     0      445.5000    12      532.0000      404.0000      161   24.06%
      0     0      460.0000    48      532.0000      Cuts: 72      219   13.53%
      0     2      507.5000    68      532.0000      507.5000      219    4.61%                        0             0
Elapsed time = 0.07 sec. (106.20 ticks, tree = 0.01 MB, solutions = 1)

Cover cuts applied:  1
Zero-half cuts applied:  3
Gomory fractional cuts applied:  1
User cuts applied:  424

Root node processing (before b&c):
  Real time             =    0.07 sec. (105.69 ticks)
Sequential b&c:
  Real time             =    0.01 sec. (14.51 ticks)
                          ------------
Total (root+branch&cut) =    0.08 sec. (120.20 ticks)

