Version identifier: 22.1.0.0 | 2022-03-09 | 1a383f8ce
CPXPARAM_Preprocessing_Reduce                    1
CPXPARAM_Threads                                 1
CPXPARAM_Preprocessing_Reformulations            0
CPXPARAM_TimeLimit                               10800
CPXPARAM_MIP_Tolerances_AbsMIPGap                0.999
CPXPARAM_MIP_Limits_TreeMemory                   20000
Legacy callback                                  BbLUID
         Disabling repeat represolve because of lazy constraint/incumbent callback.
1 of 1 MIP starts provided solutions.
MIP start 'm1' defined initial solution with objective 560.0000.
Tried aggregator 1 time.
MIP Presolve eliminated 11829 rows and 0 columns.
MIP Presolve modified 757 coefficients.
Reduced MIP has 919 rows, 3614 columns, and 18803 nonzeros.
Reduced MIP has 3614 binaries, 0 generals, 0 SOSs, and 0 indicators.
Presolve time = 0.01 sec. (21.91 ticks)
Probing time = 0.00 sec. (3.06 ticks)
Clique table members: 919.
MIP emphasis: balance optimality and feasibility.
MIP search method: traditional branch-and-cut.
Parallel mode: none, using 1 thread.
Root relaxation solution time = 0.00 sec. (3.06 ticks)

        Nodes                                         Cuts/
   Node  Left     Objective  IInf  Best Integer    Best Bound    ItCnt     Gap         Variable B NodeID Parent  Depth

*     0+    0                          560.0000        0.0000           100.00%
      0     0      498.2500   106      560.0000      436.0000      153   22.14%
      0     0      512.8125   137      560.0000      Cuts: 40      228    8.43%
      0     0      512.8125   150      560.0000      Cuts: 11      235    8.43%
      0     0      514.0000    38      560.0000      User: 14      246    8.21%
      0     0      516.8750   172      560.0000      Cuts: 41      300    7.70%
      0     0      517.3000   181      560.0000      Cuts: 23      326    7.62%
      0     0      518.3214   177      560.0000      Cuts: 15      370    7.44%
      0     0      518.3333   128      560.0000      Cuts: 20      376    7.44%
      0     0      519.0833   171      560.0000      Cuts: 10      402    7.31%
      0     0      519.0833   139      560.0000       Cuts: 9      405    7.31%
      0     0      519.4167   178      560.0000       Cuts: 7      417    7.25%
      0     0      519.5556   141      560.0000      User: 16      422    7.22%
      0     0      520.0000   113      560.0000       Cuts: 7      433    7.14%
      0     0      520.3000   166      560.0000       User: 1      445    7.09%
      0     0      521.0000   105      560.0000       User: 5      452    6.96%
      0     0      521.2917   166      560.0000       Cuts: 2      471    6.91%
      0     0      521.2917   168      560.0000       User: 8      473    6.91%
      0     0      521.6250   164      560.0000       User: 4      502    6.85%
      0     0      523.2917   176      560.0000       User: 3      561    6.56%
      0     0      524.4167   193      560.0000       User: 5      607    6.35%
      0     0      524.4167   194      560.0000      User: 16      608    6.35%
      0     0      525.1714   169      560.0000       User: 7      658    6.22%
      0     0      526.5000   151      560.0000      User: 11      711    5.98%
      0     0      526.5000   148      560.0000       User: 3      712    5.98%
      0     0      526.6667   164      560.0000       User: 7      725    5.95%
      0     0      527.8571   165      560.0000       User: 4      763    5.74%
      0     0      529.5985   182      560.0000      User: 13      810    5.43%
      0     0      529.7625   179      560.0000       User: 3      832    5.40%
      0     0      529.7791   177      560.0000       User: 5      841    5.40%
      0     0      529.9706   169      560.0000       User: 7      861    5.36%
      0     0      529.9706   166      560.0000       User: 6      863    5.36%
      0     0      530.0000   156      560.0000       User: 3      865    5.36%
      0     0      530.0000   150      560.0000       User: 7      868    5.36%
      0     2      530.0000   147      560.0000      530.2000      868    5.32%                        0             0
Elapsed time = 0.60 sec. (1232.26 ticks, tree = 0.01 MB, solutions = 1)
      1     3      531.5000   188      560.0000      531.5000      950    5.09%          x59_45 D      1      0      1
      3     5      532.7500   186      560.0000      531.9091     1061    5.02%          x22_47 N      3      2      3
      9    11      544.6944   142      560.0000      532.7500     1630    4.87%           x48_7 N      9      7      7
     18    20      541.8485   163      560.0000      532.7500     2178    4.87%          x12_28 D     18     16     14
     31    30      556.2500    52      560.0000      532.7500     2981    4.87%           x52_7 N     31     29     23
     42    34      536.2368   207      560.0000      533.0000     3523    4.82%          x39_68 N     42     40      5
     52    44      545.2500   100      560.0000      533.0000     3955    4.82%          x56_15 N     52     51     12
     68    55      538.5000   126      560.0000      534.2500     4763    4.60%           x49_2 U     68     67      7
     90    77      548.5952   160      560.0000      534.2500     5390    4.60%          x10_45 D     90     89     29
    186   157      556.8889   120      560.0000      534.3333     7189    4.58%           x1_61 D    186    185     65
Elapsed time = 3.25 sec. (4739.33 ticks, tree = 0.32 MB, solutions = 1)
    244   189      540.0000   134      560.0000      535.3333     9442    4.40%          x70_30 U    244    243     11
    322   249      542.1667   156      560.0000      535.5000    10890    4.37%          x60_59 N    322    321      9
    399   319      553.1786   105      560.0000      535.7000    12938    4.34%          x78_20 D    399    398     70
    498   406      553.0000    58      560.0000      536.2368    15780    4.24%          x16_63 D    498    497     72
    609   504      558.6471    94      560.0000      536.6250    18531    4.17%           x41_3 N    609    608     58
    682   566      556.7857   194      560.0000      537.3000    21992    4.05%          x60_59 N    682    679     11
    772   642      557.5781   118      560.0000      537.4444    24240    4.03%           x13_4 D    772    771     56
*   791   370      integral     0      551.0000      537.7000    24806    2.41%
    863   406      550.0000    81      551.0000      538.5817    27825    2.25%          x26_74 U    863    861     16
    946   460      549.1786   206      551.0000      539.0000    32109    2.18%          x51_68 N    946    557      7
   1040   518      544.0000   157      551.0000      539.4435    35554    2.10%          x71_55 D   1040   1039     21
Elapsed time = 12.24 sec. (14402.79 ticks, tree = 5.81 MB, solutions = 2)
   1199   653      548.0833   150      551.0000      540.0000    39109    2.00%          x50_69 U   1199     13     11
   1298   706        cutoff            551.0000      540.2000    42963    1.96%          x60_59 U   1298   1297     16
   1392   766      548.1250   190      551.0000      540.9432    46656    1.83%           x52_7 U   1392   1391     10
   1522   868      544.5926   163      551.0000      541.1000    49361    1.80%          x71_20 D   1522   1521     20
   1651   952      543.9286   127      551.0000      541.5000    53128    1.72%          x67_78 U   1651    340     12
   1767  1010      549.8095   145      551.0000      541.9286    57101    1.65%          x71_20 D   1767   1766     14
   1874  1069        cutoff            551.0000      542.0000    61116    1.63%          x79_37 U   1874   1872     18
   1978  1122      547.5940   163      551.0000      542.5000    65197    1.54%          x36_59 D   1978   1977     17
   2090  1188      548.2500    95      551.0000      542.6310    69030    1.52%           x36_3 D   2090   2089     17
   2212  1260      545.1000   123      551.0000      542.9000    72825    1.47%          x12_28 U   2212     72     12
Elapsed time = 22.44 sec. (24025.19 ticks, tree = 16.84 MB, solutions = 2)
   2325  1313      545.7222   120      551.0000      543.0000    76551    1.45%           x36_3 D   2325   2324     14
   2429  1363      546.5000    94      551.0000      543.1944    80392    1.42%          x59_37 D   2429   2427     13
   2522  1401        cutoff            551.0000      543.5000    84008    1.36%          x12_28 U   2522   2520     38
   2634  1451      548.8958   132      551.0000      543.6613    87916    1.33%           x55_3 D   2634   2633     18
   2743  1503        cutoff            551.0000      543.7500    91796    1.32%          x20_65 D   2743   2742     45
   2858  1554      547.4783   140      551.0000      543.8889    95650    1.29%          x71_28 D   2858   2857     21
   2972  1596        cutoff            551.0000      544.0000    99469    1.27%          x22_23 U   2972   2970     17
   3091  1641      549.9000   146      551.0000      544.1250   103142    1.25%            x7_6 D   3091   3090     19
   3202  1685        cutoff            551.0000      544.3333   107162    1.21%          x71_55 U   3202   1925     20
   3332  1750      546.2500   115      551.0000      544.4250   111752    1.19%          x22_23 D   3332   3331     21
Elapsed time = 31.39 sec. (33593.55 ticks, tree = 24.45 MB, solutions = 2)
   3440  1777        cutoff            551.0000      544.5000   115701    1.18%           x71_9 U   3440   2573     16
   3556  1825        cutoff            551.0000      544.6250   119259    1.16%          x71_55 U   3556    249     17
   3656  1838      547.7778   128      551.0000      544.7500   123011    1.13%          x79_37 N   3656   1249     16
   3768  1878      549.4545   130      551.0000      544.9000   126572    1.11%           x9_55 N   3768   3767     41
   3883  1936      549.1875    83      551.0000      545.0000   129807    1.09%          x70_30 N   3883   3882     34
   4001  1972        cutoff            551.0000      545.0588   133054    1.08%          x71_20 U   4001   2833     18
   4114  2013      547.3200   164      551.0000      545.3077   136820    1.03%          x60_37 D   4114   1365     25
   4240  2052        cutoff            551.0000      545.4167   140110    1.01%          x15_61 U   4240    675      7
   4345  2083      548.7500    77      551.0000      545.5000   143993    1.00%          x67_51 D   4345   4344     27
   4443  2084        cutoff            551.0000      545.6667   147767    0.97%           x7_52 U   4443   4441     23
Elapsed time = 40.17 sec. (43216.39 ticks, tree = 29.74 MB, solutions = 2)
   4551  2115      548.0000   116      551.0000      545.7500   151443    0.95%           x12_9 U   4551     78     18
   4649  2108      548.6250   139      551.0000      545.9286   154984    0.92%          x36_59 D   4649   4648     29
   4751  2130      547.0000    81      551.0000      546.0000   158521    0.91%          x50_69 U   4751   1746     22
   4850  2138        cutoff            551.0000      546.0000   161742    0.91%          x71_20 U   4850   1975     15
   4951  2127        cutoff            551.0000      546.1667   165345    0.88%           x55_3 U   4951   4002     19
   5061  2139        cutoff            551.0000      546.2500   168815    0.86%           x66_7 U   5061   2359     13
   5151  2122        cutoff            551.0000      546.3667   172442    0.84%          x71_28 U   5151   1817     24
   5249  2134        cutoff            551.0000      546.5000   175699    0.82%          x12_28 D   5249   5248     26
   5356  2126      546.5000    99      551.0000      546.5000   179333    0.82%          x73_56 U   5356   1943     18
   5444  2117      549.5250   152      551.0000      546.6296   182809    0.79%           x7_52 D   5444   5443     20
Elapsed time = 47.61 sec. (52820.03 ticks, tree = 29.77 MB, solutions = 2)
   5554  2123        cutoff            551.0000      546.7143   186662    0.78%          x59_37 U   5554   5553     12
   5654  2125        cutoff            551.0000      546.7778   189873    0.77%          x22_23 D   5654   5653     19
   5743  2095        cutoff            551.0000      546.8889   193343    0.75%          x63_30 U   5743   2133     36
   5838  2059        cutoff            551.0000      547.0000   196840    0.73%           x23_7 U   5838   3275     47
   5933  2056      548.5000    82      551.0000      547.0000   200177    0.73%          x16_63 D   5933   3700     23
   6033  2061        cutoff            551.0000      547.0000   203168    0.73%           x5_20 U   6033   2043     14
   6130  2051      547.2353   131      551.0000      547.1250   206500    0.70%          x36_59 D   6130   3891     20
   6209  2016      548.1803   151      551.0000      547.2143   210148    0.69%          x67_78 D   6209   4306     21
   6297  1984      549.2500   137      551.0000      547.2889   213627    0.67%          x16_63 U   6297    730     15
   6398  1954        cutoff            551.0000      547.4000   216997    0.65%          x45_73 D   6398   6396     24
Elapsed time = 54.41 sec. (62423.35 ticks, tree = 27.52 MB, solutions = 2)
   6481  1910        cutoff            551.0000      547.5000   219914    0.64%           x65_6 U   6481   6479     25
   6570  1887        cutoff            551.0000      547.5147   222884    0.63%          x71_20 U   6570   6038     16
   6655  1839      548.7083   135      551.0000      547.6667   226337    0.60%          x54_17 D   6655   5637     29
   6756  1805      549.0833   104      551.0000      547.7500   229544    0.59%          x76_28 U   6756    150     30
   6852  1755        cutoff            551.0000      547.8333   232514    0.57%          x69_71 U   6852   3597     33
   6948  1699        cutoff            551.0000      547.9859   235304    0.55%          x24_71 U   6948   5820     35
   7039  1654        cutoff            551.0000      548.0000   238441    0.54%          x78_51 D   7039   7038     39
   7135  1596        cutoff            551.0000      548.0000   241536    0.54%          x71_28 U   7135   3760     34
   7231  1522        cutoff            551.0000      548.1667   244204    0.51%          x67_51 U   7231   4344     27
   7325  1445        cutoff            551.0000      548.2500   247385    0.50%          x50_69 U   7325   3106     27
Elapsed time = 60.13 sec. (72004.23 ticks, tree = 20.54 MB, solutions = 2)
   7427  1361        cutoff            551.0000      548.4000   250117    0.47%          x67_78 U   7427   2335     25
   7528  1284        cutoff            551.0000      548.5000   252593    0.45%           x7_52 U   7528   7526     47
   7634  1229        cutoff            551.0000      548.5200   255691    0.45%           x5_20 U   7634   4054     19
   7747  1128        cutoff            551.0000      548.6667   258132    0.42%          x71_17 U   7747   5261     32
   7856  1030        cutoff            551.0000      548.7692   260499    0.40%           x5_61 U   7856    156     36
   7973   931        cutoff            551.0000      548.9000   262712    0.38%          x74_20 U   7973   3066     24
   8088   845        cutoff            551.0000      549.0000   265075    0.36%          x79_28 U   8088   5204     47
   8193   749        cutoff            551.0000      549.0000   267634    0.36%          x26_74 D   8193   1698     19
   8307   646        cutoff            551.0000      549.1360   269739    0.34%          x24_69 U   8307   3107     28
   8433   523        cutoff            551.0000      549.2500   271361    0.32%          x37_78 U   8433   2740     43
Elapsed time = 64.40 sec. (81585.20 ticks, tree = 7.53 MB, solutions = 2)
   8568   390        cutoff            551.0000      549.4783   272975    0.28%          x56_80 D   8568   2913     23
   8706   258        cutoff            551.0000      549.5750   274502    0.26%          x59_20 U   8706   3733     18
   8850   117        cutoff            551.0000      549.8333   275370    0.21%          x73_51 U   8850   3517     32

Clique cuts applied:  2
Zero-half cuts applied:  16
Gomory fractional cuts applied:  1
User cuts applied:  2187

Root node processing (before b&c):
  Real time             =    0.60 sec. (1231.34 ticks)
Sequential b&c:
  Real time             =   64.87 sec. (84059.38 ticks)
                          ------------
Total (root+branch&cut) =   65.48 sec. (85290.72 ticks)

