Version identifier: 22.1.0.0 | 2022-03-09 | 1a383f8ce
CPXPARAM_Preprocessing_Reduce                    1
CPXPARAM_Threads                                 1
CPXPARAM_Preprocessing_Reformulations            0
CPXPARAM_TimeLimit                               10800
CPXPARAM_MIP_Tolerances_AbsMIPGap                0.999
CPXPARAM_MIP_Limits_TreeMemory                   20000
Legacy callback                                  BbLUID
         Disabling repeat represolve because of lazy constraint/incumbent callback.
1 of 1 MIP starts provided solutions.
MIP start 'm1' defined initial solution with objective 441.0000.
Tried aggregator 1 time.
MIP Presolve eliminated 16962 rows and 0 columns.
MIP Presolve modified 849 coefficients.
Reduced MIP has 1011 rows, 4292 columns, and 24159 nonzeros.
Reduced MIP has 4292 binaries, 0 generals, 0 SOSs, and 0 indicators.
Presolve time = 0.02 sec. (31.03 ticks)
Probing time = 0.00 sec. (3.20 ticks)
Clique table members: 1011.
MIP emphasis: balance optimality and feasibility.
MIP search method: traditional branch-and-cut.
Parallel mode: none, using 1 thread.
Root relaxation solution time = 0.00 sec. (3.55 ticks)

        Nodes                                         Cuts/
   Node  Left     Objective  IInf  Best Integer    Best Bound    ItCnt     Gap         Variable B NodeID Parent  Depth

*     0+    0                          441.0000        0.0000           100.00%
      0     0      374.0000    20      441.0000      325.0000      143   26.30%
      0     0      392.0000    26      441.0000     User: 103      225   11.11%
      0     0      397.0000    48      441.0000      Cuts: 46      272    9.98%
      0     0      399.0000    50      441.0000      Cuts: 38      302    9.52%
      0     0      400.5000    50      441.0000      Cuts: 21      333    9.18%
      0     0      401.8333    83      441.0000      Cuts: 18      367    8.88%
      0     0      410.0000    40      441.0000       Cuts: 8      410    7.03%
      0     0      414.5000   119      441.0000      Cuts: 31      465    6.01%
      0     0      416.8684   147      441.0000      Cuts: 18      499    5.47%
      0     0      417.7143   150      441.0000      Cuts: 13      525    5.28%
      0     0      418.5000   133      441.0000       User: 3      544    5.10%
      0     0      419.0000   152      441.0000      Cuts: 11      567    4.99%
      0     0      419.0625   146      441.0000       User: 5      575    4.97%
      0     0      419.2218   157      441.0000       Cuts: 8      592    4.94%
      0     0      419.5435   158      441.0000       Cuts: 7      605    4.87%
      0     0      421.0000   146      441.0000       User: 3      639    4.54%
      0     0      421.3824   199      441.0000       Cuts: 9      652    4.45%
      0     0      423.4545   208      441.0000       User: 2      695    3.98%
      0     0      423.5056   211      441.0000       Cuts: 4      706    3.97%
      0     0      424.0229   177      441.0000       Cuts: 8      736    3.85%
      0     0      424.5061   196      441.0000       Cuts: 8      771    3.74%
      0     0      424.6709   214      441.0000   ZeroHalf: 4      794    3.70%
      0     0      424.8571   195      441.0000       Cuts: 3      822    3.66%
      0     0      425.2401   192      441.0000      Cuts: 18      873    3.57%
      0     0      425.2619   176      441.0000   ZeroHalf: 2      884    3.57%
      0     0      425.2971   184      441.0000       User: 1      892    3.56%
      0     2      425.2971   184      441.0000      425.3021      892    3.56%                        0             0
Elapsed time = 0.55 sec. (1060.48 ticks, tree = 0.01 MB, solutions = 1)
      1     3      425.6777   194      441.0000      425.7003      967    3.47%          x27_61 N      1      0      1
      3     3      439.7653   179      441.0000      426.7667     1430    3.23%          x65_35 N      3      1      2
      6     6      432.5667   206      441.0000      426.8889     1827    3.20%          x43_50 N      6      4      4
     12    12      431.2863   207      441.0000      426.8889     2502    3.20%          x15_43 U     12      9      7
     20    17      429.5000   200      441.0000      427.5000     3431    3.06%          x27_61 N     20      0      1
     38    24      430.5926   150      441.0000      429.2140     4412    2.67%          x63_56 U     38      2      3
     60    38      430.7266   168      441.0000      429.2200     5337    2.67%           x9_48 D     60     59     11
     81    57      437.3333    68      441.0000      429.2200     6471    2.67%          x24_61 N     81     80     32
    102    71      433.9342   155      441.0000      429.5664     7522    2.59%          x40_71 D    102    101     16
    193   133      436.7455   146      441.0000      430.4186    11989    2.40%           x2_58 N    193    192     14
Elapsed time = 3.70 sec. (4595.50 ticks, tree = 0.43 MB, solutions = 1)
    310   213      433.4773   109      441.0000      431.1369    16263    2.24%          x20_61 N    310     41      7
*   366   223      integral     0      440.0000      431.8889    18289    1.84%
    417   245      436.0682   180      440.0000      432.1866    21002    1.78%          x35_58 D    417    416     13
    530   290      436.8832   133      440.0000      433.1193    26238    1.56%          x70_71 D    530    529     18
    657   327      438.9855   101      440.0000      434.1383    30891    1.33%          x63_58 U    657    144     13
*   674   281      integral     0      439.0000      434.2143    31430    1.09%
    790   272        cutoff            439.0000      435.0758    36235    0.89%          x40_28 N    790    789     16
    914   246        cutoff            439.0000      435.8256    41440    0.72%           x9_34 U    914    150     19
   1075   152        cutoff            439.0000      437.0000    45195    0.46%          x80_35 U   1075    292     17

Zero-half cuts applied:  18
User cuts applied:  1133

Root node processing (before b&c):
  Real time             =    0.55 sec. (1060.52 ticks)
Sequential b&c:
  Real time             =   11.49 sec. (10925.74 ticks)
                          ------------
Total (root+branch&cut) =   12.03 sec. (11986.26 ticks)

