Version identifier: 22.1.0.0 | 2022-03-09 | 1a383f8ce
CPXPARAM_Preprocessing_Reduce                    1
CPXPARAM_Threads                                 1
CPXPARAM_Preprocessing_Reformulations            0
CPXPARAM_TimeLimit                               10800
CPXPARAM_MIP_Tolerances_AbsMIPGap                0.999
CPXPARAM_MIP_Limits_TreeMemory                   20000
Legacy callback                                  BbLUID
         Disabling repeat represolve because of lazy constraint/incumbent callback.
1 of 1 MIP starts provided solutions.
MIP start 'm1' defined initial solution with objective 518.0000.
Tried aggregator 1 time.
MIP Presolve eliminated 6326 rows and 0 columns.
MIP Presolve modified 546 coefficients.
Reduced MIP has 708 rows, 2779 columns, and 12594 nonzeros.
Reduced MIP has 2779 binaries, 0 generals, 0 SOSs, and 0 indicators.
Presolve time = 0.01 sec. (12.16 ticks)
Probing time = 0.00 sec. (2.78 ticks)
Clique table members: 708.
MIP emphasis: balance optimality and feasibility.
MIP search method: traditional branch-and-cut.
Parallel mode: none, using 1 thread.
Root relaxation solution time = 0.00 sec. (2.50 ticks)

        Nodes                                         Cuts/
   Node  Left     Objective  IInf  Best Integer    Best Bound    ItCnt     Gap         Variable B NodeID Parent  Depth

*     0+    0                          518.0000        0.0000           100.00%
      0     0      470.2500    83      518.0000      370.0000       75   28.57%
      0     0      472.0000    76      518.0000      Cuts: 11       93    8.88%
      0     0      474.5000    68      518.0000      Cuts: 12      122    8.40%
      0     0      474.5000    68      518.0000       User: 8      125    8.40%
      0     0      476.0000    78      518.0000      User: 22      147    8.11%
      0     0      478.0000    90      518.0000      Cuts: 20      163    7.72%
      0     0      479.0000    98      518.0000      Cuts: 14      190    7.53%
      0     0      479.5000    70      518.0000      Cuts: 17      202    7.43%
      0     0      481.5000    66      518.0000      Cuts: 16      219    7.05%
      0     0      481.5000    70      518.0000      Cuts: 20      225    7.05%
      0     0      485.0000    14      518.0000       User: 6      261    6.37%
      0     0      487.0000    54      518.0000      User: 35      295    5.98%
      0     0      487.5000    34      518.0000       User: 8      305    5.89%
      0     0      489.5000    38      518.0000       User: 5      324    5.50%
      0     0      490.5000    58      518.0000       User: 5      325    5.31%
      0     0      491.5000    54      518.0000       User: 6      348    5.12%
      0     0      491.5000    70      518.0000       User: 1      350    5.12%
      0     0      492.5000    42      518.0000       User: 1      351    4.92%
      0     0      492.5000    42      518.0000       User: 2      352    4.92%
      0     0      492.5000    42      518.0000       User: 6      356    4.92%
      0     0      492.5000    37      518.0000       User: 3      356    4.92%
      0     2      492.5000    37      518.0000      492.5357      356    4.92%                        0             0
Elapsed time = 0.28 sec. (559.55 ticks, tree = 0.01 MB, solutions = 1)
     12    14      502.0000    55      518.0000      494.1667      589    4.60%          x71_30 N     12     10      9
     30    26      502.5000    32      518.0000      494.5000     1158    4.54%           x14_3 N     30     28      6
     49    45      510.6667    26      518.0000      494.5000     1624    4.54%          x49_14 N     49     47     19
     75    62      504.5000    48      518.0000      495.0000     2008    4.44%          x56_35 D     75     74     12
*    80    39      integral     0      507.0000      495.0000     2095    2.37%
    120    59      497.0000    60      507.0000      495.8000     2520    2.21%          x44_55 N    120      3      4
    170    99      497.0000    47      507.0000      496.0000     3086    2.17%          x76_55 D    170    169      9
    206   129      504.0000    28      507.0000      496.0000     3645    2.17%           x54_8 D    206    205     39
*   236   129      integral     0      506.0000      497.0000     4233    1.78%
    248   141      500.7500    24      506.0000      497.0000     4402    1.78%           x7_49 U    248    247     22
*   289    94      integral     0      502.0000      497.0000     4780    1.00%
    326   117      498.0000    15      502.0000      497.0000     5172    1.00%          x33_71 N    326    325      8
*   400+    1                          498.0000      497.1000             0.18%

Zero-half cuts applied:  5
User cuts applied:  994

Root node processing (before b&c):
  Real time             =    0.28 sec. (559.60 ticks)
Sequential b&c:
  Real time             =    2.36 sec. (2520.51 ticks)
                          ------------
Total (root+branch&cut) =    2.64 sec. (3080.11 ticks)

