Version identifier: 22.1.0.0 | 2022-03-09 | 1a383f8ce
CPXPARAM_Preprocessing_Reduce                    1
CPXPARAM_Threads                                 1
CPXPARAM_Preprocessing_Reformulations            0
CPXPARAM_TimeLimit                               10800
CPXPARAM_MIP_Tolerances_AbsMIPGap                0.999
CPXPARAM_MIP_Limits_TreeMemory                   20000
Legacy callback                                  BbLUID
         Disabling repeat represolve because of lazy constraint/incumbent callback.
1 of 1 MIP starts provided solutions.
MIP start 'm1' defined initial solution with objective 538.0000.
Tried aggregator 1 time.
MIP Presolve eliminated 13861 rows and 0 columns.
MIP Presolve modified 887 coefficients.
Reduced MIP has 1049 rows, 3852 columns, and 22197 nonzeros.
Reduced MIP has 3852 binaries, 0 generals, 0 SOSs, and 0 indicators.
Presolve time = 0.02 sec. (27.40 ticks)
Probing time = 0.00 sec. (3.06 ticks)
Clique table members: 1049.
MIP emphasis: balance optimality and feasibility.
MIP search method: traditional branch-and-cut.
Parallel mode: none, using 1 thread.
Root relaxation solution time = 0.00 sec. (4.89 ticks)

        Nodes                                         Cuts/
   Node  Left     Objective  IInf  Best Integer    Best Bound    ItCnt     Gap         Variable B NodeID Parent  Depth

*     0+    0                          538.0000        0.0000           100.00%
      0     0      404.0000    18      538.0000      404.0000      195   24.91%
      0     0      454.0000    30      538.0000     Cuts: 142      281   15.61%
      0     0      476.4000    57      538.0000      Cuts: 64      367   11.45%
      0     0      484.0000   108      538.0000      Cuts: 26      389   10.04%
      0     0      494.8000    88      538.0000      Cuts: 17      440    8.03%
      0     0      498.5000   108      538.0000      Cuts: 11      482    7.34%
      0     0      500.5000   144      538.0000      Cuts: 14      530    6.97%
      0     0      500.5000   138      538.0000      Cuts: 13      557    6.97%
      0     0      500.5455   129      538.0000      User: 12      570    6.96%
      0     0      501.7500   154      538.0000       Cuts: 9      606    6.74%
      0     0      503.0000   143      538.0000       Cuts: 5      647    6.51%
      0     0      504.0000   117      538.0000       Cuts: 5      699    6.32%
      0     0      504.3333   119      538.0000      Cuts: 11      711    6.26%
      0     0      504.6667   148      538.0000      Cuts: 10      745    6.20%
      0     0      504.6667   149      538.0000       Cuts: 9      747    6.20%
      0     0      505.3333   166      538.0000       User: 6      791    6.07%
      0     0      506.4286   143      538.0000       User: 2      846    5.87%
      0     0      506.7381   176      538.0000       User: 2      882    5.81%
      0     0      506.8523   148      538.0000       User: 4      893    5.79%
      0     0      506.8718   141      538.0000       User: 1      900    5.79%
      0     0      506.8738   158      538.0000       User: 1      905    5.79%
      0     2      506.9524   148      538.0000      507.3333      905    5.70%                        0             0
Elapsed time = 0.51 sec. (1074.80 ticks, tree = 0.01 MB, solutions = 1)
      1     3      512.2598   163      538.0000      508.8852     1354    5.41%          x78_80 N      1      0      1
      4     6      517.3333   160      538.0000      508.8852     1682    5.41%          x20_49 N      4      2      3
      9    11      520.3423   167      538.0000      508.8852     1999    5.41%          x31_43 N      9      8      6
     15    16      531.1562   131      538.0000      508.8852     2481    5.41%          x66_69 N     15     14     10
     29    21      511.0833   118      538.0000      511.0833     3281    5.00%          x78_80 N     29      0      1
     40    32      516.6905   108      538.0000      511.0976     3870    5.00%          x55_56 D     40     39     10
     48    40      523.6250   104      538.0000      511.0976     4700    5.00%          x31_14 N     48     46     15
     59    51      527.1667   106      538.0000      511.0976     5156    5.00%          x16_46 N     59     58     23
     70    60      536.0000    59      538.0000      511.0976     5915    5.00%          x33_36 D     70     69     30
    138   116      523.3125   124      538.0000      513.1429     8274    4.62%          x66_69 N    138    137      6
Elapsed time = 2.82 sec. (4807.75 ticks, tree = 0.35 MB, solutions = 1)
    194   156      518.3424   181      538.0000      513.9360    10436    4.47%          x38_80 N    194      3      3
    233   182      525.2857   120      538.0000      514.0000    13901    4.46%          x78_27 U    233    232      6
    324   265      528.9375    87      538.0000      514.1250    16288    4.44%           x33_9 D    324    323     59
    400   333      533.3333    65      538.0000      514.4583    18440    4.38%          x35_23 D    400    399     52
    460   384      523.0000   100      538.0000      514.7197    20419    4.33%           x55_5 N    460    459     10
    525   442      527.0000    29      538.0000      514.9776    22101    4.28%          x30_23 N    525    524     34
    600   511      534.2500    44      538.0000      515.2833    23892    4.22%          x55_34 D    600    599     42
    668   568      521.7128   109      538.0000      515.7262    25746    4.14%          x55_56 U    668    665     13
    721   621      533.6000    94      538.0000      515.7262    28357    4.14%           x5_61 D    721    720     48
    771   660      528.3750    72      538.0000      515.8750    29811    4.11%          x46_53 U    771    770     42
Elapsed time = 10.16 sec. (14486.84 ticks, tree = 1.75 MB, solutions = 1)
    827   704      531.8333   102      538.0000      516.2500    32400    4.04%          x46_23 D    827    826     24
    882   750      528.2500    55      538.0000      516.3972    34921    4.02%          x33_22 U    882    880     26
    930   787      535.1429    76      538.0000      516.3972    36253    4.02%          x34_23 N    930    929     64
    988   835      527.2500    88      538.0000      516.4902    38412    4.00%          x47_15 D    988    987     21
   1045   888      535.2941   121      538.0000      516.5000    41076    4.00%          x46_53 U   1045   1044     40
   1105   937      524.8333    95      538.0000      516.7778    43118    3.94%           x16_9 D   1105   1103     12
   1154   978      528.8704    91      538.0000      516.8333    45744    3.93%          x47_15 N   1154   1153     32
   1214  1032      527.5000    24      538.0000      517.0000    47866    3.90%          x13_62 D   1214   1213     45
   1271  1081      536.6250    89      538.0000      517.0000    49399    3.90%          x16_31 N   1271   1270     41
   1331  1135        cutoff            538.0000      517.0000    50963    3.90%           x62_4 U   1331   1330     66
Elapsed time = 16.53 sec. (24146.55 ticks, tree = 2.79 MB, solutions = 1)
   1374  1174      529.3687   100      538.0000      517.0000    53098    3.90%           x56_5 D   1374   1372     38
   1420  1216      532.7734   101      538.0000      517.0000    54566    3.90%          x61_55 D   1420   1419     48
   1501  1288      527.0000    34      538.0000      517.0000    56741    3.90%          x39_62 D   1501   1500     22
   1578  1359      533.5000    94      538.0000      517.0000    58790    3.90%          x70_62 D   1578   1577     43
   1625  1396      520.5417   127      538.0000      517.1667    60876    3.87%          x66_69 D   1625    137      6
   1680  1447      523.8390   129      538.0000      517.1875    62511    3.87%          x31_67 D   1680   1679     15
   1740  1501      530.1708   124      538.0000      517.2667    64865    3.85%            x5_2 D   1740   1739     35
   1801  1557      536.0000     8      538.0000      517.2857    66585    3.85%          x47_34 N   1801   1800     48
   1846  1589        cutoff            538.0000      517.4286    68555    3.82%          x16_31 U   1846   1844     33
   1907  1647      535.3500    61      538.0000      517.4483    70181    3.82%           x2_53 U   1907   1906     69
Elapsed time = 23.37 sec. (33970.04 ticks, tree = 3.85 MB, solutions = 1)
   1952  1685      527.2593   107      538.0000      517.5000    72892    3.81%          x22_46 U   1952   1951     26
   2000  1729      532.3333    64      538.0000      517.5000    75361    3.81%          x47_60 D   2000   1999     29
   2053  1777      530.3333    74      538.0000      517.5254    77634    3.81%          x61_34 D   2053   2052     18
   2091  1809        cutoff            538.0000      517.5588    80032    3.80%          x37_42 D   2091   2090     35
   2149  1860      526.0000    44      538.0000      517.6208    81970    3.79%          x15_24 D   2149   2148     28
   2212  1918        cutoff            538.0000      517.6208    83416    3.79%           x47_5 U   2212   2210     90
   2264  1964      524.7500    49      538.0000      517.6667    86054    3.78%          x69_15 D   2264   2262     18
   2323  2013        cutoff            538.0000      517.6667    87981    3.78%          x12_23 D   2323   2322     45
   2367  2049        cutoff            538.0000      517.6765    89838    3.78%           x2_53 D   2367   2365     54
   2404  2086      532.3833   131      538.0000      517.7143    91944    3.77%           x43_9 N   2404   2403     49
Elapsed time = 29.84 sec. (43725.63 ticks, tree = 4.90 MB, solutions = 1)
   2460  2138      532.8889    74      538.0000      517.7333    93653    3.77%           x5_56 D   2460   2459     51
   2504  2173      525.5000    54      538.0000      517.7500    95687    3.76%          x41_55 U   2504   2503     12
   2562  2222      522.1667    84      538.0000      517.8333    97731    3.75%          x47_10 D   2562   2561     12
   2610  2266      525.0000    44      538.0000      517.8333    99785    3.75%           x47_5 D   2610   2609     18
   2661  2310      524.5000    40      538.0000      517.9167   101370    3.73%          x41_55 U   2661   2660     14
   2700  2339      522.6000    64      538.0000      518.0000   103330    3.72%          x69_15 U   2700   2699     17
   2751  2385      534.3333    70      538.0000      518.1667   104991    3.69%           x53_2 D   2751   2750     26
   2800  2430      526.5000    59      538.0000      518.1667   105904    3.69%          x12_61 D   2800   2799     50
   2853  2476      529.1466   107      538.0000      518.2222   107513    3.68%          x15_10 D   2853   2852     21
   2897  2509      525.1667    66      538.0000      518.2500   109062    3.67%          x72_75 D   2897   2896     39
Elapsed time = 36.11 sec. (53595.12 ticks, tree = 5.99 MB, solutions = 1)
   2956  2565      535.5000    45      538.0000      518.2500   110236    3.67%          x22_53 N   2956   2954     97
   3008  2611      534.8462   108      538.0000      518.3093   111795    3.66%          x53_23 N   3008   3007     42
   3050  2643      520.5000    69      538.0000      518.3333   113712    3.66%           x5_61 U   3050    606      9
   3106  2694      526.0000    70      538.0000      518.3333   115395    3.66%           x61_4 D   3106   3105     13
   3145  2721      523.5000    26      538.0000      518.3427   117644    3.65%          x69_15 U   3145   3144     16
   3187  2757      524.2857    94      538.0000      518.4063   119235    3.64%           x5_15 U   3187   3186     23
   3220  2790      529.8208    81      538.0000      518.4063   120108    3.64%          x22_46 U   3220   3219     56
   3261  2826      529.2778    96      538.0000      518.4500   121940    3.63%          x75_55 D   3261   3260     48
   3320  2879      525.4000    70      538.0000      518.5000   123174    3.62%          x56_16 D   3320   3319     21
   3368  2923      530.1000    40      538.0000      518.5000   125180    3.62%          x45_61 N   3368   3365     16
Elapsed time = 42.15 sec. (63313.64 ticks, tree = 6.89 MB, solutions = 1)
   3402  2951      530.3000   130      538.0000      518.5000   126606    3.62%          x23_53 D   3402   3401     29
   3457  2999      521.0000    42      538.0000      518.5000   128420    3.62%          x15_10 U   3457   2134     14
   3506  3044      522.5000    32      538.0000      518.5000   129969    3.62%          x53_23 D   3506   3505     17
   3553  3091      531.6667    25      538.0000      518.5000   131075    3.62%          x71_40 N   3553   3552     64
   3589  3122      526.5000    24      538.0000      518.5000   132292    3.62%           x61_4 D   3589   3587     21
   3615  3146      537.0000    22      538.0000      518.5000   133695    3.62%          x70_62 U   3615   3613     40
   3641  3164      532.6667    18      538.0000      518.5000   134856    3.62%          x46_53 N   3641   3640     61
   3677  3196      530.4521   100      538.0000      518.5000   136467    3.62%           x39_5 N   3677   3676     42
   3713  3228        cutoff            538.0000      518.5000   137202    3.62%          x14_54 N   3713   3712     78
   3746  3261      535.4000    76      538.0000      518.6111   139080    3.60%          x13_62 D   3746   3745     39
Elapsed time = 47.75 sec. (73227.60 ticks, tree = 7.64 MB, solutions = 1)
   3779  3291      528.0667    92      538.0000      518.6667   140483    3.59%          x70_62 N   3779   3778     36
   3827  3335      520.3333    62      538.0000      518.7000   141733    3.59%          x47_24 D   3827   3826     15
   3880  3382      527.0000   161      538.0000      518.7083   143338    3.59%          x69_78 U   3880      6      5
   3905  3397      524.3750    98      538.0000      518.7200   144741    3.58%          x47_40 D   3905   3904     17
   3954  3442      524.3077    96      538.0000      518.7917   146136    3.57%          x41_61 N   3954   3953     22
   3991  3479      532.1667    38      538.0000      518.7917   147510    3.57%          x47_60 D   3991   3990     59
   4029  3509      524.2857   112      538.0000      518.8333   148567    3.56%          x61_34 D   4029   4028     28
   4080  3556      522.0741    82      538.0000      518.8333   149942    3.56%          x47_40 D   4080   4079     20
   4121  3597      531.0882    70      538.0000      518.8333   151222    3.56%          x33_23 D   4121   4120     61
   4152  3619      527.7500    48      538.0000      518.8333   152607    3.56%           x15_5 U   4152   4150     20
Elapsed time = 53.49 sec. (83055.77 ticks, tree = 8.65 MB, solutions = 1)
   4176  3635      523.7000    95      538.0000      518.8333   154260    3.56%           x5_61 D   4176   4175     14
   4218  3673      521.2798   118      538.0000      518.8667   155654    3.56%          x47_24 D   4218   4217     18
   4256  3711      529.1899   164      538.0000      518.8667   157264    3.56%           x5_55 N   4256   4255     56
   4290  3741      522.1739   104      538.0000      518.8889   158388    3.55%          x53_23 N   4290   4289     17
   4339  3790      534.0000    26      538.0000      518.8889   159697    3.55%          x10_37 D   4339   4338     66
   4367  3812      534.0500    96      538.0000      518.9250   161091    3.55%           x3_62 N   4367   4366     30
   4400  3839      527.3000    77      538.0000      518.9286   162655    3.54%          x47_15 N   4400   4398     21
   4430  3869      534.0000    58      538.0000      518.9286   164028    3.54%           x53_2 N   4430   4429     42
   4473  3900      533.7500    59      538.0000      518.9565   165094    3.54%          x16_14 D   4473   4472     38
   4627  4034        cutoff            538.0000      518.9792   170717    3.54%          x28_44 U   4627    195      5
Elapsed time = 60.40 sec. (96210.83 ticks, tree = 9.70 MB, solutions = 1)
   4768  4158      522.6250    63      538.0000      519.0000   176107    3.53%           x3_62 D   4768   4767     22
   4893  4265      528.7833   119      538.0000      519.0000   182651    3.53%          x23_53 D   4893   4892     33
   5048  4410      534.8000    86      538.0000      519.1279   187239    3.51%          x14_74 D   5048   5047     53
   5163  4505      526.4000    39      538.0000      519.2222   193649    3.49%          x62_61 D   5163   5162     30
   5290  4613      537.0000    64      538.0000      519.2412   199273    3.49%          x45_41 D   5290   5287     26
   5424  4733      520.5490    72      538.0000      519.2667   203964    3.48%          x47_10 D   5424   5423     17
   5537  4842      531.9630    77      538.0000      519.2692   207331    3.48%           x35_5 N   5537   5536     54
*  5548  3286      integral     0      533.0000      519.2692   207449    2.58%
   5680  3394      527.5000   108      533.0000      519.3913   213463    2.55%           x16_9 U   5680   5678     18
   5816  3494      526.9375    91      533.0000      519.5000   218514    2.53%          x72_55 N   5816   5815     16
   5965  3614      526.4091   131      533.0000      519.6000   224830    2.51%          x45_61 D   5965   5964     26
Elapsed time = 79.97 sec. (134471.50 ticks, tree = 9.79 MB, solutions = 2)
   6117  3740      531.2500    81      533.0000      519.6386   230345    2.51%           x31_5 D   6117   6116     39
*  6206  1174      integral     0      526.0000      519.6667   234725    1.20%
*  6207   902      integral     0      525.0000      519.6667   234727    1.02%
   6257   921        cutoff            525.0000      519.7162   237082    1.01%           x3_62 D   6257   6256     17
   6418   966      521.2778    85      525.0000      520.0000   244851    0.95%          x22_46 D   6418   1385     14
   6588  1022        cutoff            525.0000      520.2292   252830    0.91%           x5_34 U   6588   6586     26
   6768  1071      521.7500    66      525.0000      520.5000   260431    0.86%          x69_15 U   6768   5089     16
   6937  1103      523.4000   105      525.0000      520.8000   268683    0.80%           x16_9 U   6937   2097     15
   7101  1133        cutoff            525.0000      521.0000   277017    0.76%          x45_61 D   7101   7099     17
   7259  1132      523.3333    45      525.0000      521.2500   284365    0.71%          x62_61 D   7259   7258     21
*  7440   688      integral     0      524.0000      521.5000   291304    0.48%
   7440   687      524.0000     0      524.0000      521.5000   291304    0.48%          x55_54 U   7440   7438     22
   7614   604      522.8016    79      524.0000      521.7683   297451    0.43%          x41_45 U   7614   3315     17
Elapsed time = 98.26 sec. (172777.37 ticks, tree = 1.92 MB, solutions = 5)
   7791   495        cutoff            524.0000      522.0000   303506    0.38%          x47_40 U   7791   7013     22
   7975   324        cutoff            524.0000      522.5000   307756    0.29%          x22_46 D   7975    573     16
   8174   146        cutoff            524.0000      522.8333   310399    0.22%           x16_9 U   8174   1772     20

Zero-half cuts applied:  10
Gomory fractional cuts applied:  1
User cuts applied:  5306

Root node processing (before b&c):
  Real time             =    0.51 sec. (1074.92 ticks)
Sequential b&c:
  Real time             =  102.59 sec. (186191.64 ticks)
                          ------------
Total (root+branch&cut) =  103.11 sec. (187266.56 ticks)

