Version identifier: 22.1.0.0 | 2022-03-09 | 1a383f8ce
CPXPARAM_Preprocessing_Reduce                    1
CPXPARAM_Threads                                 1
CPXPARAM_Preprocessing_Reformulations            0
CPXPARAM_TimeLimit                               10800
CPXPARAM_MIP_Tolerances_AbsMIPGap                0.999
CPXPARAM_MIP_Limits_TreeMemory                   20000
Legacy callback                                  BbLUID
         Disabling repeat represolve because of lazy constraint/incumbent callback.
1 of 1 MIP starts provided solutions.
MIP start 'm1' defined initial solution with objective 652.0000.
Tried aggregator 2 times.
MIP Presolve eliminated 2255 rows and 1 columns.
MIP Presolve modified 329 coefficients.
Aggregator did 6 substitutions.
Reduced MIP has 483 rows, 1599 columns, and 5826 nonzeros.
Reduced MIP has 1599 binaries, 0 generals, 0 SOSs, and 0 indicators.
Presolve time = 0.00 sec. (5.04 ticks)
Probing time = 0.00 sec. (2.39 ticks)
Clique table members: 483.
MIP emphasis: balance optimality and feasibility.
MIP search method: traditional branch-and-cut.
Parallel mode: none, using 1 thread.
Root relaxation solution time = 0.00 sec. (1.77 ticks)

        Nodes                                         Cuts/
   Node  Left     Objective  IInf  Best Integer    Best Bound    ItCnt     Gap         Variable B NodeID Parent  Depth

*     0+    0                          652.0000      142.0000            78.22%
      0     0      629.0000    22      652.0000      606.0000      173    7.06%
      0     0      634.0000    10      652.0000      Cuts: 22      186    2.76%
      0     0      638.2000    36      652.0000      Cuts: 19      192    2.12%
      0     0      639.0000    10      652.0000      Cuts: 12      199    1.99%
      0     0      640.8000    52      652.0000      Cuts: 14      210    1.72%
      0     0      641.7818    80      652.0000      Cuts: 10      213    1.57%
      0     0      642.4643    77      652.0000      Cuts: 16      225    1.46%
      0     0      642.7500    62      652.0000       Cuts: 8      236    1.42%
      0     0      642.9000    76      652.0000       Cuts: 8      245    1.40%
      0     0      643.2000    43      652.0000      Cuts: 10      261    1.35%
      0     0      643.3333    44      652.0000      Cuts: 14      287    1.33%
      0     0      643.3750    63      652.0000      Cuts: 17      303    1.32%
      0     0      643.4000    43      652.0000       Cuts: 3      308    1.32%
      0     0      643.4548    86      652.0000   ZeroHalf: 4      321    1.31%
      0     0      643.4722    71      652.0000       User: 5      324    1.31%
      0     0      643.4722    71      652.0000       User: 3      325    1.31%
      0     0      643.5985    61      652.0000       User: 7      349    1.29%
      0     0      643.6176    61      652.0000       User: 8      351    1.29%
      0     2      643.6176    61      652.0000      643.6471      351    1.28%                        0             0
Elapsed time = 0.18 sec. (208.63 ticks, tree = 0.01 MB, solutions = 1)
     54    17      647.8333    40      652.0000      645.5625     1120    0.99%          x12_44 N     54     53      4
*   140+    6                          649.0000      647.5000             0.23%

Zero-half cuts applied:  11
Gomory fractional cuts applied:  1
User cuts applied:  365

Root node processing (before b&c):
  Real time             =    0.18 sec. (208.65 ticks)
Sequential b&c:
  Real time             =    0.50 sec. (433.33 ticks)
                          ------------
Total (root+branch&cut) =    0.68 sec. (641.98 ticks)

