Version identifier: 22.1.0.0 | 2022-03-09 | 1a383f8ce
CPXPARAM_Preprocessing_Reduce                    1
CPXPARAM_Threads                                 1
CPXPARAM_Preprocessing_Reformulations            0
CPXPARAM_TimeLimit                               10800
CPXPARAM_MIP_Tolerances_AbsMIPGap                0.999
CPXPARAM_MIP_Limits_TreeMemory                   20000
Legacy callback                                  BbLUID
         Disabling repeat represolve because of lazy constraint/incumbent callback.
1 of 1 MIP starts provided solutions.
MIP start 'm1' defined initial solution with objective 595.0000.
Tried aggregator 1 time.
MIP Presolve eliminated 5844 rows and 0 columns.
MIP Presolve modified 515 coefficients.
Reduced MIP has 677 rows, 2662 columns, and 11718 nonzeros.
Reduced MIP has 2662 binaries, 0 generals, 0 SOSs, and 0 indicators.
Presolve time = 0.01 sec. (11.02 ticks)
Probing time = 0.00 sec. (2.74 ticks)
Clique table members: 691.
MIP emphasis: balance optimality and feasibility.
MIP search method: traditional branch-and-cut.
Parallel mode: none, using 1 thread.
Root relaxation solution time = 0.00 sec. (2.69 ticks)

        Nodes                                         Cuts/
   Node  Left     Objective  IInf  Best Integer    Best Bound    ItCnt     Gap         Variable B NodeID Parent  Depth

*     0+    0                          595.0000        0.0000           100.00%
      0     0      554.0000    60      595.0000      502.0000      188   15.63%
      0     0      554.5000    10      595.0000       User: 7      198    6.81%
      0     0      559.0000    32      595.0000      Cuts: 31      233    6.05%
      0     0      559.0000    46      595.0000      Cuts: 37      242    6.05%
      0     0      564.0000    44      595.0000      Cuts: 11      270    5.21%
      0     0      564.5000    40      595.0000      Cuts: 21      295    5.13%
      0     0      564.6667    82      595.0000      Cuts: 11      303    5.10%
      0     0      565.0000    44      595.0000      Cuts: 21      319    5.04%
      0     0      566.0000    96      595.0000      Cuts: 13      327    4.87%
      0     0      566.0000    49      595.0000      Cuts: 14      335    4.87%
      0     0      566.5400    98      595.0000      Cuts: 10      356    4.78%
      0     0      566.8125   113      595.0000      Cuts: 16      365    4.74%
      0     0      567.3571    96      595.0000      Cuts: 15      390    4.65%
      0     0      567.7857   114      595.0000       Cuts: 7      400    4.57%
      0     0      567.7857   133      595.0000       Cuts: 8      408    4.57%
      0     0      570.3571    78      595.0000       User: 6      430    4.14%
      0     0      570.3571    77      595.0000      User: 12      431    4.14%
      0     0      570.5000    34      595.0000       User: 3      437    4.12%
      0     0      570.5714   150      595.0000       User: 9      460    4.11%
      0     0      570.7143    86      595.0000      User: 15      465    4.08%
      0     0      570.7143   104      595.0000      User: 11      473    4.08%
      0     0      570.8571    90      595.0000       User: 6      486    4.06%
      0     0      570.8571    98      595.0000       User: 7      488    4.06%
      0     0      570.8750    88      595.0000       User: 5      490    4.05%
      0     0      571.6250   146      595.0000       User: 1      507    3.93%
      0     0      571.9167   143      595.0000       User: 6      523    3.88%
      0     0      572.0000    50      595.0000       User: 1      525    3.87%
      0     0      572.1953   167      595.0000       User: 6      569    3.83%
      0     0      572.2115   148      595.0000       User: 2      570    3.83%
      0     0      572.2115   130      595.0000       User: 2      572    3.83%
      0     2      572.2115   130      595.0000      572.2115      572    3.83%                        0             0
Elapsed time = 0.40 sec. (761.81 ticks, tree = 0.01 MB, solutions = 1)
      2     4      574.2115   147      595.0000      573.9872      728    3.53%          x64_39 U      2      0      1
     10    12      586.2143    97      595.0000      574.3409     1213    3.47%          x79_77 N     10      8      5
     30    24      578.3571   130      595.0000      574.6538     1940    3.42%          x79_17 N     30     27      5
     44    38      580.6643   133      595.0000      574.6538     2482    3.42%          x47_48 N     44     43     16
     54    48      584.3184   146      595.0000      574.6538     2936    3.42%           x0_63 D     54     52     23
     65    56      586.0222   115      595.0000      574.6538     3294    3.42%          x21_51 N     65     63     29
     91    73      579.6667   146      595.0000      574.6538     3915    3.42%          x47_48 N     91      3      3
    120    95      580.3333    64      595.0000      575.1000     4717    3.34%          x77_57 U    120    119     13
    149   123      587.8571    43      595.0000      575.1000     5297    3.34%          x43_32 N    149    148     42
    275   224      590.4093   136      595.0000      577.0000     8070    3.03%           x5_18 D    275    274     38
Elapsed time = 2.92 sec. (4111.96 ticks, tree = 0.48 MB, solutions = 1)
    400   311        cutoff            595.0000      577.0526    10094    3.02%          x53_66 D    400    399     21
    538   424      586.5000    39      595.0000      577.5000    13792    2.94%          x52_23 D    538    537     24
    680   543      581.6875    70      595.0000      577.8750    16905    2.88%          x51_45 D    680    679     21
    820   652      590.1588   145      595.0000      578.8000    20558    2.72%          x29_23 D    820    819     14
    970   771      590.0444   111      595.0000      579.2461    23909    2.65%          x50_42 D    970    969     21
   1120   887      579.8750    43      595.0000      579.5000    27529    2.61%          x23_45 D   1120   1119     11
   1253   995      585.4432   141      595.0000      579.6635    30860    2.58%          x47_48 N   1253   1252      9
   1383  1096      583.1481    69      595.0000      579.7500    34038    2.56%          x51_65 D   1383   1382     23
   1524  1193      582.0566    77      595.0000      580.1000    37817    2.50%          x30_79 D   1524   1523     20
   1630  1285      588.7500    72      595.0000      580.1667    41679    2.49%          x51_43 N   1630   1628     37
Elapsed time = 11.21 sec. (13681.67 ticks, tree = 3.72 MB, solutions = 1)
   1757  1379      592.8000   126      595.0000      580.3750    45364    2.46%          x77_17 U   1757   1755     15
   1889  1487      583.5000    15      595.0000      580.5000    48639    2.44%           x3_17 D   1889   1888     19
   1999  1577      584.8333    43      595.0000      580.5000    52093    2.44%          x77_17 U   1999   1998     22
   2121  1669      584.3000    75      595.0000      580.5000    55803    2.44%          x64_37 D   2121   2120     12
   2244  1760      590.6667    43      595.0000      580.5000    59723    2.44%           x52_8 D   2244   2243     23
   2387  1881      593.5750   114      595.0000      580.5962    63544    2.42%          x17_43 D   2387   2386     25
   2527  1997      586.1000   110      595.0000      580.7857    67280    2.39%          x23_45 D   2527   2526     14
   2681  2119      586.1667    64      595.0000      580.8235    70854    2.38%          x29_51 D   2681   2680     18
   2800  2212      591.7500    35      595.0000      581.0000    74854    2.35%          x26_51 N   2800   2798     18
   2913  2287        cutoff            595.0000      581.0000    79147    2.35%           x3_17 U   2913   2911     22
Elapsed time = 19.12 sec. (23271.77 ticks, tree = 6.37 MB, solutions = 1)
   3040  2374      586.9167    89      595.0000      581.1977    83203    2.32%          x26_51 D   3040   3039     15
   3154  2470        cutoff            595.0000      581.3125    86910    2.30%           x52_8 D   3154   3153     17
   3266  2550      589.9583    89      595.0000      581.5000    91082    2.27%          x40_79 D   3266   3265     13
   3390  2632      584.8333    21      595.0000      581.5000    94791    2.27%          x26_51 D   3390   3389     13
   3501  2715      589.5303   154      595.0000      581.5256    98345    2.26%           x3_23 D   3501   3500     11
   3617  2791        cutoff            595.0000      581.6786   102328    2.24%          x38_41 D   3617   3616     29
   3740  2880      587.3205    99      595.0000      581.8407   106209    2.21%          x17_51 D   3740   3739      7
   3866  2967      594.0000    30      595.0000      581.8802   109825    2.21%          x21_44 D   3866   3865     28
   3976  3048      593.6117   126      595.0000      581.9962   113411    2.19%           x52_8 D   3976   3975     30
   4083  3118        cutoff            595.0000      582.0000   117123    2.18%          x67_19 D   4083   4082     49
Elapsed time = 26.41 sec. (32861.48 ticks, tree = 8.43 MB, solutions = 1)
   4209  3217      585.1250    39      595.0000      582.0000   120438    2.18%           x3_29 D   4209   1321     19
   4330  3308      587.4900    90      595.0000      582.0000   123709    2.18%           x3_17 D   4330   4329     18
   4432  3372      586.7609    81      595.0000      582.0225   126942    2.18%           x3_17 D   4432   4431     19
   4545  3451      586.5000    12      595.0000      582.0714   130257    2.17%           x3_36 D   4545   4544     16
*  4578  3008      integral     0      593.0000      582.1333   131224    1.83%
*  4610  2659      integral     0      592.0000      582.1765   132124    1.66%
   4660  2687        cutoff            592.0000      582.2417   133841    1.65%          x39_37 D   4660   4659     18
   4768  2751      586.0339    92      592.0000      582.3333   137582    1.63%           x3_29 U   4768   4767     26
   4900  2832      585.0714    93      592.0000      582.4407   141273    1.61%          x79_29 D   4900   4899     12
   4993  2876      588.6250    69      592.0000      582.5000   145233    1.60%          x40_79 N   4993   4992     20
   5089  2925      585.0000    73      592.0000      582.5000   149015    1.60%           x9_55 U   5089   2118     10
   5196  2992      589.6000    67      592.0000      582.5294   152793    1.60%          x79_29 N   5196   5195     20
Elapsed time = 33.31 sec. (42446.32 ticks, tree = 8.21 MB, solutions = 3)
   5300  3050      590.1250    59      592.0000      582.6176   156106    1.58%          x77_57 U   5300   5299     15
   5410  3123      585.8846    60      592.0000      582.7174   159555    1.57%           x3_29 U   5410   5409     23
   5524  3192        cutoff            592.0000      582.7895   163061    1.56%          x77_17 D   5524   5523     26
   5631  3245      586.9524    66      592.0000      582.8750   166313    1.54%          x30_79 N   5631   5630     20
   5750  3320      585.0000    18      592.0000      583.0000   169325    1.52%          x29_52 D   5750   5749     25
   5848  3384      590.0000   116      592.0000      583.0000   173112    1.52%          x23_60 U   5848   5847     24
   5943  3426        cutoff            592.0000      583.0000   176548    1.52%          x30_79 U   5943   5941     14
   6062  3495      586.5000    79      592.0000      583.0000   180030    1.52%           x3_36 U   6062   6045     13
   6171  3559      584.6333    70      592.0000      583.0556   183199    1.51%          x26_51 D   6171   6170     29
   6274  3606      588.5000    56      592.0000      583.1000   186631    1.50%          x30_79 D   6274   6272     29
Elapsed time = 39.76 sec. (52047.90 ticks, tree = 9.55 MB, solutions = 3)
   6356  3642      587.5000    44      592.0000      583.2500   190457    1.48%          x40_79 D   6356   6355     20
   6450  3689      586.7000   141      592.0000      583.3000   193980    1.47%           x79_3 D   6450   6449     11
   6550  3735      589.9640   149      592.0000      583.3627   197804    1.46%          x21_23 D   6550   6549     15
   6660  3795      587.1333   143      592.0000      583.4394   201469    1.45%          x47_48 D   6660   6659     14
   6748  3832        cutoff            592.0000      583.5000   204931    1.44%          x30_79 U   6748   6746     20
   6850  3892      588.3333    58      592.0000      583.5000   208526    1.44%          x52_17 D   6850   6849     36
   6940  3935      588.4524   114      592.0000      583.5000   212068    1.44%          x79_77 N   6940   1823      8
   7044  3989      588.2500    45      592.0000      583.5714   215448    1.42%           x8_23 D   7044   7043     25
   7140  4037      585.6667    22      592.0000      583.6471   219008    1.41%           x3_29 U   7140   7139     32
   7235  4087      587.6479   142      592.0000      583.6829   222028    1.40%           x48_9 D   7235   7234     15
Elapsed time = 46.02 sec. (61651.13 ticks, tree = 10.98 MB, solutions = 3)
   7350  4150      586.2500    69      592.0000      583.7500   225160    1.39%          x77_57 U   7350   7349     13
   7456  4200      587.7500    70      592.0000      583.8000   228568    1.39%           x9_55 D   7456   7455      8
   7568  4263      588.6136   106      592.0000      583.8636   231819    1.37%          x23_45 D   7568   7567     13
   7670  4319      585.6667    33      592.0000      583.9167   235204    1.37%          x57_21 U   7670   1530     27
   7775  4370      589.5000    69      592.0000      584.0000   238851    1.35%          x40_79 N   7775   7774     25
   7880  4430      586.8750    75      592.0000      584.0000   242232    1.35%          x21_44 D   7880   7879     34
   7988  4484        cutoff            592.0000      584.0000   245391    1.35%          x21_44 U   7988   5392     25
   8058  4507      584.6667    41      592.0000      584.0000   248805    1.35%          x52_23 U   8058   1214     15
   8167  4548        cutoff            592.0000      584.0000   251970    1.35%          x77_17 U   8167   8165     19
   8275  4605      586.1250    67      592.0000      584.0385   255427    1.34%          x21_44 D   8275   8274     22
Elapsed time = 52.34 sec. (71254.72 ticks, tree = 12.24 MB, solutions = 3)
   8387  4663        cutoff            592.0000      584.0714   258709    1.34%           x3_29 D   8387   8385     21
   8472  4695      590.4286    82      592.0000      584.1250   262203    1.33%          x52_21 D   8472   8471     22
   8567  4722      590.1000   170      592.0000      584.1842   265878    1.32%          x26_23 D   8567   8566     14
   8654  4741      589.6667    81      592.0000      584.2500   270044    1.31%           x3_29 D   8654   8651     17
   8746  4768        cutoff            592.0000      584.3273   273827    1.30%          x52_51 D   8746   8745     28
   8832  4815      590.2500    63      592.0000      584.3409   277842    1.29%          x52_21 D   8832   8831     18
   8934  4843      586.0833    73      592.0000      584.4000   281806    1.28%          x26_17 N   8934   2890     22
   9047  4911        cutoff            592.0000      584.4576   284985    1.27%          x57_23 U   9047   9045     39
   9136  4942      584.5000    22      592.0000      584.5000   288968    1.27%           x3_17 U   9136   5515     18
   9243  5005      590.1000    86      592.0000      584.5000   292711    1.27%          x51_77 D   9243   9242     22
Elapsed time = 58.52 sec. (80859.53 ticks, tree = 14.15 MB, solutions = 3)
   9339  5058      589.8750   138      592.0000      584.5000   296429    1.27%           x79_3 N   9339   9338     14
   9435  5100      586.5000    76      592.0000      584.5000   299712    1.27%          x58_71 U   9435   1427     12
   9534  5139      590.6667    93      592.0000      584.5000   303382    1.27%           x79_3 N   9534   9532     13
   9645  5173      589.1556    72      592.0000      584.5714   306754    1.25%          x57_17 N   9645   1679     22
   9739  5193      589.3529    67      592.0000      584.6667   310158    1.24%          x29_52 D   9739   9738     21
   9835  5209        cutoff            592.0000      584.6944   313616    1.23%          x26_23 U   9835   5406     20
   9930  5240      589.9231    59      592.0000      584.7500   317303    1.22%          x57_21 D   9930   9929     28
  10030  5285      588.4304    64      592.0000      584.7760   320585    1.22%          x21_44 D  10030  10029     18
  10139  5332      589.7500    25      592.0000      584.8333   324261    1.21%          x29_52 D  10139  10138     27
  10523  5455        cutoff            592.0000      585.0000   338838    1.18%          x79_26 D  10523  10522     28
Elapsed time = 66.27 sec. (93359.04 ticks, tree = 15.54 MB, solutions = 3)
  10890  5567      589.0714    65      592.0000      585.0357   353589    1.18%          x26_51 D  10890  10889     17
  11269  5719      590.5000    90      592.0000      585.1667   367624    1.15%           x3_17 U  11269  11180     18
  11653  5858        cutoff            592.0000      585.3000   380686    1.13%           x3_23 D  11653  11651     57
  12028  5970      589.9194    68      592.0000      585.4541   393595    1.11%          x77_57 N  12028  12027     23
  12377  6056      587.9333    96      592.0000      585.5000   406520    1.10%          x29_17 D  12377  12376     13
  12745  6175        cutoff            592.0000      585.6111   419865    1.08%          x30_79 U  12745  12743     26
  13106  6287      590.1667   125      592.0000      585.7189   433095    1.06%          x57_23 D  13106  13105     33
  13484  6384      590.2143    60      592.0000      585.8492   446505    1.04%          x21_44 D  13484  13483     30
  13889  6497        cutoff            592.0000      585.9881   458589    1.02%          x55_48 U  13889  13887     11
  14242  6579      590.2273   105      592.0000      586.0000   471465    1.01%          x57_17 D  14242  14241     21
Elapsed time = 88.65 sec. (131564.32 ticks, tree = 18.37 MB, solutions = 3)
  14587  6625      590.6111    71      592.0000      586.1143   484438    0.99%           x3_29 U  14587  14586     16
  14970  6774        cutoff            592.0000      586.1875   497380    0.98%          x10_32 U  14970  14969     37
  15334  6858      590.5000   111      592.0000      586.2500   510125    0.97%          x71_55 U  15334   6018     12
  15675  6908      589.5000    12      592.0000      586.3889   522603    0.95%           x29_3 N  15675  15673     26
  16058  7026      589.5000    27      592.0000      586.5000   535080    0.93%          x57_17 N  16058   3395     19
  16396  7078      590.2500    49      592.0000      586.5000   548910    0.93%          x77_17 U  16396  16394     17
  16761  7139      590.5000    90      592.0000      586.5919   561585    0.91%          x23_60 U  16761   7732     12
  17140  7234      588.9554   126      592.0000      586.6875   573792    0.90%          x52_17 D  17140  17139     21
  17488  7277      589.5500    86      592.0000      586.7917   586673    0.88%          x51_77 D  17488  17487     17
  17854  7311        cutoff            592.0000      586.9028   599391    0.86%          x30_79 U  17854   7860     25
Elapsed time = 109.87 sec. (169780.49 ticks, tree = 19.59 MB, solutions = 3)
  18206  7340        cutoff            592.0000      587.0000   611902    0.84%          x57_17 U  18206  18204     17
  18548  7369        cutoff            592.0000      587.0000   623611    0.84%           x3_17 U  18548  15241     15
  18921  7438      589.3462    66      592.0000      587.0556   635485    0.84%          x52_21 U  18921  14507     19
  19286  7467      588.0000    86      592.0000      587.1667   647993    0.82%          x17_57 U  19286  10964     17
  19628  7468      590.0000    71      592.0000      587.2500   660092    0.80%          x29_51 D  19628  19627     19
  20016  7534      589.0000    26      592.0000      587.2942   671278    0.79%          x57_51 D  20016  20014     35
  20380  7560      589.6048    92      592.0000      587.3821   683356    0.78%          x17_43 D  20380  20379     25
  20729  7545      588.2500    39      592.0000      587.5000   695982    0.76%           x3_29 N  20729  10564     17
  21077  7558        cutoff            592.0000      587.5000   707726    0.76%           x3_17 U  21077  21075     14
  21420  7554      590.4091   128      592.0000      587.5204   719863    0.76%          x29_17 N  21420  16951     14
Elapsed time = 129.47 sec. (208027.07 ticks, tree = 19.27 MB, solutions = 3)
  21791  7556      590.0000    36      592.0000      587.6100   731361    0.74%          x26_23 D  21791  21790     29
  22179  7594      589.6667   100      592.0000      587.6667   743157    0.73%          x29_17 U  22179  22171     14
  22548  7585        cutoff            592.0000      587.7500   754559    0.72%          x23_60 D  22548  22546     14
  22918  7590        cutoff            592.0000      587.8333   766279    0.70%          x52_21 U  22918  22916     16
  23270  7577      589.6250   135      592.0000      587.9091   778212    0.69%          x77_57 U  23270  23269     16
  23630  7549        cutoff            592.0000      588.0000   789477    0.68%          x21_44 U  23630  14509     21
  23966  7497      589.0000    85      592.0000      588.0000   800969    0.68%           x3_17 N  23966  16228     12
  24303  7441        cutoff            592.0000      588.0432   812454    0.67%          x77_57 D  24303  24301     21
  24650  7369      588.2407    82      592.0000      588.1316   823654    0.65%           x3_36 D  24650  24649     13
  25010  7294        cutoff            592.0000      588.2083   835111    0.64%          x77_17 D  25010  25009     22
Elapsed time = 148.07 sec. (246219.71 ticks, tree = 18.08 MB, solutions = 3)
  25372  7213      588.6042   114      592.0000      588.2989   845952    0.63%          x79_17 D  25372  25371     16
  25723  7129      589.5000    42      592.0000      588.3750   857142    0.61%          x58_71 N  25723   5259     13
  26114  7051        cutoff            592.0000      588.4524   867445    0.60%          x30_79 U  26114  26112     11
  26469  6939        cutoff            592.0000      588.5000   877107    0.59%          x23_60 D  26469  26467     14
  26801  6833        cutoff            592.0000      588.5127   887953    0.59%          x66_58 D  26801  26800     20
  27163  6660      590.0000    72      592.0000      588.6250   898392    0.57%           x3_29 U  27163  27161     25
  27522  6498      590.8714   152      592.0000      588.7083   908533    0.56%           x9_71 N  27522  10346     11
  27880  6354      589.5000    57      592.0000      588.7857   917840    0.54%          x29_17 N  27880  23979     18
* 28108  4032      integral     0      591.0000      588.8333   923842    0.37%
  28256  3928        cutoff            591.0000      588.8833   926511    0.36%           x3_77 U  28256  10253     31
  28666  3631        cutoff            591.0000      589.0000   933191    0.34%          x30_40 D  28666  14961     29
Elapsed time = 163.62 sec. (284443.66 ticks, tree = 8.75 MB, solutions = 4)
  29065  3323        cutoff            591.0000      589.0455   939815    0.33%          x23_60 U  29065  12814     14
  29477  2985      590.0000    44      591.0000      589.1667   945576    0.31%          x29_17 N  29477  29476     18
  29898  2654        cutoff            591.0000      589.2778   950907    0.29%          x23_60 D  29898   6138     12
  30328  2282        cutoff            591.0000      589.4118   955311    0.27%           x79_3 D  30328   6661     15
  30758  1908        cutoff            591.0000      589.5000   959504    0.25%          x30_79 U  30758   8050     19
  31184  1532        cutoff            591.0000      589.5714   963951    0.24%          x29_52 U  31184  13727     24
  31628  1117      590.0000    48      591.0000      589.7222   966914    0.22%          x79_17 N  31628  26424     16
  32080   694        cutoff            591.0000      589.8636   969308    0.19%          x57_23 U  32080  11842     14
  32543   246        cutoff            591.0000      590.0000   971215    0.17%          x23_60 D  32543   1302     17

Zero-half cuts applied:  11
Gomory fractional cuts applied:  2
User cuts applied:  3974

Root node processing (before b&c):
  Real time             =    0.40 sec. (761.86 ticks)
Sequential b&c:
  Real time             =  172.93 sec. (320387.10 ticks)
                          ------------
Total (root+branch&cut) =  173.33 sec. (321148.96 ticks)

