Version identifier: 22.1.0.0 | 2022-03-09 | 1a383f8ce
CPXPARAM_Preprocessing_Reduce                    1
CPXPARAM_Threads                                 1
CPXPARAM_Preprocessing_Reformulations            0
CPXPARAM_TimeLimit                               10800
CPXPARAM_MIP_Tolerances_AbsMIPGap                0.999
CPXPARAM_MIP_Limits_TreeMemory                   20000
Legacy callback                                  BbLUID
         Disabling repeat represolve because of lazy constraint/incumbent callback.
1 of 1 MIP starts provided solutions.
MIP start 'm1' defined initial solution with objective 500.0000.
Tried aggregator 1 time.
MIP Presolve eliminated 16029 rows and 0 columns.
MIP Presolve modified 949 coefficients.
Reduced MIP has 1111 rows, 4339 columns, and 25547 nonzeros.
Reduced MIP has 4339 binaries, 0 generals, 0 SOSs, and 0 indicators.
Presolve time = 0.02 sec. (32.07 ticks)
Probing time = 0.00 sec. (3.22 ticks)
Clique table members: 1111.
MIP emphasis: balance optimality and feasibility.
MIP search method: traditional branch-and-cut.
Parallel mode: none, using 1 thread.
Root relaxation solution time = 0.00 sec. (3.65 ticks)

        Nodes                                         Cuts/
   Node  Left     Objective  IInf  Best Integer    Best Bound    ItCnt     Gap         Variable B NodeID Parent  Depth

*     0+    0                          500.0000        0.0000           100.00%
      0     0      421.0000    41      500.0000      372.0000      101   25.60%
      0     0      437.0000   117      500.0000      Cuts: 68      160   12.60%
      0     0      438.4000   156      500.0000      Cuts: 22      188   12.32%
      0     0      439.3333   106      500.0000      Cuts: 14      199   12.13%
      0     0      441.3333   114      500.0000       Cuts: 9      209   11.73%
      0     0      444.5000    85      500.0000      Cuts: 20      231   11.10%
      0     0      444.5000   103      500.0000      User: 14      234   11.10%
      0     0      444.7500   101      500.0000      Cuts: 12      245   11.05%
      0     0      444.7500   116      500.0000      Cuts: 11      257   11.05%
      0     0      445.5000   163      500.0000       User: 6      283   10.90%
      0     0      449.0000    94      500.0000      User: 14      312   10.20%
      0     0      449.0000    94      500.0000       User: 7      313   10.20%
      0     0      449.5000   131      500.0000       User: 7      317   10.10%
      0     0      449.5000   150      500.0000       User: 7      330   10.10%
      0     0      453.5000   163      500.0000       User: 7      370    9.30%
      0     0      453.6667   165      500.0000      User: 14      382    9.27%
      0     0      457.6500   174      500.0000       User: 7      434    8.47%
      0     0      459.1667   157      500.0000       User: 6      482    8.17%
      0     0      462.2917   163      500.0000       User: 8      529    7.54%
      0     0      462.4000   144      500.0000       User: 5      537    7.52%
      0     0      462.7500   138      500.0000       User: 3      546    7.45%
      0     0      463.2500   150      500.0000       User: 8      555    7.35%
      0     0      463.9167   177      500.0000       User: 2      581    7.22%
      0     0      464.0000    44      500.0000      User: 17      591    7.20%
      0     0      464.1875   168      500.0000       User: 6      599    7.16%
      0     0      464.2500   173      500.0000       User: 2      605    7.15%
      0     0      464.3333   148      500.0000      User: 11      634    7.13%
      0     0      464.6667   143      500.0000       User: 4      642    7.07%
      0     0      464.6667   146      500.0000       User: 2      643    7.07%
      0     0      464.8167   164      500.0000       User: 1      665    7.04%
      0     0      464.8333   166      500.0000      User: 17      667    7.03%
      0     0      464.8333   167      500.0000       User: 8      668    7.03%
      0     2      465.7547   186      500.0000      465.7692      668    6.85%                        0             0
Elapsed time = 0.78 sec. (1988.60 ticks, tree = 0.01 MB, solutions = 1)
      1     3      466.7607   201      500.0000      466.7607      818    6.65%          x35_69 N      1      0      1
      2     4      467.9976   214      500.0000      466.7607     1008    6.65%          x25_71 N      2      1      2
      3     5      467.5517   200      500.0000      467.5833     1088    6.48%          x25_71 D      3      1      2
      9    11      476.8750   161      500.0000      467.5833     1664    6.48%          x19_17 N      9      7      7
     14    16      485.2206   149      500.0000      467.5833     2103    6.48%          x79_57 D     14     13     11
     21    23      493.4674   175      500.0000      467.5833     2871    6.48%          x44_53 N     21     19     16
     32    27      498.2500   161      500.0000      467.5833     3419    6.48%          x59_44 D     32     31     25
     42    32      470.4844   177      500.0000      467.6146     3883    6.48%          x79_80 N     42     41      7
     50    40      492.2270   188      500.0000      467.6146     4840    6.48%          x16_40 N     50     47     11
     82    72      485.8276   182      500.0000      467.6146     7066    6.48%          x44_79 N     82     81     33
Elapsed time = 2.82 sec. (5755.26 ticks, tree = 0.39 MB, solutions = 1)
    114    98      488.8333   172      500.0000      467.6250     9179    6.47%          x25_40 N    114    113     24
    172   143      489.5000    90      500.0000      467.9976    10979    6.40%          x79_40 N    172    171     28
    235   197      481.8333   107      500.0000      468.5729    12328    6.29%          x21_17 N    235    234     29
    287   244      476.6364   174      500.0000      468.8333    13661    6.23%          x35_20 N    287    285     11
    346   288      488.0161   152      500.0000      468.9167    15692    6.22%          x52_66 N    346    345     19
    400   329      492.7857    73      500.0000      468.9167    16659    6.22%           x5_16 N    400    399     37
    458   373      474.0909   179      500.0000      470.0000    19283    6.00%          x17_66 U    458      8      8
    530   431      476.0465   179      500.0000      470.1667    22209    5.97%          x63_21 D    530    529     11
    600   496      482.5000    76      500.0000      470.7547    24732    5.85%          x63_78 D    600    599     25
    657   536        cutoff            500.0000      470.7778    26710    5.84%          x69_35 U    657    655     21
Elapsed time = 11.58 sec. (15525.86 ticks, tree = 9.03 MB, solutions = 1)
    697   566      498.7273   148      500.0000      470.9947    29571    5.80%          x80_66 D    697    696     30
    767   621      475.8276   181      500.0000      471.8333    32217    5.63%          x44_35 D    767    766      3
    820   663      476.9787   173      500.0000      472.1667    34907    5.57%          x41_57 D    820    819      7
    895   725      487.4722   192      500.0000      472.5225    37231    5.50%          x20_79 U    895    894     21
    967   785      499.9500    66      500.0000      472.6133    39960    5.48%          x70_28 D    967    966     29
   1018   829      494.7500   177      500.0000      472.6429    42031    5.47%          x21_53 D   1018   1017     39
   1081   875      487.1092   194      500.0000      472.8846    44994    5.42%          x40_19 N   1081   1079      7
   1120   906      482.3333   152      500.0000      473.0000    47275    5.40%          x57_20 N   1120   1119     10
   1190   963      484.1154   189      500.0000      473.1042    50069    5.38%          x44_66 D   1190   1189     21
   1270  1033      494.4310   194      500.0000      473.1150    52885    5.38%          x35_75 D   1270   1269     31
Elapsed time = 20.23 sec. (25223.33 ticks, tree = 17.27 MB, solutions = 1)
   1340  1094      497.1739   187      500.0000      473.5000    55913    5.30%          x69_66 D   1340   1339     47
   1402  1142      490.5000    16      500.0000      473.6667    57671    5.27%           x9_65 U   1402   1400     20
   1452  1173      494.6471   166      500.0000      473.7917    59018    5.24%          x69_19 N   1452   1451     18
   1520  1225      489.2083   166      500.0000      474.1000    61145    5.18%          x20_79 D   1520   1519     14
   1604  1290      479.1520   182      500.0000      474.2426    63357    5.15%          x40_19 D   1604   1603     11
   1657  1328      483.5000    90      500.0000      474.3333    66539    5.13%          x16_41 D   1657   1656     13
   1736  1394      491.3864   105      500.0000      474.4615    68708    5.11%          x11_59 D   1736   1735     39
   1805  1451      496.0702   181      500.0000      474.4917    70569    5.10%          x52_81 D   1805   1804     24
   1876  1506      498.5000   116      500.0000      474.5000    73150    5.10%          x33_35 U   1876   1875     33
   1936  1553      479.5500   174      500.0000      474.5000    75354    5.10%          x57_69 U   1936   1934     10
Elapsed time = 28.29 sec. (34841.77 ticks, tree = 28.77 MB, solutions = 1)
   2007  1607      496.7500   132      500.0000      474.5000    77473    5.10%          x41_57 U   2007   2006     36
   2084  1671        cutoff            500.0000      474.5294    79846    5.09%          x35_79 D   2084   2082     68
   2146  1721      486.3750    83      500.0000      474.6667    82712    5.07%           x28_3 D   2146   2145     17
   2218  1779      487.6667   152      500.0000      474.7917    84880    5.04%          x41_57 U   2218   2217     17
   2281  1830      492.5833    58      500.0000      475.1250    87484    4.97%          x11_28 N   2281   2280     41
   2332  1866      485.5857   194      500.0000      475.2222    88621    4.96%          x66_81 N   2332   2331      7
   2388  1916      498.5781   187      500.0000      475.2222    91380    4.96%          x44_79 D   2388   2387     43
   2428  1945      483.7500   149      500.0000      475.3000    93896    4.94%          x20_79 N   2428   2427      6
   2506  2012      488.0000   105      500.0000      475.3333    96142    4.93%          x69_19 D   2506   2505     15
   2566  2060      488.9048   190      500.0000      475.5000    98820    4.90%          x52_79 D   2566   2565     15
Elapsed time = 36.24 sec. (44536.78 ticks, tree = 41.81 MB, solutions = 1)
   2635  2114      479.1122   198      500.0000      475.6600   100987    4.87%          x44_17 U   2635    151      8
   2696  2171      489.3750    28      500.0000      475.6667   103320    4.87%          x34_14 D   2696   2695     33
   2739  2200      487.5000   159      500.0000      475.7115   104282    4.86%          x44_35 D   2739   2738     16
   2807  2260      491.6385   185      500.0000      475.7250   106358    4.85%          x41_57 D   2807   2806     23
   2869  2300        cutoff            500.0000      475.8333   109464    4.83%          x25_41 N   2869    767      4
   2916  2341      496.3214   176      500.0000      475.8936   111087    4.82%          x66_80 D   2916   2915     32
   2964  2365        cutoff            500.0000      476.0214   114167    4.80%          x44_35 D   2964   2963     12
   3021  2412      486.0318   188      500.0000      476.1803   116946    4.76%          x20_35 D   3021   3020     28
   3086  2464      486.0000    96      500.0000      476.2500   119362    4.75%          x57_69 U   3086   3085     16
   3146  2512      492.5000    87      500.0000      476.2708   121749    4.75%          x17_20 N   3146   3143     20
Elapsed time = 44.03 sec. (54230.27 ticks, tree = 48.58 MB, solutions = 1)
   3222  2572      482.0625   182      500.0000      476.4444   123381    4.71%          x69_35 D   3222   3221     11
   3297  2635      481.4375   189      500.0000      476.5000   125019    4.70%          x16_41 D   3297   3296     12
   3360  2678        cutoff            500.0000      476.5000   127445    4.70%          x16_41 U   3360   2137      9
   3428  2739      491.5000    76      500.0000      476.6250   129621    4.67%          x66_17 D   3428   3427     20
   3489  2783      489.6179   214      500.0000      476.6667   131995    4.67%          x25_41 N   3489    154     11
   3550  2830      488.3462   168      500.0000      476.6800   134245    4.66%          x17_79 N   3550   3549     14
   3606  2874      482.3182   149      500.0000      476.7500   136808    4.65%           x16_5 D   3606   3605     16
   3676  2920      484.9643   147      500.0000      476.8413   138782    4.63%          x40_41 D   3676   3675     25
   3749  2979      495.7051   171      500.0000      476.8714   140886    4.63%           x16_5 N   3749   3747     14
   3810  3029      498.8750   122      500.0000      476.8906   143229    4.62%           x28_3 N   3810   3808     34
Elapsed time = 52.35 sec. (63987.39 ticks, tree = 58.31 MB, solutions = 1)
   3877  3084      486.5000    85      500.0000      477.0000   145775    4.60%          x79_80 N   3877   3874     10
   3923  3120      493.1282   161      500.0000      477.0000   148368    4.60%          x40_41 U   3923   3922     34
   3979  3170      495.1667    25      500.0000      477.0000   150114    4.60%          x50_11 D   3979   3978     58
   4027  3202      497.1667    97      500.0000      477.0294   151557    4.59%          x63_21 D   4027   4026     32
   4084  3237      496.1094   184      500.0000      477.0833   153807    4.58%          x52_57 D   4084   4083     32
   4156  3300      497.0000    71      500.0000      477.1250   154903    4.57%          x18_77 N   4156   4155     76
   4209  3332      490.2500   123      500.0000      477.1765   156447    4.56%          x16_41 U   4209   1783     10
   4269  3379      482.1491   192      500.0000      477.2315   158294    4.55%          x66_81 D   4269   4268     19
   4342  3439        cutoff            500.0000      477.2500   160332    4.55%          x16_41 U   4342   1141      9
   4394  3482      498.0000    88      500.0000      477.2551   162662    4.55%          x33_20 D   4394   4393     14
Elapsed time = 59.66 sec. (73761.05 ticks, tree = 70.49 MB, solutions = 1)
   4432  3504      493.0732   214      500.0000      477.4314   165370    4.51%          x35_57 D   4432   4431     17
   4479  3533      492.2273   172      500.0000      477.5000   167798    4.50%          x53_35 D   4479   4478     16
   4519  3558      487.5413   153      500.0000      477.5000   169469    4.50%          x17_20 D   4519   4518     19
   4595  3623      490.5000   106      500.0000      477.5333   170617    4.49%          x35_20 D   4595   4594     12
   4652  3669      491.5000    66      500.0000      477.5691   172257    4.49%          x78_21 U   4652   4650     23
   4701  3708      496.6818   178      500.0000      477.5909   173888    4.48%          x60_35 D   4701   4700     16
   4752  3743      496.3214   120      500.0000      477.6667   175801    4.47%          x35_53 D   4752   4750     26
   4800  3779      482.4000   165      500.0000      477.7500   176838    4.45%          x69_20 D   4800   4799     10
   4846  3806      494.0208   161      500.0000      477.8251   179060    4.43%          x58_41 U   4846   1859     17
   4918  3870      495.5000    74      500.0000      477.8854   180481    4.42%           x70_3 U   4918   4917     65
Elapsed time = 66.38 sec. (83403.67 ticks, tree = 78.32 MB, solutions = 1)
   4973  3911      489.5408   124      500.0000      477.9583   181683    4.41%          x12_35 D   4973   4972     36
   5022  3955      495.2500    93      500.0000      477.9844   182860    4.40%           x6_21 N   5022   5021     33
   5076  3996      485.5000    98      500.0000      478.0000   184785    4.40%          x69_19 D   5076   5075     12
   5120  4024      491.2500   174      500.0000      478.0000   186746    4.40%          x63_21 D   5120   5119     22
   5170  4058      490.1111   178      500.0000      478.0526   188942    4.39%          x79_13 D   5170   5169     21
   5207  4081      481.9000   115      500.0000      478.0714   190832    4.39%          x66_81 D   5207   5206     15
   5266  4130      481.0197   187      500.0000      478.1017   192799    4.38%          x35_57 D   5266   5265     16
   5320  4169      497.1101   190      500.0000      478.1373   194680    4.37%          x52_57 D   5320   5319     19
   5373  4210      490.5000   150      500.0000      478.1667   196312    4.37%          x35_57 D   5373   5372     16
   5562  4344      490.9706   141      500.0000      478.3472   204433    4.33%          x78_63 U   5562   5561     35
Elapsed time = 75.00 sec. (95918.67 ticks, tree = 91.36 MB, solutions = 1)
   5759  4505      497.9417   141      500.0000      478.4483   211144    4.31%          x53_28 D   5759   5758     58
   5951  4635      496.0000    95      500.0000      478.5714   219258    4.29%          x40_19 U   5951   1603     11
   6132  4769      480.2250   170      500.0000      478.6800   226949    4.26%          x25_45 N   6132     56     16
   6337  4921      486.3247   188      500.0000      478.8411   234290    4.23%          x79_80 D   6337   6336     12
   6560  5103      483.5349   190      500.0000      479.0000   240926    4.20%          x44_35 U   6560   1305     13
   6778  5279      494.5826   194      500.0000      479.0000   248182    4.20%          x63_21 D   6778   6777     31
   6961  5407      497.7516   178      500.0000      479.0833   255768    4.18%          x30_60 D   6961   6960     44
   7162  5560      488.8000    71      500.0000      479.2167   262917    4.16%           x3_11 D   7162   7161     15
   7340  5696      493.0000    81      500.0000      479.2500   269516    4.15%          x66_80 U   7340   7339     33
   7537  5839      487.5000    85      500.0000      479.3889   277231    4.12%          x57_69 U   7537   7536     28
Elapsed time = 101.37 sec. (134220.34 ticks, tree = 134.53 MB, solutions = 1)
   7741  5985      498.5000    45      500.0000      479.5000   283804    4.10%          x64_40 N   7741   7740     37
   7917  6106      489.9750   160      500.0000      479.5385   290838    4.09%          x57_69 N   7917   7916     27
   8126  6263      489.1941   198      500.0000      479.6667   297000    4.07%          x66_81 D   8126   8125     14
   8325  6409        cutoff            500.0000      479.7500   304382    4.05%          x40_19 U   8325   8323     24
   8509  6535      487.5923   204      500.0000      479.8797   311423    4.02%          x69_20 U   8509   1793     16
   8704  6672      490.6326   193      500.0000      479.9814   318450    4.00%          x69_19 U   8704   8703     16
   8893  6811      484.0000    84      500.0000      480.0000   324935    4.00%          x44_66 D   8893   8892     16
   9087  6953        cutoff            500.0000      480.0714   332334    3.99%          x44_35 U   9087   9085     21
   9294  7113      495.0000    65      500.0000      480.1667   338500    3.97%          x77_30 U   9294   9293     56
   9472  7239        cutoff            500.0000      480.2143   346316    3.96%          x69_79 U   9472   9470     25
Elapsed time = 126.60 sec. (172471.49 ticks, tree = 169.79 MB, solutions = 1)
   9686  7382      496.6667   174      500.0000      480.3214   352653    3.94%          x57_69 D   9686   9685     16
   9881  7523      492.4794   196      500.0000      480.4444   359407    3.91%          x79_57 D   9881   9880     20
  10045  7639      496.0000    21      500.0000      480.5000   366199    3.90%           x30_2 N  10045  10044     58
  10241  7775      495.3636    70      500.0000      480.5000   371098    3.90%          x72_59 D  10241  10240     51
  10425  7929      484.1250   177      500.0000      480.5833   375591    3.88%          x44_66 N  10425   3260     18
  10593  8041        cutoff            500.0000      480.6667   383121    3.87%          x52_79 U  10593  10591     19
  10796  8211      491.7778    37      500.0000      480.7500   388271    3.85%          x68_75 N  10796  10795    127
  10919  8302      498.6000   180      500.0000      480.7692   391369    3.85%          x52_81 D  10919  10918     31
  11080  8413      498.8333    93      500.0000      480.8238   397927    3.84%          x59_66 D  11080  11079     47
  11262  8552      493.6687   208      500.0000      480.8974   404913    3.82%          x79_80 U  11262   1308     16
Elapsed time = 150.20 sec. (210930.19 ticks, tree = 203.04 MB, solutions = 1)
  11419  8660      492.8750    85      500.0000      481.0000   412731    3.80%          x78_21 D  11419  11418     22
  11582  8784      493.5000    85      500.0000      481.0000   417280    3.80%          x44_66 D  11582  11581     10
  11749  8904      496.5000    44      500.0000      481.0000   423062    3.80%          x78_47 D  11749  11748     43
  11941  9065      496.5000    92      500.0000      481.0734   428252    3.79%          x69_19 N  11941  11939     20
  12091  9166      492.4118   190      500.0000      481.1250   434739    3.78%          x20_52 D  12091  12090     24
  12240  9265      490.9903   192      500.0000      481.2500   441602    3.75%          x33_35 D  12240  12239     26
  12430  9408      494.5000    55      500.0000      481.3333   447706    3.73%          x47_76 D  12430  12429     60
  12576  9510        cutoff            500.0000      481.3934   452981    3.72%           x31_4 N  12576  12574     34
  12724  9603        cutoff            500.0000      481.5000   459010    3.70%          x79_80 D  12724  12723     15
  12878  9722      491.5000    95      500.0000      481.5000   464714    3.70%          x78_12 D  12878  12877     41
Elapsed time = 173.39 sec. (249251.13 ticks, tree = 235.38 MB, solutions = 1)
  13034  9841      482.7500   102      500.0000      481.5000   470497    3.70%          x40_41 D  13034  13033     18
  13180  9929      494.7867   158      500.0000      481.6250   476814    3.67%           x5_16 D  13180  13178     24
  13319 10013      498.3500   183      500.0000      481.7115   483745    3.66%          x69_35 U  13319  13317     20
  13474 10109        cutoff            500.0000      481.7500   489819    3.65%          x66_17 D  13474  13473     25
  13607 10177        cutoff            500.0000      481.8333   496197    3.63%          x53_79 U  13607  13605     15
  13773 10307      495.4375   177      500.0000      481.9111   502932    3.62%          x69_19 D  13773  13772     23
  13918 10399      489.2500    84      500.0000      482.0000   509664    3.60%          x44_79 D  13918  13916     18
  14100 10539      493.0000    20      500.0000      482.0000   514993    3.60%           x4_10 U  14100  14099     48
  14251 10648      495.0000    36      500.0000      482.0000   519809    3.60%          x59_53 U  14251  14250     36
  14390 10731      490.2500    77      500.0000      482.0000   525882    3.60%          x59_21 D  14390  14389     28
Elapsed time = 196.36 sec. (287572.50 ticks, tree = 267.38 MB, solutions = 1)
  14560 10881        cutoff            500.0000      482.0238   530479    3.60%          x57_69 N  14560  14558     22
  14685 10956      486.0000    76      500.0000      482.1250   536935    3.57%          x59_35 D  14685  14684     13
  14857 11102      497.0000    87      500.0000      482.1316   542477    3.57%          x78_11 D  14857  14856     49
* 14982  7864      integral     0      496.0000      482.1596   547858    2.79%
  14995  7862      491.0714   206      496.0000      482.1858   548638    2.79%          x58_41 D  14995  14994     15
  15168  7986        cutoff            496.0000      482.2222   553777    2.78%          x44_66 D  15168  15167     21
  15312  8059      492.0000    96      496.0000      482.3333   559985    2.76%          x44_66 D  15312  15311     18
  15441  8120        cutoff            496.0000      482.4483   566667    2.73%          x16_41 U  15441   6822     12
  15618  8236        cutoff            496.0000      482.5000   572001    2.72%          x44_17 D  15618  15617     21
* 15737  5446      integral     0      493.0000      482.5000   575352    2.13%
  15794  5473        cutoff            493.0000      482.5000   577093    2.13%          x41_57 D  15794  15792     22
  15938  5510      491.5833   111      493.0000      482.6600   584160    2.10%          x17_80 U  15938    598     24
Elapsed time = 218.53 sec. (325939.44 ticks, tree = 136.89 MB, solutions = 3)
  16095  5582      491.1622   179      493.0000      482.7619   590190    2.08%          x79_20 U  16095  16094     20
  16246  5651        cutoff            493.0000      482.9067   596371    2.05%          x33_53 U  16246  16244     22
  16391  5693        cutoff            493.0000      483.0000   602741    2.03%          x44_53 U  16391  16389     14
  16530  5726      489.0000   188      493.0000      483.0227   609603    2.02%          x44_35 U  16530    969      5
  16674  5748        cutoff            493.0000      483.2186   615886    1.98%          x69_19 D  16674  16673     19
  16836  5839      491.5333   172      493.0000      483.2857   620228    1.97%          x69_19 U  16836  16835     21
  16964  5865      490.0000   157      493.0000      483.4138   626713    1.94%           x16_5 U  16964   3394     15
  17102  5924      488.6667    92      493.0000      483.5000   631442    1.93%          x18_78 D  17102  17101     33
  17278  6014      484.6250    78      493.0000      483.5122   636426    1.92%          x59_35 U  17278   4949     13
  17458  6109        cutoff            493.0000      483.6667   641519    1.89%          x66_81 U  17458  17456     12
Elapsed time = 239.69 sec. (364286.75 ticks, tree = 155.14 MB, solutions = 3)
  17588  6118      491.1429    71      493.0000      483.8000   647883    1.87%          x59_11 U  17588  10693     25
  17731  6161      491.5909   195      493.0000      483.9167   653564    1.84%          x79_20 U  17731  17730     26
  17898  6260      491.0000     8      493.0000      484.0000   658415    1.83%          x10_30 U  17898  17896     38
  18067  6376        cutoff            493.0000      484.0000   662962    1.83%          x48_22 D  18067  18066     39
  18235  6442      490.9545   189      493.0000      484.0000   668200    1.83%          x69_35 D  18235  18234     26
  18367  6469        cutoff            493.0000      484.1500   674374    1.80%          x79_80 U  18367  12293     22
  18499  6489      486.4682   206      493.0000      484.2500   680674    1.77%          x44_66 N  18499   1060     20
  18659  6583      490.5000    61      493.0000      484.2889   685551    1.77%           x5_16 N  18659  18658     19
  18786  6594      491.8036   174      493.0000      484.3750   691606    1.75%          x66_20 U  18786  12506     23
* 18800+ 5526                          492.0000      484.3889             1.55%
  18923  5567      490.0455    36      492.0000      484.5000   696880    1.52%          x31_39 D  18923  18922     47
Elapsed time = 261.01 sec. (402837.49 ticks, tree = 148.57 MB, solutions = 4)
  19080  5648        cutoff            492.0000      484.5000   702247    1.52%          x33_44 U  19080  17220     20
  19232  5684        cutoff            492.0000      484.5000   707427    1.52%          x66_17 U  19232   1155     23
  19388  5712        cutoff            492.0000      484.6250   712989    1.50%          x20_79 U  19388   6444     15
  19564  5779      487.0833    96      492.0000      484.7302   718111    1.48%          x21_53 D  19564  19563     22
  19723  5816      485.9947   188      492.0000      484.8060   723851    1.46%          x57_69 U  19723   8124     13
  19871  5826        cutoff            492.0000      484.8889   729292    1.45%          x44_66 U  19871   3606     17
  20036  5872      488.8125    71      492.0000      485.0000   734861    1.42%          x28_18 D  20036  20035     38
  20227  5957        cutoff            492.0000      485.0000   739211    1.42%           x65_1 U  20227  20225     30
  20424  6067      490.0000    42      492.0000      485.0000   744789    1.42%           x65_1 D  20424  20423     34
  20585  6105        cutoff            492.0000      485.0106   750271    1.42%          x52_79 D  20585  20584     21
Elapsed time = 282.10 sec. (441150.95 ticks, tree = 171.73 MB, solutions = 4)
  20708  6089      488.7876   180      492.0000      485.1667   755888    1.39%          x63_21 N  20708   4278     29
  20857  6105      487.0000    82      492.0000      485.2500   761402    1.37%          x41_57 U  20857   2167     12
  21001  6110      488.1538    95      492.0000      485.3750   766894    1.35%          x59_17 D  21001  20999     16
  21146  6111        cutoff            492.0000      485.4900   772691    1.32%          x33_44 U  21146  21144     21
  21347  6208        cutoff            492.0000      485.5000   777209    1.32%          x12_53 U  21347  21345     17
  21510  6252        cutoff            492.0000      485.5000   782393    1.32%          x44_66 D  21510  13044     29
  21644  6245        cutoff            492.0000      485.5795   787766    1.30%           x16_5 U  21644  10081     14
  21802  6273      488.1667    78      492.0000      485.6667   792890    1.29%          x78_47 D  21802  21801     17
  21963  6312        cutoff            492.0000      485.7143   798142    1.28%          x44_35 U  21963   3018     26
  22130  6347        cutoff            492.0000      485.7763   802874    1.26%          x69_19 D  22130   1827     19
Elapsed time = 303.19 sec. (479471.92 ticks, tree = 186.05 MB, solutions = 4)
  22277  6342        cutoff            492.0000      485.8750   808530    1.24%           x76_6 D  22277  22275     25
  22423  6340        cutoff            492.0000      485.9637   813870    1.23%          x41_69 U  22423  22421     20
* 22532  5017      integral     0      491.0000      486.0000   816996    1.02%
  22607  5048        cutoff            491.0000      486.0000   818934    1.02%          x11_28 D  22607  22606     29
  22766  5123      489.6667    33      491.0000      486.0000   822150    1.02%          x11_59 N  22766  17332     32
  22935  5171      488.0000    85      491.0000      486.0000   826262    1.02%          x63_21 D  22935  22934     26
  23093  5183        cutoff            491.0000      486.0000   831729    1.02%          x69_19 U  23093  23092     17
  23230  5171        cutoff            491.0000      486.1250   836753    0.99%          x69_19 U  23230  12730     18
  23380  5193      488.0909   142      491.0000      486.1709   842434    0.98%          x72_11 U  23380  14077     26
  23545  5193        cutoff            491.0000      486.2647   847579    0.96%          x25_41 U  23545  11991      8
  23679  5145        cutoff            491.0000      486.3889   852378    0.94%          x35_51 U  23679  23677     28
Elapsed time = 323.49 sec. (517759.36 ticks, tree = 152.42 MB, solutions = 5)
  23831  5126        cutoff            491.0000      486.5000   857285    0.92%          x44_35 U  23831   3791     17
  24024  5193      487.5000    26      491.0000      486.5000   861486    0.92%          x72_12 U  24024  16472     29
  24201  5210      487.0000    86      491.0000      486.5000   866351    0.92%          x53_66 U  24201   6139     24
  24346  5177        cutoff            491.0000      486.5217   871412    0.91%          x17_79 U  24346   4763     22
  24515  5179        cutoff            491.0000      486.6118   876119    0.89%           x28_3 U  24515  24513     22
  24668  5141      487.5000    14      491.0000      486.6765   880494    0.88%           x65_1 U  24668  18910     35
* 24679  3411      integral     0      490.0000      486.6765   880579    0.68%
  24831  3348      487.0909    79      490.0000      486.8000   883701    0.65%          x75_77 D  24831  24830     25
  24986  3274        cutoff            490.0000      486.9630   887594    0.62%          x20_79 U  24986   3647      9
  25162  3260        cutoff            490.0000      487.0000   891949    0.61%          x72_12 U  25162  17294     30
  25311  3240      489.0000    34      490.0000      487.0000   895279    0.61%          x72_11 N  25311  25310     27
Elapsed time = 343.90 sec. (556040.95 ticks, tree = 95.94 MB, solutions = 6)
  25464  3223      488.0000    44      490.0000      487.0000   898622    0.61%           x28_3 N  25464  17154     12
  25625  3137        cutoff            490.0000      487.0533   902226    0.60%          x35_79 U  25625   5140     21
  25789  3087      488.6667   105      490.0000      487.1923   906163    0.57%          x44_66 U  25789  16390     15
  25941  3005      488.6667   110      490.0000      487.3000   910309    0.55%          x41_57 N  25941   9821     26
  26094  2915      488.5000    78      490.0000      487.4167   914058    0.53%          x21_53 U  26094  26092     26
  26253  2841        cutoff            490.0000      487.5000   917484    0.51%           x6_78 D  26253  26252     31
  26415  2781        cutoff            490.0000      487.5000   921519    0.51%          x21_63 U  26415  26413     18
  26578  2676        cutoff            490.0000      487.5246   924803    0.51%          x11_18 U  26578  18964     32
  26747  2588        cutoff            490.0000      487.6667   928198    0.48%          x78_47 U  26747  19031     26
  26924  2514      489.0000    74      490.0000      487.7500   931206    0.46%          x78_47 N  26924  23342     29
Elapsed time = 363.15 sec. (594437.96 ticks, tree = 74.33 MB, solutions = 6)
  27082  2409        cutoff            490.0000      487.8333   934022    0.44%          x20_79 D  27082   6971     21
  27244  2283        cutoff            490.0000      488.0000   936856    0.41%          x20_79 D  27244  20874     21
  27404  2220      489.0000    35      490.0000      488.0000   941054    0.41%           x65_1 N  27404  22833     24
  27552  2130        cutoff            490.0000      488.0000   944499    0.41%          x28_18 U  27552  18998     22
  27709  2032        cutoff            490.0000      488.0000   947499    0.41%          x33_44 U  27709  25643     28
  27858  1929        cutoff            490.0000      488.0250   950025    0.40%          x44_17 U  27858    111     22
  28018  1804        cutoff            490.0000      488.1667   952168    0.37%          x63_76 U  28018  16718     38
  28182  1675        cutoff            490.0000      488.2571   954555    0.36%          x58_41 U  28182  13986     30
  28347  1551        cutoff            490.0000      488.3523   956532    0.34%          x28_18 U  28347  23751     33
  28509  1428        cutoff            490.0000      488.5000   958453    0.31%          x60_35 U  28509   3019     27
Elapsed time = 381.02 sec. (632836.41 ticks, tree = 41.30 MB, solutions = 6)
  28670  1318      489.0000    39      490.0000      488.5000   960753    0.31%           x65_1 N  28670  22599     31
  28837  1180        cutoff            490.0000      488.5000   963228    0.31%          x35_79 U  28837  20982     19
  29000  1041        cutoff            490.0000      488.5492   965529    0.30%          x35_57 U  29000  20653     16
  29177   883        cutoff            490.0000      488.6667   967218    0.27%          x69_19 D  29177   5740     40
  29352   722        cutoff            490.0000      488.7795   968708    0.25%          x25_41 U  29352  23405     11
  29534   547        cutoff            490.0000      488.9038   969505    0.22%           x28_3 U  29534  20728     26
  29701   408        cutoff            490.0000      489.0000   970605    0.20%           x65_1 U  29701  23929     35
  29889   232        cutoff            490.0000      489.0000   972075    0.20%          x18_78 U  29889  22847     19
  30066    67        cutoff            490.0000      489.0000   973723    0.20%          x40_41 D  30066   1832     24

Cover cuts applied:  1
Zero-half cuts applied:  1
Gomory fractional cuts applied:  3
User cuts applied:  5180

Root node processing (before b&c):
  Real time             =    0.78 sec. (1986.52 ticks)
Sequential b&c:
  Real time             =  394.08 sec. (667097.54 ticks)
                          ------------
Total (root+branch&cut) =  394.86 sec. (669084.06 ticks)

