Version identifier: 22.1.0.0 | 2022-03-09 | 1a383f8ce
CPXPARAM_Preprocessing_Reduce                    1
CPXPARAM_Threads                                 1
CPXPARAM_Preprocessing_Reformulations            0
CPXPARAM_TimeLimit                               10800
CPXPARAM_MIP_Tolerances_AbsMIPGap                0.999
CPXPARAM_MIP_Limits_TreeMemory                   20000
Legacy callback                                  BbLUID
         Disabling repeat represolve because of lazy constraint/incumbent callback.
1 of 1 MIP starts provided solutions.
MIP start 'm1' defined initial solution with objective 565.0000.
Tried aggregator 2 times.
MIP Presolve eliminated 5186 rows and 0 columns.
MIP Presolve modified 570 coefficients.
Aggregator did 4 substitutions.
Reduced MIP has 728 rows, 2187 columns, and 10041 nonzeros.
Reduced MIP has 2187 binaries, 0 generals, 0 SOSs, and 0 indicators.
Presolve time = 0.01 sec. (10.45 ticks)
Probing time = 0.00 sec. (2.62 ticks)
Clique table members: 728.
MIP emphasis: balance optimality and feasibility.
MIP search method: traditional branch-and-cut.
Parallel mode: none, using 1 thread.
Root relaxation solution time = 0.00 sec. (2.36 ticks)

        Nodes                                         Cuts/
   Node  Left     Objective  IInf  Best Integer    Best Bound    ItCnt     Gap         Variable B NodeID Parent  Depth

*     0+    0                          565.0000       87.0000            84.60%
      0     0      509.5000    30      565.0000      509.5000      128    9.82%
      0     0      555.0000    38      565.0000     Cuts: 105      184    1.77%
      0     0      558.5000    48      565.0000      Cuts: 33      211    1.15%
      0     0      558.5000    54      565.0000       Cuts: 8      220    1.15%
      0     0      559.1667    40      565.0000       Cuts: 9      230    1.03%
      0     0      560.3333    47      565.0000      Cuts: 20      242    0.83%
      0     0      560.5000    38      565.0000       Cuts: 6      248    0.80%
      0     0      561.0000    39      565.0000       Cuts: 9      261    0.71%
      0     0      562.6667    20      565.0000      Cuts: 18      262    0.41%
      0     0      563.5000    10      565.0000      Cuts: 14      263    0.27%
      0     0      563.6667    13      565.0000   ZeroHalf: 1      266    0.24%
      0     0        cutoff            565.0000                    268    0.00%                        0             0
Elapsed time = 0.09 sec. (107.66 ticks, tree = 0.01 MB, solutions = 1)

Cover cuts applied:  1
Zero-half cuts applied:  33
Lift and project cuts applied:  1
User cuts applied:  268

Root node processing (before b&c):
  Real time             =    0.09 sec. (107.70 ticks)
Sequential b&c:
  Real time             =    0.00 sec. (0.00 ticks)
                          ------------
Total (root+branch&cut) =    0.09 sec. (107.70 ticks)

