Version identifier: 22.1.0.0 | 2022-03-09 | 1a383f8ce
CPXPARAM_Preprocessing_Reduce                    1
CPXPARAM_Threads                                 1
CPXPARAM_Preprocessing_Reformulations            0
CPXPARAM_TimeLimit                               10800
CPXPARAM_MIP_Tolerances_AbsMIPGap                0.999
CPXPARAM_MIP_Limits_TreeMemory                   20000
Legacy callback                                  BbLUID
         Disabling repeat represolve because of lazy constraint/incumbent callback.
1 of 1 MIP starts provided solutions.
MIP start 'm1' defined initial solution with objective 438.0000.
Tried aggregator 1 time.
MIP Presolve eliminated 6145 rows and 0 columns.
MIP Presolve modified 555 coefficients.
Reduced MIP has 717 rows, 2875 columns, and 12510 nonzeros.
Reduced MIP has 2875 binaries, 0 generals, 0 SOSs, and 0 indicators.
Presolve time = 0.01 sec. (11.50 ticks)
Probing time = 0.00 sec. (2.80 ticks)
Clique table members: 717.
MIP emphasis: balance optimality and feasibility.
MIP search method: traditional branch-and-cut.
Parallel mode: none, using 1 thread.
Root relaxation solution time = 0.00 sec. (2.55 ticks)

        Nodes                                         Cuts/
   Node  Left     Objective  IInf  Best Integer    Best Bound    ItCnt     Gap         Variable B NodeID Parent  Depth

*     0+    0                          438.0000        0.0000           100.00%
      0     0      392.5000    32      438.0000      328.0000       98   25.11%
      0     0      398.7500    45      438.0000      Cuts: 29      127    8.96%
      0     0      403.7500    87      438.0000       Cuts: 8      156    7.82%
      0     0      404.7500    87      438.0000      Cuts: 13      174    7.59%
      0     0      405.5000    63      438.0000       Cuts: 8      181    7.42%
      0     0      406.0833    75      438.0000      Cuts: 29      188    7.29%
      0     0      406.4167   103      438.0000      Cuts: 12      198    7.21%
      0     0      406.7647   127      438.0000      Cuts: 13      215    7.13%
      0     0      407.0000   106      438.0000       Cuts: 4      222    7.08%
      0     0      409.6250   109      438.0000      Cuts: 23      240    6.48%
      0     0      410.5000    62      438.0000       Cuts: 9      253    6.28%
      0     0      411.5714    85      438.0000       Cuts: 7      270    6.03%
      0     0      411.5714    84      438.0000       Cuts: 2      275    6.03%
      0     0      411.6667    50      438.0000       User: 1      277    6.01%
      0     0      411.7500    40      438.0000       User: 1      283    5.99%
      0     0      411.8333    52      438.0000      Cuts: 10      287    5.97%
      0     0      412.2857    81      438.0000       Cuts: 6      290    5.87%
      0     0      412.3333    52      438.0000       Cuts: 2      293    5.86%
      0     0      412.6667    97      438.0000       User: 1      314    5.78%
      0     0      412.8172   113      438.0000       Cuts: 9      324    5.75%
      0     0      413.1154   138      438.0000       Cuts: 9      334    5.68%
      0     0      413.5000   125      438.0000       Cuts: 5      345    5.59%
      0     0      413.5000   130      438.0000   ZeroHalf: 2      349    5.59%
      0     2      413.5000   122      438.0000      413.5000      349    5.59%                        0             0
Elapsed time = 0.36 sec. (453.27 ticks, tree = 0.01 MB, solutions = 1)
      9    11      422.0000    56      438.0000      415.1667      576    5.21%          x35_53 N      9      8      6
*    25    23      integral     0      431.0000      415.1667      762    3.67%          x67_69 N     25     24     18
     74    61      424.1406   100      431.0000      416.5000     1410    3.36%          x35_65 N     74     73     16
    132    99        cutoff            431.0000      416.7500     1940    3.31%          x69_67 D    132    130     17
*   183   102      integral     0      427.0000      417.0000     2502    2.34%
*   187    59      integral     0      424.0000      417.0000     2513    1.65%
    209    71      423.0000    15      424.0000      417.5833     2762    1.51%          x54_44 D    209    208     22
    329   109      420.6667    98      424.0000      419.2000     4220    1.13%          x64_10 U    329    166      7
    460   102      422.3958    72      424.0000      420.8333     5640    0.75%          x21_64 U    460    170     11
*   476    48      integral     0      423.0000      421.0000     5745    0.47%

Zero-half cuts applied:  19
Gomory fractional cuts applied:  2
User cuts applied:  700

Root node processing (before b&c):
  Real time             =    0.36 sec. (452.74 ticks)
Sequential b&c:
  Real time             =    2.14 sec. (1735.33 ticks)
                          ------------
Total (root+branch&cut) =    2.51 sec. (2188.06 ticks)

