Version identifier: 22.1.0.0 | 2022-03-09 | 1a383f8ce
CPXPARAM_Preprocessing_Reduce                    1
CPXPARAM_Threads                                 1
CPXPARAM_Preprocessing_Reformulations            0
CPXPARAM_TimeLimit                               10800
CPXPARAM_MIP_Tolerances_AbsMIPGap                0.999
CPXPARAM_MIP_Limits_TreeMemory                   20000
Legacy callback                                  BbLUID
         Disabling repeat represolve because of lazy constraint/incumbent callback.
Tried aggregator 2 times.
MIP Presolve eliminated 77 rows and 8 columns.
MIP Presolve modified 41 coefficients.
Aggregator did 27 substitutions.
Reduced MIP has 117 rows, 216 columns, and 581 nonzeros.
Reduced MIP has 216 binaries, 0 generals, 0 SOSs, and 0 indicators.
Presolve time = 0.00 sec. (0.37 ticks)
Probing time = 0.00 sec. (0.23 ticks)
Clique table members: 121.
MIP emphasis: balance optimality and feasibility.
MIP search method: traditional branch-and-cut.
Parallel mode: none, using 1 thread.
Root relaxation solution time = 0.00 sec. (0.21 ticks)

        Nodes                                         Cuts/
   Node  Left     Objective  IInf  Best Integer    Best Bound    ItCnt     Gap         Variable B NodeID Parent  Depth

      0     0     1183.7500     8                   1146.5000       36         
      0     0     1187.1000    11                     Cuts: 5       40         
      0     0     1189.3000    12                     Cuts: 7       45         
      0     0     1189.6000    12                     Cuts: 6       49         
      0     0     1189.6000    12                     Cuts: 3       50         
*     0+    0                         1189.6000     1189.6000             0.00%
      0     0        cutoff           1189.6000     1189.6000       50    0.00%                        0             0
Elapsed time = 0.02 sec. (11.33 ticks, tree = 0.01 MB, solutions = 1)

Cover cuts applied:  3
Zero-half cuts applied:  6
Gomory fractional cuts applied:  2
User cuts applied:  60

Root node processing (before b&c):
  Real time             =    0.02 sec. (11.34 ticks)
Sequential b&c:
  Real time             =    0.00 sec. (0.00 ticks)
                          ------------
Total (root+branch&cut) =    0.02 sec. (11.34 ticks)

