Version identifier: 22.1.0.0 | 2022-03-09 | 1a383f8ce
CPXPARAM_Preprocessing_Reduce                    1
CPXPARAM_Threads                                 1
CPXPARAM_Preprocessing_Reformulations            0
CPXPARAM_TimeLimit                               10800
CPXPARAM_MIP_Tolerances_AbsMIPGap                0.999
CPXPARAM_MIP_Limits_TreeMemory                   20000
Legacy callback                                  BbLUID
         Disabling repeat represolve because of lazy constraint/incumbent callback.
Tried aggregator 2 times.
MIP Presolve eliminated 71 rows and 20 columns.
MIP Presolve modified 29 coefficients.
Aggregator did 23 substitutions.
Reduced MIP has 85 rows, 142 columns, and 385 nonzeros.
Reduced MIP has 142 binaries, 0 generals, 0 SOSs, and 0 indicators.
Presolve time = 0.00 sec. (0.26 ticks)
Probing time = 0.00 sec. (0.15 ticks)
Clique table members: 163.
MIP emphasis: balance optimality and feasibility.
MIP search method: traditional branch-and-cut.
Parallel mode: none, using 1 thread.
Root relaxation solution time = 0.00 sec. (0.19 ticks)

        Nodes                                         Cuts/
   Node  Left     Objective  IInf  Best Integer    Best Bound    ItCnt     Gap         Variable B NodeID Parent  Depth

      0     0     1161.9000    10                   1145.9000       46         
      0     0     1166.0000    10                     Cuts: 7       51         
      0     0     1166.4500    10                     Cuts: 4       55         
      0     0     1167.7667    14                     Cuts: 3       64         
      0     0     1167.9000    17                 ZeroHalf: 9       71         
*     0     0      integral     0     1167.9000   ZeroHalf: 6       75    0.00%
      0     0        cutoff           1167.9000     1167.9000       75    0.00%                        0             0
Elapsed time = 0.04 sec. (10.23 ticks, tree = 0.01 MB, solutions = 1)

Cover cuts applied:  1
Zero-half cuts applied:  14
Lift and project cuts applied:  1
Gomory fractional cuts applied:  2
User cuts applied:  22

Root node processing (before b&c):
  Real time             =    0.04 sec. (10.24 ticks)
Sequential b&c:
  Real time             =    0.00 sec. (0.00 ticks)
                          ------------
Total (root+branch&cut) =    0.04 sec. (10.24 ticks)

