Version identifier: 22.1.0.0 | 2022-03-09 | 1a383f8ce
CPXPARAM_Preprocessing_Reduce                    1
CPXPARAM_Threads                                 1
CPXPARAM_Preprocessing_Reformulations            0
CPXPARAM_TimeLimit                               10800
CPXPARAM_MIP_Tolerances_AbsMIPGap                0.999
CPXPARAM_MIP_Limits_TreeMemory                   20000
Legacy callback                                  BbLUID
         Disabling repeat represolve because of lazy constraint/incumbent callback.
Tried aggregator 3 times.
MIP Presolve eliminated 55 rows and 18 columns.
MIP Presolve modified 15 coefficients.
Aggregator did 45 substitutions.
Reduced MIP has 55 rows, 85 columns, and 217 nonzeros.
Reduced MIP has 85 binaries, 0 generals, 0 SOSs, and 0 indicators.
Presolve time = 0.00 sec. (0.24 ticks)
Probing time = 0.00 sec. (0.07 ticks)
Clique table members: 113.
MIP emphasis: balance optimality and feasibility.
MIP search method: traditional branch-and-cut.
Parallel mode: none, using 1 thread.
Root relaxation solution time = 0.00 sec. (0.09 ticks)

        Nodes                                         Cuts/
   Node  Left     Objective  IInf  Best Integer    Best Bound    ItCnt     Gap         Variable B NodeID Parent  Depth

      0     0     1203.8500     8                   1187.1000       19         
*     0     0      integral     0     1220.1000       Cuts: 6       21    0.00%
      0     0        cutoff           1220.1000     1220.1000       21    0.00%                        0             0
Elapsed time = 0.01 sec. (2.04 ticks, tree = 0.01 MB, solutions = 1)

Cover cuts applied:  1
Zero-half cuts applied:  4
Gomory fractional cuts applied:  1
User cuts applied:  20

Root node processing (before b&c):
  Real time             =    0.01 sec. (2.04 ticks)
Sequential b&c:
  Real time             =    0.00 sec. (0.00 ticks)
                          ------------
Total (root+branch&cut) =    0.01 sec. (2.04 ticks)

