Version identifier: 22.1.0.0 | 2022-03-09 | 1a383f8ce
CPXPARAM_Preprocessing_Reduce                    1
CPXPARAM_Threads                                 1
CPXPARAM_Preprocessing_Reformulations            0
CPXPARAM_TimeLimit                               10800
CPXPARAM_MIP_Tolerances_AbsMIPGap                0.999
CPXPARAM_MIP_Limits_TreeMemory                   20000
Legacy callback                                  BbLUID
         Disabling repeat represolve because of lazy constraint/incumbent callback.
1 of 1 MIP starts provided solutions.
MIP start 'm1' defined initial solution with objective 1162.6000.
Tried aggregator 2 times.
MIP Presolve eliminated 76 rows and 36 columns.
MIP Presolve modified 5 coefficients.
Aggregator did 27 substitutions.
Reduced MIP has 22 rows, 34 columns, and 73 nonzeros.
Reduced MIP has 34 binaries, 0 generals, 0 SOSs, and 0 indicators.
Presolve time = 0.00 sec. (0.10 ticks)
Probing time = 0.00 sec. (0.03 ticks)
Clique table members: 67.
MIP emphasis: balance optimality and feasibility.
MIP search method: traditional branch-and-cut.
Parallel mode: none, using 1 thread.
Root relaxation solution time = 0.00 sec. (0.03 ticks)

        Nodes                                         Cuts/
   Node  Left     Objective  IInf  Best Integer    Best Bound    ItCnt     Gap         Variable B NodeID Parent  Depth

*     0+    0                         1162.6000     1084.7000             6.70%
      0     0     1160.2333     7     1162.6000     1157.5000        7    0.44%
      0     0     1161.0500     3     1162.6000       Cuts: 6        8    0.13%
*     0     0      integral     0     1161.6000     1161.6000       10    0.00%                        0             0
Elapsed time = 0.02 sec. (0.99 ticks, tree = 0.01 MB, solutions = 2)

Zero-half cuts applied:  1
Gomory fractional cuts applied:  1
User cuts applied:  8

Root node processing (before b&c):
  Real time             =    0.02 sec. (1.00 ticks)
Sequential b&c:
  Real time             =    0.00 sec. (0.00 ticks)
                          ------------
Total (root+branch&cut) =    0.02 sec. (1.00 ticks)

