Version identifier: 22.1.0.0 | 2022-03-09 | 1a383f8ce
CPXPARAM_Preprocessing_Reduce                    1
CPXPARAM_Threads                                 1
CPXPARAM_Preprocessing_Reformulations            0
CPXPARAM_TimeLimit                               10800
CPXPARAM_MIP_Tolerances_AbsMIPGap                0.999
CPXPARAM_MIP_Limits_TreeMemory                   20000
Legacy callback                                  BbLUID
         Disabling repeat represolve because of lazy constraint/incumbent callback.
1 of 1 MIP starts provided solutions.
MIP start 'm1' defined initial solution with objective 736.0000.
Tried aggregator 2 times.
MIP Presolve eliminated 687 rows and 5 columns.
MIP Presolve modified 217 coefficients.
Aggregator did 12 substitutions.
Reduced MIP has 399 rows, 1026 columns, and 3176 nonzeros.
Reduced MIP has 1026 binaries, 0 generals, 0 SOSs, and 0 indicators.
Presolve time = 0.00 sec. (2.08 ticks)
Probing time = 0.00 sec. (1.60 ticks)
Clique table members: 399.
MIP emphasis: balance optimality and feasibility.
MIP search method: traditional branch-and-cut.
Parallel mode: none, using 1 thread.
Root relaxation solution time = 0.00 sec. (1.35 ticks)

        Nodes                                         Cuts/
   Node  Left     Objective  IInf  Best Integer    Best Bound    ItCnt     Gap         Variable B NodeID Parent  Depth

*     0+    0                          736.0000      287.0000            61.01%
      0     0      734.0000    19      736.0000      686.0000      146    6.79%
      0     0      734.6667    15      736.0000       User: 4      146    0.18%
      0     0      734.6667    15      736.0000       User: 5      147    0.18%
      0     0        cutoff            736.0000                    149    0.00%                        0             0
Elapsed time = 0.04 sec. (29.70 ticks, tree = 0.01 MB, solutions = 1)

User cuts applied:  160

Root node processing (before b&c):
  Real time             =    0.04 sec. (29.72 ticks)
Sequential b&c:
  Real time             =    0.00 sec. (0.00 ticks)
                          ------------
Total (root+branch&cut) =    0.04 sec. (29.72 ticks)

