Version identifier: 22.1.0.0 | 2022-03-09 | 1a383f8ce
CPXPARAM_Preprocessing_Reduce                    1
CPXPARAM_Threads                                 1
CPXPARAM_Preprocessing_Reformulations            0
CPXPARAM_TimeLimit                               10800
CPXPARAM_MIP_Tolerances_AbsMIPGap                0.999
CPXPARAM_MIP_Limits_TreeMemory                   20000
Legacy callback                                  BbLUID
         Disabling repeat represolve because of lazy constraint/incumbent callback.
1 of 1 MIP starts provided solutions.
MIP start 'm1' defined initial solution with objective 657.0000.
Tried aggregator 2 times.
MIP Presolve eliminated 2713 rows and 1 columns.
MIP Presolve modified 409 coefficients.
Aggregator did 9 substitutions.
Reduced MIP has 599 rows, 1887 columns, and 7012 nonzeros.
Reduced MIP has 1887 binaries, 0 generals, 0 SOSs, and 0 indicators.
Presolve time = 0.00 sec. (5.85 ticks)
Probing time = 0.00 sec. (2.39 ticks)
Clique table members: 599.
MIP emphasis: balance optimality and feasibility.
MIP search method: traditional branch-and-cut.
Parallel mode: none, using 1 thread.
Root relaxation solution time = 0.00 sec. (1.97 ticks)

        Nodes                                         Cuts/
   Node  Left     Objective  IInf  Best Integer    Best Bound    ItCnt     Gap         Variable B NodeID Parent  Depth

*     0+    0                          657.0000      186.0000            71.69%
      0     0      623.5000    34      657.0000      587.0000      200   10.65%
      0     0      637.0000    59      657.0000      Cuts: 52      267    3.04%
      0     0      640.0000    16      657.0000      Cuts: 33      288    2.59%
      0     0      643.5000    42      657.0000      Cuts: 47      313    2.05%
      0     0      645.6429    35      657.0000      Cuts: 14      328    1.73%
      0     0      648.5000    25      657.0000       Cuts: 8      344    1.29%
      0     0      649.3636    41      657.0000      Cuts: 18      351    1.16%
      0     0      652.2500    33      657.0000       Cuts: 8      379    0.72%
      0     0      653.5000    12      657.0000      Cuts: 20      385    0.53%
      0     0      654.0000    41      657.0000   ZeroHalf: 1      389    0.46%
      0     0      654.0000    20      657.0000      Cuts: 14      395    0.46%
      0     0      654.0000     8      657.0000       User: 1      395    0.46%
      0     2      654.0000    12      657.0000      654.0000      395    0.46%                        0             0
Elapsed time = 0.13 sec. (134.47 ticks, tree = 0.01 MB, solutions = 1)
*     2     1      integral     0      655.0000      654.3333      423    0.10%

Clique cuts applied:  1
Zero-half cuts applied:  29
Gomory fractional cuts applied:  4
User cuts applied:  384

Root node processing (before b&c):
  Real time             =    0.13 sec. (134.47 ticks)
Sequential b&c:
  Real time             =    0.01 sec. (10.14 ticks)
                          ------------
Total (root+branch&cut) =    0.14 sec. (144.60 ticks)

