Version identifier: 22.1.0.0 | 2022-03-09 | 1a383f8ce
CPXPARAM_Preprocessing_Reduce                    1
CPXPARAM_Threads                                 1
CPXPARAM_Preprocessing_Reformulations            0
CPXPARAM_TimeLimit                               10800
CPXPARAM_MIP_Tolerances_AbsMIPGap                0.999
CPXPARAM_MIP_Limits_TreeMemory                   20000
Legacy callback                                  BbLUID
         Disabling repeat represolve because of lazy constraint/incumbent callback.
1 of 1 MIP starts provided solutions.
MIP start 'm1' defined initial solution with objective 715.0000.
Tried aggregator 2 times.
MIP Presolve eliminated 143 rows and 11 columns.
MIP Presolve modified 56 coefficients.
Aggregator did 24 substitutions.
Reduced MIP has 217 rows, 450 columns, and 1136 nonzeros.
Reduced MIP has 450 binaries, 0 generals, 0 SOSs, and 0 indicators.
Presolve time = 0.00 sec. (0.69 ticks)
Probing changed sense of 1 constraints.
Probing time = 0.00 sec. (0.48 ticks)
Clique table members: 259.
MIP emphasis: balance optimality and feasibility.
MIP search method: traditional branch-and-cut.
Parallel mode: none, using 1 thread.
Root relaxation solution time = 0.00 sec. (0.57 ticks)

        Nodes                                         Cuts/
   Node  Left     Objective  IInf  Best Integer    Best Bound    ItCnt     Gap         Variable B NodeID Parent  Depth

*     0+    0                          715.0000      382.0000            46.57%
      0     0      711.0000     0      715.0000      701.0000      151    1.96%

User cuts applied:  38

Root node processing (before b&c):
  Real time             =    0.02 sec. (3.21 ticks)
Sequential b&c:
  Real time             =    0.00 sec. (0.00 ticks)
                          ------------
Total (root+branch&cut) =    0.02 sec. (3.21 ticks)

