Version identifier: 22.1.0.0 | 2022-03-09 | 1a383f8ce
CPXPARAM_Preprocessing_Reduce                    1
CPXPARAM_Threads                                 1
CPXPARAM_Preprocessing_Reformulations            0
CPXPARAM_TimeLimit                               10800
CPXPARAM_MIP_Tolerances_AbsMIPGap                0.999
CPXPARAM_MIP_Limits_TreeMemory                   20000
Legacy callback                                  BbLUID
         Disabling repeat represolve because of lazy constraint/incumbent callback.
1 of 1 MIP starts provided solutions.
MIP start 'm1' defined initial solution with objective 925.0000.
Tried aggregator 2 times.
MIP Presolve eliminated 369 rows and 14 columns.
MIP Presolve modified 180 coefficients.
Aggregator did 14 substitutions.
Reduced MIP has 452 rows, 953 columns, and 2677 nonzeros.
Reduced MIP has 953 binaries, 0 generals, 0 SOSs, and 0 indicators.
Presolve time = 0.00 sec. (1.59 ticks)
Probing time = 0.00 sec. (1.19 ticks)
Clique table members: 480.
MIP emphasis: balance optimality and feasibility.
MIP search method: traditional branch-and-cut.
Parallel mode: none, using 1 thread.
Root relaxation solution time = 0.00 sec. (1.38 ticks)

        Nodes                                         Cuts/
   Node  Left     Objective  IInf  Best Integer    Best Bound    ItCnt     Gap         Variable B NodeID Parent  Depth

*     0+    0                          925.0000      418.0000            54.81%
      0     0      921.0000     8      925.0000      891.0000      278    3.68%
      0     0      924.0000     8      925.0000      Cuts: 13      294    0.11%
      0     0        cutoff            925.0000                    295    0.00%                        0             0
Elapsed time = 0.07 sec. (20.91 ticks, tree = 0.01 MB, solutions = 1)

Cover cuts applied:  1
Zero-half cuts applied:  3
Lift and project cuts applied:  1
Gomory fractional cuts applied:  2
User cuts applied:  126

Root node processing (before b&c):
  Real time             =    0.07 sec. (20.92 ticks)
Sequential b&c:
  Real time             =    0.00 sec. (0.00 ticks)
                          ------------
Total (root+branch&cut) =    0.07 sec. (20.92 ticks)

