Version identifier: 22.1.0.0 | 2022-03-09 | 1a383f8ce
CPXPARAM_Preprocessing_Reduce                    1
CPXPARAM_Threads                                 1
CPXPARAM_Preprocessing_Reformulations            0
CPXPARAM_TimeLimit                               10800
CPXPARAM_MIP_Tolerances_AbsMIPGap                0.999
CPXPARAM_MIP_Limits_TreeMemory                   20000
Legacy callback                                  BbLUID
         Disabling repeat represolve because of lazy constraint/incumbent callback.
1 of 1 MIP starts provided solutions.
MIP start 'm1' defined initial solution with objective 819.0000.
Tried aggregator 2 times.
MIP Presolve eliminated 3809 rows and 4 columns.
MIP Presolve modified 604 coefficients.
Aggregator did 2 substitutions.
Reduced MIP has 898 rows, 2763 columns, and 10065 nonzeros.
Reduced MIP has 2763 binaries, 0 generals, 0 SOSs, and 0 indicators.
Presolve time = 0.01 sec. (8.39 ticks)
Probing time = 0.00 sec. (2.58 ticks)
Clique table members: 915.
MIP emphasis: balance optimality and feasibility.
MIP search method: traditional branch-and-cut.
Parallel mode: none, using 1 thread.
Root relaxation solution time = 0.00 sec. (3.40 ticks)

        Nodes                                         Cuts/
   Node  Left     Objective  IInf  Best Integer    Best Bound    ItCnt     Gap         Variable B NodeID Parent  Depth

*     0+    0                          819.0000      189.0000            76.92%
      0     0      772.0000    18      819.0000      733.0000      244   10.50%
      0     0      789.0000    74      819.0000     Cuts: 119      308    3.66%
      0     0      799.0000    27      819.0000      Cuts: 57      356    2.44%
      0     0      803.5000    36      819.0000      Cuts: 15      370    1.89%
      0     0      803.5000    47      819.0000       Cuts: 8      380    1.89%
      0     0      804.3333    43      819.0000       Cuts: 8      405    1.79%
      0     0      804.8333    69      819.0000      Cuts: 18      414    1.73%
      0     0      805.6000    60      819.0000      Cuts: 13      428    1.64%
      0     0      806.5000    54      819.0000      Cuts: 16      438    1.53%
      0     0      815.3750    59      819.0000      Cuts: 15      443    0.44%
      0     0      815.6667    76      819.0000      Cuts: 14      458    0.41%
      0     0      815.8571    69      819.0000      Cuts: 14      468    0.38%
      0     0      818.0000    24      819.0000      Cuts: 17      487    0.12%
      0     0        cutoff            819.0000                    489    0.00%                        0             0
Elapsed time = 0.16 sec. (169.68 ticks, tree = 0.01 MB, solutions = 1)

Zero-half cuts applied:  23
Gomory fractional cuts applied:  3
User cuts applied:  480

Root node processing (before b&c):
  Real time             =    0.16 sec. (169.73 ticks)
Sequential b&c:
  Real time             =    0.00 sec. (0.00 ticks)
                          ------------
Total (root+branch&cut) =    0.16 sec. (169.73 ticks)

