Version identifier: 22.1.0.0 | 2022-03-09 | 1a383f8ce
CPXPARAM_Preprocessing_Reduce                    1
CPXPARAM_Threads                                 1
CPXPARAM_Preprocessing_Reformulations            0
CPXPARAM_TimeLimit                               10800
CPXPARAM_MIP_Tolerances_AbsMIPGap                0.999
CPXPARAM_MIP_Limits_TreeMemory                   20000
Legacy callback                                  BbLUID
         Disabling repeat represolve because of lazy constraint/incumbent callback.
1 of 1 MIP starts provided solutions.
MIP start 'm1' defined initial solution with objective 874.0000.
Tried aggregator 2 times.
MIP Presolve eliminated 238 rows and 17 columns.
MIP Presolve modified 117 coefficients.
Aggregator did 47 substitutions.
Reduced MIP has 336 rows, 680 columns, and 1827 nonzeros.
Reduced MIP has 680 binaries, 0 generals, 0 SOSs, and 0 indicators.
Presolve time = 0.00 sec. (1.12 ticks)
Probing time = 0.00 sec. (0.77 ticks)
Clique table members: 383.
MIP emphasis: balance optimality and feasibility.
MIP search method: traditional branch-and-cut.
Parallel mode: none, using 1 thread.
Root relaxation solution time = 0.00 sec. (0.91 ticks)

        Nodes                                         Cuts/
   Node  Left     Objective  IInf  Best Integer    Best Bound    ItCnt     Gap         Variable B NodeID Parent  Depth

*     0+    0                          874.0000      484.0000            44.62%
      0     0      871.5000     8      874.0000      853.0000      204    2.40%
      0     0      872.0000    12      874.0000       Cuts: 5      212    0.23%
      0     0      872.5000    10      874.0000       Cuts: 9      216    0.17%
*     0     0      integral     0      873.0000       Cuts: 2      217    0.00%
      0     0        cutoff            873.0000      873.0000      217    0.00%                        0             0
Elapsed time = 0.07 sec. (19.31 ticks, tree = 0.01 MB, solutions = 2)

Zero-half cuts applied:  8
Gomory fractional cuts applied:  3
User cuts applied:  69

Root node processing (before b&c):
  Real time             =    0.07 sec. (19.34 ticks)
Sequential b&c:
  Real time             =    0.00 sec. (0.00 ticks)
                          ------------
Total (root+branch&cut) =    0.07 sec. (19.34 ticks)

