Version identifier: 22.1.0.0 | 2022-03-09 | 1a383f8ce
CPXPARAM_Preprocessing_Reduce                    1
CPXPARAM_Threads                                 1
CPXPARAM_Preprocessing_Reformulations            0
CPXPARAM_TimeLimit                               10800
CPXPARAM_MIP_Tolerances_AbsMIPGap                0.999
CPXPARAM_MIP_Limits_TreeMemory                   20000
Legacy callback                                  BbLUID
         Disabling repeat represolve because of lazy constraint/incumbent callback.
1 of 1 MIP starts provided solutions.
MIP start 'm1' defined initial solution with objective 790.0000.
Tried aggregator 1 time.
MIP Presolve eliminated 4965 rows and 4 columns.
MIP Presolve modified 659 coefficients.
Reduced MIP has 955 rows, 3044 columns, and 11715 nonzeros.
Reduced MIP has 3044 binaries, 0 generals, 0 SOSs, and 0 indicators.
Presolve time = 0.01 sec. (8.93 ticks)
Probing time = 0.00 sec. (2.66 ticks)
Clique table members: 974.
MIP emphasis: balance optimality and feasibility.
MIP search method: traditional branch-and-cut.
Parallel mode: none, using 1 thread.
Root relaxation solution time = 0.00 sec. (4.45 ticks)

        Nodes                                         Cuts/
   Node  Left     Objective  IInf  Best Integer    Best Bound    ItCnt     Gap         Variable B NodeID Parent  Depth

*     0+    0                          790.0000       92.0000            88.35%
      0     0      693.0000     6      790.0000      693.0000      282   12.28%
      0     0      766.3333    47      790.0000      Cuts: 92      330    3.00%
      0     0      775.5000    46      790.0000      Cuts: 21      345    1.84%
      0     0      777.5000    16      790.0000      Cuts: 19      347    1.58%
      0     0      777.5000    26      790.0000       Cuts: 7      350    1.58%
      0     0      778.8000    20      790.0000       Cuts: 5      353    1.42%
      0     0      778.8000    52      790.0000      Cuts: 32      374    1.42%
      0     0      779.0000     8      790.0000      Cuts: 22      384    1.39%
      0     0      779.1667    40      790.0000      Cuts: 10      389    1.37%
      0     0      779.1667    37      790.0000   ZeroHalf: 3      393    1.37%
      0     0      779.3333    29      790.0000   ZeroHalf: 7      397    1.35%
      0     0      779.4000    33      790.0000  ZeroHalf: 15      403    1.34%
      0     0      779.4286    36      790.0000   ZeroHalf: 6      407    1.34%
      0     2      779.5000    33      790.0000      780.0000      407    1.27%                        0             0
Elapsed time = 0.33 sec. (264.66 ticks, tree = 0.01 MB, solutions = 1)
*     4     4      integral     0      783.0000      780.0000      441    0.38%
*    19     7      integral     0      782.0000      780.0000      502    0.26%

Clique cuts applied:  3
Cover cuts applied:  1
Zero-half cuts applied:  39
Lift and project cuts applied:  1
Gomory fractional cuts applied:  5
User cuts applied:  484

Root node processing (before b&c):
  Real time             =    0.33 sec. (264.72 ticks)
Sequential b&c:
  Real time             =    0.23 sec. (102.77 ticks)
                          ------------
Total (root+branch&cut) =    0.56 sec. (367.49 ticks)

