Version identifier: 22.1.0.0 | 2022-03-09 | 1a383f8ce
CPXPARAM_Preprocessing_Reduce                    1
CPXPARAM_Threads                                 1
CPXPARAM_Preprocessing_Reformulations            0
CPXPARAM_TimeLimit                               10800
CPXPARAM_MIP_Tolerances_AbsMIPGap                0.999
CPXPARAM_MIP_Limits_TreeMemory                   20000
Legacy callback                                  BbLUID
         Disabling repeat represolve because of lazy constraint/incumbent callback.
1 of 1 MIP starts provided solutions.
MIP start 'm1' defined initial solution with objective 866.0000.
Tried aggregator 2 times.
MIP Presolve eliminated 247 rows and 14 columns.
MIP Presolve modified 126 coefficients.
Aggregator did 31 substitutions.
Reduced MIP has 379 rows, 714 columns, and 1950 nonzeros.
Reduced MIP has 714 binaries, 0 generals, 0 SOSs, and 0 indicators.
Presolve time = 0.00 sec. (1.18 ticks)
Probing changed sense of 2 constraints.
Probing time = 0.00 sec. (0.79 ticks)
Clique table members: 504.
MIP emphasis: balance optimality and feasibility.
MIP search method: traditional branch-and-cut.
Parallel mode: none, using 1 thread.
Root relaxation solution time = 0.00 sec. (0.92 ticks)

        Nodes                                         Cuts/
   Node  Left     Objective  IInf  Best Integer    Best Bound    ItCnt     Gap         Variable B NodeID Parent  Depth

*     0+    0                          866.0000      412.0000            52.42%
      0     0      828.5000    10      866.0000      828.5000      230    4.33%
      0     0      861.7000    19      866.0000       User: 4      234    0.50%
      0     0      863.8333    21      866.0000      Cuts: 18      239    0.25%
      0     0      865.0000    19      866.0000   ZeroHalf: 6      249    0.12%
      0     0      865.0000    12      866.0000   ZeroHalf: 5      252    0.12%
      0     0      865.0000    12      866.0000   ZeroHalf: 3      254    0.12%
      0     0        cutoff            866.0000                    260    0.00%                        0             0
Elapsed time = 0.11 sec. (52.05 ticks, tree = 0.01 MB, solutions = 1)

Zero-half cuts applied:  22
Lift and project cuts applied:  1
Gomory fractional cuts applied:  2
User cuts applied:  100

Root node processing (before b&c):
  Real time             =    0.11 sec. (52.08 ticks)
Sequential b&c:
  Real time             =    0.00 sec. (0.00 ticks)
                          ------------
Total (root+branch&cut) =    0.11 sec. (52.08 ticks)

