Version identifier: 22.1.0.0 | 2022-03-09 | 1a383f8ce
CPXPARAM_Preprocessing_Reduce                    1
CPXPARAM_Threads                                 1
CPXPARAM_Preprocessing_Reformulations            0
CPXPARAM_TimeLimit                               10800
CPXPARAM_MIP_Tolerances_AbsMIPGap                0.999
CPXPARAM_MIP_Limits_TreeMemory                   20000
Legacy callback                                  BbLUID
         Disabling repeat represolve because of lazy constraint/incumbent callback.
1 of 1 MIP starts provided solutions.
MIP start 'm1' defined initial solution with objective 942.0000.
Tried aggregator 1 time.
MIP Presolve eliminated 1259 rows and 11 columns.
MIP Presolve modified 352 coefficients.
Reduced MIP has 635 rows, 1641 columns, and 5224 nonzeros.
Reduced MIP has 1641 binaries, 0 generals, 0 SOSs, and 0 indicators.
Presolve time = 0.00 sec. (3.10 ticks)
Probing time = 0.00 sec. (2.22 ticks)
Clique table members: 659.
MIP emphasis: balance optimality and feasibility.
MIP search method: traditional branch-and-cut.
Parallel mode: none, using 1 thread.
Root relaxation solution time = 0.00 sec. (2.22 ticks)

        Nodes                                         Cuts/
   Node  Left     Objective  IInf  Best Integer    Best Bound    ItCnt     Gap         Variable B NodeID Parent  Depth

*     0+    0                          942.0000      327.0000            65.29%
      0     0      928.0000     8      942.0000      870.0000      312    7.64%
      0     0      938.5000    24      942.0000      Cuts: 17      321    0.37%
      0     0      939.3333    32      942.0000      Cuts: 14      328    0.28%
      0     0      939.6667    34      942.0000      Cuts: 11      337    0.25%
      0     0      940.8333    31      942.0000      Cuts: 12      346    0.12%
      0     0        cutoff            942.0000                    350    0.00%                        0             0
Elapsed time = 0.10 sec. (41.49 ticks, tree = 0.01 MB, solutions = 1)

Zero-half cuts applied:  29
Gomory fractional cuts applied:  4
User cuts applied:  199

Root node processing (before b&c):
  Real time             =    0.10 sec. (41.56 ticks)
Sequential b&c:
  Real time             =    0.00 sec. (0.00 ticks)
                          ------------
Total (root+branch&cut) =    0.10 sec. (41.56 ticks)

