Version identifier: 22.1.0.0 | 2022-03-09 | 1a383f8ce
CPXPARAM_Preprocessing_Reduce                    1
CPXPARAM_Threads                                 1
CPXPARAM_Preprocessing_Reformulations            0
CPXPARAM_TimeLimit                               10800
CPXPARAM_MIP_Tolerances_AbsMIPGap                0.999
CPXPARAM_MIP_Limits_TreeMemory                   20000
Legacy callback                                  BbLUID
         Disabling repeat represolve because of lazy constraint/incumbent callback.
1 of 1 MIP starts provided solutions.
MIP start 'm1' defined initial solution with objective 864.0000.
Tried aggregator 2 times.
MIP Presolve eliminated 3761 rows and 3 columns.
MIP Presolve modified 585 coefficients.
Aggregator did 5 substitutions.
Reduced MIP has 876 rows, 2906 columns, and 10229 nonzeros.
Reduced MIP has 2906 binaries, 0 generals, 0 SOSs, and 0 indicators.
Presolve time = 0.00 sec. (8.11 ticks)
Probing time = 0.00 sec. (6.05 ticks)
Clique table members: 965.
MIP emphasis: balance optimality and feasibility.
MIP search method: traditional branch-and-cut.
Parallel mode: none, using 1 thread.
Root relaxation solution time = 0.00 sec. (3.49 ticks)

        Nodes                                         Cuts/
   Node  Left     Objective  IInf  Best Integer    Best Bound    ItCnt     Gap         Variable B NodeID Parent  Depth

*     0+    0                          864.0000      197.0000            77.20%
      0     0      809.0000    48      864.0000      756.0000      234   12.50%
      0     0      844.0000    30      864.0000     Cuts: 102      313    2.31%
      0     0      844.0000    30      864.0000       Cuts: 6      325    2.31%
      0     0      844.0000    30      864.0000       User: 3      326    2.31%
      0     0      845.6667    88      864.0000       User: 4      352    2.12%
      0     0      847.0000    31      864.0000      Cuts: 23      370    1.97%
      0     0      847.4500   111      864.0000       User: 4      384    1.92%
      0     0      847.5000    63      864.0000      Cuts: 11      394    1.91%
      0     0      847.5714    62      864.0000      Cuts: 10      405    1.90%
      0     0      848.0000    62      864.0000       Cuts: 3      422    1.85%
      0     0      848.0000     8      864.0000      Cuts: 10      433    1.85%
      0     0      849.1667    42      864.0000       Cuts: 5      469    1.72%
      0     0      849.5000    64      864.0000      Cuts: 17      496    1.68%
      0     0      850.3492    67      864.0000      Cuts: 10      529    1.58%
      0     0      850.5000    14      864.0000       Cuts: 7      543    1.56%
      0     0      850.5676    85      864.0000      Cuts: 10      554    1.55%
      0     0      852.2500    55      864.0000       User: 9      608    1.36%
      0     0      852.2500    55      864.0000       User: 1      612    1.36%
      0     0      852.3333    80      864.0000       User: 1      622    1.35%
      0     0      852.3333    63      864.0000       User: 3      627    1.35%
      0     0      852.3333    76      864.0000       User: 1      641    1.35%
      0     0      852.3333    58      864.0000       User: 1      645    1.35%
      0     0      852.3333    58      864.0000       User: 1      650    1.35%
      0     0      852.4583    88      864.0000       User: 1      663    1.34%
      0     0      852.5833    82      864.0000       User: 8      666    1.32%
      0     2      852.5833    81      864.0000      852.8333      666    1.29%                        0             0
Elapsed time = 0.46 sec. (617.73 ticks, tree = 0.01 MB, solutions = 1)
     21    21      862.6667    17      864.0000      855.3333      939    1.00%          x74_86 N     21     19     16
     49    34      861.3333    56      864.0000      855.3750     1532    1.00%          x76_92 N     49     48     19
     94    60      861.6000    50      864.0000      855.9500     2145    0.93%           x78_5 N     94     93     13
    146    87      862.0000    10      864.0000      856.2500     2777    0.90%          x86_58 D    146    144     19
*   160    67      integral     0      861.0000      856.3333     2885    0.54%
    199    74      859.4000    16      861.0000      856.5000     3286    0.52%          x51_40 U    199    131      6
*   220+   65                          860.0000      856.5000             0.41%
*   226    44      integral     0      859.0000      856.5000     3502    0.29%
    269    59      858.0000     8      859.0000      856.5161     3852    0.29%          x95_76 U    269    268     12
    336    60        cutoff            859.0000      857.0000     4337    0.23%           x5_74 D    336    335     17
    410    55      857.4545    21      859.0000      857.3333     5102    0.19%          x74_51 N    410     10      9
    496    11        cutoff            859.0000      858.0000     5629    0.12%          x86_70 D    496    495     14

Zero-half cuts applied:  8
Gomory fractional cuts applied:  2
User cuts applied:  1017

Root node processing (before b&c):
  Real time             =    0.46 sec. (617.30 ticks)
Sequential b&c:
  Real time             =    5.08 sec. (2226.71 ticks)
                          ------------
Total (root+branch&cut) =    5.53 sec. (2844.01 ticks)

