Version identifier: 22.1.0.0 | 2022-03-09 | 1a383f8ce
CPXPARAM_Preprocessing_Reduce                    1
CPXPARAM_Threads                                 1
CPXPARAM_Preprocessing_Reformulations            0
CPXPARAM_TimeLimit                               10800
CPXPARAM_MIP_Tolerances_AbsMIPGap                0.999
CPXPARAM_MIP_Limits_TreeMemory                   20000
Legacy callback                                  BbLUID
         Disabling repeat represolve because of lazy constraint/incumbent callback.
1 of 1 MIP starts provided solutions.
MIP start 'm1' defined initial solution with objective 1037.0000.
Tried aggregator 2 times.
MIP Presolve eliminated 3421 rows and 10 columns.
MIP Presolve modified 661 coefficients.
Aggregator did 7 substitutions.
Reduced MIP has 1040 rows, 3030 columns, and 10675 nonzeros.
Reduced MIP has 3030 binaries, 0 generals, 0 SOSs, and 0 indicators.
Presolve time = 0.01 sec. (8.24 ticks)
Probing time = 0.00 sec. (2.55 ticks)
Clique table members: 1040.
MIP emphasis: balance optimality and feasibility.
MIP search method: traditional branch-and-cut.
Parallel mode: none, using 1 thread.
Root relaxation solution time = 0.00 sec. (4.13 ticks)

        Nodes                                         Cuts/
   Node  Left     Objective  IInf  Best Integer    Best Bound    ItCnt     Gap         Variable B NodeID Parent  Depth

*     0+    0                         1037.0000      340.0000            67.21%
      0     0     1007.5000    41     1037.0000      951.0000      407    8.29%
      0     0     1017.0000    10     1037.0000      Cuts: 85      477    1.93%
      0     0     1025.0000    18     1037.0000      Cuts: 53      521    1.16%
      0     0     1031.3333    37     1037.0000      Cuts: 30      540    0.55%
      0     0     1031.7500    49     1037.0000      Cuts: 19      561    0.51%
      0     0     1032.0000    25     1037.0000      Cuts: 10      576    0.48%
      0     0     1032.3077    48     1037.0000      Cuts: 10      586    0.45%
      0     0     1034.0000    40     1037.0000       Cuts: 6      591    0.29%
      0     0     1036.0000    22     1037.0000      Cuts: 15      604    0.10%
      0     0     1036.0000    24     1037.0000       Cuts: 7      609    0.10%
      0     0        cutoff           1037.0000                    609    0.00%                        0             0
Elapsed time = 0.26 sec. (146.15 ticks, tree = 0.01 MB, solutions = 1)

Cover cuts applied:  1
Zero-half cuts applied:  19
Gomory fractional cuts applied:  3
User cuts applied:  460

Root node processing (before b&c):
  Real time             =    0.26 sec. (146.21 ticks)
Sequential b&c:
  Real time             =    0.00 sec. (0.00 ticks)
                          ------------
Total (root+branch&cut) =    0.26 sec. (146.21 ticks)

