Version identifier: 22.1.0.0 | 2022-03-09 | 1a383f8ce
CPXPARAM_Preprocessing_Reduce                    1
CPXPARAM_Threads                                 1
CPXPARAM_Preprocessing_Reformulations            0
CPXPARAM_TimeLimit                               10800
CPXPARAM_MIP_Tolerances_AbsMIPGap                0.999
CPXPARAM_MIP_Limits_TreeMemory                   20000
Legacy callback                                  BbLUID
         Disabling repeat represolve because of lazy constraint/incumbent callback.
1 of 1 MIP starts provided solutions.
MIP start 'm1' defined initial solution with objective 987.0000.
Tried aggregator 2 times.
MIP Presolve eliminated 4949 rows and 3 columns.
MIP Presolve modified 735 coefficients.
Aggregator did 15 substitutions.
Reduced MIP has 1116 rows, 3430 columns, and 12540 nonzeros.
Reduced MIP has 3430 binaries, 0 generals, 0 SOSs, and 0 indicators.
Presolve time = 0.01 sec. (10.74 ticks)
Probing time = 0.00 sec. (2.71 ticks)
Clique table members: 1190.
MIP emphasis: balance optimality and feasibility.
MIP search method: traditional branch-and-cut.
Parallel mode: none, using 1 thread.
Root relaxation solution time = 0.00 sec. (5.26 ticks)

        Nodes                                         Cuts/
   Node  Left     Objective  IInf  Best Integer    Best Bound    ItCnt     Gap         Variable B NodeID Parent  Depth

*     0+    0                          987.0000      267.0000            72.95%
      0     0      951.5000    12      987.0000      916.0000      428    7.19%
      0     2      975.0000    12      987.0000      975.0000      428    1.22%                        0             0
Elapsed time = 0.16 sec. (87.06 ticks, tree = 0.01 MB, solutions = 1)
*    19    18      integral     0      984.0000      975.0000      554    0.91%
*    34    25      integral     0      983.0000      976.0000      622    0.71%
     60    37      979.0714    81      983.0000      977.5000      786    0.56%         x175_63 D     60     59      3
*    98    41      integral     0      982.0000      978.0000      992    0.41%
*   112    17      integral     0      980.0000      978.0714     1040    0.20%

Cover cuts applied:  2
User cuts applied:  478

Root node processing (before b&c):
  Real time             =    0.16 sec. (87.15 ticks)
Sequential b&c:
  Real time             =    1.48 sec. (358.76 ticks)
                          ------------
Total (root+branch&cut) =    1.64 sec. (445.90 ticks)

