Version identifier: 22.1.0.0 | 2022-03-09 | 1a383f8ce
CPXPARAM_Preprocessing_Reduce                    1
CPXPARAM_Threads                                 1
CPXPARAM_Preprocessing_Reformulations            0
CPXPARAM_TimeLimit                               10800
CPXPARAM_MIP_Tolerances_AbsMIPGap                0.999
CPXPARAM_MIP_Limits_TreeMemory                   20000
Legacy callback                                  BbLUID
         Disabling repeat represolve because of lazy constraint/incumbent callback.
1 of 1 MIP starts provided solutions.
MIP start 'm1' defined initial solution with objective 288.0000.
Tried aggregator 2 times.
MIP Presolve eliminated 22 rows and 6 columns.
MIP Presolve modified 11 coefficients.
Aggregator did 8 substitutions.
Reduced MIP has 33 rows, 57 columns, and 150 nonzeros.
Reduced MIP has 57 binaries, 0 generals, 0 SOSs, and 0 indicators.
Presolve time = 0.00 sec. (0.10 ticks)
Probing time = 0.00 sec. (0.06 ticks)
Clique table members: 83.
MIP emphasis: balance optimality and feasibility.
MIP search method: traditional branch-and-cut.
Parallel mode: none, using 1 thread.
Root relaxation solution time = 0.00 sec. (0.06 ticks)

        Nodes                                         Cuts/
   Node  Left     Objective  IInf  Best Integer    Best Bound    ItCnt     Gap         Variable B NodeID Parent  Depth

*     0+    0                          288.0000      176.0000            38.89%
      0     0      276.5000    14      288.0000      267.0000       13    7.29%
      0     0      287.0000    10      288.0000       Cuts: 4       19    0.35%
      0     0        cutoff            288.0000                     20    0.00%                        0             0
Elapsed time = 0.00 sec. (1.02 ticks, tree = 0.01 MB, solutions = 1)

Zero-half cuts applied:  1
User cuts applied:  18

Root node processing (before b&c):
  Real time             =    0.00 sec. (1.02 ticks)
Sequential b&c:
  Real time             =    0.00 sec. (0.00 ticks)
                          ------------
Total (root+branch&cut) =    0.00 sec. (1.02 ticks)

