Version identifier: 22.1.0.0 | 2022-03-09 | 1a383f8ce
CPXPARAM_Preprocessing_Reduce                    1
CPXPARAM_Threads                                 1
CPXPARAM_Preprocessing_Reformulations            0
CPXPARAM_TimeLimit                               10800
CPXPARAM_MIP_Tolerances_AbsMIPGap                0.999
CPXPARAM_MIP_Limits_TreeMemory                   20000
Legacy callback                                  BbLUID
         Disabling repeat represolve because of lazy constraint/incumbent callback.
1 of 1 MIP starts provided solutions.
MIP start 'm1' defined initial solution with objective 357.0000.
Tried aggregator 1 time.
MIP Presolve eliminated 488 rows and 0 columns.
MIP Presolve modified 113 coefficients.
Reduced MIP has 197 rows, 528 columns, and 1736 nonzeros.
Reduced MIP has 528 binaries, 0 generals, 0 SOSs, and 0 indicators.
Presolve time = 0.00 sec. (1.05 ticks)
Probing time = 0.00 sec. (0.89 ticks)
Clique table members: 210.
MIP emphasis: balance optimality and feasibility.
MIP search method: traditional branch-and-cut.
Parallel mode: none, using 1 thread.
Root relaxation solution time = 0.00 sec. (0.57 ticks)

        Nodes                                         Cuts/
   Node  Left     Objective  IInf  Best Integer    Best Bound    ItCnt     Gap         Variable B NodeID Parent  Depth

*     0+    0                          357.0000        0.0000           100.00%
      0     0      286.5000     8      357.0000      286.5000       77   19.75%
      0     0      331.5000    28      357.0000      Cuts: 25       92    7.14%
      0     0      343.0000     8      357.0000      Cuts: 18       97    3.92%
      0     1      352.0000    18      357.0000      354.0000      116    0.84%                        0             0
Elapsed time = 0.02 sec. (22.62 ticks, tree = 0.01 MB, solutions = 1)

Zero-half cuts applied:  8
Gomory fractional cuts applied:  7
User cuts applied:  120

Root node processing (before b&c):
  Real time             =    0.02 sec. (20.30 ticks)
Sequential b&c:
  Real time             =    0.00 sec. (3.00 ticks)
                          ------------
Total (root+branch&cut) =    0.02 sec. (23.31 ticks)

