Version identifier: 22.1.0.0 | 2022-03-09 | 1a383f8ce
CPXPARAM_Preprocessing_Reduce                    1
CPXPARAM_Threads                                 1
CPXPARAM_Preprocessing_Reformulations            0
CPXPARAM_TimeLimit                               10800
CPXPARAM_MIP_Tolerances_AbsMIPGap                0.999
CPXPARAM_MIP_Limits_TreeMemory                   20000
Legacy callback                                  BbLUID
         Disabling repeat represolve because of lazy constraint/incumbent callback.
1 of 1 MIP starts provided solutions.
MIP start 'm1' defined initial solution with objective 436.0000.
Tried aggregator 2 times.
MIP Presolve eliminated 957 rows and 0 columns.
MIP Presolve modified 147 coefficients.
Aggregator did 2 substitutions.
Reduced MIP has 227 rows, 680 columns, and 2473 nonzeros.
Reduced MIP has 680 binaries, 0 generals, 0 SOSs, and 0 indicators.
Presolve time = 0.00 sec. (2.11 ticks)
Probing time = 0.00 sec. (1.43 ticks)
Clique table members: 227.
MIP emphasis: balance optimality and feasibility.
MIP search method: traditional branch-and-cut.
Parallel mode: none, using 1 thread.
Root relaxation solution time = 0.00 sec. (0.78 ticks)

        Nodes                                         Cuts/
   Node  Left     Objective  IInf  Best Integer    Best Bound    ItCnt     Gap         Variable B NodeID Parent  Depth

*     0+    0                          436.0000       20.0000            95.41%
      0     0      369.0000    29      436.0000      323.0000       67   25.92%
      0     0      385.0000    39      436.0000      Cuts: 29      100   11.70%
      0     0      386.4000    41      436.0000      Cuts: 29      104   11.38%
      0     0      388.0000    28      436.0000       Cuts: 9      109   11.01%
      0     0      389.0588    80      436.0000      Cuts: 10      111   10.77%
      0     0      389.5556    81      436.0000      Cuts: 13      133   10.65%
      0     0      390.2500    43      436.0000      Cuts: 11      146   10.49%
      0     0      391.8333    75      436.0000       Cuts: 7      165   10.13%
      0     0      392.9469    69      436.0000      Cuts: 12      188    9.87%
      0     0      393.0000    12      436.0000       Cuts: 7      189    9.86%
      0     0      398.1905    85      436.0000       Cuts: 6      246    8.67%
      0     0      399.3684    65      436.0000      Cuts: 23      267    8.40%
      0     0      400.5000    58      436.0000       Cuts: 9      286    8.14%
      0     0      402.2273    88      436.0000      Cuts: 15      317    7.75%
      0     0      402.6667    63      436.0000       Cuts: 9      326    7.65%
      0     0      403.5000    59      436.0000      Cuts: 11      350    7.45%
      0     0      403.6840    68      436.0000      Cuts: 16      378    7.41%
      0     0      404.3265    89      436.0000   ZeroHalf: 2      400    7.26%
      0     0      404.3315    92      436.0000   ZeroHalf: 1      404    7.26%
      0     0      404.3333    64      436.0000       User: 2      406    7.26%
      0     0      404.3822    69      436.0000   ZeroHalf: 3      420    7.25%
      0     2      404.3874    70      436.0000      404.4305      420    7.24%                        0             0
Elapsed time = 0.17 sec. (240.71 ticks, tree = 0.01 MB, solutions = 1)
     60    19      422.4500    55      436.0000      409.3417     2145    6.11%          x23_28 N     60      8      8
*   160+   50                          434.0000      422.6000             2.63%
    186    48      425.7692    70      434.0000      424.9048     3946    2.10%           x4_35 N    186     14      4
    313    89      431.5000    22      434.0000      426.8085     5348    1.66%          x35_15 D    313    312     28
*   338    72      integral     0      432.0000      427.2000     5483    1.11%
*   370    51      integral     0      431.0000      428.1429     5738    0.66%
*   393     0      integral     0      429.0000      429.0000     5923    0.00%

Zero-half cuts applied:  19
User cuts applied:  547

Root node processing (before b&c):
  Real time             =    0.17 sec. (240.72 ticks)
Sequential b&c:
  Real time             =    0.64 sec. (808.04 ticks)
                          ------------
Total (root+branch&cut) =    0.81 sec. (1048.76 ticks)

