Version identifier: 22.1.0.0 | 2022-03-09 | 1a383f8ce
CPXPARAM_Preprocessing_Reduce                    1
CPXPARAM_Threads                                 1
CPXPARAM_Preprocessing_Reformulations            0
CPXPARAM_TimeLimit                               10800
CPXPARAM_MIP_Tolerances_AbsMIPGap                0.999
CPXPARAM_MIP_Limits_TreeMemory                   20000
Legacy callback                                  BbLUID
         Disabling repeat represolve because of lazy constraint/incumbent callback.
1 of 1 MIP starts provided solutions.
MIP start 'm1' defined initial solution with objective 431.0000.
Tried aggregator 1 time.
MIP Presolve eliminated 511 rows and 0 columns.
MIP Presolve modified 107 coefficients.
Reduced MIP has 189 rows, 509 columns, and 1712 nonzeros.
Reduced MIP has 509 binaries, 0 generals, 0 SOSs, and 0 indicators.
Presolve time = 0.00 sec. (1.09 ticks)
Probing time = 0.00 sec. (0.91 ticks)
Clique table members: 199.
MIP emphasis: balance optimality and feasibility.
MIP search method: traditional branch-and-cut.
Parallel mode: none, using 1 thread.
Root relaxation solution time = 0.00 sec. (0.59 ticks)

        Nodes                                         Cuts/
   Node  Left     Objective  IInf  Best Integer    Best Bound    ItCnt     Gap         Variable B NodeID Parent  Depth

*     0+    0                          431.0000        0.0000           100.00%
      0     0      408.5000    24      431.0000      358.0000       87   16.94%
      0     0      424.5000    16      431.0000      Cuts: 19       93    1.51%
      0     0      426.3333    11      431.0000      Cuts: 11      101    1.08%
      0     0      429.0000    14      431.0000      Cuts: 12      103    0.46%
      0     0      429.5000    28      431.0000       Cuts: 8      108    0.35%
      0     0      430.0000    24      431.0000      Cuts: 10      113    0.23%
      0     0        cutoff            431.0000                    120    0.00%                        0             0
Elapsed time = 0.04 sec. (24.48 ticks, tree = 0.01 MB, solutions = 1)

Clique cuts applied:  2
Cover cuts applied:  2
Zero-half cuts applied:  10
Gomory fractional cuts applied:  3
User cuts applied:  109

Root node processing (before b&c):
  Real time             =    0.04 sec. (24.48 ticks)
Sequential b&c:
  Real time             =    0.00 sec. (0.00 ticks)
                          ------------
Total (root+branch&cut) =    0.04 sec. (24.48 ticks)

