Version identifier: 22.1.0.0 | 2022-03-09 | 1a383f8ce
CPXPARAM_Preprocessing_Reduce                    1
CPXPARAM_Threads                                 1
CPXPARAM_Preprocessing_Reformulations            0
CPXPARAM_TimeLimit                               10800
CPXPARAM_MIP_Tolerances_AbsMIPGap                0.999
CPXPARAM_MIP_Limits_TreeMemory                   20000
Legacy callback                                  BbLUID
         Disabling repeat represolve because of lazy constraint/incumbent callback.
1 of 1 MIP starts provided solutions.
MIP start 'm1' defined initial solution with objective 383.0000.
Tried aggregator 2 times.
MIP Presolve eliminated 505 rows and 0 columns.
MIP Presolve modified 108 coefficients.
Aggregator did 5 substitutions.
Reduced MIP has 184 rows, 531 columns, and 1720 nonzeros.
Reduced MIP has 531 binaries, 0 generals, 0 SOSs, and 0 indicators.
Presolve time = 0.00 sec. (1.22 ticks)
Probing time = 0.00 sec. (0.93 ticks)
Clique table members: 186.
MIP emphasis: balance optimality and feasibility.
MIP search method: traditional branch-and-cut.
Parallel mode: none, using 1 thread.
Root relaxation solution time = 0.00 sec. (0.41 ticks)

        Nodes                                         Cuts/
   Node  Left     Objective  IInf  Best Integer    Best Bound    ItCnt     Gap         Variable B NodeID Parent  Depth

*     0+    0                          383.0000      106.0000            72.32%
      0     0      364.5000    42      383.0000      344.0000       30   10.18%
      0     0      371.2500    42      383.0000      Cuts: 14       52    3.07%
      0     0      374.6667    21      383.0000      Cuts: 21       60    2.18%
      0     0      380.0000    22      383.0000      Cuts: 14       71    0.78%
      0     0      380.5000    12      383.0000       Cuts: 8       73    0.65%
      0     0      380.6667    20      383.0000      Cuts: 23       90    0.61%
      0     0      381.2727    44      383.0000      Cuts: 11       96    0.45%
      0     0      382.0000    34      383.0000      Cuts: 25      123    0.26%
*     0     0      integral     0      382.0000      Cuts: 15      127    0.00%
      0     0        cutoff            382.0000      382.0000      127    0.00%                        0             0
Elapsed time = 0.03 sec. (32.48 ticks, tree = 0.01 MB, solutions = 2)

Clique cuts applied:  1
Zero-half cuts applied:  27
Gomory fractional cuts applied:  2
User cuts applied:  156

Root node processing (before b&c):
  Real time             =    0.03 sec. (32.50 ticks)
Sequential b&c:
  Real time             =    0.00 sec. (0.00 ticks)
                          ------------
Total (root+branch&cut) =    0.03 sec. (32.50 ticks)

