Version identifier: 22.1.0.0 | 2022-03-09 | 1a383f8ce
CPXPARAM_Preprocessing_Reduce                    1
CPXPARAM_Threads                                 1
CPXPARAM_Preprocessing_Reformulations            0
CPXPARAM_TimeLimit                               10800
CPXPARAM_MIP_Tolerances_AbsMIPGap                0.999
CPXPARAM_MIP_Limits_TreeMemory                   20000
Legacy callback                                  BbLUID
         Disabling repeat represolve because of lazy constraint/incumbent callback.
1 of 1 MIP starts provided solutions.
MIP start 'm1' defined initial solution with objective 364.0000.
Tried aggregator 2 times.
MIP Presolve eliminated 730 rows and 0 columns.
MIP Presolve modified 148 coefficients.
Aggregator did 2 substitutions.
Reduced MIP has 231 rows, 610 columns, and 2270 nonzeros.
Reduced MIP has 610 binaries, 0 generals, 0 SOSs, and 0 indicators.
Presolve time = 0.00 sec. (1.77 ticks)
Probing time = 0.00 sec. (1.21 ticks)
Clique table members: 243.
MIP emphasis: balance optimality and feasibility.
MIP search method: traditional branch-and-cut.
Parallel mode: none, using 1 thread.
Root relaxation solution time = 0.00 sec. (0.56 ticks)

        Nodes                                         Cuts/
   Node  Left     Objective  IInf  Best Integer    Best Bound    ItCnt     Gap         Variable B NodeID Parent  Depth

*     0+    0                          364.0000       51.0000            85.99%
      0     0      362.0000    20      364.0000      302.0000       51   17.03%
      0     0        cutoff            364.0000                     56    0.00%                        0             0
Elapsed time = 0.01 sec. (8.50 ticks, tree = 0.01 MB, solutions = 1)

User cuts applied:  105

Root node processing (before b&c):
  Real time             =    0.01 sec. (8.51 ticks)
Sequential b&c:
  Real time             =    0.00 sec. (0.00 ticks)
                          ------------
Total (root+branch&cut) =    0.01 sec. (8.51 ticks)

