Version identifier: 22.1.0.0 | 2022-03-09 | 1a383f8ce
CPXPARAM_Preprocessing_Reduce                    1
CPXPARAM_Threads                                 1
CPXPARAM_Preprocessing_Reformulations            0
CPXPARAM_TimeLimit                               10800
CPXPARAM_MIP_Tolerances_AbsMIPGap                0.999
CPXPARAM_MIP_Limits_TreeMemory                   20000
Legacy callback                                  BbLUID
         Disabling repeat represolve because of lazy constraint/incumbent callback.
1 of 1 MIP starts provided solutions.
MIP start 'm1' defined initial solution with objective 533.0000.
Tried aggregator 2 times.
MIP Presolve eliminated 65 rows and 5 columns.
MIP Presolve modified 38 coefficients.
Aggregator did 17 substitutions.
Reduced MIP has 135 rows, 228 columns, and 597 nonzeros.
Reduced MIP has 228 binaries, 0 generals, 0 SOSs, and 0 indicators.
Presolve time = 0.00 sec. (0.36 ticks)
Probing time = 0.00 sec. (0.21 ticks)
Clique table members: 151.
MIP emphasis: balance optimality and feasibility.
MIP search method: traditional branch-and-cut.
Parallel mode: none, using 1 thread.
Root relaxation solution time = 0.00 sec. (0.32 ticks)

        Nodes                                         Cuts/
   Node  Left     Objective  IInf  Best Integer    Best Bound    ItCnt     Gap         Variable B NodeID Parent  Depth

*     0+    0                          533.0000      255.0000            52.16%
      0     0      529.0000    10      533.0000      518.0000       58    2.81%
      0     0      529.6667    13      533.0000       User: 4       61    0.63%
      0     0        cutoff            533.0000                     72    0.00%                        0             0
Elapsed time = 0.01 sec. (7.06 ticks, tree = 0.01 MB, solutions = 1)

Clique cuts applied:  4
Cover cuts applied:  1
Zero-half cuts applied:  5
Gomory fractional cuts applied:  1
User cuts applied:  47

Root node processing (before b&c):
  Real time             =    0.01 sec. (7.06 ticks)
Sequential b&c:
  Real time             =    0.00 sec. (0.00 ticks)
                          ------------
Total (root+branch&cut) =    0.01 sec. (7.06 ticks)

