Version identifier: 22.1.0.0 | 2022-03-09 | 1a383f8ce
CPXPARAM_Preprocessing_Reduce                    1
CPXPARAM_Threads                                 1
CPXPARAM_Preprocessing_Reformulations            0
CPXPARAM_TimeLimit                               10800
CPXPARAM_MIP_Tolerances_AbsMIPGap                0.999
CPXPARAM_MIP_Limits_TreeMemory                   20000
Legacy callback                                  BbLUID
         Disabling repeat represolve because of lazy constraint/incumbent callback.
1 of 1 MIP starts provided solutions.
MIP start 'm1' defined initial solution with objective 505.0000.
Tried aggregator 1 time.
MIP Presolve eliminated 1526 rows and 0 columns.
MIP Presolve modified 295 coefficients.
Reduced MIP has 418 rows, 1065 columns, and 4113 nonzeros.
Reduced MIP has 1065 binaries, 0 generals, 0 SOSs, and 0 indicators.
Presolve time = 0.00 sec. (3.06 ticks)
Probing time = 0.00 sec. (2.25 ticks)
Clique table members: 422.
MIP emphasis: balance optimality and feasibility.
MIP search method: traditional branch-and-cut.
Parallel mode: none, using 1 thread.
Root relaxation solution time = 0.00 sec. (1.32 ticks)

        Nodes                                         Cuts/
   Node  Left     Objective  IInf  Best Integer    Best Bound    ItCnt     Gap         Variable B NodeID Parent  Depth

*     0+    0                          505.0000        0.0000           100.00%
      0     0      415.5000    28      505.0000      415.5000      140   17.72%
      0     0      439.0000    30      505.0000      Cuts: 31      164   13.07%
      0     0      444.5000    32      505.0000      Cuts: 24      396   11.98%
      0     0      450.5000    69      505.0000      Cuts: 11      414   10.79%
      0     0      459.6667    50      505.0000      Cuts: 10      442    8.98%
      0     0      465.0000    83      505.0000       Cuts: 8      477    7.92%
      0     0      468.6667    89      505.0000      Cuts: 14      502    7.19%
      0     0      472.5000    85      505.0000      Cuts: 24      531    6.44%
      0     0      475.1667    52      505.0000      Cuts: 19      585    5.91%
      0     0      475.8000    31      505.0000       Cuts: 9      599    5.78%
      0     0      477.1176    99      505.0000       Cuts: 9      630    5.52%
      0     0      478.1333    76      505.0000      Cuts: 13      665    5.32%
      0     0      478.6962    82      505.0000       Cuts: 5      692    5.21%
      0     0      479.3333    82      505.0000      Cuts: 11      721    5.08%
      0     0      479.6000    59      505.0000       Cuts: 6      728    5.03%
      0     0      479.7500    65      505.0000       Cuts: 8      740    5.00%
      0     0      480.8421    70      505.0000       Cuts: 7      774    4.78%
      0     0      485.0000    28      505.0000       Cuts: 5      781    3.96%
      0     0      486.6667    24      505.0000      Cuts: 14      790    3.63%
      0     0      489.0000    27      505.0000      Cuts: 11      802    3.17%
      0     0      492.2895    92      505.0000      Cuts: 18      834    2.52%
      0     0      493.5714    82      505.0000      Cuts: 15      893    2.26%
      0     0      494.2500    84      505.0000       Cuts: 6      911    2.13%
      0     0      494.7000    88      505.0000  ZeroHalf: 11      939    2.04%
      0     0      494.7000    98      505.0000      Cuts: 11      945    2.04%
      0     0      495.1778    94      505.0000   ZeroHalf: 8      952    1.94%
      0     0      495.5455   113      505.0000  ZeroHalf: 10      976    1.87%
      0     0      495.7538   114      505.0000       Cuts: 6      993    1.83%
      0     0      496.0408   108      505.0000   ZeroHalf: 2     1014    1.77%
      0     0      496.0882   102      505.0000  ZeroHalf: 10     1030    1.76%
      0     0      496.0888    94      505.0000       User: 3     1034    1.76%
*     0+    0                          499.0000      496.0888             0.58%
      0     2      496.4016    94      499.0000      496.4364     1034    0.51%                        0             0
Elapsed time = 0.23 sec. (336.53 ticks, tree = 0.01 MB, solutions = 2)
*     2     0      integral     0      498.0000      498.0000     1108    0.00%          x12_30 D      2      1      2

Zero-half cuts applied:  40
User cuts applied:  242

Root node processing (before b&c):
  Real time             =    0.23 sec. (336.53 ticks)
Sequential b&c:
  Real time             =    0.03 sec. (59.87 ticks)
                          ------------
Total (root+branch&cut) =    0.26 sec. (396.40 ticks)

