Version identifier: 22.1.0.0 | 2022-03-09 | 1a383f8ce
CPXPARAM_Preprocessing_Reduce                    1
CPXPARAM_Threads                                 1
CPXPARAM_Preprocessing_Reformulations            0
CPXPARAM_TimeLimit                               10800
CPXPARAM_MIP_Tolerances_AbsMIPGap                0.999
CPXPARAM_MIP_Limits_TreeMemory                   20000
Legacy callback                                  BbLUID
         Disabling repeat represolve because of lazy constraint/incumbent callback.
1 of 1 MIP starts provided solutions.
MIP start 'm1' defined initial solution with objective 552.0000.
Tried aggregator 2 times.
MIP Presolve eliminated 54 rows and 11 columns.
MIP Presolve modified 34 coefficients.
Aggregator did 32 substitutions.
Reduced MIP has 105 rows, 191 columns, and 505 nonzeros.
Reduced MIP has 191 binaries, 0 generals, 0 SOSs, and 0 indicators.
Presolve time = 0.00 sec. (0.33 ticks)
Probing time = 0.00 sec. (0.19 ticks)
Clique table members: 105.
MIP emphasis: balance optimality and feasibility.
MIP search method: traditional branch-and-cut.
Parallel mode: none, using 1 thread.
Root relaxation solution time = 0.00 sec. (0.20 ticks)

        Nodes                                         Cuts/
   Node  Left     Objective  IInf  Best Integer    Best Bound    ItCnt     Gap         Variable B NodeID Parent  Depth

*     0+    0                          552.0000      382.0000            30.80%
      0     0      541.6667    19      552.0000      539.0000       57    2.36%
      0     0      544.2500    25      552.0000      Cuts: 10       61    1.40%
      0     0      544.5000    12      552.0000      Cuts: 13       63    1.36%
      0     0      545.5000    12      552.0000       Cuts: 6       68    1.18%
      0     0      545.6000    16      552.0000   ZeroHalf: 3       73    1.16%
      0     0      545.7500    14      552.0000      Cuts: 12       78    1.13%
      0     0      546.0000     8      552.0000       Cuts: 8       80    1.09%
      0     0      546.0000    12      552.0000   ZeroHalf: 6       81    1.09%
      0     0      546.3000    23      552.0000   ZeroHalf: 9       87    1.03%
      0     0      546.3684    29      552.0000      Cuts: 10       98    1.02%
      0     0      546.5000    14      552.0000       Cuts: 4      101    1.00%
      0     0      546.6667    16      552.0000   ZeroHalf: 4      111    0.97%
      0     0      546.6923    32      552.0000   ZeroHalf: 3      113    0.96%
      0     0      546.7143    32      552.0000       User: 5      117    0.96%
      0     0      546.7143    23      552.0000       User: 1      119    0.96%
      0     2      546.7500    19      552.0000      546.8889      119    0.93%                        0             0
Elapsed time = 0.08 sec. (51.58 ticks, tree = 0.01 MB, solutions = 1)

Zero-half cuts applied:  11
Gomory fractional cuts applied:  1
User cuts applied:  108

Root node processing (before b&c):
  Real time             =    0.08 sec. (51.57 ticks)
Sequential b&c:
  Real time             =    0.11 sec. (31.71 ticks)
                          ------------
Total (root+branch&cut) =    0.19 sec. (83.28 ticks)

