Version identifier: 22.1.0.0 | 2022-03-09 | 1a383f8ce
CPXPARAM_Preprocessing_Reduce                    1
CPXPARAM_Threads                                 1
CPXPARAM_Preprocessing_Reformulations            0
CPXPARAM_TimeLimit                               10800
CPXPARAM_MIP_Tolerances_AbsMIPGap                0.999
CPXPARAM_MIP_Limits_TreeMemory                   20000
Legacy callback                                  BbLUID
         Disabling repeat represolve because of lazy constraint/incumbent callback.
1 of 1 MIP starts provided solutions.
MIP start 'm1' defined initial solution with objective 458.0000.
Tried aggregator 2 times.
MIP Presolve eliminated 929 rows and 0 columns.
MIP Presolve modified 203 coefficients.
Aggregator did 2 substitutions.
Reduced MIP has 323 rows, 927 columns, and 3141 nonzeros.
Reduced MIP has 927 binaries, 0 generals, 0 SOSs, and 0 indicators.
Presolve time = 0.00 sec. (2.38 ticks)
Probing time = 0.00 sec. (1.80 ticks)
Clique table members: 323.
MIP emphasis: balance optimality and feasibility.
MIP search method: traditional branch-and-cut.
Parallel mode: none, using 1 thread.
Root relaxation solution time = 0.00 sec. (1.21 ticks)

        Nodes                                         Cuts/
   Node  Left     Objective  IInf  Best Integer    Best Bound    ItCnt     Gap         Variable B NodeID Parent  Depth

*     0+    0                          458.0000       21.0000            95.41%
      0     0      442.0000    14      458.0000      382.0000      139   16.59%
      0     0      455.0000    18      458.0000      Cuts: 18      151    0.66%
      0     0      455.2000    28      458.0000       Cuts: 8      160    0.61%
      0     0      455.2667    62      458.0000   ZeroHalf: 5      171    0.60%
      0     0      455.4286    27      458.0000      Cuts: 13      177    0.56%
      0     0      455.4286    32      458.0000      Cuts: 10      180    0.56%
      0     0      455.5000    35      458.0000   ZeroHalf: 6      186    0.55%
      0     0      456.0000    30      458.0000   ZeroHalf: 5      192    0.44%
      0     0      456.0000    28      458.0000   ZeroHalf: 9      205    0.44%
      0     0      456.0000    28      458.0000       User: 6      212    0.44%
      0     0      456.0000    23      458.0000       User: 1      216    0.44%
      0     2      456.0000    12      458.0000      456.0000      216    0.44%                        0             0
Elapsed time = 0.09 sec. (82.36 ticks, tree = 0.01 MB, solutions = 1)

Zero-half cuts applied:  7
Gomory fractional cuts applied:  1
User cuts applied:  209

Root node processing (before b&c):
  Real time             =    0.09 sec. (82.26 ticks)
Sequential b&c:
  Real time             =    0.04 sec. (18.56 ticks)
                          ------------
Total (root+branch&cut) =    0.13 sec. (100.82 ticks)

