Version identifier: 22.1.0.0 | 2022-03-09 | 1a383f8ce
CPXPARAM_Preprocessing_Reduce                    1
CPXPARAM_Threads                                 1
CPXPARAM_Preprocessing_Reformulations            0
CPXPARAM_TimeLimit                               10800
CPXPARAM_MIP_Tolerances_AbsMIPGap                0.999
CPXPARAM_MIP_Limits_TreeMemory                   20000
Legacy callback                                  BbLUID
         Disabling repeat represolve because of lazy constraint/incumbent callback.
1 of 1 MIP starts provided solutions.
MIP start 'm1' defined initial solution with objective 515.0000.
Tried aggregator 2 times.
MIP Presolve eliminated 2086 rows and 3 columns.
MIP Presolve modified 304 coefficients.
Aggregator did 8 substitutions.
Reduced MIP has 414 rows, 1231 columns, and 5073 nonzeros.
Reduced MIP has 1231 binaries, 0 generals, 0 SOSs, and 0 indicators.
Presolve time = 0.00 sec. (4.47 ticks)
Probing time = 0.00 sec. (2.32 ticks)
Clique table members: 414.
MIP emphasis: balance optimality and feasibility.
MIP search method: traditional branch-and-cut.
Parallel mode: none, using 1 thread.
Root relaxation solution time = 0.00 sec. (1.25 ticks)

        Nodes                                         Cuts/
   Node  Left     Objective  IInf  Best Integer    Best Bound    ItCnt     Gap         Variable B NodeID Parent  Depth

*     0+    0                          515.0000      169.0000            67.18%
      0     0      483.5000     8      515.0000      445.0000      108   13.59%
      0     0      492.0000    10      515.0000       Cuts: 9      143    4.47%
      0     0      494.0000    14      515.0000      Cuts: 27      149    4.08%
      0     0      495.5000    45      515.0000       Cuts: 5      164    3.79%
      0     0      497.6667    62      515.0000       Cuts: 9      200    3.37%
      0     0      498.0833    64      515.0000       Cuts: 4      210    3.28%
      0     0      499.3333    28      515.0000      Cuts: 11      222    3.04%
      0     0      499.9130    95      515.0000       Cuts: 8      245    2.93%
      0     0      500.0000    36      515.0000       Cuts: 7      250    2.91%
      0     0      500.2000    37      515.0000   ZeroHalf: 2      256    2.87%
      0     0      500.5000    72      515.0000   ZeroHalf: 3      275    2.82%
      0     0      502.9062   102      515.0000      Cuts: 18      355    2.35%
      0     0      503.0000    92      515.0000      Cuts: 11      381    2.33%
      0     0      503.0000    89      515.0000       Cuts: 9      389    2.33%
      0     0      503.7000    94      515.0000       Cuts: 5      430    2.19%
      0     0      504.6923    67      515.0000       Cuts: 8      465    2.00%
      0     0      505.4118    79      515.0000       Cuts: 8      497    1.86%
      0     0      505.4286    80      515.0000      Cuts: 10      506    1.86%
      0     0      505.4286    69      515.0000       User: 1      507    1.86%
      0     2      505.4286    69      515.0000      505.5000      507    1.84%                        0             0
Elapsed time = 0.17 sec. (287.63 ticks, tree = 0.01 MB, solutions = 1)

Zero-half cuts applied:  15
User cuts applied:  358

Root node processing (before b&c):
  Real time             =    0.17 sec. (287.60 ticks)
Sequential b&c:
  Real time             =    0.16 sec. (227.17 ticks)
                          ------------
Total (root+branch&cut) =    0.32 sec. (514.77 ticks)

