Version identifier: 22.1.0.0 | 2022-03-09 | 1a383f8ce
CPXPARAM_Preprocessing_Reduce                    1
CPXPARAM_Threads                                 1
CPXPARAM_Preprocessing_Reformulations            0
CPXPARAM_TimeLimit                               10800
CPXPARAM_MIP_Tolerances_AbsMIPGap                0.999
CPXPARAM_MIP_Limits_TreeMemory                   20000
Legacy callback                                  BbLUID
         Disabling repeat represolve because of lazy constraint/incumbent callback.
1 of 1 MIP starts provided solutions.
MIP start 'm1' defined initial solution with objective 569.0000.
Tried aggregator 2 times.
MIP Presolve eliminated 395 rows and 1 columns.
MIP Presolve modified 129 coefficients.
Aggregator did 5 substitutions.
Reduced MIP has 245 rows, 561 columns, and 1773 nonzeros.
Reduced MIP has 561 binaries, 0 generals, 0 SOSs, and 0 indicators.
Presolve time = 0.00 sec. (1.15 ticks)
Probing time = 0.00 sec. (0.82 ticks)
Clique table members: 245.
MIP emphasis: balance optimality and feasibility.
MIP search method: traditional branch-and-cut.
Parallel mode: none, using 1 thread.
Root relaxation solution time = 0.00 sec. (0.70 ticks)

        Nodes                                         Cuts/
   Node  Left     Objective  IInf  Best Integer    Best Bound    ItCnt     Gap         Variable B NodeID Parent  Depth

*     0+    0                          569.0000      133.0000            76.63%
      0     0      559.5000     8      569.0000      546.0000      102    4.04%
      0     0        cutoff            569.0000                    103    0.00%                        0             0
Elapsed time = 0.02 sec. (13.06 ticks, tree = 0.01 MB, solutions = 1)

Clique cuts applied:  2
Cover cuts applied:  1
Zero-half cuts applied:  3
Gomory fractional cuts applied:  1
User cuts applied:  61

Root node processing (before b&c):
  Real time             =    0.02 sec. (13.07 ticks)
Sequential b&c:
  Real time             =    0.00 sec. (0.00 ticks)
                          ------------
Total (root+branch&cut) =    0.02 sec. (13.07 ticks)

