Version identifier: 22.1.0.0 | 2022-03-09 | 1a383f8ce
CPXPARAM_Preprocessing_Reduce                    1
CPXPARAM_Threads                                 1
CPXPARAM_Preprocessing_Reformulations            0
CPXPARAM_TimeLimit                               10800
CPXPARAM_MIP_Tolerances_AbsMIPGap                0.999
CPXPARAM_MIP_Limits_TreeMemory                   20000
Legacy callback                                  BbLUID
         Disabling repeat represolve because of lazy constraint/incumbent callback.
1 of 1 MIP starts provided solutions.
MIP start 'm1' defined initial solution with objective 592.0000.
Tried aggregator 1 time.
MIP Presolve eliminated 1592 rows and 0 columns.
MIP Presolve modified 288 coefficients.
Reduced MIP has 451 rows, 1321 columns, and 4633 nonzeros.
Reduced MIP has 1321 binaries, 0 generals, 0 SOSs, and 0 indicators.
Presolve time = 0.00 sec. (3.20 ticks)
Probing time = 0.00 sec. (2.26 ticks)
Clique table members: 451.
MIP emphasis: balance optimality and feasibility.
MIP search method: traditional branch-and-cut.
Parallel mode: none, using 1 thread.
Root relaxation solution time = 0.00 sec. (1.68 ticks)

        Nodes                                         Cuts/
   Node  Left     Objective  IInf  Best Integer    Best Bound    ItCnt     Gap         Variable B NodeID Parent  Depth

*     0+    0                          592.0000        0.0000           100.00%
      0     0      563.5000    32      592.0000      461.0000      182   22.13%
      0     0      574.5000    38      592.0000      Cuts: 31      200    2.96%
      0     0      578.0000    26      592.0000       Cuts: 8      207    2.36%
      0     0      579.0000    12      592.0000       Cuts: 8      221    2.20%
      0     0      580.5000    20      592.0000       Cuts: 5      224    1.94%
      0     0      586.7500    13      592.0000       Cuts: 8      225    0.89%
      0     0      589.0000    10      592.0000       Cuts: 6      230    0.51%
      0     0        cutoff            592.0000      589.0000      230    0.51%                        0             0
Elapsed time = 0.05 sec. (45.34 ticks, tree = 0.01 MB, solutions = 1)

Cover cuts applied:  1
Zero-half cuts applied:  6
Gomory fractional cuts applied:  2
User cuts applied:  211

Root node processing (before b&c):
  Real time             =    0.05 sec. (45.36 ticks)
Sequential b&c:
  Real time             =    0.00 sec. (0.00 ticks)
                          ------------
Total (root+branch&cut) =    0.05 sec. (45.36 ticks)

