Version identifier: 22.1.0.0 | 2022-03-09 | 1a383f8ce
CPXPARAM_Preprocessing_Reduce                    1
CPXPARAM_Threads                                 1
CPXPARAM_Preprocessing_Reformulations            0
CPXPARAM_TimeLimit                               10800
CPXPARAM_MIP_Tolerances_AbsMIPGap                0.999
CPXPARAM_MIP_Limits_TreeMemory                   20000
Legacy callback                                  BbLUID
         Disabling repeat represolve because of lazy constraint/incumbent callback.
1 of 1 MIP starts provided solutions.
MIP start 'm1' defined initial solution with objective 619.0000.
Tried aggregator 2 times.
MIP Presolve eliminated 153 rows and 16 columns.
MIP Presolve modified 70 coefficients.
Aggregator did 15 substitutions.
Reduced MIP has 187 rows, 361 columns, and 1006 nonzeros.
Reduced MIP has 361 binaries, 0 generals, 0 SOSs, and 0 indicators.
Presolve time = 0.00 sec. (0.62 ticks)
Probing time = 0.00 sec. (0.41 ticks)
Clique table members: 217.
MIP emphasis: balance optimality and feasibility.
MIP search method: traditional branch-and-cut.
Parallel mode: none, using 1 thread.
Root relaxation solution time = 0.00 sec. (0.49 ticks)

        Nodes                                         Cuts/
   Node  Left     Objective  IInf  Best Integer    Best Bound    ItCnt     Gap         Variable B NodeID Parent  Depth

*     0+    0                          619.0000      374.0000            39.58%
      0     0      612.0000    10      619.0000      590.0000       74    4.68%
      0     0      614.5000    20      619.0000      Cuts: 11       79    0.73%
      0     0      615.0000    12      619.0000       Cuts: 8       83    0.65%
      0     0      615.6667    11      619.0000       Cuts: 3       87    0.54%
      0     0      615.6667    12      619.0000       Cuts: 6       89    0.54%
      0     0      616.0000    17      619.0000       Cuts: 2       94    0.48%
      0     0      616.0000    10      619.0000       Cuts: 9       97    0.48%
      0     0      616.1667    33      619.0000       Cuts: 8      107    0.46%
      0     0      616.5333    50      619.0000   ZeroHalf: 7      113    0.40%
      0     0      617.3333    37      619.0000  ZeroHalf: 16      121    0.27%
      0     0      617.3750    37      619.0000   ZeroHalf: 6      124    0.26%
      0     0      617.3750    37      619.0000       User: 4      126    0.26%
      0     2      617.5000    24      619.0000      617.6667      131    0.22%                        0             0
Elapsed time = 0.07 sec. (50.79 ticks, tree = 0.01 MB, solutions = 1)
*     3     0      integral     0      618.0000      617.6667      137    0.05%

Zero-half cuts applied:  22
Gomory fractional cuts applied:  2
User cuts applied:  67

Root node processing (before b&c):
  Real time             =    0.07 sec. (49.49 ticks)
Sequential b&c:
  Real time             =    0.00 sec. (2.51 ticks)
                          ------------
Total (root+branch&cut) =    0.07 sec. (52.00 ticks)

