Version identifier: 22.1.0.0 | 2022-03-09 | 1a383f8ce
CPXPARAM_Preprocessing_Reduce                    1
CPXPARAM_Threads                                 1
CPXPARAM_Preprocessing_Reformulations            0
CPXPARAM_TimeLimit                               10800
CPXPARAM_MIP_Tolerances_AbsMIPGap                0.999
CPXPARAM_MIP_Limits_TreeMemory                   20000
Legacy callback                                  BbLUID
         Disabling repeat represolve because of lazy constraint/incumbent callback.
1 of 1 MIP starts provided solutions.
MIP start 'm1' defined initial solution with objective 575.0000.
Tried aggregator 1 time.
MIP Presolve eliminated 1255 rows and 2 columns.
MIP Presolve modified 255 coefficients.
Reduced MIP has 418 rows, 1170 columns, and 3974 nonzeros.
Reduced MIP has 1170 binaries, 0 generals, 0 SOSs, and 0 indicators.
Presolve time = 0.00 sec. (2.63 ticks)
Probing time = 0.00 sec. (2.13 ticks)
Clique table members: 418.
MIP emphasis: balance optimality and feasibility.
MIP search method: traditional branch-and-cut.
Parallel mode: none, using 1 thread.
Root relaxation solution time = 0.00 sec. (1.53 ticks)

        Nodes                                         Cuts/
   Node  Left     Objective  IInf  Best Integer    Best Bound    ItCnt     Gap         Variable B NodeID Parent  Depth

*     0+    0                          575.0000       60.0000            89.57%
      0     0      486.0000    22      575.0000      486.0000      137   15.48%
      0     0      538.3333    41      575.0000      Cuts: 30      155    6.38%
      0     0      544.0000    32      575.0000      Cuts: 21      167    5.39%
      0     0      545.0000    51      575.0000       Cuts: 8      170    5.22%
      0     0      545.6667    51      575.0000      Cuts: 14      184    5.10%
      0     0      546.0000    29      575.0000       User: 3      191    5.04%
      0     0      547.5000    30      575.0000      Cuts: 10      210    4.78%
      0     0      547.5000    24      575.0000      Cuts: 11      218    4.78%
      0     0      550.5000    48      575.0000       User: 6      238    4.26%
      0     0      550.6667    49      575.0000       User: 3      240    4.23%
      0     0      551.2500    47      575.0000       User: 5      242    4.13%
      0     0      553.2500    36      575.0000       User: 5      265    3.78%
      0     0      553.6000    43      575.0000       User: 4      271    3.72%
      0     0      553.7667    67      575.0000       User: 5      277    3.69%
      0     0      554.0444    78      575.0000       User: 4      283    3.64%
      0     0      557.1667    36      575.0000       User: 6      290    3.10%
      0     0      557.5000    14      575.0000       User: 4      294    3.04%
      0     0      561.4286    46      575.0000       User: 4      319    2.36%
      0     0      561.5357    48      575.0000       User: 2      322    2.34%
      0     0      562.0357    60      575.0000       User: 1      332    2.25%
      0     2      562.1071    59      575.0000      562.9286      332    2.10%                        0             0
Elapsed time = 0.12 sec. (166.59 ticks, tree = 0.01 MB, solutions = 1)

Zero-half cuts applied:  10
Gomory fractional cuts applied:  2
User cuts applied:  329

Root node processing (before b&c):
  Real time             =    0.12 sec. (166.39 ticks)
Sequential b&c:
  Real time             =    0.09 sec. (104.80 ticks)
                          ------------
Total (root+branch&cut) =    0.21 sec. (271.19 ticks)

