Version identifier: 22.1.0.0 | 2022-03-09 | 1a383f8ce
CPXPARAM_Preprocessing_Reduce                    1
CPXPARAM_Threads                                 1
CPXPARAM_Preprocessing_Reformulations            0
CPXPARAM_TimeLimit                               10800
CPXPARAM_MIP_Tolerances_AbsMIPGap                0.999
CPXPARAM_MIP_Limits_TreeMemory                   20000
Legacy callback                                  BbLUID
         Disabling repeat represolve because of lazy constraint/incumbent callback.
1 of 1 MIP starts provided solutions.
MIP start 'm1' defined initial solution with objective 651.0000.
Tried aggregator 2 times.
MIP Presolve eliminated 1059 rows and 1 columns.
MIP Presolve modified 253 coefficients.
Aggregator did 4 substitutions.
Reduced MIP has 411 rows, 1124 columns, and 3843 nonzeros.
Reduced MIP has 1124 binaries, 0 generals, 0 SOSs, and 0 indicators.
Presolve time = 0.00 sec. (2.77 ticks)
Probing time = 0.00 sec. (2.09 ticks)
Clique table members: 423.
MIP emphasis: balance optimality and feasibility.
MIP search method: traditional branch-and-cut.
Parallel mode: none, using 1 thread.
Root relaxation solution time = 0.00 sec. (1.26 ticks)

        Nodes                                         Cuts/
   Node  Left     Objective  IInf  Best Integer    Best Bound    ItCnt     Gap         Variable B NodeID Parent  Depth

*     0+    0                          651.0000      113.0000            82.64%
      0     0      585.5000    18      651.0000      585.5000      102   10.06%
      0     2      647.5000     8      651.0000      647.5000      102    0.54%                        0             0
Elapsed time = 0.04 sec. (23.64 ticks, tree = 0.01 MB, solutions = 1)

User cuts applied:  199

Root node processing (before b&c):
  Real time             =    0.04 sec. (23.62 ticks)
Sequential b&c:
  Real time             =    0.06 sec. (32.90 ticks)
                          ------------
Total (root+branch&cut) =    0.10 sec. (56.52 ticks)

