Version identifier: 22.1.0.0 | 2022-03-09 | 1a383f8ce
CPXPARAM_Preprocessing_Reduce                    1
CPXPARAM_Threads                                 1
CPXPARAM_Preprocessing_Reformulations            0
CPXPARAM_TimeLimit                               10800
CPXPARAM_MIP_Tolerances_AbsMIPGap                0.999
CPXPARAM_MIP_Limits_TreeMemory                   20000
Legacy callback                                  BbLUID
         Disabling repeat represolve because of lazy constraint/incumbent callback.
1 of 1 MIP starts provided solutions.
MIP start 'm1' defined initial solution with objective 557.0000.
Tried aggregator 2 times.
MIP Presolve eliminated 427 rows and 2 columns.
MIP Presolve modified 168 coefficients.
Aggregator did 11 substitutions.
Reduced MIP has 314 rows, 729 columns, and 2254 nonzeros.
Reduced MIP has 729 binaries, 0 generals, 0 SOSs, and 0 indicators.
Presolve time = 0.00 sec. (1.44 ticks)
Probing time = 0.00 sec. (1.05 ticks)
Clique table members: 314.
MIP emphasis: balance optimality and feasibility.
MIP search method: traditional branch-and-cut.
Parallel mode: none, using 1 thread.
Root relaxation solution time = 0.00 sec. (0.84 ticks)

        Nodes                                         Cuts/
   Node  Left     Objective  IInf  Best Integer    Best Bound    ItCnt     Gap         Variable B NodeID Parent  Depth

*     0+    0                          557.0000      147.0000            73.61%
      0     0      542.5000    14      557.0000      501.0000      102   10.05%
      0     0      543.0000    12      557.0000      Cuts: 11      106    2.51%
      0     0      548.2500    22      557.0000      Cuts: 15      141    1.57%
      0     0      548.5000    14      557.0000      Cuts: 18      145    1.53%
      0     0      549.0000    16      557.0000       Cuts: 4      155    1.44%
      0     0      549.0000    30      557.0000      Cuts: 11      171    1.44%
      0     0      549.5000    16      557.0000      Cuts: 18      185    1.35%
      0     0      552.3333    27      557.0000       Cuts: 8      190    0.84%
      0     0      552.5000    26      557.0000   ZeroHalf: 5      191    0.81%
      0     0      552.5000    16      557.0000       Cuts: 4      192    0.81%
      0     0      553.0000    37      557.0000   ZeroHalf: 2      198    0.72%
      0     0      553.5000    35      557.0000   ZeroHalf: 8      219    0.63%
      0     0      554.0000    35      557.0000      Cuts: 10      231    0.54%
      0     0      554.0000    32      557.0000      Cuts: 11      239    0.54%
      0     2      554.0000    14      557.0000      554.0000      239    0.54%                        0             0
Elapsed time = 0.13 sec. (154.80 ticks, tree = 0.01 MB, solutions = 1)

Cover cuts applied:  1
Mixed integer rounding cuts applied:  1
Zero-half cuts applied:  16
Gomory fractional cuts applied:  3
User cuts applied:  197

Root node processing (before b&c):
  Real time             =    0.13 sec. (154.79 ticks)
Sequential b&c:
  Real time             =    0.11 sec. (50.96 ticks)
                          ------------
Total (root+branch&cut) =    0.24 sec. (205.76 ticks)

