Version identifier: 22.1.0.0 | 2022-03-09 | 1a383f8ce
CPXPARAM_Preprocessing_Reduce                    1
CPXPARAM_Threads                                 1
CPXPARAM_Preprocessing_Reformulations            0
CPXPARAM_TimeLimit                               10800
CPXPARAM_MIP_Tolerances_AbsMIPGap                0.999
CPXPARAM_MIP_Limits_TreeMemory                   20000
Legacy callback                                  BbLUID
         Disabling repeat represolve because of lazy constraint/incumbent callback.
1 of 1 MIP starts provided solutions.
MIP start 'm1' defined initial solution with objective 667.0000.
Tried aggregator 2 times.
MIP Presolve eliminated 81 rows and 14 columns.
MIP Presolve modified 44 coefficients.
Aggregator did 30 substitutions.
Reduced MIP has 149 rows, 247 columns, and 648 nonzeros.
Reduced MIP has 247 binaries, 0 generals, 0 SOSs, and 0 indicators.
Presolve time = 0.00 sec. (0.41 ticks)
Probing time = 0.00 sec. (0.23 ticks)
Clique table members: 221.
MIP emphasis: balance optimality and feasibility.
MIP search method: traditional branch-and-cut.
Parallel mode: none, using 1 thread.
Root relaxation solution time = 0.00 sec. (0.26 ticks)

        Nodes                                         Cuts/
   Node  Left     Objective  IInf  Best Integer    Best Bound    ItCnt     Gap         Variable B NodeID Parent  Depth

*     0+    0                          667.0000      381.0000            42.88%
      0     0      664.0000     8      667.0000      646.0000       48    3.15%
      0     0        cutoff            667.0000                     50    0.00%                        0             0
Elapsed time = 0.02 sec. (4.15 ticks, tree = 0.01 MB, solutions = 1)

Gomory fractional cuts applied:  1
User cuts applied:  28

Root node processing (before b&c):
  Real time             =    0.02 sec. (4.15 ticks)
Sequential b&c:
  Real time             =    0.00 sec. (0.00 ticks)
                          ------------
Total (root+branch&cut) =    0.02 sec. (4.15 ticks)

