Version identifier: 22.1.0.0 | 2022-03-09 | 1a383f8ce
CPXPARAM_Preprocessing_Reduce                    1
CPXPARAM_Threads                                 1
CPXPARAM_Preprocessing_Reformulations            0
CPXPARAM_TimeLimit                               10800
CPXPARAM_MIP_Tolerances_AbsMIPGap                0.999
CPXPARAM_MIP_Limits_TreeMemory                   20000
Legacy callback                                  BbLUID
         Disabling repeat represolve because of lazy constraint/incumbent callback.
1 of 1 MIP starts provided solutions.
MIP start 'm1' defined initial solution with objective 705.0000.
Tried aggregator 2 times.
MIP Presolve eliminated 401 rows and 5 columns.
MIP Presolve modified 148 coefficients.
Aggregator did 2 substitutions.
Reduced MIP has 301 rows, 715 columns, and 2121 nonzeros.
Reduced MIP has 715 binaries, 0 generals, 0 SOSs, and 0 indicators.
Presolve time = 0.00 sec. (1.35 ticks)
Probing time = 0.00 sec. (1.01 ticks)
Clique table members: 301.
MIP emphasis: balance optimality and feasibility.
MIP search method: traditional branch-and-cut.
Parallel mode: none, using 1 thread.
Root relaxation solution time = 0.00 sec. (0.82 ticks)

        Nodes                                         Cuts/
   Node  Left     Objective  IInf  Best Integer    Best Bound    ItCnt     Gap         Variable B NodeID Parent  Depth

*     0+    0                          705.0000      220.0000            68.79%
      0     0      668.0000    18      705.0000      636.0000       97    9.79%
      0     0      675.0000    10      705.0000      Cuts: 31      115    4.26%
      0     0      688.2500    20      705.0000      Cuts: 14      145    2.38%
      0     0      689.0000    18      705.0000       Cuts: 8      152    2.27%
      0     0      689.0000    16      705.0000   ZeroHalf: 3      154    2.27%
      0     0      689.5000    28      705.0000   ZeroHalf: 5      162    2.20%
      0     0      689.6667    31      705.0000   ZeroHalf: 9      167    2.17%
      0     0      690.0000    34      705.0000   ZeroHalf: 9      172    2.13%
      0     0      690.1667    40      705.0000   ZeroHalf: 7      180    2.10%
      0     0      690.2500    39      705.0000   ZeroHalf: 8      187    2.09%
      0     0      690.8571    28      705.0000   ZeroHalf: 5      201    2.01%
      0     0      691.0000    10      705.0000   ZeroHalf: 4      202    1.99%
      0     0      691.0000    14      705.0000       Cuts: 2      204    1.99%
      0     0      691.0909    22      705.0000       User: 3      204    1.97%
      0     2      691.0909    32      705.0000      691.1250      204    1.97%                        0             0
Elapsed time = 0.17 sec. (119.04 ticks, tree = 0.01 MB, solutions = 1)
*    30    16      integral     0      703.0000      692.0000      517    1.56%
*    67    33      integral     0      702.0000      692.7500      919    1.32%
*   114    39      integral     0      700.0000      693.6667     1367    0.90%
*   131     1      integral     0      695.0000      695.0000     1619    0.00%

Clique cuts applied:  1
Cover cuts applied:  1
Zero-half cuts applied:  18
Lift and project cuts applied:  1
Gomory fractional cuts applied:  2
User cuts applied:  220

Root node processing (before b&c):
  Real time             =    0.17 sec. (119.05 ticks)
Sequential b&c:
  Real time             =    0.38 sec. (129.46 ticks)
                          ------------
Total (root+branch&cut) =    0.56 sec. (248.52 ticks)

