Version identifier: 22.1.0.0 | 2022-03-09 | 1a383f8ce
CPXPARAM_Preprocessing_Reduce                    1
CPXPARAM_Threads                                 1
CPXPARAM_Preprocessing_Reformulations            0
CPXPARAM_TimeLimit                               10800
CPXPARAM_MIP_Tolerances_AbsMIPGap                0.999
CPXPARAM_MIP_Limits_TreeMemory                   20000
Legacy callback                                  BbLUID
         Disabling repeat represolve because of lazy constraint/incumbent callback.
Tried aggregator 2 times.
MIP Presolve eliminated 64 rows and 0 columns.
MIP Presolve modified 39 coefficients.
Aggregator did 2 substitutions.
Reduced MIP has 77 rows, 147 columns, and 446 nonzeros.
Reduced MIP has 147 binaries, 0 generals, 0 SOSs, and 0 indicators.
Presolve time = 0.00 sec. (0.27 ticks)
Probing time = 0.00 sec. (0.20 ticks)
Clique table members: 79.
MIP emphasis: balance optimality and feasibility.
MIP search method: traditional branch-and-cut.
Parallel mode: none, using 1 thread.
Root relaxation solution time = 0.00 sec. (0.19 ticks)

        Nodes                                         Cuts/
   Node  Left     Objective  IInf  Best Integer    Best Bound    ItCnt     Gap         Variable B NodeID Parent  Depth

      0     0      424.0524    12                    424.0524       39         
*     0+    0                          471.4777      424.0524            10.06%
*     0+    0                          453.6300      424.0524             6.52%
*     0+    0                          451.2514      424.0524             6.03%
      0     2      441.7404    12      451.2514      442.6952       39    1.90%                        0             0
Elapsed time = 0.01 sec. (3.89 ticks, tree = 0.01 MB, solutions = 3)
*     9     1      integral     0      444.5425      444.5425       68    0.00%

User cuts applied:  52

Root node processing (before b&c):
  Real time             =    0.01 sec. (3.87 ticks)
Sequential b&c:
  Real time             =    0.01 sec. (2.61 ticks)
                          ------------
Total (root+branch&cut) =    0.01 sec. (6.49 ticks)

