Version identifier: 22.1.0.0 | 2022-03-09 | 1a383f8ce
CPXPARAM_Preprocessing_Reduce                    1
CPXPARAM_Threads                                 1
CPXPARAM_Preprocessing_Reformulations            0
CPXPARAM_TimeLimit                               10800
CPXPARAM_MIP_Tolerances_AbsMIPGap                0.999
CPXPARAM_MIP_Limits_TreeMemory                   20000
Legacy callback                                  BbLUID
         Disabling repeat represolve because of lazy constraint/incumbent callback.
Tried aggregator 1 time.
MIP Presolve eliminated 95 rows and 0 columns.
MIP Presolve modified 294 coefficients.
Reduced MIP has 352 rows, 812 columns, and 2574 nonzeros.
Reduced MIP has 812 binaries, 0 generals, 0 SOSs, and 0 indicators.
Presolve time = 0.00 sec. (1.37 ticks)
Probing time = 0.00 sec. (2.16 ticks)
Clique table members: 352.
MIP emphasis: balance optimality and feasibility.
MIP search method: traditional branch-and-cut.
Parallel mode: none, using 1 thread.
Root relaxation solution time = 0.00 sec. (0.63 ticks)

        Nodes                                         Cuts/
   Node  Left     Objective  IInf  Best Integer    Best Bound    ItCnt     Gap         Variable B NodeID Parent  Depth

      0     0      523.4807    58                    474.4164       29         
      0     0      523.9161    34                    Fract: 1       32         
      0     0      524.7800    36                     Cuts: 5       39         
      0     0      524.9785    67                 ZeroHalf: 2       47         
      0     2      524.9785    67                    525.2086       47                                 0             0
Elapsed time = 0.26 sec. (128.57 ticks, tree = 0.01 MB, solutions = 0)
     32    28      572.7638    12                    525.8763      297                   x26_11 U     32     31     13
     80    68      533.4623    42                    526.8305      590                    x0_16 D     80     79      7
    123   109    infeasible                          526.8305      903                    x16_1 D    123    122     42
    161   145      918.4395    18                    526.8305     1091                   x13_24 N    161    160     41
    203   183      575.4676    16                    527.1747     1413                   x27_19 U    203    202     24
    234   214      732.4321     8                    527.1747     1740                   x14_19 U    234    233     46
    276   250      539.1099    35                    527.7851     2094                    x10_5 D    276    275     23
    320   294      558.4497    42                    527.7851     2490                   x17_16 D    320    319     59
    356   330      589.7078    26                    527.7851     2980                    x12_5 U    356    354     81
    480   448      582.0811    31                    528.0111     3788                    x17_1 D    480    479     35
Elapsed time = 3.87 sec. (3339.16 ticks, tree = 0.27 MB, solutions = 0)
    609   561      558.5632    10                    528.1891     4786                   x16_14 N    609    607     34
    747   691      535.1317    22                    528.8800     5673                   x28_15 N    747    746      7
    846   782    infeasible                          528.8800     6583                   x25_15 N    846    844     76
    987   917      556.9754    21                    528.8978     7521                   x27_16 D    987    986     62
   1081  1011      686.6669    16                    528.8978     8391                   x12_19 D   1081   1079    138
   1263  1181      539.2285    16                    529.1637     9204                   x18_24 U   1263   1262      5
   1360  1278      701.9239    37                    529.1637    10079                   x22_12 D   1360   1359     75
   1422  1330      531.4607    42                    529.2483    10473                    x0_25 U   1422   1421     11
   1520  1424      542.9969    44                    529.4704    11240                   x20_26 U   1520   1519     17
   1660  1564      580.6284    33                    529.4704    12505                     x6_8 N   1660   1659    127
Elapsed time = 10.81 sec. (12958.75 ticks, tree = 1.08 MB, solutions = 0)
   1753  1654      848.5042    14                    529.4704    13171                   x22_21 N   1753   1750    197
   1918  1810      557.0375    36                    529.8946    14179                   x21_26 N   1918   1916     32
   2026  1918      706.0084    12                    529.8946    14931                     x1_2 N   2026   2024    117
   2180  2062      558.2209    22                    530.0181    15936                   x13_10 D   2180   2179     46
   2371  2249      582.7719    14                    530.1098    17060                   x14_10 D   2371   2370     83
   2550  2418    infeasible                          530.3457    18196                    x26_5 U   2550   2547    104
   2740  2601      682.5409     8                    530.8322    19430                     x4_1 N   2740   2739     91
   2809  2666      666.5545    26                    530.8561    20187                    x6_17 D   2809   2808     51
   2872  2721      576.0790    14                    530.9373    20793                    x3_26 U   2872   2870     20
   2995  2840    infeasible                          530.9373    21680                    x3_12 U   2995   2993    120
Elapsed time = 16.69 sec. (22560.09 ticks, tree = 2.16 MB, solutions = 0)
   3169  3010      567.8984    30                    530.9684    22551                   x22_25 N   3169   3167     58
   3283  3115      701.0730    26                    530.9800    23170                   x23_13 N   3283   3282     85
   3390  3218      637.6860    26                    531.0151    24054                   x26_19 U   3390   3388     83
   3512  3336      687.7508     8                    531.0660    24622                   x17_11 D   3512   3511     98
   3581  3401      639.7807    18                    531.1843    25215                    x6_10 U   3581   3579     48
   3620  3434      546.8036    29                    531.3368    25530                   x19_29 D   3620   3619     16
   3748  3562      716.6119    25                    531.3368    26099                   x22_27 D   3748   3747    144
   3870  3680      720.1943    20                    531.4256    26925                   x21_10 D   3870   3868    112
   3957  3761      604.2574    18                    531.4753    27568                   x11_10 U   3957   3955     58
   4027  3827      608.1404    25                    531.6701    27950                    x17_9 D   4027   4026     44
Elapsed time = 21.59 sec. (32263.85 ticks, tree = 3.00 MB, solutions = 0)
   4081  3881      760.9201    17                    531.6701    28494                     x9_2 U   4081   4080     86
   4195  3989      668.0988    20                    531.6769    29182                   x13_14 N   4195   4194    102
   4296  4086      590.1250    31                    531.7615    30178                    x9_16 D   4296   4294     74
   4398  4179      575.6012    25                    531.8546    30829                   x27_24 D   4398   4397     60
   4490  4261      572.7052    23                    531.8721    31581                   x26_27 N   4490   4489     37
   4609  4374      590.6551    13                    532.0074    32303                    x12_7 U   4609   4607     28
   4725  4482      632.2440    12                    532.1116    32879                    x10_5 D   4725   4724    105
   4810  4563      640.6189    13                    532.1395    33515                   x11_17 D   4810   4809     63
   4873  4622      559.3054    14                    532.1541    33912                   x18_26 D   4873   4871     24
   4926  4673      676.5364    14                    532.1541    34273                   x14_17 D   4926   4925     63
Elapsed time = 26.50 sec. (41950.19 ticks, tree = 3.93 MB, solutions = 0)
   5088  4825      592.2203    31                    532.2680    35320                    x27_3 N   5088   5087    112
   5224  4955      564.0245    28                    532.2999    35924                   x21_22 U   5224   5222     19
   5289  5020      655.4083    27                    532.2999    36406                    x27_1 U   5289   5286     70
   5326  5053      532.5389    20                    532.3073    36599                   x21_11 U   5326   3202      5
*  5355   676      integral     0      545.7158      532.3073    36781    2.46%
   5440   722      533.1300    22      545.7158      532.6756    37624    2.39%            x8_9 D   5440   5326      6
   5540   788        cutoff            545.7158      532.8569    38500    2.36%          x11_21 U   5540   5538     14
   5612   835      540.4091    10      545.7158      533.0056    39215    2.33%          x11_21 D   5612   5611     17
   5709   894      542.6498    44      545.7158      533.2508    40227    2.28%          x22_29 N   5709   5708     11
   5802   949      540.0676    33      545.7158      533.7272    41051    2.20%            x4_1 U   5802   5800     13
*  5832     0      integral     0      533.7797      533.7797    41344    0.00%

Zero-half cuts applied:  2
Gomory fractional cuts applied:  2
User cuts applied:  4055

Root node processing (before b&c):
  Real time             =    0.26 sec. (128.59 ticks)
Sequential b&c:
  Real time             =   30.12 sec. (50978.38 ticks)
                          ------------
Total (root+branch&cut) =   30.39 sec. (51106.97 ticks)

