Version identifier: 22.1.0.0 | 2022-03-09 | 1a383f8ce
CPXPARAM_Preprocessing_Reduce                    1
CPXPARAM_Threads                                 1
CPXPARAM_Preprocessing_Reformulations            0
CPXPARAM_TimeLimit                               10800
CPXPARAM_MIP_Tolerances_AbsMIPGap                0.999
CPXPARAM_MIP_Limits_TreeMemory                   20000
Legacy callback                                  BbLUID
         Disabling repeat represolve because of lazy constraint/incumbent callback.
Tried aggregator 1 time.
MIP Presolve eliminated 722 rows and 0 columns.
MIP Presolve modified 176 coefficients.
Reduced MIP has 242 rows, 624 columns, and 2232 nonzeros.
Reduced MIP has 624 binaries, 0 generals, 0 SOSs, and 0 indicators.
Presolve time = 0.00 sec. (1.45 ticks)
Probing time = 0.00 sec. (1.43 ticks)
Clique table members: 242.
MIP emphasis: balance optimality and feasibility.
MIP search method: traditional branch-and-cut.
Parallel mode: none, using 1 thread.
Root relaxation solution time = 0.00 sec. (0.89 ticks)

        Nodes                                         Cuts/
   Node  Left     Objective  IInf  Best Integer    Best Bound    ItCnt     Gap         Variable B NodeID Parent  Depth

      0     0      711.1313    53                    611.2768       75         
      0     0      713.9353    54                    Cuts: 19      101         
      0     0      717.0451    93                    Cuts: 21      132         
      0     0      718.3014    83                    Cuts: 16      160         
      0     0      719.6705    88                     Cuts: 8      190         
      0     0      721.4319    79                     Cuts: 7      216         
      0     0      721.5456    94                 ZeroHalf: 1      223         
      0     0      723.5047    80                     Cuts: 5      246         
      0     0      725.7215    77                 ZeroHalf: 2      277         
      0     0      726.5292    71                 ZeroHalf: 3      303         
      0     0      727.1024    90                 ZeroHalf: 3      323         
      0     2      734.5445    78                    734.7044      323                                 0             0
Elapsed time = 0.10 sec. (185.81 ticks, tree = 0.01 MB, solutions = 0)
     26    28      869.7830    20                    740.9863     1092                   x17_11 U     26     25     20
     53    51      767.4993    67                    743.4102     1923                   x18_23 N     53     52     13
    104   102      831.4254    46                    743.4102     2870                    x21_7 N    104    102     50
    140   134      762.8119    37                    743.4166     3911                   x13_10 U    140    139     20
    191   185      866.5546    49                    743.4166     4838                    x30_8 N    191    189     65
    241   224      766.0429    36                    744.0135     5592                    x18_1 N    241    240     20
    291   274      954.9554    24                    744.0135     6310                     x1_6 U    291    290     70
    325   302      780.7405    55                    744.3790     7414                   x17_16 N    325    323     22
    363   340      874.3803    24                    744.3790     8223                    x32_6 N    363    362     53
    555   520      819.8445    23                    745.9499    11486                    x5_28 N    555    553     36
Elapsed time = 2.14 sec. (3340.82 ticks, tree = 0.48 MB, solutions = 0)
    713   666      781.9296    40                    748.3382    15597                   x13_10 N    713    712     25
    869   812      764.1939    22                    749.2133    18278                   x13_10 D    869    868     11
   1010   947      821.9307    44                    749.2885    21290                    x3_14 D   1010   1009     68
   1199  1120      767.0141    10                    750.2877    25660                    x5_25 D   1199   1198     17
   1316  1231      781.1832    20                    750.4334    29977                    x26_5 N   1316   1314     23
   1490  1392      791.8875    43                    750.5256    32351                   x32_20 D   1490   1489     71
   1631  1530      893.2194    22                    751.7822    34605                   x17_11 N   1631   1630     99
   1824  1715      880.7653    35                    751.9660    37495                    x18_1 N   1824   1823     87
   1950  1830      755.6386   103                    752.2065    40880                   x26_29 D   1950     40      4
   2139  2013      903.5045    42                    752.2364    44145                    x8_15 U   2139   2137     50
Elapsed time = 7.51 sec. (12957.83 ticks, tree = 13.30 MB, solutions = 0)
   2353  2216      825.3278    56                    752.4799    47503                   x27_16 N   2353   2351     27
   2483  2340      822.6874    67                    752.4841    51322                   x25_15 N   2483   2481     34
   2598  2455     1058.3693    10                    752.4841    54261                   x16_11 N   2598   2596    128
   2721  2572      872.8031    31                    752.5021    57753                    x17_3 D   2721   2720     99
   2876  2713      770.7205    35                    752.9236    60677                    x4_15 D   2876   2874     31
   3065  2898      881.1141    54                    752.9573    64749                   x32_29 D   3065   3064     99
   3223  3052      853.8019    34                    752.9608    68359                    x4_14 N   3223   3221     80
   3373  3196      796.3149    34                    753.4380    71146                   x32_31 U   3373   3372     78
   3498  3313      812.6459    46                    753.4512    74506                    x1_14 D   3498   3497     37
   3624  3435      863.3324    42                    753.9696    77437                     x1_2 N   3624   3623    107
Elapsed time = 12.83 sec. (22636.56 ticks, tree = 17.90 MB, solutions = 0)
   3721  3528      825.0018    14                    753.9931    80018                   x18_20 N   3721   3719     60
   3826  3627      806.2181    43                    754.0569    83032                   x16_15 U   3826   3824     50
   3941  3738      881.5029    49                    754.2589    86172                   x20_17 N   3941   3940     62
   4070  3861      829.8517    44                    754.3471    88844                   x20_11 D   4070   4069    111
   4183  3970      872.2092    12                    754.6650    90726                   x10_11 N   4183   4182     78
   4302  4083      776.9187    26                    754.6982    92631                   x10_23 U   4302   4301     75
   4472  4249      762.9981    28                    754.8067    95111                    x1_25 U   4472   4470     10
   4629  4402      797.8395    52                    754.8100    97823                    x6_22 D   4629   4628     86
   4730  4499      827.9134    13                    754.8448   100922                    x1_15 D   4730   4728     41
   4840  4597      784.0665    42                    754.8913   102812                   x17_15 D   4840   4839     42
Elapsed time = 17.71 sec. (32269.62 ticks, tree = 24.31 MB, solutions = 0)
   4963  4714      826.6481    79                    754.9934   105344                   x10_32 U   4963   4960     19
   4994  4741      793.6078    30                    755.0575   108513                    x2_26 D   4994   4993     13
   5049  4794      957.8581    10                    755.0575   111021                     x4_6 U   5049   5047     52
   5091  4830      958.9404    27                    755.0818   113423                   x15_19 N   5091   5089     41
   5254  4984      771.2412    26                    755.1727   115935                     x1_5 D   5254   5252     18
   5335  5059      775.9368    41                    755.3534   117719                   x23_26 U   5335    127     12
   5485  5209      844.3917    44                    755.3534   120533                   x24_17 N   5485   5484    162
   5576  5296      878.2766    10                    755.3716   123131                   x15_24 U   5576   5574     38
   5660  5372      814.0902    60                    755.4421   125152                    x32_2 D   5660   5659     49
   5812  5518    infeasible                          755.4669   127756                     x4_2 N   5812   5810     18
Elapsed time = 22.76 sec. (41907.08 ticks, tree = 28.24 MB, solutions = 0)
   5890  5596      899.0179    48                    755.4669   130042                    x2_10 D   5890   5889     81
   6002  5694      779.5059    72                    755.4738   131576                    x4_19 D   6002   6001     90
   6129  5815      796.3066    64                    755.4892   134222                    x20_3 N   6129   6127     31
   6203  5887    infeasible                          755.4892   136888                   x20_18 N   6203   6201     86
   6288  5966      892.3309    44                    755.5567   139518                    x27_3 N   6288   6287     74
   6341  6011      853.6861    50                    755.7367   141921                    x4_27 N   6341   6339     31
   6444  6106      800.8651    38                    755.8714   144146                   x26_22 D   6444   6443     82
   6567  6223      808.1782    26                    755.8876   146583                    x20_3 D   6567   6566     34
   6629  6281    infeasible                          755.8876   148209                    x27_1 U   6629   6627     82
   6733  6385      836.8391    47                    755.9099   150929                    x4_27 D   6733   6732    108
Elapsed time = 27.75 sec. (51656.85 ticks, tree = 32.84 MB, solutions = 0)
   6850  6498      778.6594    23                    755.9107   153138                     x6_7 U   6850   6847     40
   6916  6558      797.6952    28                    755.9361   155092                   x27_17 D   6916   6915     28
   7017  6653      765.5957    48                    756.0335   157894                   x15_16 D   7017   7015     23
   7081  6717      910.3188    12                    756.0335   160256                    x1_17 U   7081   7079     72
   7179  6809      767.1597    32                    756.0726   161897                   x25_27 D   7179   7178     32
   7297  6921      854.7005    42                    756.1020   163850                   x32_20 N   7297   7295     28
   7351  6969      801.8991    31                    756.1282   166298                    x4_27 N   7351   7348     19
   7406  7024     1003.8291    24                    756.1282   168452                     x1_5 N   7406   7404     60
   7452  7066      795.8224    27                    756.2763   170788                    x20_3 N   7452   7450     34
   7516  7128      991.5317    23                    756.2763   172168                   x14_11 U   7516   7513     85
Elapsed time = 32.93 sec. (61447.00 ticks, tree = 39.58 MB, solutions = 0)
   7600  7205      790.0356    41                    756.3090   173601                   x27_11 D   7600   7599     77
   7706  7307      841.2278    48                    756.3322   175911                   x32_17 U   7706   7704     35
   7740  7341      970.3231    21                    756.3322   177972                   x14_27 N   7740   7739     58
   7808  7401      783.6284    17                    756.3322   179559                    x1_15 D   7808   7807     45
   7936  7521      766.6301    26                    756.3334   181747                   x25_27 U   7936   7933     19
   8002  7579      765.0870    65                    756.3381   183451                   x25_16 U   8002   5921     10
   8137  7714      808.2720    26                    756.3381   186105                   x23_14 D   8137   8136    145
   8203  7776      813.9728    59                    756.3486   188510                   x20_22 D   8203   8202     21
   8250  7819      953.1189    43                    756.3486   190384                   x12_22 U   8250   8248     54
   8335  7900      798.4329    64                    756.3641   192776                   x19_29 D   8335   8334     73
Elapsed time = 37.94 sec. (71161.65 ticks, tree = 44.22 MB, solutions = 0)
   8452  8017      964.4971    58                    756.3641   194977                   x25_15 N   8452   8451    190
   8525  8086      800.3298    55                    756.4151   197385                    x17_5 D   8525   8524     40
   8571  8132      889.4021    17                    756.4151   198922                    x3_19 U   8571   8569     76
   8615  8168      865.6062    52                    756.4403   201284                   x16_15 N   8615   8613     34
   8644  8193    infeasible                          756.4403   203292                   x32_17 U   8644   8642     54
   8676  8219      845.0949    52                    756.4457   205718                    x11_4 U   8676   8674     34
   8710  8253     1030.0504    34                    756.4457   208249                   x12_22 N   8710   8708     59
   8799  8332      801.8391    67                    756.4457   210474                   x26_14 D   8799   8798     81
   8914  8441      834.2648    37                    756.4475   212879                   x25_17 N   8914   8912     23
   8948  8475      957.0525    22                    756.4475   215431                   x14_27 N   8948   8946     46
Elapsed time = 42.94 sec. (81125.34 ticks, tree = 47.84 MB, solutions = 0)
   8975  8500     1078.7448    22                    756.4475   217825                   x25_15 N   8975   8972     66
   9100  8621      834.5577    70                    756.4979   219858                     x8_1 D   9100   9099    136
   9194  8709      890.4292    42                    756.5411   221946                    x18_1 N   9194   9192     43
   9221  8732      782.9350    86                    756.5747   223522                   x11_15 U   9221   1951      6
   9348  8859      840.1111    73                    756.5747   225753                   x26_28 N   9348   9347    133
   9446  8951      798.6788    52                    756.6824   227902                    x3_32 D   9446   9445     32
   9502  9005     1026.0064    12                    756.6824   229795                    x13_9 D   9502   9501     77
   9625  9120      912.2757    36                    756.6844   231870                    x6_27 N   9625   9623    133
   9681  9168      838.5834    24                    756.6929   234001                    x27_3 N   9681   9680     50
   9840  9315    infeasible                          756.7106   242075                   x20_11 U   9840   9838     90
Elapsed time = 49.67 sec. (93732.95 ticks, tree = 50.22 MB, solutions = 0)
  10131  9590      801.4896    42                    756.8707   248217                     x1_5 U  10131  10129     27
  10393  9844      832.5637    57                    756.8845   255382                    x1_15 N  10393  10391     37
  10639 10080      834.5067    24                    756.8906   262525                    x32_4 N  10639  10637     26
  10891 10316      779.1513    88                    756.9659   268172                   x25_26 U  10891  10889     10
  11044 10464      913.9113    42                    756.9960   274761                   x25_14 N  11044  11043     67
  11307 10703      772.8647    44                    757.0446   281528                    x18_1 N  11307  11306     41
  11539 10919      770.3750    14                    757.0848   289120                   x15_20 D  11539  11538     25
* 11694  3278      integral     0      786.3005      757.0914   292542    3.71%            x7_9 U  11694  11692     23
  11974  3528      763.2647    40      786.3005      757.2268   297728    3.70%          x15_16 N  11974  11973     25
* 12074  1696      integral     0      771.8799      757.3112   300000    1.89%          x14_11 D  12074  12073     61
Elapsed time = 66.84 sec. (128318.53 ticks, tree = 8.09 MB, solutions = 2)
  12277  1843      764.3846    46      771.8799      757.6853   304351    1.84%          x20_18 N  12277  12276     16
  12482  2005      762.5547    49      771.8799      757.7864   308927    1.83%           x1_15 N  12482  12481      8
  12710  2169      770.2712    60      771.8799      757.8744   313426    1.81%           x2_27 D  12710  12709     38
  12960  2358      767.7003    80      771.8799      758.0677   317956    1.79%          x16_17 D  12960  12959     30
  13193  2524      771.4274    78      771.8799      758.2657   322988    1.76%           x6_26 N  13193  13191     28
* 13409  2653      integral     0      771.7760      758.3965   327639    1.73%
  13420  2654        cutoff            771.7760      758.4028   327846    1.73%           x23_1 U  13420  13418     11
  13643  2799      767.0607    68      771.7760      758.5778   332186    1.71%           x4_22 N  13643  13642     19
  13896  2989      763.8644    24      771.7760      758.7032   336861    1.69%           x15_4 N  13896  13895     16
  14100  3087      763.4745    38      771.7760      758.8527   341540    1.67%           x3_16 N  14100  13705     15
  14324  3223      761.3446    29      771.7760      758.9705   346280    1.66%           x4_28 N  14324  14323     16
Elapsed time = 82.87 sec. (166718.94 ticks, tree = 11.19 MB, solutions = 3)
  14527  3351      768.2534    34      771.7760      759.0686   351258    1.65%           x20_3 D  14527  14526     32
  14750  3501      768.5088    27      771.7760      759.2129   355900    1.63%           x2_23 N  14750  14748     32
  14967  3622      769.0800    39      771.7760      759.3302   360813    1.61%           x2_27 N  14967  14966     20
  15173  3749      765.8392    38      771.7760      759.4500   366070    1.60%            x5_3 U  15173  15170     17
  15379  3883      768.7467    38      771.7760      759.5386   370806    1.59%           x23_2 N  15379  15377     26
  15553  3973        cutoff            771.7760      759.6664   375617    1.57%          x16_32 U  15553  11786      7
  15780  4112      762.4284    41      771.7760      759.7857   380628    1.55%           x18_1 D  15780  15779     19
  16023  4253        cutoff            771.7760      759.9167   385050    1.54%          x15_27 U  16023  16021     29
  16180  4339      761.5516    47      771.7760      759.9938   389337    1.53%           x4_15 N  16180   5247     14
  16409  4444      766.8823    20      771.7760      760.1273   394314    1.51%          x20_28 N  16409  14599     17
Elapsed time = 98.40 sec. (205144.62 ticks, tree = 14.88 MB, solutions = 3)
  16605  4545      768.6388    25      771.7760      760.2322   399091    1.50%          x25_17 D  16605  16604     32
  16826  4661        cutoff            771.7760      760.3442   403758    1.48%            x3_4 U  16826  16824     18
  17016  4750        cutoff            771.7760      760.4729   409391    1.46%           x27_4 U  17016  13454     24
  17230  4870      768.8608    30      771.7760      760.5483   414452    1.45%            x3_4 N  17230  17229     24
  17435  4972        cutoff            771.7760      760.6508   419572    1.44%          x26_25 D  17435  17434     19
  17641  5088      767.4669    43      771.7760      760.7201   424752    1.43%          x23_25 D  17641  17640     26
  17835  5151      771.4098    21      771.7760      760.8091   430082    1.42%           x3_16 N  17835  17834     32
  18064  5276      769.8650    57      771.7760      760.8751   434616    1.41%          x14_15 N  18064  18063     25
  18261  5361      769.7906    76      771.7760      760.9634   440122    1.40%           x1_23 N  18261  15304     13
  18444  5445      770.2992    60      771.7760      761.0696   444586    1.39%          x17_32 D  18444  18443     27
Elapsed time = 113.68 sec. (243442.95 ticks, tree = 17.04 MB, solutions = 3)
  18658  5562        cutoff            771.7760      761.1414   449601    1.38%           x1_23 U  18658  18656     16
  18877  5676      769.8068    30      771.7760      761.2069   454562    1.37%           x4_27 N  18877  13037     31
  19092  5786      764.6157    52      771.7760      761.3207   459514    1.35%          x27_25 D  19092  19091     37
  19294  5887      769.4552    51      771.7760      761.3717   464390    1.35%           x15_3 N  19294  19293     35
  19474  5957      768.1011    63      771.7760      761.4785   469359    1.33%          x17_26 N  19474  19473     28
  19686  6064      770.2462    26      771.7760      761.5836   474321    1.32%           x4_15 N  19686  19684     21
  19903  6159      763.3786    74      771.7760      761.7025   479346    1.31%           x4_23 D  19903  19902     24
  20102  6250      765.4650    53      771.7760      761.8018   484657    1.29%          x17_25 D  20102  20101     26
  20310  6366        cutoff            771.7760      761.8384   489925    1.29%           x5_28 U  20310  12855     15
  20514  6452      766.1293    35      771.7760      761.9145   495147    1.28%          x17_25 N  20514  20513     21
Elapsed time = 129.04 sec. (281671.82 ticks, tree = 21.21 MB, solutions = 3)
  20700  6529      769.6345    27      771.7760      762.0144   499494    1.26%          x16_22 N  20700  20699     21
  20910  6640      770.3554    40      771.7760      762.0888   504496    1.26%          x25_16 D  20910  20909     16
  21119  6727      767.1500    30      771.7760      762.1820   509531    1.24%          x18_28 D  21119  21118     21
  21320  6815      763.3224    81      771.7760      762.2758   514549    1.23%          x14_21 N  21320  21319     21
  21518  6903      764.0409    51      771.7760      762.3232   519957    1.22%          x30_32 N  21518  21517     26
  21727  7019      769.6084    40      771.7760      762.3820   524714    1.22%           x4_27 N  21727   4818     21
  21914  7092        cutoff            771.7760      762.4518   529897    1.21%            x4_2 U  21914  21912     38
  22111  7183      762.7163    34      771.7760      762.5194   534433    1.20%           x23_2 D  22111  22110     22
  22276  7239      767.8844    31      771.7760      762.5751   538873    1.19%           x4_28 N  22276  22274     27
  22477  7313      763.7519    56      771.7760      762.6559   543718    1.18%          x20_28 D  22477  22476     17
Elapsed time = 143.79 sec. (319980.24 ticks, tree = 22.76 MB, solutions = 3)
  22694  7420        cutoff            771.7760      762.7203   548837    1.17%           x20_3 U  22694  15206     24
  22896  7469      770.2535    22      771.7760      762.7852   554385    1.16%           x18_5 D  22896  22895     23
  23100  7523      769.9105    29      771.7760      762.8890   560023    1.15%           x4_28 N  23100  23099     29
  23328  7610        cutoff            771.7760      762.9668   565348    1.14%          x28_18 U  23328  16862     29
  23547  7701      771.2067    18      771.7760      763.0523   570793    1.13%            x7_9 N  23547  23546     34
  23761  7765        cutoff            771.7760      763.1753   576846    1.11%          x27_15 U  23761  23759     24
  23978  7849      768.9351    47      771.7760      763.2463   582252    1.11%          x17_26 N  23978  23977     22
  24153  7906      770.4973    44      771.7760      763.3057   586783    1.10%          x26_25 N  24153  24152     15
  24345  7959      763.4251    30      771.7760      763.3657   592325    1.09%           x1_15 N  24345  16448     20
  24547  8036      768.6405    40      771.7760      763.4152   597687    1.08%          x14_11 N  24547  24546     30
Elapsed time = 158.84 sec. (358304.71 ticks, tree = 23.80 MB, solutions = 3)
  24780  8111        cutoff            771.7760      763.4828   603111    1.07%           x23_1 D  24780  24778     25
  24985  8171      771.1877    38      771.7760      763.5599   608652    1.06%           x1_18 N  24985  24983     26
  25218  8259        cutoff            771.7760      763.6135   613694    1.06%           x4_22 U  25218  25216     21
  25444  8327        cutoff            771.7760      763.6880   619624    1.05%           x15_4 U  25444  25104     27
  25658  8409      769.8802    32      771.7760      763.7491   624939    1.04%           x3_16 N  25658  14647     14
  25862  8450        cutoff            771.7760      763.8400   630452    1.03%           x27_3 D  25862  25861     25
  26055  8478        cutoff            771.7760      763.9113   635849    1.02%            x5_3 U  26055  20852     27
  26259  8519      770.4141    24      771.7760      763.9822   641420    1.01%          x25_27 N  26259  14609     27
  26459  8561      765.3263    33      771.7760      764.0703   646648    1.00%           x15_4 N  26459  21681     27
  26652  8599      766.5971    26      771.7760      764.1377   652259    0.99%           x5_25 N  26652  17333     18
Elapsed time = 174.11 sec. (396543.59 ticks, tree = 24.91 MB, solutions = 3)
  26872  8664        cutoff            771.7760      764.1882   657656    0.98%           x15_4 U  26872  26870     26
  27080  8739      771.0085    30      771.7760      764.2436   663228    0.98%            x1_5 N  27080  27079     24
  27271  8738      767.0190    18      771.7760      764.3369   668689    0.96%           x27_3 N  27271  27270     23
  27471  8769        cutoff            771.7760      764.4139   673681    0.95%           x15_1 U  27471  27469     17
  27703  8852        cutoff            771.7760      764.4560   678111    0.95%          x23_25 U  27703  12946     17
  27897  8884        cutoff            771.7760      764.5150   683611    0.94%          x28_32 U  27897  12563     20
  28099  8938      769.5890    28      771.7760      764.5715   688776    0.93%           x15_4 N  28099  28096     35
  28294  8958      766.7068    33      771.7760      764.6402   693831    0.92%           x4_27 N  28294  28293     17
  28495  8994      766.3092    18      771.7760      764.7120   698490    0.92%           x7_10 N  28495  28494     16
  28730  9081        cutoff            771.7760      764.7600   703525    0.91%           x15_4 D  28730  28729     27
Elapsed time = 189.20 sec. (434808.74 ticks, tree = 25.85 MB, solutions = 3)
  28922  9122      769.6435    27      771.7760      764.8001   708860    0.90%           x1_18 U  28922  28920     28
  29117  9125        cutoff            771.7760      764.8846   713905    0.89%           x10_9 U  29117  29115     38
  29303  9119        cutoff            771.7760      764.9493   718936    0.88%           x3_16 U  29303  29301     17
  29509  9159      768.3509    34      771.7760      765.0165   723748    0.88%           x20_3 N  29509  29508     15
  29715  9210        cutoff            771.7760      765.0662   728709    0.87%            x5_3 U  29715  22482     23
  29915  9236      767.5010    70      771.7760      765.1237   733994    0.86%          x27_18 N  29915  29914     13
  30110  9264      770.9817    67      771.7760      765.1783   738721    0.85%          x25_20 N  30110  29462     22
  30301  9253        cutoff            771.7760      765.2325   743750    0.85%           x15_4 U  30301  30299     25
  30491  9282      767.8010    27      771.7760      765.2758   748814    0.84%          x20_18 N  30491  30490     24
  30703  9321      770.4779    36      771.7760      765.3249   753613    0.84%          x25_28 N  30703  30702     29
Elapsed time = 204.07 sec. (473065.20 ticks, tree = 27.03 MB, solutions = 3)
  30891  9344        cutoff            771.7760      765.3610   759051    0.83%          x32_20 D  30891  30890      6
  31090  9330        cutoff            771.7760      765.4233   764066    0.82%           x2_25 U  31090  30238     28
  31311  9375        cutoff            771.7760      765.4820   769378    0.82%           x4_23 U  31311  12137     38
  31510  9394      767.5240    22      771.7760      765.5263   774171    0.81%           x3_16 N  31510  14869     10
  31716  9412      766.1559    30      771.7760      765.5776   779003    0.80%          x18_28 D  31716  31714     21
  31915  9411      771.3681    65      771.7760      765.6221   783898    0.80%          x32_17 N  31915  31914     26
  32114  9417        cutoff            771.7760      765.6845   788827    0.79%          x13_10 D  32114  32113     39
  32295  9405      769.0959    40      771.7760      765.7378   794218    0.78%           x23_5 N  32295  32293     32
  32487  9399        cutoff            771.7760      765.7963   799098    0.77%          x22_29 U  32487  14816     22
  32685  9364      767.1502    35      771.7760      765.8663   804308    0.77%            x5_3 N  32685  32684     10
Elapsed time = 218.86 sec. (511306.06 ticks, tree = 26.93 MB, solutions = 3)
  32877  9377      771.4235    44      771.7760      765.9084   808633    0.76%            x5_3 N  32877  32876     22
  33078  9366        cutoff            771.7760      765.9684   813828    0.75%          x20_18 U  33078  30127     12
  33288  9373      768.8526    12      771.7760      766.0167   818359    0.75%          x10_11 N  33288  33287     34
  33493  9369      769.5027    13      771.7760      766.0624   823333    0.74%          x10_14 N  33493  33492     21
  33696  9367      770.9044    51      771.7760      766.1118   828641    0.73%            x4_3 N  33696  33695     18
  33897  9349        cutoff            771.7760      766.1767   833371    0.73%           x20_3 U  33897  33895     34
  34113  9350        cutoff            771.7760      766.2260   837684    0.72%           x4_25 U  34113  34111     27
  34305  9307        cutoff            771.7760      766.2924   842753    0.71%          x18_28 U  34305  14547     21
  34510  9307      768.4351    37      771.7760      766.3313   847633    0.71%          x18_20 N  34510  34509     10
  34698  9259        cutoff            771.7760      766.4113   852766    0.70%           x32_4 U  34698  24012     11
Elapsed time = 233.20 sec. (549583.07 ticks, tree = 26.38 MB, solutions = 3)
  34900  9207        cutoff            771.7760      766.4714   857638    0.69%           x10_1 U  34900    964     23
  35101  9185        cutoff            771.7760      766.5334   862494    0.68%           x4_28 U  35101  16866     33
  35302  9137        cutoff            771.7760      766.5917   867562    0.67%           x18_1 U  35302  21263     24
  35520  9133      768.7949    24      771.7760      766.6358   872190    0.67%           x5_27 N  35520  25092     26
  35717  9079      771.7556    58      771.7760      766.6917   877137    0.66%          x16_22 N  35717  35716     11
  35926  9051      769.6230    39      771.7760      766.7400   881777    0.65%          x20_28 N  35926  35924     29
  36137  9037      767.7843    35      771.7760      766.7903   886400    0.65%          x18_23 N  36137  36136     16
  36328  9014      770.4541    36      771.7760      766.8388   890941    0.64%           x3_16 N  36328  14200     19
  36531  8971      769.3342    24      771.7760      766.8886   895426    0.63%            x4_3 N  36531  36529     42
  36730  8937      770.0578    56      771.7760      766.9404   900120    0.63%           x15_1 N  36730  25849     30
Elapsed time = 247.68 sec. (587840.72 ticks, tree = 25.61 MB, solutions = 3)
  36920  8922        cutoff            771.7760      766.9713   904607    0.62%          x32_15 U  36920  24013     12
  37121  8880        cutoff            771.7760      767.0287   909316    0.62%          x20_16 U  37121  15179     22
  37319  8850      770.1702    44      771.7760      767.0780   913730    0.61%            x4_3 N  37319  37318     34
  37529  8837        cutoff            771.7760      767.1277   918103    0.60%          x20_28 U  37529  37527     19
  37733  8788        cutoff            771.7760      767.1909   922631    0.59%            x3_4 U  37733  18250     23
  37942  8753      770.7185    22      771.7760      767.2480   927068    0.59%          x14_23 N  37942  37941     33
  38148  8706        cutoff            771.7760      767.2991   931328    0.58%           x2_27 D  38148  38147     24
  38349  8665      770.0177    56      771.7760      767.3512   935598    0.57%          x18_25 N  38349  31618     10
  38547  8638        cutoff            771.7760      767.3934   940223    0.57%            x5_3 U  38547  29415     28
  38750  8583      770.4757    31      771.7760      767.4486   944644    0.56%           x3_16 N  38750  15129     21
Elapsed time = 261.76 sec. (626084.38 ticks, tree = 24.81 MB, solutions = 3)
  38940  8538      768.3596    28      771.7760      767.4890   948969    0.56%            x1_4 N  38940  13044     38
  39133  8506        cutoff            771.7760      767.5275   953843    0.55%          x25_27 U  39133  13624     28
  39345  8463        cutoff            771.7760      767.5780   957935    0.54%           x6_11 U  39345  39343     31
  39555  8398        cutoff            771.7760      767.6353   962212    0.54%          x27_25 U  39555  25539     32
  39760  8311      770.3029    21      771.7760      767.6956   966857    0.53%           x15_1 N  39760  29687     31
  39964  8237        cutoff            771.7760      767.7516   971042    0.52%           x27_1 U  39964  36981     26
  40164  8121      768.5690    12      771.7760      767.8107   975549    0.51%           x20_3 N  40164  27276     27
  40375  8028      770.3417    47      771.7760      767.8702   979728    0.51%           x8_26 N  40375  40374     28
  40587  7952        cutoff            771.7760      767.9269   983861    0.50%           x15_1 U  40587  40586     31
  40799  7871        cutoff            771.7760      767.9885   988022    0.49%          x25_28 U  40799  18358     25
Elapsed time = 275.89 sec. (664364.80 ticks, tree = 22.84 MB, solutions = 3)
  41006  7789      770.0532    24      771.7760      768.0491   991975    0.48%            x7_9 N  41006  32689     15
  41216  7703        cutoff            771.7760      768.0996   996051    0.48%          x18_28 U  41216  13627     31
  41425  7625        cutoff            771.7760      768.1399  1000283    0.47%          x13_10 U  41425  41423     41
  41644  7531        cutoff            771.7760      768.1923  1004174    0.46%          x25_27 U  41644  19957     21
  41860  7452      769.6766    21      771.7760      768.2489  1008489    0.46%          x19_17 N  41860  29062     19
  42079  7333        cutoff            771.7760      768.2971  1012505    0.45%          x20_16 D  42079  42078     28
  42301  7213        cutoff            771.7760      768.3560  1016417    0.44%            x3_4 U  42301  22237     28
  42511  7087        cutoff            771.7760      768.4224  1020798    0.43%          x18_28 U  42511  37821     22
  42720  6947      770.1821    43      771.7760      768.4909  1025290    0.43%           x10_6 N  42720  42718     30
  42945  6834        cutoff            771.7760      768.5452  1029346    0.42%            x4_3 U  42945  31209     21
Elapsed time = 290.04 sec. (702597.87 ticks, tree = 19.73 MB, solutions = 3)
  43176  6728        cutoff            771.7760      768.6046  1033305    0.41%           x27_1 U  43176  15460     20
  43394  6597      771.2473    16      771.7760      768.6561  1037349    0.40%            x1_2 N  43394   1300     14
  43614  6499      769.9565    11      771.7760      768.7056  1041530    0.40%          x15_16 D  43614  43613     29
  43837  6405      770.7075    18      771.7760      768.7539  1045554    0.39%          x17_12 N  43837  43836     25
  44064  6268      771.6918    16      771.7760      768.8133  1049425    0.38%           x11_7 N  44064  44063     44
  44290  6146      769.4247    34      771.7760      768.8762  1053192    0.38%           x15_1 N  44290  14159     30
  44517  5990        cutoff            771.7760      768.9413  1056948    0.37%          x27_25 U  44517  26040     33
  44747  5838        cutoff            771.7760      769.0031  1060710    0.36%          x18_28 U  44747  44744     23
  44975  5694        cutoff            771.7760      769.0606  1064275    0.35%            x4_3 U  44975  13559     30
  45209  5570        cutoff            771.7760      769.1130  1068194    0.35%           x5_25 U  45209  45207     25
Elapsed time = 303.80 sec. (740832.97 ticks, tree = 16.02 MB, solutions = 3)
  45434  5439        cutoff            771.7760      769.1685  1072105    0.34%          x25_20 D  45434  45433     18
  45669  5285        cutoff            771.7760      769.2343  1075717    0.33%          x10_14 U  45669  34487     27
  45895  5126      770.4792    38      771.7760      769.3085  1079522    0.32%          x20_28 N  45895  45894     28
  46139  4981        cutoff            771.7760      769.3772  1083048    0.31%            x3_4 U  46139  20500     27
  46368  4810        cutoff            771.7760      769.4537  1086761    0.30%           x18_1 U  46368  17579     29
  46596  4634        cutoff            771.7760      769.5288  1090177    0.29%           x3_16 D  46596  46595     21
  46834  4484        cutoff            771.7760      769.5874  1093385    0.28%          x18_28 U  46834  28125     22
  47074  4340        cutoff            771.7760      769.6462  1096662    0.28%          x13_10 U  47074  26475     26
  47313  4164      770.3153    11      771.7760      769.7075  1100024    0.27%            x7_9 N  47313  20670     24
  47550  3985      771.0555    26      771.7760      769.7740  1103162    0.26%           x3_16 N  47550  23472     14
Elapsed time = 317.30 sec. (779064.86 ticks, tree = 11.93 MB, solutions = 3)
  47790  3805      771.7596    28      771.7760      769.8428  1106283    0.25%          x14_26 N  47790  47789     23
  48027  3635        cutoff            771.7760      769.9065  1109540    0.24%           x11_7 U  48027  46233     25
  48269  3436        cutoff            771.7760      769.9783  1112441    0.23%          x11_17 U  48269  30465     20
  48505  3249        cutoff            771.7760      770.0560  1115522    0.22%           x27_4 U  48505  30917     27
  48755  3069        cutoff            771.7760      770.1257  1118436    0.21%           x15_1 U  48755  40835     24
  49001  2858        cutoff            771.7760      770.2042  1121156    0.20%          x16_22 U  49001   3539     23
  49245  2642        cutoff            771.7760      770.2831  1123995    0.19%          x15_17 U  49245  20136     36
  49495  2420        cutoff            771.7760      770.3738  1126379    0.18%           x3_16 U  49495  23472     14
  49745  2212        cutoff            771.7760      770.4635  1128754    0.17%          x15_17 U  49745  28858     15
  50000  2003        cutoff            771.7760      770.5459  1131048    0.16%           x4_28 U  50000  49998     30
Elapsed time = 330.26 sec. (817304.21 ticks, tree = 6.33 MB, solutions = 3)
  50258  1792      771.1269    16      771.7760      770.6354  1133222    0.15%           x15_1 N  50258  43623     37
  50517  1560        cutoff            771.7760      770.7374  1135209    0.13%          x13_10 U  50517  50515     31

Zero-half cuts applied:  14
Gomory fractional cuts applied:  1
User cuts applied:  10512

Root node processing (before b&c):
  Real time             =    0.10 sec. (185.87 ticks)
Sequential b&c:
  Real time             =  333.05 sec. (826198.29 ticks)
                          ------------
Total (root+branch&cut) =  333.16 sec. (826384.17 ticks)

