Version identifier: 22.1.0.0 | 2022-03-09 | 1a383f8ce
CPXPARAM_Preprocessing_Reduce                    1
CPXPARAM_Threads                                 1
CPXPARAM_Preprocessing_Reformulations            0
CPXPARAM_TimeLimit                               10800
CPXPARAM_MIP_Tolerances_AbsMIPGap                0.999
CPXPARAM_MIP_Limits_TreeMemory                   20000
Legacy callback                                  BbLUID
         Disabling repeat represolve because of lazy constraint/incumbent callback.
Tried aggregator 2 times.
MIP Presolve eliminated 201 rows and 0 columns.
MIP Presolve modified 72 coefficients.
Aggregator did 2 substitutions.
Reduced MIP has 126 rows, 277 columns, and 922 nonzeros.
Reduced MIP has 277 binaries, 0 generals, 0 SOSs, and 0 indicators.
Presolve time = 0.00 sec. (0.60 ticks)
Probing time = 0.00 sec. (0.45 ticks)
Clique table members: 130.
MIP emphasis: balance optimality and feasibility.
MIP search method: traditional branch-and-cut.
Parallel mode: none, using 1 thread.
Root relaxation solution time = 0.00 sec. (0.27 ticks)

        Nodes                                         Cuts/
   Node  Left     Objective  IInf  Best Integer    Best Bound    ItCnt     Gap         Variable B NodeID Parent  Depth

      0     0      692.6537    25                    615.0003       40         
      0     2      712.3607    45                    712.4231       40                                 0             0
Elapsed time = 0.02 sec. (30.27 ticks, tree = 0.01 MB, solutions = 0)
*   125    52      integral     0      758.5772      725.4161     1952    4.37%          x13_10 D    125    124     17
    348   141      755.7295    12      758.5772      738.0537     4794    2.71%           x7_17 D    348    347     26
    576   107        cutoff            758.5772      748.6448     8599    1.31%          x16_17 U    576    166      6
*   692     2      integral     0      755.9257      755.7957     9838    0.02%          x25_16 D    692    691     18

User cuts applied:  629

Root node processing (before b&c):
  Real time             =    0.02 sec. (30.27 ticks)
Sequential b&c:
  Real time             =    0.75 sec. (815.43 ticks)
                          ------------
Total (root+branch&cut) =    0.77 sec. (845.69 ticks)

