Version identifier: 22.1.0.0 | 2022-03-09 | 1a383f8ce
CPXPARAM_Preprocessing_Reduce                    1
CPXPARAM_Threads                                 1
CPXPARAM_Preprocessing_Reformulations            0
CPXPARAM_TimeLimit                               10800
CPXPARAM_MIP_Tolerances_AbsMIPGap                0.999
CPXPARAM_MIP_Limits_TreeMemory                   20000
Legacy callback                                  BbLUID
         Disabling repeat represolve because of lazy constraint/incumbent callback.
1 of 1 MIP starts provided solutions.
MIP start 'm1' defined initial solution with objective 343.2095.
Tried aggregator 2 times.
MIP Presolve eliminated 29 rows and 0 columns.
MIP Presolve modified 21 coefficients.
Aggregator did 2 substitutions.
Reduced MIP has 47 rows, 91 columns, and 259 nonzeros.
Reduced MIP has 91 binaries, 0 generals, 0 SOSs, and 0 indicators.
Presolve time = 0.00 sec. (0.16 ticks)
Probing time = 0.00 sec. (0.11 ticks)
Clique table members: 47.
MIP emphasis: balance optimality and feasibility.
MIP search method: traditional branch-and-cut.
Parallel mode: none, using 1 thread.
Root relaxation solution time = 0.00 sec. (0.08 ticks)

        Nodes                                         Cuts/
   Node  Left     Objective  IInf  Best Integer    Best Bound    ItCnt     Gap         Variable B NodeID Parent  Depth

*     0+    0                          343.2095       14.7648            95.70%
      0     0      340.2191     6      343.2095      315.7368       13    8.00%
      0     0        cutoff            343.2095                     15    0.00%                        0             0
Elapsed time = 0.00 sec. (0.84 ticks, tree = 0.01 MB, solutions = 1)

User cuts applied:  10

Root node processing (before b&c):
  Real time             =    0.00 sec. (0.85 ticks)
Sequential b&c:
  Real time             =    0.00 sec. (0.00 ticks)
                          ------------
Total (root+branch&cut) =    0.00 sec. (0.85 ticks)

