Version identifier: 22.1.0.0 | 2022-03-09 | 1a383f8ce
CPXPARAM_Preprocessing_Reduce                    1
CPXPARAM_Threads                                 1
CPXPARAM_Preprocessing_Reformulations            0
CPXPARAM_TimeLimit                               10800
CPXPARAM_MIP_Tolerances_AbsMIPGap                0.999
CPXPARAM_MIP_Limits_TreeMemory                   20000
Legacy callback                                  BbLUID
         Disabling repeat represolve because of lazy constraint/incumbent callback.
1 of 1 MIP starts provided solutions.
MIP start 'm1' defined initial solution with objective 847.1867.
Tried aggregator 1 time.
MIP Presolve eliminated 1227 rows and 0 columns.
MIP Presolve modified 175 coefficients.
Reduced MIP has 249 rows, 780 columns, and 3026 nonzeros.
Reduced MIP has 780 binaries, 0 generals, 0 SOSs, and 0 indicators.
Presolve time = 0.00 sec. (2.41 ticks)
Probing time = 0.00 sec. (1.84 ticks)
Clique table members: 249.
MIP emphasis: balance optimality and feasibility.
MIP search method: traditional branch-and-cut.
Parallel mode: none, using 1 thread.
Root relaxation solution time = 0.00 sec. (0.84 ticks)

        Nodes                                         Cuts/
   Node  Left     Objective  IInf  Best Integer    Best Bound    ItCnt     Gap         Variable B NodeID Parent  Depth

*     0+    0                          847.1867        0.0000           100.00%
      0     0      709.4079    19      847.1867      709.4079       53   16.26%
      0     0      754.4635    47      847.1867      Cuts: 30       90   10.94%
      0     0      760.9648    66      847.1867      Cuts: 23      115   10.18%
      0     0      771.5357    28      847.1867      Cuts: 13      137    8.93%
      0     0      772.0213    78      847.1867      Cuts: 13      149    8.87%
      0     0      772.8709    75      847.1867      Cuts: 10      165    8.77%
      0     0      774.0453    55      847.1867       Cuts: 9      190    8.63%
      0     0      777.5821    75      847.1867      Cuts: 10      230    8.22%
      0     0      778.8195    70      847.1867       Cuts: 6      250    8.07%
      0     0      779.1529    74      847.1867       Cuts: 7      262    8.03%
      0     0      779.6507    71      847.1867       Cuts: 8      281    7.97%
      0     0      780.0232    92      847.1867       Cuts: 4      306    7.93%
      0     0      780.0844    94      847.1867       Cuts: 3      321    7.92%
      0     0      780.3372    80      847.1867       Cuts: 4      333    7.89%
      0     0      780.4222    85      847.1867   ZeroHalf: 4      341    7.88%
      0     0      782.0166    83      847.1867       User: 3      376    7.69%
      0     2      782.0166    83      847.1867      782.1308      376    7.68%                        0             0
Elapsed time = 0.11 sec. (174.23 ticks, tree = 0.01 MB, solutions = 1)
     25    18        cutoff            847.1867      786.5138      996    7.16%           x14_5 U     25     24     18
     80    64      829.4057    57      847.1867      786.7625     2220    7.13%          x10_12 D     80     79     37
    144   116      834.5983    46      847.1867      786.8226     3352    7.13%           x13_6 D    144    143     50
    217   178      820.2165    37      847.1867      790.9189     5332    6.64%          x27_19 N    217    216     12
    280   221      798.0294    97      847.1867      791.0525     6698    6.63%           x6_32 N    280     97      4
    330   264      818.0792    78      847.1867      791.1524     8256    6.61%          x16_19 N    330    329     22
    400   324      818.4300    26      847.1867      791.2155     9898    6.61%          x24_11 U    400    399     22
    484   390        cutoff            847.1867      791.6831    11870    6.55%          x21_13 N    484    482     13
    550   443      811.0881    61      847.1867      792.3915    13690    6.47%          x18_31 D    550    549      8
    806   669      829.3802    21      847.1867      793.2174    20329    6.37%           x7_27 D    806    805     48
Elapsed time = 2.36 sec. (3336.94 ticks, tree = 0.48 MB, solutions = 1)
   1050   866      814.3868    82      847.1867      794.6870    26595    6.20%          x17_36 D   1050   1049     24
   1348  1130      825.5978    85      847.1867      796.2296    33414    6.01%           x6_11 D   1348   1347     23
   1615  1354      844.1941    64      847.1867      796.9055    39362    5.94%          x19_34 N   1615   1614     17
   1840  1540      830.0026    43      847.1867      797.9703    46424    5.81%            x6_8 D   1840   1839     50
   2063  1738      825.9649    63      847.1867      798.3522    52240    5.76%          x27_34 N   2063   2062     18
   2298  1946      844.1799    55      847.1867      798.8666    58703    5.70%           x0_19 N   2298   2297     37
   2518  2136      822.2291    14      847.1867      799.3931    65131    5.64%           x23_4 U   2518   2517     31
   2756  2353      829.0172    48      847.1867      799.6791    71068    5.61%          x11_12 D   2756   2755     44
   2951  2521      832.8004    55      847.1867      799.8037    76652    5.59%           x6_17 N   2951   2950     26
   3182  2714      818.6690    74      847.1867      800.1158    82997    5.56%           x0_26 D   3182   3181     32
Elapsed time = 8.74 sec. (12979.33 ticks, tree = 2.46 MB, solutions = 1)
   3390  2886      832.3102    59      847.1867      800.2563    88182    5.54%          x30_16 U   3390   3388     19
   3611  3077      808.3207    63      847.1867      800.6657    93719    5.49%          x22_18 D   3611    688      9
   3825  3265      834.2247    56      847.1867      800.9171    99133    5.46%          x15_22 D   3825   3824     32
   4022  3429      806.1655    73      847.1867      801.1434   104754    5.43%          x16_19 U   4022   1483     12
   4210  3593      812.2559    72      847.1867      801.3489   110097    5.41%          x18_15 D   4210   4209     12
   4413  3772      830.3796    87      847.1867      801.4991   115052    5.39%           x21_6 D   4413   4412     49
   4598  3932      830.3472    55      847.1867      801.7192   120188    5.37%           x0_20 N   4598   4596     30
   4780  4084      812.2317    85      847.1867      802.0681   125887    5.33%          x26_27 D   4780   4779     26
   4950  4239      819.9792    19      847.1867      802.1445   130621    5.32%            x6_8 N   4950   4949     18
   5125  4374      817.3527    82      847.1867      802.3024   136072    5.30%          x11_24 D   5125   5124     24
Elapsed time = 14.42 sec. (22554.96 ticks, tree = 4.64 MB, solutions = 1)
   5284  4505      826.1919   103      847.1867      802.5961   141167    5.26%          x19_15 D   5284   5283     19
   5488  4688      815.2186    76      847.1867      802.8322   145954    5.24%          x35_28 D   5488   5487     45
   5660  4834      828.1706    78      847.1867      802.9628   150284    5.22%          x21_13 U   5660   1764      9
   5822  4974      840.1802    40      847.1867      803.1551   155430    5.20%           x0_27 D   5822   5821     50
   6015  5142        cutoff            847.1867      803.2745   160173    5.18%          x18_22 D   6015   6014     54
   6205  5310      812.5329    95      847.1867      803.3456   164337    5.17%           x6_14 D   6205   6204     18
   6374  5447      822.1188    50      847.1867      803.4913   169576    5.16%          x30_22 D   6374   6373     27
   6537  5578      822.9529    84      847.1867      803.6679   173983    5.14%           x9_22 D   6537   6536     29
   6699  5716      835.7437    85      847.1867      803.7197   178853    5.13%           x6_28 D   6699   6698     22
   6843  5830      813.7195    82      847.1867      803.8352   183039    5.12%          x11_24 D   6843   6842     17
Elapsed time = 19.72 sec. (32127.69 ticks, tree = 5.90 MB, solutions = 1)
   7000  5954      811.0780    85      847.1867      804.1422   187868    5.08%          x11_24 D   7000   6999     18
   7174  6097      842.2602    86      847.1867      804.2734   192076    5.07%           x6_10 D   7174   7173     12
   7306  6204      845.2909    42      847.1867      804.3103   196661    5.06%          x13_36 N   7306   7305     47
   7490  6363      812.7944    95      847.1867      804.3947   200810    5.05%          x15_27 D   7490   7489     28
   7673  6519      831.4172    80      847.1867      804.4898   205310    5.04%          x18_31 U   7673   7672     32
   7810  6640      828.2571    35      847.1867      804.5495   209963    5.03%           x8_31 N   7810   7809     37
   7956  6746        cutoff            847.1867      804.7567   214669    5.01%          x34_35 N   7956   7955     26
   8130  6889      843.7508    22      847.1867      804.8460   219237    5.00%            x9_5 U   8130   8128     72
   8290  7015      813.2319    26      847.1867      804.9027   223865    4.99%           x21_6 D   8290   8289     20
   8440  7142      842.8633    98      847.1867      804.9856   228056    4.98%          x28_19 D   8440   8439     17
Elapsed time = 24.96 sec. (41750.41 ticks, tree = 6.89 MB, solutions = 1)
   8607  7284        cutoff            847.1867      805.0367   232463    4.98%           x19_5 U   8607   8605     47
   8772  7421      827.2977    49      847.1867      805.2032   236168    4.96%           x16_9 N   8772   8771     40
   8932  7559      843.0351    55      847.1867      805.2487   239986    4.95%           x5_22 N   8932   8931     48
   9070  7668      828.9769    50      847.1867      805.2945   243865    4.94%           x4_16 D   9070   9069     24
   9195  7769      831.4526    57      847.1867      805.3915   248237    4.93%          x16_19 D   9195   9194     10
   9348  7892      841.3232    37      847.1867      805.4707   252361    4.92%           x10_3 D   9348   9347     55
   9483  7988      829.4573    38      847.1867      805.5871   256612    4.91%           x6_14 U   9483   6043     12
   9627  8106      844.6747    18      847.1867      805.6455   260355    4.90%          x19_30 D   9627   9626     42
   9783  8235      838.0502    88      847.1867      805.7410   264502    4.89%          x17_36 D   9783   9782     21
   9936  8359      825.0330    71      847.1867      805.8443   268401    4.88%           x21_3 D   9936   9935     35
Elapsed time = 30.03 sec. (51345.41 ticks, tree = 8.25 MB, solutions = 1)
  10099  8511      846.4396    18      847.1867      805.8589   271580    4.88%          x30_31 N  10099  10098     64
  10243  8628      831.2370    61      847.1867      805.8781   275620    4.88%           x22_9 D  10243  10242     29
  10362  8715      843.2870    75      847.1867      805.9138   279789    4.87%           x6_10 U  10362  10361     14
  10504  8846      829.8865    19      847.1867      805.9398   282862    4.87%           x9_22 D  10504  10502     32
  10671  8992      835.6022    34      847.1867      805.9907   286476    4.86%          x15_22 U  10671  10670     24
  10820  9102      814.2681    81      847.1867      806.1140   290529    4.85%          x17_36 D  10820  10819     18
  10978  9237      838.2728    38      847.1867      806.1963   294107    4.84%          x19_28 D  10978  10977     42
  11130  9362      838.1619    46      847.1867      806.2830   297893    4.83%          x11_24 D  11130  11129     31
  11296  9498      808.3866    88      847.1867      806.4044   301194    4.81%          x19_35 U  11296   3254     17
  11465  9645      839.5879    54      847.1867      806.4687   305074    4.81%           x1_15 D  11465  11464     33
Elapsed time = 35.07 sec. (60933.05 ticks, tree = 9.40 MB, solutions = 1)
  11598  9739      826.7396    25      847.1867      806.5465   309138    4.80%           x10_6 D  11598  11597     13
  11723  9834      818.0630    98      847.1867      806.5886   313214    4.79%          x27_19 D  11723  11722     15
  11833  9922      844.0255    93      847.1867      806.6343   317545    4.79%           x22_7 D  11833  11832     18
  11970 10034      842.3363    73      847.1867      806.7179   321499    4.78%          x19_15 D  11970  11969     60
  12122 10157      845.7397    75      847.1867      806.7585   325402    4.77%          x30_22 D  12122  12121     21
  12240 10234      829.5199    47      847.1867      806.8848   329860    4.76%          x36_30 U  12240   9116     14
  12377 10344      825.9894    17      847.1867      806.9179   333388    4.75%          x27_18 D  12377  12376     68
  12493 10442      830.0744    26      847.1867      806.9447   337318    4.75%           x6_13 U  12493  12491     20
  12620 10547      819.1425    60      847.1867      807.0240   340300    4.74%          x22_36 D  12620  12619     18
  12780 10681        cutoff            847.1867      807.0477   344125    4.74%          x15_30 D  12780  12779     31
Elapsed time = 39.84 sec. (70558.80 ticks, tree = 10.43 MB, solutions = 1)
  12897 10777      835.7229    44      847.1867      807.1046   347484    4.73%           x1_30 D  12897  12896     40
  13040 10893      841.7479    86      847.1867      807.1322   350991    4.73%          x11_36 D  13040  13039     30
  13170 10999      826.6232    71      847.1867      807.1839   354803    4.72%          x24_33 D  13170  13169     24
  13280 11092        cutoff            847.1867      807.2059   357991    4.72%           x30_9 U  13280  13278     46
  13430 11223      831.3189    58      847.1867      807.2306   360807    4.72%           x19_6 D  13430  13429     59
  13567 11341      843.8979    67      847.1867      807.2536   364381    4.71%           x7_22 D  13567  13566     28
  13692 11440      808.1214    68      847.1867      807.2690   367963    4.71%            x6_4 D  13692  13691     16
  13825 11549      828.0618    65      847.1867      807.3234   371991    4.71%          x24_25 D  13825  13824     42
  13954 11654      827.0359    55      847.1867      807.3477   376025    4.70%          x18_30 D  13954  13953     30
  14085 11766        cutoff            847.1867      807.3642   379235    4.70%           x5_22 U  14085  14083     26
Elapsed time = 44.52 sec. (80142.14 ticks, tree = 11.44 MB, solutions = 1)
  14220 11877      809.1678    57      847.1867      807.3789   382733    4.70%           x6_10 D  14220  14219      9
  14350 11991      838.8225    28      847.1867      807.3951   386259    4.70%           x0_26 D  14350  14349     54
  14480 12097      818.6164    73      847.1867      807.4248   389666    4.69%          x36_31 N  14480   3070     10
  14600 12195      819.8350   100      847.1867      807.4746   393688    4.69%          x30_15 D  14600  14599     16
  14730 12300      829.9453    78      847.1867      807.5181   397539    4.68%           x1_30 D  14730  14729     30
  14844 12385      823.2706    68      847.1867      807.5419   400662    4.68%          x19_15 N  14844    640     15
  14983 12506      826.4086    73      847.1867      807.6050   404293    4.67%          x30_26 U  14983   3902     17
  15149 12654      821.6082    64      847.1867      807.6629   407182    4.67%          x24_25 D  15149  15148     40
  15277 12749      811.7204    63      847.1867      807.7027   410478    4.66%           x16_8 D  15277  15276     18
  15813 13197      822.0679    86      847.1867      807.8228   424127    4.65%           x6_13 D  15813  15812     19
Elapsed time = 50.58 sec. (92695.65 ticks, tree = 12.72 MB, solutions = 1)
  16306 13597      814.9061    88      847.1867      807.9559   438183    4.63%          x22_36 D  16306  16305     20
  16805 13998      829.7253    96      847.1867      808.1153   452135    4.61%          x11_24 D  16805  16804     15
  17291 14400      844.5861    46      847.1867      808.2246   466160    4.60%          x29_28 N  17291  17290     72
  17780 14786      828.9066    23      847.1867      808.3657   479655    4.58%            x6_8 U  17780  17779     30
  18233 15149      810.0450    50      847.1867      808.5273   492363    4.56%           x1_31 D  18233  18232     26
  18727 15564      834.8797    52      847.1867      808.6270   505568    4.55%          x35_28 D  18727  18726     19
  19230 15999      840.2382    74      847.1867      808.7267   518065    4.54%           x22_7 D  19230  19229     43
  19669 16350      818.0267    74      847.1867      808.8474   531247    4.53%          x27_19 U  19669  19668     22
  20099 16704      828.2872    68      847.1867      808.9642   545052    4.51%           x6_14 U  20099  14419     21
  20541 17069      846.0275    71      847.1867      809.0589   557952    4.50%           x9_22 D  20541  20540     36
Elapsed time = 68.77 sec. (130904.56 ticks, tree = 17.45 MB, solutions = 1)
  21059 17504      844.6714    44      847.1867      809.1914   569699    4.48%          x19_35 N  21059  21058     33
  21472 17818      833.3899    88      847.1867      809.3146   582038    4.47%           x1_15 D  21472  21471     15
  21930 18178      821.7745    66      847.1867      809.4250   593863    4.46%          x31_22 D  21930  21929     26
  22373 18545      837.5831    48      847.1867      809.5518   606668    4.44%          x13_14 D  22373  22372     28
  22838 18915      841.0932    65      847.1867      809.7076   618958    4.42%          x24_32 D  22838  22837     30
  23258 19241      835.7042    67      847.1867      809.8043   630009    4.41%          x23_19 D  23258  23257     41
  23680 19575      844.0423    46      847.1867      809.9170   642899    4.40%           x6_25 D  23680  23679     35
  24106 19910        cutoff            847.1867      810.0589   655182    4.38%            x7_5 D  24106  24105     66
  24545 20252      823.4419    66      847.1867      810.1642   667813    4.37%          x30_16 D  24545  24544     25
  24966 20583      839.4331    72      847.1867      810.2879   680361    4.36%          x19_35 D  24966  24965     35
Elapsed time = 86.56 sec. (169088.67 ticks, tree = 21.04 MB, solutions = 1)
  25403 20935        cutoff            847.1867      810.3562   692209    4.35%            x2_1 D  25403  25402     38
  25859 21317      813.2650    51      847.1867      810.4239   703737    4.34%          x30_15 D  25859  13247     24
  26279 21660      836.9796    36      847.1867      810.5227   716005    4.33%           x6_14 U  26279   3885     14
  26657 21957      835.3047    26      847.1867      810.6583   728264    4.31%          x21_17 D  26657  26656     31
  27087 22316      845.0807    53      847.1867      810.7396   739970    4.30%           x21_3 D  27087  27086     28
* 27380 21632      integral     0      844.7497      810.7920   747766    4.02%
  27490 21724      819.2757    44      844.7497      810.8053   751461    4.02%           x21_2 D  27490  27489     22
  27909 22042      822.0499    68      844.7497      810.9351   762782    4.00%           x16_5 N  27909  27908     25
  28325 22351      818.5188    67      844.7497      811.0385   774337    3.99%           x11_6 N  28325  28324     19
  28721 22663      829.7669    79      844.7497      811.1102   786132    3.98%          x28_19 D  28721  28720     25
  29113 22963      820.6675    85      844.7497      811.1747   797449    3.97%          x30_28 N  29113   1422     28
Elapsed time = 103.89 sec. (207316.87 ticks, tree = 23.52 MB, solutions = 2)
  29510 23273      842.2301    31      844.7497      811.3092   809065    3.96%           x14_6 D  29510  29509     66
  29936 23621      838.3311    93      844.7497      811.3752   819494    3.95%           x18_1 D  29936  29935     26
  30303 23902      840.4444    36      844.7497      811.4323   830503    3.94%          x22_20 D  30303  30302     42
  30701 24199      830.8889    73      844.7497      811.5047   841778    3.94%          x13_28 D  30701  30700     41
  31101 24508      825.5198    55      844.7497      811.5572   853098    3.93%           x1_15 D  31101  31100     30
  31470 24786      842.7325    29      844.7497      811.6052   864415    3.92%           x9_22 D  31470  31469     39
  31840 25079      820.8164    48      844.7497      811.6304   875350    3.92%          x19_28 D  31840  31839     40
  32257 25399      842.6165    85      844.7497      811.6963   885968    3.91%          x31_15 N  32257  32256     23
  32627 25673      837.3186    27      844.7497      811.7349   896942    3.91%          x35_19 U  32627  32626     67
  33027 25965      831.4188    78      844.7497      811.8037   908109    3.90%           x10_6 D  33027  33026     18
Elapsed time = 120.73 sec. (245529.23 ticks, tree = 26.61 MB, solutions = 2)
  33438 26307      840.4716    59      844.7497      811.8765   917932    3.89%            x5_6 D  33438  33437     54
  33811 26581        cutoff            844.7497      812.0063   928961    3.88%          x13_28 U  33811  33809     18
  34180 26867      842.0047    54      844.7497      812.0893   940240    3.87%          x28_31 D  34180  34179     83
  34540 27136      826.4233    84      844.7497      812.1732   950289    3.86%           x1_15 D  34540  34539     22
  34953 27469      840.9789    84      844.7497      812.2364   960599    3.85%          x31_15 D  34953  34952     25
  35324 27741      821.9035    80      844.7497      812.2889   971031    3.84%           x6_10 U  35324  14311     16
  35685 27991      826.5946    52      844.7497      812.3919   981577    3.83%          x27_19 D  35685     65     25
  36043 28260        cutoff            844.7497      812.4652   993112    3.82%          x31_36 U  36043  36041     38
  36400 28521      836.0685    71      844.7497      812.5418  1004113    3.81%           x21_3 D  36400  36399     24
  36752 28784      837.0002    66      844.7497      812.5994  1015113    3.81%          x24_11 U  36752  36751     72
Elapsed time = 137.84 sec. (283818.48 ticks, tree = 29.91 MB, solutions = 2)
  37104 29043      833.4186    46      844.7497      812.6401  1025852    3.80%           x18_1 N  37104  37103     23
  37433 29285      840.8768    22      844.7497      812.7072  1036648    3.79%          x13_28 D  37433  37432     43
  37772 29527      838.1055    55      844.7497      812.7670  1047302    3.79%          x17_21 N  37772  37771     25
  38167 29849      815.3251    95      844.7497      812.8161  1057116    3.78%          x31_30 N  38167   2170     18
  38513 30113      830.5238    49      844.7497      812.8642  1068049    3.77%            x6_8 U  38513  38511     38
  38898 30435      837.5220    71      844.7497      812.9139  1078138    3.77%          x13_29 D  38898  38897     55
  39259 30705      834.2608    41      844.7497      812.9959  1088658    3.76%          x28_16 D  39259  39258     27
  39626 30982      842.4832    80      844.7497      813.0346  1099255    3.75%           x5_22 D  39626  39625     37
  40002 31294      834.0071    40      844.7497      813.0625  1108944    3.75%            x9_4 N  40002  40001     47
  40353 31553      826.7993    39      844.7497      813.1189  1119491    3.74%           x21_2 D  40353  40352     38
Elapsed time = 154.85 sec. (322003.42 ticks, tree = 33.13 MB, solutions = 2)
  40742 31865      824.6548    34      844.7497      813.1534  1128376    3.74%            x2_1 D  40742  40741     42
  41108 32166      839.2094    38      844.7497      813.1889  1138477    3.74%          x16_13 N  41108  41107     35
  41449 32421        cutoff            844.7497      813.2419  1148652    3.73%           x18_1 U  41449  41446     33
  41758 32648      824.8524    49      844.7497      813.2709  1158355    3.73%          x16_31 D  41758  41757     30
  42120 32927      843.6257    34      844.7497      813.3100  1168272    3.72%            x2_1 D  42120  42119     39
  42490 33212      844.3076    38      844.7497      813.3408  1178137    3.72%          x16_13 D  42490  42489     34
  42800 33424      827.2917    59      844.7497      813.3864  1189334    3.71%          x21_13 N  42800  42799     14
  43160 33701      825.0355    40      844.7497      813.4356  1199307    3.71%           x14_6 D  43160  43159     66
  43494 33944      825.2684    95      844.7497      813.4648  1209691    3.70%          x21_36 N  43494  40693     32
  43852 34213        cutoff            844.7497      813.4946  1219394    3.70%           x0_27 U  43852  43850     32
Elapsed time = 171.49 sec. (360255.54 ticks, tree = 38.31 MB, solutions = 2)
  44200 34490      841.5766    44      844.7497      813.5342  1229680    3.70%           x23_4 D  44200  44199     60
  44530 34731      836.5517    68      844.7497      813.5921  1240189    3.69%          x19_34 N  44530  44529     53
  44858 34983      842.7351    47      844.7497      813.6540  1250672    3.68%          x35_28 N  44858  44857     41
  45228 35284      824.2200    75      844.7497      813.6896  1260800    3.68%          x30_15 U  45228   8865     16
  45549 35513      842.9414    76      844.7497      813.7454  1271031    3.67%          x31_15 D  45549  45548     34
  45846 35709        cutoff            844.7497      813.7858  1281383    3.67%          x15_30 U  45846  45844     25
  46175 35949      837.9010    73      844.7497      813.8374  1291509    3.66%           x14_6 D  46175  46174     53
  46538 36229      838.3342    78      844.7497      813.8900  1301611    3.65%            x6_8 N  46538  46536     24
  46895 36501      842.5313    49      844.7497      813.9348  1310712    3.65%          x16_31 D  46895  46894     40
  47200 36701      833.8502    60      844.7497      813.9621  1320993    3.64%            x6_8 N  47200  47199     39
Elapsed time = 187.88 sec. (398624.32 ticks, tree = 43.27 MB, solutions = 2)
  47540 36960      840.1841    83      844.7497      814.0167  1330935    3.64%            x7_4 N  47540  47539     57
  47836 37187      837.3764    37      844.7497      814.0414  1340995    3.64%           x0_19 N  47836  47835     42
  48160 37438      838.2357    56      844.7497      814.0882  1350821    3.63%          x22_16 U  48160  48157     27
  48506 37675      843.9612    55      844.7497      814.1085  1360270    3.63%           x18_1 N  48506  48505     30
  48857 37927      842.5545    63      844.7497      814.1470  1370182    3.62%          x17_24 D  48857  48854     50
  49159 38136      841.2325    49      844.7497      814.1830  1380358    3.62%           x16_8 D  49159  49158     28
  49468 38357        cutoff            844.7497      814.2254  1390016    3.61%          x10_24 U  49468  49466     35
  49820 38623      824.5811    82      844.7497      814.2627  1399464    3.61%          x31_15 D  49820  49819     34
  50165 38887      827.7497    81      844.7497      814.2999  1408718    3.60%          x17_36 U  50165  10819     18
  50497 39131      836.0011    55      844.7497      814.3521  1417419    3.60%          x31_36 D  50497  50496     52
Elapsed time = 204.33 sec. (436834.56 ticks, tree = 46.99 MB, solutions = 2)
  50852 39424      837.2275    59      844.7497      814.3879  1426258    3.59%           x5_28 D  50852  50851     74
  51199 39669      829.8808    76      844.7497      814.4384  1436092    3.59%          x11_32 D  51199  51198     27
  51501 39884      829.7253    67      844.7497      814.4871  1445201    3.58%           x22_1 D  51501  51500     39
  51847 40139      844.4751    46      844.7497      814.5197  1454959    3.58%          x13_28 N  51847  51846     57
  52155 40362      838.3127    96      844.7497      814.5558  1465359    3.57%           x18_1 D  52155  52154     29
  52440 40551      839.9799    72      844.7497      814.5894  1474478    3.57%           x11_6 N  52440  52439     27
  52786 40822      835.0019    60      844.7497      814.6239  1483694    3.57%          x22_15 D  52786  52785     74
  53089 41050      832.2635    30      844.7497      814.6573  1493455    3.56%           x1_15 D  53089  53088     32
  53420 41298      825.9501    39      844.7497      814.6823  1502619    3.56%          x36_24 D  53420  53419     22
  53729 41518      831.1926    53      844.7497      814.7128  1511975    3.56%          x10_24 D  53729  53728     23
Elapsed time = 220.86 sec. (475027.61 ticks, tree = 49.84 MB, solutions = 2)
  54042 41734      827.3492    16      844.7497      814.7538  1521277    3.55%          x28_19 N  54042  48241     28
  54366 41958      840.1534    48      844.7497      814.7871  1531310    3.55%           x22_1 N  54366  18249     43
  54647 42152      835.0419    82      844.7497      814.8253  1541022    3.54%           x1_15 N  54647  54646     29
  54945 42376      838.4629    57      844.7497      814.8476  1550758    3.54%          x17_21 D  54945  54944     43
  55280 42637      825.6389    90      844.7497      814.8685  1559556    3.54%          x15_30 D  55280  55279     25
  55611 42873      838.5840    24      844.7497      814.9059  1569735    3.53%          x21_11 D  55611  55610     27
  55935 43106      825.7463    73      844.7497      814.9356  1579903    3.53%           x8_14 U  55935   2591     26
  56270 43339      833.5039    87      844.7497      814.9693  1588868    3.53%          x31_15 D  56270  56269     17
  56578 43565      832.5604    53      844.7497      815.0099  1598229    3.52%          x24_11 U  56578  56577     34
  56927 43841      844.6184    46      844.7497      815.0332  1607425    3.52%            x5_6 N  56927  56926     55
Elapsed time = 237.27 sec. (513319.88 ticks, tree = 52.55 MB, solutions = 2)
  57232 44066      843.8982    29      844.7497      815.0724  1616527    3.51%          x31_22 D  57232  57231     24
  57541 44286      824.5916    24      844.7497      815.1177  1626281    3.51%           x9_13 N  57541  57540     19
  57838 44495      820.7348    74      844.7497      815.1560  1635350    3.50%            x9_5 U  57838   8295     26
  58192 44770      833.3848    32      844.7497      815.1891  1644356    3.50%           x0_27 D  58192  58191     25
  58517 45004      829.3817    32      844.7497      815.2202  1653853    3.50%            x6_8 U  58517  58516     26
  58805 45196        cutoff            844.7497      815.2483  1663217    3.49%          x14_16 N  58805  58803     24
  59124 45442      842.8506    18      844.7497      815.2751  1672044    3.49%           x6_28 U  59124  12703     25
  59420 45658      824.5117    73      844.7497      815.3094  1680328    3.49%           x7_22 D  59420  59419     26
  59749 45909      827.2946    60      844.7497      815.3410  1689169    3.48%          x22_16 D  59749  59748     32
  60041 46117      840.3483    98      844.7497      815.3695  1698079    3.48%          x11_24 D  60041  60039     28
Elapsed time = 253.63 sec. (551516.48 ticks, tree = 55.81 MB, solutions = 2)
  60343 46330      836.0557    79      844.7497      815.3902  1706903    3.48%          x31_15 D  60343  60342     38
  60674 46584      830.8931    73      844.7497      815.4119  1715932    3.47%           x1_31 D  60674  60672     25
  60957 46779      837.5489    37      844.7497      815.4394  1725026    3.47%           x23_6 D  60957  60956     32
  61265 47008      844.1362    59      844.7497      815.4650  1733139    3.47%          x30_28 D  61265  61264     54
  61566 47229      842.8824    74      844.7497      815.4845  1741429    3.46%            x2_1 D  61566  61565     39
  61840 47403      839.2818    73      844.7497      815.5304  1751002    3.46%          x11_12 N  61840  61838     28
  62110 47557      839.0109    27      844.7497      815.5586  1759479    3.46%           x22_9 U  62110  62108     23
  62409 47775        cutoff            844.7497      815.6095  1768242    3.45%          x22_26 U  62409  62407     19
* 62516 39638      integral     0      839.9919      815.6113  1770644    2.90%
  62723 39800      838.9605    90      839.9919      815.6239  1776641    2.90%            x6_8 D  62723  62722     33
  63000 39990      820.3734    46      839.9919      815.6597  1785200    2.90%           x22_4 D  63000  62999     32
Elapsed time = 269.67 sec. (589783.17 ticks, tree = 49.25 MB, solutions = 3)
  63271 40163      835.7396    36      839.9919      815.6886  1795073    2.89%          x31_30 D  63271  63270     26
  63560 40352      829.6732    14      839.9919      815.7113  1803857    2.89%            x5_6 D  63560  63559     46
  63840 40535      839.3654    40      839.9919      815.7410  1813076    2.89%          x29_19 D  63840  63839     44
  64107 40692      831.4464    70      839.9919      815.7711  1822859    2.88%           x1_15 D  64107  64106     17
  64400 40895      832.6943    85      839.9919      815.7977  1831371    2.88%           x16_4 D  64400  64399     42
  64690 41077      820.0357    48      839.9919      815.8312  1840876    2.88%          x24_21 D  64690  64688     49
  64961 41230      821.5597    77      839.9919      815.8643  1850333    2.87%           x7_22 D  64961  64960     34
  65243 41417        cutoff            839.9919      815.8917  1859103    2.87%          x35_28 U  65243  65241     43
  65568 41650        cutoff            839.9919      815.9155  1867992    2.87%           x23_9 U  65568  65565     51
  65840 41824      829.0328    92      839.9919      815.9620  1877364    2.86%           x22_7 D  65840  65839     30
Elapsed time = 285.51 sec. (628075.21 ticks, tree = 51.51 MB, solutions = 3)
  66147 42024        cutoff            839.9919      815.9919  1885873    2.86%           x7_22 U  66147  66145     39
  66450 42205        cutoff            839.9919      816.0239  1894436    2.85%           x13_5 U  66450  66448     29
  66736 42368        cutoff            839.9919      816.0627  1903861    2.85%          x24_11 D  66736  66734     42
  67011 42531      831.9893    27      839.9919      816.1092  1912205    2.84%          x35_19 U  67011  67010     44
  67283 42710      823.4011    74      839.9919      816.1531  1921341    2.84%           x11_6 D  67283  67282     28
  67605 42950      827.7355    69      839.9919      816.1647  1929398    2.84%          x24_11 U  67605  67604     52
  67897 43140      825.6609   100      839.9919      816.1942  1938209    2.83%          x11_24 D  67897  67896     22
  68188 43342        cutoff            839.9919      816.2218  1947151    2.83%           x22_9 U  68188  68186     40
  68489 43549      836.1708    62      839.9919      816.2604  1955654    2.83%          x30_31 U  68489  68487     33
  68773 43744      835.6559    95      839.9919      816.2864  1964482    2.82%           x11_6 N  68773  68772     18
Elapsed time = 301.26 sec. (666270.11 ticks, tree = 54.45 MB, solutions = 3)
  69049 43927      821.9479    73      839.9919      816.3304  1973726    2.82%           x6_13 N  69049  34892     20
  69327 44094      831.5375    75      839.9919      816.3521  1982739    2.81%          x18_30 U  69327  69326     33
  69632 44290      828.4040    57      839.9919      816.3924  1991548    2.81%           x0_26 U  69632   3181     32
  69920 44468      828.4605    37      839.9919      816.4361  2000582    2.80%          x35_28 D  69920  69919     40
  70199 44653      837.5602    47      839.9919      816.4680  2008715    2.80%          x24_21 N  70199  70197     19
  70494 44840      832.3643    59      839.9919      816.5104  2017508    2.80%          x21_36 D  70494  70493     22
  70761 45010      839.2192    14      839.9919      816.5396  2026714    2.79%          x23_14 N  70761  70760     40
  71045 45203      833.7098    32      839.9919      816.5637  2035421    2.79%          x13_29 D  71045  71044     33
  71308 45354      826.6493    59      839.9919      816.5964  2045098    2.79%          x30_31 N  71308    441     30
  71564 45508      822.5738    87      839.9919      816.6202  2055196    2.78%          x16_28 D  71564  71563     33
Elapsed time = 317.02 sec. (704531.90 ticks, tree = 56.81 MB, solutions = 3)
  71842 45702      837.0039    38      839.9919      816.6465  2064465    2.78%           x8_13 N  71842  71841     57
  72144 45915      828.3628    86      839.9919      816.6625  2072866    2.78%           x21_3 D  72144  72143     45
  72434 46115      818.5366    22      839.9919      816.6919  2081766    2.77%           x4_23 D  72434  72433     56
  72756 46351      836.9319    38      839.9919      816.7184  2090673    2.77%          x22_31 N  72756  72754     19
  73026 46528      829.6410    51      839.9919      816.7460  2099038    2.77%           x1_15 N  73026  41485     24
  73290 46680      828.3810    17      839.9919      816.7791  2108918    2.76%           x13_6 D  73290  73288     36
  73569 46827      831.7505    80      839.9919      816.8078  2118238    2.76%          x22_18 N  73569  14668     25
  73838 46960      823.9638    26      839.9919      816.8439  2127864    2.76%            x7_5 N  73838   7801     33
  74128 47132        cutoff            839.9919      816.8838  2137299    2.75%          x11_24 U  74128  30724     18
  74444 47344      838.9383    51      839.9919      816.9154  2146008    2.75%          x15_27 N  74444    554     13
Elapsed time = 333.06 sec. (742898.33 ticks, tree = 59.08 MB, solutions = 3)
  74750 47551      828.3951    55      839.9919      816.9436  2154207    2.74%           x21_3 D  74750  74749     19
  75064 47753        cutoff            839.9919      816.9705  2163283    2.74%          x35_28 U  75064  75062     15
  75337 47922      837.4727    65      839.9919      816.9964  2172381    2.74%          x19_27 U  75337  75336     42
  75607 48109      836.2721    34      839.9919      817.0183  2179749    2.73%           x14_4 D  75607  75606     30
  75910 48321        cutoff            839.9919      817.0403  2188041    2.73%          x18_15 D  75910  75908     39
  76198 48527      834.2221    40      839.9919      817.0679  2196794    2.73%           x0_26 N  76198  76196     34
  76500 48748      838.5367    55      839.9919      817.0874  2204954    2.73%           x0_20 D  76500  76499     30
  76784 48939      827.6981    45      839.9919      817.1127  2213633    2.72%           x24_6 D  76784  76783     27
  77095 49152      827.5474    90      839.9919      817.1464  2221991    2.72%          x22_36 U  77095  24792     14
  77360 49303      837.0335    26      839.9919      817.1781  2230804    2.72%          x21_13 D  77360  77359     16
Elapsed time = 348.78 sec. (781093.08 ticks, tree = 61.66 MB, solutions = 3)
  77660 49522      825.0017    77      839.9919      817.2001  2238976    2.71%           x18_1 N  77660  77659     17
  77955 49723      834.0278    72      839.9919      817.2280  2246867    2.71%          x21_13 D  77955  77953     41
  78240 49901      830.5492    42      839.9919      817.2606  2255663    2.71%          x24_11 D  78240  78238     20
  78545 50082        cutoff            839.9919      817.2904  2263618    2.70%           x5_22 D  78545  78544     28
  78840 50275      825.5127    39      839.9919      817.3142  2271683    2.70%          x17_36 D  78840  78839     22
  79139 50469      830.1339    14      839.9919      817.3411  2280065    2.70%          x19_28 N  79139  33358     41
  79465 50715        cutoff            839.9919      817.3628  2287902    2.69%          x31_36 U  79465  38811     46
  79756 50913      831.3101    78      839.9919      817.3805  2295749    2.69%          x17_21 U  79756  79754     24
  80029 51078      831.8939    59      839.9919      817.4037  2304338    2.69%            x6_4 U  80029  22094     10
  80332 51274      823.4957    89      839.9919      817.4375  2312878    2.69%           x23_4 D  80332  17254     36
Elapsed time = 364.38 sec. (819379.89 ticks, tree = 64.11 MB, solutions = 3)
  80599 51434      838.8495    83      839.9919      817.4573  2322055    2.68%           x1_15 D  80599  80598     32
  80863 51600      830.8720    71      839.9919      817.4856  2330938    2.68%          x24_36 D  80863  80862     45
  81117 51721      829.4336    63      839.9919      817.5163  2340209    2.68%          x17_36 U  81117  52013     13
  81400 51890      825.7028    40      839.9919      817.5406  2348070    2.67%          x17_21 U  81400  81399     25
  81660 52052        cutoff            839.9919      817.5641  2356003    2.67%           x21_6 U  81660   3773     24
  81909 52194      834.1739    69      839.9919      817.5922  2365330    2.67%          x27_19 N  81909    250     11
  82165 52326      821.3906    77      839.9919      817.6229  2373285    2.66%           x1_30 D  82165  82164     26
  82442 52520      838.5338    15      839.9919      817.6442  2381184    2.66%            x4_5 D  82442  82441     32
* 82480 40676      integral     0      835.7222      817.6450  2382353    2.16%
  82687 40783      831.0033    22      835.7222      817.6641  2389130    2.16%            x6_8 U  82687  82686     45
  82943 40919        cutoff            835.7222      817.6910  2397395    2.16%           x6_28 U  82943  20548     25
Elapsed time = 379.74 sec. (857620.47 ticks, tree = 51.67 MB, solutions = 4)
  83198 41063      831.7173    59      835.7222      817.7326  2405157    2.15%          x21_36 N  83198  28187     29
  83444 41188      831.1744    74      835.7222      817.7532  2413956    2.15%          x31_15 D  83444  83443     34
  83710 41334      828.3192    51      835.7222      817.7869  2422690    2.15%           x18_1 D  83710  83709     30
  83970 41473      832.8588    83      835.7222      817.8115  2430985    2.14%           x18_1 N  83970  18960     31
* 84127 39555      integral     0      835.0714      817.8366  2435917    2.06%
  84235 39610      832.2259    93      835.0714      817.8548  2440140    2.06%           x6_33 N  84235  36420     21
  84500 39743      832.5075    90      835.0714      817.8864  2447996    2.06%           x6_10 N  84500  47925     15
  84747 39833        cutoff            835.0714      817.9268  2457045    2.05%          x24_21 U  84747  38815     50
  85027 40011        cutoff            835.0714      817.9511  2464829    2.05%           x5_22 U  85027  85025     31
  85305 40160      831.3912    63      835.0714      817.9827  2472667    2.05%          x11_25 D  85305  85304     37
  85572 40288      826.6810    69      835.0714      818.0207  2480635    2.04%          x11_24 D  85572  85571     23
Elapsed time = 394.98 sec. (896020.94 ticks, tree = 51.21 MB, solutions = 5)
  85847 40436      822.7072    11      835.0714      818.0459  2488191    2.04%          x14_16 U  85847  50395     18
  86100 40545      823.4229    24      835.0714      818.0773  2495790    2.04%            x9_4 D  86100  86099     29
  86401 40721      830.9248    62      835.0714      818.1103  2503840    2.03%          x11_24 U  86401   4141     31
  86644 40828        cutoff            835.0714      818.1357  2512177    2.03%           x1_31 U  86644   2791     23
  86918 40987        cutoff            835.0714      818.1651  2520276    2.02%          x36_30 U  86918  27893     14
  87199 41162      831.9389    71      835.0714      818.1917  2527865    2.02%          x21_36 N  87199  87198     21
  87461 41300      823.2441    64      835.0714      818.2203  2535619    2.02%          x17_36 D  87461  87460     28
  87756 41460      826.8365    77      835.0714      818.2620  2544084    2.01%           x6_14 D  87756  87755     27
  88000 41560      822.6107    55      835.0714      818.2928  2552577    2.01%          x31_15 D  88000  87999     31
* 88185 23565      integral     0      829.2525      818.3114  2557309    1.32%
  88278 23574        cutoff            829.2525      818.3314  2560503    1.32%           x1_15 U  88278  37599     22
Elapsed time = 410.43 sec. (934432.54 ticks, tree = 31.40 MB, solutions = 6)
  88549 23614      823.2436    40      829.2525      818.3992  2568825    1.31%           x13_5 N  88549   7757     42
  88802 23656        cutoff            829.2525      818.4623  2576773    1.30%          x24_11 D  88802  88801     27
  89082 23697      828.1131    34      829.2525      818.5372  2585282    1.29%          x16_31 U  89082  89081     22
  89361 23743      822.1851    45      829.2525      818.6070  2593607    1.28%          x22_31 N  89361  52698     33
  89625 23770      825.5834   100      829.2525      818.6801  2601977    1.27%          x15_22 N  89625  13130     22
  89897 23821        cutoff            829.2525      818.7492  2610613    1.27%           x18_1 U  89897  89895     21
  90184 23887      825.8757    90      829.2525      818.8054  2619629    1.26%          x19_34 N  90184   7343     27
  90419 23902      823.1109    20      829.2525      818.8681  2627207    1.25%            x4_9 N  90419  90418     31
  90645 23900        cutoff            829.2525      818.9308  2635334    1.24%          x18_30 U  90645  33111     31
  90909 23932      826.4941    57      829.2525      819.0004  2644728    1.24%          x17_36 N  90909  90908     32
Elapsed time = 425.65 sec. (972735.82 ticks, tree = 32.00 MB, solutions = 6)
  91178 23978      825.5543    81      829.2525      819.0678  2653238    1.23%           x21_6 D  91178  91177     27
  91439 24024        cutoff            829.2525      819.1144  2661392    1.22%           x1_15 U  91439  28376     14
  91693 24055      824.7703    38      829.2525      819.1768  2669913    1.22%          x29_19 D  91693  91692     38
  91961 24108        cutoff            829.2525      819.2247  2678331    1.21%          x19_34 D  91961  91960     25
  92211 24127        cutoff            829.2525      819.2864  2686452    1.20%            x6_4 U  92211  40222     20
  92464 24158      827.3893    36      829.2525      819.3451  2693704    1.19%          x17_21 N  92464  92462     32
  92721 24226      828.2595    36      829.2525      819.3900  2701025    1.19%          x19_35 N  92721  92720     32
  92986 24272        cutoff            829.2525      819.4474  2709040    1.18%          x17_21 U  92986  52372     15
  93272 24318        cutoff            829.2525      819.4918  2717619    1.18%          x30_26 U  93272   7184     18
  93568 24370      822.4821    47      829.2525      819.5566  2725637    1.17%           x13_5 N  93568   7391     25
Elapsed time = 440.86 sec. (1010965.05 ticks, tree = 32.92 MB, solutions = 6)
  93849 24424        cutoff            829.2525      819.6086  2734619    1.16%            x2_1 U  93849  93847     28
  94107 24450      826.8374    21      829.2525      819.6555  2743194    1.16%            x4_9 D  94107  94106     32
  94365 24478        cutoff            829.2525      819.7135  2751157    1.15%          x31_15 D  94365  94364     17
  94642 24502        cutoff            829.2525      819.7831  2759117    1.14%          x21_36 U  94642  94639     31
  94902 24539      823.9610    81      829.2525      819.8435  2767199    1.13%          x15_30 N  94902  94901     24
  95159 24589      821.2265    62      829.2525      819.9029  2775697    1.13%          x31_15 D  95159  95157     39
  95447 24637      821.9063    61      829.2525      819.9647  2784013    1.12%           x16_5 N  95447  95446     36
  95726 24705      827.0642    76      829.2525      820.0127  2792129    1.11%          x28_19 U  95726  33859     16
  96002 24717        cutoff            829.2525      820.0760  2800493    1.11%           x13_4 U  96002  58982     19
  96259 24738      822.8493    12      829.2525      820.1231  2809118    1.10%            x4_9 N  96259  96258     19
Elapsed time = 456.27 sec. (1049182.11 ticks, tree = 33.53 MB, solutions = 6)
  96486 24720      826.3378    67      829.2525      820.1720  2817295    1.10%           x11_6 N  96486  96485     23
  96745 24692        cutoff            829.2525      820.2313  2825553    1.09%          x35_28 U  96745  12721     43
  96997 24684      821.5415    74      829.2525      820.2895  2833448    1.08%          x18_31 N  96997  35180     18
  97236 24724      826.8681    72      829.2525      820.3310  2840984    1.08%           x21_6 N  97236  97235     23
  97465 24697        cutoff            829.2525      820.3694  2849119    1.07%           x4_13 U  97465  97463     31
  97719 24688        cutoff            829.2525      820.4157  2857704    1.07%            x9_4 U  97719  97717     29
  97966 24692      826.0445    22      829.2525      820.4695  2866184    1.06%          x11_25 N  97966  97964     35
  98223 24715        cutoff            829.2525      820.5189  2873279    1.05%          x31_15 U  98223  63049     33
  98472 24730        cutoff            829.2525      820.5680  2880760    1.05%          x31_15 U  98472  33587     30
  98730 24720      823.3717    80      829.2525      820.6231  2889157    1.04%          x11_24 D  98730  98729     15
Elapsed time = 471.16 sec. (1087409.75 ticks, tree = 33.92 MB, solutions = 6)
  99003 24743      829.0859    41      829.2525      820.6769  2896837    1.03%          x11_24 N  99003  99002     38
  99246 24747      827.2859    40      829.2525      820.7164  2904048    1.03%            x8_9 D  99246  99245     45
  99486 24743      825.3348    69      829.2525      820.7763  2911032    1.02%          x30_15 N  99486  99485     21
  99727 24762      828.4537    46      829.2525      820.8091  2918147    1.02%           x6_21 N  99727  99725     32
* 99730 24196      integral     0      829.0749      820.8097  2918270    1.00%
  99959 24193        cutoff            829.0749      820.8491  2925325    0.99%           x6_33 U  99959  87783     19
 100192 24145        cutoff            829.0749      820.9000  2933232    0.99%          x18_30 U 100192 100189     22
 100445 24157        cutoff            829.0749      820.9473  2940265    0.98%          x24_12 D 100445 100444     21
 100683 24155      824.3814    48      829.0749      820.9885  2948266    0.98%          x15_22 N 100683  12516     30
 100928 24134        cutoff            829.0749      821.0312  2955784    0.97%           x4_16 U 100928 100926     26
 101185 24133      826.8023    87      829.0749      821.0726  2962650    0.97%           x11_6 N 101185 101183     24
Elapsed time = 485.73 sec. (1125628.04 ticks, tree = 33.45 MB, solutions = 7)
 101455 24101        cutoff            829.0749      821.1364  2970550    0.96%          x30_31 U 101455  11303     25
 101695 24055      827.6180    51      829.0749      821.1853  2977828    0.95%          x29_19 N 101695 101694     24
 101931 24017      824.5140    68      829.0749      821.2336  2985507    0.95%            x6_8 N 101931  48814     30
 102171 23964        cutoff            829.0749      821.3009  2993360    0.94%          x24_11 N 102171 102170     33
 102411 23980      826.9398    23      829.0749      821.3299  3000244    0.93%            x8_9 N 102411 102409     33
 102650 23964      827.8407    43      829.0749      821.3692  3007512    0.93%           x11_6 N 102650  75032     21
 102901 23944      825.5066    72      829.0749      821.4202  3014791    0.92%           x1_30 N 102901 102900     26
 103143 23935        cutoff            829.0749      821.4772  3022506    0.92%           x18_1 U 103143  18310     23
 103400 23922      827.7015    45      829.0749      821.5289  3030150    0.91%           x8_13 N 103400  89583     24
 103651 23897      828.5201    31      829.0749      821.5717  3037168    0.91%            x7_5 N 103651 103649     36
Elapsed time = 500.58 sec. (1163917.44 ticks, tree = 33.23 MB, solutions = 7)
 103874 23852      828.9975    74      829.0749      821.6228  3044863    0.90%           x1_15 D 103874 103873     45
 104132 23820        cutoff            829.0749      821.6735  3052793    0.89%          x30_26 U 104132  93736     29
 104382 23826        cutoff            829.0749      821.7223  3060291    0.89%           x23_9 U 104382  75174     31
 104635 23776      826.0297    12      829.0749      821.7773  3067373    0.88%            x9_4 U 104635 104633     47
 104880 23736        cutoff            829.0749      821.8279  3074674    0.87%          x19_15 U 104880  16950     26
 105127 23688        cutoff            829.0749      821.8767  3081899    0.87%           x6_13 U 105127  79770     20
 105385 23705        cutoff            829.0749      821.9188  3088532    0.86%          x11_24 U 105385  11854     20
 105614 23695      824.2279    76      829.0749      821.9637  3095793    0.86%           x6_14 N 105614 105613     18
 105854 23679        cutoff            829.0749      822.0033  3102403    0.85%          x35_28 U 105854  82546     37
 106104 23669        cutoff            829.0749      822.0391  3108820    0.85%           x7_22 U 106104  44557     38
Elapsed time = 515.06 sec. (1202130.23 ticks, tree = 33.09 MB, solutions = 7)
 106346 23628        cutoff            829.0749      822.0895  3115710    0.84%          x17_36 D 106346 106345     22
 106584 23589      824.9858    19      829.0749      822.1329  3123122    0.84%           x13_6 N 106584  70892     28
 106832 23539        cutoff            829.0749      822.1868  3130157    0.83%            x7_4 D 106832 106831     27
 107077 23497      828.4345    68      829.0749      822.2363  3137693    0.82%          x15_30 N 107077  14104     25
 107315 23476        cutoff            829.0749      822.2795  3143863    0.82%            x6_8 U 107315  50647     32
 107551 23421        cutoff            829.0749      822.3252  3150944    0.81%           x21_3 U 107551  32390     22
 107794 23382      824.4702    90      829.0749      822.3709  3157960    0.81%          x31_22 N 107794  56318     24
 108043 23348      825.4063    45      829.0749      822.4105  3164934    0.80%          x16_31 N 108043  48601     26
 108291 23288      827.0350    21      829.0749      822.4523  3172103    0.80%           x4_23 N 108291  68805     23
 108530 23241      827.5637    53      829.0749      822.4992  3178793    0.79%           x22_1 N 108530 108529     31
Elapsed time = 529.49 sec. (1240371.02 ticks, tree = 32.56 MB, solutions = 7)
 108783 23200      824.2609    86      829.0749      822.5483  3185378    0.79%            x2_1 N 108783  98966     30
 109021 23170      825.9733    75      829.0749      822.5813  3192004    0.78%          x11_24 N 109021 109020     38
 109266 23130      824.5999    40      829.0749      822.6176  3199076    0.78%           x16_5 N 109266 109265     34
 109511 23105        cutoff            829.0749      822.6651  3206031    0.77%           x7_13 U 109511 109509     25
 109762 23033      828.8045    62      829.0749      822.7186  3213044    0.77%          x30_15 N 109762  68947     17
 110009 22971        cutoff            829.0749      822.7633  3220009    0.76%          x21_13 U 110009  50608     28
 110246 22896      826.8814    24      829.0749      822.8050  3227495    0.76%           x23_4 N 110246 110245     28
 110493 22893      827.3631     8      829.0749      822.8377  3234242    0.75%          x19_27 N 110493 110492     50
 110750 22842      825.3354    83      829.0749      822.8797  3240826    0.75%           x6_28 N 110750 110749     32
 111003 22773      828.7389    12      829.0749      822.9270  3248611    0.74%            x4_5 U 111003  94416     49
Elapsed time = 543.72 sec. (1278616.17 ticks, tree = 32.19 MB, solutions = 7)
 111265 22681      828.0901    33      829.0749      822.9684  3255441    0.74%            x7_5 N 111265      9      7
 111529 22607      827.5889    15      829.0749      823.0141  3262268    0.73%            x4_5 D 111529 111528     28
 111776 22550      828.1279     8      829.0749      823.0520  3268835    0.73%          x27_34 N 111776 111775     35
 112021 22472        cutoff            829.0749      823.0872  3275588    0.72%            x2_1 D 112021 112020     45
 112273 22385        cutoff            829.0749      823.1398  3282227    0.72%          x31_15 U 112273  58147     21
 112523 22339      829.0700    67      829.0749      823.1834  3288832    0.71%           x0_26 N 112523 112276     19
 112759 22227        cutoff            829.0749      823.2459  3296256    0.70%          x31_30 U 112759 112757     28
 113009 22148        cutoff            829.0749      823.2908  3303277    0.70%           x11_6 U 113009  68664     23
 113267 22080      824.8466    34      829.0749      823.3344  3309539    0.69%            x2_1 N 113267 113266     32
 113525 22024      825.7473    44      829.0749      823.3787  3315894    0.69%           x18_1 N 113525 113524     45
Elapsed time = 557.97 sec. (1316866.75 ticks, tree = 31.29 MB, solutions = 7)
 113779 21937        cutoff            829.0749      823.4260  3322581    0.68%           x6_14 N 113779 113778     28
 114033 21832      827.1051    51      829.0749      823.4771  3329467    0.68%          x11_32 N 114033 114032     32
 114301 21741      825.1278    86      829.0749      823.5273  3336168    0.67%           x10_6 N 114301  83976     16
 114546 21642      825.3079    12      829.0749      823.5739  3343288    0.66%          x31_36 N 114546  51581     24
 114802 21540        cutoff            829.0749      823.6240  3349983    0.66%           x16_9 U 114802  46451     58
 115062 21438        cutoff            829.0749      823.6765  3356363    0.65%           x6_13 U 115062  47308     33
 115329 21361        cutoff            829.0749      823.7220  3362526    0.65%           x21_6 U 115329  84838     28
 115580 21286        cutoff            829.0749      823.7657  3369086    0.64%           x14_4 U 115580 100855     40
 115845 21150        cutoff            829.0749      823.8236  3375370    0.63%          x18_31 U 115845  49460     30
 116115 21041      826.8143    46      829.0749      823.8775  3381530    0.63%           x13_5 N 116115 116114     40
Elapsed time = 572.17 sec. (1355114.60 ticks, tree = 30.14 MB, solutions = 7)
 116373 20927        cutoff            829.0749      823.9285  3387637    0.62%          x18_31 U 116373  92489     32
 116639 20786        cutoff            829.0749      823.9818  3393809    0.61%          x35_28 U 116639 116637     44
 116897 20679        cutoff            829.0749      824.0258  3400029    0.61%           x19_8 U 116897  12002     21
 117149 20565        cutoff            829.0749      824.0697  3406720    0.60%           x6_11 U 117149 104116     33
 117411 20421        cutoff            829.0749      824.1178  3413365    0.60%           x11_6 U 117411 105358     23
 117665 20280        cutoff            829.0749      824.1633  3419425    0.59%          x17_36 U 117665  62012     27
 117939 20155        cutoff            829.0749      824.2152  3425098    0.59%           x2_30 D 117939 117938     28
 118186 20067        cutoff            829.0749      824.2544  3430990    0.58%           x23_6 U 118186  82651     63
 118443 19963      824.8890    56      829.0749      824.2900  3437485    0.58%          x30_22 N 118443  69978     31
*118450 15888      integral     0      828.0591      824.2903  3437586    0.46%           x22_9 U 118450  88191     18
Elapsed time = 585.05 sec. (1389605.14 ticks, tree = 23.19 MB, solutions = 8)
 118732 15683        cutoff            828.0591      824.3513  3443193    0.45%          x15_27 U 118732  98732     17
 119005 15515        cutoff            828.0591      824.4025  3448781    0.44%          x18_30 U 119005  88454     31
 119280 15340        cutoff            828.0591      824.4560  3454007    0.44%          x30_31 U 119280  10326     23
 119561 15158        cutoff            828.0591      824.5101  3459804    0.43%          x24_36 U 119561  39055     41
 119838 14973        cutoff            828.0591      824.5610  3465167    0.42%           x11_6 U 119838  99732     30
 120114 14759        cutoff            828.0591      824.6195  3470119    0.42%          x22_15 U 120114  23901     17
 120399 14573      826.1195    42      828.0591      824.6816  3475609    0.41%          x28_19 N 120399   8768     38
 120676 14394      827.4744    92      828.0591      824.7394  3481074    0.40%          x30_22 N 120676  11856     22
 120957 14185        cutoff            828.0591      824.7933  3486584    0.39%           x5_22 U 120957  86760     46
 121242 14015        cutoff            828.0591      824.8435  3491619    0.39%          x19_27 D 121242  96981     43
Elapsed time = 598.79 sec. (1427821.58 ticks, tree = 20.90 MB, solutions = 8)
 121527 13816        cutoff            828.0591      824.8965  3496759    0.38%           x16_8 D 121527 121526     31
 121809 13616        cutoff            828.0591      824.9488  3501957    0.38%          x23_28 U 121809 107742     24
 122100 13421        cutoff            828.0591      825.0076  3506510    0.37%          x17_36 U 122100  93852     22
 122398 13204        cutoff            828.0591      825.0612  3511333    0.36%          x28_19 U 122398  89117     33
 122688 13011        cutoff            828.0591      825.1159  3516452    0.36%          x22_26 U 122688  21216     24
 122966 12816        cutoff            828.0591      825.1718  3521238    0.35%           x11_6 U 122966  81820     29
 123253 12582        cutoff            828.0591      825.2270  3526019    0.34%          x21_11 U 123253  79748     19
 123541 12353        cutoff            828.0591      825.2852  3530790    0.33%          x27_19 U 123541 105902     26
 123825 12138        cutoff            828.0591      825.3438  3535353    0.33%          x11_32 D 123825 123823     23
 124121 11917        cutoff            828.0591      825.3965  3540159    0.32%           x6_13 U 124121  62663     21
Elapsed time = 612.45 sec. (1466056.64 ticks, tree = 18.21 MB, solutions = 8)
 124419 11667        cutoff            828.0591      825.4541  3544628    0.31%          x27_19 U 124419 113188     14
 124709 11446        cutoff            828.0591      825.5172  3549176    0.31%          x22_26 U 124709 109482     20
 125005 11226        cutoff            828.0591      825.5717  3553582    0.30%          x21_13 U 125005  96757     26
 125308 10981        cutoff            828.0591      825.6348  3557708    0.29%            x4_9 U 125308 124449     31
 125605 10722        cutoff            828.0591      825.6943  3562105    0.29%          x30_31 D 125605 125603     20
 125906 10474        cutoff            828.0591      825.7525  3566411    0.28%           x24_6 U 125906  27362     25
 126204 10237        cutoff            828.0591      825.8057  3570397    0.27%          x19_22 U 126204  86762     48
 126510  9983        cutoff            828.0591      825.8652  3574547    0.26%           x6_11 U 126510  49214     27
 126805  9725        cutoff            828.0591      825.9242  3578513    0.26%          x31_22 U 126805  27720     19
 127104  9483      828.0477    54      828.0591      825.9783  3582681    0.25%            x2_1 N 127104 116948     23
Elapsed time = 625.74 sec. (1504272.32 ticks, tree = 15.16 MB, solutions = 8)
 127406  9236        cutoff            828.0591      826.0302  3586519    0.25%          x11_24 U 127406  22914     16
 127714  8976        cutoff            828.0591      826.0878  3590529    0.24%          x36_30 U 127714   9176     16
 128027  8700        cutoff            828.0591      826.1523  3594097    0.23%            x7_4 U 128027 105309     71
 128334  8427        cutoff            828.0591      826.2103  3597862    0.22%          x31_15 U 128334  64775     20
 128644  8178        cutoff            828.0591      826.2642  3601460    0.22%          x14_13 D 128644 128642     41
 128956  7902        cutoff            828.0591      826.3236  3604739    0.21%           x18_1 U 128956  52918     35
 129272  7623        cutoff            828.0591      826.3889  3608110    0.20%          x18_31 D 129272 100190     22
 129586  7359        cutoff            828.0591      826.4501  3611435    0.19%           x23_5 U 129586 123926     47
 129900  7073        cutoff            828.0591      826.5134  3614547    0.19%          x31_30 D 129900 106122     37
 130217  6772        cutoff            828.0591      826.5817  3617702    0.18%            x8_9 U 130217  97712     24
Elapsed time = 638.53 sec. (1542498.75 ticks, tree = 11.70 MB, solutions = 8)
 130539  6486        cutoff            828.0591      826.6366  3620724    0.17%           x21_6 U 130539  49983     33
 130862  6183        cutoff            828.0591      826.6998  3623445    0.16%          x16_28 U 130862 118086     29
 131183  5901        cutoff            828.0591      826.7608  3626145    0.16%          x22_36 U 131183  80528     23
 131507  5605        cutoff            828.0591      826.8260  3629029    0.15%           x28_4 U 131507 103051     33
 131837  5296        cutoff            828.0591      826.8863  3631600    0.14%          x19_27 D 131837 131835     36
 132169  4978        cutoff            828.0591      826.9520  3634139    0.13%            x4_9 U 132169 103484     38
 132495  4683        cutoff            828.0591      827.0229  3636612    0.13%           x14_6 U 132495  77707     51

Clique cuts applied:  1
Zero-half cuts applied:  16
User cuts applied:  7238

Root node processing (before b&c):
  Real time             =    0.11 sec. (174.29 ticks)
Sequential b&c:
  Real time             =  647.62 sec. (1571314.35 ticks)
                          ------------
Total (root+branch&cut) =  647.72 sec. (1571488.64 ticks)

