Version identifier: 22.1.0.0 | 2022-03-09 | 1a383f8ce
CPXPARAM_Preprocessing_Reduce                    1
CPXPARAM_Threads                                 1
CPXPARAM_Preprocessing_Reformulations            0
CPXPARAM_TimeLimit                               10800
CPXPARAM_MIP_Tolerances_AbsMIPGap                0.999
CPXPARAM_MIP_Limits_TreeMemory                   20000
Legacy callback                                  BbLUID
         Disabling repeat represolve because of lazy constraint/incumbent callback.
1 of 1 MIP starts provided solutions.
MIP start 'm1' defined initial solution with objective 737.8240.
Tried aggregator 1 time.
MIP Presolve eliminated 1489 rows and 0 columns.
MIP Presolve modified 183 coefficients.
Reduced MIP has 251 rows, 818 columns, and 3259 nonzeros.
Reduced MIP has 818 binaries, 0 generals, 0 SOSs, and 0 indicators.
Presolve time = 0.00 sec. (2.62 ticks)
Probing time = 0.00 sec. (2.13 ticks)
Clique table members: 251.
MIP emphasis: balance optimality and feasibility.
MIP search method: traditional branch-and-cut.
Parallel mode: none, using 1 thread.
Root relaxation solution time = 0.00 sec. (0.95 ticks)

        Nodes                                         Cuts/
   Node  Left     Objective  IInf  Best Integer    Best Bound    ItCnt     Gap         Variable B NodeID Parent  Depth

*     0+    0                          737.8240        0.0000           100.00%
      0     0      615.6625     8      737.8240      615.6625       82   16.56%
      0     0      682.5758    32      737.8240      Cuts: 14       97    7.49%
      0     0      684.3119    18      737.8240      Cuts: 13      105    7.25%
      0     0      689.6148    46      737.8240      Cuts: 11      136    6.53%
      0     0      701.4108    85      737.8240      Cuts: 13      192    4.94%
      0     0      716.4304    59      737.8240      Cuts: 15      263    2.90%
      0     0      718.1029    68      737.8240      Cuts: 31      300    2.67%
      0     0      720.8547    78      737.8240      Cuts: 21      334    2.30%
      0     0      722.1852    92      737.8240      Cuts: 18      370    2.12%
      0     0      723.3819    53      737.8240      Cuts: 13      397    1.96%
      0     0      724.7484    73      737.8240      Cuts: 14      418    1.77%
      0     0      726.0332    68      737.8240      Cuts: 18      461    1.60%
      0     0      726.4421    92      737.8240      Cuts: 20      476    1.54%
      0     0      727.3674    76      737.8240      Cuts: 13      497    1.42%
      0     0      727.8195    80      737.8240   ZeroHalf: 8      520    1.36%
      0     0      727.9686    57      737.8240       Cuts: 8      533    1.34%
      0     0      728.4637    95      737.8240  ZeroHalf: 11      558    1.27%
      0     0      728.9706    44      737.8240      Cuts: 12      570    1.20%
      0     0      729.0263    94      737.8240   ZeroHalf: 4      580    1.19%
      0     0      729.2157    48      737.8240   ZeroHalf: 2      588    1.17%
      0     0      729.2920    44      737.8240      Cuts: 11      592    1.16%
      0     2      729.3501    91      737.8240      729.3805      592    1.14%                        0             0
Elapsed time = 0.13 sec. (189.31 ticks, tree = 0.01 MB, solutions = 1)
     45    21      730.5064    97      737.8240      730.4475     1270    1.00%           x21_2 D     45     44     10
*   120    20      integral     0      732.6830      730.9229     2661    0.24%

Zero-half cuts applied:  33
Gomory fractional cuts applied:  1
User cuts applied:  292

Root node processing (before b&c):
  Real time             =    0.12 sec. (189.15 ticks)
Sequential b&c:
  Real time             =    0.35 sec. (436.33 ticks)
                          ------------
Total (root+branch&cut) =    0.48 sec. (625.48 ticks)

