Version identifier: 22.1.0.0 | 2022-03-09 | 1a383f8ce
CPXPARAM_Preprocessing_Reduce                    1
CPXPARAM_Threads                                 1
CPXPARAM_Preprocessing_Reformulations            0
CPXPARAM_TimeLimit                               10800
CPXPARAM_MIP_Tolerances_AbsMIPGap                0.999
CPXPARAM_MIP_Limits_TreeMemory                   20000
Legacy callback                                  BbLUID
         Disabling repeat represolve because of lazy constraint/incumbent callback.
1 of 1 MIP starts provided solutions.
MIP start 'm1' defined initial solution with objective 451.2514.
Tried aggregator 2 times.
MIP Presolve eliminated 64 rows and 0 columns.
MIP Presolve modified 39 coefficients.
Aggregator did 2 substitutions.
Reduced MIP has 77 rows, 147 columns, and 446 nonzeros.
Reduced MIP has 147 binaries, 0 generals, 0 SOSs, and 0 indicators.
Presolve time = 0.00 sec. (0.27 ticks)
Probing time = 0.00 sec. (0.20 ticks)
Clique table members: 79.
MIP emphasis: balance optimality and feasibility.
MIP search method: traditional branch-and-cut.
Parallel mode: none, using 1 thread.
Root relaxation solution time = 0.00 sec. (0.19 ticks)

        Nodes                                         Cuts/
   Node  Left     Objective  IInf  Best Integer    Best Bound    ItCnt     Gap         Variable B NodeID Parent  Depth

*     0+    0                          451.2514       23.0384            94.89%
      0     0      424.0524    12      451.2514      424.0524       39    6.03%
      0     0      441.6015    14      451.2514       Cuts: 5       42    2.14%
      0     0      443.2494    13      451.2514       Cuts: 9       48    1.77%
      0     0      443.3057    15      451.2514   ZeroHalf: 7       50    1.76%
      0     0      443.4569    18      451.2514      Cuts: 13       51    1.73%
      0     0      443.5069    18      451.2514   ZeroHalf: 3       52    1.72%
      0     0      443.5563    14      451.2514       Cuts: 7       56    1.71%
      0     0      443.6756    17      451.2514   ZeroHalf: 2       58    1.68%
      0     0      444.1021    12      451.2514   ZeroHalf: 6       61    1.58%
      0     0      444.1720    14      451.2514       Cuts: 7       63    1.57%
      0     0      444.1720    15      451.2514   ZeroHalf: 6       64    1.57%
*     0     0      integral     0      444.5425   ZeroHalf: 4       72    0.00%
      0     0        cutoff            444.5425      444.5425       72    0.00%                        0             0
Elapsed time = 0.02 sec. (9.73 ticks, tree = 0.01 MB, solutions = 2)

Zero-half cuts applied:  14
Gomory fractional cuts applied:  1
User cuts applied:  55

Root node processing (before b&c):
  Real time             =    0.02 sec. (9.74 ticks)
Sequential b&c:
  Real time             =    0.00 sec. (0.00 ticks)
                          ------------
Total (root+branch&cut) =    0.02 sec. (9.74 ticks)

