Version identifier: 22.1.0.0 | 2022-03-09 | 1a383f8ce
CPXPARAM_Preprocessing_Reduce                    1
CPXPARAM_Threads                                 1
CPXPARAM_Preprocessing_Reformulations            0
CPXPARAM_TimeLimit                               10800
CPXPARAM_MIP_Tolerances_AbsMIPGap                0.999
CPXPARAM_MIP_Limits_TreeMemory                   20000
Legacy callback                                  BbLUID
         Disabling repeat represolve because of lazy constraint/incumbent callback.
1 of 1 MIP starts provided solutions.
MIP start 'm1' defined initial solution with objective 465.5132.
Tried aggregator 1 time.
MIP Presolve eliminated 38 rows and 0 columns.
MIP Presolve modified 38 coefficients.
Reduced MIP has 87 rows, 542 columns, and 1200 nonzeros.
Reduced MIP has 542 binaries, 0 generals, 0 SOSs, and 0 indicators.
Presolve time = 0.00 sec. (0.48 ticks)
Probing time = 0.00 sec. (1.16 ticks)
Clique table members: 87.
MIP emphasis: balance optimality and feasibility.
MIP search method: traditional branch-and-cut.
Parallel mode: none, using 1 thread.
Root relaxation solution time = 0.00 sec. (0.37 ticks)

        Nodes                                         Cuts/
   Node  Left     Objective  IInf  Best Integer    Best Bound    ItCnt     Gap         Variable B NodeID Parent  Depth

*     0+    0                          465.5132        0.0000           100.00%
      0     0      420.0919     6      465.5132      405.1187       50   12.97%
      0     2      439.0588    10      465.5132      439.0588       50    5.68%                        0             0
Elapsed time = 0.02 sec. (10.74 ticks, tree = 0.01 MB, solutions = 1)
*    35    10      integral     0      455.0315      443.9446      390    2.44%

User cuts applied:  153

Root node processing (before b&c):
  Real time             =    0.02 sec. (10.67 ticks)
Sequential b&c:
  Real time             =    0.09 sec. (79.18 ticks)
                          ------------
Total (root+branch&cut) =    0.12 sec. (89.85 ticks)

