Version identifier: 22.1.0.0 | 2022-03-09 | 1a383f8ce
CPXPARAM_Preprocessing_Reduce                    1
CPXPARAM_Threads                                 1
CPXPARAM_Preprocessing_Reformulations            0
CPXPARAM_TimeLimit                               10800
CPXPARAM_MIP_Tolerances_AbsMIPGap                0.999
CPXPARAM_MIP_Limits_TreeMemory                   20000
Legacy callback                                  BbLUID
         Disabling repeat represolve because of lazy constraint/incumbent callback.
1 of 1 MIP starts provided solutions.
MIP start 'm1' defined initial solution with objective 803.1226.
Tried aggregator 2 times.
MIP Presolve eliminated 109 rows and 0 columns.
MIP Presolve modified 45 coefficients.
Aggregator did 4 substitutions.
Reduced MIP has 106 rows, 245 columns, and 695 nonzeros.
Reduced MIP has 245 binaries, 0 generals, 0 SOSs, and 0 indicators.
Presolve time = 0.00 sec. (0.42 ticks)
Probing time = 0.00 sec. (0.33 ticks)
Clique table members: 106.
MIP emphasis: balance optimality and feasibility.
MIP search method: traditional branch-and-cut.
Parallel mode: none, using 1 thread.
Root relaxation solution time = 0.00 sec. (0.29 ticks)

        Nodes                                         Cuts/
   Node  Left     Objective  IInf  Best Integer    Best Bound    ItCnt     Gap         Variable B NodeID Parent  Depth

*     0+    0                          803.1226       43.7075            94.56%
      0     0      727.9995     6      803.1226      656.4943       52   18.26%
      0     0      767.6038    12      803.1226      Cuts: 19       61    4.42%
      0     0      769.8306    18      803.1226      Cuts: 14       65    4.15%
      0     0      771.1477    12      803.1226       Cuts: 5       69    3.98%
      0     0      771.3968    22      803.1226       Cuts: 6       71    3.95%
      0     0      772.0925    22      803.1226      Cuts: 12       78    3.86%
      0     0      773.5364    37      803.1226   ZeroHalf: 8       89    3.68%
      0     0      774.6475    39      803.1226      Cuts: 15       98    3.55%
      0     0      774.7349    35      803.1226  ZeroHalf: 15      102    3.53%
      0     0      775.2184    20      803.1226   ZeroHalf: 7      107    3.47%
      0     0      775.3485    37      803.1226       Cuts: 9      110    3.46%
      0     0      775.6619    20      803.1226  ZeroHalf: 10      112    3.42%
      0     0      775.6740    28      803.1226   ZeroHalf: 4      113    3.42%
      0     0      775.7063    20      803.1226   ZeroHalf: 5      115    3.41%
      0     0      775.7970    25      803.1226   ZeroHalf: 1      121    3.40%
      0     2      775.7970    25      803.1226      775.8070      121    3.40%                        0             0
Elapsed time = 0.06 sec. (60.14 ticks, tree = 0.01 MB, solutions = 1)
*   110    45      integral     0      797.0755      779.7994      909    2.17%
*   132    44      integral     0      790.6069      780.2438     1066    1.31%

Clique cuts applied:  1
Cover cuts applied:  1
Zero-half cuts applied:  24
Lift and project cuts applied:  1
Gomory fractional cuts applied:  2
User cuts applied:  214

Root node processing (before b&c):
  Real time             =    0.06 sec. (60.14 ticks)
Sequential b&c:
  Real time             =    0.19 sec. (138.68 ticks)
                          ------------
Total (root+branch&cut) =    0.25 sec. (198.82 ticks)

