Version identifier: 22.1.0.0 | 2022-03-09 | 1a383f8ce
CPXPARAM_Preprocessing_Reduce                    1
CPXPARAM_Threads                                 1
CPXPARAM_Preprocessing_Reformulations            0
CPXPARAM_TimeLimit                               10800
CPXPARAM_MIP_Tolerances_AbsMIPGap                0.999
CPXPARAM_MIP_Limits_TreeMemory                   20000
Legacy callback                                  BbLUID
         Disabling repeat represolve because of lazy constraint/incumbent callback.
1 of 1 MIP starts provided solutions.
MIP start 'm1' defined initial solution with objective 758.5772.
Tried aggregator 2 times.
MIP Presolve eliminated 201 rows and 0 columns.
MIP Presolve modified 72 coefficients.
Aggregator did 2 substitutions.
Reduced MIP has 126 rows, 277 columns, and 922 nonzeros.
Reduced MIP has 277 binaries, 0 generals, 0 SOSs, and 0 indicators.
Presolve time = 0.00 sec. (0.60 ticks)
Probing time = 0.00 sec. (0.45 ticks)
Clique table members: 130.
MIP emphasis: balance optimality and feasibility.
MIP search method: traditional branch-and-cut.
Parallel mode: none, using 1 thread.
Root relaxation solution time = 0.00 sec. (0.27 ticks)

        Nodes                                         Cuts/
   Node  Left     Objective  IInf  Best Integer    Best Bound    ItCnt     Gap         Variable B NodeID Parent  Depth

*     0+    0                          758.5772       29.6469            96.09%
      0     0      692.6537    25      758.5772      615.0003       40   18.93%
      0     0      704.8664    24      758.5772      Cuts: 21       55    7.08%
      0     0      710.9613    34      758.5772      Cuts: 13       58    6.28%
      0     0      712.7366    18      758.5772      Cuts: 18       60    6.04%
      0     0      715.2141    44      758.5772      Cuts: 11       78    5.72%
      0     0      715.6992    54      758.5772  ZeroHalf: 17       91    5.65%
      0     0      715.8518    41      758.5772      Cuts: 12      102    5.63%
      0     0      716.0094    57      758.5772  ZeroHalf: 12      113    5.61%
      0     0      716.3037    56      758.5772  ZeroHalf: 10      121    5.57%
      0     0      716.4655    64      758.5772  ZeroHalf: 10      134    5.55%
      0     0      716.9062    52      758.5772   ZeroHalf: 4      154    5.49%
      0     0      717.3459    58      758.5772      Cuts: 18      170    5.44%
      0     0      717.6237    49      758.5772       Cuts: 6      179    5.40%
      0     0      717.8493    65      758.5772   ZeroHalf: 5      191    5.37%
      0     0      718.2695    68      758.5772   ZeroHalf: 6      211    5.31%
      0     0      718.4082    58      758.5772   ZeroHalf: 3      225    5.30%
      0     0      718.5763    61      758.5772   ZeroHalf: 6      239    5.27%
      0     0      718.6603    67      758.5772   ZeroHalf: 2      250    5.26%
      0     0      718.6886    67      758.5772   ZeroHalf: 1      257    5.26%
      0     2      718.9845    65      758.5772      719.3980      257    5.16%                        0             0
Elapsed time = 0.07 sec. (89.91 ticks, tree = 0.01 MB, solutions = 1)
    176    78      742.3077    37      758.5772      735.7044     3393    3.02%            x3_1 N    176     18     17
    468    45      758.0634    19      758.5772      753.3494     7715    0.69%          x25_16 D    468    435     10
*   482    22      integral     0      755.9257      754.0667     7857    0.25%           x22_4 U    482     42     12

Zero-half cuts applied:  16
Gomory fractional cuts applied:  1
User cuts applied:  403

Root node processing (before b&c):
  Real time             =    0.07 sec. (89.91 ticks)
Sequential b&c:
  Real time             =    0.48 sec. (490.18 ticks)
                          ------------
Total (root+branch&cut) =    0.55 sec. (580.09 ticks)

