Version identifier: 22.1.0.0 | 2022-03-09 | 1a383f8ce
CPXPARAM_Preprocessing_Reduce                    1
CPXPARAM_Threads                                 1
CPXPARAM_Preprocessing_Reformulations            0
CPXPARAM_TimeLimit                               10800
CPXPARAM_MIP_Tolerances_AbsMIPGap                0.999
CPXPARAM_MIP_Limits_TreeMemory                   20000
Legacy callback                                  BbLUID
         Disabling repeat represolve because of lazy constraint/incumbent callback.
Tried aggregator 1 time.
MIP Presolve eliminated 139 rows and 1 columns.
MIP Presolve modified 40 coefficients.
Reduced MIP has 79 rows, 210 columns, and 660 nonzeros.
Reduced MIP has 210 binaries, 0 generals, 0 SOSs, and 0 indicators.
Presolve time = 0.00 sec. (0.36 ticks)
Probing time = 0.00 sec. (0.33 ticks)
Clique table members: 79.
MIP emphasis: balance optimality and feasibility.
MIP search method: traditional branch-and-cut.
Parallel mode: none, using 1 thread.
Root relaxation solution time = 0.00 sec. (0.32 ticks)

        Nodes                                         Cuts/
   Node  Left     Objective  IInf  Best Integer    Best Bound    ItCnt     Gap         Variable B NodeID Parent  Depth

      0     0      175.0000    16                    175.0000       50         
      0     0      175.0000    12                     User: 3       55         
      0     0      175.0000     8                     Cuts: 6       60         
      0     0      175.0000    16                     Cuts: 7       63         
      0     0      175.0000    20                     Cuts: 6       67         
      0     0      175.0000    19                     User: 1       67         
      0     0      175.0000    15                     User: 4       71         
      0     0      175.0000    12                     User: 3       87         
      0     0      175.0000    20                     User: 2       87         
      0     0      175.0000    17                     User: 4       94         
      0     0      175.0000    17                     User: 2      111         
      0     0      175.0000    14                     User: 4      121         
      0     0      175.0000    10                     User: 1      136         
      0     0      175.0000    18                     User: 1      140         
      0     0      175.0000    14                     User: 2      142         
      0     0      175.0000     8                     User: 1      142         
      0     0      175.0000    16                     User: 2      150         
*     0+    0                          304.0000      175.0000            42.43%
      0     2      175.0000    16      304.0000      175.0000      150   42.43%                        0             0
Elapsed time = 0.05 sec. (44.77 ticks, tree = 0.01 MB, solutions = 1)
*     5     5      integral     0      182.0000      176.0000      210    3.30%

User cuts applied:  246

Root node processing (before b&c):
  Real time             =    0.05 sec. (44.77 ticks)
Sequential b&c:
  Real time             =    0.02 sec. (34.84 ticks)
                          ------------
Total (root+branch&cut) =    0.07 sec. (79.61 ticks)

