Version identifier: 22.1.0.0 | 2022-03-09 | 1a383f8ce
CPXPARAM_Preprocessing_Reduce                    1
CPXPARAM_Threads                                 1
CPXPARAM_Preprocessing_Reformulations            0
CPXPARAM_TimeLimit                               10800
CPXPARAM_MIP_Tolerances_AbsMIPGap                0.999
CPXPARAM_MIP_Limits_TreeMemory                   20000
Legacy callback                                  BbLUID
         Disabling repeat represolve because of lazy constraint/incumbent callback.
Tried aggregator 1 time.
MIP Presolve modified 63 coefficients.
Reduced MIP has 103 rows, 380 columns, and 949 nonzeros.
Reduced MIP has 380 binaries, 0 generals, 0 SOSs, and 0 indicators.
Presolve time = 0.00 sec. (0.41 ticks)
Probing time = 0.00 sec. (0.71 ticks)
Clique table members: 103.
MIP emphasis: balance optimality and feasibility.
MIP search method: traditional branch-and-cut.
Parallel mode: none, using 1 thread.
Root relaxation solution time = 0.00 sec. (0.42 ticks)

        Nodes                                         Cuts/
   Node  Left     Objective  IInf  Best Integer    Best Bound    ItCnt     Gap         Variable B NodeID Parent  Depth

      0     0      128.0000     8                    125.0000       44         
      0     0      128.0714    21                     User: 1       55         
      0     0      129.0000     8                     Cuts: 8       62         
      0     0      129.0000    14                     Cuts: 5       63         
      0     0      129.0000    14                     User: 1       67         
      0     0      129.0000    17                     User: 2       67         
      0     0      129.0000    17                     User: 2       68         
      0     0      129.0000    11                     User: 2       69         
      0     0      129.0000    16                     User: 1       72         
      0     0      129.0000    18                     User: 1       78         
      0     0      129.0000    19                     User: 2       80         
*     0+    0                          144.0000      129.0000            10.42%
      0     2      129.0000    19      144.0000      129.0000       80   10.42%                        0             0
Elapsed time = 0.08 sec. (43.26 ticks, tree = 0.01 MB, solutions = 1)
*    20+   16                          140.0000      129.0000             7.86%
*    39    20      integral     0      139.0000      129.0000      239    7.19%
*    75    32      integral     0      134.0000      129.0000      360    3.73%
*   110    41      integral     0      133.0000      129.0000      450    3.01%
*   135    34      integral     0      132.0000      129.1951      531    2.12%

Cover cuts applied:  1
Mixed integer rounding cuts applied:  1
Gomory fractional cuts applied:  2
User cuts applied:  251

Root node processing (before b&c):
  Real time             =    0.09 sec. (43.36 ticks)
Sequential b&c:
  Real time             =    0.33 sec. (179.19 ticks)
                          ------------
Total (root+branch&cut) =    0.41 sec. (222.55 ticks)

