Version identifier: 22.1.0.0 | 2022-03-09 | 1a383f8ce
CPXPARAM_Preprocessing_Reduce                    1
CPXPARAM_Threads                                 1
CPXPARAM_Preprocessing_Reformulations            0
CPXPARAM_TimeLimit                               10800
CPXPARAM_MIP_Tolerances_AbsMIPGap                0.999
CPXPARAM_MIP_Limits_TreeMemory                   20000
Legacy callback                                  BbLUID
         Disabling repeat represolve because of lazy constraint/incumbent callback.
Tried aggregator 1 time.
MIP Presolve eliminated 34 rows and 3 columns.
MIP Presolve modified 27 coefficients.
Reduced MIP has 61 rows, 265 columns, and 627 nonzeros.
Reduced MIP has 265 binaries, 0 generals, 0 SOSs, and 0 indicators.
Presolve time = 0.00 sec. (0.26 ticks)
Probing time = 0.00 sec. (0.42 ticks)
Clique table members: 61.
MIP emphasis: balance optimality and feasibility.
MIP search method: traditional branch-and-cut.
Parallel mode: none, using 1 thread.
Root relaxation solution time = 0.00 sec. (0.18 ticks)

        Nodes                                         Cuts/
   Node  Left     Objective  IInf  Best Integer    Best Bound    ItCnt     Gap         Variable B NodeID Parent  Depth

      0     0      161.0000    10                    160.0000       31         
      0     0      161.0000    12                     User: 3       32         
      0     0      161.0000    12                     Cuts: 3       35         
      0     0      162.8333    31                     User: 1       38         
      0     0      162.8333    27                     User: 1       41         
*     0+    0                          201.0000      162.8333            18.99%
      0     2      164.3333    23      201.0000      165.0000       41   17.91%                        0             0
Elapsed time = 0.04 sec. (21.46 ticks, tree = 0.01 MB, solutions = 1)
*     4     2      integral     0      170.0000      166.6667       63    1.96%
*     7     1      integral     0      169.0000      167.5000       89    0.89%

User cuts applied:  119

Root node processing (before b&c):
  Real time             =    0.04 sec. (21.47 ticks)
Sequential b&c:
  Real time             =    0.01 sec. (9.39 ticks)
                          ------------
Total (root+branch&cut) =    0.05 sec. (30.86 ticks)

