Version identifier: 22.1.0.0 | 2022-03-09 | 1a383f8ce
CPXPARAM_Preprocessing_Reduce                    1
CPXPARAM_Threads                                 1
CPXPARAM_Preprocessing_Reformulations            0
CPXPARAM_TimeLimit                               10800
CPXPARAM_MIP_Tolerances_AbsMIPGap                0.999
CPXPARAM_MIP_Limits_TreeMemory                   20000
Legacy callback                                  BbLUID
         Disabling repeat represolve because of lazy constraint/incumbent callback.
Tried aggregator 1 time.
MIP Presolve eliminated 439 rows and 0 columns.
MIP Presolve modified 101 coefficients.
Reduced MIP has 185 rows, 634 columns, and 1890 nonzeros.
Reduced MIP has 634 binaries, 0 generals, 0 SOSs, and 0 indicators.
Presolve time = 0.00 sec. (1.11 ticks)
Probing time = 0.00 sec. (1.14 ticks)
Clique table members: 185.
MIP emphasis: balance optimality and feasibility.
MIP search method: traditional branch-and-cut.
Parallel mode: none, using 1 thread.
Root relaxation solution time = 0.00 sec. (1.38 ticks)

        Nodes                                         Cuts/
   Node  Left     Objective  IInf  Best Integer    Best Bound    ItCnt     Gap         Variable B NodeID Parent  Depth

      0     0      352.0000    20                    352.0000      197         
      0     0      355.0000    20                    Cuts: 19      216         
      0     0      356.5000    28                    Cuts: 12      222         
      0     0      357.1667    40                     Cuts: 7      227         
      0     0      357.3500    50                    Cuts: 19      235         
      0     0      357.5000    26                    Cuts: 18      238         
      0     0      358.8333    63                     Cuts: 4      265         
      0     0      359.0673    88                     Cuts: 9      282         
      0     0      360.0000    14                    Cuts: 15      292         
      0     0      360.0200    53                    Cuts: 13      304         
      0     0      360.0500    72                    Cuts: 12      314         
      0     0      360.2000    84                    Cuts: 14      338         
      0     0      360.3052    93                    Cuts: 22      358         
      0     0      360.7756    95                 ZeroHalf: 9      393         
      0     0      361.3889    86                    Cuts: 17      424         
      0     0      361.6000    33                    Cuts: 23      443         
      0     0      361.8065    49                    Cuts: 11      468         
      0     0      362.0270    94                     Cuts: 6      476         
      0     0      362.0714   102                    Cuts: 12      501         
      0     0      362.1242    85                     User: 7      510         
      0     0      362.1242    84                     User: 5      513         
*     0+    0                          713.0000      362.1242            49.21%
      0     2      362.1242    93      713.0000      362.1242      513   49.21%                        0             0
Elapsed time = 0.14 sec. (203.87 ticks, tree = 0.01 MB, solutions = 1)
     45    43      397.3333    52      713.0000      365.6667     1912   48.71%          x15_14 N     45     43     13
    120    96      390.1667    59      713.0000      367.3333     3583   48.48%          x18_17 N    120    119      6
    177   149      406.4286    46      713.0000      367.5000     4885   48.46%          x19_15 D    177    176     35
    258   226      431.7222    41      713.0000      367.5000     5685   48.46%           x1_12 U    258    257     55
    325   282      383.3333    45      713.0000      367.7924     6579   48.42%          x18_20 D    325    324     10
    420   370      408.3333    45      713.0000      368.2727     7532   48.35%          x11_17 D    420    419     28
    505   444      383.7212    79      713.0000      369.1667     8434   48.22%           x8_16 D    505    503     35
    608   537      436.2500    23      713.0000      369.1667     9595   48.22%          x30_35 D    608    607     72
*   631   554      integral     0      515.0000      369.1667     9773   28.32%
    705   611      386.7083    52      515.0000      369.4667    10607   28.26%          x17_23 N    705     13     12
*   920+  768                          489.0000      371.2000            24.09%
   1068   905      394.1250    58      489.0000      371.5000    14754   24.03%          x16_11 N   1068   1067     16
Elapsed time = 2.80 sec. (3339.36 ticks, tree = 0.75 MB, solutions = 3)
*  1262  1047      integral     0      473.0000      372.2727    18509   21.30%
*  1333   912      integral     0      440.0000      372.5000    19746   15.34%
   1400   971      398.3333    43      440.0000      372.7500    20683   15.28%          x18_17 U   1400   1399     30
   1740  1250      384.5357    60      440.0000      373.8333    25924   15.04%          x14_13 D   1740   1739     29
   2080  1535      413.6905    70      440.0000      374.5000    30777   14.89%           x13_8 N   2080   2079     50
   2378  1792      428.4444    57      440.0000      375.1667    35654   14.73%            x8_6 N   2378   2377     36
   2720  2085      427.5000    45      440.0000      375.7333    40132   14.61%           x8_19 D   2720   2719     28
   3129  2448      394.6500    71      440.0000      376.3333    45602   14.47%          x26_24 D   3129   3128     46
*  3481  2346      integral     0      422.0000      376.6667    50911   10.74%
   3481  2345      422.0000     0      422.0000      376.6667    50911   10.74%          x35_34 D   3481   3480     40
   3807  2631        cutoff            422.0000      377.0000    55531   10.66%          x40_34 U   3807   3805     52
   4070  2838      381.2667    72      422.0000      377.3750    59866   10.57%          x14_12 D   4070     19     16
   4332  3058      402.6167    46      422.0000      377.6667    63470   10.51%          x33_32 D   4332   4331     51
Elapsed time = 9.84 sec. (12931.57 ticks, tree = 2.89 MB, solutions = 6)
   4627  3318        cutoff            422.0000      377.9770    67257   10.43%           x11_8 U   4627   4625     89
   4862  3517      409.0000    56      422.0000      378.2500    71379   10.37%          x14_19 D   4862   4861     28
   5116  3738      406.1250    74      422.0000      378.6667    75472   10.27%          x11_19 D   5116   5115     42
   5366  3951      389.3571    54      422.0000      378.8750    79428   10.22%          x35_33 D   5366   5365     26
   5623  4177      389.2500    62      422.0000      379.0000    82803   10.19%          x14_10 U   5623   5622     21
   5885  4404      385.7500    58      422.0000      379.1667    86698   10.15%          x14_10 U   5885   5884     23
   6162  4627      386.9874    72      422.0000      379.3750    90365   10.10%          x13_15 U   6162   2860     10
   6376  4813      412.1667    65      422.0000      379.5556    94160   10.06%           x9_14 D   6376   6375     44
   6594  4989      418.7483    79      422.0000      379.6667    98112   10.03%          x22_18 D   6594   6593     41
   6845  5207      392.6111    71      422.0000      379.7500   102225   10.01%           x13_8 D   6845   6844     23
Elapsed time = 15.80 sec. (22482.20 ticks, tree = 4.84 MB, solutions = 6)
   7149  5478      384.5556    64      422.0000      380.0000   105600    9.95%          x13_20 D   7149   7147     13
   7378  5666      409.1008    84      422.0000      380.1111   109456    9.93%          x22_13 N   7378   7377     39
   7619  5866      420.3636    77      422.0000      380.1705   112701    9.91%          x20_13 D   7619   7618     24
   7842  6041      407.9942    84      422.0000      380.3333   116319    9.87%          x26_27 D   7842   7841     21
   8070  6222      409.0000    34      422.0000      380.4167   119639    9.85%            x8_6 D   8070   8069     39
   8289  6391        cutoff            422.0000      380.6923   123393    9.79%          x16_11 D   8289   8287     50
   8536  6603      399.6402    50      422.0000      381.0000   126612    9.72%          x36_42 D   8536   8535     26
   8800  6835      406.0000    57      422.0000      381.0490   129715    9.70%          x14_19 D   8800   8799     51
   9008  6987      399.2500    68      422.0000      381.3158   133268    9.64%          x18_17 D   9008   9007     22
   9230  7171      397.9394    79      422.0000      381.4000   137158    9.62%          x20_13 N   9230   9229     19
Elapsed time = 21.53 sec. (32072.69 ticks, tree = 8.61 MB, solutions = 6)
   9466  7367      389.1667    52      422.0000      381.5000   140777    9.60%          x22_24 U   9466   3815     19
   9663  7514      395.1667    69      422.0000      381.6256   144371    9.57%          x22_24 D   9663   9662     13
   9862  7676      405.8667    57      422.0000      381.8000   147736    9.53%           x9_13 D   9862   9861     24
  10036  7813      401.8750    72      422.0000      381.8750   151451    9.51%          x16_11 U  10036  10035     14
  10244  7981      409.3333    69      422.0000      382.0000   154959    9.48%          x18_19 D  10244  10243     31
  10440  8130      399.0937    67      422.0000      382.0641   158368    9.46%           x12_7 D  10440  10438     16
  10625  8268      409.4654    76      422.0000      382.1667   161987    9.44%          x11_17 D  10625  10624     25
  10794  8393      409.1667    66      422.0000      382.3290   165143    9.40%            x8_5 D  10794  10793     37
  10984  8542        cutoff            422.0000      382.3333   168340    9.40%           x8_16 N  10984  10983     26
* 11177  5560      integral     0      406.0000      382.4000   171161    5.81%
  11211  5577        cutoff            406.0000      382.4444   171746    5.80%          x18_23 U  11211   2871     21
Elapsed time = 26.86 sec. (41626.71 ticks, tree = 6.34 MB, solutions = 7)
  11367  5689        cutoff            406.0000      382.5556   175519    5.77%          x20_24 D  11367  11366     27
  11542  5803      400.0833    74      406.0000      382.6857   178858    5.74%           x7_10 N  11542  11541     32
  11690  5875      393.4667    80      406.0000      382.8095   182403    5.71%          x15_17 N  11690   1304     15
  11870  5987      395.3923    86      406.0000      382.9659   185575    5.67%          x11_14 D  11870  11869     27
  12082  6142      384.1538    89      406.0000      383.0000   188714    5.67%          x35_33 U  12082   1392     23
  12229  6223      404.1053    49      406.0000      383.0926   192645    5.64%          x14_19 D  12229  12228     28
  12402  6339      403.8333    58      406.0000      383.1780   196290    5.62%          x22_20 N  12402  12401     14
  12543  6401        cutoff            406.0000      383.3333   199942    5.58%          x22_13 U  12543  12541     17
  12742  6529      403.1667    51      406.0000      383.4667   203358    5.55%          x15_22 U  12742   3044     15
  12945  6682      404.7000    59      406.0000      383.6250   206213    5.51%          x17_13 U  12945   5727     26
Elapsed time = 31.73 sec. (51222.34 ticks, tree = 8.09 MB, solutions = 7)
  13134  6810      398.8974    91      406.0000      383.6667   209823    5.50%            x8_7 D  13134  13133     13
  13279  6891      398.8889    48      406.0000      383.7692   213018    5.48%          x18_19 N  13279  13278     24
  13442  6972      388.1250    63      406.0000      383.8667   216337    5.45%          x13_15 U  13442  10188     19
  13634  7106      391.5714    65      406.0000      384.0000   219414    5.42%          x15_21 N  13634  13633     18
  13820  7215      386.5333    65      406.0000      384.1667   222772    5.38%          x18_19 D  13820  13819     13
  13992  7293      387.3561    77      406.0000      384.3333   226592    5.34%          x20_22 U  13992   3899     20
  14167  7392      402.3333    69      406.0000      384.5000   229955    5.30%          x20_19 U  14167  14165     18
  14359  7512      392.4118    58      406.0000      384.6667   233148    5.25%           x8_19 D  14359  14358     26
  14554  7635      403.5000    45      406.0000      384.7333   236610    5.24%          x17_13 U  14554    766     17
  14726  7729      396.2763    72      406.0000      384.8750   239609    5.20%          x40_39 D  14726  14725     37
Elapsed time = 36.68 sec. (60800.22 ticks, tree = 9.12 MB, solutions = 7)
  14894  7820      400.0000    59      406.0000      385.0000   243164    5.17%          x15_13 D  14894  14893     26
  15080  7942      386.7188    79      406.0000      385.0000   246263    5.17%          x12_16 U  15080   6506     18
  15237  8057      389.6923    72      406.0000      385.0500   248785    5.16%            x9_6 D  15237  15236     25
  15410  8160      403.8714    63      406.0000      385.1429   252156    5.14%           x1_12 D  15410  15408     33
  15556  8233        cutoff            406.0000      385.1786   255215    5.13%          x13_22 U  15556   7151     16
  15738  8352        cutoff            406.0000      385.2513   257893    5.11%           x9_14 D  15738  15737     34
  15901  8436      390.3333    47      406.0000      385.3500   261296    5.09%           x8_19 U  15901   2965     23
  16073  8526      392.2778    68      406.0000      385.5000   264778    5.05%          x11_15 D  16073  16072     24
  16270  8647      394.6295    69      406.0000      385.5909   267692    5.03%          x34_31 D  16270  16269     38
  16470  8780      392.0417    69      406.0000      385.6667   271184    5.01%            x9_6 D  16470  16469     29
Elapsed time = 41.57 sec. (70379.64 ticks, tree = 12.03 MB, solutions = 7)
  16630  8869      400.0000    66      406.0000      385.7027   274644    5.00%          x13_26 D  16630  16629     33
  16800  8947      404.9348    75      406.0000      385.8571   277825    4.96%           x8_19 U  16800  16798     17
  16997  9064      404.5000    43      406.0000      386.0000   280825    4.93%           x8_13 D  16997  16996     39
  17174  9166      392.8333    48      406.0000      386.0405   283944    4.92%          x39_34 D  17174  17173     23
  17330  9240      400.5000    20      406.0000      386.1667   287471    4.89%          x28_27 D  17330  17329     41
  17487  9305        cutoff            406.0000      386.2281   290555    4.87%          x11_13 N  17487  17485     27
  17671  9419        cutoff            406.0000      386.3333   293548    4.84%           x12_7 D  17671  17669     40
  17824  9504      393.1667    49      406.0000      386.3750   296441    4.83%          x20_19 U  17824   1426     23
  17996  9601      395.2857    60      406.0000      386.5000   299653    4.80%          x15_16 U  17996  10121      7
  18140  9672      399.7500    49      406.0000      386.5217   302862    4.80%          x22_15 U  18140   4671     15
Elapsed time = 46.26 sec. (79957.38 ticks, tree = 13.05 MB, solutions = 7)
  18291  9746      395.6667    67      406.0000      386.6667   306492    4.76%          x13_22 U  18291    308     16
  18468  9850      393.3333    59      406.0000      386.6667   309661    4.76%          x15_16 D  18468  18467      9
  18597  9863        cutoff            406.0000      386.8065   313005    4.73%          x18_15 U  18597   3489     22
  18759  9931      395.6981    65      406.0000      386.8586   316488    4.71%          x39_34 D  18759  18758     32
  18922 10017        cutoff            406.0000      387.0000   319817    4.68%          x29_27 U  18922  18921     60
* 18954  7830      integral     0      402.0000      387.0000   320322    3.73%
  19073  7873      394.8000    67      402.0000      387.0000   322858    3.73%          x14_24 D  19073  19072     15
  19190  7897      388.6944    65      402.0000      387.1429   326538    3.70%          x18_17 D  19190  19189     16
  19345  7948      388.0099    47      402.0000      387.2500   329686    3.67%          x20_18 D  19345  19343     19
  19491  7982      399.0000    58      402.0000      387.3333   332781    3.65%          x15_22 N  19491   3189     19
  20044  8135      393.0667    50      402.0000      387.6667   345570    3.57%          x22_15 D  20044  20042     26
Elapsed time = 52.13 sec. (92395.35 ticks, tree = 11.19 MB, solutions = 8)
  20691  8287      392.8333    64      402.0000      388.0245   359266    3.48%          x11_15 U  20691  16417     13
  21273  8434      394.4028    71      402.0000      388.3772   372635    3.39%           x12_7 D  21273  21272     25
  21935  8604      393.7000    69      402.0000      388.6667   386466    3.32%           x8_12 D  21935  21934     15
  22591  8783      398.2000    51      402.0000      389.0000   399959    3.23%           x13_8 U  22591  13712     21
  23187  8863        cutoff            402.0000      389.3333   412289    3.15%          x34_31 U  23187   6876     20
  23800  8970        cutoff            402.0000      389.6739   425701    3.07%           x10_5 U  23800  23798     43
  24467  9030      395.5000    24      402.0000      390.0000   438242    2.99%          x36_42 N  24467  24466     28
  25094  9081      397.6756    59      402.0000      390.3333   451978    2.90%          x20_13 D  25094  25092     26
  25661  9081      400.0000    74      402.0000      390.6667   465225    2.82%           x1_12 D  25661  25659     16
  26253  9104      393.5000    42      402.0000      391.0000   478092    2.74%           x12_7 N  26253   6601     20
Elapsed time = 69.69 sec. (130597.27 ticks, tree = 12.30 MB, solutions = 8)
  26858  9120        cutoff            402.0000      391.3333   490490    2.65%           x14_9 U  26858  26855     36
  27418  9075        cutoff            402.0000      391.6842   503640    2.57%          x30_35 U  27418  22508     20
  28057  9044        cutoff            402.0000      392.0000   516519    2.49%          x15_13 U  28057  11954     39
  28600  9001        cutoff            402.0000      392.3333   528014    2.40%          x15_21 U  28600  28599     32
  29141  8894      400.6667    53      402.0000      392.6667   540586    2.32%          x17_13 N  29141   7678     20
  29695  8772        cutoff            402.0000      393.0000   552480    2.24%          x26_33 U  29695  24198     27
  30234  8674      397.0507    80      402.0000      393.2500   563911    2.18%          x20_19 D  30234  30233     28
  30836  8698      395.3333    30      402.0000      393.4500   575268    2.13%          x29_24 N  30836  23591     26
  31394  8518      396.7500    36      402.0000      393.7500   586639    2.05%          x20_24 N  31394  23588     23
  31923  8367      397.8833    67      402.0000      394.0000   597926    1.99%          x36_42 D  31923  31922     28
Elapsed time = 85.96 sec. (168796.55 ticks, tree = 11.24 MB, solutions = 8)
  32417  8191        cutoff            402.0000      394.2000   607941    1.94%          x22_15 U  32417  28840     36
  32955  8060        cutoff            402.0000      394.5000   617935    1.87%          x13_24 U  32955   5437     19
  33474  7891        cutoff            402.0000      394.6667   628181    1.82%          x22_24 U  33474  12536     12
  34002  7714      397.6667    41      402.0000      395.0000   637642    1.74%          x18_14 D  34002  34001     19
  34514  7544      399.9167    58      402.0000      395.1667   646996    1.70%          x13_19 N  34514   4582     46
  35044  7292        cutoff            402.0000      395.4444   656399    1.63%          x40_39 U  35044  14024     53
  35592  7024        cutoff            402.0000      395.7083   666533    1.57%          x34_33 U  35592  29436     27
  36183  6792      399.6667    41      402.0000      396.0000   675937    1.49%          x22_14 D  36183  36182     33
  36750  6549        cutoff            402.0000      396.2222   685532    1.44%           x10_5 U  36750  17038     28
  37297  6235        cutoff            402.0000      396.5250   694127    1.36%            x6_9 U  37297  23420     30
Elapsed time = 100.89 sec. (206971.60 ticks, tree = 8.20 MB, solutions = 8)
  37905  5999      399.8667    66      402.0000      396.8462   702380    1.28%          x13_22 N  37905  27398     24
  38494  5640        cutoff            402.0000      397.0652   710976    1.23%          x22_23 U  38494  12935     32
  39058  5284      399.4375    53      402.0000      397.4000   718942    1.14%          x20_19 N  39058  27879     24
  39644  4960        cutoff            402.0000      397.6667   726181    1.08%          x15_17 U  39644   2021     47
  40212  4561        cutoff            402.0000      398.0000   733704    1.00%           x12_7 U  40212  40211     24
  40789  4108        cutoff            402.0000      398.2326   740689    0.94%          x13_11 U  40789  12947     16
  41350  3689        cutoff            402.0000      398.5455   746433    0.86%          x20_13 U  41350  11658     27
  41900  3224        cutoff            402.0000      398.9000   752226    0.77%          x14_19 U  41900   2127     25
  42473  2752      400.7667    58      402.0000      399.1000   759259    0.72%          x33_34 N  42473  33495     61
  43057  2253        cutoff            402.0000      399.4750   765042    0.63%          x14_17 U  43057  18178     22
Elapsed time = 114.25 sec. (245164.70 ticks, tree = 3.40 MB, solutions = 8)
  43648  1720      400.8333    55      402.0000      399.8333   770066    0.54%          x35_39 N  43648  43647     30
  44298  1116        cutoff            402.0000      400.1667   775199    0.46%          x18_20 U  44298  17423     31
  44932   503        cutoff            402.0000      400.6667   778682    0.33%           x13_8 U  44932   4694     38

Zero-half cuts applied:  12
Gomory fractional cuts applied:  1
User cuts applied:  5712

Root node processing (before b&c):
  Real time             =    0.15 sec. (203.93 ticks)
Sequential b&c:
  Real time             =  118.51 sec. (259598.84 ticks)
                          ------------
Total (root+branch&cut) =  118.66 sec. (259802.77 ticks)

