Version identifier: 22.1.0.0 | 2022-03-09 | 1a383f8ce
CPXPARAM_Preprocessing_Reduce                    1
CPXPARAM_Threads                                 1
CPXPARAM_Preprocessing_Reformulations            0
CPXPARAM_TimeLimit                               10800
CPXPARAM_MIP_Tolerances_AbsMIPGap                0.999
CPXPARAM_MIP_Limits_TreeMemory                   20000
Legacy callback                                  BbLUID
         Disabling repeat represolve because of lazy constraint/incumbent callback.
Tried aggregator 2 times.
MIP Presolve eliminated 481 rows and 0 columns.
MIP Presolve modified 95 coefficients.
Aggregator did 5 substitutions.
Reduced MIP has 171 rows, 543 columns, and 1684 nonzeros.
Reduced MIP has 543 binaries, 0 generals, 0 SOSs, and 0 indicators.
Presolve time = 0.00 sec. (1.22 ticks)
Probing time = 0.00 sec. (0.98 ticks)
Clique table members: 171.
MIP emphasis: balance optimality and feasibility.
MIP search method: traditional branch-and-cut.
Parallel mode: none, using 1 thread.
Root relaxation solution time = 0.00 sec. (0.83 ticks)

        Nodes                                         Cuts/
   Node  Left     Objective  IInf  Best Integer    Best Bound    ItCnt     Gap         Variable B NodeID Parent  Depth

      0     0      333.5000    32                    324.0000      116         
      0     0      337.5000    39                    Cuts: 13      134         
      0     0      340.2778    65                    Cuts: 20      164         
      0     0      342.2500    66                    Cuts: 17      183         
      0     0      343.4286    49                     Cuts: 7      195         
      0     0      344.0000    52                    Cuts: 25      202         
      0     0      346.3000    57                    Cuts: 23      221         
      0     0      347.2727    68                    Cuts: 19      240         
      0     0      347.8571    76                     Cuts: 9      266         
      0     0      347.8889    76                     Cuts: 4      268         
      0     0      357.0000    70                    Cuts: 10      285         
      0     0      362.0789    67                    Cuts: 26      299         
      0     0      362.3360   108                     Cuts: 7      325         
      0     0      362.3636    79                     Cuts: 6      340         
      0     0      362.3636    78                 ZeroHalf: 2      342         
      0     0      362.4697   101                 ZeroHalf: 1      352         
      0     0      362.4697   103                     Cuts: 2      355         
      0     0      362.4697   102                     User: 3      361         
*     0+    0                          684.0000      362.4697            47.01%
      0     2      363.0659    91      684.0000      363.5714      361   46.85%                        0             0
Elapsed time = 0.15 sec. (180.37 ticks, tree = 0.01 MB, solutions = 1)
*    23    22      integral     0      488.0000      368.0000     1026   24.59%
*    26    23      integral     0      485.0000      368.0000     1036   24.12%
     31    27      381.0000    57      485.0000      368.9692     1280   23.92%           x10_9 N     31     30      5
*    47    29      integral     0      398.0000      368.9692     1913    7.29%
*    60+   31                          397.0000      370.3379             6.72%
*    63    30      integral     0      396.0000      370.3379     2374    6.48%
*    82    27      integral     0      390.0000      370.5000     2739    5.00%
*   104    35      integral     0      389.0000      375.5000     3267    3.47%
    108    38      381.7500    35      389.0000      375.6190     3384    3.44%          x14_24 D    108    107     12
*   169    51      integral     0      388.0000      378.0000     4708    2.58%
    228    68        cutoff            388.0000      380.2000     5950    2.01%          x24_21 D    228    226     10
*   254    53      integral     0      387.0000      381.1429     6690    1.51%
*   326     5      integral     0      386.0000      384.5000     7992    0.39%

Zero-half cuts applied:  21
Gomory fractional cuts applied:  1
User cuts applied:  698

Root node processing (before b&c):
  Real time             =    0.15 sec. (180.40 ticks)
Sequential b&c:
  Real time             =    0.61 sec. (872.46 ticks)
                          ------------
Total (root+branch&cut) =    0.76 sec. (1052.86 ticks)

