Version identifier: 22.1.0.0 | 2022-03-09 | 1a383f8ce
CPXPARAM_Preprocessing_Reduce                    1
CPXPARAM_Threads                                 1
CPXPARAM_Preprocessing_Reformulations            0
CPXPARAM_TimeLimit                               10800
CPXPARAM_MIP_Tolerances_AbsMIPGap                0.999
CPXPARAM_MIP_Limits_TreeMemory                   20000
Legacy callback                                  BbLUID
         Disabling repeat represolve because of lazy constraint/incumbent callback.
Tried aggregator 2 times.
MIP Presolve eliminated 596 rows and 1 columns.
MIP Presolve modified 188 coefficients.
Aggregator did 13 substitutions.
Reduced MIP has 350 rows, 950 columns, and 2868 nonzeros.
Reduced MIP has 950 binaries, 0 generals, 0 SOSs, and 0 indicators.
Presolve time = 0.00 sec. (1.91 ticks)
Probing time = 0.00 sec. (1.52 ticks)
Clique table members: 366.
MIP emphasis: balance optimality and feasibility.
MIP search method: traditional branch-and-cut.
Parallel mode: none, using 1 thread.
Root relaxation solution time = 0.00 sec. (1.46 ticks)

        Nodes                                         Cuts/
   Node  Left     Objective  IInf  Best Integer    Best Bound    ItCnt     Gap         Variable B NodeID Parent  Depth

      0     0     1025.0000    32                   1004.0000      232         
      0     0     1029.5000    46                    Cuts: 19      258         
      0     0     1030.0000    12                    Cuts: 23      279         
      0     0     1034.5000    32                    Cuts: 13      290         
      0     0     1035.0000    44                    Cuts: 11      310         
      0     0     1035.5000    39                    Cuts: 13      329         
      0     0     1036.0000    38                    Cuts: 19      338         
      0     0     1036.0000    26                    Cuts: 13      346         
      0     0     1036.0000     8                     User: 5      346         
      0     0     1036.0000    35                     User: 5      365         
      0     0     1036.2500    20                     User: 2      378         
      0     0     1036.5000    67                     User: 4      400         
      0     0     1036.5000    76                     User: 5      406         
      0     0     1036.5000    50                     User: 5      409         
      0     0     1036.5000    53                     User: 9      418         
      0     0     1036.5000    73                     User: 4      424         
      0     0     1036.5000    58                     User: 4      430         
      0     0     1036.5000    75                     User: 6      449         
      0     0     1036.5000    84                     User: 9      483         
      0     0     1036.5000    63                     User: 3      484         
      0     0     1036.5000    65                     User: 2      485         
*     0+    0                         1489.0000     1036.5000            30.39%
      0     2     1036.5000    75     1489.0000     1037.0000      485   30.36%                        0             0
Elapsed time = 0.18 sec. (290.46 ticks, tree = 0.01 MB, solutions = 1)
     30    26     1055.0000    60     1489.0000     1041.6667     1578   30.04%          x77_74 N     30      2      3
*    71    37      integral     0     1062.0000     1043.0000     2427    1.79%
     72    37     1045.0000    68     1062.0000     1045.0000     2549    1.60%          x76_75 U     72      0      1
    132    79     1049.6000    76     1062.0000     1045.0000     3876    1.60%          x60_71 D    132    131     10
    227   138     1051.6000    50     1062.0000     1046.0000     5372    1.51%          x86_87 D    227    226     23
    348   220     1049.1111    56     1062.0000     1046.8667     7090    1.42%          x53_47 D    348    347     18
    480   298     1058.3750    69     1062.0000     1048.0000     8995    1.32%          x73_74 D    480    479     21
*   541   248      integral     0     1058.0000     1048.4444    10168    0.90%
*   543   202      integral     0     1056.0000     1048.4444    10218    0.72%
    600   218     1049.3333    41     1056.0000     1048.6667    11128    0.69%          x49_48 U    600    599     17
*   610+  163                         1054.0000     1048.6667             0.51%
*   691   133      integral     0     1053.0000     1049.0000    12395    0.38%
*   695    51      integral     0     1051.0000     1049.0000    12437    0.19%

Clique cuts applied:  1
Cover cuts applied:  1
Zero-half cuts applied:  3
Gomory fractional cuts applied:  1
User cuts applied:  1233

Root node processing (before b&c):
  Real time             =    0.18 sec. (290.50 ticks)
Sequential b&c:
  Real time             =    2.23 sec. (1911.09 ticks)
                          ------------
Total (root+branch&cut) =    2.41 sec. (2201.59 ticks)

