Version identifier: 22.1.0.0 | 2022-03-09 | 1a383f8ce
CPXPARAM_Preprocessing_Reduce                    1
CPXPARAM_Threads                                 1
CPXPARAM_Preprocessing_Reformulations            0
CPXPARAM_TimeLimit                               10800
CPXPARAM_MIP_Tolerances_AbsMIPGap                0.999
CPXPARAM_MIP_Limits_TreeMemory                   20000
Legacy callback                                  BbLUID
         Disabling repeat represolve because of lazy constraint/incumbent callback.
Tried aggregator 1 time.
MIP Presolve eliminated 116 rows and 0 columns.
MIP Presolve modified 126 coefficients.
Reduced MIP has 166 rows, 359 columns, and 1188 nonzeros.
Reduced MIP has 359 binaries, 0 generals, 0 SOSs, and 0 indicators.
Presolve time = 0.00 sec. (0.64 ticks)
Probing time = 0.00 sec. (0.67 ticks)
Clique table members: 166.
MIP emphasis: balance optimality and feasibility.
MIP search method: traditional branch-and-cut.
Parallel mode: none, using 1 thread.
Root relaxation solution time = 0.00 sec. (0.43 ticks)

        Nodes                                         Cuts/
   Node  Left     Objective  IInf  Best Integer    Best Bound    ItCnt     Gap         Variable B NodeID Parent  Depth

      0     0      128.0000     8                    126.0000       57         
      0     0      132.0000    20                     Cuts: 5       64         
      0     0      132.1111    26                    Cuts: 10       71         
      0     0      132.2000    22                     Cuts: 6       73         
      0     0      132.2500    20                     Cuts: 5       88         
      0     0      132.2857    23                 ZeroHalf: 3       94         
      0     0      132.4000    27                     Cuts: 6      106         
      0     0      132.4286    23                     Cuts: 3      110         
      0     0      132.4444    35                 ZeroHalf: 4      120         
      0     0      132.5000    18                 ZeroHalf: 1      122         
      0     0      132.5000    24                 ZeroHalf: 3      124         
      0     0      132.5000    21                     User: 1      127         
*     0+    0                          141.0000      132.5000             6.03%
      0     2      132.5000     8      141.0000      133.0000      127    5.67%                        0             0
Elapsed time = 0.04 sec. (41.01 ticks, tree = 0.01 MB, solutions = 1)
*     4     4      integral     0      140.0000      133.0000      150    5.00%
*    34     8      integral     0      139.0000      133.1667      457    4.20%
*    36     1      integral     0      134.0000      133.2857      477    0.53%

Clique cuts applied:  1
Zero-half cuts applied:  7
Gomory fractional cuts applied:  1
User cuts applied:  164

Root node processing (before b&c):
  Real time             =    0.04 sec. (41.02 ticks)
Sequential b&c:
  Real time             =    0.05 sec. (45.14 ticks)
                          ------------
Total (root+branch&cut) =    0.10 sec. (86.16 ticks)

