Version identifier: 22.1.0.0 | 2022-03-09 | 1a383f8ce
CPXPARAM_Preprocessing_Reduce                    1
CPXPARAM_Threads                                 1
CPXPARAM_Preprocessing_Reformulations            0
CPXPARAM_TimeLimit                               10800
CPXPARAM_MIP_Tolerances_AbsMIPGap                0.999
CPXPARAM_MIP_Limits_TreeMemory                   20000
Legacy callback                                  BbLUID
         Disabling repeat represolve because of lazy constraint/incumbent callback.
Tried aggregator 2 times.
MIP Presolve eliminated 1297 rows and 1 columns.
MIP Presolve modified 281 coefficients.
Aggregator did 9 substitutions.
Reduced MIP has 459 rows, 1378 columns, and 4455 nonzeros.
Reduced MIP has 1378 binaries, 0 generals, 0 SOSs, and 0 indicators.
Presolve time = 0.00 sec. (3.46 ticks)
Probing time = 0.00 sec. (2.19 ticks)
Clique table members: 459.
MIP emphasis: balance optimality and feasibility.
MIP search method: traditional branch-and-cut.
Parallel mode: none, using 1 thread.
Root relaxation solution time = 0.00 sec. (3.92 ticks)

        Nodes                                         Cuts/
   Node  Left     Objective  IInf  Best Integer    Best Bound    ItCnt     Gap         Variable B NodeID Parent  Depth

      0     0     1080.0000    10                   1066.0000      444         
      0     0     1082.0000    32                     Cuts: 6      458         
      0     0     1082.0000    31                    Cuts: 30      481         
      0     0     1082.0000    73                    User: 30      522         
      0     0     1082.0000    75                    Cuts: 24      554         
      0     0     1082.0000    12                     User: 4      572         
      0     0     1082.0000    54                    User: 23      599         
      0     0     1082.0000    20                     User: 6      599         
      0     0     1082.0000    48                     User: 6      615         
      0     0     1083.0000    35                     User: 4      669         
      0     0     1083.0000    35                    User: 16      681         
      0     0     1083.0000    30                     User: 9      714         
      0     0     1083.0000    65                    User: 19      737         
      0     0     1083.0000    30                     User: 6      737         
      0     0     1083.0000    30                    User: 14      774         
      0     0     1083.0000    18                     User: 7      797         
      0     0     1083.0000    12                     User: 5      797         
      0     0     1083.0000    44                     User: 5      825         
      0     0     1083.0000    20                     User: 5      840         
      0     0     1083.5000    98                     User: 6      953         
      0     0     1083.5000    94                    User: 10      979         
      0     0     1083.7500    96                     User: 5     1006         
      0     0     1083.7500    96                     User: 5     1016         
      0     0     1083.7778    98                     User: 6     1020         
      0     0     1083.8606   116                     User: 3     1050         
      0     0     1083.8606   110                     User: 2     1059         
      0     0     1083.8606   117                     User: 8     1071         
      0     0     1083.8606   104                     User: 5     1071         
      0     0     1083.8606   108                     User: 6     1078         
      0     0     1083.8606    93                     User: 6     1078         
      0     0     1083.8606   105                     User: 5     1086         
      0     0     1083.8606   109                     User: 4     1097         
      0     0     1083.8606   115                     User: 6     1101         
      0     0     1083.8606   112                     User: 1     1108         
      0     0     1083.8606   114                     User: 9     1135         
      0     0     1083.8606   112                     User: 5     1135         
      0     0     1083.8606   107                     User: 1     1145         
      0     0     1083.8606   129                    User: 10     1161         
      0     0     1083.8606   111                     User: 6     1161         
      0     0     1083.8606   139                     User: 2     1189         
      0     0     1083.8606   102                     User: 3     1189         
      0     0     1083.8606   123                     User: 1     1209         
      0     0     1083.8606   114                     User: 6     1218         
*     0+    0                         1632.0000     1083.8606            33.59%
      0     2     1083.8606   114     1632.0000     1083.9697     1218   33.58%                        0             0
Elapsed time = 0.46 sec. (816.91 ticks, tree = 0.01 MB, solutions = 1)
      7     9     1085.0000   131     1632.0000     1085.0000     1547   33.52%          x50_60 N      7      5      5
     29    31     1096.6667   104     1632.0000     1085.0000     2337   33.52%          x50_52 N     29     27     24
     69    71     1133.2500   106     1632.0000     1085.0000     2923   33.52%          x46_42 N     69     68     61
    100   100     1164.8000    87     1632.0000     1085.0000     3534   33.52%          x21_20 D    100     99     87
    131   126     1106.3333   116     1632.0000     1085.0000     4549   33.52%          x54_51 N    131    129     10
    166   161     1096.3000    76     1632.0000     1085.0000     5751   33.52%          x25_24 N    166    165     40
    214   207     1153.5000    41     1632.0000     1085.0000     6299   33.52%          x16_23 N    214    212     82
    242   230     1180.2857    17     1632.0000     1085.0000     6513   33.52%          x71_78 U    242    241    105
    272   254     1109.5000    55     1632.0000     1085.2500     7503   33.50%          x32_30 N    272    271     28
    397   363     1092.5000    96     1632.0000     1085.3333    10511   33.50%          x61_68 N    397    396     15
Elapsed time = 2.95 sec. (3980.85 ticks, tree = 0.59 MB, solutions = 1)
    581   542     1140.0000    21     1632.0000     1085.3333    12893   33.50%          x72_78 D    581    579     77
*   717   370      integral     0     1103.0000     1086.2500    14729    1.52%
    744   385     1097.2500    92     1103.0000     1086.3333    15097    1.51%          x50_43 D    744    743     30
    960   564     1098.1667    94     1103.0000     1086.8889    19035    1.46%          x21_23 D    960    959     43
   1147   716     1090.5833   104     1103.0000     1087.0571    23258    1.45%          x49_45 N   1147   1145      6
   1333   868        cutoff           1103.0000     1087.3333    26605    1.42%          x28_27 D   1333   1331     15
*  1448   751      integral     0     1099.0000     1087.6071    29057    1.04%
   1489   784     1096.2500    32     1099.0000     1087.8333    30348    1.02%          x80_74 U   1489   1488     42
   1680   938     1095.5000    36     1099.0000     1088.0000    34167    1.00%          x84_74 D   1680   1679     45
   1863  1086     1096.0000    57     1099.0000     1088.3571    38680    0.97%          x84_77 D   1863   1862     48
   2065  1230        cutoff           1099.0000     1088.8667    43028    0.92%          x62_61 N   2065   2063     34
   2291  1396     1096.0000    24     1099.0000     1089.0000    47905    0.91%          x72_78 N   2291   2290     40
Elapsed time = 11.82 sec. (13579.69 ticks, tree = 1.98 MB, solutions = 3)
*  2295  1169      integral     0     1098.0000     1089.0000    47940    0.82%
   2484  1287     1093.9167    97     1098.0000     1089.4167    52547    0.78%          x49_50 D   2484   2483     11
   2706  1452     1095.0000    28     1098.0000     1089.5000    57247    0.77%          x80_74 D   2706   2705     47
   2905  1599     1096.0000    69     1098.0000     1089.7500    61477    0.75%          x24_17 D   2905   2904     37
   3094  1727     1096.0000    63     1098.0000     1090.0000    65666    0.73%          x30_25 N   3094   3092     14
*  3168  1468      integral     0     1097.0000     1090.0000    66781    0.64%
   3306  1578     1093.0000    28     1097.0000     1090.0000    69440    0.64%          x78_84 D   3306   3305     28
*  3522  1211      integral     0     1096.0000     1090.1667    74090    0.53%
   3523  1211     1094.5000    83     1096.0000     1090.1667    74239    0.53%          x26_30 U   3523   1323      8
   3750  1329     1094.3333   106     1096.0000     1090.5000    79115    0.50%          x25_19 N   3750   3749     12
   3935  1368        cutoff           1096.0000     1091.0000    84309    0.46%          x84_69 D   3935   3934     52
   4169  1425        cutoff           1096.0000     1091.3333    89237    0.43%          x27_24 U   4169   4167     13
*  4306   944      integral     0     1095.0000     1091.3636    91539    0.33%
   4423   979        cutoff           1095.0000     1091.5000    93268    0.32%          x25_19 U   4423   2149     11
Elapsed time = 20.03 sec. (23167.83 ticks, tree = 1.48 MB, solutions = 7)
   4654  1035     1092.5000    30     1095.0000     1092.0000    97491    0.27%          x72_68 N   4654   4653     26
   4829  1177     1092.1429    50     1095.0000     1092.0000   101135    0.27%          x78_70 D   4829   4827     32
   5052  1354    infeasible           1095.0000     1092.0000   104658    0.27%          x81_83 D   5052   5051     44
*  5120   168      integral     0     1093.0000     1092.0000   105438    0.09%
   5229   170     1092.0000    32     1093.0000     1092.0000   108554    0.09%          x76_66 D   5229   5228     32
   5387   170        cutoff           1093.0000     1092.0000   113771    0.09%          x76_79 U   5387   5372     25
   5597   162        cutoff           1093.0000     1092.0000   118325    0.09%          x84_77 U   5597   5582     29
   5783   158        cutoff           1093.0000     1092.0000   123175    0.09%          x83_77 U   5783   5770     41
   5989   180     1092.0000    28     1093.0000     1092.0000   128483    0.09%          x84_83 N   5989   5906     24
   6292   207        cutoff           1093.0000     1092.0000   133004    0.09%          x77_71 U   6292   6226     26
   6575   231     1092.0000    22     1093.0000     1092.0000   137559    0.09%          x79_74 D   6575   6573     52
Elapsed time = 26.78 sec. (32753.20 ticks, tree = 0.42 MB, solutions = 8)
   6855   228     1092.0000    49     1093.0000     1092.0000   142341    0.09%          x84_73 N   6855   6816     23
   7124   226     1092.0000    27     1093.0000     1092.0000   147161    0.09%          x36_32 U   7124   7060     41
   7419   251     1092.0000    39     1093.0000     1092.0000   152138    0.09%          x35_32 U   7419   7403     31
   7757   298        cutoff           1093.0000     1092.0000   156837    0.09%          x76_72 U   7757   7729     33
   8081   310     1092.0000    41     1093.0000     1092.0000   162026    0.09%          x36_38 D   8081   8080     33
   8364   335        cutoff           1093.0000     1092.0000   167050    0.09%          x79_73 U   8364   8171     20
   8651   351     1092.0000    51     1093.0000     1092.0000   172101    0.09%          x76_77 D   8651   8650     40
   8940   375     1092.0000    43     1093.0000     1092.0000   177273    0.09%          x80_81 U   8940   8939     37
   9206   373     1092.0000    59     1093.0000     1092.0000   182324    0.09%          x84_71 U   9206   4308     12
   9495   393     1092.0000    24     1093.0000     1092.0000   186969    0.09%          x75_69 D   9495   9493     34
Elapsed time = 33.66 sec. (42330.48 ticks, tree = 0.65 MB, solutions = 8)
   9796   418        cutoff           1093.0000     1092.0000   191914    0.09%          x75_69 U   9796   9795     35
  10074   422     1092.0000    39     1093.0000     1092.0000   196395    0.09%          x62_65 U  10074  10072     30
  10301   419        cutoff           1093.0000     1092.0000   201452    0.09%          x76_72 D  10301  10300     30
  10633   395        cutoff           1093.0000     1092.0000   205700    0.09%          x31_30 U  10633   3549     10
  10861   395     1092.0000    32     1093.0000     1092.0000   210129    0.09%          x83_81 U  10861  10859     34
  11087   353        cutoff           1093.0000     1092.0000   215049    0.09%          x77_71 U  11087  11053     28
  11294   274        cutoff           1093.0000     1092.0000   219274    0.09%          x76_69 U  11294  11282     27
  11527   237     1092.0000    28     1093.0000     1092.0000   224205    0.09%          x75_83 D  11527  11526     29
  11756   212     1092.0000    28     1093.0000     1092.0000   228804    0.09%          x57_61 D  11756  11755     31
  12000   186        cutoff           1093.0000     1092.0000   233372    0.09%          x77_74 U  12000   6231     31
Elapsed time = 39.63 sec. (51920.80 ticks, tree = 0.38 MB, solutions = 8)
  12196   121        cutoff           1093.0000     1092.0000   238011    0.09%          x75_76 U  12196  12195     35
  12382    48        cutoff           1093.0000     1092.0000   242795    0.09%          x66_81 U  12382  12381     34

Gomory fractional cuts applied:  1
User cuts applied:  4565

Root node processing (before b&c):
  Real time             =    0.46 sec. (817.00 ticks)
Sequential b&c:
  Real time             =   40.40 sec. (53563.75 ticks)
                          ------------
Total (root+branch&cut) =   40.86 sec. (54380.74 ticks)

