Version identifier: 22.1.0.0 | 2022-03-09 | 1a383f8ce
CPXPARAM_Preprocessing_Reduce                    1
CPXPARAM_Threads                                 1
CPXPARAM_Preprocessing_Reformulations            0
CPXPARAM_TimeLimit                               10800
CPXPARAM_MIP_Tolerances_AbsMIPGap                0.999
CPXPARAM_MIP_Limits_TreeMemory                   20000
Legacy callback                                  BbLUID
         Disabling repeat represolve because of lazy constraint/incumbent callback.
Tried aggregator 1 time.
MIP Presolve eliminated 140 rows and 3 columns.
MIP Presolve modified 31 coefficients.
Reduced MIP has 65 rows, 226 columns, and 666 nonzeros.
Reduced MIP has 226 binaries, 0 generals, 0 SOSs, and 0 indicators.
Presolve time = 0.00 sec. (0.35 ticks)
Probing time = 0.00 sec. (0.36 ticks)
Clique table members: 65.
MIP emphasis: balance optimality and feasibility.
MIP search method: traditional branch-and-cut.
Parallel mode: none, using 1 thread.
Root relaxation solution time = 0.00 sec. (0.20 ticks)

        Nodes                                         Cuts/
   Node  Left     Objective  IInf  Best Integer    Best Bound    ItCnt     Gap         Variable B NodeID Parent  Depth

      0     0      181.0000    16                    180.0000       26         
      0     0      182.0000    16                     Cuts: 3       29         
      0     0      182.1667    34                    Cuts: 15       31         
      0     0      182.3333    18                 ZeroHalf: 4       33         
      0     0      182.6364    34                    Cuts: 14       49         
      0     0      182.6667    34                 ZeroHalf: 6       54         
      0     0      182.7000    40                ZeroHalf: 11       61         
      0     0      183.0000    12                 ZeroHalf: 7       73         
      0     0      183.0833    36                 ZeroHalf: 5       74         
      0     0      183.2500    28                    Cuts: 12       84         
      0     0      183.3636    41                ZeroHalf: 12       91         
      0     0      183.5000    12                ZeroHalf: 13       99         
      0     0      183.7600    34                     Cuts: 6      105         
      0     0      184.0000    24                    Cuts: 19      115         
      0     0      184.0000    35                     Cuts: 7      122         
*     0+    0                          201.0000      184.0000             8.46%
      0     2      184.0000    34      201.0000      184.0714      122    8.42%                        0             0
Elapsed time = 0.07 sec. (46.86 ticks, tree = 0.01 MB, solutions = 1)
*   193   100      integral     0      198.0000      187.0000     1305    5.56%
*   232    46      integral     0      192.0000      187.0000     1493    2.60%
*   233    20      integral     0      190.0000      187.0000     1511    1.58%

Zero-half cuts applied:  8
User cuts applied:  398

Root node processing (before b&c):
  Real time             =    0.07 sec. (46.81 ticks)
Sequential b&c:
  Real time             =    0.21 sec. (206.02 ticks)
                          ------------
Total (root+branch&cut) =    0.28 sec. (252.83 ticks)

