Version identifier: 22.1.0.0 | 2022-03-09 | 1a383f8ce
CPXPARAM_Preprocessing_Reduce                    1
CPXPARAM_Threads                                 1
CPXPARAM_Preprocessing_Reformulations            0
CPXPARAM_TimeLimit                               10800
CPXPARAM_MIP_Tolerances_AbsMIPGap                0.999
CPXPARAM_MIP_Limits_TreeMemory                   20000
Legacy callback                                  BbLUID
         Disabling repeat represolve because of lazy constraint/incumbent callback.
Tried aggregator 1 time.
MIP Presolve eliminated 567 rows and 0 columns.
MIP Presolve modified 147 coefficients.
Reduced MIP has 259 rows, 767 columns, and 2387 nonzeros.
Reduced MIP has 767 binaries, 0 generals, 0 SOSs, and 0 indicators.
Presolve time = 0.00 sec. (1.49 ticks)
Probing time = 0.00 sec. (1.36 ticks)
Clique table members: 259.
MIP emphasis: balance optimality and feasibility.
MIP search method: traditional branch-and-cut.
Parallel mode: none, using 1 thread.
Root relaxation solution time = 0.00 sec. (1.61 ticks)

        Nodes                                         Cuts/
   Node  Left     Objective  IInf  Best Integer    Best Bound    ItCnt     Gap         Variable B NodeID Parent  Depth

      0     0      810.0000    24                    803.0000      255         
      0     0      810.0000    11                     User: 2      269         
      0     0      810.0000    30                    Cuts: 10      274         
      0     0      810.0000    32                    Cuts: 17      284         
      0     0      814.0000    26                     User: 5      292         
      0     0      814.0000    16                     Cuts: 5      295         
      0     0      814.0000    18                     User: 1      300         
      0     0      814.0000    37                     User: 2      310         
      0     0      814.0000    26                     User: 5      310         
      0     0      814.0000    12                    User: 13      318         
      0     0      814.0000    22                     User: 4      355         
*     0+    0                          814.0000      814.0000             0.00%
      0     0        cutoff            814.0000      814.0000      355    0.00%                        0             0
Elapsed time = 0.08 sec. (95.76 ticks, tree = 0.01 MB, solutions = 1)

Zero-half cuts applied:  3
User cuts applied:  224

Root node processing (before b&c):
  Real time             =    0.08 sec. (95.79 ticks)
Sequential b&c:
  Real time             =    0.00 sec. (0.00 ticks)
                          ------------
Total (root+branch&cut) =    0.08 sec. (95.79 ticks)

