Version identifier: 22.1.0.0 | 2022-03-09 | 1a383f8ce
CPXPARAM_Preprocessing_Reduce                    1
CPXPARAM_Threads                                 1
CPXPARAM_Preprocessing_Reformulations            0
CPXPARAM_TimeLimit                               10800
CPXPARAM_MIP_Tolerances_AbsMIPGap                0.999
CPXPARAM_MIP_Limits_TreeMemory                   20000
Legacy callback                                  BbLUID
         Disabling repeat represolve because of lazy constraint/incumbent callback.
Tried aggregator 1 time.
MIP Presolve eliminated 218 rows and 0 columns.
MIP Presolve modified 78 coefficients.
Reduced MIP has 146 rows, 422 columns, and 1216 nonzeros.
Reduced MIP has 422 binaries, 0 generals, 0 SOSs, and 0 indicators.
Presolve time = 0.00 sec. (0.67 ticks)
Probing time = 0.00 sec. (0.66 ticks)
Clique table members: 146.
MIP emphasis: balance optimality and feasibility.
MIP search method: traditional branch-and-cut.
Parallel mode: none, using 1 thread.
Root relaxation solution time = 0.00 sec. (0.81 ticks)

        Nodes                                         Cuts/
   Node  Left     Objective  IInf  Best Integer    Best Bound    ItCnt     Gap         Variable B NodeID Parent  Depth

      0     0      421.0000    10                    403.0000      111         
      0     0      433.0000     8                     Cuts: 5      118         
      0     0      433.0000    18                    Cuts: 11      124         
      0     0      433.0000    22                     Cuts: 6      129         
*     0+    0                          433.0000      433.0000             0.00%
      0     0        cutoff            433.0000      433.0000      129    0.00%                        0             0
Elapsed time = 0.03 sec. (14.99 ticks, tree = 0.01 MB, solutions = 1)

Zero-half cuts applied:  9
Gomory fractional cuts applied:  3
User cuts applied:  90

Root node processing (before b&c):
  Real time             =    0.03 sec. (15.02 ticks)
Sequential b&c:
  Real time             =    0.00 sec. (0.00 ticks)
                          ------------
Total (root+branch&cut) =    0.03 sec. (15.02 ticks)

