Version identifier: 22.1.0.0 | 2022-03-09 | 1a383f8ce
CPXPARAM_Preprocessing_Reduce                    1
CPXPARAM_Threads                                 1
CPXPARAM_Preprocessing_Reformulations            0
CPXPARAM_TimeLimit                               10800
CPXPARAM_MIP_Tolerances_AbsMIPGap                0.999
CPXPARAM_MIP_Limits_TreeMemory                   20000
Legacy callback                                  BbLUID
         Disabling repeat represolve because of lazy constraint/incumbent callback.
Tried aggregator 1 time.
MIP Presolve eliminated 3853 rows and 0 columns.
MIP Presolve modified 447 coefficients.
Reduced MIP has 709 rows, 3137 columns, and 10078 nonzeros.
Reduced MIP has 3137 binaries, 0 generals, 0 SOSs, and 0 indicators.
Presolve time = 0.00 sec. (7.57 ticks)
Probing time = 0.00 sec. (2.66 ticks)
Clique table members: 709.
MIP emphasis: balance optimality and feasibility.
MIP search method: traditional branch-and-cut.
Parallel mode: none, using 1 thread.
Root relaxation solution time = 0.00 sec. (7.29 ticks)

        Nodes                                         Cuts/
   Node  Left     Objective  IInf  Best Integer    Best Bound    ItCnt     Gap         Variable B NodeID Parent  Depth

      0     0     1025.5000    42                   1008.0000      578         
      0     0     1027.0000    28                    Cuts: 33      610         
      0     0     1029.8182    58                    Cuts: 27      680         
      0     0     1030.1818    89                    Cuts: 39      705         
      0     0     1033.6667    56                    Cuts: 35      740         
      0     0     1035.1875   118                    Cuts: 30      752         
      0     0     1037.0000   106                    Cuts: 16      770         
      0     0     1040.0000    30                    Cuts: 18      802         
      0     0     1040.0000    53                    Cuts: 20      815         
      0     0     1041.0000    18                    Cuts: 11      818         
      0     0     1041.0000    20                    Cuts: 11      822         
      0     0     1041.0000    39                     User: 5      871         
      0     0     1045.0000    16                     User: 5      919         
      0     0     1045.0000    16                     User: 4      921         
      0     0     1047.5000    70                    User: 13      926         
      0     0     1047.7273    56                     User: 5      930         
      0     0     1047.7273    56                     User: 9      937         
      0     0     1047.7273    42                     User: 9      939         
      0     0     1047.7273    55                     User: 3      962         
      0     0     1047.7273    67                     User: 9      991         
      0     0     1047.7273    76                    User: 12     1015         
      0     0     1047.7273    50                     User: 7     1015         
      0     0     1047.7273    62                     User: 4     1055         
      0     0     1048.0200   105                     User: 7     1073         
      0     0     1048.9000   115                     User: 4     1093         
      0     0     1048.9000   119                     User: 1     1096         
      0     0     1048.9000   171                     User: 2     1130         
      0     0     1048.9000   108                     User: 7     1130         
      0     0     1048.9000   108                     User: 8     1135         
      0     0     1048.9000   103                     User: 8     1138         
      0     0     1049.1727    93                     User: 2     1143         
      0     0     1049.1727   102                     User: 4     1157         
      0     0     1049.2273   106                     User: 5     1171         
      0     0     1049.3316   107                     User: 3     1183         
      0     0     1049.3316   121                     User: 2     1197         
      0     0     1049.3316   129                     User: 6     1199         
      0     0     1049.3316   129                     User: 1     1209         
      0     0     1049.3316   137                     User: 3     1210         
      0     0     1049.3316   128                     User: 2     1216         
*     0+    0                         2338.0000     1049.3316            55.12%
      0     2     1049.5308   137     2338.0000     1049.9000     1216   55.09%                        0             0
Elapsed time = 0.76 sec. (1504.60 ticks, tree = 0.01 MB, solutions = 1)
      3     5     1054.9750   134     2338.0000     1053.1000     1441   54.96%        x108_106 N      3      2      3
     11    13     1073.8021   152     2338.0000     1053.3000     1952   54.95%        x109_123 N     11      8      7
     29    31     1086.4583   134     2338.0000     1053.3000     2840   54.95%        x101_103 N     29     27     19
     45    43     1103.7222   156     2338.0000     1053.3000     3599   54.95%        x106_107 N     45     44     29
     55    53     1116.7500    88     2338.0000     1053.3000     4162   54.95%          x73_64 N     55     54     35
     60    58     1120.2176   112     2338.0000     1053.3000     4590   54.95%          x80_69 N     60     59     38
     70    68     1123.4634    97     2338.0000     1053.3000     4995   54.95%          x67_59 N     70     69     45
     77    75     1124.5625   118     2338.0000     1053.3000     5641   54.95%          x90_94 N     77     75     50
     84    82     1145.3333    40     2338.0000     1053.3000     6020   54.95%          x51_55 U     84     83     55
    128   126     1179.4545    63     2338.0000     1053.3000     7722   54.95%         x100_99 D    128    127     86
Elapsed time = 3.23 sec. (4955.04 ticks, tree = 0.47 MB, solutions = 1)
    181   178     1208.3333    52     2338.0000     1053.3000     8707   54.95%          x91_90 N    181    180    129
    215   207     1087.0625    94     2338.0000     1053.7000    10997   54.93%          x62_74 N    215    213     18
    252   244     1102.8333   101     2338.0000     1053.7000    13258   54.93%          x85_82 N    252    250     45
    283   273     1118.6000    63     2338.0000     1053.7000    15385   54.93%          x58_76 N    283    281     67
    320   300     1078.4534   168     2338.0000     1055.0333    18022   54.87%        x119_114 D    320    319     12
    365   345     1128.1558   148     2338.0000     1055.0333    19435   54.87%        x125_121 N    365    364     57
    417   397     1079.5455   175     2338.0000     1059.1429    21124   54.70%        x114_116 N    417    416     19
    469   447     1140.3333   113     2338.0000     1059.1429    22879   54.70%         x100_96 N    469    468     70
*   509   392      integral     0     1177.0000     1059.1429    23429   10.01%
    526   408     1075.8889   183     1177.0000     1059.3000    24440   10.00%          x83_98 N    526    525     20
    576   458     1123.1000   118     1177.0000     1059.3000    26767   10.00%        x105_107 D    576    575     70
Elapsed time = 11.03 sec. (14651.02 ticks, tree = 1.32 MB, solutions = 2)
    622   499     1075.4444   135     1177.0000     1059.3381    28098   10.00%         x105_99 N    622    621      8
    666   543     1115.9167   128     1177.0000     1059.3381    31386   10.00%         x101_99 U    666    664     37
    709   582     1130.1721   180     1177.0000     1061.7273    33813    9.79%          x65_72 U    709    708     38
    765   632     1132.0000   133     1177.0000     1062.2500    36453    9.75%        x114_107 N    765    764     42
    823   682     1078.8500    91     1177.0000     1062.9444    38558    9.69%          x75_63 D    823    822     18
    862   712     1087.3860   149     1177.0000     1062.9444    39719    9.69%        x101_116 N    862    861      9
    910   760     1145.1212   130     1177.0000     1062.9444    41943    9.69%          x69_66 D    910    909     57
    960   801     1122.0000    96     1177.0000     1062.9667    44425    9.69%          x65_72 D    960    958     21
   1003   844     1155.0690    76     1177.0000     1062.9667    46276    9.69%          x71_69 N   1003   1001     53
   1039   871     1075.8462   154     1177.0000     1063.2222    48209    9.67%        x116_111 N   1039   1038     11
Elapsed time = 18.78 sec. (24353.34 ticks, tree = 4.04 MB, solutions = 2)
   1069   898     1072.6554   137     1177.0000     1063.2222    50836    9.67%         x105_99 U   1069    196      6
   1130   957     1170.3333   144     1177.0000     1063.2222    52885    9.67%          x78_76 N   1130   1129     67
   1168   986    infeasible           1177.0000     1063.5875    55948    9.64%        x111_110 N   1168   1167     24
   1207  1023     1109.0000    77     1177.0000     1064.1023    58492    9.59%          x85_82 D   1207   1205     32
*  1235   586      integral     0     1120.0000     1064.1023    59358    4.99%
   1237   585     1069.7444   151     1120.0000     1064.5741    60284    4.95%        x118_109 D   1237      7      6
*  1262   325      integral     0     1098.0000     1064.5741    62017    3.04%
   1280   342     1089.7105   148     1098.0000     1064.6111    63019    3.04%          x72_70 U   1280   1279     20
   1323   375     1093.0741   123     1098.0000     1064.9000    66226    3.01%          x62_74 U   1323   1321      9
   1361   399     1094.5833    99     1098.0000     1065.2069    69352    2.99%          x72_70 U   1361   1360     28
   1378   411     1081.8409   110     1098.0000     1065.4722    72182    2.96%          x68_66 D   1378   1377     19
   1405   433     1070.5126   187     1098.0000     1065.6593    74509    2.95%        x116_111 D   1405   1404     10
Elapsed time = 25.55 sec. (34068.30 ticks, tree = 1.59 MB, solutions = 4)
   1450   471     1092.4500   124     1098.0000     1065.9444    77684    2.92%        x109_108 D   1450   1449     23
   1508   521     1079.4464   182     1098.0000     1066.2778    79848    2.89%        x114_107 D   1508   1507      8
   1543   546     1078.3224   160     1098.0000     1066.3571    82788    2.88%        x107_105 U   1543   1540     12
   1568   571     1092.9615   132     1098.0000     1066.3571    85572    2.88%          x67_62 N   1568   1566     28
   1600   594     1085.0588   115     1098.0000     1066.5578    87504    2.86%        x105_106 D   1600   1599     17
   1635   622     1078.4861   185     1098.0000     1066.7000    90421    2.85%        x114_108 N   1635   1634     11
   1677   660     1095.5000    98     1098.0000     1066.7111    93592    2.85%          x68_69 N   1677   1676     28
   1719   685     1070.7222   158     1098.0000     1067.2789    96652    2.80%          x62_74 N   1719    514      9
   1760   722     1089.6023   161     1098.0000     1067.5000    99082    2.78%          x62_74 D   1760   1759     14
   1808   754     1076.5000   122     1098.0000     1067.7381   102165    2.76%          x71_64 D   1808   1807     13
Elapsed time = 32.35 sec. (44022.15 ticks, tree = 2.24 MB, solutions = 4)
   1851   790     1078.8109   180     1098.0000     1067.9444   105297    2.74%        x109_106 D   1851   1850      8
   1880   816     1089.2500    76     1098.0000     1067.9762   108567    2.73%          x62_74 N   1880   1879     19
   1910   833     1083.5897   160     1098.0000     1068.2000   111352    2.71%          x62_74 U   1910   1909     17
   1950   868     1090.5217    90     1098.0000     1068.4444   113945    2.69%          x88_73 D   1950   1949     33
   1990   898     1086.7500   116     1098.0000     1068.5000   116660    2.69%         x96_104 D   1990   1989     14
   2020   924     1089.5000    59     1098.0000     1068.5000   119260    2.69%         x100_96 N   2020   2019     25
*  2048   916      integral     0     1097.0000     1068.5000   119587    2.60%
   2077   940     1076.3061   171     1097.0000     1068.7000   121127    2.58%        x114_109 U   2077   1465     12
   2120   971     1083.7500   125     1097.0000     1068.7857   124297    2.57%        x114_112 D   2120   2119     12
   2154   995     1077.5000   114     1097.0000     1068.9444   127343    2.56%          x67_59 N   2154   2153      8
   2188  1025     1088.7121   136     1097.0000     1068.9444   130248    2.56%        x116_111 D   2188   2187     15
Elapsed time = 38.68 sec. (53788.47 ticks, tree = 3.09 MB, solutions = 5)
   2229  1052     1080.1524   183     1097.0000     1069.3095   133317    2.52%        x116_111 D   2229   2228     16
   2277  1096     1090.0000    38     1097.0000     1069.3812   136038    2.52%          x64_61 N   2277   2276     32
*  2284   728      integral     0     1090.0000     1069.3812   136085    1.89%
   2313   748     1078.0588   115     1090.0000     1069.5257   138531    1.88%        x101_103 D   2313   2312     15
   2345   768     1078.6071   116     1090.0000     1069.7222   141504    1.86%          x62_74 N   2345   2344     17
   2387   803     1081.3333   125     1090.0000     1069.8588   144091    1.85%          x68_69 D   2387   2386     20
   2431   837     1088.8000    97     1090.0000     1069.9444   146325    1.84%          x85_90 N   2431   2430     42
   2462   857     1075.2121   171     1090.0000     1070.0000   149951    1.83%        x116_111 N   2462   1404     10
   2497   881     1072.2500   104     1090.0000     1070.1111   153200    1.82%          x71_64 N   2497   2496      9
   2539   912     1081.6905   156     1090.0000     1070.1538   155617    1.82%        x108_107 N   2539    677      7
   2570   929     1081.8952   123     1090.0000     1070.2778   158739    1.81%        x114_108 N   2570   2569     13
Elapsed time = 45.06 sec. (63672.10 ticks, tree = 3.19 MB, solutions = 6)
   2595   938     1088.8068   173     1090.0000     1070.5622   161418    1.78%         x96_104 N   2595    192      3
   2627   955     1084.5000   103     1090.0000     1070.7500   163878    1.77%        x114_107 N   2627   1719     10
   2656   975     1087.0000    60     1090.0000     1070.7500   166351    1.77%          x83_73 D   2656   2655     28
   2690   998     1078.0000   119     1090.0000     1070.8333   169165    1.76%          x72_64 N   2690   2689     17
*  2708   957      integral     0     1089.0000     1070.8333   169847    1.67%
   2731   974     1080.9677   110     1089.0000     1070.9444   171725    1.66%          x65_72 U   2731   2730     23
   2768   998     1079.6667   143     1089.0000     1071.0897   174613    1.64%          x71_64 U   2768   2767     18
   2798  1019     1087.8056   147     1089.0000     1071.1250   177314    1.64%          x73_69 D   2798   2796     24
   2842  1046     1073.4839   120     1089.0000     1071.4444   179972    1.61%          x71_64 U   2842   2496      9
   2877  1066     1075.6667   128     1089.0000     1071.5467   182162    1.60%          x68_62 N   2877   2876     11
   2917  1098     1084.4167   121     1089.0000     1071.6111   184863    1.60%          x78_68 D   2917   2916     25
Elapsed time = 51.02 sec. (73408.64 ticks, tree = 3.76 MB, solutions = 7)
   2962  1124     1083.3750   169     1089.0000     1071.9444   187671    1.57%        x108_107 N   2962   1468     15
   2999  1139     1075.0588   123     1089.0000     1072.1000   189689    1.55%         x96_104 N   2999     13      9
   3028  1150     1076.2833   126     1089.0000     1072.3000   192601    1.53%          x73_64 N   3028   2497     10
   3049  1164     1087.9500   149     1089.0000     1072.3333   195288    1.53%        x109_114 N   3049   3048     17
   3063  1173     1082.8261    96     1089.0000     1072.4630   199007    1.52%          x68_64 N   3063   3061     12
   3098  1183        cutoff           1089.0000     1072.5833   201853    1.51%        x114_107 U   3098   3097     13
   3129  1206     1086.5000   153     1089.0000     1072.6250   204454    1.50%          x67_62 N   3129   3128     23
   3147  1211     1086.8333   112     1089.0000     1072.7963   207147    1.49%          x65_62 N   3147   3146     16
   3190  1227     1077.0000   112     1089.0000     1073.0000   209720    1.47%          x64_67 D   3190   3189     13
   3230  1256     1082.5455   140     1089.0000     1073.0714   212204    1.46%          x67_59 N   3230   2779     11
Elapsed time = 57.02 sec. (83396.16 ticks, tree = 5.56 MB, solutions = 7)
   3270  1278     1083.7222   181     1089.0000     1073.2500   214691    1.45%        x105_107 D   3270   3269     21
   3308  1302     1083.5000   128     1089.0000     1073.3333   217508    1.44%          x73_64 N   3308   3307     19
   3337  1316     1084.3750   128     1089.0000     1073.5000   220422    1.42%          x67_59 N   3337   3336     19
   3379  1347        cutoff           1089.0000     1073.5217   222920    1.42%          x59_60 N   3379   3378     28
   3410  1361        cutoff           1089.0000     1073.6250   225765    1.41%          x76_75 D   3410   3407     20
   3449  1383     1080.7763    91     1089.0000     1073.8077   228620    1.40%          x69_67 U   3449   3448     14
   3489  1410     1084.0000   127     1089.0000     1073.8485   231013    1.39%          x71_62 N   3489   3488     18
*  3504  1199      integral     0     1087.0000     1073.8485   231163    1.21%
   3532  1210     1078.8571   156     1087.0000     1073.8889   233414    1.21%          x68_62 D   3532   3531     18
   3578  1240     1077.3750   110     1087.0000     1074.0000   235500    1.20%        x106_103 N   3578   3577     10
   3735  1326     1083.6000   110     1087.0000     1074.2000   245280    1.18%          x65_72 N   3735   3733     33
Elapsed time = 64.86 sec. (96032.63 ticks, tree = 5.48 MB, solutions = 8)
*  3827  1270      integral     0     1086.0000     1074.3000   251920    1.08%
   3872  1294     1078.5556   134     1086.0000     1074.4348   255244    1.06%          x72_70 N   3872   3871     16
*  3952  1039      integral     0     1084.0000     1074.5000   259753    0.88%
   4025  1067     1079.7568   150     1084.0000     1074.8000   265093    0.85%          x69_67 N   4025   1436     10
   4160  1117     1077.6765   130     1084.0000     1075.4335   274883    0.79%          x68_62 N   4160   4159     16
   4281  1150     1081.5313   111     1084.0000     1075.8000   284672    0.76%          x76_72 D   4281   4280     13
   4406  1185     1081.5000   108     1084.0000     1076.0000   294649    0.74%          x63_64 N   4406   4405     22
   4555  1243     1082.1905   119     1084.0000     1076.3061   304193    0.71%          x76_75 N   4555   4554     16
   4677  1273        cutoff           1084.0000     1076.5000   313708    0.69%          x68_64 U   4677   3526     13
   4780  1281     1081.5000    94     1084.0000     1076.7500   323910    0.67%          x76_72 N   4780   4779     15
   4904  1303     1080.5714   127     1084.0000     1077.0000   333527    0.65%          x68_64 N   4904   2498     11
   5022  1304        cutoff           1084.0000     1077.2500   342780    0.62%          x72_70 D   5022   5020     17
Elapsed time = 86.25 sec. (134514.09 ticks, tree = 5.52 MB, solutions = 10)
   5153  1308     1082.5882   118     1084.0000     1077.5238   351675    0.60%          x65_59 N   5153   5152     20
   5276  1321     1082.2500   114     1084.0000     1077.7222   361143    0.58%          x71_62 N   5276   5275     14
   5423  1365        cutoff           1084.0000     1077.8636   370266    0.57%          x71_64 D   5423   5422     17
   5581  1388        cutoff           1084.0000     1078.1174   379433    0.54%          x75_63 U   5581    822     18
   5728  1375        cutoff           1084.0000     1078.4286   388880    0.51%        x101_116 N   5728   3118     13
   5870  1367     1081.0000    97     1084.0000     1078.5714   397622    0.50%          x76_72 N   5870   5869     15
   6004  1384     1081.6000    54     1084.0000     1078.7083   406002    0.49%          x66_64 D   6004   6003     20
   6152  1365     1081.9800   122     1084.0000     1078.9783   415079    0.46%          x59_74 N   6152   4833     16
   6271  1345        cutoff           1084.0000     1079.0789   424757    0.45%          x72_70 D   6271   5559     22
   6414  1323     1081.1944   122     1084.0000     1079.3077   433986    0.43%          x62_74 N   6414   4335     14
Elapsed time = 106.34 sec. (173068.72 ticks, tree = 5.34 MB, solutions = 10)
   6551  1293     1081.6571   141     1084.0000     1079.5000   442944    0.42%          x76_72 N   6551   6550     17
   6703  1258     1082.1900    90     1084.0000     1079.7188   451905    0.39%          x78_68 N   6703   2768     19
   6858  1208        cutoff           1084.0000     1079.9444   460095    0.37%          x68_62 U   6858   6856     15
*  6880+  897                         1083.0000     1080.0000             0.28%
   7031   788        cutoff           1083.0000     1080.2500   467619    0.25%          x73_69 D   7031   7030     20
   7226   696        cutoff           1083.0000     1080.5000   473680    0.23%        x108_105 U   7226   3922     16
   7460   511        cutoff           1083.0000     1081.0000   479355    0.18%          x69_67 D   7460   3731     31
   7714   310        cutoff           1083.0000     1081.4167   484237    0.15%          x68_64 U   7714   4789     19
   7994    38        cutoff           1083.0000     1082.0000   486665    0.09%          x71_64 U   7994   2051     10

Zero-half cuts applied:  11
Gomory fractional cuts applied:  1
User cuts applied:  7427

Root node processing (before b&c):
  Real time             =    0.76 sec. (1504.85 ticks)
Sequential b&c:
  Real time             =  118.35 sec. (202794.22 ticks)
                          ------------
Total (root+branch&cut) =  119.11 sec. (204299.07 ticks)

