Version identifier: 22.1.0.0 | 2022-03-09 | 1a383f8ce
CPXPARAM_Preprocessing_Reduce                    1
CPXPARAM_Threads                                 1
CPXPARAM_Preprocessing_Reformulations            0
CPXPARAM_TimeLimit                               10800
CPXPARAM_MIP_Tolerances_AbsMIPGap                0.999
CPXPARAM_MIP_Limits_TreeMemory                   20000
Legacy callback                                  BbLUID
         Disabling repeat represolve because of lazy constraint/incumbent callback.
Tried aggregator 1 time.
MIP Presolve eliminated 2732 rows and 0 columns.
MIP Presolve modified 591 coefficients.
Reduced MIP has 939 rows, 2881 columns, and 9421 nonzeros.
Reduced MIP has 2881 binaries, 0 generals, 0 SOSs, and 0 indicators.
Presolve time = 0.00 sec. (6.30 ticks)
Probing time = 0.00 sec. (2.46 ticks)
Clique table members: 939.
MIP emphasis: balance optimality and feasibility.
MIP search method: traditional branch-and-cut.
Parallel mode: none, using 1 thread.
Root relaxation solution time = 0.00 sec. (7.49 ticks)

        Nodes                                         Cuts/
   Node  Left     Objective  IInf  Best Integer    Best Bound    ItCnt     Gap         Variable B NodeID Parent  Depth

      0     0     1710.0000    34                   1710.0000      700         
      0     0     1782.0000    36                    User: 75      779         
      0     0     1783.5000    77                    Cuts: 34      814         
      0     0     1784.0000    37                    Cuts: 13      849         
      0     0     1784.0000    22                    Cuts: 10      861         
      0     0     1784.0000    18                    Cuts: 18      870         
      0     0     1784.0000    20                     User: 4      878         
      0     0     1784.5000    28                     User: 3      887         
      0     0     1785.0000    44                    User: 12      899         
      0     0     1785.0000    48                     User: 8      902         
      0     0     1785.6667    80                     User: 5      902         
      0     0     1788.0000    79                    User: 12      927         
      0     0     1788.0000    80                     User: 7      943         
      0     0     1788.0000    84                    User: 11      950         
      0     0     1788.0000    62                     User: 9      950         
      0     0     1788.0000    64                     User: 3      958         
      0     0     1788.0000    70                     User: 3      989         
      0     0     1788.0000    58                    User: 10      989         
      0     0     1788.0000    88                    User: 10     1007         
      0     0     1788.0000    60                     User: 4     1007         
      0     0     1788.0000    60                    User: 13     1009         
      0     0     1788.0000    60                     User: 3     1012         
      0     0     1788.5000    14                     User: 1     1029         
      0     0     1788.5000    74                     User: 5     1039         
      0     0     1788.5000    23                     User: 3     1051         
      0     0     1788.5000    80                     User: 4     1056         
      0     0     1788.5000    16                    User: 15     1062         
*     0+    0                         2990.0000     1788.5000            40.18%
      0     2     1788.5000    90     2990.0000     1790.0000     1062   40.13%                        0             0
Elapsed time = 0.63 sec. (713.87 ticks, tree = 0.01 MB, solutions = 1)
      3     5     1807.7333   117     2990.0000     1790.0816     1344   40.13%        x155_153 N      3      1      2
     19    21     1797.5000    30     2990.0000     1790.3571     1968   40.12%        x133_141 N     19     17     13
     38    40     1791.7840   102     2990.0000     1790.3571     2614   40.12%        x140_145 N     38     37     29
     65    67     1792.8000    28     2990.0000     1790.3571     2850   40.12%        x149_163 D     65     64     56
     94    96     1806.0000    48     2990.0000     1790.3571     3166   40.12%        x152_153 D     94     92     82
    120   120     1846.4000    43     2990.0000     1790.3571     3567   40.12%        x140_135 N    120    119    103
    150   144     1792.2857    63     2990.0000     1790.4000     4142   40.12%        x138_139 D    150    149     22
    180   174     1795.0833    46     2990.0000     1790.4000     4554   40.12%        x145_150 D    180    179     51
    224   218     1807.5556    66     2990.0000     1790.4000     4970   40.12%        x136_138 U    224    222     91
    339   314     1850.6667    34     2990.0000     1790.6604     7866   40.11%        x144_148 N    339    338     51
Elapsed time = 4.87 sec. (3939.59 ticks, tree = 0.58 MB, solutions = 1)
    450   409     1827.2800    90     2990.0000     1791.0000    11693   40.10%        x129_139 D    450    448     37
    545   497     1838.0000    82     2990.0000     1791.1111    13622   40.10%          x63_61 N    545    544     80
    652   599     1882.0000    73     2990.0000     1791.3333    15207   40.09%        x149_163 D    652    651     81
    793   728     1836.9000    81     2990.0000     1791.3636    17784   40.09%        x140_146 N    793    792     38
    963   884     1827.3000   110     2990.0000     1791.4769    21339   40.08%        x137_130 D    963    962     30
   1075   993     1849.8333    56     2990.0000     1791.5294    23487   40.08%          x63_60 N   1075   1074     92
   1222  1134     1879.3750    61     2990.0000     1791.5833    25229   40.08%        x158_164 N   1222   1221    139
   1292  1199     1851.0000   112     2990.0000     1791.5833    28095   40.08%        x160_165 N   1292   1290     48
   1379  1280     1832.0000    91     2990.0000     1791.6250    31038   40.08%          x57_55 N   1379   1378     44
   1509  1397     1830.5714   104     2990.0000     1791.7500    33350   40.08%        x135_130 D   1509   1508     36
Elapsed time = 19.08 sec. (13535.89 ticks, tree = 2.63 MB, solutions = 1)
   1649  1527     1807.5455    59     2990.0000     1791.7857    36210   40.07%        x136_146 N   1649   1647     17
   1819  1689     1892.2500   113     2990.0000     1791.8298    40054   40.07%        x150_140 N   1819   1818    112
   1972  1830     1798.4231    93     2990.0000     1791.9000    43272   40.07%        x133_128 N   1972   1971     18
   2088  1942     1815.2473   180     2990.0000     1791.9000    46523   40.07%          x60_64 U   2088   2087     44
   2201  2053     1910.3000    77     2990.0000     1791.9000    48813   40.07%        x146_153 D   2201   2199    135
   2384  2225     1830.9286    69     2990.0000     1792.0000    51929   40.07%        x136_135 N   2384   2383     48
   2572  2408     1857.0000   105     2990.0000     1792.0805    54360   40.06%        x119_127 D   2572   2571    127
   2712  2537     1905.5000    61     2990.0000     1792.2000    57500   40.06%        x137_152 N   2712   2710     68
*  2852   337      integral     0     1801.0000     1792.2727    60338    0.48%          x16_20 U   2852   2851     14
   3000   420     1797.7500    66     1801.0000     1793.0000    64374    0.44%        x138_133 U   3000    133      7
Elapsed time = 34.70 sec. (23140.51 ticks, tree = 0.94 MB, solutions = 2)
   3130   491     1797.9000    73     1801.0000     1793.2500    67446    0.43%        x134_132 D   3130   3129     20
   3260   553     1794.5714    98     1801.0000     1793.5000    71578    0.42%        x146_151 D   3260   3259     10
   3389   604     1797.8000    48     1801.0000     1794.0000    74864    0.39%        x146_151 N   3389   3388     13
   3520   652     1795.0667    82     1801.0000     1794.1923    78701    0.38%        x143_138 D   3520   3519     21
   3676   737     1797.6563   102     1801.0000     1794.3333    81806    0.37%        x147_141 D   3676   3675     19
   3803   776     1798.2778   102     1801.0000     1794.5000    85240    0.36%          x59_63 D   3803   3802     19
   3920   797     1797.5000   112     1801.0000     1794.6000    88679    0.36%        x141_148 D   3920   3919     18
   4058   829     1799.0000    84     1801.0000     1794.7901    92154    0.34%        x150_153 U   4058   3261     12
   4180   833        cutoff           1801.0000     1795.0000    96304    0.33%        x134_152 D   4180   4179     14
   4321   869     1798.0833   106     1801.0000     1795.0833    99590    0.33%        x132_152 D   4321   4320     16
Elapsed time = 45.89 sec. (32728.36 ticks, tree = 1.89 MB, solutions = 2)
   4442   860        cutoff           1801.0000     1795.3333   102895    0.31%        x134_139 U   4442   4440     15
   4574   870     1798.6636   110     1801.0000     1795.5500   106222    0.30%        x148_144 D   4574   4573     27
   4718   906     1799.0000    72     1801.0000     1795.8095   109043    0.29%        x153_148 D   4718   4717     34
   4845   941     1798.0000    32     1801.0000     1796.0000   111971    0.28%        x121_129 N   4845   4844     21
*  4889   803      integral     0     1800.0000     1796.0000   112912    0.22%
*  4947   570      integral     0     1799.0000     1796.0000   114217    0.17%
   4990   572        cutoff           1799.0000     1796.0000   115178    0.17%        x152_147 D   4990   4989     17
   5136   492     1797.7500   106     1799.0000     1796.3889   117492    0.15%        x152_153 N   5136   4192     21
   5275   402        cutoff           1799.0000     1796.7083   119832    0.13%        x146_153 U   5275   4787     16
   5439   280     1797.0952   106     1799.0000     1797.0952   121716    0.11%        x136_146 N   5439   4214     19
   5631   107        cutoff           1799.0000     1797.6941   122885    0.07%        x132_151 U   5631   3447     19

Clique cuts applied:  1
Cover cuts applied:  6
Mixed integer rounding cuts applied:  1
Zero-half cuts applied:  5
User cuts applied:  5238

Root node processing (before b&c):
  Real time             =    0.63 sec. (713.97 ticks)
Sequential b&c:
  Real time             =   53.00 sec. (41173.28 ticks)
                          ------------
Total (root+branch&cut) =   53.63 sec. (41887.25 ticks)

