Version identifier: 22.1.0.0 | 2022-03-09 | 1a383f8ce
CPXPARAM_Preprocessing_Reduce                    1
CPXPARAM_Threads                                 1
CPXPARAM_Preprocessing_Reformulations            0
CPXPARAM_TimeLimit                               10800
CPXPARAM_MIP_Tolerances_AbsMIPGap                0.999
CPXPARAM_MIP_Limits_TreeMemory                   20000
Legacy callback                                  BbLUID
         Disabling repeat represolve because of lazy constraint/incumbent callback.
Tried aggregator 2 times.
MIP Presolve eliminated 979 rows and 0 columns.
MIP Presolve modified 233 coefficients.
Aggregator did 4 substitutions.
Reduced MIP has 496 rows, 1619 columns, and 4522 nonzeros.
Reduced MIP has 1619 binaries, 0 generals, 0 SOSs, and 0 indicators.
Presolve time = 0.00 sec. (3.00 ticks)
Probing time = 0.00 sec. (2.21 ticks)
Clique table members: 496.
MIP emphasis: balance optimality and feasibility.
MIP search method: traditional branch-and-cut.
Parallel mode: none, using 1 thread.
Root relaxation solution time = 0.00 sec. (4.02 ticks)

        Nodes                                         Cuts/
   Node  Left     Objective  IInf  Best Integer    Best Bound    ItCnt     Gap         Variable B NodeID Parent  Depth

      0     0     1272.9000    62                   1272.9000      427         
      0     0     1301.5000    56                    Cuts: 83      491         
      0     0     1318.8333    68                    Cuts: 26      526         
      0     0     1321.9000    74                     Cuts: 9      542         
      0     0     1322.5000    39                    Cuts: 19      554         
      0     0     1323.0000    56                    Cuts: 13      568         
      0     0     1323.3333    32                    Cuts: 18      575         
      0     0     1324.9231    83                    Cuts: 22      607         
      0     0     1325.5625    85                    Cuts: 14      634         
      0     0     1326.0000    52                    Cuts: 11      641         
      0     0     1326.8750    90                    Cuts: 24      666         
      0     0     1328.0909   104                    Cuts: 19      690         
      0     0     1329.0870   122                    Cuts: 29      722         
      0     0     1329.8889   126                    Cuts: 21      758         
      0     0     1330.5500    75                    Cuts: 21      788         
      0     0     1330.6667    54                    Cuts: 31      801         
      0     0     1330.7727    81                    Cuts: 22      815         
      0     0     1330.8718    98                    Cuts: 11      854         
      0     0     1330.8718    92                     User: 4      860         
      0     0     1330.8718    97                     User: 5      871         
      0     0     1330.8718    87                     User: 7      874         
      0     0     1330.8718    83                     User: 8      878         
      0     0     1330.8718    92                     User: 2      894         
      0     0     1330.8718    95                     User: 9      901         
      0     0     1330.8718    91                    User: 10      901         
      0     0     1330.8718    93                     User: 4      906         
      0     0     1330.8718    80                     User: 2      911         
      0     0     1330.8718    80                    User: 10      912         
      0     0     1331.8718    80                     User: 2      915         
      0     0     1331.8718    88                     User: 1      926         
      0     0     1335.3718    95                     User: 1      934         
      0     0     1335.3718    94                     User: 6      935         
      0     0     1335.3718    94                     User: 1      957         
      0     0     1335.4194   134                     User: 1      960         
      0     0     1335.4218   133                     User: 2      961         
*     0+    0                         2326.0000     1335.4218            42.59%
      0     2     1335.6953   130     2326.0000     1336.1953      961   42.55%                        0             0
Elapsed time = 0.44 sec. (588.83 ticks, tree = 0.01 MB, solutions = 1)
      5     7     1354.6500   105     2326.0000     1341.7167     1331   42.32%          x83_79 N      5      2      3
     30    32     1370.3833    60     2326.0000     1345.8278     2147   42.14%          x79_80 U     30     29     21
     72    63     1351.8370   117     2326.0000     1345.9167     2753   42.14%          x66_64 N     72     71      5
    115    99     1355.0870    85     2326.0000     1347.2679     4046   42.08%          x71_66 N    115      3      3
    180   150     1370.3333    70     2326.0000     1347.3357     4793   42.07%        x123_119 D    180    179     17
    248   209     1355.0870    83     2326.0000     1348.0476     5733   42.04%          x67_63 N    248    246      5
    326   280     1355.2167   114     2326.0000     1348.3333     6894   42.03%        x122_127 D    326    325     27
    382   332    infeasible           2326.0000     1348.3333     7183   42.03%          x78_85 U    382    381     82
    469   408     1365.5183   170     2326.0000     1348.4554     8180   42.03%          x26_23 D    469    468      3
*   619   198      integral     0     1364.0000     1348.8203    10298    1.11%
*   841   226      integral     0     1360.0000     1351.3333    13555    0.64%
    861   240     1354.0000    43     1360.0000     1351.7500    13793    0.61%        x111_116 D    861    860     23
Elapsed time = 5.94 sec. (3780.65 ticks, tree = 0.28 MB, solutions = 3)
   1333   276        cutoff           1360.0000     1355.1250    19752    0.36%        x119_126 U   1333   1058     20

Clique cuts applied:  4
Cover cuts applied:  1
Mixed integer rounding cuts applied:  1
Zero-half cuts applied:  48
Lift and project cuts applied:  1
Gomory fractional cuts applied:  2
User cuts applied:  1578

Root node processing (before b&c):
  Real time             =    0.44 sec. (588.85 ticks)
Sequential b&c:
  Real time             =    7.96 sec. (4938.34 ticks)
                          ------------
Total (root+branch&cut) =    8.40 sec. (5527.19 ticks)

