Version identifier: 22.1.0.0 | 2022-03-09 | 1a383f8ce
CPXPARAM_Preprocessing_Reduce                    1
CPXPARAM_Threads                                 1
CPXPARAM_Preprocessing_Reformulations            0
CPXPARAM_TimeLimit                               10800
CPXPARAM_MIP_Tolerances_AbsMIPGap                0.999
CPXPARAM_MIP_Limits_TreeMemory                   20000
Legacy callback                                  BbLUID
         Disabling repeat represolve because of lazy constraint/incumbent callback.
Tried aggregator 1 time.
MIP Presolve eliminated 3151 rows and 0 columns.
MIP Presolve modified 690 coefficients.
Reduced MIP has 1095 rows, 3347 columns, and 10963 nonzeros.
Reduced MIP has 3347 binaries, 0 generals, 0 SOSs, and 0 indicators.
Presolve time = 0.00 sec. (7.30 ticks)
Probing time = 0.00 sec. (2.57 ticks)
Clique table members: 1095.
MIP emphasis: balance optimality and feasibility.
MIP search method: traditional branch-and-cut.
Parallel mode: none, using 1 thread.
Root relaxation solution time = 0.00 sec. (10.17 ticks)

        Nodes                                         Cuts/
   Node  Left     Objective  IInf  Best Integer    Best Bound    ItCnt     Gap         Variable B NodeID Parent  Depth

      0     0     2080.7500    43                   2080.7500      809         
      0     0     2141.0000    14                    Cuts: 81      914         
      0     0     2150.5000    60                    Cuts: 72      980         
      0     0     2151.0000    56                    Cuts: 24     1024         
      0     0     2151.0000    43                    Cuts: 24     1049         
      0     0     2151.0000    32                    Cuts: 35     1068         
      0     0     2151.0000    11                    Cuts: 10     1070         
      0     0     2153.0000    16                    Cuts: 12     1097         
      0     0     2153.0000    16                    Cuts: 21     1104         
      0     0     2154.5000    66                    Cuts: 11     1112         
      0     0     2155.0000   111                    Cuts: 17     1151         
      0     0     2156.5000    52                    Cuts: 28     1184         
      0     0     2156.6000    72                     User: 5     1196         
      0     0     2156.6000    82                     User: 4     1197         
      0     0     2157.0000    56                     User: 6     1206         
      0     0     2157.0000    56                     User: 9     1207         
      0     0     2157.0000    45                     User: 8     1207         
      0     0     2158.0000    99                     User: 3     1208         
      0     0     2158.0000   103                     User: 3     1211         
      0     0     2158.5000   117                    User: 13     1221         
      0     0     2158.5000   117                     User: 5     1222         
      0     0     2159.2500   149                     User: 5     1245         
      0     0     2160.2500   163                     User: 3     1276         
      0     0     2160.2500   211                    User: 15     1290         
      0     0     2160.2500   153                    User: 10     1330         
      0     0     2160.2500   160                     User: 6     1337         
      0     0     2160.2500   120                     User: 3     1337         
      0     0     2160.2500   134                    User: 14     1367         
      0     0     2160.2500   119                     User: 8     1367         
      0     0     2160.2500   119                    User: 13     1371         
      0     0     2160.2500   145                     User: 4     1376         
      0     0     2160.2500   126                     User: 3     1385         
      0     0     2160.2500   158                    User: 10     1392         
      0     0     2160.2500   142                     User: 9     1393         
      0     0     2160.3333   126                     User: 3     1395         
      0     0     2160.3333   141                     User: 3     1425         
      0     0     2160.3333   126                    User: 23     1466         
      0     0     2160.3333   163                    User: 15     1508         
      0     0     2160.3333   127                    User: 23     1531         
      0     0     2160.3333   126                    User: 20     1552         
      0     0     2160.3333   152                     User: 4     1568         
      0     0     2160.3333   118                     User: 3     1569         
      0     0     2160.3333   104                     User: 3     1573         
      0     0     2160.8333   118                     User: 2     1588         
      0     0     2160.8333   130                     User: 8     1595         
      0     0     2160.8333   128                     User: 4     1599         
      0     0     2160.8333   132                     User: 5     1601         
*     0+    0                         3567.0000     2160.8333            39.42%
      0     2     2160.8333   132     3567.0000     2161.3333     1601   39.41%                        0             0
Elapsed time = 1.07 sec. (1574.05 ticks, tree = 0.01 MB, solutions = 1)
      2     4     2163.7333   166     3567.0000     2162.5000     1725   39.37%          x61_59 N      2      0      1
      9    11     2172.7000   116     3567.0000     2163.0000     2164   39.36%        x184_175 N      9      7      6
     12    14     2195.8220   170     3567.0000     2163.0000     2704   39.36%        x155_153 N     12     10      7
     23    25     2180.5500    64     3567.0000     2163.0000     2936   39.36%        x128_124 U     23     21     16
     37    39     2183.2895    84     3567.0000     2163.0000     3391   39.36%        x149_153 N     37     35     26
     49    51     2213.0000    29     3567.0000     2163.0000     3659   39.36%        x149_141 N     49     47     36
     70    72     2191.0000    68     3567.0000     2163.0000     3883   39.36%        x142_133 N     70     69     56
     88    88    infeasible           3567.0000     2163.0000     4336   39.36%        x132_129 N     88     87     69
     95    93     2190.9167   147     3567.0000     2163.9000     5013   39.34%        x179_173 N     95     93      6
    135   133     2228.0000   121     3567.0000     2163.9000     7249   39.34%        x162_173 N    135    132     35
Elapsed time = 5.07 sec. (4879.47 ticks, tree = 0.38 MB, solutions = 1)
    200   192     2192.7020   215     3567.0000     2164.4000     8897   39.32%        x149_153 D    200    199     14
    251   242     2222.1667   125     3567.0000     2164.4000     9787   39.32%        x128_124 U    251    250     65
    311   302     2248.0000    88     3567.0000     2164.4000    10631   39.32%        x123_142 D    311    310    125
    375   361     2195.6000   106     3567.0000     2166.7333    11439   39.26%          x64_56 D    375    374     23
    490   476     2288.0000    57     3567.0000     2166.7333    12885   39.26%        x131_133 N    490    489    138
    562   542     2227.7500   132     3567.0000     2166.7333    14866   39.26%        x153_150 N    562    561     67
    667   643     2196.2571   151     3567.0000     2167.4000    16890   39.24%          x54_58 D    667    666     38
    768   732     2213.5346   175     3567.0000     2169.7333    18971   39.17%        x149_153 N    768    767     53
    872   828     2214.3750   201     3567.0000     2170.0000    21255   39.16%        x153_150 U    872    871     58
   1030   976     2232.2500    66     3567.0000     2170.7333    24792   39.14%        x125_143 N   1030   1029     88
Elapsed time = 19.61 sec. (14586.52 ticks, tree = 2.03 MB, solutions = 1)
   1130  1072     2234.5000    87     3567.0000     2171.3638    27209   39.13%          x66_67 D   1130   1129     64
   1258  1189     2304.7500   130     3567.0000     2172.3333    30093   39.10%        x136_133 N   1258   1257     82
   1372  1284    infeasible           3567.0000     2172.8423    33718   39.08%        x173_181 N   1372   1370     23
   1502  1402     2197.9637   170     3567.0000     2173.5556    36511   39.06%        x133_139 D   1502   1501     28
   1593  1487     2272.1833   160     3567.0000     2173.5667    38925   39.06%        x157_153 D   1593   1592     63
   1642  1536     2335.0000    75     3567.0000     2173.5667    40473   39.06%        x151_141 N   1642   1641    112
   1702  1596     2467.6667    55     3567.0000     2173.5667    41735   39.06%        x135_136 N   1702   1701    172
*  1728  1618      integral     0     2521.0000     2173.5667    42064   13.78%
   1793  1677     2186.5667   223     2521.0000     2174.9119    43553   13.73%        x179_173 U   1793    626      7
   1856  1740     2236.6973   233     2521.0000     2174.9119    46198   13.73%        x149_153 D   1856   1854     50
   1957  1829     2260.0000    92     2521.0000     2174.9673    48430   13.73%        x155_154 U   1957   1956     80
Elapsed time = 35.92 sec. (24245.52 ticks, tree = 4.04 MB, solutions = 2)
*  1990  1696      integral     0     2277.0000     2174.9673    48878    4.48%
   2054  1759     2237.0000   104     2277.0000     2176.0923    50224    4.43%        x124_126 U   2054   2053     71
   2204  1900     2212.3333    85     2277.0000     2176.3417    53238    4.42%        x149_148 N   2204   2203     61
   2278  1968     2214.4048   196     2277.0000     2176.5964    56066    4.41%        x145_144 N   2278   2276     36
   2397  2073     2196.4000   112     2277.0000     2177.0000    58773    4.39%        x137_142 U   2397   2396     25
   2534  2201     2223.0496   201     2277.0000     2177.4000    62156    4.37%        x131_127 D   2534   2533     67
   2654  2316     2229.6500   159     2277.0000     2177.5000    64664    4.37%        x142_143 N   2654   2652     26
   2740  2391     2199.7333   141     2277.0000     2178.0000    67286    4.35%        x153_150 D   2740   2739     25
*  2840  1395      integral     0     2218.0000     2178.2393    69277    1.79%
   2870  1424     2204.2262   220     2218.0000     2178.4417    69881    1.78%          x63_62 N   2870   2869     35
   2969  1511     2212.5000    82     2218.0000     2178.6667    72921    1.77%        x132_142 D   2969   2968     21
   3064  1580     2209.4000   129     2218.0000     2179.4833    75722    1.74%        x135_142 D   3064   3063     18
Elapsed time = 52.24 sec. (33818.05 ticks, tree = 4.61 MB, solutions = 4)
   3157  1659     2204.4000   133     2218.0000     2180.0000    78537    1.71%        x146_147 D   3157   3155     26
   3258  1740     2184.3846   119     2218.0000     2180.0000    81015    1.71%        x152_153 D   3258   3257     13
   3346  1819     2206.1818    94     2218.0000     2180.1143    83678    1.71%        x138_152 D   3346   3345     27
   3456  1917     2209.9500   176     2218.0000     2180.2000    85989    1.70%        x152_144 N   3456   3455     32
   3512  1963     2210.0000    30     2218.0000     2180.3259    87848    1.70%        x130_135 N   3512   3511     35
*  3515  1509      integral     0     2210.0000     2180.3259    87861    1.34%
   3603  1582     2183.3333    83     2210.0000     2180.5587    90382    1.33%        x146_153 U   3603     19     14
*  3684   740      integral     0     2197.0000     2180.6667    92070    0.74%
   3690   745     2185.4167   103     2197.0000     2180.8333    92355    0.74%        x142_131 D   3690   3689     22
   3775   809     2191.5417   130     2197.0000     2181.1500    95427    0.72%        x131_130 D   3775   3774     37
   3867   881     2195.3571   158     2197.0000     2181.4833    97867    0.71%        x185_184 N   3867   3725      4
   3934   927     2188.3308   144     2197.0000     2181.6917   100716    0.70%        x150_152 D   3934   3933     21
Elapsed time = 65.08 sec. (43477.15 ticks, tree = 2.92 MB, solutions = 6)
   4010   973        cutoff           2197.0000     2181.7500   103113    0.69%        x145_144 D   4010   4008     31
   4099  1038     2192.0909    98     2197.0000     2182.0000   105751    0.68%        x135_140 N   4099   4098     29
   4208  1116     2193.3000   187     2197.0000     2182.0667   108399    0.68%        x152_144 N   4208   4207     26
*  4289  1090      integral     0     2196.0000     2182.2500   110972    0.63%
   4300  1100     2186.4000    96     2196.0000     2182.3590   111381    0.62%        x117_124 D   4300   4299     29
   4386  1157     2183.5000   159     2196.0000     2182.5000   114271    0.61%        x132_141 N   4386   1378     11
   4468  1207     2185.3333    68     2196.0000     2183.0000   117403    0.59%        x133_130 N   4468   3491     15
   4551  1271     2194.0000    63     2196.0000     2183.0000   120035    0.59%        x122_133 D   4551   4550     44
   4640  1331     2188.7333   228     2196.0000     2183.2000   122628    0.58%        x146_153 N   4640   2383     12
   4740  1399     2190.5612   112     2196.0000     2183.3000   125246    0.58%        x121_130 D   4740   4739     28
   4822  1444     2188.8260   125     2196.0000     2183.4615   127989    0.57%        x145_140 D   4822   4821     22
Elapsed time = 77.09 sec. (53115.67 ticks, tree = 4.11 MB, solutions = 7)
   4907  1505     2191.4306    94     2196.0000     2183.5000   130443    0.57%        x126_130 D   4907   4906     30
   5003  1584     2190.2308   110     2196.0000     2183.5000   132722    0.57%        x134_129 D   5003   5002     30
   5103  1645        cutoff           2196.0000     2183.7500   135384    0.56%        x147_148 U   5103   5102     30
   5176  1697     2188.6667    96     2196.0000     2183.8333   138653    0.55%        x146_151 D   5176   5174     22
   5271  1760     2187.5765   182     2196.0000     2183.9615   141250    0.55%        x122_130 D   5271   5270     13
   5360  1813        cutoff           2196.0000     2184.0000   143848    0.55%        x134_130 U   5360   5358     21
   5448  1873     2186.4545   129     2196.0000     2184.0000   146190    0.55%        x133_129 D   5448   5446     26
   5521  1910        cutoff           2196.0000     2184.0667   149130    0.54%        x176_177 U   5521   5520     13
   5597  1960     2186.4960   120     2196.0000     2184.1333   152014    0.54%        x134_139 D   5597   5596     36
   5686  2015     2192.3333   199     2196.0000     2184.2564   154752    0.53%          x66_62 D   5686   5685     18
Elapsed time = 88.73 sec. (62689.73 ticks, tree = 5.64 MB, solutions = 7)
   5776  2064     2190.4000   197     2196.0000     2184.4385   157427    0.53%          x64_65 N   5776    634     13
   5873  2130     2188.4516   137     2196.0000     2184.5000   159905    0.52%        x151_152 D   5873   5872     35
   5961  2179     2192.4392   249     2196.0000     2184.6667   163168    0.52%          x57_56 D   5961   4351     11
   6030  2210     2193.6346   224     2196.0000     2184.6844   165543    0.52%        x155_153 N   6030   6029     18
   6087  2225     2186.5714    90     2196.0000     2184.7776   168226    0.51%        x135_145 N   6087   4146     36
   6172  2269     2191.3333    83     2196.0000     2184.8571   170504    0.51%        x140_143 N   6172   6171     47
   6272  2328     2190.1000    90     2196.0000     2185.0000   172902    0.50%        x147_148 N   6272   6271     41
*  6288  2005      integral     0     2194.0000     2185.0000   173281    0.41%
   6359  2045     2190.5000   103     2194.0000     2185.0000   175486    0.41%        x134_132 N   6359   6358     15
   6448  2092        cutoff           2194.0000     2185.0035   177895    0.41%        x138_145 U   6448   4132     22
   6541  2131     2191.0833   140     2194.0000     2185.1143   180655    0.41%        x131_127 U   6541   6540     21
Elapsed time = 99.65 sec. (72356.30 ticks, tree = 5.58 MB, solutions = 8)
   6630  2160     2189.1451   108     2194.0000     2185.3333   183115    0.40%        x142_122 N   6630   6629     26
   6729  2192     2189.0133   104     2194.0000     2185.5000   185864    0.39%        x129_128 U   6729   6728     29
   6829  2259     2189.6250   111     2194.0000     2185.5000   188094    0.39%        x150_153 N   6829   6828     16
   6910  2311     2190.0556   105     2194.0000     2185.5000   190378    0.39%        x153_150 N   6910   6909     32
   6995  2323        cutoff           2194.0000     2185.5714   192955    0.38%        x186_182 D   6995   6994     13
   7092  2367        cutoff           2194.0000     2185.6848   195317    0.38%        x149_153 U   7092   7090     36
*  7133  2104      integral     0     2193.0000     2185.7500   196856    0.33%
   7160  2113        cutoff           2193.0000     2185.7606   197819    0.33%          x54_53 U   7160   7159     15
   7254  2130     2190.0833   133     2193.0000     2185.8529   200355    0.33%        x133_130 D   7254   3728      7
   7340  2153     2190.0667   153     2193.0000     2185.9325   202553    0.32%        x150_151 D   7340   7339     23
   7430  2160     2189.0000    64     2193.0000     2186.0000   205067    0.32%        x137_145 U   7430   7428     24
Elapsed time = 110.34 sec. (81998.67 ticks, tree = 5.34 MB, solutions = 9)
   7534  2195        cutoff           2193.0000     2186.0000   207642    0.32%        x134_152 D   7534   7533     26
   7630  2230     2187.4000   151     2193.0000     2186.0667   210134    0.32%        x184_175 N   7630   2904      7
   7708  2234     2187.5238   132     2193.0000     2186.1667   213038    0.31%        x134_132 D   7708   3262     18
   7811  2246     2190.1667   185     2193.0000     2186.3077   215723    0.31%        x133_130 N   7811   7810     15
*  7903  1957      integral     0     2192.0000     2186.4000   218021    0.26%
   7904  1957     2187.2000   142     2192.0000     2186.4000   218066    0.26%        x153_150 N   7904   5634     13
   7992  1980        cutoff           2192.0000     2186.4559   220735    0.25%        x142_131 U   7992   1059     11
   8072  1998        cutoff           2192.0000     2186.5000   222839    0.25%        x145_144 D   8072   6134     49
   8157  2006     2189.0000    79     2192.0000     2186.5059   225575    0.25%        x128_131 D   8157   8156     22
   8245  2013     2190.5000    84     2192.0000     2186.6000   228027    0.25%        x134_130 N   8245   8244     24
*  8531  1080      integral     0     2190.0000     2187.0000   235505    0.14%
   8620  1063     2187.0000   102     2190.0000     2187.0000   236961    0.14%        x152_150 D   8620   7515     18
Elapsed time = 122.69 sec. (94482.04 ticks, tree = 2.79 MB, solutions = 11)
*  8631+  490                         2189.0000     2187.0000             0.09%
   9073    99        cutoff           2189.0000     2187.9500   241440    0.05%        x145_144 D   9073   4594     37

Clique cuts applied:  1
Cover cuts applied:  1
Mixed integer rounding cuts applied:  1
Zero-half cuts applied:  15
Gomory fractional cuts applied:  1
User cuts applied:  6864

Root node processing (before b&c):
  Real time             =    1.07 sec. (1574.34 ticks)
Sequential b&c:
  Real time             =  123.67 sec. (97462.40 ticks)
                          ------------
Total (root+branch&cut) =  124.74 sec. (99036.75 ticks)

