Version identifier: 22.1.0.0 | 2022-03-09 | 1a383f8ce
CPXPARAM_Preprocessing_Reduce                    1
CPXPARAM_Threads                                 1
CPXPARAM_Preprocessing_Reformulations            0
CPXPARAM_Emphasis_MIP                            2
CPXPARAM_MIP_Limits_CutPasses                    300
CPXPARAM_TimeLimit                               10800
CPXPARAM_MIP_Limits_TreeMemory                   20000
Legacy callback                                  BbLUID
         Disabling repeat represolve because of lazy constraint/incumbent callback.
1 of 1 MIP starts provided solutions.
MIP start 'm1' defined initial solution with objective 661.0000.
Tried aggregator 1 time.
MIP Presolve eliminated 1267 rows and 3 columns.
MIP Presolve modified 331 coefficients.
Reduced MIP has 528 rows, 1376 columns, and 4724 nonzeros.
Reduced MIP has 1376 binaries, 0 generals, 0 SOSs, and 0 indicators.
Presolve time = 0.00 sec. (2.98 ticks)
Probing time = 0.00 sec. (2.21 ticks)
Clique table members: 530.
MIP emphasis: optimality.
MIP search method: traditional branch-and-cut.
Parallel mode: none, using 1 thread.
Root relaxation solution time = 0.00 sec. (1.98 ticks)

        Nodes                                         Cuts/
   Node  Left     Objective  IInf  Best Integer    Best Bound    ItCnt     Gap         Variable B NodeID Parent  Depth

*     0+    0                          661.0000       86.0000            86.99%
      0     0      653.5000    10      661.0000      613.0000      228    7.26%
      0     0      655.0000    26      661.0000       Cuts: 9      238    0.91%
      0     0      657.0000     8      661.0000      Cuts: 12      241    0.61%
      0     0      657.2000    29      661.0000       Cuts: 3      250    0.57%
      0     0      657.5000    10      661.0000   ZeroHalf: 6      254    0.53%
      0     0      657.5000    12      661.0000   ZeroHalf: 4      255    0.53%
      0     0      657.6667    15      661.0000       Cuts: 3      257    0.50%
      0     0      658.0000    20      661.0000       Cuts: 7      260    0.45%
      0     0      659.3333    15      661.0000   ZeroHalf: 7      269    0.25%
      0     0      659.5000    14      661.0000   ZeroHalf: 9      273    0.23%
      0     0      659.5000    12      661.0000   ZeroHalf: 3      274    0.23%
      0     0      660.0000    20      661.0000   ZeroHalf: 2      279    0.15%
      0     0      660.0000    22      661.0000  ZeroHalf: 11      281    0.15%
      0     0      660.0000    23      661.0000   ZeroHalf: 4      285    0.15%
      0     0        cutoff            661.0000                    288    0.00%                        0             0
Elapsed time = 0.09 sec. (61.17 ticks, tree = 0.01 MB, solutions = 1)

Zero-half cuts applied:  14
Gomory fractional cuts applied:  3
User cuts applied:  120

Root node processing (before b&c):
  Real time             =    0.09 sec. (61.19 ticks)
Sequential b&c:
  Real time             =    0.00 sec. (0.00 ticks)
                          ------------
Total (root+branch&cut) =    0.09 sec. (61.19 ticks)

