Version identifier: 22.1.0.0 | 2022-03-09 | 1a383f8ce
CPXPARAM_Preprocessing_Reduce                    1
CPXPARAM_Threads                                 1
CPXPARAM_Preprocessing_Reformulations            0
CPXPARAM_Emphasis_MIP                            2
CPXPARAM_MIP_Limits_CutPasses                    300
CPXPARAM_TimeLimit                               10800
CPXPARAM_MIP_Limits_TreeMemory                   20000
Legacy callback                                  BbLUID
         Disabling repeat represolve because of lazy constraint/incumbent callback.
1 of 1 MIP starts provided solutions.
MIP start 'm1' defined initial solution with objective 653.0000.
Tried aggregator 2 times.
MIP Presolve eliminated 482 rows and 2 columns.
MIP Presolve modified 164 coefficients.
Aggregator did 2 substitutions.
Reduced MIP has 362 rows, 979 columns, and 2776 nonzeros.
Reduced MIP has 979 binaries, 0 generals, 0 SOSs, and 0 indicators.
Presolve time = 0.00 sec. (1.69 ticks)
Probing time = 0.00 sec. (1.38 ticks)
Clique table members: 376.
MIP emphasis: optimality.
MIP search method: traditional branch-and-cut.
Parallel mode: none, using 1 thread.
Root relaxation solution time = 0.00 sec. (1.13 ticks)

        Nodes                                         Cuts/
   Node  Left     Objective  IInf  Best Integer    Best Bound    ItCnt     Gap         Variable B NodeID Parent  Depth

*     0+    0                          653.0000       79.0000            87.90%
      0     0      587.0000    10      653.0000      587.0000      138   10.11%
      0     0      635.0000    32      653.0000      Cuts: 35      170    2.76%
      0     0      636.0000    28      653.0000      Cuts: 27      185    2.60%
      0     0      639.0000    24      653.0000      Cuts: 25      200    2.14%
      0     0      639.0000    26      653.0000      Cuts: 18      205    2.14%
      0     0      639.0000    24      653.0000      Cuts: 10      209    2.14%
      0     0      645.0000    33      653.0000       Cuts: 9      218    1.23%
      0     0      645.1667    36      653.0000      Cuts: 13      227    1.20%
      0     0      647.3333    34      653.0000      Cuts: 12      247    0.87%
      0     0      650.5000     8      653.0000      Cuts: 19      262    0.38%
      0     0      651.0833    35      653.0000       Cuts: 4      272    0.29%
      0     0      652.0000    16      653.0000       Cuts: 8      281    0.15%
      0     0        cutoff            653.0000                    289    0.00%                        0             0
Elapsed time = 0.14 sec. (172.27 ticks, tree = 0.01 MB, solutions = 1)

Cover cuts applied:  1
Zero-half cuts applied:  26
Gomory fractional cuts applied:  3
User cuts applied:  222

Root node processing (before b&c):
  Real time             =    0.14 sec. (172.29 ticks)
Sequential b&c:
  Real time             =    0.00 sec. (0.00 ticks)
                          ------------
Total (root+branch&cut) =    0.14 sec. (172.29 ticks)

