Version identifier: 22.1.0.0 | 2022-03-09 | 1a383f8ce
CPXPARAM_Preprocessing_Reduce                    1
CPXPARAM_Threads                                 1
CPXPARAM_Preprocessing_Reformulations            0
CPXPARAM_Emphasis_MIP                            2
CPXPARAM_MIP_Limits_CutPasses                    300
CPXPARAM_TimeLimit                               10800
CPXPARAM_MIP_Limits_TreeMemory                   20000
Legacy callback                                  BbLUID
         Disabling repeat represolve because of lazy constraint/incumbent callback.
1 of 1 MIP starts provided solutions.
MIP start 'm1' defined initial solution with objective 659.0000.
Tried aggregator 2 times.
MIP Presolve eliminated 1876 rows and 2 columns.
MIP Presolve modified 380 coefficients.
Aggregator did 2 substitutions.
Reduced MIP has 577 rows, 1631 columns, and 5861 nonzeros.
Reduced MIP has 1631 binaries, 0 generals, 0 SOSs, and 0 indicators.
Presolve time = 0.00 sec. (4.62 ticks)
Probing time = 0.00 sec. (2.31 ticks)
Clique table members: 577.
MIP emphasis: optimality.
MIP search method: traditional branch-and-cut.
Parallel mode: none, using 1 thread.
Root relaxation solution time = 0.00 sec. (1.98 ticks)

        Nodes                                         Cuts/
   Node  Left     Objective  IInf  Best Integer    Best Bound    ItCnt     Gap         Variable B NodeID Parent  Depth

*     0+    0                          659.0000       92.0000            86.04%
      0     0      597.3333    26      659.0000      555.0000      144   15.78%
      0     0      640.5000    28      659.0000       User: 2      176    2.81%
      0     0      641.1667    26      659.0000       Cuts: 8      178    2.71%
      0     0      641.3333    11      659.0000       Cuts: 8      179    2.68%
      0     0      642.6667    24      659.0000       Cuts: 4      213    2.48%
      0     0      642.6667    21      659.0000      Cuts: 10      215    2.48%
      0     0      643.0000    27      659.0000      Cuts: 11      227    2.43%
      0     0      643.3333    48      659.0000      Cuts: 20      241    2.38%
      0     0      643.6667    33      659.0000      Cuts: 17      255    2.33%
      0     0      644.8039    45      659.0000  ZeroHalf: 13      272    2.15%
      0     0      644.8667    60      659.0000       Cuts: 9      291    2.14%
      0     0      644.8889    57      659.0000       Cuts: 3      297    2.14%
      0     0      645.0000    37      659.0000       Cuts: 2      305    2.12%
      0     0      645.0000    37      659.0000       Cuts: 9      307    2.12%
      0     0      645.0000    22      659.0000       Cuts: 7      310    2.12%
      0     0      648.0063    51      659.0000       Cuts: 4      318    1.67%
      0     0      648.1114    77      659.0000       Cuts: 4      322    1.65%
      0     0      648.8667    82      659.0000      Cuts: 12      339    1.54%
      0     0      649.7667    81      659.0000      Cuts: 16      354    1.40%
      0     0      651.2537    46      659.0000  ZeroHalf: 16      377    1.18%
      0     0      651.5000    36      659.0000       Cuts: 4      388    1.14%
      0     0      652.5714    43      659.0000       Cuts: 5      401    0.98%
      0     0      652.7412    77      659.0000       Cuts: 4      411    0.95%
      0     0      653.2222    62      659.0000  ZeroHalf: 24      428    0.88%
      0     0      653.7273    55      659.0000  ZeroHalf: 14      451    0.80%
      0     0      653.7931    94      659.0000       Cuts: 5      477    0.79%
      0     0      653.8421    59      659.0000  ZeroHalf: 11      493    0.78%
      0     0      653.9800   107      659.0000       Cuts: 4      505    0.76%
      0     0      654.3571    97      659.0000      Cuts: 16      528    0.70%
      0     0      655.0819   107      659.0000  ZeroHalf: 10      544    0.59%
      0     0      655.4311   109      659.0000      Cuts: 23      553    0.54%
      0     0      656.4152   108      659.0000   ZeroHalf: 9      565    0.39%
      0     0      656.6196   110      659.0000      Cuts: 11      572    0.36%
      0     0      657.3596   100      659.0000  ZeroHalf: 11      582    0.25%
      0     0      657.3630   110      659.0000      Cuts: 15      597    0.25%
      0     0        cutoff            659.0000                    599    0.00%                        0             0
Elapsed time = 0.31 sec. (262.49 ticks, tree = 0.01 MB, solutions = 1)

Zero-half cuts applied:  32
Gomory fractional cuts applied:  2
User cuts applied:  310

Root node processing (before b&c):
  Real time             =    0.31 sec. (262.52 ticks)
Sequential b&c:
  Real time             =    0.00 sec. (0.00 ticks)
                          ------------
Total (root+branch&cut) =    0.31 sec. (262.52 ticks)

