Version identifier: 22.1.0.0 | 2022-03-09 | 1a383f8ce
CPXPARAM_Preprocessing_Reduce                    1
CPXPARAM_Threads                                 1
CPXPARAM_Preprocessing_Reformulations            0
CPXPARAM_Emphasis_MIP                            2
CPXPARAM_MIP_Limits_CutPasses                    300
CPXPARAM_TimeLimit                               10800
CPXPARAM_MIP_Limits_TreeMemory                   20000
Legacy callback                                  BbLUID
         Disabling repeat represolve because of lazy constraint/incumbent callback.
1 of 1 MIP starts provided solutions.
MIP start 'm1' defined initial solution with objective 744.0000.
Tried aggregator 2 times.
MIP Presolve eliminated 2182 rows and 2 columns.
MIP Presolve modified 399 coefficients.
Aggregator did 7 substitutions.
Reduced MIP has 590 rows, 1584 columns, and 6037 nonzeros.
Reduced MIP has 1584 binaries, 0 generals, 0 SOSs, and 0 indicators.
Presolve time = 0.00 sec. (4.96 ticks)
Probing time = 0.00 sec. (2.29 ticks)
Clique table members: 603.
MIP emphasis: optimality.
MIP search method: traditional branch-and-cut.
Parallel mode: none, using 1 thread.
Root relaxation solution time = 0.00 sec. (1.87 ticks)

        Nodes                                         Cuts/
   Node  Left     Objective  IInf  Best Integer    Best Bound    ItCnt     Gap         Variable B NodeID Parent  Depth

*     0+    0                          744.0000      228.0000            69.35%
      0     0      702.0000    26      744.0000      677.0000      212    9.01%
      0     0      716.3333    30      744.0000      Cuts: 70      268    3.72%
      0     0      729.0000    41      744.0000      Cuts: 64      287    2.02%
      0     0      737.2381   104      744.0000      Cuts: 25      330    0.91%
      0     0      738.0000    66      744.0000      Cuts: 28      359    0.81%
      0     0      738.0000    82      744.0000      Cuts: 22      398    0.81%
      0     0      739.0769    88      744.0000      Cuts: 15      405    0.66%
      0     0      739.5000    67      744.0000      Cuts: 25      420    0.60%
      0     0      739.7000    91      744.0000      Cuts: 15      433    0.58%
      0     0      739.9167    63      744.0000      Cuts: 15      446    0.55%
      0     0      741.6667    49      744.0000      Cuts: 20      451    0.31%
      0     0      741.8750    83      744.0000      Cuts: 22      461    0.29%
      0     0      742.0000    40      744.0000      Cuts: 47      475    0.27%
      0     0      742.0000    14      744.0000      Cuts: 19      483    0.27%
      0     0      743.0000    44      744.0000      Cuts: 11      514    0.13%
      0     0      743.0000    22      744.0000      Cuts: 18      521    0.13%
      0     0        cutoff            744.0000                    540    0.00%                        0             0
Elapsed time = 0.16 sec. (148.60 ticks, tree = 0.01 MB, solutions = 1)

Clique cuts applied:  1
Zero-half cuts applied:  53
User cuts applied:  397

Root node processing (before b&c):
  Real time             =    0.16 sec. (148.62 ticks)
Sequential b&c:
  Real time             =    0.00 sec. (0.00 ticks)
                          ------------
Total (root+branch&cut) =    0.16 sec. (148.62 ticks)

