Version identifier: 22.1.0.0 | 2022-03-09 | 1a383f8ce
CPXPARAM_Preprocessing_Reduce                    1
CPXPARAM_Threads                                 1
CPXPARAM_Preprocessing_Reformulations            0
CPXPARAM_Emphasis_MIP                            2
CPXPARAM_MIP_Limits_CutPasses                    300
CPXPARAM_TimeLimit                               10800
CPXPARAM_MIP_Limits_TreeMemory                   20000
Legacy callback                                  BbLUID
         Disabling repeat represolve because of lazy constraint/incumbent callback.
1 of 1 MIP starts provided solutions.
MIP start 'm1' defined initial solution with objective 655.0000.
Tried aggregator 2 times.
MIP Presolve eliminated 2713 rows and 1 columns.
MIP Presolve modified 409 coefficients.
Aggregator did 9 substitutions.
Reduced MIP has 599 rows, 1887 columns, and 7012 nonzeros.
Reduced MIP has 1887 binaries, 0 generals, 0 SOSs, and 0 indicators.
Presolve time = 0.00 sec. (5.85 ticks)
Probing time = 0.00 sec. (2.39 ticks)
Clique table members: 599.
MIP emphasis: optimality.
MIP search method: traditional branch-and-cut.
Parallel mode: none, using 1 thread.
Root relaxation solution time = 0.00 sec. (1.97 ticks)

        Nodes                                         Cuts/
   Node  Left     Objective  IInf  Best Integer    Best Bound    ItCnt     Gap         Variable B NodeID Parent  Depth

*     0+    0                          655.0000      186.0000            71.60%
      0     0      623.5000    34      655.0000      587.0000      200   10.38%
      0     0      637.0000    59      655.0000      Cuts: 52      267    2.75%
      0     0      640.0000    16      655.0000      Cuts: 33      288    2.29%
      0     0      643.5000    42      655.0000      Cuts: 47      313    1.76%
      0     0      645.6429    35      655.0000      Cuts: 14      328    1.43%
      0     0      648.5000    25      655.0000       Cuts: 8      344    0.99%
      0     0      649.0000    41      655.0000      Cuts: 15      356    0.92%
      0     0      652.2500    33      655.0000      Cuts: 13      378    0.42%
      0     0      653.0000    20      655.0000      Cuts: 18      390    0.31%
      0     0      653.5000    12      655.0000       Cuts: 3      393    0.23%
      0     0      653.5000    32      655.0000   ZeroHalf: 1      395    0.23%
      0     0      654.0000    42      655.0000   ZeroHalf: 3      398    0.15%
      0     0      654.0000    15      655.0000      Cuts: 16      399    0.15%
      0     0      654.0000    12      655.0000   ZeroHalf: 7      402    0.15%
      0     0      654.0000    24      655.0000   ZeroHalf: 3      403    0.15%
      0     0        cutoff            655.0000                    410    0.00%                        0             0
Elapsed time = 0.12 sec. (113.01 ticks, tree = 0.01 MB, solutions = 1)

Zero-half cuts applied:  27
Gomory fractional cuts applied:  2
User cuts applied:  364

Root node processing (before b&c):
  Real time             =    0.12 sec. (113.04 ticks)
Sequential b&c:
  Real time             =    0.00 sec. (0.00 ticks)
                          ------------
Total (root+branch&cut) =    0.12 sec. (113.04 ticks)

