Version identifier: 22.1.0.0 | 2022-03-09 | 1a383f8ce
CPXPARAM_Preprocessing_Reduce                    1
CPXPARAM_Threads                                 1
CPXPARAM_Preprocessing_Reformulations            0
CPXPARAM_Emphasis_MIP                            2
CPXPARAM_MIP_Limits_CutPasses                    300
CPXPARAM_TimeLimit                               10800
CPXPARAM_MIP_Limits_TreeMemory                   20000
Legacy callback                                  BbLUID
         Disabling repeat represolve because of lazy constraint/incumbent callback.
1 of 1 MIP starts provided solutions.
MIP start 'm1' defined initial solution with objective 799.0000.
Tried aggregator 2 times.
MIP Presolve eliminated 128 rows and 15 columns.
MIP Presolve modified 70 coefficients.
Aggregator did 35 substitutions.
Reduced MIP has 208 rows, 379 columns, and 1002 nonzeros.
Reduced MIP has 379 binaries, 0 generals, 0 SOSs, and 0 indicators.
Presolve time = 0.00 sec. (0.64 ticks)
Probing time = 0.00 sec. (0.39 ticks)
Clique table members: 250.
MIP emphasis: optimality.
MIP search method: traditional branch-and-cut.
Parallel mode: none, using 1 thread.
Root relaxation solution time = 0.00 sec. (0.55 ticks)

        Nodes                                         Cuts/
   Node  Left     Objective  IInf  Best Integer    Best Bound    ItCnt     Gap         Variable B NodeID Parent  Depth

*     0+    0                          799.0000      471.0000            41.05%
      0     0      797.5000    10      799.0000      782.0000      140    2.13%
      0     0        cutoff            799.0000                    143    0.00%                        0             0
Elapsed time = 0.03 sec. (6.33 ticks, tree = 0.01 MB, solutions = 1)

Zero-half cuts applied:  5
Gomory fractional cuts applied:  1
User cuts applied:  40

Root node processing (before b&c):
  Real time             =    0.03 sec. (6.34 ticks)
Sequential b&c:
  Real time             =    0.00 sec. (0.00 ticks)
                          ------------
Total (root+branch&cut) =    0.03 sec. (6.34 ticks)

