Version identifier: 22.1.0.0 | 2022-03-09 | 1a383f8ce
CPXPARAM_Preprocessing_Reduce                    1
CPXPARAM_Threads                                 1
CPXPARAM_Preprocessing_Reformulations            0
CPXPARAM_Emphasis_MIP                            2
CPXPARAM_MIP_Limits_CutPasses                    300
CPXPARAM_TimeLimit                               10800
CPXPARAM_MIP_Limits_TreeMemory                   20000
Legacy callback                                  BbLUID
         Disabling repeat represolve because of lazy constraint/incumbent callback.
1 of 1 MIP starts provided solutions.
MIP start 'm1' defined initial solution with objective 859.0000.
Tried aggregator 2 times.
MIP Presolve eliminated 3761 rows and 3 columns.
MIP Presolve modified 585 coefficients.
Aggregator did 5 substitutions.
Reduced MIP has 876 rows, 2906 columns, and 10229 nonzeros.
Reduced MIP has 2906 binaries, 0 generals, 0 SOSs, and 0 indicators.
Presolve time = 0.01 sec. (8.11 ticks)
Probing time = 0.00 sec. (6.05 ticks)
Clique table members: 965.
MIP emphasis: optimality.
MIP search method: traditional branch-and-cut.
Parallel mode: none, using 1 thread.
Root relaxation solution time = 0.00 sec. (3.49 ticks)

        Nodes                                         Cuts/
   Node  Left     Objective  IInf  Best Integer    Best Bound    ItCnt     Gap         Variable B NodeID Parent  Depth

*     0+    0                          859.0000      197.0000            77.07%
      0     0      809.0000    48      859.0000      756.0000      234   11.99%
      0     0      844.0000    30      859.0000     Cuts: 102      313    1.75%
      0     0      844.0000    30      859.0000       Cuts: 7      325    1.75%
      0     0      844.0000    30      859.0000       User: 3      326    1.75%
      0     0      845.6667    88      859.0000       User: 4      352    1.55%
      0     0      847.0000    16      859.0000      Cuts: 17      371    1.40%
      0     0      847.4375    80      859.0000       Cuts: 6      384    1.35%
      0     0      847.5000    30      859.0000      Cuts: 10      404    1.34%
      0     0      847.6250    55      859.0000      Cuts: 10      414    1.32%
      0     0      848.0000    84      859.0000       Cuts: 8      439    1.28%
      0     0      848.1477    86      859.0000       Cuts: 9      467    1.26%
      0     0      849.2500    46      859.0000       Cuts: 5      506    1.14%
      0     0      849.4545    48      859.0000      Cuts: 10      526    1.11%
      0     0      849.7931    63      859.0000      Cuts: 11      550    1.07%
      0     0      850.1667    54      859.0000       Cuts: 5      583    1.03%
      0     0      850.2532    91      859.0000      Cuts: 15      620    1.02%
      0     0      852.2500    81      859.0000       Cuts: 5      675    0.79%
      0     0      852.8333    52      859.0000      Cuts: 13      708    0.72%
      0     0      853.0000    81      859.0000      Cuts: 10      731    0.70%
      0     0      853.0000    51      859.0000      Cuts: 21      740    0.70%
      0     0      853.0000    16      859.0000       Cuts: 8      745    0.70%
      0     0      853.1250    30      859.0000       Cuts: 3      753    0.68%
      0     0      853.6667    37      859.0000      Cuts: 17      761    0.62%
      0     0      854.5000    24      859.0000      Cuts: 19      769    0.52%
      0     0      854.7143    39      859.0000       Cuts: 4      780    0.50%
      0     0      855.0000    25      859.0000      Cuts: 15      789    0.47%
      0     0      855.3894   125      859.0000      Cuts: 12      822    0.42%
      0     0      855.7787   126      859.0000  ZeroHalf: 14      835    0.38%
      0     0      856.0009    90      859.0000      Cuts: 14      844    0.35%
      0     2      856.0196    47      859.0000      856.0236      858    0.35%                        0             0
Elapsed time = 0.54 sec. (651.62 ticks, tree = 0.01 MB, solutions = 1)
     31    15      858.0000    10      859.0000      856.1579     1369    0.33%          x76_65 U     31     30     14
     80    43      858.0000    10      859.0000      857.0047     2257    0.23%          x86_70 U     80     40     19
    157     9        cutoff            859.0000      858.0000     3059    0.12%          x47_92 D    157     31     15

Zero-half cuts applied:  43
Gomory fractional cuts applied:  2
User cuts applied:  776

Root node processing (before b&c):
  Real time             =    0.53 sec. (630.13 ticks)
Sequential b&c:
  Real time             =    2.07 sec. (790.61 ticks)
                          ------------
Total (root+branch&cut) =    2.61 sec. (1420.74 ticks)

