Version identifier: 22.1.0.0 | 2022-03-09 | 1a383f8ce
CPXPARAM_Preprocessing_Reduce                    1
CPXPARAM_Threads                                 1
CPXPARAM_Preprocessing_Reformulations            0
CPXPARAM_Emphasis_MIP                            2
CPXPARAM_MIP_Limits_CutPasses                    300
CPXPARAM_TimeLimit                               10800
CPXPARAM_MIP_Limits_TreeMemory                   20000
Legacy callback                                  BbLUID
         Disabling repeat represolve because of lazy constraint/incumbent callback.
1 of 1 MIP starts provided solutions.
MIP start 'm1' defined initial solution with objective 873.0000.
Tried aggregator 2 times.
MIP Presolve eliminated 238 rows and 17 columns.
MIP Presolve modified 117 coefficients.
Aggregator did 47 substitutions.
Reduced MIP has 336 rows, 680 columns, and 1827 nonzeros.
Reduced MIP has 680 binaries, 0 generals, 0 SOSs, and 0 indicators.
Presolve time = 0.00 sec. (1.12 ticks)
Probing time = 0.00 sec. (0.77 ticks)
Clique table members: 383.
MIP emphasis: optimality.
MIP search method: traditional branch-and-cut.
Parallel mode: none, using 1 thread.
Root relaxation solution time = 0.00 sec. (0.91 ticks)

        Nodes                                         Cuts/
   Node  Left     Objective  IInf  Best Integer    Best Bound    ItCnt     Gap         Variable B NodeID Parent  Depth

*     0+    0                          873.0000      484.0000            44.56%
      0     0      871.5000     8      873.0000      853.0000      204    2.29%
      0     0        cutoff            873.0000                    207    0.00%                        0             0
Elapsed time = 0.06 sec. (9.46 ticks, tree = 0.01 MB, solutions = 1)

Zero-half cuts applied:  3
Gomory fractional cuts applied:  1
User cuts applied:  66

Root node processing (before b&c):
  Real time             =    0.06 sec. (9.47 ticks)
Sequential b&c:
  Real time             =    0.00 sec. (0.00 ticks)
                          ------------
Total (root+branch&cut) =    0.06 sec. (9.47 ticks)

