Version identifier: 22.1.0.0 | 2022-03-09 | 1a383f8ce
CPXPARAM_Preprocessing_Reduce                    1
CPXPARAM_Threads                                 1
CPXPARAM_Preprocessing_Reformulations            0
CPXPARAM_Emphasis_MIP                            2
CPXPARAM_MIP_Limits_CutPasses                    300
CPXPARAM_TimeLimit                               10800
CPXPARAM_MIP_Limits_TreeMemory                   20000
Legacy callback                                  BbLUID
         Disabling repeat represolve because of lazy constraint/incumbent callback.
1 of 1 MIP starts provided solutions.
MIP start 'm1' defined initial solution with objective 819.0000.
Tried aggregator 2 times.
MIP Presolve eliminated 3809 rows and 4 columns.
MIP Presolve modified 604 coefficients.
Aggregator did 2 substitutions.
Reduced MIP has 898 rows, 2763 columns, and 10065 nonzeros.
Reduced MIP has 2763 binaries, 0 generals, 0 SOSs, and 0 indicators.
Presolve time = 0.01 sec. (8.39 ticks)
Probing time = 0.00 sec. (2.58 ticks)
Clique table members: 915.
MIP emphasis: optimality.
MIP search method: traditional branch-and-cut.
Parallel mode: none, using 1 thread.
Root relaxation solution time = 0.00 sec. (3.40 ticks)

        Nodes                                         Cuts/
   Node  Left     Objective  IInf  Best Integer    Best Bound    ItCnt     Gap         Variable B NodeID Parent  Depth

*     0+    0                          819.0000      189.0000            76.92%
      0     0      772.0000    18      819.0000      733.0000      244   10.50%
      0     0      789.0000    74      819.0000     Cuts: 119      308    3.66%
      0     0      799.0000    27      819.0000      Cuts: 57      356    2.44%
      0     0      803.5000    36      819.0000      Cuts: 15      370    1.89%
      0     0      803.5000    47      819.0000       Cuts: 8      380    1.89%
      0     0      804.3333    67      819.0000      Cuts: 13      399    1.79%
      0     0      805.0000    89      819.0000      Cuts: 18      415    1.71%
      0     0      805.6667    48      819.0000      Cuts: 12      421    1.63%
      0     0      806.0000    10      819.0000      Cuts: 16      423    1.59%
      0     0      813.5000    37      819.0000       Cuts: 5      442    0.67%
      0     0      815.7778    77      819.0000      Cuts: 15      456    0.39%
      0     0      815.8000    85      819.0000      Cuts: 27      470    0.39%
      0     0      815.8333    80      819.0000      Cuts: 21      482    0.39%
      0     0      815.8750    59      819.0000      Cuts: 14      492    0.38%
      0     0      816.1111    63      819.0000      Cuts: 18      501    0.35%
      0     0      818.0000    25      819.0000      Cuts: 15      517    0.12%
      0     0        cutoff            819.0000                    524    0.00%                        0             0
Elapsed time = 0.18 sec. (184.25 ticks, tree = 0.01 MB, solutions = 1)

Zero-half cuts applied:  28
Gomory fractional cuts applied:  5
User cuts applied:  492

Root node processing (before b&c):
  Real time             =    0.18 sec. (184.30 ticks)
Sequential b&c:
  Real time             =    0.00 sec. (0.00 ticks)
                          ------------
Total (root+branch&cut) =    0.18 sec. (184.30 ticks)

