Version identifier: 22.1.0.0 | 2022-03-09 | 1a383f8ce
CPXPARAM_Preprocessing_Reduce                    1
CPXPARAM_Threads                                 1
CPXPARAM_Preprocessing_Reformulations            0
CPXPARAM_Emphasis_MIP                            2
CPXPARAM_MIP_Limits_CutPasses                    300
CPXPARAM_TimeLimit                               10800
CPXPARAM_MIP_Limits_TreeMemory                   20000
Legacy callback                                  BbLUID
         Disabling repeat represolve because of lazy constraint/incumbent callback.
1 of 1 MIP starts provided solutions.
MIP start 'm1' defined initial solution with objective 824.0000.
Tried aggregator 1 time.
MIP Presolve eliminated 2815 rows and 5 columns.
MIP Presolve modified 555 coefficients.
Reduced MIP has 848 rows, 2353 columns, and 8364 nonzeros.
Reduced MIP has 2353 binaries, 0 generals, 0 SOSs, and 0 indicators.
Presolve time = 0.00 sec. (5.79 ticks)
Probing time = 0.00 sec. (2.43 ticks)
Clique table members: 850.
MIP emphasis: optimality.
MIP search method: traditional branch-and-cut.
Parallel mode: none, using 1 thread.
Root relaxation solution time = 0.00 sec. (3.29 ticks)

        Nodes                                         Cuts/
   Node  Left     Objective  IInf  Best Integer    Best Bound    ItCnt     Gap         Variable B NodeID Parent  Depth

*     0+    0                          824.0000      187.0000            77.31%
      0     0      791.5000    38      824.0000      746.0000      345    9.47%
      0     0      813.0000    38      824.0000      Cuts: 22      358    1.33%
      0     0      813.0000    16      824.0000      Cuts: 30      376    1.33%
      0     0      815.0000    26      824.0000       Cuts: 8      378    1.09%
      0     0      816.5000    20      824.0000       Cuts: 4      379    0.91%
      0     0      816.5000    26      824.0000       Cuts: 5      385    0.91%
      0     0      817.0000    23      824.0000       Cuts: 7      389    0.85%
      0     0      818.0000    37      824.0000       Cuts: 7      397    0.73%
      0     0      818.0000    35      824.0000       Cuts: 5      401    0.73%
      0     0      818.5000    54      824.0000      Cuts: 11      412    0.67%
      0     0      820.0833    52      824.0000       Cuts: 8      438    0.48%
      0     0      820.3333    53      824.0000      Cuts: 20      448    0.44%
      0     0      820.5000    24      824.0000      Cuts: 12      452    0.42%
      0     0      820.5000    12      824.0000       Cuts: 7      466    0.42%
      0     0      821.0000    35      824.0000      Cuts: 12      478    0.36%
      0     0      821.1667    50      824.0000      Cuts: 18      492    0.34%
      0     0      821.2500    38      824.0000      Cuts: 19      508    0.33%
      0     0      821.2500    29      824.0000   ZeroHalf: 2      510    0.33%
      0     0      821.2593    56      824.0000      Cuts: 19      516    0.33%
      0     0      821.5000    43      824.0000      Cuts: 19      531    0.30%
      0     0      821.5000    49      824.0000      Cuts: 22      539    0.30%
      0     0      821.5000    30      824.0000  ZeroHalf: 22      552    0.30%
      0     0      821.5000    38      824.0000   ZeroHalf: 8      559    0.30%
      0     0      821.5000    46      824.0000  ZeroHalf: 13      562    0.30%
      0     0      821.5714    56      824.0000  ZeroHalf: 10      574    0.29%
      0     0      821.8000    50      824.0000  ZeroHalf: 19      585    0.27%
      0     0      821.8182    54      824.0000  ZeroHalf: 14      594    0.26%
      0     0      821.8182    59      824.0000   ZeroHalf: 6      601    0.26%
      0     0      821.8750    66      824.0000  ZeroHalf: 14      612    0.26%
      0     0      821.9333    70      824.0000      Cuts: 14      628    0.25%
      0     0      822.0000    30      824.0000      Cuts: 17      640    0.24%
      0     0      822.0000    31      824.0000   ZeroHalf: 8      642    0.24%
      0     0      822.0000    39      824.0000  ZeroHalf: 13      652    0.24%
      0     0      822.0000    37      824.0000   ZeroHalf: 5      657    0.24%
      0     0      822.0000    28      824.0000  ZeroHalf: 10      661    0.24%
      0     0      822.0000    28      824.0000      Cuts: 17      668    0.24%
      0     0      822.0000    35      824.0000  ZeroHalf: 10      670    0.24%
      0     0      822.0000    28      824.0000   ZeroHalf: 6      671    0.24%
      0     0      822.0000    36      824.0000   ZeroHalf: 3      674    0.24%
      0     0      822.0103    57      824.0000   ZeroHalf: 5      683    0.24%
      0     0      822.0250    54      824.0000  ZeroHalf: 13      700    0.24%
      0     0      822.0323    77      824.0000  ZeroHalf: 14      709    0.24%
      0     0      822.1206    74      824.0000  ZeroHalf: 12      732    0.23%
      0     0      822.1667    59      824.0000  ZeroHalf: 13      760    0.22%
      0     0      822.2105    65      824.0000  ZeroHalf: 15      775    0.22%
      0     0      822.2105    67      824.0000  ZeroHalf: 13      793    0.22%
      0     0      822.2105    68      824.0000   ZeroHalf: 7      810    0.22%
      0     0      822.2222    69      824.0000  ZeroHalf: 14      826    0.22%
      0     0      822.3077    73      824.0000      Cuts: 18      845    0.21%
      0     0      822.3600    65      824.0000  ZeroHalf: 10      862    0.20%
      0     0      822.4000    65      824.0000   ZeroHalf: 9      877    0.19%
      0     0      822.4000    65      824.0000   ZeroHalf: 9      886    0.19%
      0     0      822.4000    63      824.0000      Cuts: 11      899    0.19%
      0     0      822.4167    68      824.0000  ZeroHalf: 16      934    0.19%
      0     0      822.4444    80      824.0000  ZeroHalf: 13      945    0.19%
      0     0      822.4462    82      824.0000  ZeroHalf: 12      956    0.19%
      0     0      822.5000    48      824.0000   ZeroHalf: 8      982    0.18%
      0     0      822.5062    67      824.0000  ZeroHalf: 24      995    0.18%
      0     0      822.5135    70      824.0000   ZeroHalf: 8     1011    0.18%
      0     0      822.5566    68      824.0000  ZeroHalf: 12     1035    0.18%
      0     0      822.5818    80      824.0000   ZeroHalf: 7     1049    0.17%
      0     0      822.5897    68      824.0000  ZeroHalf: 11     1059    0.17%
      0     0      822.6027    77      824.0000       Cuts: 9     1075    0.17%
      0     0      822.6050    75      824.0000   ZeroHalf: 5     1083    0.17%
      0     0      822.6250    67      824.0000   ZeroHalf: 5     1099    0.17%
      0     0      822.6452    63      824.0000   ZeroHalf: 6     1120    0.16%
      0     0      822.6541    66      824.0000      Cuts: 13     1140    0.16%
      0     0      822.6541    70      824.0000  ZeroHalf: 13     1152    0.16%
      0     0      822.6541    67      824.0000   ZeroHalf: 2     1161    0.16%
      0     0      822.6549    69      824.0000   ZeroHalf: 2     1172    0.16%
      0     0      822.6553    69      824.0000       Cuts: 4     1180    0.16%
      0     0      822.6571    70      824.0000   ZeroHalf: 4     1187    0.16%
      0     0      822.6571    69      824.0000   ZeroHalf: 2     1194    0.16%
      0     0      822.6571    70      824.0000   ZeroHalf: 3     1205    0.16%
      0     0      822.6667    58      824.0000   ZeroHalf: 5     1212    0.16%
      0     0      822.6667    55      824.0000  ZeroHalf: 17     1230    0.16%
      0     0      822.6667    48      824.0000      Cuts: 28     1238    0.16%
      0     0      822.6667    57      824.0000   ZeroHalf: 6     1254    0.16%
      0     0      822.6667    68      824.0000  ZeroHalf: 10     1276    0.16%
      0     0      822.6667    46      824.0000   ZeroHalf: 4     1285    0.16%
      0     0      822.6667    64      824.0000  ZeroHalf: 19     1294    0.16%
      0     0      822.6667    47      824.0000   ZeroHalf: 8     1313    0.16%
      0     0      822.6667    65      824.0000  ZeroHalf: 12     1315    0.16%
      0     0      822.6703    69      824.0000   ZeroHalf: 7     1326    0.16%
      0     0      822.6703    69      824.0000   ZeroHalf: 3     1331    0.16%
      0     0      822.6760    77      824.0000   ZeroHalf: 6     1344    0.16%
      0     0      822.6895    68      824.0000   ZeroHalf: 6     1360    0.16%
      0     0      822.7024    70      824.0000  ZeroHalf: 16     1376    0.16%
      0     0      822.7185    75      824.0000      Cuts: 15     1400    0.16%
      0     0      822.7215    81      824.0000   ZeroHalf: 7     1418    0.16%
      0     0      822.7286    72      824.0000   ZeroHalf: 9     1432    0.15%
      0     0      822.7293    73      824.0000      Cuts: 12     1445    0.15%
      0     0      822.7764    76      824.0000   ZeroHalf: 7     1471    0.15%
      0     0      822.7941    61      824.0000  ZeroHalf: 14     1490    0.15%
      0     0      822.8060    69      824.0000   ZeroHalf: 9     1509    0.14%
      0     0      822.8193    73      824.0000   ZeroHalf: 4     1523    0.14%
      0     0      822.8232    68      824.0000   ZeroHalf: 9     1534    0.14%
      0     0      822.8249    76      824.0000   ZeroHalf: 4     1545    0.14%
      0     0      822.8312    76      824.0000   ZeroHalf: 3     1556    0.14%
      0     0      822.8312    76      824.0000   ZeroHalf: 8     1565    0.14%
      0     0      822.8333    58      824.0000   ZeroHalf: 7     1580    0.14%
      0     0      822.8395    73      824.0000  ZeroHalf: 13     1593    0.14%
      0     0      822.8395    75      824.0000   ZeroHalf: 4     1597    0.14%
      0     0      822.8395    76      824.0000   ZeroHalf: 4     1603    0.14%
      0     0      822.8395    74      824.0000   ZeroHalf: 2     1607    0.14%
      0     0      822.8459    72      824.0000   ZeroHalf: 4     1622    0.14%
      0     0      822.8495    70      824.0000  ZeroHalf: 12     1632    0.14%
      0     0      822.8542    72      824.0000   ZeroHalf: 6     1641    0.14%
      0     0      822.8603    80      824.0000   ZeroHalf: 9     1658    0.14%
      0     0      822.8627    66      824.0000   ZeroHalf: 6     1670    0.14%
      0     0      822.8762    82      824.0000       Cuts: 9     1690    0.14%
      0     0      822.8801    86      824.0000   ZeroHalf: 3     1700    0.14%
      0     0      822.8876    65      824.0000   ZeroHalf: 2     1705    0.13%
      0     0      822.8876    84      824.0000   ZeroHalf: 6     1710    0.13%
      0     0      822.8876    85      824.0000   ZeroHalf: 7     1720    0.13%
      0     0      822.8876    65      824.0000   ZeroHalf: 2     1725    0.13%
      0     0      822.8876    95      824.0000      Cuts: 15     1731    0.13%
      0     0      822.8902    83      824.0000      User: 12     1745    0.13%
      0     0      822.8979    82      824.0000   ZeroHalf: 5     1757    0.13%
      0     0      822.9051    59      824.0000   ZeroHalf: 1     1767    0.13%
      0     0      822.9112    82      824.0000   ZeroHalf: 9     1779    0.13%
      0     0      822.9125    81      824.0000   ZeroHalf: 4     1783    0.13%
      0     0      822.9171    75      824.0000   ZeroHalf: 3     1801    0.13%
      0     0      822.9204    66      824.0000   ZeroHalf: 7     1820    0.13%
      0     0      822.9259    83      824.0000  ZeroHalf: 11     1850    0.13%
      0     0      822.9269    84      824.0000   ZeroHalf: 5     1858    0.13%
      0     0      822.9341    80      824.0000      Cuts: 11     1876    0.13%
      0     0      822.9352    79      824.0000   ZeroHalf: 3     1887    0.13%
      0     0      822.9352    79      824.0000   ZeroHalf: 4     1890    0.13%
      0     2      823.0000    40      824.0000      823.0000     1911    0.12%                        0             0
Elapsed time = 1.24 sec. (1168.79 ticks, tree = 0.01 MB, solutions = 1)

Zero-half cuts applied:  44
Gomory fractional cuts applied:  2
User cuts applied:  453

Root node processing (before b&c):
  Real time             =    1.24 sec. (1162.51 ticks)
Sequential b&c:
  Real time             =    0.08 sec. (32.24 ticks)
                          ------------
Total (root+branch&cut) =    1.32 sec. (1194.74 ticks)

