Version identifier: 22.1.0.0 | 2022-03-09 | 1a383f8ce
CPXPARAM_Preprocessing_Reduce                    1
CPXPARAM_Threads                                 1
CPXPARAM_Preprocessing_Reformulations            0
CPXPARAM_Emphasis_MIP                            2
CPXPARAM_MIP_Limits_CutPasses                    300
CPXPARAM_TimeLimit                               10800
CPXPARAM_MIP_Limits_TreeMemory                   20000
Legacy callback                                  BbLUID
         Disabling repeat represolve because of lazy constraint/incumbent callback.
1 of 1 MIP starts provided solutions.
MIP start 'm1' defined initial solution with objective 834.0000.
Tried aggregator 2 times.
MIP Presolve eliminated 369 rows and 14 columns.
MIP Presolve modified 154 coefficients.
Aggregator did 35 substitutions.
Reduced MIP has 394 rows, 851 columns, and 2378 nonzeros.
Reduced MIP has 851 binaries, 0 generals, 0 SOSs, and 0 indicators.
Presolve time = 0.00 sec. (1.47 ticks)
Probing time = 0.00 sec. (1.05 ticks)
Clique table members: 433.
MIP emphasis: optimality.
MIP search method: traditional branch-and-cut.
Parallel mode: none, using 1 thread.
Root relaxation solution time = 0.00 sec. (1.00 ticks)

        Nodes                                         Cuts/
   Node  Left     Objective  IInf  Best Integer    Best Bound    ItCnt     Gap         Variable B NodeID Parent  Depth

*     0+    0                          834.0000      427.0000            48.80%
      0     0      832.0000     0      834.0000      809.0000      228    3.00%

User cuts applied:  83

Root node processing (before b&c):
  Real time             =    0.05 sec. (6.57 ticks)
Sequential b&c:
  Real time             =    0.00 sec. (0.00 ticks)
                          ------------
Total (root+branch&cut) =    0.05 sec. (6.57 ticks)

