Version identifier: 22.1.0.0 | 2022-03-09 | 1a383f8ce
CPXPARAM_Preprocessing_Reduce                    1
CPXPARAM_Threads                                 1
CPXPARAM_Preprocessing_Reformulations            0
CPXPARAM_Emphasis_MIP                            2
CPXPARAM_MIP_Limits_CutPasses                    300
CPXPARAM_TimeLimit                               10800
CPXPARAM_MIP_Limits_TreeMemory                   20000
Legacy callback                                  BbLUID
         Disabling repeat represolve because of lazy constraint/incumbent callback.
1 of 1 MIP starts provided solutions.
MIP start 'm1' defined initial solution with objective 980.0000.
Tried aggregator 2 times.
MIP Presolve eliminated 4949 rows and 3 columns.
MIP Presolve modified 735 coefficients.
Aggregator did 15 substitutions.
Reduced MIP has 1116 rows, 3430 columns, and 12540 nonzeros.
Reduced MIP has 3430 binaries, 0 generals, 0 SOSs, and 0 indicators.
Presolve time = 0.01 sec. (10.74 ticks)
Probing time = 0.00 sec. (2.71 ticks)
Clique table members: 1190.
MIP emphasis: optimality.
MIP search method: traditional branch-and-cut.
Parallel mode: none, using 1 thread.
Root relaxation solution time = 0.00 sec. (5.26 ticks)

        Nodes                                         Cuts/
   Node  Left     Objective  IInf  Best Integer    Best Bound    ItCnt     Gap         Variable B NodeID Parent  Depth

*     0+    0                          980.0000      267.0000            72.76%
      0     0      951.5000    12      980.0000      916.0000      428    6.53%
      0     2      975.0000    12      980.0000      975.0000      428    0.51%                        0             0
Elapsed time = 0.16 sec. (86.65 ticks, tree = 0.01 MB, solutions = 1)

User cuts applied:  433

Root node processing (before b&c):
  Real time             =    0.16 sec. (86.60 ticks)
Sequential b&c:
  Real time             =    0.87 sec. (180.77 ticks)
                          ------------
Total (root+branch&cut) =    1.02 sec. (267.37 ticks)

