Version identifier: 22.1.0.0 | 2022-03-09 | 1a383f8ce
CPXPARAM_Preprocessing_Reduce                    1
CPXPARAM_Threads                                 1
CPXPARAM_Preprocessing_Reformulations            0
CPXPARAM_Emphasis_MIP                            2
CPXPARAM_MIP_Limits_CutPasses                    300
CPXPARAM_TimeLimit                               10800
CPXPARAM_MIP_Limits_TreeMemory                   20000
Legacy callback                                  BbLUID
         Disabling repeat represolve because of lazy constraint/incumbent callback.
1 of 1 MIP starts provided solutions.
MIP start 'm1' defined initial solution with objective 1019.0000.
Tried aggregator 2 times.
MIP Presolve eliminated 775 rows and 13 columns.
MIP Presolve modified 312 coefficients.
Aggregator did 20 substitutions.
Reduced MIP has 675 rows, 1591 columns, and 4670 nonzeros.
Reduced MIP has 1591 binaries, 0 generals, 0 SOSs, and 0 indicators.
Presolve time = 0.00 sec. (2.90 ticks)
Probing time = 0.00 sec. (2.16 ticks)
Clique table members: 766.
MIP emphasis: optimality.
MIP search method: traditional branch-and-cut.
Parallel mode: none, using 1 thread.
Root relaxation solution time = 0.00 sec. (2.65 ticks)

        Nodes                                         Cuts/
   Node  Left     Objective  IInf  Best Integer    Best Bound    ItCnt     Gap         Variable B NodeID Parent  Depth

*     0+    0                         1019.0000      424.0000            58.39%
      0     0     1007.0000     8     1019.0000      971.0000      397    4.71%
      0     0        cutoff           1019.0000                    400    0.00%                        0             0
Elapsed time = 0.10 sec. (24.53 ticks, tree = 0.01 MB, solutions = 1)

Zero-half cuts applied:  3
Lift and project cuts applied:  1
Gomory fractional cuts applied:  2
User cuts applied:  154

Root node processing (before b&c):
  Real time             =    0.10 sec. (24.56 ticks)
Sequential b&c:
  Real time             =    0.00 sec. (0.00 ticks)
                          ------------
Total (root+branch&cut) =    0.10 sec. (24.56 ticks)

