Version identifier: 22.1.0.0 | 2022-03-09 | 1a383f8ce
CPXPARAM_Preprocessing_Reduce                    1
CPXPARAM_Threads                                 1
CPXPARAM_Preprocessing_Reformulations            0
CPXPARAM_Emphasis_MIP                            2
CPXPARAM_MIP_Limits_CutPasses                    300
CPXPARAM_TimeLimit                               10800
CPXPARAM_MIP_Limits_TreeMemory                   20000
Legacy callback                                  BbLUID
         Disabling repeat represolve because of lazy constraint/incumbent callback.
1 of 1 MIP starts provided solutions.
MIP start 'm1' defined initial solution with objective 1020.0000.
Tried aggregator 2 times.
MIP Presolve eliminated 512 rows and 16 columns.
MIP Presolve modified 226 coefficients.
Aggregator did 16 substitutions.
Reduced MIP has 592 rows, 1306 columns, and 3628 nonzeros.
Reduced MIP has 1306 binaries, 0 generals, 0 SOSs, and 0 indicators.
Presolve time = 0.00 sec. (2.16 ticks)
Probing changed sense of 2 constraints.
Probing time = 0.00 sec. (1.65 ticks)
Clique table members: 638.
MIP emphasis: optimality.
MIP search method: traditional branch-and-cut.
Parallel mode: none, using 1 thread.
Root relaxation solution time = 0.00 sec. (2.40 ticks)

        Nodes                                         Cuts/
   Node  Left     Objective  IInf  Best Integer    Best Bound    ItCnt     Gap         Variable B NodeID Parent  Depth

*     0+    0                         1020.0000      322.0000            68.43%
      0     0      981.7500    17     1020.0000      981.7500      381    3.75%
      0     0     1017.0000    14     1020.0000      Cuts: 38      401    0.29%
      0     0        cutoff           1020.0000     1017.0000      401    0.29%                        0             0
Elapsed time = 0.09 sec. (28.36 ticks, tree = 0.01 MB, solutions = 1)

Lift and project cuts applied:  1
Gomory fractional cuts applied:  1
User cuts applied:  159

Root node processing (before b&c):
  Real time             =    0.09 sec. (28.39 ticks)
Sequential b&c:
  Real time             =    0.00 sec. (0.00 ticks)
                          ------------
Total (root+branch&cut) =    0.09 sec. (28.39 ticks)

