Version identifier: 22.1.0.0 | 2022-03-09 | 1a383f8ce
CPXPARAM_Preprocessing_Reduce                    1
CPXPARAM_Threads                                 1
CPXPARAM_Preprocessing_Reformulations            0
CPXPARAM_Emphasis_MIP                            2
CPXPARAM_MIP_Limits_CutPasses                    300
CPXPARAM_TimeLimit                               10800
CPXPARAM_MIP_Limits_TreeMemory                   20000
Legacy callback                                  BbLUID
         Disabling repeat represolve because of lazy constraint/incumbent callback.
1 of 1 MIP starts provided solutions.
MIP start 'm1' defined initial solution with objective 1023.0000.
Tried aggregator 2 times.
MIP Presolve eliminated 3343 rows and 10 columns.
MIP Presolve modified 684 coefficients.
Aggregator did 4 substitutions.
Reduced MIP has 1068 rows, 3078 columns, and 10747 nonzeros.
Reduced MIP has 3078 binaries, 0 generals, 0 SOSs, and 0 indicators.
Presolve time = 0.01 sec. (8.13 ticks)
Probing time = 0.00 sec. (2.56 ticks)
Clique table members: 1068.
MIP emphasis: optimality.
MIP search method: traditional branch-and-cut.
Parallel mode: none, using 1 thread.
Root relaxation solution time = 0.00 sec. (4.74 ticks)

        Nodes                                         Cuts/
   Node  Left     Objective  IInf  Best Integer    Best Bound    ItCnt     Gap         Variable B NodeID Parent  Depth

*     0+    0                         1023.0000      308.0000            69.89%
      0     0      933.0000     6     1023.0000      933.0000      434    8.80%
      0     0      983.8333    78     1023.0000     Cuts: 192      562    3.83%
      0     0      996.3000    65     1023.0000      Cuts: 84      612    2.61%
      0     0     1000.0000    26     1023.0000      Cuts: 51      646    2.25%
      0     0     1002.5000    63     1023.0000      Cuts: 29      659    2.00%
      0     0     1002.6000    95     1023.0000      Cuts: 30      674    1.99%
      0     0     1004.0000    24     1023.0000      Cuts: 24      692    1.86%
      0     0     1008.0000    22     1023.0000       Cuts: 6      705    1.47%
      0     0     1010.5000    28     1023.0000      Cuts: 17      719    1.22%
      0     0     1011.0000    26     1023.0000      Cuts: 10      726    1.17%
      0     0     1012.0000    65     1023.0000      Cuts: 15      738    1.08%
      0     0     1013.2000    33     1023.0000      Cuts: 24      770    0.96%
      0     0     1013.3333    39     1023.0000       Cuts: 8      783    0.94%
      0     0     1013.6667    28     1023.0000      Cuts: 13      790    0.91%
      0     0     1014.0000    25     1023.0000       Cuts: 7      793    0.88%
      0     0     1014.0000    20     1023.0000      Cuts: 12      804    0.88%
      0     0     1014.0000    41     1023.0000       Cuts: 7      821    0.88%
      0     0     1014.0714    49     1023.0000       Cuts: 4      843    0.87%
      0     0     1014.2000    34     1023.0000       Cuts: 5      860    0.86%
      0     0     1014.3617    44     1023.0000      Cuts: 10      883    0.84%
      0     0     1014.4545    44     1023.0000      Cuts: 11      911    0.84%
      0     0     1014.4643    47     1023.0000       Cuts: 6      931    0.83%
      0     0     1014.4783    44     1023.0000       Cuts: 5      941    0.83%
      0     0     1014.4800    49     1023.0000      Cuts: 18      960    0.83%
      0     0     1014.5000    44     1023.0000       Cuts: 4      970    0.83%
      0     0     1014.5000    28     1023.0000       Cuts: 4      986    0.83%
      0     0     1014.5185    47     1023.0000       Cuts: 8      997    0.83%
      0     0     1015.1000    54     1023.0000       Cuts: 3     1013    0.77%
      0     0     1015.2500    70     1023.0000      Cuts: 10     1024    0.76%
      0     0     1015.3333    69     1023.0000      Cuts: 15     1039    0.75%
      0     0     1015.5000    60     1023.0000      Cuts: 14     1055    0.73%
      0     0     1015.5000    57     1023.0000      Cuts: 17     1075    0.73%
      0     0     1015.5000    53     1023.0000       Cuts: 9     1088    0.73%
      0     0     1015.6000   106     1023.0000      Cuts: 12     1106    0.72%
      0     0     1016.3333    55     1023.0000      Cuts: 22     1128    0.65%
      0     0     1016.5500   121     1023.0000      Cuts: 19     1152    0.63%
      0     0     1016.7500   103     1023.0000      Cuts: 24     1178    0.61%
      0     0     1016.8000   111     1023.0000       Cuts: 7     1199    0.61%
      0     0     1016.8000    99     1023.0000  ZeroHalf: 13     1228    0.61%
      0     0     1017.0833   105     1023.0000      Cuts: 16     1271    0.58%
      0     0     1017.1569   156     1023.0000      Cuts: 24     1291    0.57%
      0     0     1017.3735    99     1023.0000      Cuts: 27     1342    0.55%
      0     0     1017.4596   127     1023.0000      Cuts: 15     1367    0.54%
      0     0     1017.7126   166     1023.0000      Cuts: 19     1395    0.52%
      0     0     1017.9286   150     1023.0000      Cuts: 28     1443    0.50%
      0     0     1017.9286   113     1023.0000      Cuts: 19     1475    0.50%
      0     0     1017.9286   122     1023.0000      Cuts: 12     1513    0.50%
      0     0     1017.9524    89     1023.0000   ZeroHalf: 8     1546    0.49%
      0     0     1017.9565    96     1023.0000       Cuts: 2     1548    0.49%
      0     0     1018.0000    44     1023.0000       Cuts: 2     1551    0.49%
      0     0     1018.0000    97     1023.0000       Cuts: 4     1558    0.49%
      0     0     1018.0000    74     1023.0000  ZeroHalf: 18     1603    0.49%
      0     0     1018.0000    48     1023.0000      Cuts: 15     1653    0.49%
      0     0     1018.0000    46     1023.0000      Cuts: 11     1671    0.49%
      0     0     1018.0000    52     1023.0000  ZeroHalf: 12     1682    0.49%
      0     0     1018.0000    43     1023.0000  ZeroHalf: 13     1719    0.49%
      0     0     1018.0000    16     1023.0000      Cuts: 13     1747    0.49%
      0     0     1018.0167    97     1023.0000       Cuts: 2     1781    0.49%
      0     0     1018.0333    96     1023.0000   ZeroHalf: 4     1795    0.49%
      0     0     1018.0757    93     1023.0000   ZeroHalf: 9     1812    0.48%
      0     0     1018.1000    92     1023.0000       Cuts: 3     1831    0.48%
      0     0     1018.1020    86     1023.0000   ZeroHalf: 5     1850    0.48%
      0     0     1018.1238    92     1023.0000      Cuts: 12     1876    0.48%
      0     0     1018.1429    45     1023.0000       Cuts: 4     1884    0.47%
      0     0     1018.1429    48     1023.0000       Cuts: 5     1893    0.47%
      0     0     1018.1481    97     1023.0000       Cuts: 5     1905    0.47%
      0     0     1018.1481    92     1023.0000   ZeroHalf: 2     1921    0.47%
      0     0     1018.1481    97     1023.0000   ZeroHalf: 5     1930    0.47%
      0     0     1018.1786    53     1023.0000   ZeroHalf: 3     1962    0.47%
      0     0     1018.1974   102     1023.0000       Cuts: 6     1979    0.47%
      0     0     1018.2169   102     1023.0000   ZeroHalf: 5     1999    0.47%
      0     0     1018.2273    93     1023.0000   ZeroHalf: 3     2015    0.47%
      0     0     1018.2356   103     1023.0000   ZeroHalf: 4     2039    0.47%
      0     0     1018.2628   101     1023.0000   ZeroHalf: 8     2072    0.46%
      0     0     1018.3458    94     1023.0000       Cuts: 6     2119    0.45%
      0     0     1018.3896    93     1023.0000   ZeroHalf: 4     2144    0.45%
      0     0     1018.4105   101     1023.0000   ZeroHalf: 3     2185    0.45%
      0     0     1018.4431    97     1023.0000   ZeroHalf: 5     2220    0.45%
      0     0     1018.4866    99     1023.0000   ZeroHalf: 3     2253    0.44%
      0     0     1018.5056    95     1023.0000       Cuts: 5     2279    0.44%
      0     0     1018.5103    98     1023.0000   ZeroHalf: 3     2293    0.44%
      0     0     1018.5321    92     1023.0000       Cuts: 8     2322    0.44%
      0     0     1018.5321    95     1023.0000   ZeroHalf: 5     2342    0.44%
      0     0     1018.5448    96     1023.0000       Cuts: 5     2370    0.44%
      0     0     1018.5448    99     1023.0000   ZeroHalf: 2     2375    0.44%
      0     0     1018.5453   101     1023.0000   ZeroHalf: 2     2384    0.44%
      0     0     1018.5456   103     1023.0000       Cuts: 3     2397    0.44%
      0     0     1018.5491   103     1023.0000   ZeroHalf: 3     2413    0.44%
      0     0     1018.5491   101     1023.0000   ZeroHalf: 2     2416    0.44%
      0     0     1018.5491   102     1023.0000   ZeroHalf: 1     2419    0.44%
      0     2     1018.5491   102     1023.0000     1018.5512     2419    0.43%                        0             0
Elapsed time = 1.46 sec. (1256.18 ticks, tree = 0.01 MB, solutions = 1)
     17    15     1019.2708    69     1023.0000     1018.6538     2686    0.42%          x50_85 N     17     16     15
     47    28     1021.3272    75     1023.0000     1018.8268     3234    0.41%        x107_179 N     47     45      3
     81    51     1021.7500    44     1023.0000     1019.6667     4610    0.33%         x161_78 U     81     68     18
    147    93     1021.8333    47     1023.0000     1020.0000     6239    0.29%        x120_188 N    147    130     17
    219   134     1020.3333    38     1023.0000     1020.2143     7903    0.27%        x161_162 D    219     88     10
    288   173     1021.3750    55     1023.0000     1020.5000     9148    0.24%         x179_68 N    288    249     27
    391   222     1020.6786    40     1023.0000     1020.6429    11005    0.23%        x120_188 D    391    271     10
    488   264     1021.0000    44     1023.0000     1020.8750    12493    0.21%         x151_25 D    488    333     25
    571   311     1021.5000    21     1023.0000     1021.0000    13514    0.20%          x95_44 D    571    570     15
    945   401     1021.5000    28     1023.0000     1021.2500    18740    0.17%         x47_110 D    945    869     30
Elapsed time = 12.73 sec. (4376.90 ticks, tree = 0.73 MB, solutions = 1)
   1380   335     1021.5556    43     1023.0000     1021.5385    22882    0.14%        x120_113 D   1380   1379     24
   1842    37        cutoff           1023.0000     1022.0000    25575    0.10%         x113_11 U   1842    220     11

Clique cuts applied:  2
Zero-half cuts applied:  103
Lift and project cuts applied:  1
Gomory fractional cuts applied:  3
User cuts applied:  958

Root node processing (before b&c):
  Real time             =    1.46 sec. (1256.13 ticks)
Sequential b&c:
  Real time             =   17.11 sec. (5158.95 ticks)
                          ------------
Total (root+branch&cut) =   18.57 sec. (6415.08 ticks)

