Version identifier: 22.1.0.0 | 2022-03-09 | 1a383f8ce
CPXPARAM_Preprocessing_Reduce                    1
CPXPARAM_Threads                                 1
CPXPARAM_Preprocessing_Reformulations            0
CPXPARAM_Emphasis_MIP                            2
CPXPARAM_MIP_Limits_CutPasses                    300
CPXPARAM_TimeLimit                               10800
CPXPARAM_MIP_Limits_TreeMemory                   20000
Legacy callback                                  BbLUID
         Disabling repeat represolve because of lazy constraint/incumbent callback.
1 of 1 MIP starts provided solutions.
MIP start 'm1' defined initial solution with objective 280.0000.
Tried aggregator 2 times.
MIP Presolve eliminated 97 rows and 1 columns.
MIP Presolve modified 34 coefficients.
Aggregator did 5 substitutions.
Reduced MIP has 68 rows, 158 columns, and 478 nonzeros.
Reduced MIP has 158 binaries, 0 generals, 0 SOSs, and 0 indicators.
Presolve time = 0.00 sec. (0.30 ticks)
Probing time = 0.00 sec. (0.22 ticks)
Clique table members: 76.
MIP emphasis: optimality.
MIP search method: traditional branch-and-cut.
Parallel mode: none, using 1 thread.
Root relaxation solution time = 0.00 sec. (0.13 ticks)

        Nodes                                         Cuts/
   Node  Left     Objective  IInf  Best Integer    Best Bound    ItCnt     Gap         Variable B NodeID Parent  Depth

*     0+    0                          280.0000      115.0000            58.93%
      0     0      269.0000    14      280.0000      239.0000       25   14.64%
      0     0        cutoff            280.0000      269.0000       25    3.93%                        0             0
Elapsed time = 0.00 sec. (2.15 ticks, tree = 0.01 MB, solutions = 1)

User cuts applied:  41

Root node processing (before b&c):
  Real time             =    0.00 sec. (2.16 ticks)
Sequential b&c:
  Real time             =    0.00 sec. (0.00 ticks)
                          ------------
Total (root+branch&cut) =    0.00 sec. (2.16 ticks)

