Version identifier: 22.1.0.0 | 2022-03-09 | 1a383f8ce
CPXPARAM_Preprocessing_Reduce                    1
CPXPARAM_Threads                                 1
CPXPARAM_Preprocessing_Reformulations            0
CPXPARAM_Emphasis_MIP                            2
CPXPARAM_MIP_Limits_CutPasses                    300
CPXPARAM_TimeLimit                               10800
CPXPARAM_MIP_Limits_TreeMemory                   20000
Legacy callback                                  BbLUID
         Disabling repeat represolve because of lazy constraint/incumbent callback.
1 of 1 MIP starts provided solutions.
MIP start 'm1' defined initial solution with objective 258.0000.
Tried aggregator 2 times.
MIP Presolve eliminated 158 rows and 0 columns.
MIP Presolve modified 63 coefficients.
Aggregator did 2 substitutions.
Reduced MIP has 104 rows, 216 columns, and 717 nonzeros.
Reduced MIP has 216 binaries, 0 generals, 0 SOSs, and 0 indicators.
Presolve time = 0.00 sec. (0.48 ticks)
Probing time = 0.00 sec. (0.34 ticks)
Clique table members: 104.
MIP emphasis: optimality.
MIP search method: traditional branch-and-cut.
Parallel mode: none, using 1 thread.
Root relaxation solution time = 0.00 sec. (0.25 ticks)

        Nodes                                         Cuts/
   Node  Left     Objective  IInf  Best Integer    Best Bound    ItCnt     Gap         Variable B NodeID Parent  Depth

*     0+    0                          258.0000       42.0000            83.72%
      0     0      248.0000    18      258.0000      246.0000       37    4.65%
      0     0        cutoff            258.0000      248.0000       37    3.88%                        0             0
Elapsed time = 0.01 sec. (3.34 ticks, tree = 0.01 MB, solutions = 1)

User cuts applied:  63

Root node processing (before b&c):
  Real time             =    0.01 sec. (3.35 ticks)
Sequential b&c:
  Real time             =    0.00 sec. (0.00 ticks)
                          ------------
Total (root+branch&cut) =    0.01 sec. (3.35 ticks)

