Version identifier: 22.1.0.0 | 2022-03-09 | 1a383f8ce
CPXPARAM_Preprocessing_Reduce                    1
CPXPARAM_Threads                                 1
CPXPARAM_Preprocessing_Reformulations            0
CPXPARAM_Emphasis_MIP                            2
CPXPARAM_MIP_Limits_CutPasses                    300
CPXPARAM_TimeLimit                               10800
CPXPARAM_MIP_Limits_TreeMemory                   20000
Legacy callback                                  BbLUID
         Disabling repeat represolve because of lazy constraint/incumbent callback.
1 of 1 MIP starts provided solutions.
MIP start 'm1' defined initial solution with objective 412.0000.
Tried aggregator 2 times.
MIP Presolve eliminated 245 rows and 2 columns.
MIP Presolve modified 82 coefficients.
Aggregator did 2 substitutions.
Reduced MIP has 159 rows, 403 columns, and 1236 nonzeros.
Reduced MIP has 403 binaries, 0 generals, 0 SOSs, and 0 indicators.
Presolve time = 0.00 sec. (0.79 ticks)
Probing time = 0.00 sec. (0.60 ticks)
Clique table members: 167.
MIP emphasis: optimality.
MIP search method: traditional branch-and-cut.
Parallel mode: none, using 1 thread.
Root relaxation solution time = 0.00 sec. (0.42 ticks)

        Nodes                                         Cuts/
   Node  Left     Objective  IInf  Best Integer    Best Bound    ItCnt     Gap         Variable B NodeID Parent  Depth

*     0+    0                          412.0000       18.0000            95.63%
      0     0      386.0000    12      412.0000      299.0000       58   27.43%
      0     2      405.5000    18      412.0000      406.0000       58    1.46%                        0             0
Elapsed time = 0.02 sec. (13.22 ticks, tree = 0.01 MB, solutions = 1)

User cuts applied:  131

Root node processing (before b&c):
  Real time             =    0.02 sec. (13.15 ticks)
Sequential b&c:
  Real time             =    0.00 sec. (1.52 ticks)
                          ------------
Total (root+branch&cut) =    0.02 sec. (14.67 ticks)

