Version identifier: 22.1.0.0 | 2022-03-09 | 1a383f8ce
CPXPARAM_Preprocessing_Reduce                    1
CPXPARAM_Threads                                 1
CPXPARAM_Preprocessing_Reformulations            0
CPXPARAM_Emphasis_MIP                            2
CPXPARAM_MIP_Limits_CutPasses                    300
CPXPARAM_TimeLimit                               10800
CPXPARAM_MIP_Limits_TreeMemory                   20000
Legacy callback                                  BbLUID
         Disabling repeat represolve because of lazy constraint/incumbent callback.
1 of 1 MIP starts provided solutions.
MIP start 'm1' defined initial solution with objective 470.0000.
Tried aggregator 2 times.
MIP Presolve eliminated 183 rows and 1 columns.
MIP Presolve modified 78 coefficients.
Aggregator did 4 substitutions.
Reduced MIP has 154 rows, 371 columns, and 1097 nonzeros.
Reduced MIP has 371 binaries, 0 generals, 0 SOSs, and 0 indicators.
Presolve time = 0.00 sec. (0.67 ticks)
Probing time = 0.00 sec. (0.53 ticks)
Clique table members: 182.
MIP emphasis: optimality.
MIP search method: traditional branch-and-cut.
Parallel mode: none, using 1 thread.
Root relaxation solution time = 0.00 sec. (0.38 ticks)

        Nodes                                         Cuts/
   Node  Left     Objective  IInf  Best Integer    Best Bound    ItCnt     Gap         Variable B NodeID Parent  Depth

*     0+    0                          470.0000       85.0000            81.91%
      0     0      462.0000    12      470.0000      441.0000       49    6.17%
      0     0        cutoff            470.0000      462.0000       49    1.70%                        0             0
Elapsed time = 0.01 sec. (3.56 ticks, tree = 0.01 MB, solutions = 1)

User cuts applied:  41

Root node processing (before b&c):
  Real time             =    0.01 sec. (3.57 ticks)
Sequential b&c:
  Real time             =    0.00 sec. (0.00 ticks)
                          ------------
Total (root+branch&cut) =    0.01 sec. (3.57 ticks)

