Version identifier: 22.1.0.0 | 2022-03-09 | 1a383f8ce
CPXPARAM_Preprocessing_Reduce                    1
CPXPARAM_Threads                                 1
CPXPARAM_Preprocessing_Reformulations            0
CPXPARAM_Emphasis_MIP                            2
CPXPARAM_MIP_Limits_CutPasses                    300
CPXPARAM_TimeLimit                               10800
CPXPARAM_MIP_Limits_TreeMemory                   20000
Legacy callback                                  BbLUID
         Disabling repeat represolve because of lazy constraint/incumbent callback.
1 of 1 MIP starts provided solutions.
MIP start 'm1' defined initial solution with objective 382.0000.
Tried aggregator 2 times.
MIP Presolve eliminated 505 rows and 0 columns.
MIP Presolve modified 108 coefficients.
Aggregator did 5 substitutions.
Reduced MIP has 184 rows, 531 columns, and 1720 nonzeros.
Reduced MIP has 531 binaries, 0 generals, 0 SOSs, and 0 indicators.
Presolve time = 0.00 sec. (1.22 ticks)
Probing time = 0.00 sec. (0.93 ticks)
Clique table members: 186.
MIP emphasis: optimality.
MIP search method: traditional branch-and-cut.
Parallel mode: none, using 1 thread.
Root relaxation solution time = 0.00 sec. (0.41 ticks)

        Nodes                                         Cuts/
   Node  Left     Objective  IInf  Best Integer    Best Bound    ItCnt     Gap         Variable B NodeID Parent  Depth

*     0+    0                          382.0000      106.0000            72.25%
      0     0      364.5000    42      382.0000      344.0000       30    9.95%
      0     0      371.2500    42      382.0000      Cuts: 14       52    2.81%
      0     0      374.6667    21      382.0000      Cuts: 22       63    1.92%
      0     0      379.6250    57      382.0000      Cuts: 10       85    0.62%
      0     0      380.0000    22      382.0000      Cuts: 13       98    0.52%
      0     0      380.0000    10      382.0000      Cuts: 12      100    0.52%
      0     0      380.0789    78      382.0000       Cuts: 3      101    0.50%
      0     0      380.4111    86      382.0000      Cuts: 20      128    0.42%
      0     0      380.4444    30      382.0000      Cuts: 14      134    0.41%
      0     0        cutoff            382.0000                    144    0.00%                        0             0
Elapsed time = 0.04 sec. (33.44 ticks, tree = 0.01 MB, solutions = 1)

Zero-half cuts applied:  22
Gomory fractional cuts applied:  3
User cuts applied:  143

Root node processing (before b&c):
  Real time             =    0.04 sec. (33.44 ticks)
Sequential b&c:
  Real time             =    0.00 sec. (0.00 ticks)
                          ------------
Total (root+branch&cut) =    0.04 sec. (33.44 ticks)

