Version identifier: 22.1.0.0 | 2022-03-09 | 1a383f8ce
CPXPARAM_Preprocessing_Reduce                    1
CPXPARAM_Threads                                 1
CPXPARAM_Preprocessing_Reformulations            0
CPXPARAM_Emphasis_MIP                            2
CPXPARAM_MIP_Limits_CutPasses                    300
CPXPARAM_TimeLimit                               10800
CPXPARAM_MIP_Limits_TreeMemory                   20000
Legacy callback                                  BbLUID
         Disabling repeat represolve because of lazy constraint/incumbent callback.
1 of 1 MIP starts provided solutions.
MIP start 'm1' defined initial solution with objective 344.0000.
Tried aggregator 1 time.
MIP Presolve eliminated 584 rows and 0 columns.
MIP Presolve modified 135 coefficients.
Reduced MIP has 217 rows, 650 columns, and 2160 nonzeros.
Reduced MIP has 650 binaries, 0 generals, 0 SOSs, and 0 indicators.
Presolve time = 0.00 sec. (1.37 ticks)
Probing time = 0.00 sec. (1.23 ticks)
Clique table members: 217.
MIP emphasis: optimality.
MIP search method: traditional branch-and-cut.
Parallel mode: none, using 1 thread.
Root relaxation solution time = 0.00 sec. (0.57 ticks)

        Nodes                                         Cuts/
   Node  Left     Objective  IInf  Best Integer    Best Bound    ItCnt     Gap         Variable B NodeID Parent  Depth

*     0+    0                          344.0000        0.0000           100.00%
      0     0      342.0000     0      344.0000      290.0000       58   15.70%

User cuts applied:  125

Root node processing (before b&c):
  Real time             =    0.01 sec. (6.57 ticks)
Sequential b&c:
  Real time             =    0.00 sec. (0.00 ticks)
                          ------------
Total (root+branch&cut) =    0.01 sec. (6.57 ticks)

