Version identifier: 22.1.0.0 | 2022-03-09 | 1a383f8ce
CPXPARAM_Preprocessing_Reduce                    1
CPXPARAM_Threads                                 1
CPXPARAM_Preprocessing_Reformulations            0
CPXPARAM_Emphasis_MIP                            2
CPXPARAM_MIP_Limits_CutPasses                    300
CPXPARAM_TimeLimit                               10800
CPXPARAM_MIP_Limits_TreeMemory                   20000
Legacy callback                                  BbLUID
         Disabling repeat represolve because of lazy constraint/incumbent callback.
1 of 1 MIP starts provided solutions.
MIP start 'm1' defined initial solution with objective 417.0000.
Tried aggregator 1 time.
MIP Presolve eliminated 278 rows and 0 columns.
MIP Presolve modified 59 coefficients.
Reduced MIP has 144 rows, 425 columns, and 1205 nonzeros.
Reduced MIP has 425 binaries, 0 generals, 0 SOSs, and 0 indicators.
Presolve time = 0.00 sec. (0.68 ticks)
Probing time = 0.00 sec. (0.64 ticks)
Clique table members: 146.
MIP emphasis: optimality.
MIP search method: traditional branch-and-cut.
Parallel mode: none, using 1 thread.
Root relaxation solution time = 0.00 sec. (0.45 ticks)

        Nodes                                         Cuts/
   Node  Left     Objective  IInf  Best Integer    Best Bound    ItCnt     Gap         Variable B NodeID Parent  Depth

*     0+    0                          417.0000        0.0000           100.00%
      0     0      414.0000     0      417.0000      398.0000       85    4.56%

User cuts applied:  67

Root node processing (before b&c):
  Real time             =    0.01 sec. (3.59 ticks)
Sequential b&c:
  Real time             =    0.00 sec. (0.00 ticks)
                          ------------
Total (root+branch&cut) =    0.01 sec. (3.59 ticks)

