Version identifier: 22.1.0.0 | 2022-03-09 | 1a383f8ce
CPXPARAM_Preprocessing_Reduce                    1
CPXPARAM_Threads                                 1
CPXPARAM_Preprocessing_Reformulations            0
CPXPARAM_Emphasis_MIP                            2
CPXPARAM_MIP_Limits_CutPasses                    300
CPXPARAM_TimeLimit                               10800
CPXPARAM_MIP_Limits_TreeMemory                   20000
Legacy callback                                  BbLUID
         Disabling repeat represolve because of lazy constraint/incumbent callback.
1 of 1 MIP starts provided solutions.
MIP start 'm1' defined initial solution with objective 429.0000.
Tried aggregator 2 times.
MIP Presolve eliminated 957 rows and 0 columns.
MIP Presolve modified 147 coefficients.
Aggregator did 2 substitutions.
Reduced MIP has 227 rows, 680 columns, and 2473 nonzeros.
Reduced MIP has 680 binaries, 0 generals, 0 SOSs, and 0 indicators.
Presolve time = 0.00 sec. (2.11 ticks)
Probing time = 0.00 sec. (1.43 ticks)
Clique table members: 227.
MIP emphasis: optimality.
MIP search method: traditional branch-and-cut.
Parallel mode: none, using 1 thread.
Root relaxation solution time = 0.00 sec. (0.78 ticks)

        Nodes                                         Cuts/
   Node  Left     Objective  IInf  Best Integer    Best Bound    ItCnt     Gap         Variable B NodeID Parent  Depth

*     0+    0                          429.0000       20.0000            95.34%
      0     0      369.0000    29      429.0000      323.0000       67   24.71%
      0     0      385.0000    39      429.0000      Cuts: 29      100   10.26%
      0     0      386.4000    41      429.0000      Cuts: 29      104    9.93%
      0     0      388.0000    28      429.0000       Cuts: 9      109    9.56%
      0     0      389.0588    80      429.0000      Cuts: 10      111    9.31%
      0     0      389.5556    81      429.0000      Cuts: 13      133    9.19%
      0     0      390.2500    43      429.0000      Cuts: 11      146    9.03%
      0     0      391.8333    75      429.0000       Cuts: 7      165    8.66%
      0     0      392.9469    69      429.0000      Cuts: 12      188    8.40%
      0     0      393.0000    12      429.0000       Cuts: 7      189    8.39%
      0     0      397.6538    87      429.0000       Cuts: 6      249    7.31%
      0     0      399.5500    81      429.0000      Cuts: 15      282    6.86%
      0     0      400.8667    73      429.0000      Cuts: 22      307    6.56%
      0     0      402.0000    36      429.0000      Cuts: 12      332    6.29%
      0     0      402.1000    56      429.0000      Cuts: 16      342    6.27%
      0     0      402.4688    66      429.0000   ZeroHalf: 9      362    6.18%
      0     0      402.9043    74      429.0000       Cuts: 7      385    6.08%
      0     0      403.0000    57      429.0000   ZeroHalf: 6      398    6.06%
      0     0      403.5000    90      429.0000      Cuts: 10      435    5.94%
      0     0      403.5385    71      429.0000       Cuts: 6      448    5.94%
      0     0      403.6304    73      429.0000   ZeroHalf: 2      464    5.91%
      0     0      403.6727    80      429.0000       Cuts: 5      477    5.90%
      0     0      404.0248   103      429.0000   ZeroHalf: 6      513    5.82%
      0     0      404.4541   102      429.0000       Cuts: 3      540    5.72%
      0     0      404.7727    65      429.0000       Cuts: 6      569    5.65%
      0     0      405.0098    82      429.0000   ZeroHalf: 4      594    5.59%
      0     0      405.0893    98      429.0000   ZeroHalf: 5      609    5.57%
      0     0      405.1694    77      429.0000   ZeroHalf: 1      621    5.55%
      0     0      405.2354    80      429.0000   ZeroHalf: 1      633    5.54%
      0     0      405.3461    77      429.0000   ZeroHalf: 1      649    5.51%
      0     0      405.3537    77      429.0000   ZeroHalf: 1      655    5.51%
      0     2      405.3558    79      429.0000      405.3573      655    5.51%                        0             0
Elapsed time = 0.24 sec. (328.10 ticks, tree = 0.01 MB, solutions = 1)
      7     2        cutoff            429.0000      407.5667     1024    5.00%          x40_11 N      7      2      3
     40    18      425.2000    21      429.0000      417.0000     2461    2.80%          x10_28 U     40     18     10

Clique cuts applied:  1
Zero-half cuts applied:  32
User cuts applied:  405

Root node processing (before b&c):
  Real time             =    0.24 sec. (328.06 ticks)
Sequential b&c:
  Real time             =    0.42 sec. (655.92 ticks)
                          ------------
Total (root+branch&cut) =    0.67 sec. (983.98 ticks)

