Version identifier: 22.1.0.0 | 2022-03-09 | 1a383f8ce
CPXPARAM_Preprocessing_Reduce                    1
CPXPARAM_Threads                                 1
CPXPARAM_Preprocessing_Reformulations            0
CPXPARAM_Emphasis_MIP                            2
CPXPARAM_MIP_Limits_CutPasses                    300
CPXPARAM_TimeLimit                               10800
CPXPARAM_MIP_Limits_TreeMemory                   20000
Legacy callback                                  BbLUID
         Disabling repeat represolve because of lazy constraint/incumbent callback.
1 of 1 MIP starts provided solutions.
MIP start 'm1' defined initial solution with objective 431.0000.
Tried aggregator 1 time.
MIP Presolve eliminated 511 rows and 0 columns.
MIP Presolve modified 107 coefficients.
Reduced MIP has 189 rows, 509 columns, and 1712 nonzeros.
Reduced MIP has 509 binaries, 0 generals, 0 SOSs, and 0 indicators.
Presolve time = 0.00 sec. (1.09 ticks)
Probing time = 0.00 sec. (0.91 ticks)
Clique table members: 199.
MIP emphasis: optimality.
MIP search method: traditional branch-and-cut.
Parallel mode: none, using 1 thread.
Root relaxation solution time = 0.00 sec. (0.59 ticks)

        Nodes                                         Cuts/
   Node  Left     Objective  IInf  Best Integer    Best Bound    ItCnt     Gap         Variable B NodeID Parent  Depth

*     0+    0                          431.0000        0.0000           100.00%
      0     0      408.5000    24      431.0000      358.0000       87   16.94%
      0     0      424.2500    23      431.0000      Cuts: 19       93    1.57%
      0     0      425.2500    36      431.0000       Cuts: 7       98    1.33%
      0     0      425.5000    15      431.0000       Cuts: 6      100    1.28%
      0     0      425.5000    14      431.0000      Cuts: 11      102    1.28%
      0     0      425.5000    20      431.0000   ZeroHalf: 8      105    1.28%
      0     0      425.6250    38      431.0000   ZeroHalf: 7      114    1.25%
      0     0      425.8000    29      431.0000      Cuts: 15      119    1.21%
      0     0      425.8750    32      431.0000      Cuts: 10      132    1.19%
      0     0      426.0000    33      431.0000       Cuts: 6      137    1.16%
      0     0      426.1667    33      431.0000   ZeroHalf: 6      142    1.12%
      0     0      427.0000    12      431.0000       Cuts: 5      157    0.93%
      0     0      427.5263    59      431.0000   ZeroHalf: 2      159    0.81%
      0     0      428.0833    50      431.0000       Cuts: 8      165    0.68%
      0     0      428.7500    43      431.0000   ZeroHalf: 7      171    0.52%
      0     0        cutoff            431.0000                    186    0.00%                        0             0
Elapsed time = 0.07 sec. (42.04 ticks, tree = 0.01 MB, solutions = 1)

Zero-half cuts applied:  21
Gomory fractional cuts applied:  1
User cuts applied:  123

Root node processing (before b&c):
  Real time             =    0.07 sec. (42.05 ticks)
Sequential b&c:
  Real time             =    0.00 sec. (0.00 ticks)
                          ------------
Total (root+branch&cut) =    0.07 sec. (42.05 ticks)

