Version identifier: 22.1.0.0 | 2022-03-09 | 1a383f8ce
CPXPARAM_Preprocessing_Reduce                    1
CPXPARAM_Threads                                 1
CPXPARAM_Preprocessing_Reformulations            0
CPXPARAM_Emphasis_MIP                            2
CPXPARAM_MIP_Limits_CutPasses                    300
CPXPARAM_TimeLimit                               10800
CPXPARAM_MIP_Limits_TreeMemory                   20000
Legacy callback                                  BbLUID
         Disabling repeat represolve because of lazy constraint/incumbent callback.
1 of 1 MIP starts provided solutions.
MIP start 'm1' defined initial solution with objective 377.0000.
Tried aggregator 1 time.
MIP Presolve eliminated 914 rows and 0 columns.
MIP Presolve modified 152 coefficients.
Reduced MIP has 234 rows, 674 columns, and 2422 nonzeros.
Reduced MIP has 674 binaries, 0 generals, 0 SOSs, and 0 indicators.
Presolve time = 0.00 sec. (1.78 ticks)
Probing time = 0.00 sec. (1.40 ticks)
Clique table members: 236.
MIP emphasis: optimality.
MIP search method: traditional branch-and-cut.
Parallel mode: none, using 1 thread.
Root relaxation solution time = 0.00 sec. (0.55 ticks)

        Nodes                                         Cuts/
   Node  Left     Objective  IInf  Best Integer    Best Bound    ItCnt     Gap         Variable B NodeID Parent  Depth

*     0+    0                          377.0000        0.0000           100.00%
      0     0      340.5000    18      377.0000      308.0000       61   18.30%
      0     0      356.0000    40      377.0000      Cuts: 30      110    5.57%
      0     0      362.5000    60      377.0000      Cuts: 19      141    3.85%
      0     0      364.5000    66      377.0000      Cuts: 13      159    3.32%
      0     0      366.0000    42      377.0000      Cuts: 12      163    2.92%
      0     0      366.5000    26      377.0000      Cuts: 12      165    2.79%
      0     0      368.5000    39      377.0000      Cuts: 12      169    2.25%
      0     0      372.9333    62      377.0000      Cuts: 17      186    1.08%
      0     0      373.5000    52      377.0000      Cuts: 27      192    0.93%
      0     0      374.0000    34      377.0000      Cuts: 20      202    0.80%
      0     0      374.4286    61      377.0000   ZeroHalf: 5      209    0.68%
      0     0      375.7500    59      377.0000  ZeroHalf: 11      229    0.33%
      0     0      376.0000    62      377.0000      Cuts: 25      239    0.27%
      0     0        cutoff            377.0000                    241    0.00%                        0             0
Elapsed time = 0.05 sec. (48.14 ticks, tree = 0.01 MB, solutions = 1)

Zero-half cuts applied:  26
Gomory fractional cuts applied:  3
User cuts applied:  177

Root node processing (before b&c):
  Real time             =    0.05 sec. (48.16 ticks)
Sequential b&c:
  Real time             =    0.00 sec. (0.00 ticks)
                          ------------
Total (root+branch&cut) =    0.05 sec. (48.16 ticks)

