Version identifier: 22.1.0.0 | 2022-03-09 | 1a383f8ce
CPXPARAM_Preprocessing_Reduce                    1
CPXPARAM_Threads                                 1
CPXPARAM_Preprocessing_Reformulations            0
CPXPARAM_Emphasis_MIP                            2
CPXPARAM_MIP_Limits_CutPasses                    300
CPXPARAM_TimeLimit                               10800
CPXPARAM_MIP_Limits_TreeMemory                   20000
Legacy callback                                  BbLUID
         Disabling repeat represolve because of lazy constraint/incumbent callback.
1 of 1 MIP starts provided solutions.
MIP start 'm1' defined initial solution with objective 603.0000.
Tried aggregator 1 time.
MIP Presolve eliminated 338 rows and 6 columns.
MIP Presolve modified 111 coefficients.
Reduced MIP has 223 rows, 537 columns, and 1638 nonzeros.
Reduced MIP has 537 binaries, 0 generals, 0 SOSs, and 0 indicators.
Presolve time = 0.00 sec. (0.89 ticks)
Probing time = 0.00 sec. (0.77 ticks)
Clique table members: 223.
MIP emphasis: optimality.
MIP search method: traditional branch-and-cut.
Parallel mode: none, using 1 thread.
Root relaxation solution time = 0.00 sec. (0.66 ticks)

        Nodes                                         Cuts/
   Node  Left     Objective  IInf  Best Integer    Best Bound    ItCnt     Gap         Variable B NodeID Parent  Depth

*     0+    0                          603.0000      221.0000            63.35%
      0     0      553.5000    17      603.0000      553.5000       85    8.21%
      0     0      584.0000    18      603.0000      Cuts: 34       93    3.15%
      0     0      597.5000    24      603.0000      Cuts: 11      100    0.91%
      0     0      599.5000    18      603.0000      Cuts: 17      107    0.58%
      0     0      600.3333    28      603.0000       Cuts: 6      114    0.44%
      0     0      600.5000    30      603.0000   ZeroHalf: 6      118    0.41%
      0     0      600.6000    21      603.0000   ZeroHalf: 3      126    0.40%
      0     0        cutoff            603.0000      600.6000      126    0.40%                        0             0
Elapsed time = 0.08 sec. (50.59 ticks, tree = 0.01 MB, solutions = 1)

Cover cuts applied:  1
Zero-half cuts applied:  12
Lift and project cuts applied:  2
Gomory fractional cuts applied:  2
User cuts applied:  126

Root node processing (before b&c):
  Real time             =    0.08 sec. (50.60 ticks)
Sequential b&c:
  Real time             =    0.00 sec. (0.00 ticks)
                          ------------
Total (root+branch&cut) =    0.08 sec. (50.60 ticks)

