Version identifier: 22.1.0.0 | 2022-03-09 | 1a383f8ce
CPXPARAM_Preprocessing_Reduce                    1
CPXPARAM_Threads                                 1
CPXPARAM_Preprocessing_Reformulations            0
CPXPARAM_Emphasis_MIP                            2
CPXPARAM_MIP_Limits_CutPasses                    300
CPXPARAM_TimeLimit                               10800
CPXPARAM_MIP_Limits_TreeMemory                   20000
Legacy callback                                  BbLUID
         Disabling repeat represolve because of lazy constraint/incumbent callback.
1 of 1 MIP starts provided solutions.
MIP start 'm1' defined initial solution with objective 591.0000.
Tried aggregator 2 times.
MIP Presolve eliminated 185 rows and 5 columns.
MIP Presolve modified 77 coefficients.
Aggregator did 4 substitutions.
Reduced MIP has 187 rows, 388 columns, and 1143 nonzeros.
Reduced MIP has 388 binaries, 0 generals, 0 SOSs, and 0 indicators.
Presolve time = 0.00 sec. (0.70 ticks)
Probing time = 0.00 sec. (0.49 ticks)
Clique table members: 203.
MIP emphasis: optimality.
MIP search method: traditional branch-and-cut.
Parallel mode: none, using 1 thread.
Root relaxation solution time = 0.00 sec. (0.51 ticks)

        Nodes                                         Cuts/
   Node  Left     Objective  IInf  Best Integer    Best Bound    ItCnt     Gap         Variable B NodeID Parent  Depth

*     0+    0                          591.0000      220.0000            62.77%
      0     0      589.5000    18      591.0000      563.0000      109    4.74%
      0     0        cutoff            591.0000                    112    0.00%                        0             0
Elapsed time = 0.02 sec. (8.52 ticks, tree = 0.01 MB, solutions = 1)

Zero-half cuts applied:  2
Gomory fractional cuts applied:  1
User cuts applied:  59

Root node processing (before b&c):
  Real time             =    0.02 sec. (8.53 ticks)
Sequential b&c:
  Real time             =    0.00 sec. (0.00 ticks)
                          ------------
Total (root+branch&cut) =    0.02 sec. (8.53 ticks)

