Version identifier: 22.1.0.0 | 2022-03-09 | 1a383f8ce
CPXPARAM_Preprocessing_Reduce                    1
CPXPARAM_Threads                                 1
CPXPARAM_Preprocessing_Reformulations            0
CPXPARAM_Emphasis_MIP                            2
CPXPARAM_MIP_Limits_CutPasses                    300
CPXPARAM_TimeLimit                               10800
CPXPARAM_MIP_Limits_TreeMemory                   20000
Legacy callback                                  BbLUID
         Disabling repeat represolve because of lazy constraint/incumbent callback.
1 of 1 MIP starts provided solutions.
MIP start 'm1' defined initial solution with objective 458.0000.
Tried aggregator 2 times.
MIP Presolve eliminated 929 rows and 0 columns.
MIP Presolve modified 203 coefficients.
Aggregator did 2 substitutions.
Reduced MIP has 323 rows, 927 columns, and 3141 nonzeros.
Reduced MIP has 927 binaries, 0 generals, 0 SOSs, and 0 indicators.
Presolve time = 0.00 sec. (2.38 ticks)
Probing time = 0.00 sec. (1.80 ticks)
Clique table members: 323.
MIP emphasis: optimality.
MIP search method: traditional branch-and-cut.
Parallel mode: none, using 1 thread.
Root relaxation solution time = 0.00 sec. (1.21 ticks)

        Nodes                                         Cuts/
   Node  Left     Objective  IInf  Best Integer    Best Bound    ItCnt     Gap         Variable B NodeID Parent  Depth

*     0+    0                          458.0000       21.0000            95.41%
      0     0      442.0000    14      458.0000      382.0000      139   16.59%
      0     0      455.0000    18      458.0000      Cuts: 18      151    0.66%
      0     0      455.2000    28      458.0000       Cuts: 8      160    0.61%
      0     0      455.2667    62      458.0000   ZeroHalf: 5      171    0.60%
      0     0      455.4286    27      458.0000      Cuts: 13      177    0.56%
      0     0      455.4286    32      458.0000      Cuts: 10      180    0.56%
      0     0      455.5000    35      458.0000   ZeroHalf: 6      186    0.55%
      0     0      456.0000    30      458.0000   ZeroHalf: 5      192    0.44%
      0     0      456.0000    28      458.0000   ZeroHalf: 9      205    0.44%
      0     0      456.0000    26      458.0000   ZeroHalf: 4      208    0.44%
      0     0      456.0000    33      458.0000   ZeroHalf: 1      209    0.44%
      0     0      456.0000    35      458.0000   ZeroHalf: 4      212    0.44%
      0     0      456.0000    25      458.0000   ZeroHalf: 3      214    0.44%
      0     0      456.0000    22      458.0000   ZeroHalf: 5      215    0.44%
      0     0      456.0000    27      458.0000   ZeroHalf: 4      222    0.44%
      0     0      456.0000    36      458.0000   ZeroHalf: 6      229    0.44%
      0     0      456.0000    30      458.0000   ZeroHalf: 7      237    0.44%
      0     0      456.0000    31      458.0000   ZeroHalf: 5      241    0.44%
      0     0      456.0000    27      458.0000  ZeroHalf: 12      250    0.44%
      0     0      456.0000    34      458.0000  ZeroHalf: 10      254    0.44%
      0     0      456.0000    10      458.0000  ZeroHalf: 11      272    0.44%
      0     0      456.0526    39      458.0000      Cuts: 14      282    0.43%
      0     0      456.1250    34      458.0000   ZeroHalf: 7      291    0.41%
      0     0      456.1250    37      458.0000   ZeroHalf: 5      293    0.41%
      0     0      456.1923    38      458.0000   ZeroHalf: 2      301    0.39%
      0     0      456.2500    35      458.0000   ZeroHalf: 5      306    0.38%
      0     0      456.2500    38      458.0000       Cuts: 7      316    0.38%
      0     0      456.2500    38      458.0000       Cuts: 6      321    0.38%
      0     0      456.2857    36      458.0000   ZeroHalf: 5      331    0.37%
      0     0      456.3077    40      458.0000   ZeroHalf: 6      334    0.37%
      0     0      456.3333    31      458.0000   ZeroHalf: 5      338    0.36%
      0     0      456.3333    31      458.0000  ZeroHalf: 10      341    0.36%
      0     0      456.4118    41      458.0000   ZeroHalf: 9      350    0.35%
      0     0      456.4545    39      458.0000   ZeroHalf: 4      354    0.34%
      0     0      456.5000    37      458.0000   ZeroHalf: 4      363    0.33%
      0     0      456.5236    58      458.0000   ZeroHalf: 4      371    0.32%
      0     0      456.5308    61      458.0000   ZeroHalf: 2      378    0.32%
      0     0      456.5541    58      458.0000       Cuts: 4      388    0.32%
      0     0      456.5886    62      458.0000       Cuts: 5      400    0.31%
      0     0      456.6250    32      458.0000   ZeroHalf: 9      409    0.30%
      0     0      456.6286    41      458.0000   ZeroHalf: 4      416    0.30%
      0     0      456.6316    41      458.0000   ZeroHalf: 4      421    0.30%
      0     0      456.6667    41      458.0000   ZeroHalf: 4      429    0.29%
      0     0      456.6667    30      458.0000   ZeroHalf: 5      435    0.29%
      0     0      456.6667    30      458.0000   ZeroHalf: 9      440    0.29%
      0     0      456.6667    33      458.0000   ZeroHalf: 5      446    0.29%
      0     0      456.6667    36      458.0000  ZeroHalf: 10      454    0.29%
      0     0      456.6667    31      458.0000   ZeroHalf: 6      463    0.29%
      0     0      456.6667    28      458.0000   ZeroHalf: 5      471    0.29%
      0     0      456.6667    28      458.0000  ZeroHalf: 12      480    0.29%
      0     0      456.6667    33      458.0000  ZeroHalf: 11      483    0.29%
      0     0      456.6875    38      458.0000   ZeroHalf: 4      488    0.29%
      0     0      456.7500    29      458.0000   ZeroHalf: 6      493    0.27%
      0     0      456.7500    33      458.0000       Cuts: 7      502    0.27%
      0     0      456.8000    32      458.0000   ZeroHalf: 2      509    0.26%
      0     0      456.8000    32      458.0000   ZeroHalf: 3      511    0.26%
      0     0      456.8000    29      458.0000   ZeroHalf: 4      513    0.26%
      0     0      456.8000    37      458.0000  ZeroHalf: 10      517    0.26%
      0     0      456.8000    33      458.0000   ZeroHalf: 3      524    0.26%
      0     0      456.8000    33      458.0000   ZeroHalf: 5      537    0.26%
      0     0      456.8000    38      458.0000   ZeroHalf: 2      539    0.26%
      0     0      456.8000    35      458.0000  ZeroHalf: 12      549    0.26%
      0     0      456.8000    40      458.0000   ZeroHalf: 6      553    0.26%
      0     0      456.9000    59      458.0000   ZeroHalf: 3      559    0.24%
      0     0      456.9444    45      458.0000       Cuts: 8      565    0.23%
      0     0      456.9444    51      458.0000   ZeroHalf: 4      567    0.23%
      0     0      456.9444    51      458.0000   ZeroHalf: 2      570    0.23%
      0     0      456.9444    53      458.0000   ZeroHalf: 1      578    0.23%
      0     0      456.9545    58      458.0000       Cuts: 6      587    0.23%
      0     0      456.9610    60      458.0000  ZeroHalf: 17      599    0.23%
      0     0      456.9737    57      458.0000   ZeroHalf: 1      606    0.22%
      0     0      456.9737    56      458.0000   ZeroHalf: 1      608    0.22%
      0     0      456.9737    56      458.0000   ZeroHalf: 3      610    0.22%
      0     0      456.9737    58      458.0000   ZeroHalf: 4      618    0.22%
      0     0      456.9737    59      458.0000   ZeroHalf: 1      620    0.22%
      0     0      457.0000    24      458.0000   ZeroHalf: 1      623    0.22%
      0     0      457.0000    35      458.0000   ZeroHalf: 7      625    0.22%
      0     0      457.0000    24      458.0000   ZeroHalf: 5      628    0.22%
      0     0      457.0000    43      458.0000   ZeroHalf: 6      633    0.22%
      0     0      457.0000    37      458.0000   ZeroHalf: 7      638    0.22%
      0     0      457.0000    38      458.0000   ZeroHalf: 8      643    0.22%
      0     0      457.0000    39      458.0000   ZeroHalf: 9      651    0.22%
      0     0      457.0000    36      458.0000  ZeroHalf: 12      655    0.22%
      0     0      457.0000    30      458.0000   ZeroHalf: 6      657    0.22%
      0     0      457.0000    35      458.0000   ZeroHalf: 5      660    0.22%
      0     0      457.0000    33      458.0000   ZeroHalf: 3      665    0.22%
      0     0      457.0000    29      458.0000  ZeroHalf: 11      672    0.22%
      0     0      457.0000    35      458.0000  ZeroHalf: 11      674    0.22%
      0     0      457.0000    35      458.0000   ZeroHalf: 5      676    0.22%
      0     0      457.0000    27      458.0000   ZeroHalf: 8      688    0.22%
      0     0      457.0000    34      458.0000  ZeroHalf: 13      691    0.22%
      0     0      457.0000    34      458.0000   ZeroHalf: 8      698    0.22%
      0     0      457.0000    37      458.0000   ZeroHalf: 4      702    0.22%
      0     0      457.0000    30      458.0000   ZeroHalf: 5      703    0.22%
      0     0      457.0000    30      458.0000   ZeroHalf: 6      705    0.22%
      0     0      457.0000    32      458.0000   ZeroHalf: 2      706    0.22%
      0     0      457.0000    36      458.0000   ZeroHalf: 2      710    0.22%
      0     0      457.0000    28      458.0000  ZeroHalf: 15      720    0.22%
      0     0      457.0000    24      458.0000  ZeroHalf: 12      732    0.22%
      0     0      457.0000    32      458.0000   ZeroHalf: 5      741    0.22%
      0     0      457.0000    32      458.0000   ZeroHalf: 3      743    0.22%
      0     0      457.0000    29      458.0000   ZeroHalf: 3      748    0.22%
      0     0      457.0000    34      458.0000   ZeroHalf: 7      757    0.22%
      0     0      457.0000    27      458.0000   ZeroHalf: 3      762    0.22%
      0     0      457.0000    26      458.0000   ZeroHalf: 7      765    0.22%
      0     0      457.0000    31      458.0000   ZeroHalf: 7      768    0.22%
      0     0      457.0000    26      458.0000  ZeroHalf: 13      775    0.22%
      0     0      457.0000    26      458.0000   ZeroHalf: 6      778    0.22%
      0     0      457.0000    30      458.0000   ZeroHalf: 9      784    0.22%
      0     0      457.0000    31      458.0000   ZeroHalf: 7      786    0.22%
      0     0      457.0000    28      458.0000   ZeroHalf: 7      791    0.22%
      0     0      457.0000    22      458.0000   ZeroHalf: 5      795    0.22%
      0     0      457.0000    28      458.0000   ZeroHalf: 2      799    0.22%
      0     0      457.0000    30      458.0000   ZeroHalf: 5      802    0.22%
      0     0      457.0000    22      458.0000   ZeroHalf: 7      805    0.22%
      0     0      457.0000    24      458.0000   ZeroHalf: 2      806    0.22%
      0     0      457.0000    34      458.0000   ZeroHalf: 5      807    0.22%
      0     0      457.0000    32      458.0000   ZeroHalf: 2      809    0.22%
      0     0      457.0000    24      458.0000   ZeroHalf: 2      812    0.22%
      0     0      457.0000    36      458.0000   ZeroHalf: 4      815    0.22%
      0     0      457.0000    26      458.0000   ZeroHalf: 1      817    0.22%
      0     0      457.0000    30      458.0000   ZeroHalf: 1      818    0.22%
      0     0      457.0000    31      458.0000   ZeroHalf: 2      820    0.22%
      0     0      457.0000    36      458.0000   ZeroHalf: 2      825    0.22%
      0     0      457.0000    34      458.0000   ZeroHalf: 6      828    0.22%
      0     0      457.0000    26      458.0000   ZeroHalf: 3      829    0.22%
      0     0      457.0000    30      458.0000   ZeroHalf: 5      831    0.22%
      0     0      457.0000    36      458.0000   ZeroHalf: 2      832    0.22%
      0     0      457.0000    22      458.0000   ZeroHalf: 2      833    0.22%
      0     0      457.0000    39      458.0000   ZeroHalf: 6      838    0.22%
      0     0      457.0000    39      458.0000   ZeroHalf: 9      843    0.22%
      0     0      457.0000    32      458.0000   ZeroHalf: 8      845    0.22%
      0     0      457.0000    42      458.0000   ZeroHalf: 4      850    0.22%
      0     0      457.0000    20      458.0000  ZeroHalf: 14      859    0.22%
      0     0      457.0000    32      458.0000   ZeroHalf: 7      862    0.22%
      0     0      457.0000    39      458.0000   ZeroHalf: 6      872    0.22%
      0     0      457.0000    26      458.0000   ZeroHalf: 2      876    0.22%
      0     0      457.0000    37      458.0000  ZeroHalf: 14      886    0.22%
      0     0      457.0000    29      458.0000  ZeroHalf: 11      892    0.22%
      0     0      457.0000    34      458.0000  ZeroHalf: 12      898    0.22%
      0     0      457.0000    22      458.0000  ZeroHalf: 10      901    0.22%
      0     0      457.0000    32      458.0000  ZeroHalf: 12      906    0.22%
      0     0      457.0000    34      458.0000  ZeroHalf: 14      909    0.22%
      0     0      457.0000    22      458.0000   ZeroHalf: 3      912    0.22%
      0     0      457.0000    36      458.0000   ZeroHalf: 8      916    0.22%
      0     0      457.0000    35      458.0000   ZeroHalf: 3      919    0.22%
      0     0      457.0000    37      458.0000   ZeroHalf: 2      924    0.22%
      0     0      457.0000    27      458.0000   ZeroHalf: 6      932    0.22%
      0     0      457.0000    29      458.0000   ZeroHalf: 8      934    0.22%
      0     0      457.0000    29      458.0000  ZeroHalf: 10      943    0.22%
      0     0      457.0000    31      458.0000   ZeroHalf: 7      952    0.22%
      0     0      457.0000    26      458.0000  ZeroHalf: 11      956    0.22%
      0     0      457.0000    30      458.0000   ZeroHalf: 7      971    0.22%
      0     0      457.0000    24      458.0000  ZeroHalf: 15      980    0.22%
      0     0      457.0000    31      458.0000  ZeroHalf: 15      987    0.22%
      0     0      457.0000    26      458.0000  ZeroHalf: 24      999    0.22%
      0     0      457.0000    36      458.0000   ZeroHalf: 3     1001    0.22%
      0     0      457.0000    36      458.0000   ZeroHalf: 4     1005    0.22%
      0     0      457.0000    29      458.0000   ZeroHalf: 9     1012    0.22%
      0     0      457.0000    32      458.0000  ZeroHalf: 25     1019    0.22%
      0     0      457.0000    36      458.0000  ZeroHalf: 10     1022    0.22%
      0     0      457.0000    30      458.0000   ZeroHalf: 6     1029    0.22%
      0     0      457.0000    28      458.0000   ZeroHalf: 3     1031    0.22%
      0     0      457.0000    36      458.0000   ZeroHalf: 7     1035    0.22%
      0     0      457.0000    33      458.0000   ZeroHalf: 4     1040    0.22%
      0     0      457.0000    28      458.0000   ZeroHalf: 6     1045    0.22%
      0     0      457.0000    33      458.0000  ZeroHalf: 10     1047    0.22%
      0     0      457.0000    37      458.0000   ZeroHalf: 6     1053    0.22%
      0     0      457.0000    31      458.0000  ZeroHalf: 25     1058    0.22%
      0     0      457.0000    31      458.0000  ZeroHalf: 11     1066    0.22%
      0     0      457.0000    38      458.0000  ZeroHalf: 19     1072    0.22%
      0     0      457.0000    39      458.0000   ZeroHalf: 6     1079    0.22%
      0     0      457.0000    39      458.0000   ZeroHalf: 9     1089    0.22%
      0     0      457.0000    36      458.0000   ZeroHalf: 5     1094    0.22%
      0     0      457.0000    31      458.0000   ZeroHalf: 5     1098    0.22%
      0     0      457.0000    35      458.0000   ZeroHalf: 3     1105    0.22%
      0     0      457.0000    37      458.0000  ZeroHalf: 17     1117    0.22%
      0     0      457.0000    37      458.0000   ZeroHalf: 3     1118    0.22%
      0     0      457.0000    18      458.0000   ZeroHalf: 2     1125    0.22%
      0     0      457.0000    31      458.0000   ZeroHalf: 5     1129    0.22%
      0     0      457.0000    30      458.0000   ZeroHalf: 9     1145    0.22%
      0     0      457.0000    22      458.0000   ZeroHalf: 7     1149    0.22%
      0     0      457.0000    22      458.0000   ZeroHalf: 2     1150    0.22%
      0     0      457.0000    34      458.0000   ZeroHalf: 1     1157    0.22%
      0     0      457.0000    29      458.0000  ZeroHalf: 14     1162    0.22%
      0     0      457.0000    30      458.0000   ZeroHalf: 6     1169    0.22%
      0     0      457.0000    30      458.0000   ZeroHalf: 2     1172    0.22%
      0     0      457.0000    29      458.0000   ZeroHalf: 3     1178    0.22%
      0     0      457.0000    25      458.0000   ZeroHalf: 9     1180    0.22%
      0     0      457.0000    30      458.0000  ZeroHalf: 10     1188    0.22%
      0     0      457.0000    26      458.0000   ZeroHalf: 9     1192    0.22%
      0     0      457.0000    32      458.0000   ZeroHalf: 5     1196    0.22%
      0     0      457.0000    22      458.0000   ZeroHalf: 8     1203    0.22%
      0     0      457.0000    36      458.0000   ZeroHalf: 6     1206    0.22%
      0     0      457.0000    36      458.0000   ZeroHalf: 2     1208    0.22%
      0     0      457.0000    23      458.0000   ZeroHalf: 1     1210    0.22%
      0     0      457.0000    38      458.0000  ZeroHalf: 12     1214    0.22%
      0     0      457.0000    22      458.0000   ZeroHalf: 3     1219    0.22%
      0     0      457.0000    24      458.0000   ZeroHalf: 3     1220    0.22%
      0     0      457.0000    33      458.0000   ZeroHalf: 5     1225    0.22%
      0     0      457.0000    34      458.0000   ZeroHalf: 2     1229    0.22%
      0     0      457.0000    24      458.0000   ZeroHalf: 8     1231    0.22%
      0     0      457.0000    29      458.0000  ZeroHalf: 11     1236    0.22%
      0     0      457.0000    22      458.0000   ZeroHalf: 7     1243    0.22%
      0     0      457.0000    36      458.0000   ZeroHalf: 2     1247    0.22%
      0     0      457.0000    27      458.0000   ZeroHalf: 8     1251    0.22%
      0     0      457.0000    32      458.0000  ZeroHalf: 15     1262    0.22%
      0     0      457.0000    34      458.0000   ZeroHalf: 3     1266    0.22%
      0     0      457.0000    26      458.0000   ZeroHalf: 6     1268    0.22%
      0     0      457.0000    22      458.0000   ZeroHalf: 6     1276    0.22%
      0     0      457.0000    24      458.0000   ZeroHalf: 1     1281    0.22%
      0     0      457.0000    35      458.0000   ZeroHalf: 9     1286    0.22%
      0     0      457.0000    19      458.0000   ZeroHalf: 7     1293    0.22%
      0     0      457.0000    34      458.0000  ZeroHalf: 31     1307    0.22%
      0     0      457.0000    24      458.0000   ZeroHalf: 7     1313    0.22%
      0     0      457.0000    34      458.0000   ZeroHalf: 3     1317    0.22%
      0     0      457.0000    34      458.0000   ZeroHalf: 2     1319    0.22%
      0     0      457.0000    22      458.0000   ZeroHalf: 2     1321    0.22%
      0     0      457.0000    39      458.0000   ZeroHalf: 8     1324    0.22%
      0     0      457.0000    37      458.0000   ZeroHalf: 3     1328    0.22%
      0     0      457.0000    36      458.0000   ZeroHalf: 4     1334    0.22%
      0     0      457.0000    35      458.0000   ZeroHalf: 4     1336    0.22%
      0     0      457.0000    38      458.0000   ZeroHalf: 9     1346    0.22%
      0     0      457.0000    35      458.0000  ZeroHalf: 24     1356    0.22%
      0     0      457.0000    33      458.0000   ZeroHalf: 5     1365    0.22%
      0     0      457.0000    26      458.0000   ZeroHalf: 3     1367    0.22%
      0     0      457.0000    27      458.0000  ZeroHalf: 11     1376    0.22%
      0     0      457.0000    34      458.0000  ZeroHalf: 17     1384    0.22%
      0     0      457.0000    30      458.0000   ZeroHalf: 4     1395    0.22%
      0     0      457.0000    33      458.0000  ZeroHalf: 10     1402    0.22%
      0     0      457.0000    23      458.0000  ZeroHalf: 11     1414    0.22%
      0     0      457.0000    33      458.0000  ZeroHalf: 11     1421    0.22%
      0     0      457.0000    32      458.0000  ZeroHalf: 14     1433    0.22%
      0     0      457.0000    32      458.0000   ZeroHalf: 9     1439    0.22%
      0     0      457.0000    28      458.0000   ZeroHalf: 8     1442    0.22%
      0     0      457.0000    35      458.0000   ZeroHalf: 7     1448    0.22%
      0     0      457.0000    33      458.0000  ZeroHalf: 11     1459    0.22%
      0     0      457.0000    29      458.0000   ZeroHalf: 7     1465    0.22%
      0     0      457.0000    28      458.0000  ZeroHalf: 11     1474    0.22%
      0     0      457.0000    36      458.0000  ZeroHalf: 16     1493    0.22%
      0     0      457.0000    32      458.0000  ZeroHalf: 18     1503    0.22%
      0     0      457.0000    24      458.0000   ZeroHalf: 4     1506    0.22%
      0     0      457.0000    24      458.0000  ZeroHalf: 27     1512    0.22%
      0     0      457.0000    26      458.0000  ZeroHalf: 10     1515    0.22%
      0     0      457.0000    22      458.0000  ZeroHalf: 11     1516    0.22%
      0     0      457.0000    35      458.0000  ZeroHalf: 10     1521    0.22%
      0     0      457.0000    29      458.0000   ZeroHalf: 2     1524    0.22%
      0     0      457.0000    28      458.0000  ZeroHalf: 10     1528    0.22%
      0     0      457.0000    29      458.0000   ZeroHalf: 3     1534    0.22%
      0     0      457.0000    34      458.0000   ZeroHalf: 4     1535    0.22%
      0     0      457.0000    31      458.0000   ZeroHalf: 3     1541    0.22%
      0     0      457.0000    36      458.0000  ZeroHalf: 13     1547    0.22%
      0     0      457.0000    29      458.0000   ZeroHalf: 3     1550    0.22%
      0     0      457.0000    30      458.0000  ZeroHalf: 16     1553    0.22%
      0     0      457.0000    33      458.0000   ZeroHalf: 7     1563    0.22%
      0     0      457.0000    32      458.0000   ZeroHalf: 6     1571    0.22%
      0     0      457.0000    33      458.0000  ZeroHalf: 26     1585    0.22%
      0     0      457.0000    12      458.0000  ZeroHalf: 23     1597    0.22%
      0     0      457.0000    32      458.0000  ZeroHalf: 68     1610    0.22%
      0     0      457.0000    25      458.0000   ZeroHalf: 2     1613    0.22%
      0     0      457.0000    29      458.0000  ZeroHalf: 14     1622    0.22%
      0     0      457.0000    38      458.0000      Cuts: 31     1630    0.22%
      0     0      457.0000    35      458.0000   ZeroHalf: 3     1635    0.22%
      0     0      457.0000    35      458.0000   ZeroHalf: 6     1648    0.22%
      0     0      457.0000    33      458.0000  ZeroHalf: 10     1657    0.22%
      0     0      457.0000    24      458.0000   ZeroHalf: 5     1665    0.22%
      0     0      457.0000    22      458.0000  ZeroHalf: 30     1683    0.22%
      0     0      457.0000    33      458.0000  ZeroHalf: 11     1688    0.22%
      0     0      457.0000    33      458.0000   ZeroHalf: 9     1698    0.22%
      0     0      457.0000    33      458.0000  ZeroHalf: 20     1723    0.22%
      0     0      457.0000    26      458.0000  ZeroHalf: 13     1738    0.22%
      0     0      457.0000    32      458.0000  ZeroHalf: 17     1745    0.22%
      0     0      457.0000    28      458.0000   ZeroHalf: 4     1751    0.22%
      0     0      457.0000    33      458.0000  ZeroHalf: 19     1764    0.22%
      0     0      457.0000    33      458.0000  ZeroHalf: 26     1771    0.22%
      0     0      457.0000    24      458.0000   ZeroHalf: 8     1788    0.22%
      0     0      457.0000    26      458.0000  ZeroHalf: 23     1804    0.22%
      0     0      457.0000    33      458.0000  ZeroHalf: 18     1822    0.22%
      0     0      457.0000    25      458.0000  ZeroHalf: 32     1839    0.22%
      0     0      457.0000    24      458.0000  ZeroHalf: 16     1844    0.22%
      0     0      457.0000    33      458.0000  ZeroHalf: 12     1851    0.22%
      0     0      457.0000    34      458.0000  ZeroHalf: 18     1858    0.22%
      0     0      457.0000    33      458.0000  ZeroHalf: 14     1865    0.22%
      0     0      457.0000    35      458.0000   ZeroHalf: 7     1871    0.22%
      0     0      457.0000    16      458.0000  ZeroHalf: 15     1881    0.22%
      0     0      457.0000    34      458.0000   ZeroHalf: 9     1889    0.22%
      0     0      457.0000    20      458.0000   ZeroHalf: 8     1895    0.22%
      0     0      457.0000    28      458.0000  ZeroHalf: 30     1904    0.22%
      0     0      457.0000    36      458.0000   ZeroHalf: 3     1908    0.22%
      0     0      457.0000    29      458.0000   ZeroHalf: 2     1913    0.22%
      0     0      457.0000    34      458.0000   ZeroHalf: 8     1925    0.22%
      0     0      457.0000    28      458.0000  ZeroHalf: 13     1942    0.22%
      0     0      457.0000    31      458.0000  ZeroHalf: 22     1955    0.22%
      0     0      457.0000    24      458.0000   ZeroHalf: 9     1958    0.22%
      0     0      457.0000    34      458.0000  ZeroHalf: 11     1961    0.22%
      0     0      457.0000    36      458.0000   ZeroHalf: 4     1967    0.22%
      0     0      457.0000    31      458.0000   ZeroHalf: 1     1969    0.22%
      0     0      457.0000    31      458.0000  ZeroHalf: 12     1974    0.22%
      0     0      457.0000    34      458.0000  ZeroHalf: 17     1982    0.22%
      0     0      457.0000    36      458.0000   ZeroHalf: 8     1989    0.22%
      0     0      457.0000    32      458.0000   ZeroHalf: 4     1993    0.22%
      0     0        cutoff            458.0000      457.0000     1994    0.22%                        0             0
Elapsed time = 0.97 sec. (1214.96 ticks, tree = 0.01 MB, solutions = 1)

Zero-half cuts applied:  22
Gomory fractional cuts applied:  1
User cuts applied:  228

Root node processing (before b&c):
  Real time             =    0.97 sec. (1215.03 ticks)
Sequential b&c:
  Real time             =    0.00 sec. (0.00 ticks)
                          ------------
Total (root+branch&cut) =    0.97 sec. (1215.03 ticks)

