Version identifier: 22.1.0.0 | 2022-03-09 | 1a383f8ce
CPXPARAM_Preprocessing_Reduce                    1
CPXPARAM_Threads                                 1
CPXPARAM_Preprocessing_Reformulations            0
CPXPARAM_Emphasis_MIP                            2
CPXPARAM_MIP_Limits_CutPasses                    300
CPXPARAM_TimeLimit                               10800
CPXPARAM_MIP_Limits_TreeMemory                   20000
Legacy callback                                  BbLUID
         Disabling repeat represolve because of lazy constraint/incumbent callback.
1 of 1 MIP starts provided solutions.
MIP start 'm1' defined initial solution with objective 589.0000.
Tried aggregator 2 times.
MIP Presolve eliminated 2561 rows and 0 columns.
MIP Presolve modified 367 coefficients.
Aggregator did 5 substitutions.
Reduced MIP has 524 rows, 1581 columns, and 6057 nonzeros.
Reduced MIP has 1581 binaries, 0 generals, 0 SOSs, and 0 indicators.
Presolve time = 0.00 sec. (5.24 ticks)
Probing time = 0.00 sec. (2.37 ticks)
Clique table members: 524.
MIP emphasis: optimality.
MIP search method: traditional branch-and-cut.
Parallel mode: none, using 1 thread.
Root relaxation solution time = 0.00 sec. (1.57 ticks)

        Nodes                                         Cuts/
   Node  Left     Objective  IInf  Best Integer    Best Bound    ItCnt     Gap         Variable B NodeID Parent  Depth

*     0+    0                          589.0000       71.0000            87.95%
      0     0      553.0000    32      589.0000      499.0000      121   15.28%
      0     0      579.5000    34      589.0000      Cuts: 18      135    1.61%
      0     0      581.0000    24      589.0000      Cuts: 21      157    1.36%
      0     0      582.0000    50      589.0000      Cuts: 32      175    1.19%
      0     0      583.2500    35      589.0000      Cuts: 17      178    0.98%
      0     0      585.6667    18      589.0000      Cuts: 12      182    0.57%
      0     0      586.1667    40      589.0000      Cuts: 10      190    0.48%
      0     0      587.0417    69      589.0000      Cuts: 21      201    0.33%
      0     0      587.5000    30      589.0000      Cuts: 27      208    0.25%
      0     0        cutoff            589.0000                    210    0.00%                        0             0
Elapsed time = 0.08 sec. (79.67 ticks, tree = 0.01 MB, solutions = 1)

Zero-half cuts applied:  22
Gomory fractional cuts applied:  2
User cuts applied:  290

Root node processing (before b&c):
  Real time             =    0.08 sec. (79.70 ticks)
Sequential b&c:
  Real time             =    0.00 sec. (0.00 ticks)
                          ------------
Total (root+branch&cut) =    0.08 sec. (79.70 ticks)

