Version identifier: 22.1.0.0 | 2022-03-09 | 1a383f8ce
CPXPARAM_Preprocessing_Reduce                    1
CPXPARAM_Threads                                 1
CPXPARAM_Preprocessing_Reformulations            0
CPXPARAM_Emphasis_MIP                            2
CPXPARAM_MIP_Limits_CutPasses                    300
CPXPARAM_TimeLimit                               10800
CPXPARAM_MIP_Limits_TreeMemory                   20000
Legacy callback                                  BbLUID
         Disabling repeat represolve because of lazy constraint/incumbent callback.
1 of 1 MIP starts provided solutions.
MIP start 'm1' defined initial solution with objective 624.0000.
Tried aggregator 2 times.
MIP Presolve eliminated 1151 rows and 0 columns.
MIP Presolve modified 260 coefficients.
Aggregator did 6 substitutions.
Reduced MIP has 415 rows, 1164 columns, and 4008 nonzeros.
Reduced MIP has 1164 binaries, 0 generals, 0 SOSs, and 0 indicators.
Presolve time = 0.00 sec. (3.01 ticks)
Probing time = 0.00 sec. (2.14 ticks)
Clique table members: 417.
MIP emphasis: optimality.
MIP search method: traditional branch-and-cut.
Parallel mode: none, using 1 thread.
Root relaxation solution time = 0.00 sec. (1.07 ticks)

        Nodes                                         Cuts/
   Node  Left     Objective  IInf  Best Integer    Best Bound    ItCnt     Gap         Variable B NodeID Parent  Depth

*     0+    0                          624.0000      112.0000            82.05%
      0     0      604.0000     8      624.0000      561.0000       93   10.10%
      0     0      613.5000    18      624.0000      Cuts: 17      126    1.68%
      0     0      615.6667    19      624.0000       Cuts: 8      131    1.34%
      0     0      618.5000    31      624.0000      Cuts: 16      144    0.88%
      0     0      618.6667    20      624.0000      Cuts: 16      145    0.85%
      0     0        cutoff            624.0000                    152    0.00%                        0             0
Elapsed time = 0.04 sec. (43.70 ticks, tree = 0.01 MB, solutions = 1)

Clique cuts applied:  2
Zero-half cuts applied:  11
Gomory fractional cuts applied:  3
User cuts applied:  177

Root node processing (before b&c):
  Real time             =    0.04 sec. (43.72 ticks)
Sequential b&c:
  Real time             =    0.00 sec. (0.00 ticks)
                          ------------
Total (root+branch&cut) =    0.04 sec. (43.72 ticks)

