Version identifier: 22.1.0.0 | 2022-03-09 | 1a383f8ce
CPXPARAM_Preprocessing_Reduce                    1
CPXPARAM_Threads                                 1
CPXPARAM_Preprocessing_Reformulations            0
CPXPARAM_Emphasis_MIP                            2
CPXPARAM_MIP_Limits_CutPasses                    300
CPXPARAM_TimeLimit                               10800
CPXPARAM_MIP_Limits_TreeMemory                   20000
Legacy callback                                  BbLUID
         Disabling repeat represolve because of lazy constraint/incumbent callback.
1 of 1 MIP starts provided solutions.
MIP start 'm1' defined initial solution with objective 606.0000.
Tried aggregator 2 times.
MIP Presolve eliminated 405 rows and 7 columns.
MIP Presolve modified 136 coefficients.
Aggregator did 7 substitutions.
Reduced MIP has 277 rows, 647 columns, and 1974 nonzeros.
Reduced MIP has 647 binaries, 0 generals, 0 SOSs, and 0 indicators.
Presolve time = 0.00 sec. (1.24 ticks)
Probing time = 0.00 sec. (0.93 ticks)
Clique table members: 304.
MIP emphasis: optimality.
MIP search method: traditional branch-and-cut.
Parallel mode: none, using 1 thread.
Root relaxation solution time = 0.00 sec. (0.87 ticks)

        Nodes                                         Cuts/
   Node  Left     Objective  IInf  Best Integer    Best Bound    ItCnt     Gap         Variable B NodeID Parent  Depth

*     0+    0                          606.0000      242.0000            60.07%
      0     0      579.0000    33      606.0000      579.0000      151    4.46%
      0     0        cutoff            606.0000      579.0000      152    4.46%                        0             0
Elapsed time = 0.02 sec. (11.49 ticks, tree = 0.01 MB, solutions = 1)

User cuts applied:  83

Root node processing (before b&c):
  Real time             =    0.02 sec. (11.50 ticks)
Sequential b&c:
  Real time             =    0.00 sec. (0.00 ticks)
                          ------------
Total (root+branch&cut) =    0.02 sec. (11.50 ticks)

