Version identifier: 22.1.0.0 | 2022-03-09 | 1a383f8ce
CPXPARAM_Preprocessing_Reduce                    1
CPXPARAM_Threads                                 1
CPXPARAM_Preprocessing_Reformulations            0
CPXPARAM_Emphasis_MIP                            2
CPXPARAM_MIP_Limits_CutPasses                    300
CPXPARAM_TimeLimit                               10800
CPXPARAM_MIP_Limits_TreeMemory                   20000
Legacy callback                                  BbLUID
         Disabling repeat represolve because of lazy constraint/incumbent callback.
1 of 1 MIP starts provided solutions.
MIP start 'm1' defined initial solution with objective 633.0000.
Tried aggregator 2 times.
MIP Presolve eliminated 1344 rows and 2 columns.
MIP Presolve modified 231 coefficients.
Aggregator did 11 substitutions.
Reduced MIP has 379 rows, 1123 columns, and 3963 nonzeros.
Reduced MIP has 1123 binaries, 0 generals, 0 SOSs, and 0 indicators.
Presolve time = 0.00 sec. (3.19 ticks)
Probing time = 0.00 sec. (2.20 ticks)
Clique table members: 404.
MIP emphasis: optimality.
MIP search method: traditional branch-and-cut.
Parallel mode: none, using 1 thread.
Root relaxation solution time = 0.00 sec. (1.17 ticks)

        Nodes                                         Cuts/
   Node  Left     Objective  IInf  Best Integer    Best Bound    ItCnt     Gap         Variable B NodeID Parent  Depth

*     0+    0                          633.0000      202.0000            68.09%
      0     0      627.0000    22      633.0000      582.0000      144    8.06%
      0     0      628.0000    38      633.0000      Cuts: 19      159    0.79%
      0     0        cutoff            633.0000                    173    0.00%                        0             0
Elapsed time = 0.04 sec. (31.26 ticks, tree = 0.01 MB, solutions = 1)

Zero-half cuts applied:  5
Gomory fractional cuts applied:  1
User cuts applied:  125

Root node processing (before b&c):
  Real time             =    0.04 sec. (31.28 ticks)
Sequential b&c:
  Real time             =    0.00 sec. (0.00 ticks)
                          ------------
Total (root+branch&cut) =    0.04 sec. (31.28 ticks)

