Version identifier: 22.1.0.0 | 2022-03-09 | 1a383f8ce
CPXPARAM_Preprocessing_Reduce                    1
CPXPARAM_Threads                                 1
CPXPARAM_Preprocessing_Reformulations            0
CPXPARAM_Emphasis_MIP                            2
CPXPARAM_MIP_Limits_CutPasses                    300
CPXPARAM_TimeLimit                               10800
CPXPARAM_MIP_Limits_TreeMemory                   20000
Legacy callback                                  BbLUID
         Disabling repeat represolve because of lazy constraint/incumbent callback.
1 of 1 MIP starts provided solutions.
MIP start 'm1' defined initial solution with objective 778.3957.
Tried aggregator 1 time.
MIP Presolve eliminated 880 rows and 0 columns.
MIP Presolve modified 319 coefficients.
Reduced MIP has 403 rows, 1552 columns, and 4738 nonzeros.
Reduced MIP has 1552 binaries, 0 generals, 0 SOSs, and 0 indicators.
Presolve time = 0.00 sec. (2.79 ticks)
Probing time = 0.00 sec. (2.61 ticks)
Clique table members: 403.
MIP emphasis: optimality.
MIP search method: traditional branch-and-cut.
Parallel mode: none, using 1 thread.
Root relaxation solution time = 0.00 sec. (1.31 ticks)

        Nodes                                         Cuts/
   Node  Left     Objective  IInf  Best Integer    Best Bound    ItCnt     Gap         Variable B NodeID Parent  Depth

*     0+    0                          778.3957        0.0000           100.00%
      0     0      701.3645    46      778.3957      645.1682       92   17.12%
      0     0      732.2605    22      778.3957      Cuts: 17      124    5.93%
      0     0      734.9437    60      778.3957       Cuts: 4      146    5.58%
      0     0      735.6218    65      778.3957       Cuts: 2      155    5.50%
      0     0      736.0399    53      778.3957       Cuts: 4      163    5.44%
      0     0      736.9973    81      778.3957       Cuts: 3      177    5.32%
      0     0      737.7725    84      778.3957       Cuts: 5      186    5.22%
      0     0      738.1797    82      778.3957       Cuts: 3      191    5.17%
      0     0      738.3101    84      778.3957       User: 1      192    5.15%
      0     0      738.5032    84      778.3957       Cuts: 3      195    5.12%
      0     0      739.2825    86      778.3957       User: 1      200    5.02%
      0     0      739.3832    96      778.3957       Cuts: 2      202    5.01%
      0     0      739.5632    98      778.3957       Cuts: 5      211    4.99%
      0     0      739.8844    76      778.3957       User: 1      217    4.95%
      0     2      746.0633    80      778.3957      746.4028      217    4.11%                        0             0
Elapsed time = 0.08 sec. (137.64 ticks, tree = 0.01 MB, solutions = 1)
     30    21      753.5989    97      778.3957      753.6225      620    3.18%          x29_41 N     30      1      2
     54    39      764.4881    71      778.3957      756.8504     1708    2.77%          x35_34 N     54     50      6
     94    71      760.2162    14      778.3957      760.2104     2808    2.34%           x38_5 N     94     56      9
    144   118      762.2501    14      778.3957      761.0943     4019    2.22%            x9_7 U    144    114     15
    183   154      767.8906    53      778.3957      761.7838     5195    2.13%           x8_37 N    183    159     14
    222   190      766.7270    22      778.3957      762.1989     6039    2.08%          x38_21 N    222    167     20
    274   240      763.9238    26      778.3957      762.4972     7006    2.04%           x10_7 N    274    273     23
    320   283      763.9278    18      778.3957      762.6957     8186    2.02%            x6_4 N    320    319     19
    367   326      762.9193    23      778.3957      762.9159     9312    1.99%            x4_5 D    367    315     28
    562   508      767.6412    15      778.3957      763.7714    14414    1.88%           x6_21 N    562    419     23
Elapsed time = 1.94 sec. (3294.87 ticks, tree = 0.91 MB, solutions = 1)
    738   655      770.1351    17      778.3957      764.0091    17831    1.85%           x7_40 N    738    445     21
    910   815      765.6768    15      778.3957      764.5261    23666    1.78%          x37_39 D    910    284     27
   1099   984      765.3909    12      778.3957      765.0380    29340    1.72%           x38_3 U   1099    963     26
   1275  1144      772.2917    12      778.3957      765.3966    34174    1.67%           x4_20 U   1275   1273     36
   1440  1301      772.1426    25      778.3957      765.7233    39172    1.63%            x4_8 U   1440   1438     32
   1600  1444      766.0506    21      778.3957      765.9807    44298    1.59%            x8_7 D   1600    752     19
   1748  1577        cutoff            778.3957      766.1557    49159    1.57%          x38_32 U   1748   1746     41
   1895  1698      769.0087    42      778.3957      766.2984    53603    1.55%          x23_40 D   1895    427     25
   2040  1834      772.7549    14      778.3957      766.4865    58660    1.53%          x38_21 U   2040   2038     18
   2193  1977      766.8456    17      778.3957      766.6637    64072    1.51%          x32_38 U   2193   1953     35
Elapsed time = 6.69 sec. (12887.63 ticks, tree = 3.24 MB, solutions = 1)
   2355  2121      772.2918    97      778.3957      766.8126    68852    1.49%           x0_27 D   2355   1098      7
   2514  2272      774.2268    14      778.3957      766.9509    73810    1.47%           x6_21 U   2514   2512     27
   2658  2402      767.4592    43      778.3957      767.0901    79331    1.45%          x37_36 D   2658   1570     17
   2804  2533      768.7474    13      778.3957      767.2417    84199    1.43%            x9_8 D   2804   2803     40
   2947  2646        cutoff            778.3957      767.3518    89070    1.42%            x7_8 U   2947   2058     40
   3090  2779      791.5824    49      778.3957      767.4452    93841    1.41%          x37_30 U   3090    735     26
   3235  2911      767.8420    28      778.3957      767.5342    98864    1.40%            x4_8 D   3235   1704     15
   3369  3024      767.7559    18      778.3957      767.6407   103914    1.38%            x4_8 D   3369   1603     20
   3485  3119      772.9458    14      778.3957      767.7158   107813    1.37%           x38_3 U   3485   3484     21
   3612  3233      776.1397    52      778.3957      767.7925   112596    1.36%            x4_8 N   3612   2056     32
Elapsed time = 11.34 sec. (22491.51 ticks, tree = 5.48 MB, solutions = 1)
   3748  3354      768.7269    56      778.3957      767.8996   117096    1.35%           x21_7 U   3748   3747     37
   3874  3455      767.9937    19      778.3957      767.9783   121571    1.34%          x20_21 D   3874   1446     33
   3986  3549      770.9196    15      778.3957      768.0358   126400    1.33%           x38_3 U   3986   3048     20
   4106  3641      768.4327    46      778.3957      768.1025   130979    1.32%          x37_40 D   4106    916     26
   4227  3745      768.3671    31      778.3957      768.1752   134999    1.31%          x37_40 D   4227   4226     33
   4350  3847      768.5888    20      778.3957      768.2495   138755    1.30%          x33_10 U   4350   4349     32
   4472  3942      776.3565     8      778.3957      768.2915   142840    1.30%           x6_24 N   4472   4029     27
   4595  4036      768.9148    44      778.3957      768.3579   147347    1.29%          x33_10 U   4595   3764     38
   4716  4141      772.3512    26      778.3957      768.4238   151448    1.28%           x6_21 U   4716   4714     25
   4834  4239      773.7620    10      778.3957      768.4727   155569    1.27%           x4_20 U   4834   3743     33
Elapsed time = 15.53 sec. (32077.85 ticks, tree = 7.10 MB, solutions = 1)
   4950  4342      768.6869    22      778.3957      768.5118   159494    1.27%          x33_10 U   4950   4949     37
   5072  4429      772.6445    18      778.3957      768.5576   163406    1.26%          x18_38 U   5072    772     30
   5184  4516      777.9010    19      778.3957      768.6051   167383    1.26%          x38_28 U   5184   4926     27
   5296  4608        cutoff            778.3957      768.6535   171122    1.25%          x38_24 U   5296   5294     29
   5420  4694      774.3732    12      778.3957      768.7109   175477    1.24%           x6_24 U   5420   4914     35
   5532  4772      771.9461    18      778.3957      768.7560   179086    1.24%           x20_3 D   5532   4948     34
   5639  4853        cutoff            778.3957      768.7985   183085    1.23%          x38_34 U   5639   1750     44
   5750  4940      773.4070    28      778.3957      768.8496   186443    1.23%           x38_3 N   5750   1246     25
   5864  5026      769.4129    25      778.3957      768.8952   190272    1.22%          x23_40 D   5864   5324     40
   5989  5126      769.2641    18      778.3957      768.9494   194260    1.21%            x9_8 D   5989   5457     40
Elapsed time = 19.54 sec. (41677.81 ticks, tree = 8.37 MB, solutions = 1)
   6102  5216      775.3427    34      778.3957      768.9836   198143    1.21%          x24_34 U   6102   2950     21
   6219  5303      770.7881    20      778.3957      769.0264   201968    1.20%           x5_21 U   6219   4892     23
   6330  5389      769.2980    74      778.3957      769.0694   205748    1.20%          x34_24 D   6330   6329     34
   6433  5457      778.1000    13      778.3957      769.1025   209322    1.19%           x38_6 U   6433   6431     29
   6540  5550      775.1495    30      778.3957      769.1503   213547    1.19%           x20_4 N   6540   6337     25
   6648  5628      769.1784    50      778.3957      769.1788   217180    1.18%            x9_8 D   6648   2932     27
   6750  5708      776.0302    78      778.3957      769.2176   220963    1.18%           x6_24 U   6750   4741     33
   6843  5774        cutoff            778.3957      769.2515   224800    1.17%          x34_24 U   6843   5557     31
   6940  5839      771.6830    21      778.3957      769.2891   228440    1.17%           x5_34 D   6940   3704     37
   7054  5927      771.6170    17      778.3957      769.3204   231794    1.17%           x38_3 N   7054   1091     22
Elapsed time = 23.55 sec. (51297.49 ticks, tree = 9.72 MB, solutions = 1)
   7163  5994      771.4506    14      778.3957      769.3527   235210    1.16%           x21_9 U   7163   6357     25
   7260  6062      769.5534    20      778.3957      769.3857   238914    1.16%           x4_20 D   7260   4060     27
   7363  6140        cutoff            778.3957      769.4160   242534    1.15%          x18_38 U   7363   5840     41
   7471  6211        cutoff            778.3957      769.4473   246250    1.15%           x6_21 U   7471   7469     36
   7571  6275      771.0868    37      778.3957      769.4791   249689    1.15%           x5_34 U   7571   7569     27
   7680  6354      777.9184    21      778.3957      769.5026   252711    1.14%           x32_8 D   7680   7679     56
   7772  6420      770.7525    51      778.3957      769.5330   256274    1.14%            x6_5 D   7772   7199     28
   7876  6493      770.0725    10      778.3957      769.5651   259943    1.13%            x4_8 D   7876   1693     27
   7978  6565      770.6095    38      778.3957      769.5916   263224    1.13%           x4_21 U   7978   7393     44
   8065  6623      776.9419    12      778.3957      769.6169   266445    1.13%            x9_8 N   8065   6704     17
Elapsed time = 27.38 sec. (60911.84 ticks, tree = 10.97 MB, solutions = 1)
   8164  6680      772.6769    19      778.3957      769.6467   270335    1.12%          x38_21 U   8164   8162     29
   8277  6775      771.9492    46      778.3957      769.6712   273502    1.12%           x5_34 D   8277   5805     36
   8378  6847        cutoff            778.3957      769.7044   277061    1.12%           x6_10 U   8378   5797     39
   8474  6911      770.2829    37      778.3957      769.7374   280488    1.11%           x38_3 U   8474   8472     22
   8579  6979      770.4447    18      778.3957      769.7712   284086    1.11%          x20_21 N   8579   5604     18
   8677  7051      772.2348    21      778.3957      769.7957   287410    1.10%           x5_34 D   8677   6677     38
   8783  7122      776.3880    16      778.3957      769.8138   290442    1.10%           x6_24 N   8783   6591     29
   8886  7189      770.1207    64      778.3957      769.8444   293834    1.10%            x5_8 D   8886   4047     39
   8993  7272      776.1182     8      778.3957      769.8726   297239    1.09%            x6_9 U   8993   8007     36
   9100  7353      776.4670    20      778.3957      769.8949   300733    1.09%           x20_7 N   9100   5102     35
Elapsed time = 31.10 sec. (70529.23 ticks, tree = 12.15 MB, solutions = 1)
   9199  7407      769.9670    89      778.3957      769.9244   304360    1.09%            x5_8 D   9199   8364     47
   9293  7467      773.6893    17      778.3957      769.9450   307639    1.09%           x20_4 U   9293   5811     39
   9390  7534      776.1599    19      778.3957      769.9700   310997    1.08%           x21_8 D   9390   9389     25
   9490  7608        cutoff            778.3957      770.0001   314689    1.08%          x34_24 U   9490   7470     37
   9589  7677      773.5546    54      778.3957      770.0260   318095    1.08%          x18_38 U   9589   5369     34
   9696  7748      770.3935    41      778.3957      770.0530   321305    1.07%            x4_8 D   9696   8695     23
   9787  7817      770.1786    30      778.3957      770.0717   324620    1.07%          x24_34 N   9787   9786     32
   9886  7887      770.4808    17      778.3957      770.0943   327696    1.07%           x21_8 D   9886   9885     40
   9982  7951        cutoff            778.3957      770.1186   331010    1.06%            x4_8 U   9982   8015     30
  10081  8015      770.9006    12      778.3957      770.1461   334182    1.06%          x34_29 N  10081   5356     38
Elapsed time = 34.73 sec. (80117.57 ticks, tree = 13.00 MB, solutions = 1)
  10177  8076      775.6385    16      778.3957      770.1674   337653    1.06%           x21_8 U  10177   9637     27
  10281  8154      773.2985    14      778.3957      770.1969   341044    1.05%          x38_21 U  10281  10160     24
  10381  8212        cutoff            778.3957      770.2200   344090    1.05%          x38_35 U  10381   8987     30
  10470  8272      772.1344     8      778.3957      770.2438   347235    1.05%           x3_21 U  10470   6359     29
  10570  8325      770.4118    14      778.3957      770.2703   350359    1.04%            x4_6 D  10570  10569     36
  10671  8388      772.0218    49      778.3957      770.2903   353797    1.04%           x3_21 D  10671   5059     37
  10770  8456      770.7713    16      778.3957      770.3098   356935    1.04%           x6_21 D  10770   8031     29
  10870  8516      773.5110    14      778.3957      770.3270   360033    1.04%          x38_21 U  10870  10868     24
  10960  8579      770.9742    76      778.3957      770.3500   363368    1.03%          x38_21 D  10960   4756     25
  11339  8843        cutoff            778.3957      770.4240   375990    1.02%            x7_4 D  11339  11338     41
Elapsed time = 39.41 sec. (92571.75 ticks, tree = 14.86 MB, solutions = 1)
  11705  9095      775.7401    38      778.3957      770.5003   388329    1.01%          x20_21 U  11705  11703     21
  12073  9320        cutoff            778.3957      770.5809   401007    1.00%           x38_9 U  12073  10781     34
  12448  9557      775.5267    18      778.3957      770.6553   412939    0.99%          x24_34 N  12448  10963     39
  12817  9813      775.9706    30      778.3957      770.7108   425396    0.99%           x10_4 D  12817  12815     38
  13168 10015      772.7785    39      778.3957      770.7728   436665    0.98%          x24_34 N  13168  10596     30
  13544 10271      776.4525    10      778.3957      770.8326   448768    0.97%           x20_5 U  13544  11352     32
  13907 10468      775.1033    17      778.3957      770.8936   460841    0.96%            x7_9 N  13907   2161     20
  14254 10686      771.5066    23      778.3957      770.9562   472785    0.96%          x34_29 U  14254   5908     35
  14631 10901      776.9365    18      778.3957      771.0139   484556    0.95%            x7_4 U  14631  13682     35
  15007 11088        cutoff            778.3957      771.0714   495926    0.94%            x9_8 U  15007  14480     24
Elapsed time = 53.53 sec. (130791.95 ticks, tree = 17.94 MB, solutions = 1)
  15370 11310      771.2968    17      778.3957      771.1156   506406    0.94%           x21_7 D  15370  15369     32
  15728 11496      774.1852    50      778.3957      771.1640   517596    0.93%          x30_36 N  15728  10971     35
  16084 11687        cutoff            778.3957      771.2132   528362    0.92%           x4_20 U  16084  14821     42
  16437 11886      771.6088    67      778.3957      771.2740   539798    0.91%           x6_10 N  16437  11903     47
  16784 12089      772.3566    15      778.3957      771.3308   551139    0.91%            x6_4 D  16784  16258     38
  17130 12281      771.4504    22      778.3957      771.3738   561698    0.90%          x34_24 D  17130  14493     29
  17490 12488        cutoff            778.3957      771.4264   573433    0.90%            x4_6 U  17490   5940     29
  17839 12660        cutoff            778.3957      771.4739   584046    0.89%          x37_30 U  17839  16726     30
  18173 12851      772.0753    12      778.3957      771.5237   594974    0.88%          x38_18 D  18173  17265     37
  18516 13047      773.1369    19      778.3957      771.5682   605305    0.88%           x3_21 U  18516  10871     40
Elapsed time = 66.98 sec. (168993.64 ticks, tree = 20.88 MB, solutions = 1)
  18871 13253      771.9969    19      778.3957      771.6155   615767    0.87%           x20_4 D  18871  16979     22
  19219 13430      772.5364    17      778.3957      771.6538   626220    0.87%            x4_8 D  19219   7054     23
  19578 13627        cutoff            778.3957      771.6945   636504    0.86%          x34_24 U  19578  10339     26
  19910 13800      772.0264    56      778.3957      771.7340   646743    0.86%           x8_36 D  19910  19909     44
  20247 13967      772.6601    20      778.3957      771.7747   658002    0.85%            x4_5 D  20247  18415     25
  20597 14140        cutoff            778.3957      771.8128   668320    0.85%           x38_6 U  20597   6478     34
  20939 14322        cutoff            778.3957      771.8549   679250    0.84%            x9_8 U  20939  18699     45
  21277 14478      777.9140    11      778.3957      771.8902   689521    0.84%            x6_9 U  21277  19501     24
  21625 14676      772.0632    30      778.3957      771.9291   699618    0.83%           x9_24 U  21625  19972     26
  21966 14862        cutoff            778.3957      771.9716   710190    0.83%          x34_24 U  21966  19916     22
Elapsed time = 79.94 sec. (207193.66 ticks, tree = 23.41 MB, solutions = 1)
  22316 15033        cutoff            778.3957      772.0077   720260    0.82%            x7_8 U  22316  11280     33
  22656 15220      778.2316    22      778.3957      772.0462   730427    0.82%           x3_21 U  22656  18291     41
  23005 15397      772.5142    24      778.3957      772.0806   740705    0.81%            x7_4 D  23005  19822     42
  23343 15585      778.3878    54      778.3957      772.1149   750612    0.81%           x4_20 U  23343  19250     45
  23675 15771        cutoff            778.3957      772.1520   760447    0.80%          x37_36 U  23675  14039     27
  23984 15932      777.5427    52      778.3957      772.1808   770191    0.80%            x5_8 D  23984  19539     35
  24312 16085        cutoff            778.3957      772.2165   780044    0.79%           x20_5 U  24312   2438     26
  24634 16250      775.4384    14      778.3957      772.2462   789494    0.79%          x38_21 U  24634  24632     17
  24983 16411        cutoff            778.3957      772.2816   799088    0.79%           x10_4 U  24983  24980     43
  25320 16572      775.5534    20      778.3957      772.3176   808603    0.78%            x8_3 U  25320  24508     32
Elapsed time = 92.60 sec. (245411.51 ticks, tree = 26.25 MB, solutions = 1)
  25653 16721      776.7746     8      778.3957      772.3517   818494    0.78%           x21_8 U  25653  22601     30
  25974 16894      776.6935    38      778.3957      772.3830   828263    0.77%          x40_34 D  25974  25973     51
  26318 17062      772.4609    52      778.3957      772.4168   837151    0.77%           x21_8 N  26318  25620     40
  26659 17216      777.1782    45      778.3957      772.4508   846994    0.76%            x7_4 U  26659  26657     52
  26998 17349        cutoff            778.3957      772.4826   856679    0.76%           x38_6 U  26998  22068     36
  27326 17508      776.4527    12      778.3957      772.5134   866102    0.76%           x21_4 D  27326  20244     48
  27690 17673      772.6343    63      778.3957      772.5521   876036    0.75%            x7_6 D  27690  23403     45
  28053 17835      773.3621    32      778.3957      772.5848   886024    0.75%           x5_20 D  28053  12329     40
  28436 18014        cutoff            778.3957      772.6149   896696    0.74%           x6_24 U  28436  28434     39
  28796 18183      775.4483    21      778.3957      772.6490   907730    0.74%          x20_21 U  28796   1363     22
Elapsed time = 105.42 sec. (283633.56 ticks, tree = 28.50 MB, solutions = 1)
  29177 18379      775.8684    22      778.3957      772.6791   918143    0.73%          x36_26 N  29177  15288     26
  29546 18573      777.5381    48      778.3957      772.7118   928154    0.73%           x20_4 U  29546  28138     38
  29932 18755        cutoff            778.3957      772.7469   938293    0.73%           x38_7 U  29932  25776     35
  30296 18904      777.6268    52      778.3957      772.7763   948395    0.72%           x5_10 D  30296  30295     43
  30662 19055      778.0556    18      778.3957      772.8045   958345    0.72%           x5_34 U  30662  29476     48
  31021 19219        cutoff            778.3957      772.8325   968944    0.71%           x38_9 U  31021  29788     41
  31384 19391      775.1499    37      778.3957      772.8587   978320    0.71%           x38_7 N  31384  28397     39
  31755 19536      772.8945    12      778.3957      772.8902   987997    0.71%           x38_7 D  31755  26511     42
  32121 19718      773.0331    14      778.3957      772.9197   997870    0.70%          x20_24 D  32121  25201     41
  32473 19841        cutoff            778.3957      772.9481  1007393    0.70%            x6_9 U  32473  25900     39
Elapsed time = 118.57 sec. (321854.06 ticks, tree = 30.98 MB, solutions = 1)
  32833 19979      773.0188    22      778.3957      772.9740  1016580    0.70%           x6_21 D  32833  27022     40
  33151 20091        cutoff            778.3957      773.0005  1025243    0.69%            x6_5 U  33151  17406     56
  33484 20220      774.3817    17      778.3957      773.0266  1034139    0.69%           x21_7 U  33484  33482     31
  33822 20347      775.9117    20      778.3957      773.0518  1043190    0.69%          x38_28 D  33822  33821     41
  34163 20479      776.5632    12      778.3957      773.0773  1052210    0.68%          x30_36 U  34163  34161     34
  34500 20613      773.3097     8      778.3957      773.1023  1061028    0.68%            x5_4 D  34500   2789     29
  34853 20754      777.4711    16      778.3957      773.1270  1070339    0.68%          x38_28 U  34853  30519     25
  35193 20859      773.1880    47      778.3957      773.1568  1079203    0.67%           x4_20 D  35193  22295     25
  35540 20993      774.7873    30      778.3957      773.1814  1088070    0.67%           x4_20 D  35540  22420     34
  35881 21122      773.5957    10      778.3957      773.2041  1097211    0.67%           x38_7 N  35881  31148     43
Elapsed time = 130.92 sec. (360039.04 ticks, tree = 32.65 MB, solutions = 1)
  36214 21254        cutoff            778.3957      773.2292  1106151    0.66%            x4_8 U  36214  22713     21
  36557 21403      774.9211    41      778.3957      773.2536  1114726    0.66%           x7_34 N  36557  31793     42
  36897 21556        cutoff            778.3957      773.2726  1123195    0.66%           x10_9 U  36897  36895     43
  37244 21708        cutoff            778.3957      773.2958  1131516    0.66%          x34_24 U  37244  24353     37
  37567 21824      775.9983    54      778.3957      773.3201  1140442    0.65%           x3_21 U  37567  34005     41
  37890 21913      773.5529    20      778.3957      773.3455  1149044    0.65%          x38_28 N  37890  26914     30
  38225 22073        cutoff            778.3957      773.3687  1157875    0.65%           x20_5 U  38225  38223     42
  38561 22200      773.3899    48      778.3957      773.3899  1166993    0.64%            x5_8 D  38561  35822     46
  38893 22316        cutoff            778.3957      773.4153  1176018    0.64%            x7_8 U  38893  33966     35
  39225 22459      773.5314    30      778.3957      773.4370  1184169    0.64%            x4_6 N  39225  19912     36
Elapsed time = 143.26 sec. (398257.16 ticks, tree = 34.56 MB, solutions = 1)
  39559 22611      776.3171    24      778.3957      773.4619  1193137    0.63%          x30_36 D  39559  30362     37
  39912 22747        cutoff            778.3957      773.4830  1201613    0.63%            x6_7 U  39912  39910     37
  40251 22892        cutoff            778.3957      773.5046  1209837    0.63%            x7_4 U  40251  36568     47
  40577 22999      777.9728    18      778.3957      773.5265  1218406    0.63%           x21_7 U  40577  40576     34
  40903 23122      773.8496    20      778.3957      773.5492  1226421    0.62%           x20_3 D  40903  30482     40
  41237 23240      773.6419    20      778.3957      773.5698  1234351    0.62%          x38_32 D  41237  40391     38
  41578 23365      777.2346     8      778.3957      773.5904  1242637    0.62%           x20_4 U  41578   5029     28
  41906 23470      773.6634    24      778.3957      773.6119  1250975    0.61%           x38_9 D  41906  39946     54
  42238 23603      773.6292    11      778.3957      773.6292  1259206    0.61%           x38_3 D  42238  32007     34
  42562 23697      777.0417     8      778.3957      773.6515  1267556    0.61%            x8_3 U  42562  42238     35
Elapsed time = 155.20 sec. (436468.45 ticks, tree = 35.76 MB, solutions = 1)
  42900 23823      774.4397    14      778.3957      773.6702  1275714    0.61%            x5_8 D  42900  33896     52
  43236 23961      776.2375    14      778.3957      773.6928  1284528    0.60%          x20_21 U  43236  43234     36
  43578 24085        cutoff            778.3957      773.7141  1292371    0.60%            x6_7 U  43578  38934     46
  43912 24183      774.8252    28      778.3957      773.7329  1300542    0.60%           x38_7 N  43912  43910     42
  44233 24299      776.3455    46      778.3957      773.7531  1307787    0.60%            x9_7 D  44233  29847     30
  44566 24415        cutoff            778.3957      773.7687  1316026    0.59%            x4_8 U  44566   6611     30
  44891 24519        cutoff            778.3957      773.7889  1323460    0.59%          x33_10 D  44891  29049     45
  45224 24628        cutoff            778.3957      773.8089  1331423    0.59%            x5_8 U  45224  39829     41
  45558 24742      777.3480     8      778.3957      773.8267  1339312    0.59%            x4_9 U  45558  30123     26
  45884 24867      776.8791    56      778.3957      773.8432  1347325    0.58%            x4_5 U  45884  45882     35
Elapsed time = 166.91 sec. (474694.50 ticks, tree = 37.30 MB, solutions = 1)
  46218 24993        cutoff            778.3957      773.8615  1355170    0.58%            x9_8 U  46218  36920     33
  46544 25078      778.2067    31      778.3957      773.8787  1362386    0.58%            x4_6 N  46544  37533     46
  46865 25189      773.9747    60      778.3957      773.8953  1370259    0.58%          x18_38 D  46865  46864     35
  47185 25301      776.4962    40      778.3957      773.9120  1377793    0.58%            x4_5 U  47185  47183     36
  47513 25413      778.2605    14      778.3957      773.9275  1385855    0.57%           x4_20 U  47513  45721     29
  47821 25514        cutoff            778.3957      773.9452  1393594    0.57%          x37_36 U  47821  35962     35
  48133 25613        cutoff            778.3957      773.9611  1401070    0.57%            x9_8 U  48133  40278     39
  48441 25737        cutoff            778.3957      773.9757  1408864    0.57%          x10_21 U  48441  44023     41
  48753 25831        cutoff            778.3957      773.9916  1416030    0.57%           x38_7 U  48753  34887     43
  49058 25909      774.6219    18      778.3957      774.0079  1423392    0.56%            x5_8 N  49058  18624     35
Elapsed time = 178.31 sec. (512946.21 ticks, tree = 38.50 MB, solutions = 1)
  49361 26013        cutoff            778.3957      774.0239  1430693    0.56%           x6_21 U  49361  41529     46
  49674 26121        cutoff            778.3957      774.0373  1437995    0.56%           x20_7 U  49674  49672     48
  49984 26242        cutoff            778.3957      774.0526  1445242    0.56%            x9_8 U  49984  41590     36
  50279 26309        cutoff            778.3957      774.0678  1452263    0.56%            x6_9 U  50279  42845     50
  50586 26422      774.1784    14      778.3957      774.0834  1459876    0.55%            x7_8 N  50586   8417     35
  50883 26538      775.4030    19      778.3957      774.0992  1466934    0.55%            x8_4 U  50883  46521     52
  51194 26651      774.7375    20      778.3957      774.1140  1474213    0.55%            x8_3 N  51194  43431     25
  51503 26723      774.4342    19      778.3957      774.1304  1481196    0.55%           x38_7 N  51503  46433     42
  51809 26802      774.3934    10      778.3957      774.1467  1488834    0.55%            x9_8 D  51809  49434     26
  52123 26896        cutoff            778.3957      774.1593  1495514    0.54%           x8_31 U  52123  52121     25
Elapsed time = 189.56 sec. (551156.16 ticks, tree = 39.65 MB, solutions = 1)
  52427 26983        cutoff            778.3957      774.1755  1502765    0.54%           x21_8 D  52427  13771     29
  52733 27063        cutoff            778.3957      774.1898  1510003    0.54%          x37_26 U  52733  38608     43
  53040 27166        cutoff            778.3957      774.2051  1517171    0.54%            x9_7 U  53040  38379     29
  53350 27252      774.5167    29      778.3957      774.2220  1523944    0.54%           x34_7 D  53350  45191     31
  53651 27347      774.2930    65      778.3957      774.2367  1531336    0.53%           x6_10 N  53651  15807     41
  53959 27436      775.3249     8      778.3957      774.2513  1538434    0.53%            x6_7 D  53959  45334     28
  54257 27514      777.0709    36      778.3957      774.2673  1545493    0.53%          x38_20 D  54257  54256     53
  54563 27597        cutoff            778.3957      774.2818  1552030    0.53%            x4_8 U  54563   6498     26
  54864 27680        cutoff            778.3957      774.2973  1558789    0.53%            x5_8 U  54864  50708     25
  55158 27757      774.7969    10      778.3957      774.3142  1565885    0.52%            x4_8 N  55158  22569     22
Elapsed time = 200.68 sec. (589383.30 ticks, tree = 40.76 MB, solutions = 1)
  55449 27824      774.5824    73      778.3957      774.3296  1572985    0.52%          x37_30 N  55449   2719     12
  55748 27906        cutoff            778.3957      774.3437  1580624    0.52%           x5_21 U  55748  49790     43
  56040 27995      776.9249    49      778.3957      774.3588  1587471    0.52%            x9_7 N  56040  44361     31
  56338 28085      774.4984    54      778.3957      774.3740  1594018    0.52%            x7_8 D  56338  54713     25
  56617 28154        cutoff            778.3957      774.3890  1600246    0.51%            x6_5 U  56617  34448     33
  56901 28248      776.9830    26      778.3957      774.4029  1607256    0.51%          x30_36 N  56901  36136     40
  57201 28312      774.4217    28      778.3957      774.4164  1614127    0.51%           x21_8 D  57201  44321     24
  57481 28383      778.2399    37      778.3957      774.4307  1621108    0.51%          x24_34 U  57481  30397     23
  57780 28468      774.6019    39      778.3957      774.4454  1627697    0.51%            x5_8 D  57780  48159     40
  58066 28549        cutoff            778.3957      774.4588  1634502    0.51%            x7_8 U  58066  21152     25
Elapsed time = 211.62 sec. (627597.82 ticks, tree = 42.15 MB, solutions = 1)
  58357 28614      777.3462    64      778.3957      774.4741  1641371    0.50%           x6_21 U  58357  58355     16
  58657 28690        cutoff            778.3957      774.4907  1648080    0.50%            x6_5 U  58657  31085     31
  58950 28766      778.1522     8      778.3957      774.5068  1655525    0.50%            x8_3 U  58950  37336     34
  59230 28862      776.5441    24      778.3957      774.5219  1662183    0.50%            x7_5 D  59230  59229     25
  59514 28923        cutoff            778.3957      774.5366  1668666    0.50%            x7_3 U  59514  57590     43
  59797 28984      774.5484    20      778.3957      774.5485  1675338    0.49%            x4_6 D  59797  47303     29
  60094 29056        cutoff            778.3957      774.5624  1682212    0.49%           x7_34 U  60094  60092     33
  60390 29131      774.7630    14      778.3957      774.5770  1688497    0.49%          x10_21 N  60390  56627     43
  60688 29222        cutoff            778.3957      774.5911  1695061    0.49%            x6_9 U  60688  54866     48
  60974 29269      774.7839    18      778.3957      774.6051  1701659    0.49%          x34_24 D  60974  50261     30
Elapsed time = 222.46 sec. (665880.30 ticks, tree = 43.39 MB, solutions = 1)
  61259 29324        cutoff            778.3957      774.6201  1708052    0.49%           x20_4 U  61259  46055     37
  61552 29413      776.4471    28      778.3957      774.6341  1714133    0.48%          x38_20 N  61552  55930     41
  61855 29468      775.0484    16      778.3957      774.6478  1720698    0.48%           x21_8 D  61855  25270     27
  62160 29547        cutoff            778.3957      774.6632  1727138    0.48%           x9_20 U  62160  12488     48
  62454 29601      775.5109    24      778.3957      774.6787  1733040    0.48%           x7_40 N  62454  60654     29
  62730 29660      775.8850    67      778.3957      774.6911  1739356    0.48%           x38_6 N  62730  46245     34
  63011 29731      775.3939    18      778.3957      774.7057  1745781    0.47%            x9_8 D  63011   6013     37
  63299 29790        cutoff            778.3957      774.7205  1752237    0.47%            x9_8 U  63299  19384     38
  63594 29838      775.3045    12      778.3957      774.7347  1758403    0.47%           x10_9 D  63594  60323     41
  63867 29888        cutoff            778.3957      774.7456  1764291    0.47%            x5_8 U  63867  49697     40
Elapsed time = 233.01 sec. (704145.82 ticks, tree = 44.27 MB, solutions = 1)
  64163 29975        cutoff            778.3957      774.7586  1770152    0.47%           x5_34 D  64163   5677     59
  64452 30036      775.3895    30      778.3957      774.7723  1776537    0.47%           x4_21 N  64452  52596     48
  64728 30103      776.6366     8      778.3957      774.7848  1782434    0.46%           x38_4 N  64728   4930     33
  65010 30186      776.5401    37      778.3957      774.7972  1788288    0.46%           x3_21 D  65010  63137     35
  65287 30249      777.5929    24      778.3957      774.8107  1794556    0.46%           x21_7 U  65287  62591     49
  65581 30310        cutoff            778.3957      774.8259  1800894    0.46%          x30_24 U  65581  37190     29
  65864 30382        cutoff            778.3957      774.8404  1807358    0.46%            x5_7 U  65864  64702     55
  66151 30451        cutoff            778.3957      774.8526  1812837    0.46%            x9_5 U  66151  52175     42
  66441 30538        cutoff            778.3957      774.8646  1818811    0.45%            x5_8 U  66441  55540     41
  66725 30587      775.3044    24      778.3957      774.8762  1824935    0.45%            x9_8 D  66725  26682     37
Elapsed time = 243.49 sec. (742381.27 ticks, tree = 45.13 MB, solutions = 1)
  67006 30640        cutoff            778.3957      774.8860  1830834    0.45%            x4_9 U  67006  54455     46
  67297 30692      777.9123    59      778.3957      774.9000  1836969    0.45%          x24_34 N  67297  51453     39
  67563 30718        cutoff            778.3957      774.9107  1842364    0.45%          x18_38 U  67563  49066     37
  67840 30790      774.9217    10      778.3957      774.9217  1848167    0.45%           x20_3 D  67840  45208     29
  68119 30855      775.2775    20      778.3957      774.9335  1854071    0.44%           x7_34 N  68119  39016     29
  68403 30881      776.1164    48      778.3957      774.9469  1860218    0.44%          x38_20 U  68403  63803     33
  68690 30962      774.9855    42      778.3957      774.9592  1866240    0.44%          x24_34 D  68690  45892     34
  68968 31020      778.3564    10      778.3957      774.9714  1872288    0.44%          x10_21 N  68968  63051     51
  69251 31081      775.0034    57      778.3957      774.9840  1878245    0.44%            x4_8 D  69251  49506     44
  69539 31146      775.0302    23      778.3957      774.9979  1884199    0.44%           x6_24 D  69539  65244     43
Elapsed time = 253.72 sec. (780605.85 ticks, tree = 46.12 MB, solutions = 1)
  69802 31176      775.4607    24      778.3957      775.0101  1889618    0.43%           x38_6 D  69802  52676     39
  70076 31224      776.3174    31      778.3957      775.0219  1895635    0.43%          x38_20 D  70076  62514     34
  70360 31283      775.5287    13      778.3957      775.0356  1902084    0.43%          x30_24 D  70360  61722     32
  70640 31343      775.2235    18      778.3957      775.0465  1907632    0.43%            x5_8 D  70640  70639     38
  70920 31383      775.1642    57      778.3957      775.0584  1913319    0.43%          x34_24 D  70920  69635     23
  71193 31396      775.2002    12      778.3957      775.0702  1918993    0.43%           x20_4 N  71193  61885     35
  71475 31452      775.1982    52      778.3957      775.0811  1924553    0.43%            x6_9 D  71475  35727     35
  71760 31483      775.5284    44      778.3957      775.0917  1930260    0.42%            x4_9 N  71760  66622     38
  72028 31524      777.6919    26      778.3957      775.1043  1935775    0.42%            x7_4 D  72028   5301     26
  72280 31570      775.5097    18      778.3957      775.1161  1940941    0.42%            x5_8 N  72280  43380     33
Elapsed time = 263.83 sec. (818859.10 ticks, tree = 46.60 MB, solutions = 1)
  72538 31609        cutoff            778.3957      775.1277  1946591    0.42%          x24_34 U  72538  57825     28
  72807 31645      775.1890    36      778.3957      775.1386  1952258    0.42%            x5_8 N  72807   9087     35
  73088 31715      775.1769    51      778.3957      775.1501  1958086    0.42%            x6_9 N  73088  71802     41
  73353 31749        cutoff            778.3957      775.1607  1963367    0.42%           x4_20 U  73353  71450     30
  73614 31800        cutoff            778.3957      775.1712  1967993    0.41%            x6_9 U  73614  73612     28
  73903 31870      778.2322    23      778.3957      775.1830  1973725    0.41%           x20_5 U  73903  68233     38
  74173 31911      775.2052     8      778.3957      775.1940  1978989    0.41%           x3_21 N  74173  41224     27
  74444 31959      775.2610    14      778.3957      775.2049  1984258    0.41%            x5_4 N  74444  63416     50
  74708 31998        cutoff            778.3957      775.2167  1989716    0.41%           x20_4 U  74708   5456     29
  74972 32064        cutoff            778.3957      775.2279  1994837    0.41%          x40_34 U  74972  41190     33
Elapsed time = 273.68 sec. (857069.93 ticks, tree = 47.08 MB, solutions = 1)
  75245 32140      775.8700    19      778.3957      775.2387  1999991    0.41%          x24_34 D  75245  60097     44
  75496 32171      778.0927     8      778.3957      775.2489  2005259    0.40%           x5_34 U  75496  10790     32
  75769 32209        cutoff            778.3957      775.2606  2010741    0.40%          x38_20 U  75769  73643     23
  76032 32242        cutoff            778.3957      775.2707  2016239    0.40%            x4_6 U  76032  70924     38
  76294 32282      775.9489    25      778.3957      775.2816  2020866    0.40%           x9_24 U  76294  76293     42
  76579 32326        cutoff            778.3957      775.2943  2026060    0.40%           x20_7 U  76579  63874     31
  76841 32371        cutoff            778.3957      775.3054  2031209    0.40%          x38_20 D  76841  76840     41
  77110 32403        cutoff            778.3957      775.3153  2036553    0.40%           x21_3 U  77110  69660     33
  77382 32449      776.6252    16      778.3957      775.3267  2041958    0.39%           x6_24 N  77382  65654     52
  77645 32492      775.5999    69      778.3957      775.3370  2046569    0.39%          x38_32 U  77645  76817     46
Elapsed time = 283.41 sec. (895282.44 ticks, tree = 47.84 MB, solutions = 1)
  77916 32521        cutoff            778.3957      775.3483  2052189    0.39%          x38_20 D  77916  70197     49
  78184 32577      776.0183    29      778.3957      775.3575  2057863    0.39%          x10_21 N  78184  75878     23
  78441 32614      776.6887    19      778.3957      775.3687  2063119    0.39%            x7_5 N  78441  51127     38
  78713 32638        cutoff            778.3957      775.3791  2068538    0.39%           x6_21 U  78713  53590     41
  78963 32689      778.0308    18      778.3957      775.3893  2073246    0.39%           x4_20 U  78963  51164     37
  79221 32726        cutoff            778.3957      775.3987  2078289    0.39%            x4_5 U  79221  62400     42
  79484 32751        cutoff            778.3957      775.4082  2083808    0.38%           x21_3 U  79484  62366     30
  79735 32748      778.0744    13      778.3957      775.4173  2089052    0.38%           x38_3 N  79735    892     30
  79983 32769      778.0752    52      778.3957      775.4257  2093642    0.38%            x8_4 N  79983  72223     40
  80239 32795        cutoff            778.3957      775.4359  2098883    0.38%          x38_24 U  80239  48461     29
Elapsed time = 293.09 sec. (933521.56 ticks, tree = 49.68 MB, solutions = 1)
  80489 32839        cutoff            778.3957      775.4451  2103956    0.38%           x21_8 U  80489  68645     45
  80730 32866      776.0055    10      778.3957      775.4545  2108341    0.38%           x5_20 D  80730  47527     46
  81001 32916      778.3667    10      778.3957      775.4654  2113821    0.38%           x4_20 U  81001  80999     48
  81255 32940        cutoff            778.3957      775.4752  2118780    0.38%           x5_34 U  81255  81253     31
  81509 32972      775.8827    22      778.3957      775.4845  2123462    0.37%           x10_7 N  81509  66168     40
  81733 33004        cutoff            778.3957      775.4938  2128014    0.37%          x37_26 U  81733  78296     35
  81981 33036      776.6767    28      778.3957      775.5042  2132969    0.37%           x9_24 N  81981   8136     36
  82251 33084      778.1409    16      778.3957      775.5143  2137933    0.37%          x24_34 U  82251  68333     21
  82494 33110      775.7160    36      778.3957      775.5239  2142372    0.37%            x6_5 N  82494  68150     32
  82741 33126        cutoff            778.3957      775.5339  2147100    0.37%          x38_21 U  82741   7642     23
Elapsed time = 302.50 sec. (971739.92 ticks, tree = 50.04 MB, solutions = 1)
  83000 33172      776.7381    31      778.3957      775.5441  2151874    0.37%          x21_34 N  83000  69480     52
  83261 33194        cutoff            778.3957      775.5536  2156622    0.37%           x21_8 U  83261  66695     18
  83518 33230      776.7183    12      778.3957      775.5638  2161771    0.36%           x6_21 D  83518  75866     39
  83775 33259      777.9295    45      778.3957      775.5735  2166840    0.36%          x38_20 D  83775  56878     39
  84029 33270      775.8249    52      778.3957      775.5848  2171589    0.36%            x4_5 D  84029  84028     53
  84279 33306      776.1565    66      778.3957      775.5943  2176363    0.36%            x7_8 N  84279  52234     41
  84530 33336      776.0298    22      778.3957      775.6046  2180872    0.36%           x21_4 D  84530  70799     61
  84785 33358      776.5524    27      778.3957      775.6149  2185481    0.36%           x21_7 U  84785  81291     28
  85025 33368      777.4963    19      778.3957      775.6250  2189635    0.36%            x8_4 N  85025  85023     42
  85269 33403      775.8488    25      778.3957      775.6349  2194469    0.35%           x6_24 N  85269  46130     51
Elapsed time = 311.95 sec. (1010021.52 ticks, tree = 50.21 MB, solutions = 1)
  85526 33446      777.8770    12      778.3957      775.6460  2199496    0.35%            x6_5 D  85526  60587     42
  85790 33494        cutoff            778.3957      775.6568  2204052    0.35%           x6_21 U  85790  73955     46
  86051 33513      776.2330     8      778.3957      775.6679  2208771    0.35%           x21_8 N  86051  37566     31
  86306 33543      775.6780    51      778.3957      775.6771  2214023    0.35%          x37_30 D  86306  65315     30
  86565 33534      775.6989    64      778.3957      775.6862  2218920    0.35%          x37_30 N  86565  54618     31
  86812 33558        cutoff            778.3957      775.6956  2223575    0.35%           x21_8 U  86812   8198     39
  87076 33611        cutoff            778.3957      775.7041  2228581    0.35%          x21_40 D  87076  63837     43
  87340 33670      775.8199    13      778.3957      775.7136  2233172    0.34%            x7_8 N  87340  61118     28
  87600 33695      776.0869    19      778.3957      775.7225  2237616    0.34%           x20_5 N  87600  53249     36
  87867 33755        cutoff            778.3957      775.7322  2242451    0.34%          x24_37 U  87867   7585     34
Elapsed time = 321.49 sec. (1048289.09 ticks, tree = 50.92 MB, solutions = 1)
  88130 33767        cutoff            778.3957      775.7424  2247076    0.34%          x34_24 U  88130  50940     29
  88382 33794      778.2665    57      778.3957      775.7509  2251803    0.34%           x21_8 N  88382  88380     40
  88626 33822        cutoff            778.3957      775.7609  2256287    0.34%           x21_8 U  88626  74994     50
  88883 33848      778.0267    65      778.3957      775.7703  2260621    0.34%          x38_20 N  88883  82451     41
  89137 33859        cutoff            778.3957      775.7788  2265596    0.34%           x8_31 U  89137  88875     37
  89379 33874      776.7601    43      778.3957      775.7871  2269904    0.34%            x7_5 N  89379  85387     44
  89622 33909        cutoff            778.3957      775.7949  2274366    0.33%            x4_6 D  89622  78115     28
  89864 33926      776.3143    18      778.3957      775.8039  2278562    0.33%            x6_7 N  89864  83707     39
  90114 33939        cutoff            778.3957      775.8113  2283180    0.33%           x4_20 U  90114  90112     43
  90375 33946      777.1396    57      778.3957      775.8195  2287888    0.33%           x6_10 D  90375  88543     57
Elapsed time = 330.68 sec. (1086548.44 ticks, tree = 51.16 MB, solutions = 1)
  90638 33965      777.2382    27      778.3957      775.8290  2292282    0.33%           x10_3 N  90638  57480     50
  90890 33994      777.9275    10      778.3957      775.8377  2296653    0.33%           x20_3 D  90890  47196     35
  91126 34006        cutoff            778.3957      775.8465  2300605    0.33%           x20_5 U  91126  48551     28
  91373 34014        cutoff            778.3957      775.8561  2304749    0.33%          x30_36 U  91373  68437     38
  91633 34035        cutoff            778.3957      775.8654  2308945    0.33%            x4_6 U  91633  66812     47
  91882 34078        cutoff            778.3957      775.8744  2313413    0.32%            x7_5 U  91882  85903     35
  92134 34082      778.3016    64      778.3957      775.8833  2317780    0.32%          x20_24 N  92134  74827     29
  92390 34092      777.0121    35      778.3957      775.8921  2322250    0.32%            x4_5 N  92390  89680     42
  92650 34117      777.3995    17      778.3957      775.9017  2326841    0.32%            x9_5 D  92650  45412     44
  92894 34144      777.4215    45      778.3957      775.9103  2331122    0.32%            x5_7 U  92894  92893     34
Elapsed time = 339.84 sec. (1124778.43 ticks, tree = 51.32 MB, solutions = 1)
  93141 34146      777.1917    12      778.3957      775.9193  2335678    0.32%            x4_9 U  93141  87676     49
  93386 34155        cutoff            778.3957      775.9276  2339924    0.32%          x34_24 U  93386  68878     31
  93636 34201      777.7660    49      778.3957      775.9364  2343925    0.32%           x4_21 D  93636  93634     44
  93883 34208      777.3141    15      778.3957      775.9452  2348365    0.31%          x38_20 N  93883  92920     33
  94130 34216      775.9539     8      778.3957      775.9539  2352548    0.31%           x21_7 D  94130  85677     45
  94375 34235      776.0891    14      778.3957      775.9626  2356533    0.31%            x6_7 N  94375  76231     38
  94621 34254      776.3294    14      778.3957      775.9716  2360682    0.31%            x9_5 N  94621  92506     37
  94885 34294      776.5113    31      778.3957      775.9799  2365323    0.31%          x21_34 N  94885  88948     45
  95125 34304      777.3863    17      778.3957      775.9878  2369625    0.31%           x4_20 N  95125  35831     38
  95373 34314      776.0021    15      778.3957      775.9962  2373626    0.31%            x4_8 N  95373  75914     43
Elapsed time = 348.96 sec. (1163012.20 ticks, tree = 51.47 MB, solutions = 1)
  95621 34348        cutoff            778.3957      776.0044  2377673    0.31%            x7_8 U  95621  90510     30
  95876 34364        cutoff            778.3957      776.0137  2382261    0.31%            x8_4 U  95876  89972     41
  96132 34401        cutoff            778.3957      776.0222  2386609    0.30%          x38_20 U  96132  59617     49
  96379 34414        cutoff            778.3957      776.0296  2390415    0.30%            x3_9 U  96379  77316     40
  96628 34450        cutoff            778.3957      776.0382  2394338    0.30%           x3_21 U  96628  63663     43
  96877 34438        cutoff            778.3957      776.0468  2398367    0.30%            x7_8 U  96877  94002     31
  97128 34429      776.0933    38      778.3957      776.0545  2402678    0.30%            x9_8 N  97128  43672     45
  97373 34433        cutoff            778.3957      776.0630  2406717    0.30%            x4_5 U  97373  90147     37
  97604 34428      778.2110    32      778.3957      776.0698  2410948    0.30%            x5_4 U  97604  86077     39
  97852 34419      777.6408    53      778.3957      776.0785  2415144    0.30%          x38_20 N  97852  78874     42
Elapsed time = 358.00 sec. (1201271.05 ticks, tree = 51.79 MB, solutions = 1)
  98101 34435        cutoff            778.3957      776.0865  2419320    0.30%          x18_38 U  98101  98099     48
  98353 34433      777.1449    27      778.3957      776.0949  2423584    0.30%            x5_8 D  98353  63766     36
  98595 34436      776.2072    23      778.3957      776.1031  2427460    0.29%          x33_10 N  98595  61672     49
  98840 34458      776.4091    16      778.3957      776.1125  2431358    0.29%          x38_20 U  98840  92616     49
  99086 34466        cutoff            778.3957      776.1210  2435256    0.29%           x38_7 U  99086  56346     39
  99329 34473        cutoff            778.3957      776.1282  2439204    0.29%          x38_32 U  99329  63987     33
  99571 34475      778.3490    24      778.3957      776.1361  2443271    0.29%           x26_1 N  99571  13974     31
  99816 34478        cutoff            778.3957      776.1443  2447593    0.29%          x24_34 U  99816  94687     32
 100033 34460      776.1518    19      778.3957      776.1518  2451379    0.29%            x4_6 N 100033  74998     49
 100290 34455      777.1139    10      778.3957      776.1603  2455102    0.29%          x38_20 D 100290  54541     45
Elapsed time = 366.87 sec. (1239483.22 ticks, tree = 51.73 MB, solutions = 1)
 100527 34448        cutoff            778.3957      776.1672  2458981    0.29%           x10_3 U 100527  69901     56
 100765 34460        cutoff            778.3957      776.1747  2462749    0.29%            x9_8 U 100765  22651     40
 101018 34455      776.3321    38      778.3957      776.1834  2466673    0.28%           x7_20 D 101018  94142     59
 101275 34464      777.2023    17      778.3957      776.1903  2470725    0.28%            x5_7 N 101275 101274     43
 101516 34472        cutoff            778.3957      776.1989  2474471    0.28%          x34_24 U 101516  86593     46
 101742 34472        cutoff            778.3957      776.2063  2478336    0.28%          x21_40 D 101742  83105     44
 101994 34469      776.5210    19      778.3957      776.2146  2482462    0.28%           x6_21 N 101994  96545     41
 102238 34470      776.8695    33      778.3957      776.2224  2486030    0.28%            x6_7 N 102238  95247     46
 102482 34466      776.4634    21      778.3957      776.2294  2490055    0.28%           x9_24 D 102482  85371     28
 102705 34488      776.9347    29      778.3957      776.2371  2493682    0.28%           x20_3 N 102705  78884     42
Elapsed time = 375.68 sec. (1277732.71 ticks, tree = 51.75 MB, solutions = 1)
 102951 34492      776.8564    20      778.3957      776.2442  2497674    0.28%            x9_7 N 102951  66950     33
 103193 34506        cutoff            778.3957      776.2518  2501052    0.28%            x5_8 U 103193  68046     34
 103442 34481      776.9207    19      778.3957      776.2591  2505277    0.27%          x38_32 N 103442  99025     24
 103677 34469        cutoff            778.3957      776.2664  2508788    0.27%            x6_5 U 103677  79172     25
 103911 34464      777.9368    12      778.3957      776.2749  2512450    0.27%            x5_4 N 103911  85324     43
 104168 34484      777.2942    42      778.3957      776.2823  2516348    0.27%           x38_9 N 104168  44182     40
 104420 34482      776.8027    37      778.3957      776.2901  2520002    0.27%            x9_7 D 104420 104419     29
 104664 34481      776.9757    68      778.3957      776.2970  2523818    0.27%          x38_21 N 104664  61751     23
 104914 34494      776.6269    22      778.3957      776.3039  2527225    0.27%            x5_6 N 104914 101081     38
 105167 34487        cutoff            778.3957      776.3119  2530795    0.27%            x9_8 U 105167  81179     26
Elapsed time = 384.38 sec. (1315992.08 ticks, tree = 51.63 MB, solutions = 1)
 105410 34492        cutoff            778.3957      776.3192  2534405    0.27%           x9_40 U 105410  88677     32
 105656 34508      776.8196    12      778.3957      776.3268  2538219    0.27%          x21_34 N 105656  72543     43
 105893 34491        cutoff            778.3957      776.3338  2541820    0.26%           x5_34 D 105893  21559     45
 106143 34501      777.2780    47      778.3957      776.3414  2545524    0.26%          x10_21 N 106143 101358     40
 106385 34493        cutoff            778.3957      776.3492  2549349    0.26%           x21_8 U 106385 106383     29
 106632 34483        cutoff            778.3957      776.3565  2552835    0.26%            x5_4 U 106632  73297     44
 106871 34473      777.0603    37      778.3957      776.3634  2556433    0.26%            x9_7 N 106871 106869     33
 107105 34455        cutoff            778.3957      776.3707  2559826    0.26%           x21_3 U 107105  70558     48
 107329 34464      776.5627    14      778.3957      776.3782  2563228    0.26%          x34_29 N 107329  80494     35
 107563 34446        cutoff            778.3957      776.3853  2566748    0.26%          x24_34 U 107563  81934     26
Elapsed time = 393.01 sec. (1354248.88 ticks, tree = 51.53 MB, solutions = 1)
 107786 34428        cutoff            778.3957      776.3916  2569840    0.26%          x38_20 D 107786  89462     37
 108018 34403      776.4550    26      778.3957      776.3979  2573131    0.26%            x4_9 N 108018  94127     49
 108252 34416      776.5955    28      778.3957      776.4048  2576666    0.26%           x10_9 N 108252  75690     23
 108496 34416      776.8160    14      778.3957      776.4113  2580168    0.25%            x5_4 N 108496  73327     43
 108743 34408      776.7991    25      778.3957      776.4189  2584138    0.25%            x7_8 D 108743  84615     36
 108988 34406      776.5003    58      778.3957      776.4264  2587677    0.25%            x9_5 N 108988 105029     48
 109237 34407        cutoff            778.3957      776.4340  2591306    0.25%          x30_36 U 109237 109235     35
 109484 34394      776.6451    14      778.3957      776.4408  2594886    0.25%            x5_4 N 109484  50575     49
 109728 34396        cutoff            778.3957      776.4473  2598438    0.25%           x21_5 D 109728 101494     42
 109982 34369      776.5820    16      778.3957      776.4548  2601789    0.25%            x4_5 N 109982 109981     32
Elapsed time = 401.56 sec. (1392460.58 ticks, tree = 51.68 MB, solutions = 1)
 110221 34354        cutoff            778.3957      776.4622  2605375    0.25%            x7_4 U 110221  26391     41
 110453 34324      776.7516    12      778.3957      776.4692  2609034    0.25%            x4_8 N 110453  43159     35
 110691 34293        cutoff            778.3957      776.4759  2613004    0.25%           x21_8 U 110691  51539     25
 110933 34295        cutoff            778.3957      776.4829  2616412    0.25%            x6_5 U 110933 104887     49
 111175 34283        cutoff            778.3957      776.4908  2619932    0.24%            x6_5 U 111175 102881     39
 111409 34256      778.1982    39      778.3957      776.4970  2623471    0.24%          x34_29 N 111409   2031     26
 111631 34234      776.5031    14      778.3957      776.5031  2626491    0.24%            x4_8 N 111631  21629     35
 111875 34205        cutoff            778.3957      776.5097  2630113    0.24%          x38_20 D 111875  61126     43
 112113 34179      776.5446    15      778.3957      776.5164  2633716    0.24%          x38_20 U 112113 107353     30
 112355 34152        cutoff            778.3957      776.5240  2637119    0.24%           x38_7 N 112355  93961     31
Elapsed time = 410.07 sec. (1430677.44 ticks, tree = 51.70 MB, solutions = 1)
 112589 34145        cutoff            778.3957      776.5312  2640450    0.24%            x9_8 U 112589 100099     36
 112830 34102      777.2342    12      778.3957      776.5388  2643854    0.24%           x20_4 N 112830  54834     41
 113057 34089    infeasible            778.3957      776.5456  2647172    0.24%          x38_20 U 113057 105901     41
 113308 34089        cutoff            778.3957      776.5523  2650740    0.24%            x6_7 U 113308  94236     49
 113539 34073        cutoff            778.3957      776.5597  2654371    0.24%          x34_29 D 113539  86773     42
 113788 34051      776.8157    33      778.3957      776.5671  2657542    0.23%          x20_21 N 113788  42223     24
 114000 34024      777.2452     8      778.3957      776.5733  2660655    0.23%            x8_4 N 114000 104802     34
 114240 33997      776.6400    30      778.3957      776.5797  2664163    0.23%           x5_34 N 114240 110028     30
 114470 33966        cutoff            778.3957      776.5868  2667546    0.23%          x37_36 U 114470  76745     46
 114711 33941      777.2525    10      778.3957      776.5938  2670713    0.23%           x5_21 N 114711  62985     43
Elapsed time = 418.51 sec. (1468926.33 ticks, tree = 51.34 MB, solutions = 1)
 114952 33907        cutoff            778.3957      776.6011  2674284    0.23%            x6_7 U 114952  82846     25
 115194 33873        cutoff            778.3957      776.6080  2677558    0.23%           x6_21 U 115194  91550     30
 115416 33875        cutoff            778.3957      776.6144  2680468    0.23%           x6_10 U 115416  17115     35
 115664 33833        cutoff            778.3957      776.6211  2683629    0.23%          x20_21 U 115664  85035     52
 115898 33788        cutoff            778.3957      776.6286  2686967    0.23%           x9_24 D 115898 115896     34
 116136 33748        cutoff            778.3957      776.6356  2690492    0.23%           x10_9 U 116136  78836     33
 116367 33727        cutoff            778.3957      776.6428  2693846    0.23%            x5_4 U 116367  79776     28
 116600 33699      776.6496    66      778.3957      776.6496  2696889    0.22%          x24_34 N 116600  91770     33
 116839 33634        cutoff            778.3957      776.6565  2700220    0.22%           x3_21 D 116839  88959     33
 117080 33614      777.0918    21      778.3957      776.6632  2703202    0.22%            x6_9 N 117080 117079     42
Elapsed time = 427.02 sec. (1507186.69 ticks, tree = 51.12 MB, solutions = 1)
 117320 33564      777.4387    47      778.3957      776.6700  2706571    0.22%           x38_9 D 117320 106190     46
 117559 33505        cutoff            778.3957      776.6781  2709525    0.22%          x38_28 U 117559  51523     36
 117784 33483      776.9621    56      778.3957      776.6839  2712691    0.22%          x38_34 N 117784  35559     41
 118007 33436        cutoff            778.3957      776.6907  2715798    0.22%           x4_21 U 118007 115641     43
 118240 33398      776.7720    39      778.3957      776.6977  2719000    0.22%          x37_30 N 118240  20995     26
 118482 33373      777.7173    14      778.3957      776.7041  2722579    0.22%           x35_3 D 118482 118481     47
 118722 33336        cutoff            778.3957      776.7119  2725961    0.22%           x4_20 D 118722  91267     47
 118951 33309      776.7903    32      778.3957      776.7185  2728904    0.22%           x10_9 N 118951  48126     54
 119180 33277      776.9356    11      778.3957      776.7254  2732047    0.21%           x9_24 U 119180  98132     46
 119422 33263        cutoff            778.3957      776.7315  2735169    0.21%           x38_9 U 119422  21435     40
Elapsed time = 435.29 sec. (1545458.27 ticks, tree = 50.73 MB, solutions = 1)
 119654 33225      778.2189     8      778.3957      776.7376  2738391    0.21%           x21_4 N 119654  96531     42
 119892 33202        cutoff            778.3957      776.7447  2741508    0.21%            x3_9 U 119892 109444     30
 120120 33136      776.7517    57      778.3957      776.7517  2744575    0.21%           x3_21 D 120120 118952     31
 120354 33093        cutoff            778.3957      776.7583  2747981    0.21%          x20_21 U 120354  10527     47
 120586 33092        cutoff            778.3957      776.7654  2751095    0.21%          x38_20 U 120586 110708     55
 120814 33044      778.3382    16      778.3957      776.7718  2754191    0.21%          x33_10 N 120814 116564     29
 121045 33011        cutoff            778.3957      776.7792  2757053    0.21%            x6_7 U 121045  78155     42
 121280 32969      777.7161    14      778.3957      776.7856  2759940    0.21%            x5_8 N 121280  21381     39
 121521 32944      777.3083    22      778.3957      776.7917  2762986    0.21%          x34_29 N 121521 108272     47
 121748 32902      777.1986    14      778.3957      776.7983  2765904    0.21%            x6_7 N 121748 118812     27
Elapsed time = 443.48 sec. (1583708.79 ticks, tree = 50.21 MB, solutions = 1)
 121987 32852        cutoff            778.3957      776.8042  2769037    0.20%           x21_7 U 121987  35887     29
 122229 32795      776.8798    44      778.3957      776.8112  2771986    0.20%           x6_33 N 122229  55293     23
 122472 32769      778.0258    52      778.3957      776.8168  2774980    0.20%           x38_7 D 122472 104528     43
 122703 32719        cutoff            778.3957      776.8231  2778069    0.20%           x4_21 D 122703 113022     38
 122935 32674      778.2133    26      778.3957      776.8296  2780896    0.20%           x21_7 N 122935 113121     40
 123152 32621      777.1139    37      778.3957      776.8367  2783806    0.20%           x35_5 N 123152  76167     37
 123375 32577      777.0387    34      778.3957      776.8443  2786813    0.20%            x9_5 N 123375  54345     33
 123605 32536        cutoff            778.3957      776.8507  2789612    0.20%            x3_9 D 123605  47944     50
 123833 32470        cutoff            778.3957      776.8566  2792622    0.20%            x6_7 U 123833 121342     36
 124050 32435      777.3301    14      778.3957      776.8631  2795403    0.20%           x21_4 N 124050 124049     34
Elapsed time = 451.53 sec. (1621950.46 ticks, tree = 49.71 MB, solutions = 1)
 124280 32420      777.7621    16      778.3957      776.8695  2798399    0.20%          x21_40 D 124280  78907     22
 124510 32377        cutoff            778.3957      776.8771  2801378    0.20%            x7_8 U 124510 113376     35
 124739 32328        cutoff            778.3957      776.8841  2804270    0.19%           x5_34 U 124739 106878     42
 124967 32303        cutoff            778.3957      776.8900  2806900    0.19%           x20_4 U 124967  99930     50
 125198 32240        cutoff            778.3957      776.8971  2809771    0.19%           x38_8 D 125198  85326     32
 125417 32209      777.5050    67      778.3957      776.9028  2812603    0.19%            x9_6 N 125417 125416     32
 125648 32165        cutoff            778.3957      776.9091  2815173    0.19%            x9_8 U 125648 125646     29
 125879 32125        cutoff            778.3957      776.9146  2818159    0.19%           x35_5 U 125879 103633     25
 126100 32070      776.9664    55      778.3957      776.9210  2820936    0.19%            x9_8 N 126100 126099     29
 126317 32049        cutoff            778.3957      776.9275  2823505    0.19%           x4_21 U 126317 108151     37
Elapsed time = 459.50 sec. (1660203.05 ticks, tree = 49.26 MB, solutions = 1)
 126543 32013      776.9859    18      778.3957      776.9334  2826169    0.19%            x5_6 N 126543  88594     37
 126765 31956        cutoff            778.3957      776.9394  2828844    0.19%           x38_3 U 126765  55883     29
 126986 31910        cutoff            778.3957      776.9454  2831583    0.19%           x4_21 D 126986 114802     40
 127211 31864        cutoff            778.3957      776.9523  2834130    0.19%            x6_7 U 127211  80514     42
 127449 31789        cutoff            778.3957      776.9583  2837220    0.18%           x10_3 U 127449  78014     56
 127666 31736        cutoff            778.3957      776.9645  2839978    0.18%            x4_6 U 127666  80359     37
 127890 31686      776.9725    40      778.3957      776.9710  2842811    0.18%            x4_8 N 127890 101453     24
 128123 31629        cutoff            778.3957      776.9766  2845681    0.18%           x6_21 U 128123   2187     27
 128357 31555        cutoff            778.3957      776.9833  2848579    0.18%           x21_4 D 128357 106178     37
 128591 31521      777.3210    12      778.3957      776.9900  2851538    0.18%            x4_6 N 128591 111125     31
Elapsed time = 467.33 sec. (1698441.13 ticks, tree = 48.67 MB, solutions = 1)
 128828 31461        cutoff            778.3957      776.9959  2854342    0.18%          x33_10 D 128828  32646     41
 129066 31411      777.3148    50      778.3957      777.0033  2857055    0.18%          x20_34 N 129066 129065     37
 129300 31349      777.3801     8      778.3957      777.0100  2859710    0.18%           x32_3 N 129300 129299     38
 129541 31286        cutoff            778.3957      777.0159  2862531    0.18%           x20_4 U 129541 129539     36
 129778 31233        cutoff            778.3957      777.0225  2865296    0.18%           x4_24 U 129778 109847     46
 130012 31178      777.0291    19      778.3957      777.0291  2868002    0.18%           x21_7 N 130012 118925     56
 130258 31122        cutoff            778.3957      777.0356  2870677    0.17%            x9_8 U 130258 130256     36
 130498 31063      777.1653    18      778.3957      777.0420  2873536    0.17%          x34_29 U 130498  47852     43
 130741 30986        cutoff            778.3957      777.0485  2876367    0.17%            x7_8 D 130741 117607     22
 130987 30942      777.7359    14      778.3957      777.0552  2879285    0.17%           x4_20 N 130987 113307     35
Elapsed time = 475.28 sec. (1736657.61 ticks, tree = 47.93 MB, solutions = 1)
 131229 30877        cutoff            778.3957      777.0618  2881978    0.17%           x3_21 U 131229 119096     43
 131464 30808      777.3150    16      778.3957      777.0678  2884617    0.17%           x7_40 N 131464  95080     31
 131707 30756      777.5157    12      778.3957      777.0753  2887261    0.17%           x10_9 N 131707 123116     31
 131948 30677      777.6830    23      778.3957      777.0809  2890105    0.17%            x5_6 N 131948  59796     32
 132189 30603        cutoff            778.3957      777.0878  2892763    0.17%            x5_6 U 132189 101330     56
 132420 30540      777.3309    21      778.3957      777.0948  2895790    0.17%            x4_8 N 132420  95807     23
 132649 30487      777.6819    20      778.3957      777.1013  2898470    0.17%            x9_8 N 132649  33321     31
 132890 30427        cutoff            778.3957      777.1077  2901183    0.17%          x38_32 U 132890 106491     43
 133126 30364      777.1445    54      778.3957      777.1140  2903744    0.16%            x9_8 N 133126 132347     36
 133366 30279      777.1964    19      778.3957      777.1205  2906285    0.16%            x6_5 N 133366  19210     39
Elapsed time = 483.15 sec. (1774917.41 ticks, tree = 47.26 MB, solutions = 1)
 133606 30198        cutoff            778.3957      777.1272  2908947    0.16%          x34_29 D 133606  84227     37
 133842 30142        cutoff            778.3957      777.1338  2911544    0.16%           x5_20 U 133842 102824     39
 134074 30075        cutoff            778.3957      777.1405  2914204    0.16%            x6_9 U 134074 113031     28
 134310 30025      777.3174    53      778.3957      777.1465  2916627    0.16%            x4_6 N 134310  79793     46
 134544 29968      777.1520    30      778.3957      777.1521  2919108    0.16%            x4_8 D 134544   3776     31
 134783 29893      777.6015    16      778.3957      777.1584  2921630    0.16%           x10_4 N 134783  98189     28
 135021 29792        cutoff            778.3957      777.1644  2924528    0.16%           x21_9 U 135021 131124     37
 135252 29732        cutoff            778.3957      777.1706  2927033    0.16%          x34_24 D 135252  30214     25
 135484 29671        cutoff            778.3957      777.1767  2929766    0.16%           x21_5 U 135484 135482     39
 135725 29574        cutoff            778.3957      777.1837  2932057    0.16%          x38_20 D 135725  73930     28
Elapsed time = 490.87 sec. (1813135.65 ticks, tree = 46.36 MB, solutions = 1)
 135957 29498        cutoff            778.3957      777.1897  2934618    0.15%          x34_24 U 135957  87626     27
 136199 29425        cutoff            778.3957      777.1961  2936965    0.15%          x38_32 U 136199 128546     47
 136436 29353      777.4130    16      778.3957      777.2024  2939490    0.15%            x7_8 N 136436  11388     44
 136670 29291      778.3055    17      778.3957      777.2086  2942011    0.15%          x21_34 N 136670 134431     40
 136909 29221      778.1255    14      778.3957      777.2140  2944382    0.15%           x5_34 N 136909 136907     37
 137148 29137        cutoff            778.3957      777.2209  2946878    0.15%           x5_21 U 137148 131954     44
 137386 29063      777.2589    27      778.3957      777.2262  2949331    0.15%            x9_8 N 137386  11601     26
 137625 28981        cutoff            778.3957      777.2329  2951754    0.15%            x5_7 U 137625 133956     30
 137865 28889      777.2401    10      778.3957      777.2401  2954252    0.15%           x3_21 N 137865  42938     35
 138097 28808        cutoff            778.3957      777.2464  2956841    0.15%            x7_5 N 138097 108648     40
Elapsed time = 498.48 sec. (1851373.80 ticks, tree = 45.42 MB, solutions = 1)
 138332 28716      777.6453    26      778.3957      777.2527  2959669    0.15%            x7_5 N 138332 106616     54
 138568 28665        cutoff            778.3957      777.2588  2962215    0.15%            x6_7 U 138568 122385     50
 138806 28573        cutoff            778.3957      777.2647  2964749    0.15%           x20_7 U 138806 111873     25
 139042 28489        cutoff            778.3957      777.2713  2967256    0.14%           x9_24 U 139042 103102     32
 139281 28404      777.4419    64      778.3957      777.2773  2969830    0.14%            x3_9 N 139281  86075     47
 139521 28321        cutoff            778.3957      777.2836  2972332    0.14%          x32_38 D 139521  72894     31
 139762 28234        cutoff            778.3957      777.2896  2974766    0.14%            x8_7 U 139762 128726     43
 139997 28140      777.3258    27      778.3957      777.2959  2977427    0.14%            x3_7 D 139997 124438     54
 140235 28067        cutoff            778.3957      777.3018  2979895    0.14%           x21_8 U 140235  91191     32
 140471 27976        cutoff            778.3957      777.3075  2982452    0.14%            x4_6 D 140471  44857     24
Elapsed time = 506.19 sec. (1889612.10 ticks, tree = 43.96 MB, solutions = 1)
 140708 27885        cutoff            778.3957      777.3135  2984757    0.14%           x21_3 U 140708 124150     44
 140947 27789      777.6281    20      778.3957      777.3194  2987135    0.14%            x5_3 N 140947  44524     28
 141191 27689      778.2803    24      778.3957      777.3266  2989429    0.14%           x9_24 N 141191 135465     18
 141431 27617      777.8624    28      778.3957      777.3321  2991710    0.14%          x24_37 N 141431   9544     28
 141665 27523        cutoff            778.3957      777.3386  2994119    0.14%           x21_3 U 141665  73414     32
 141906 27433      778.3858    17      778.3957      777.3449  2996283    0.13%           x20_3 N 141906 119353     44
 142144 27317        cutoff            778.3957      777.3516  2998799    0.13%           x38_7 D 142144  24029     29
 142395 27200      777.4095    46      778.3957      777.3580  3001147    0.13%            x9_8 D 142395 141174     39
 142635 27095        cutoff            778.3957      777.3640  3003459    0.13%            x5_8 U 142635 117787     33
 142884 27010        cutoff            778.3957      777.3700  3005683    0.13%          x34_24 U 142884 100307     23
Elapsed time = 513.75 sec. (1927864.71 ticks, tree = 42.62 MB, solutions = 1)
 143119 26896      777.4778    19      778.3957      777.3764  3008245    0.13%            x5_7 N 143119 118582     39
 143362 26806        cutoff            778.3957      777.3822  3010524    0.13%            x9_6 U 143362 139260     44
 143601 26703        cutoff            778.3957      777.3884  3012780    0.13%            x4_8 U 143601  34238     25
 143841 26580        cutoff            778.3957      777.3941  3014982    0.13%          x37_36 U 143841 102394     45
 144082 26482        cutoff            778.3957      777.3998  3017287    0.13%            x9_8 U 144082 113038     32
 144318 26418      777.7199    65      778.3957      777.4056  3019644    0.13%           x10_3 N 144318 124046     34
 144556 26328      777.4762    27      778.3957      777.4123  3021779    0.13%            x5_8 N 144556 141802     36
 144794 26230      777.9228    19      778.3957      777.4192  3023955    0.13%            x5_7 N 144794 142323     28
 145034 26114        cutoff            778.3957      777.4259  3026087    0.12%           x4_21 U 145034 138650     41
 145278 25980        cutoff            778.3957      777.4325  3028344    0.12%          x38_20 D 145278  80877     28
Elapsed time = 521.17 sec. (1966080.01 ticks, tree = 41.07 MB, solutions = 1)
 145521 25858      777.8994    66      778.3957      777.4388  3030553    0.12%            x5_8 N 145521 137620     37
 145758 25757        cutoff            778.3957      777.4446  3032827    0.12%          x27_28 U 145758 134325     29
 145995 25654        cutoff            778.3957      777.4513  3035039    0.12%           x8_37 U 145995   4550     35
 146235 25534      777.7024    36      778.3957      777.4570  3037284    0.12%           x35_5 N 146235  23940     31
 146480 25415        cutoff            778.3957      777.4626  3039512    0.12%           x9_20 D 146480 134198     59
 146727 25286      777.6973    25      778.3957      777.4690  3041714    0.12%           x10_7 N 146727 126521     42
 146966 25188      777.4755    12      778.3957      777.4754  3043748    0.12%          x21_34 N 146966  73747     29
 147211 25111        cutoff            778.3957      777.4816  3046052    0.12%           x21_3 D 147211 118474     44
 147460 24993        cutoff            778.3957      777.4877  3048077    0.12%           x21_5 D 147460  82367     48
 147698 24877      777.6148    15      778.3957      777.4939  3050316    0.12%          x32_38 N 147698  85943     41
Elapsed time = 528.56 sec. (2004337.75 ticks, tree = 39.56 MB, solutions = 1)
 147944 24770        cutoff            778.3957      777.5001  3052559    0.12%           x35_3 U 147944 141596     43
 148183 24663        cutoff            778.3957      777.5071  3054718    0.11%          x24_34 U 148183 115637     34
 148423 24565        cutoff            778.3957      777.5129  3056830    0.11%           x7_40 U 148423  62892     21
 148664 24436        cutoff            778.3957      777.5190  3059042    0.11%            x7_4 D 148664 140085     37
 148900 24322        cutoff            778.3957      777.5245  3061174    0.11%           x4_21 U 148900  62224     26
 149151 24201        cutoff            778.3957      777.5304  3063233    0.11%           x21_7 D 149151  91641     36
 149393 24084      778.1768    28      778.3957      777.5373  3065595    0.11%            x6_5 N 149393  18864     38
 149626 23990        cutoff            778.3957      777.5431  3067547    0.11%          x20_24 U 149626 124285     31
 149873 23844        cutoff            778.3957      777.5489  3069741    0.11%           x21_8 U 149873 143210     24
 150114 23737        cutoff            778.3957      777.5549  3071784    0.11%           x6_21 D 150114 148113     34
Elapsed time = 535.95 sec. (2042554.28 ticks, tree = 37.85 MB, solutions = 1)
 150354 23616      777.6264    32      778.3957      777.5609  3073804    0.11%            x6_7 N 150354 114476     35
 150596 23488        cutoff            778.3957      777.5668  3075827    0.11%          x38_28 U 150596 139075     30
 150842 23368        cutoff            778.3957      777.5726  3077735    0.11%           x10_7 D 150842 116429     36
 151075 23266        cutoff            778.3957      777.5790  3079782    0.10%            x9_8 U 151075 148242     33
 151315 23152      777.5847    19      778.3957      777.5847  3081852    0.10%           x20_5 D 151315 142224     44
 151558 23054      777.9363    12      778.3957      777.5898  3083702    0.10%          x24_34 N 151558  55894     38
 151803 22926        cutoff            778.3957      777.5951  3085851    0.10%          x38_20 U 151803 108864     25
 152045 22785        cutoff            778.3957      777.6012  3087918    0.10%            x4_8 U 152045 150387     34
 152287 22659        cutoff            778.3957      777.6078  3089923    0.10%           x21_4 U 152287 144405     53
 152529 22534        cutoff            778.3957      777.6144  3092035    0.10%            x8_3 D 152529 130934     41
Elapsed time = 543.25 sec. (2080748.72 ticks, tree = 35.89 MB, solutions = 1)
 152773 22400      778.2917    27      778.3957      777.6209  3093956    0.10%            x4_5 N 152773 123451     33
 153015 22265      777.8448    18      778.3957      777.6268  3095955    0.10%            x4_6 N 153015 153014     63
 153260 22114        cutoff            778.3957      777.6327  3097868    0.10%          x20_24 D 153260   9442     36
 153507 21958        cutoff            778.3957      777.6390  3099804    0.10%           x38_7 D 153507 128365     38
 153754 21834        cutoff            778.3957      777.6446  3101738    0.10%          x38_20 D 153754  64742     35
 153997 21693        cutoff            778.3957      777.6504  3103598    0.10%          x24_34 D 153997 149962     50
 154241 21547        cutoff            778.3957      777.6570  3105545    0.09%           x9_24 U 154241 146460     35
 154486 21416        cutoff            778.3957      777.6631  3107464    0.09%            x4_8 U 154486 126474     19
 154728 21297        cutoff            778.3957      777.6690  3109530    0.09%            x4_8 U 154728  70116     28
 154977 21161        cutoff            778.3957      777.6751  3111349    0.09%            x5_8 U 154977 144339     31
Elapsed time = 550.47 sec. (2118950.79 ticks, tree = 33.69 MB, solutions = 1)
 155222 21058        cutoff            778.3957      777.6807  3113228    0.09%           x38_8 D 155222  77712     51
 155465 20925        cutoff            778.3957      777.6879  3115169    0.09%           x4_20 D 155465  99980     21
 155705 20791      777.6945    14      778.3957      777.6945  3117007    0.09%            x7_8 D 155705 119431     41
 155953 20628      777.7006    45      778.3957      777.7006  3118899    0.09%           x38_9 N 155953  51505     35
 156198 20492        cutoff            778.3957      777.7064  3120743    0.09%          x10_21 D 156198  92433     33
 156439 20363        cutoff            778.3957      777.7132  3122609    0.09%           x38_8 D 156439 143076     45
 156679 20247      777.9187    16      778.3957      777.7192  3124509    0.09%          x38_35 N 156679  92593     54
 156925 20099        cutoff            778.3957      777.7251  3126317    0.09%            x9_8 U 156925   9969     36
 157174 19930        cutoff            778.3957      777.7313  3128190    0.09%           x4_21 U 157174 135319     31
 157417 19792        cutoff            778.3957      777.7375  3129863    0.08%            x4_5 D 157417 153629     40
Elapsed time = 557.65 sec. (2157177.27 ticks, tree = 31.86 MB, solutions = 1)
 157661 19646        cutoff            778.3957      777.7439  3131612    0.08%          x38_24 U 157661 119704     47
 157905 19513        cutoff            778.3957      777.7503  3133351    0.08%           x21_8 U 157905  20618     20
 158146 19374      777.7563    10      778.3957      777.7564  3134911    0.08%          x30_36 N 158146 128235     33
 158388 19230        cutoff            778.3957      777.7624  3136646    0.08%           x28_6 U 158388  16516     23
 158631 19091        cutoff            778.3957      777.7686  3138344    0.08%            x8_3 U 158631  91155     49
 158874 18939        cutoff            778.3957      777.7763  3140012    0.08%           x3_38 U 158874  30658     19
 159117 18803      777.8030    22      778.3957      777.7822  3141660    0.08%          x30_36 N 159117 148627     53
 159357 18656      778.0338    22      778.3957      777.7886  3143260    0.08%           x4_20 N 159357 156676     38
 159596 18511        cutoff            778.3957      777.7943  3144961    0.08%           x10_9 D 159596   7622     44
 159841 18337        cutoff            778.3957      777.8004  3146609    0.08%            x5_8 U 159841  36571     37
Elapsed time = 564.67 sec. (2195432.05 ticks, tree = 29.53 MB, solutions = 1)
 160085 18195        cutoff            778.3957      777.8060  3148226    0.08%           x5_21 D 160085 116816     26
 160332 18024      777.8397    14      778.3957      777.8125  3149753    0.07%          x30_36 N 160332 159257     38
 160578 17870        cutoff            778.3957      777.8186  3151307    0.07%           x4_21 U 160578  96816     39
 160824 17704      778.1554    14      778.3957      777.8248  3152933    0.07%            x5_7 N 160824  90557     37
 161068 17543        cutoff            778.3957      777.8318  3154548    0.07%           x20_3 D 161068 141564     43
 161309 17382      777.9762    52      778.3957      777.8386  3156117    0.07%           x9_24 N 161309 151289     32
 161550 17223        cutoff            778.3957      777.8448  3157657    0.07%            x5_8 D 161550  41044     50
 161801 17050        cutoff            778.3957      777.8512  3159258    0.07%            x5_7 D 161801  42921     49
 162044 16885        cutoff            778.3957      777.8574  3160793    0.07%           x3_38 U 162044 128307     40
 162284 16726        cutoff            778.3957      777.8636  3162360    0.07%           x38_7 D 162284 148155     29
Elapsed time = 571.63 sec. (2233665.79 ticks, tree = 27.10 MB, solutions = 1)
 162532 16554        cutoff            778.3957      777.8697  3163966    0.07%           x10_3 D 162532 148293     51
 162779 16377        cutoff            778.3957      777.8769  3165601    0.07%           x8_36 U 162779 119183     35
 163024 16215        cutoff            778.3957      777.8829  3167067    0.07%            x4_5 U 163024 150181     31
 163272 16033        cutoff            778.3957      777.8896  3168599    0.07%            x7_8 U 163272 142947     45
 163517 15863      778.0979    42      778.3957      777.8956  3170114    0.06%            x7_8 N 163517 114762     45
 163764 15675        cutoff            778.3957      777.9018  3171630    0.06%           x38_7 D 163764  78031     31
 164011 15497      778.0506    20      778.3957      777.9082  3173071    0.06%          x30_36 N 164011  92244     36
 164254 15345        cutoff            778.3957      777.9136  3174562    0.06%            x8_4 U 164254 136024     48
 164490 15189        cutoff            778.3957      777.9195  3176034    0.06%            x3_7 U 164490 144395     40
 164734 15001        cutoff            778.3957      777.9264  3177569    0.06%           x21_7 U 164734 125101     48
Elapsed time = 578.56 sec. (2271881.96 ticks, tree = 24.64 MB, solutions = 1)
 164979 14838      777.9358    36      778.3957      777.9322  3179019    0.06%          x37_36 D 164979  98975     36
 165227 14659        cutoff            778.3957      777.9382  3180317    0.06%           x6_21 U 165227  26863     47
 165476 14483        cutoff            778.3957      777.9442  3181736    0.06%          x34_29 U 165476  50248     30
 165725 14294        cutoff            778.3957      777.9509  3183111    0.06%            x4_5 U 165725 134008     35
 165975 14084        cutoff            778.3957      777.9582  3184499    0.06%           x20_7 U 165975 156382     38
 166227 13889        cutoff            778.3957      777.9648  3185884    0.06%           x20_4 D 166227  30640     42
 166479 13696        cutoff            778.3957      777.9711  3187199    0.05%            x9_8 U 166479  65687     44
 166728 13520      778.1369    20      778.3957      777.9775  3188696    0.05%            x5_4 N 166728 155062     40
 166973 13328        cutoff            778.3957      777.9842  3189998    0.05%          x30_36 U 166973 166971     25
 167224 13130        cutoff            778.3957      777.9914  3191280    0.05%          x30_36 D 167224 128180     33
Elapsed time = 585.31 sec. (2310113.32 ticks, tree = 22.15 MB, solutions = 1)
 167475 12935        cutoff            778.3957      777.9978  3192519    0.05%           x4_21 U 167475 104018     28
 167725 12734        cutoff            778.3957      778.0041  3193784    0.05%            x4_6 D 167725  29090     42
 167973 12546        cutoff            778.3957      778.0098  3195076    0.05%            x5_7 D 167973  97144     47
 168219 12357        cutoff            778.3957      778.0169  3196250    0.05%           x10_9 U 168219 155679     29
 168468 12169        cutoff            778.3957      778.0231  3197557    0.05%           x9_40 U 168468 165977     45
 168718 11967        cutoff            778.3957      778.0298  3198850    0.05%            x5_3 D 168718  57758     34
 168971 11772        cutoff            778.3957      778.0361  3200125    0.05%           x38_6 U 168971  77988     35
 169222 11564        cutoff            778.3957      778.0423  3201338    0.05%          x38_32 U 169222 129154     43
 169470 11387        cutoff            778.3957      778.0488  3202541    0.04%           x4_21 D 169470  20089     47
 169725 11186        cutoff            778.3957      778.0559  3203684    0.04%            x7_3 D 169725 154561     53
Elapsed time = 591.99 sec. (2348324.55 ticks, tree = 19.40 MB, solutions = 1)
 169973 10983      778.1077    16      778.3957      778.0627  3204908    0.04%           x28_5 N 169973 149586     30
 170229 10766      778.1864    25      778.3957      778.0699  3206018    0.04%            x4_8 N 170229  74936     59
 170482 10556      778.0765    18      778.3957      778.0765  3207210    0.04%           x20_5 N 170482 165800     43
 170737 10351        cutoff            778.3957      778.0833  3208371    0.04%          x34_29 U 170737 120278     45
 170990 10153        cutoff            778.3957      778.0896  3209561    0.04%           x21_7 D 170990 161433     36
 171245  9944        cutoff            778.3957      778.0968  3210669    0.04%          x37_26 U 171245 121956     25
 171499  9737      778.1033    14      778.3957      778.1034  3211741    0.04%            x4_6 N 171499  55093     38
 171753  9515        cutoff            778.3957      778.1101  3212838    0.04%          x12_14 U 171753 141753     40
 172005  9299        cutoff            778.3957      778.1165  3213834    0.04%            x4_8 U 172005  25485     24
 172254  9089        cutoff            778.3957      778.1229  3214881    0.04%            x5_8 D 172254 154103     34
Elapsed time = 598.60 sec. (2386538.55 ticks, tree = 16.30 MB, solutions = 1)
 172507  8872        cutoff            778.3957      778.1296  3215963    0.03%           x10_4 U 172507 109157     39
 172760  8670        cutoff            778.3957      778.1363  3217013    0.03%          x38_21 U 172760  63225     26
 173013  8447        cutoff            778.3957      778.1425  3218133    0.03%           x38_6 U 173013 101259     41
 173264  8223        cutoff            778.3957      778.1495  3219171    0.03%            x6_9 U 173264 162119     43
 173516  8008        cutoff            778.3957      778.1559  3220235    0.03%            x6_9 U 173516 148025     34
 173772  7789        cutoff            778.3957      778.1620  3221322    0.03%            x4_6 U 173772  54437     25
 174026  7572        cutoff            778.3957      778.1689  3222341    0.03%          x24_34 U 174026 106791     35
 174284  7350        cutoff            778.3957      778.1751  3223364    0.03%          x10_21 U 174284 140516     35
 174541  7122        cutoff            778.3957      778.1814  3224302    0.03%           x10_9 D 174541 109551     38
 174796  6893        cutoff            778.3957      778.1886  3225250    0.03%           x10_6 D 174796 129359     42
Elapsed time = 605.10 sec. (2424756.48 ticks, tree = 13.05 MB, solutions = 1)
 175048  6671        cutoff            778.3957      778.1949  3226184    0.03%            x4_6 D 175048 156506     39
 175301  6454        cutoff            778.3957      778.2019  3227074    0.02%            x7_8 D 175301  64666     37
 175558  6239        cutoff            778.3957      778.2084  3228046    0.02%          x34_29 U 175558 168756     54
 175814  6002        cutoff            778.3957      778.2160  3228907    0.02%            x7_5 D 175814  71824     30
 176074  5762        cutoff            778.3957      778.2229  3229753    0.02%            x9_8 U 176074 141992     35
 176328  5526        cutoff            778.3957      778.2301  3230619    0.02%          x34_29 D 176328 156432     37
 176587  5278        cutoff            778.3957      778.2382  3231477    0.02%           x10_4 D 176587 135928     36
 176844  5043        cutoff            778.3957      778.2455  3232271    0.02%            x9_7 D 176844  36665     42
 177100  4802        cutoff            778.3957      778.2523  3233090    0.02%          x38_20 D 177100  69046     42
 177358  4563        cutoff            778.3957      778.2597  3233896    0.02%            x5_4 U 177358 100924     45
Elapsed time = 611.53 sec. (2462976.76 ticks, tree = 9.59 MB, solutions = 1)
 177615  4323        cutoff            778.3957      778.2659  3234725    0.02%           x21_4 D 177615 173710     30
 177871  4085        cutoff            778.3957      778.2725  3235477    0.02%            x4_6 U 177871  41572     37
 178127  3849        cutoff            778.3957      778.2803  3236210    0.01%            x5_4 D 178127  81950     37
 178388  3606        cutoff            778.3957      778.2874  3236924    0.01%          x21_24 D 178388 100766     30
 178650  3369        cutoff            778.3957      778.2951  3237680    0.01%            x8_3 U 178650  30655     40
 178909  3114        cutoff            778.3957      778.3029  3238388    0.01%            x4_5 D 178909 167845     26
 179168  2867        cutoff            778.3957      778.3091  3239093    0.01%            x8_3 U 179168 170649     41
 179428  2619        cutoff            778.3957      778.3161  3239737    0.01%          x38_28 D 179428 177592     50

Cover cuts applied:  1
Zero-half cuts applied:  7
User cuts applied:  5141

Root node processing (before b&c):
  Real time             =    0.08 sec. (137.38 ticks)
Sequential b&c:
  Real time             =  616.63 sec. (2495379.92 ticks)
                          ------------
Total (root+branch&cut) =  616.71 sec. (2495517.30 ticks)

