Version identifier: 22.1.0.0 | 2022-03-09 | 1a383f8ce
CPXPARAM_Preprocessing_Reduce                    1
CPXPARAM_Threads                                 1
CPXPARAM_Preprocessing_Reformulations            0
CPXPARAM_Emphasis_MIP                            2
CPXPARAM_MIP_Limits_CutPasses                    300
CPXPARAM_TimeLimit                               10800
CPXPARAM_MIP_Limits_TreeMemory                   20000
Legacy callback                                  BbLUID
         Disabling repeat represolve because of lazy constraint/incumbent callback.
1 of 1 MIP starts provided solutions.
MIP start 'm1' defined initial solution with objective 726.9914.
Tried aggregator 1 time.
MIP Presolve eliminated 1283 rows and 0 columns.
MIP Presolve modified 335 coefficients.
Reduced MIP has 411 rows, 1201 columns, and 4446 nonzeros.
Reduced MIP has 1201 binaries, 0 generals, 0 SOSs, and 0 indicators.
Presolve time = 0.00 sec. (2.89 ticks)
Probing time = 0.00 sec. (2.46 ticks)
Clique table members: 411.
MIP emphasis: optimality.
MIP search method: traditional branch-and-cut.
Parallel mode: none, using 1 thread.
Root relaxation solution time = 0.00 sec. (1.22 ticks)

        Nodes                                         Cuts/
   Node  Left     Objective  IInf  Best Integer    Best Bound    ItCnt     Gap         Variable B NodeID Parent  Depth

*     0+    0                          726.9914        0.0000           100.00%
      0     0      589.1586    12      726.9914      589.1586       90   18.96%
      0     0      633.1268    48      726.9914      Cuts: 27      122   12.91%
      0     0      651.5754    32      726.9914      Cuts: 25      136   10.37%
      0     0      657.7363    34      726.9914      Cuts: 15      150    9.53%
      0     0      662.4648    39      726.9914       User: 2      167    8.88%
      0     0      667.1980    25      726.9914       Cuts: 7      184    8.22%
      0     0      675.1810    10      726.9914       Cuts: 9      201    7.13%
      0     0      680.0859    24      726.9914       User: 1      202    6.45%
      0     0      680.0973    34      726.9914       User: 1      204    6.45%
      0     0      680.9860    33      726.9914       User: 1      220    6.33%
      0     0      681.0905    34      726.9914       User: 1      230    6.31%
      0     0      681.2370    27      726.9914       User: 1      235    6.29%
      0     0      682.4590    65      726.9914       User: 1      254    6.13%
      0     0      682.6828    27      726.9914       Cuts: 7      258    6.09%
      0     0      682.9214    70      726.9914       User: 1      264    6.06%
      0     0      683.0876    67      726.9914       Cuts: 4      266    6.04%
      0     0      683.2250    49      726.9914       Cuts: 3      269    6.02%
      0     0      683.6222    27      726.9914       Cuts: 7      275    5.97%
      0     0      683.8819    53      726.9914       User: 7      279    5.93%
      0     0      684.7157    49      726.9914   ZeroHalf: 5      284    5.82%
      0     0      684.7441    54      726.9914       Cuts: 4      286    5.81%
      0     0      685.4954    35      726.9914   ZeroHalf: 4      293    5.71%
      0     0      685.6179    43      726.9914       Cuts: 8      297    5.69%
      0     2      685.6179    43      726.9914      685.8663      297    5.66%                        0             0
Elapsed time = 0.10 sec. (196.57 ticks, tree = 0.01 MB, solutions = 1)
     23    21      703.8414    46      726.9914      689.9559      803    5.09%           x2_24 N     23     22     10
     38    31      695.6987    44      726.9914      692.0829     1552    4.80%           x5_21 N     38      6      5
     73    60      709.1740    44      726.9914      696.6969     3129    4.17%            x1_3 D     73     45      6
    104    79      713.2921    46      726.9914      699.1786     5345    3.83%           x32_4 N    104     62      8
    140   113      722.4695    44      726.9914      703.3511     7625    3.25%          x29_19 U    140     53      7
    200   168      708.5962    67      726.9914      706.6321     9923    2.80%          x29_19 U    200    113      8
    260   225      708.6724    67      726.9914      707.7699    12114    2.64%          x29_19 D    260    231     11
    316   266      711.6905    55      726.9914      708.1962    13810    2.59%          x29_28 N    316    206      7
    374   321      716.2686    42      726.9914      709.3242    16405    2.43%          x15_16 D    374    167     11
    633   537      715.5069    58      726.9914      711.9534    26275    2.07%          x34_28 U    633    535     14
Elapsed time = 1.85 sec. (3335.73 ticks, tree = 0.85 MB, solutions = 1)
    892   736      716.8761    63      726.9914      713.5539    36075    1.85%          x20_15 D    892    550     14
   1133   911      714.6539    48      726.9914      714.5675    45879    1.71%          x20_21 D   1133    986     11
   1400  1085      726.1666    60      726.9914      715.3302    55188    1.60%          x17_19 D   1400   1153     18
   1660  1263      717.7310    43      726.9914      716.0565    65958    1.50%          x37_23 D   1660    683     12
   1920  1340      726.4460    31      726.9914      716.7792    75737    1.40%          x16_23 U   1920   1918     13
   2206  1419        cutoff            726.9914      717.6747    85684    1.28%          x14_28 N   2206   1595      9
   2486  1516      719.3545    40      726.9914      718.2897    94635    1.20%            x1_3 D   2486     76      9
   2796  1573        cutoff            726.9914      718.9661   104035    1.10%          x29_17 U   2796   2794     16
   3093  1651        cutoff            726.9914      719.4773   112456    1.03%          x16_34 U   3093   2193     15
   3412  1731        cutoff            726.9914      720.0702   121128    0.95%          x16_28 D   3412   1766     12
Elapsed time = 7.05 sec. (12888.50 ticks, tree = 1.74 MB, solutions = 1)
   3688  1822        cutoff            726.9914      720.4836   129660    0.90%          x15_16 U   3688    387     12
   4011  1894        cutoff            726.9914      720.9269   137230    0.83%          x29_34 U   4011   4009     24
   4335  1918      722.1303    56      726.9914      721.3472   144838    0.78%          x19_29 D   4335   3862     22
   4650  1986      722.5801    52      726.9914      721.7464   152026    0.72%          x19_18 D   4650   4649     13
   4955  2036        cutoff            726.9914      722.1084   159232    0.67%          x20_19 U   4955   3823     25
   5286  2055        cutoff            726.9914      722.5046   166174    0.62%           x18_1 U   5286   3730     25
   5622  2053      723.3969    84      726.9914      722.8672   172879    0.57%          x20_21 D   5622   4429     16
   5954  2019        cutoff            726.9914      723.2031   178786    0.52%          x20_19 U   5954   4519     18
   6277  1999        cutoff            726.9914      723.5457   184828    0.47%          x17_19 D   6277   4297     13
   6612  1934      724.1582    87      726.9914      723.8855   190434    0.43%          x17_29 D   6612   3758     18
Elapsed time = 11.57 sec. (22438.37 ticks, tree = 1.76 MB, solutions = 1)
   6953  1839        cutoff            726.9914      724.2180   195740    0.38%          x16_28 U   6953   1310     10
   7280  1739      725.4456    59      726.9914      724.5078   200667    0.34%           x5_21 D   7280   6974     19
   7596  1643      725.7328    74      726.9914      724.7744   205181    0.30%          x20_19 N   7596   4357     21
   7920  1501      725.1229    24      726.9914      725.0793   209325    0.26%          x20_21 N   7920   7834     14
   8245  1347        cutoff            726.9914      725.3823   214167    0.22%          x29_17 D   8245   7112     21
   8562  1198        cutoff            726.9914      725.6188   218767    0.19%            x1_3 D   8562   7451     19
   8874  1018        cutoff            726.9914      725.8991   222319    0.15%          x20_15 D   8874   7363     18
   9200   806      726.3611    31      726.9914      726.1590   225446    0.11%          x20_21 N   9200   4980     19
   9547   567        cutoff            726.9914      726.4148   228050    0.08%           x20_5 N   9547   6365     18
   9900   282        cutoff            726.9914      726.6968   229972    0.04%          x15_20 U   9900   6134     22
Elapsed time = 14.79 sec. (32002.52 ticks, tree = 0.41 MB, solutions = 1)

Clique cuts applied:  2
Zero-half cuts applied:  19
Gomory fractional cuts applied:  1
User cuts applied:  1159

Root node processing (before b&c):
  Real time             =    0.10 sec. (196.54 ticks)
Sequential b&c:
  Real time             =   14.81 sec. (32401.41 ticks)
                          ------------
Total (root+branch&cut) =   14.91 sec. (32597.95 ticks)

