Version identifier: 22.1.0.0 | 2022-03-09 | 1a383f8ce
CPXPARAM_Preprocessing_Reduce                    1
CPXPARAM_Threads                                 1
CPXPARAM_Preprocessing_Reformulations            0
CPXPARAM_Emphasis_MIP                            2
CPXPARAM_MIP_Limits_CutPasses                    300
CPXPARAM_TimeLimit                               10800
CPXPARAM_MIP_Limits_TreeMemory                   20000
Legacy callback                                  BbLUID
         Disabling repeat represolve because of lazy constraint/incumbent callback.
1 of 1 MIP starts provided solutions.
MIP start 'm1' defined initial solution with objective 617.4650.
Tried aggregator 1 time.
MIP Presolve eliminated 361 rows and 0 columns.
MIP Presolve modified 128 coefficients.
Reduced MIP has 188 rows, 561 columns, and 1763 nonzeros.
Reduced MIP has 561 binaries, 0 generals, 0 SOSs, and 0 indicators.
Presolve time = 0.00 sec. (0.95 ticks)
Probing time = 0.00 sec. (1.21 ticks)
Clique table members: 188.
MIP emphasis: optimality.
MIP search method: traditional branch-and-cut.
Parallel mode: none, using 1 thread.
Root relaxation solution time = 0.00 sec. (0.49 ticks)

        Nodes                                         Cuts/
   Node  Left     Objective  IInf  Best Integer    Best Bound    ItCnt     Gap         Variable B NodeID Parent  Depth

*     0+    0                          617.4650        0.0000           100.00%
      0     0      567.8597    42      617.4650      514.1840       44   16.73%
      0     0      592.5226    20      617.4650      Cuts: 11       50    4.04%
      0     0      611.2259    20      617.4650       Cuts: 5       54    1.01%
      0     0      612.9247    53      617.4650   ZeroHalf: 4       58    0.74%
      0     0      613.6718    26      617.4650      Cuts: 12       62    0.61%
      0     0      613.9070    48      617.4650      Cuts: 13       69    0.58%
      0     0      613.9425    49      617.4650       Cuts: 8       73    0.57%
      0     0      614.0280    65      617.4650       Cuts: 8       81    0.56%
      0     0      614.1296    71      617.4650       Cuts: 5       96    0.54%
      0     0      614.3104    61      617.4650       Cuts: 7      108    0.51%
      0     0      614.4883    71      617.4650       Cuts: 7      125    0.48%
      0     0      614.6571    76      617.4650       Cuts: 4      136    0.45%
      0     0      614.9310    46      617.4650       Cuts: 9      157    0.41%
      0     0      615.1420    34      617.4650  ZeroHalf: 15      167    0.38%
      0     0      615.9730    32      617.4650       Cuts: 9      190    0.24%
      0     0      615.9927    48      617.4650       Cuts: 6      197    0.24%
      0     0      616.3327    66      617.4650       Cuts: 6      212    0.18%
      0     0      616.4889    69      617.4650       Cuts: 6      228    0.16%
      0     0      616.5948    86      617.4650   ZeroHalf: 3      243    0.14%
      0     0      616.6622    57      617.4650       Cuts: 5      249    0.13%
      0     0      616.8646    74      617.4650   ZeroHalf: 6      266    0.10%
      0     0      617.3645    18      617.4650   ZeroHalf: 5      281    0.02%
      0     0        cutoff            617.4650                    287    0.00%                        0             0
Elapsed time = 0.05 sec. (64.11 ticks, tree = 0.01 MB, solutions = 1)

Zero-half cuts applied:  22
User cuts applied:  125

Root node processing (before b&c):
  Real time             =    0.05 sec. (64.12 ticks)
Sequential b&c:
  Real time             =    0.00 sec. (0.00 ticks)
                          ------------
Total (root+branch&cut) =    0.05 sec. (64.12 ticks)

