Version identifier: 22.1.0.0 | 2022-03-09 | 1a383f8ce
CPXPARAM_Preprocessing_Reduce                    1
CPXPARAM_Threads                                 1
CPXPARAM_Preprocessing_Reformulations            0
CPXPARAM_Emphasis_MIP                            2
CPXPARAM_MIP_Limits_CutPasses                    300
CPXPARAM_TimeLimit                               10800
CPXPARAM_MIP_Limits_TreeMemory                   20000
Legacy callback                                  BbLUID
         Disabling repeat represolve because of lazy constraint/incumbent callback.
1 of 1 MIP starts provided solutions.
MIP start 'm1' defined initial solution with objective 509.0406.
Tried aggregator 1 time.
MIP Presolve eliminated 33 rows and 0 columns.
MIP Presolve modified 102 coefficients.
Reduced MIP has 158 rows, 756 columns, and 1837 nonzeros.
Reduced MIP has 756 binaries, 0 generals, 0 SOSs, and 0 indicators.
Presolve time = 0.00 sec. (0.78 ticks)
Probing time = 0.00 sec. (1.90 ticks)
Clique table members: 158.
MIP emphasis: optimality.
MIP search method: traditional branch-and-cut.
Parallel mode: none, using 1 thread.
Root relaxation solution time = 0.00 sec. (0.40 ticks)

        Nodes                                         Cuts/
   Node  Left     Objective  IInf  Best Integer    Best Bound    ItCnt     Gap         Variable B NodeID Parent  Depth

*     0+    0                          509.0406        0.0000           100.00%
      0     0      499.7147    20      509.0406      449.4460       18   11.71%
      0     0      500.5690    56      509.0406       Cuts: 6       30    1.66%
      0     0      500.5803    60      509.0406      Fract: 1       31    1.66%
      0     2      500.5803    60      509.0406      500.5879       31    1.66%                        0             0
Elapsed time = 0.05 sec. (24.85 ticks, tree = 0.01 MB, solutions = 1)

Zero-half cuts applied:  2
Gomory fractional cuts applied:  3
User cuts applied:  85

Root node processing (before b&c):
  Real time             =    0.05 sec. (24.84 ticks)
Sequential b&c:
  Real time             =    0.12 sec. (74.58 ticks)
                          ------------
Total (root+branch&cut) =    0.18 sec. (99.42 ticks)

