Version identifier: 22.1.0.0 | 2022-03-09 | 1a383f8ce
CPXPARAM_Preprocessing_Reduce                    1
CPXPARAM_Threads                                 1
CPXPARAM_Preprocessing_Reformulations            0
CPXPARAM_Emphasis_MIP                            2
CPXPARAM_MIP_Limits_CutPasses                    300
CPXPARAM_TimeLimit                               10800
CPXPARAM_MIP_Limits_TreeMemory                   20000
Legacy callback                                  BbLUID
         Disabling repeat represolve because of lazy constraint/incumbent callback.
1 of 1 MIP starts provided solutions.
MIP start 'm1' defined initial solution with objective 541.4485.
Tried aggregator 1 time.
MIP Presolve eliminated 339 rows and 0 columns.
MIP Presolve modified 92 coefficients.
Reduced MIP has 158 rows, 1001 columns, and 2420 nonzeros.
Reduced MIP has 1001 binaries, 0 generals, 0 SOSs, and 0 indicators.
Presolve time = 0.00 sec. (1.15 ticks)
Probing time = 0.00 sec. (2.42 ticks)
Clique table members: 158.
MIP emphasis: optimality.
MIP search method: traditional branch-and-cut.
Parallel mode: none, using 1 thread.
Root relaxation solution time = 0.00 sec. (0.67 ticks)

        Nodes                                         Cuts/
   Node  Left     Objective  IInf  Best Integer    Best Bound    ItCnt     Gap         Variable B NodeID Parent  Depth

*     0+    0                          541.4485        0.0000           100.00%
      0     0      535.7705    38      541.4485      486.9572       62   10.06%
      0     0      537.2420    66      541.4485       Cuts: 5       64    0.78%
      0     0      537.3879    38      541.4485      Cuts: 11       68    0.75%
      0     0      537.7259    63      541.4485       Cuts: 9       87    0.69%
      0     0      537.7567    80      541.4485       Cuts: 2       97    0.68%
      0     0      538.0611    66      541.4485       Cuts: 7      119    0.63%
      0     0      538.1471    43      541.4485      Cuts: 12      132    0.61%
      0     0      538.2214    61      541.4485  ZeroHalf: 10      138    0.60%
      0     0      538.4226    85      541.4485       Cuts: 4      154    0.56%
      0     0      538.4795    81      541.4485       Cuts: 3      164    0.55%
      0     0      538.5784    76      541.4485       Cuts: 2      177    0.53%
      0     0      538.6044    82      541.4485       Cuts: 3      183    0.53%
      0     0      538.6059    67      541.4485       User: 2      186    0.53%
      0     0      538.6293    80      541.4485   ZeroHalf: 3      198    0.52%
      0     0      538.6450    88      541.4485   ZeroHalf: 2      206    0.52%
      0     0      538.8321    74      541.4485       Cuts: 3      231    0.48%
      0     0      538.9082    74      541.4485       Cuts: 3      245    0.47%
      0     0      538.9700    70      541.4485       Cuts: 5      258    0.46%
      0     0      538.9915    77      541.4485       Cuts: 9      269    0.45%
      0     0      539.0376    85      541.4485       Cuts: 4      286    0.45%
      0     0      539.0377    58      541.4485       User: 1      287    0.45%
      0     0      539.0607    50      541.4485       Cuts: 3      293    0.44%
      0     0      539.0912    44      541.4485   ZeroHalf: 9      301    0.44%
      0     0      539.1297    82      541.4485   ZeroHalf: 6      310    0.43%
      0     2      539.6735    46      541.4485      539.9602      333    0.27%                        0             0
Elapsed time = 0.09 sec. (134.15 ticks, tree = 0.01 MB, solutions = 1)

Zero-half cuts applied:  12
User cuts applied:  148

Root node processing (before b&c):
  Real time             =    0.09 sec. (125.63 ticks)
Sequential b&c:
  Real time             =    0.02 sec. (22.13 ticks)
                          ------------
Total (root+branch&cut) =    0.11 sec. (147.75 ticks)

