Version identifier: 22.1.0.0 | 2022-03-09 | 1a383f8ce
CPXPARAM_Preprocessing_Reduce                    1
CPXPARAM_Threads                                 1
CPXPARAM_Preprocessing_Reformulations            0
CPXPARAM_TimeLimit                               10800
CPXPARAM_MIP_Tolerances_AbsMIPGap                0.999
CPXPARAM_MIP_Limits_TreeMemory                   20000
Legacy callback                                  BbLUID
         Disabling repeat represolve because of lazy constraint/incumbent callback.
Tried aggregator 1 time.
MIP Presolve eliminated 100 rows and 0 columns.
MIP Presolve modified 65 coefficients.
Reduced MIP has 123 rows, 796 columns, and 1841 nonzeros.
Reduced MIP has 796 binaries, 0 generals, 0 SOSs, and 0 indicators.
Presolve time = 0.00 sec. (0.77 ticks)
Probing time = 0.00 sec. (2.02 ticks)
Clique table members: 123.
MIP emphasis: balance optimality and feasibility.
MIP search method: traditional branch-and-cut.
Parallel mode: none, using 1 thread.
Root relaxation solution time = 0.00 sec. (0.49 ticks)

        Nodes                                         Cuts/
   Node  Left     Objective  IInf  Best Integer    Best Bound    ItCnt     Gap         Variable B NodeID Parent  Depth

      0     0      465.1782    20                    449.3583       54         
      0     0      483.1224    38                    Cuts: 16       57         
      0     0      483.1472    22                     User: 5       59         
      0     0      483.4167    63                 ZeroHalf: 2       62         
      0     0      483.5460    37                     Cuts: 4       69         
      0     0      483.7542    64                     Cuts: 6       75         
      0     0      483.7553    61                     User: 2       76         
      0     0      483.8086    64                     User: 1       79         
      0     0      483.8235    74                     User: 1       82         
      0     0      483.8324    65                     User: 2       83         
      0     2      483.8324    65                    483.8886       83                                 0             0
Elapsed time = 0.09 sec. (109.65 ticks, tree = 0.01 MB, solutions = 0)
*     2     1      integral     0      485.3675      484.3989       96    0.20%           x12_7 U      2      1      2

Cover cuts applied:  1
Zero-half cuts applied:  3
User cuts applied:  208

Root node processing (before b&c):
  Real time             =    0.09 sec. (109.64 ticks)
Sequential b&c:
  Real time             =    0.01 sec. (24.86 ticks)
                          ------------
Total (root+branch&cut) =    0.10 sec. (134.50 ticks)

