Version identifier: 22.1.0.0 | 2022-03-09 | 1a383f8ce
CPXPARAM_Preprocessing_Reduce                    1
CPXPARAM_Threads                                 1
CPXPARAM_Preprocessing_Reformulations            0
CPXPARAM_TimeLimit                               10800
CPXPARAM_MIP_Tolerances_AbsMIPGap                0.999
CPXPARAM_MIP_Limits_TreeMemory                   20000
Legacy callback                                  BbLUID
         Disabling repeat represolve because of lazy constraint/incumbent callback.
Tried aggregator 1 time.
MIP Presolve eliminated 31 rows and 0 columns.
MIP Presolve modified 15 coefficients.
Reduced MIP has 55 rows, 128 columns, and 318 nonzeros.
Reduced MIP has 128 binaries, 0 generals, 0 SOSs, and 0 indicators.
Presolve time = 0.00 sec. (0.15 ticks)
Probing time = 0.00 sec. (0.14 ticks)
Clique table members: 55.
MIP emphasis: balance optimality and feasibility.
MIP search method: traditional branch-and-cut.
Parallel mode: none, using 1 thread.
Root relaxation solution time = 0.00 sec. (0.14 ticks)

        Nodes                                         Cuts/
   Node  Left     Objective  IInf  Best Integer    Best Bound    ItCnt     Gap         Variable B NodeID Parent  Depth

      0     0      415.1922     6                    412.3275       29         
      0     2      416.5696     8                    417.0088       29                                 0             0
Elapsed time = 0.01 sec. (5.50 ticks, tree = 0.01 MB, solutions = 0)
*     2     2      integral     0      422.5436      420.9822       40    0.37%

User cuts applied:  61

Root node processing (before b&c):
  Real time             =    0.01 sec. (5.50 ticks)
Sequential b&c:
  Real time             =    0.00 sec. (0.94 ticks)
                          ------------
Total (root+branch&cut) =    0.01 sec. (6.44 ticks)

