Version identifier: 22.1.0.0 | 2022-03-09 | 1a383f8ce
CPXPARAM_Preprocessing_Reduce                    1
CPXPARAM_Threads                                 1
CPXPARAM_Preprocessing_Reformulations            0
CPXPARAM_TimeLimit                               10800
CPXPARAM_MIP_Tolerances_AbsMIPGap                0.999
CPXPARAM_MIP_Limits_TreeMemory                   20000
Legacy callback                                  BbLUID
         Disabling repeat represolve because of lazy constraint/incumbent callback.
Tried aggregator 1 time.
MIP Presolve eliminated 102 rows and 0 columns.
MIP Presolve modified 60 coefficients.
Reduced MIP has 118 rows, 238 columns, and 728 nonzeros.
Reduced MIP has 238 binaries, 0 generals, 0 SOSs, and 0 indicators.
Presolve time = 0.00 sec. (0.37 ticks)
Probing time = 0.00 sec. (0.32 ticks)
Clique table members: 132.
MIP emphasis: balance optimality and feasibility.
MIP search method: traditional branch-and-cut.
Parallel mode: none, using 1 thread.
Root relaxation solution time = 0.00 sec. (0.29 ticks)

        Nodes                                         Cuts/
   Node  Left     Objective  IInf  Best Integer    Best Bound    ItCnt     Gap         Variable B NodeID Parent  Depth

      0     0      545.4808    24                    545.4808       44         
      0     2      647.6268    16                    648.1140       44                                 0             0
Elapsed time = 0.02 sec. (11.41 ticks, tree = 0.01 MB, solutions = 0)
*    17     1      integral     0      654.7001      654.4695      108    0.04%

User cuts applied:  146

Root node processing (before b&c):
  Real time             =    0.02 sec. (11.42 ticks)
Sequential b&c:
  Real time             =    0.05 sec. (18.70 ticks)
                          ------------
Total (root+branch&cut) =    0.07 sec. (30.12 ticks)

