Version identifier: 22.1.0.0 | 2022-03-09 | 1a383f8ce
CPXPARAM_Preprocessing_Reduce                    1
CPXPARAM_Threads                                 1
CPXPARAM_Preprocessing_Reformulations            0
CPXPARAM_TimeLimit                               10800
CPXPARAM_MIP_Tolerances_AbsMIPGap                0.999
CPXPARAM_MIP_Limits_TreeMemory                   20000
Legacy callback                                  BbLUID
         Disabling repeat represolve because of lazy constraint/incumbent callback.
Tried aggregator 1 time.
MIP Presolve eliminated 218 rows and 0 columns.
MIP Presolve modified 62 coefficients.
Reduced MIP has 109 rows, 301 columns, and 934 nonzeros.
Reduced MIP has 301 binaries, 0 generals, 0 SOSs, and 0 indicators.
Presolve time = 0.00 sec. (0.51 ticks)
Probing time = 0.00 sec. (0.53 ticks)
Clique table members: 109.
MIP emphasis: balance optimality and feasibility.
MIP search method: traditional branch-and-cut.
Parallel mode: none, using 1 thread.
Root relaxation solution time = 0.00 sec. (0.22 ticks)

        Nodes                                         Cuts/
   Node  Left     Objective  IInf  Best Integer    Best Bound    ItCnt     Gap         Variable B NodeID Parent  Depth

      0     0      372.5430     6                    372.5430       20         
      0     0      407.7110    32                    Cuts: 13       37         
      0     0      414.2247    16                    Cuts: 25       51         
      0     0      416.5333    44                    Cuts: 13       69         
      0     0      419.9894    36                     Cuts: 8       86         
      0     0      420.8077    40                     Cuts: 9      103         
      0     0      421.2408    10                 ZeroHalf: 3      110         
      0     0      421.3257    44                 ZeroHalf: 2      120         
*     0+    0                          427.0349      421.3257             1.34%
      0     2      422.6194    10      427.0349      422.7060      134    1.01%                        0             0
Elapsed time = 0.03 sec. (33.64 ticks, tree = 0.01 MB, solutions = 1)
*    12     1      integral     0      426.5328      425.1935      207    0.31%

Zero-half cuts applied:  8
Gomory fractional cuts applied:  1
User cuts applied:  99

Root node processing (before b&c):
  Real time             =    0.03 sec. (32.60 ticks)
Sequential b&c:
  Real time             =    0.02 sec. (19.92 ticks)
                          ------------
Total (root+branch&cut) =    0.04 sec. (52.52 ticks)

