Version identifier: 22.1.0.0 | 2022-03-09 | 1a383f8ce
CPXPARAM_Preprocessing_Reduce                    1
CPXPARAM_Threads                                 1
CPXPARAM_Preprocessing_Reformulations            0
CPXPARAM_Emphasis_MIP                            2
CPXPARAM_MIP_Limits_CutPasses                    300
CPXPARAM_TimeLimit                               10800
CPXPARAM_MIP_Limits_TreeMemory                   20000
Legacy callback                                  BbLUID
         Disabling repeat represolve because of lazy constraint/incumbent callback.
1 of 1 MIP starts provided solutions.
MIP start 'm1' defined initial solution with objective 683.0000.
Tried aggregator 2 times.
MIP Presolve eliminated 24 rows and 11 columns.
MIP Presolve modified 5 coefficients.
Aggregator did 4 substitutions.
Reduced MIP has 19 rows, 26 columns, and 67 nonzeros.
Reduced MIP has 26 binaries, 0 generals, 0 SOSs, and 0 indicators.
Presolve time = 0.00 sec. (0.05 ticks)
Probing time = 0.00 sec. (0.02 ticks)
Clique table members: 51.
MIP emphasis: optimality.
MIP search method: traditional branch-and-cut.
Parallel mode: none, using 1 thread.
Root relaxation solution time = 0.00 sec. (0.03 ticks)

        Nodes                                         Cuts/
   Node  Left     Objective  IInf  Best Integer    Best Bound    ItCnt     Gap         Variable B NodeID Parent  Depth

*     0+    0                          683.0000      544.4000            20.29%
      0     0      682.9000    10      683.0000      682.8000       11    0.03%
      0     0        cutoff            683.0000                     11    0.00%                        0             0
Elapsed time = 0.00 sec. (0.19 ticks, tree = 0.01 MB, solutions = 1)

User cuts applied:  1

Root node processing (before b&c):
  Real time             =    0.00 sec. (0.20 ticks)
Sequential b&c:
  Real time             =    0.00 sec. (0.00 ticks)
                          ------------
Total (root+branch&cut) =    0.00 sec. (0.20 ticks)

