Version identifier: 22.1.0.0 | 2022-03-09 | 1a383f8ce
CPXPARAM_Preprocessing_Reduce                    1
CPXPARAM_Threads                                 1
CPXPARAM_Preprocessing_Reformulations            0
CPXPARAM_Emphasis_MIP                            2
CPXPARAM_MIP_Limits_CutPasses                    300
CPXPARAM_TimeLimit                               10800
CPXPARAM_MIP_Limits_TreeMemory                   20000
Legacy callback                                  BbLUID
         Disabling repeat represolve because of lazy constraint/incumbent callback.
1 of 1 MIP starts provided solutions.
MIP start 'm1' defined initial solution with objective 845.8000.
Tried aggregator 3 times.
MIP Presolve eliminated 48 rows and 12 columns.
MIP Presolve modified 17 coefficients.
Aggregator did 16 substitutions.
Reduced MIP has 57 rows, 117 columns, and 292 nonzeros.
Reduced MIP has 117 binaries, 0 generals, 0 SOSs, and 0 indicators.
Presolve time = 0.00 sec. (0.22 ticks)
Probing time = 0.00 sec. (0.12 ticks)
Clique table members: 72.
MIP emphasis: optimality.
MIP search method: traditional branch-and-cut.
Parallel mode: none, using 1 thread.
Root relaxation solution time = 0.00 sec. (0.13 ticks)

        Nodes                                         Cuts/
   Node  Left     Objective  IInf  Best Integer    Best Bound    ItCnt     Gap         Variable B NodeID Parent  Depth

*     0+    0                          845.8000      623.4000            26.29%
      0     0      845.6000     0      845.8000      831.8000       30    1.66%

User cuts applied:  15

Root node processing (before b&c):
  Real time             =    0.00 sec. (0.87 ticks)
Sequential b&c:
  Real time             =    0.00 sec. (0.00 ticks)
                          ------------
Total (root+branch&cut) =    0.00 sec. (0.87 ticks)

