Version identifier: 22.1.0.0 | 2022-03-09 | 1a383f8ce
CPXPARAM_Preprocessing_Reduce                    1
CPXPARAM_Threads                                 1
CPXPARAM_Preprocessing_Reformulations            0
CPXPARAM_Emphasis_MIP                            2
CPXPARAM_MIP_Limits_CutPasses                    300
CPXPARAM_TimeLimit                               10800
CPXPARAM_MIP_Limits_TreeMemory                   20000
Legacy callback                                  BbLUID
         Disabling repeat represolve because of lazy constraint/incumbent callback.
1 of 1 MIP starts provided solutions.
MIP start 'm1' defined initial solution with objective 1173.7000.
Tried aggregator 3 times.
MIP Presolve eliminated 77 rows and 23 columns.
MIP Presolve modified 19 coefficients.
Aggregator did 20 substitutions.
Reduced MIP has 79 rows, 135 columns, and 354 nonzeros.
Reduced MIP has 135 binaries, 0 generals, 0 SOSs, and 0 indicators.
Presolve time = 0.00 sec. (0.28 ticks)
Probing time = 0.00 sec. (0.12 ticks)
Clique table members: 96.
MIP emphasis: optimality.
MIP search method: traditional branch-and-cut.
Parallel mode: none, using 1 thread.
Root relaxation solution time = 0.00 sec. (0.14 ticks)

        Nodes                                         Cuts/
   Node  Left     Objective  IInf  Best Integer    Best Bound    ItCnt     Gap         Variable B NodeID Parent  Depth

*     0+    0                         1173.7000      884.4000            24.65%
      0     0     1168.4000     9     1173.7000     1165.9000       28    0.66%
      0     0        cutoff           1173.7000                     31    0.00%                        0             0
Elapsed time = 0.01 sec. (3.01 ticks, tree = 0.01 MB, solutions = 1)

User cuts applied:  20

Root node processing (before b&c):
  Real time             =    0.01 sec. (3.02 ticks)
Sequential b&c:
  Real time             =    0.00 sec. (0.00 ticks)
                          ------------
Total (root+branch&cut) =    0.01 sec. (3.02 ticks)

