Version identifier: 22.1.0.0 | 2022-03-09 | 1a383f8ce
CPXPARAM_Preprocessing_Reduce                    1
CPXPARAM_Threads                                 1
CPXPARAM_Preprocessing_Reformulations            0
CPXPARAM_Emphasis_MIP                            2
CPXPARAM_MIP_Limits_CutPasses                    300
CPXPARAM_TimeLimit                               10800
CPXPARAM_MIP_Limits_TreeMemory                   20000
Legacy callback                                  BbLUID
         Disabling repeat represolve because of lazy constraint/incumbent callback.
1 of 1 MIP starts provided solutions.
MIP start 'm1' defined initial solution with objective 619.0000.
Tried aggregator 2 times.
MIP Presolve eliminated 5211 rows and 0 columns.
MIP Presolve modified 578 coefficients.
Aggregator did 2 substitutions.
Reduced MIP has 778 rows, 2764 columns, and 11189 nonzeros.
Reduced MIP has 2764 binaries, 0 generals, 0 SOSs, and 0 indicators.
Presolve time = 0.01 sec. (10.67 ticks)
Probing time = 0.00 sec. (2.73 ticks)
Clique table members: 778.
MIP emphasis: optimality.
MIP search method: traditional branch-and-cut.
Parallel mode: none, using 1 thread.
Root relaxation solution time = 0.00 sec. (3.35 ticks)

        Nodes                                         Cuts/
   Node  Left     Objective  IInf  Best Integer    Best Bound    ItCnt     Gap         Variable B NodeID Parent  Depth

*     0+    0                          619.0000       42.0000            93.21%
      0     0      552.0000    34      619.0000      513.0000      143   17.12%
      0     0      585.5000    16      619.0000      User: 53      208    5.41%
      0     0      608.0000    10      619.0000      Cuts: 35      225    1.78%
      0     0      609.3333    17      619.0000      Cuts: 18      235    1.56%
      0     0      609.5000    12      619.0000       Cuts: 7      239    1.53%
      0     0      614.2917    74      619.0000       Cuts: 7      242    0.76%
      0     0      614.9444    72      619.0000      Cuts: 34      268    0.66%
      0     0      615.3333    35      619.0000      Cuts: 22      288    0.59%
      0     0      615.7500    52      619.0000      Cuts: 14      302    0.53%
      0     0      617.0000    36      619.0000      Cuts: 12      337    0.32%
      0     0      618.0000    35      619.0000      Cuts: 11      352    0.16%
      0     0      618.0000    24      619.0000   ZeroHalf: 5      356    0.16%
      0     0        cutoff            619.0000                    367    0.00%                        0             0
Elapsed time = 0.13 sec. (161.26 ticks, tree = 0.01 MB, solutions = 1)

Zero-half cuts applied:  26
User cuts applied:  478

Root node processing (before b&c):
  Real time             =    0.13 sec. (161.31 ticks)
Sequential b&c:
  Real time             =    0.00 sec. (0.00 ticks)
                          ------------
Total (root+branch&cut) =    0.13 sec. (161.31 ticks)

