Version identifier: 22.1.0.0 | 2022-03-09 | 1a383f8ce
CPXPARAM_Preprocessing_Reduce                    1
CPXPARAM_Threads                                 1
CPXPARAM_Preprocessing_Reformulations            0
CPXPARAM_Emphasis_MIP                            2
CPXPARAM_MIP_Limits_CutPasses                    300
CPXPARAM_TimeLimit                               10800
CPXPARAM_MIP_Limits_TreeMemory                   20000
Legacy callback                                  BbLUID
         Disabling repeat represolve because of lazy constraint/incumbent callback.
1 of 1 MIP starts provided solutions.
MIP start 'm1' defined initial solution with objective 509.0000.
Tried aggregator 1 time.
MIP Presolve eliminated 8257 rows and 0 columns.
MIP Presolve modified 731 coefficients.
Reduced MIP has 933 rows, 4028 columns, and 17123 nonzeros.
Reduced MIP has 4028 binaries, 0 generals, 0 SOSs, and 0 indicators.
Presolve time = 0.01 sec. (16.33 ticks)
Probing time = 0.00 sec. (3.07 ticks)
Clique table members: 933.
MIP emphasis: optimality.
MIP search method: traditional branch-and-cut.
Parallel mode: none, using 1 thread.
Root relaxation solution time = 0.00 sec. (3.75 ticks)

        Nodes                                         Cuts/
   Node  Left     Objective  IInf  Best Integer    Best Bound    ItCnt     Gap         Variable B NodeID Parent  Depth

*     0+    0                          509.0000        0.0000           100.00%
      0     0      450.0000    16      509.0000      417.0000      217   18.07%
      0     0      468.5000    60      509.0000      User: 70      280    7.96%
      0     0      473.0000    66      509.0000      Cuts: 34      314    7.07%
      0     0      480.3333    63      509.0000      Cuts: 28      348    5.63%
      0     0      485.0000    54      509.0000      Cuts: 23      376    4.72%
      0     0      485.0000    28      509.0000      Cuts: 19      379    4.72%
      0     0      485.0000    28      509.0000       User: 7      389    4.72%
      0     0      485.0000    28      509.0000       User: 3      390    4.72%
      0     0      487.0000    28      509.0000       User: 1      407    4.32%
      0     0      488.5000    64      509.0000      Cuts: 10      432    4.03%
      0     0      489.0000    74      509.0000      Cuts: 18      440    3.93%
      0     0      489.5000    30      509.0000       Cuts: 6      454    3.83%
      0     0      492.5000    32      509.0000      Cuts: 16      498    3.24%
      0     0      495.8333    28      509.0000       Cuts: 5      510    2.59%
      0     0      502.6739   150      509.0000      Cuts: 14      550    1.24%
      0     0      503.6667    61      509.0000      Cuts: 23      575    1.05%
      0     0      504.1154    84      509.0000       Cuts: 8      614    0.96%
      0     0      504.9286   149      509.0000      Cuts: 20      645    0.80%
      0     0      505.2806    81      509.0000      Cuts: 17      673    0.73%
      0     0      506.0506    84      509.0000      Cuts: 17      701    0.58%
      0     0      506.2283    92      509.0000       Cuts: 9      723    0.54%
      0     0      506.3976    97      509.0000      Cuts: 12      737    0.51%
      0     0      506.6774    87      509.0000       Cuts: 9      773    0.46%
      0     0      507.0667    73      509.0000      Cuts: 10      793    0.38%
      0     0      507.2500    77      509.0000      Cuts: 10      821    0.34%
      0     0      507.5000    59      509.0000      Cuts: 14      850    0.29%
      0     0      507.5000    26      509.0000      Cuts: 10      878    0.29%
      0     0      507.5714    61      509.0000       Cuts: 9      892    0.28%
      0     0      507.6667    78      509.0000      Cuts: 11      912    0.26%
      0     0      508.0000    67      509.0000      Cuts: 11      928    0.20%
      0     0        cutoff            509.0000                    942    0.00%                        0             0
Elapsed time = 0.27 sec. (441.55 ticks, tree = 0.01 MB, solutions = 1)

Zero-half cuts applied:  27
Gomory fractional cuts applied:  1
User cuts applied:  449

Root node processing (before b&c):
  Real time             =    0.27 sec. (441.62 ticks)
Sequential b&c:
  Real time             =    0.00 sec. (0.00 ticks)
                          ------------
Total (root+branch&cut) =    0.27 sec. (441.62 ticks)

