Version identifier: 22.1.0.0 | 2022-03-09 | 1a383f8ce
CPXPARAM_Preprocessing_Reduce                    1
CPXPARAM_Threads                                 1
CPXPARAM_Preprocessing_Reformulations            0
CPXPARAM_Emphasis_MIP                            2
CPXPARAM_MIP_Limits_CutPasses                    300
CPXPARAM_TimeLimit                               10800
CPXPARAM_MIP_Limits_TreeMemory                   20000
Legacy callback                                  BbLUID
         Disabling repeat represolve because of lazy constraint/incumbent callback.
1 of 1 MIP starts provided solutions.
MIP start 'm1' defined initial solution with objective 495.0000.
Tried aggregator 1 time.
MIP Presolve eliminated 9695 rows and 0 columns.
MIP Presolve modified 665 coefficients.
Reduced MIP has 867 rows, 4103 columns, and 17773 nonzeros.
Reduced MIP has 4103 binaries, 0 generals, 0 SOSs, and 0 indicators.
Presolve time = 0.01 sec. (17.83 ticks)
Probing time = 0.00 sec. (3.14 ticks)
Clique table members: 867.
MIP emphasis: optimality.
MIP search method: traditional branch-and-cut.
Parallel mode: none, using 1 thread.
Root relaxation solution time = 0.00 sec. (4.27 ticks)

        Nodes                                         Cuts/
   Node  Left     Objective  IInf  Best Integer    Best Bound    ItCnt     Gap         Variable B NodeID Parent  Depth

*     0+    0                          495.0000        0.0000           100.00%
      0     0      464.0000    48      495.0000      393.0000      217   20.61%
      0     0      482.0000   129      495.0000      Cuts: 70      302    2.63%
      0     0      485.5000    37      495.0000      Cuts: 43      343    1.92%
      0     0      485.7500   103      495.0000      Cuts: 29      363    1.87%
      0     0      486.2500    94      495.0000      Cuts: 17      389    1.77%
      0     0      486.7500   123      495.0000      Cuts: 17      414    1.67%
      0     0      487.0000   113      495.0000      Cuts: 27      435    1.62%
      0     0      487.0000   116      495.0000      Cuts: 18      461    1.62%
      0     0      488.0000    87      495.0000      Cuts: 14      477    1.41%
      0     0      488.5455   212      495.0000      Cuts: 20      496    1.30%
      0     0      488.9091   215      495.0000      Cuts: 21      527    1.23%
      0     0      489.0000   114      495.0000      Cuts: 23      552    1.21%
      0     0      489.0000   118      495.0000      Cuts: 20      570    1.21%
      0     0      489.4167   169      495.0000      Cuts: 19      598    1.13%
      0     0      489.4167   156      495.0000      Cuts: 20      611    1.13%
      0     0      489.4167   135      495.0000      Cuts: 17      623    1.13%
      0     0      489.5000    95      495.0000      Cuts: 29      638    1.11%
      0     0      489.5000   107      495.0000       Cuts: 7      657    1.11%
      0     0      489.7222   147      495.0000      Cuts: 11      671    1.07%
      0     0      489.7980   236      495.0000      Cuts: 17      696    1.05%
      0     0      489.7980   250      495.0000      Cuts: 13      708    1.05%
      0     0      490.5202   229      495.0000       Cuts: 5      726    0.91%
      0     0      491.1923   220      495.0000      Cuts: 13      745    0.77%
      0     0      491.5000   160      495.0000      Cuts: 13      770    0.71%
      0     0      492.5000   123      495.0000      Cuts: 24      804    0.51%
      0     0      492.7500    65      495.0000       Cuts: 6      820    0.45%
      0     0      493.0000    49      495.0000      Cuts: 35      830    0.40%
      0     0      493.0000    54      495.0000      Cuts: 13      844    0.40%
      0     0        cutoff            495.0000                    852    0.00%                        0             0
Elapsed time = 0.27 sec. (440.12 ticks, tree = 0.01 MB, solutions = 1)

Zero-half cuts applied:  34
User cuts applied:  430

Root node processing (before b&c):
  Real time             =    0.27 sec. (440.19 ticks)
Sequential b&c:
  Real time             =    0.00 sec. (0.00 ticks)
                          ------------
Total (root+branch&cut) =    0.27 sec. (440.19 ticks)

