Version identifier: 22.1.0.0 | 2022-03-09 | 1a383f8ce
CPXPARAM_Preprocessing_Reduce                    1
CPXPARAM_Threads                                 1
CPXPARAM_Preprocessing_Reformulations            0
CPXPARAM_Emphasis_MIP                            2
CPXPARAM_MIP_Limits_CutPasses                    300
CPXPARAM_TimeLimit                               10800
CPXPARAM_MIP_Limits_TreeMemory                   20000
Legacy callback                                  BbLUID
         Disabling repeat represolve because of lazy constraint/incumbent callback.
1 of 1 MIP starts provided solutions.
MIP start 'm1' defined initial solution with objective 603.0000.
Tried aggregator 2 times.
MIP Presolve eliminated 4617 rows and 1 columns.
MIP Presolve modified 564 coefficients.
Aggregator did 2 substitutions.
Reduced MIP has 764 rows, 2528 columns, and 10394 nonzeros.
Reduced MIP has 2528 binaries, 0 generals, 0 SOSs, and 0 indicators.
Presolve time = 0.01 sec. (9.58 ticks)
Probing time = 0.00 sec. (2.63 ticks)
Clique table members: 764.
MIP emphasis: optimality.
MIP search method: traditional branch-and-cut.
Parallel mode: none, using 1 thread.
Root relaxation solution time = 0.00 sec. (3.07 ticks)

        Nodes                                         Cuts/
   Node  Left     Objective  IInf  Best Integer    Best Bound    ItCnt     Gap         Variable B NodeID Parent  Depth

*     0+    0                          603.0000       70.0000            88.39%
      0     0      566.5000    32      603.0000      514.0000      222   14.76%
      0     0      584.5000    48      603.0000      Cuts: 48      273    3.07%
      0     0      588.4444    38      603.0000      Cuts: 39      303    2.41%
      0     0      589.0000    28      603.0000      Cuts: 23      315    2.32%
      0     0      592.0000    32      603.0000      Cuts: 16      323    1.82%
      0     0      592.0000    34      603.0000       Cuts: 7      329    1.82%
      0     0      594.0000    20      603.0000      Cuts: 10      353    1.49%
      0     0      594.2500    44      603.0000      Cuts: 13      358    1.45%
      0     0      595.5000    28      603.0000       Cuts: 9      370    1.24%
      0     0      596.3333    43      603.0000       Cuts: 8      382    1.11%
      0     0      597.6667    53      603.0000      Cuts: 15      397    0.88%
      0     0      599.5000    50      603.0000      Cuts: 15      411    0.58%
      0     0      600.4444    60      603.0000      Cuts: 23      427    0.42%
      0     0      601.0000    55      603.0000      Cuts: 18      440    0.33%
      0     0      601.5000    48      603.0000      Cuts: 14      448    0.25%
      0     0        cutoff            603.0000                    453    0.00%                        0             0
Elapsed time = 0.11 sec. (142.66 ticks, tree = 0.01 MB, solutions = 1)

Zero-half cuts applied:  27
Gomory fractional cuts applied:  2
User cuts applied:  283

Root node processing (before b&c):
  Real time             =    0.11 sec. (142.70 ticks)
Sequential b&c:
  Real time             =    0.00 sec. (0.00 ticks)
                          ------------
Total (root+branch&cut) =    0.11 sec. (142.70 ticks)

