Version identifier: 22.1.0.0 | 2022-03-09 | 1a383f8ce
CPXPARAM_Preprocessing_Reduce                    1
CPXPARAM_Threads                                 1
CPXPARAM_Preprocessing_Reformulations            0
CPXPARAM_Emphasis_MIP                            2
CPXPARAM_MIP_Limits_CutPasses                    300
CPXPARAM_TimeLimit                               10800
CPXPARAM_MIP_Limits_TreeMemory                   20000
Legacy callback                                  BbLUID
         Disabling repeat represolve because of lazy constraint/incumbent callback.
1 of 1 MIP starts provided solutions.
MIP start 'm1' defined initial solution with objective 533.0000.
Tried aggregator 1 time.
MIP Presolve eliminated 9584 rows and 0 columns.
MIP Presolve modified 709 coefficients.
Reduced MIP has 911 rows, 3787 columns, and 17157 nonzeros.
Reduced MIP has 3787 binaries, 0 generals, 0 SOSs, and 0 indicators.
Presolve time = 0.01 sec. (17.33 ticks)
Probing time = 0.00 sec. (3.03 ticks)
Clique table members: 911.
MIP emphasis: optimality.
MIP search method: traditional branch-and-cut.
Parallel mode: none, using 1 thread.
Root relaxation solution time = 0.00 sec. (3.70 ticks)

        Nodes                                         Cuts/
   Node  Left     Objective  IInf  Best Integer    Best Bound    ItCnt     Gap         Variable B NodeID Parent  Depth

*     0+    0                          533.0000        0.0000           100.00%
      0     0      503.3333    73      533.0000      416.0000      201   21.95%
      0     0      514.7500   109      533.0000      Cuts: 60      249    3.42%
      0     0      523.0000    18      533.0000      Cuts: 16      263    1.88%
      0     0      530.0000    14      533.0000      Cuts: 37      282    0.56%
      0     0        cutoff            533.0000                    303    0.00%                        0             0
Elapsed time = 0.12 sec. (140.27 ticks, tree = 0.01 MB, solutions = 1)

Zero-half cuts applied:  6
Gomory fractional cuts applied:  4
User cuts applied:  338

Root node processing (before b&c):
  Real time             =    0.12 sec. (140.33 ticks)
Sequential b&c:
  Real time             =    0.00 sec. (0.00 ticks)
                          ------------
Total (root+branch&cut) =    0.12 sec. (140.33 ticks)

