Version identifier: 22.1.0.0 | 2022-03-09 | 1a383f8ce
CPXPARAM_Preprocessing_Reduce                    1
CPXPARAM_Threads                                 1
CPXPARAM_Preprocessing_Reformulations            0
CPXPARAM_Emphasis_MIP                            2
CPXPARAM_MIP_Limits_CutPasses                    300
CPXPARAM_TimeLimit                               10800
CPXPARAM_MIP_Limits_TreeMemory                   20000
Legacy callback                                  BbLUID
         Disabling repeat represolve because of lazy constraint/incumbent callback.
1 of 1 MIP starts provided solutions.
MIP start 'm1' defined initial solution with objective 685.0000.
Tried aggregator 1 time.
MIP Presolve eliminated 5275 rows and 1 columns.
MIP Presolve modified 571 coefficients.
Reduced MIP has 771 rows, 2810 columns, and 11245 nonzeros.
Reduced MIP has 2810 binaries, 0 generals, 0 SOSs, and 0 indicators.
Presolve time = 0.01 sec. (9.47 ticks)
Probing time = 0.00 sec. (2.72 ticks)
Clique table members: 781.
MIP emphasis: optimality.
MIP search method: traditional branch-and-cut.
Parallel mode: none, using 1 thread.
Root relaxation solution time = 0.00 sec. (3.02 ticks)

        Nodes                                         Cuts/
   Node  Left     Objective  IInf  Best Integer    Best Bound    ItCnt     Gap         Variable B NodeID Parent  Depth

*     0+    0                          685.0000       46.0000            93.28%
      0     0      628.0000    32      685.0000      578.0000      143   15.62%
      0     0      638.5000    30      685.0000      Cuts: 49      177    6.79%
      0     0      642.0000    10      685.0000      Cuts: 41      192    6.28%
      0     0      646.5000    32      685.0000      Cuts: 21      217    5.62%
      0     0      647.5000    30      685.0000      Cuts: 31      232    5.47%
      0     0      649.0000    64      685.0000      Cuts: 25      240    5.26%
      0     0      663.0000    94      685.0000       Cuts: 6      272    3.21%
      0     0      665.3333    50      685.0000       Cuts: 9      284    2.87%
      0     0      666.6667    76      685.0000       Cuts: 5      310    2.68%
      0     0      667.0000    47      685.0000      Cuts: 10      325    2.63%
      0     0      668.5000   116      685.0000       Cuts: 8      343    2.41%
      0     0      669.0000    65      685.0000      Cuts: 18      358    2.34%
      0     0      669.0000    48      685.0000       Cuts: 9      361    2.34%
      0     0      670.0714   120      685.0000       Cuts: 3      383    2.18%
      0     0      671.7000    99      685.0000      Cuts: 12      399    1.94%
      0     0      672.1389    91      685.0000      Cuts: 10      411    1.88%
      0     0      674.5833   123      685.0000      Cuts: 14      432    1.52%
      0     0      675.0000   133      685.0000      Cuts: 11      449    1.46%
      0     0      676.0714   132      685.0000      Cuts: 17      467    1.30%
      0     0      676.5172   145      685.0000      Cuts: 16      482    1.24%
      0     0      676.5725   102      685.0000      Cuts: 16      501    1.23%
      0     0      677.6042   139      685.0000      Cuts: 11      528    1.08%
      0     0      677.9524   138      685.0000      Cuts: 26      555    1.03%
      0     0      678.7719    91      685.0000      Cuts: 20      585    0.91%
      0     0      679.5366   160      685.0000      Cuts: 23      627    0.80%
      0     0      679.7385   174      685.0000      Cuts: 13      636    0.77%
      0     0      679.9464    84      685.0000       Cuts: 4      654    0.74%
      0     0      680.3333    89      685.0000       Cuts: 6      675    0.68%
      0     0      680.9340   185      685.0000   ZeroHalf: 4      699    0.59%
      0     0      681.1475   186      685.0000       Cuts: 4      725    0.56%
      0     0      681.2692   173      685.0000      Cuts: 10      748    0.54%
      0     0      681.7636   172      685.0000   ZeroHalf: 4      773    0.47%
      0     0      682.0000    16      685.0000   ZeroHalf: 4      776    0.44%
      0     0      682.0000    54      685.0000   ZeroHalf: 9      793    0.44%
      0     0      682.0769    42      685.0000   ZeroHalf: 9      813    0.43%
      0     0      682.1573   188      685.0000   ZeroHalf: 6      831    0.41%
      0     0      682.3845   183      685.0000       Cuts: 4      849    0.38%
      0     0      682.5294    64      685.0000   ZeroHalf: 4      864    0.36%
      0     0      682.5872   169      685.0000      Cuts: 11      882    0.35%
      0     0      682.6078   190      685.0000   ZeroHalf: 3      889    0.35%
      0     0      682.7601   180      685.0000   ZeroHalf: 2      909    0.33%
      0     0        cutoff            685.0000      682.7601      909    0.33%                        0             0
Elapsed time = 0.36 sec. (482.32 ticks, tree = 0.01 MB, solutions = 1)

Zero-half cuts applied:  35
Gomory fractional cuts applied:  2
User cuts applied:  357

Root node processing (before b&c):
  Real time             =    0.36 sec. (482.37 ticks)
Sequential b&c:
  Real time             =    0.00 sec. (0.00 ticks)
                          ------------
Total (root+branch&cut) =    0.36 sec. (482.37 ticks)

