Version identifier: 22.1.0.0 | 2022-03-09 | 1a383f8ce
CPXPARAM_Preprocessing_Reduce                    1
CPXPARAM_Threads                                 1
CPXPARAM_Preprocessing_Reformulations            0
CPXPARAM_Emphasis_MIP                            2
CPXPARAM_MIP_Limits_CutPasses                    300
CPXPARAM_TimeLimit                               10800
CPXPARAM_MIP_Limits_TreeMemory                   20000
Legacy callback                                  BbLUID
         Disabling repeat represolve because of lazy constraint/incumbent callback.
1 of 1 MIP starts provided solutions.
MIP start 'm1' defined initial solution with objective 604.0000.
Tried aggregator 1 time.
MIP Presolve eliminated 11225 rows and 1 columns.
MIP Presolve modified 789 coefficients.
Reduced MIP has 989 rows, 4044 columns, and 19072 nonzeros.
Reduced MIP has 4044 binaries, 0 generals, 0 SOSs, and 0 indicators.
Presolve time = 0.01 sec. (20.39 ticks)
Probing time = 0.00 sec. (3.11 ticks)
Clique table members: 989.
MIP emphasis: optimality.
MIP search method: traditional branch-and-cut.
Parallel mode: none, using 1 thread.
Root relaxation solution time = 0.00 sec. (3.28 ticks)

        Nodes                                         Cuts/
   Node  Left     Objective  IInf  Best Integer    Best Bound    ItCnt     Gap         Variable B NodeID Parent  Depth

*     0+    0                          604.0000       41.0000            93.21%
      0     0      570.2500    72      604.0000      512.0000      127   15.23%
      0     0      578.7500   102      604.0000      Cuts: 84      186    4.18%
      0     0      582.0000    92      604.0000       Cuts: 5      206    3.64%
      0     0      587.0000    68      604.0000       User: 4      214    2.81%
      0     0      591.3333   104      604.0000      Cuts: 14      232    2.10%
      0     2      593.5000   132      604.0000      594.0000      232    1.66%                        0             0
Elapsed time = 0.18 sec. (245.49 ticks, tree = 0.01 MB, solutions = 1)

Zero-half cuts applied:  1
Gomory fractional cuts applied:  1
User cuts applied:  478

Root node processing (before b&c):
  Real time             =    0.17 sec. (244.95 ticks)
Sequential b&c:
  Real time             =    0.10 sec. (135.13 ticks)
                          ------------
Total (root+branch&cut) =    0.27 sec. (380.09 ticks)

