Version identifier: 22.1.0.0 | 2022-03-09 | 1a383f8ce
CPXPARAM_Preprocessing_Reduce                    1
CPXPARAM_Threads                                 1
CPXPARAM_Preprocessing_Reformulations            0
CPXPARAM_Emphasis_MIP                            2
CPXPARAM_MIP_Limits_CutPasses                    300
CPXPARAM_TimeLimit                               10800
CPXPARAM_MIP_Limits_TreeMemory                   20000
Legacy callback                                  BbLUID
         Disabling repeat represolve because of lazy constraint/incumbent callback.
1 of 1 MIP starts provided solutions.
MIP start 'm1' defined initial solution with objective 684.0000.
Tried aggregator 2 times.
MIP Presolve eliminated 5944 rows and 0 columns.
MIP Presolve modified 643 coefficients.
Aggregator did 4 substitutions.
Reduced MIP has 841 rows, 2876 columns, and 12015 nonzeros.
Reduced MIP has 2876 binaries, 0 generals, 0 SOSs, and 0 indicators.
Presolve time = 0.01 sec. (11.72 ticks)
Probing time = 0.00 sec. (2.77 ticks)
Clique table members: 867.
MIP emphasis: optimality.
MIP search method: traditional branch-and-cut.
Parallel mode: none, using 1 thread.
Root relaxation solution time = 0.00 sec. (3.23 ticks)

        Nodes                                         Cuts/
   Node  Left     Objective  IInf  Best Integer    Best Bound    ItCnt     Gap         Variable B NodeID Parent  Depth

*     0+    0                          684.0000       64.0000            90.64%
      0     0      607.5000    84      684.0000      560.0000      224   18.13%
      0     0      627.4286    47      684.0000      Cuts: 47      268    8.27%
      0     0      641.5000    50      684.0000      Cuts: 30      286    6.21%
      0     0      642.5000    42      684.0000      Cuts: 23      296    6.07%
      0     0      644.5000    51      684.0000       Cuts: 8      312    5.77%
      0     0      645.5000    67      684.0000      Cuts: 11      327    5.63%
      0     0      646.8667    63      684.0000       Cuts: 7      346    5.43%
      0     0      649.0000    38      684.0000       Cuts: 6      361    5.12%
      0     0      649.8000    35      684.0000       Cuts: 7      375    5.00%
      0     2      655.4167   101      684.0000      655.4167      375    4.18%                        0             0
Elapsed time = 0.20 sec. (369.03 ticks, tree = 0.01 MB, solutions = 1)
      1     3      666.4598   138      684.0000      660.1250      715    3.49%          x31_61 N      1      0      1
      7     9      670.2667    84      684.0000      660.1250     1134    3.49%          x29_81 N      7      6      5
     17    17      678.0667   110      684.0000      660.1250     1433    3.49%          x61_72 N     17     16     13
     42    36      676.6667    48      684.0000      667.6667     2140    2.39%           x86_8 N     42     41     14
     74    55      671.1667    94      684.0000      667.6667     2725    2.39%          x61_81 U     74      2      3
     90    71      671.8333   116      684.0000      670.1667     3514    2.02%          x29_31 N     90     84      5
    111    90      674.4667   118      684.0000      670.6667     4287    1.95%          x35_10 N    111     93      7
    135   113      676.1667   128      684.0000      671.1667     5385    1.88%          x58_80 U    135     74      4
    161   137      673.0000    26      684.0000      671.6667     6619    1.80%          x47_33 U    161    134      9
    278   248      673.2500    42      684.0000      672.5000    10268    1.68%           x33_2 U    278    276     14
Elapsed time = 3.11 sec. (3650.38 ticks, tree = 0.94 MB, solutions = 1)
    434   394      673.5000   118      684.0000      673.3333    15016    1.56%          x77_81 D    434    308     11
    606   538        cutoff            684.0000      673.5538    18556    1.53%          x49_72 U    606    347     16
    750   663      674.0000    23      684.0000      673.9118    23058    1.47%          x62_64 D    750    617     27
    923   811      677.5000    15      684.0000      674.0833    26997    1.45%          x36_25 D    923    655     21
   1070   937      676.0000    38      684.0000      674.3333    31557    1.41%          x47_33 U   1070    340     12
   1284  1116      678.5000    86      684.0000      674.5303    36609    1.38%          x35_10 U   1284    487      9
   1474  1292      678.2500    47      684.0000      674.7667    41286    1.35%          x90_47 U   1474    925     15
   1685  1480      676.3333    27      684.0000      675.0000    45613    1.32%           x33_2 U   1685   1682     24
   1907  1667      675.5000    22      684.0000      675.0714    50394    1.31%           x42_2 U   1907   1325     12
   2114  1841      675.9000    48      684.0000      675.2500    55649    1.28%          x43_24 U   2114   2113     23
Elapsed time = 14.44 sec. (13215.19 ticks, tree = 3.34 MB, solutions = 1)
   2317  2023      675.7500    39      684.0000      675.4167    59683    1.25%          x38_18 U   2317   2000     14
   2530  2202      681.0000    27      684.0000      675.5000    64762    1.24%          x90_24 U   2530   1739     21
   2773  2407      681.6562    65      684.0000      675.5000    70078    1.24%           x62_2 D   2773   2772     28
   2945  2536      678.0000    41      684.0000      675.6667    75233    1.22%          x24_43 U   2945   2943     16
   3165  2717      680.5000    23      684.0000      675.8333    80518    1.19%          x42_44 U   3165   3163     28
   3378  2894      677.5000    42      684.0000      675.9286    85461    1.18%          x24_43 U   3378   3376     15
   3587  3069      679.0000    39      684.0000      676.0000    91013    1.17%          x47_42 U   3587   1237     16
   3816  3257      676.0000    41      684.0000      676.0000    96161    1.17%           x24_2 D   3816   1918     21
   4010  3403      676.1667    51      684.0000      676.0625   101120    1.16%          x81_23 D   4010   4009     33
   4190  3551      676.5000    24      684.0000      676.1667   106022    1.15%          x38_18 U   4190   1346     11
Elapsed time = 25.93 sec. (22794.65 ticks, tree = 6.53 MB, solutions = 1)
   4388  3707      676.4000    30      684.0000      676.2143   110812    1.14%          x62_38 D   4388   1748     27
   4572  3872      679.5000    14      684.0000      676.3000   116026    1.13%          x36_25 D   4572   4570     12
   4771  4027      681.0000    35      684.0000      676.3333   120927    1.12%          x62_43 U   4771   4066     33
   4955  4185      676.5000    16      684.0000      676.4286   125576    1.11%           x42_2 D   4955   4954     14
   5160  4361      681.6429    46      684.0000      676.5000   129470    1.10%          x24_43 D   5160   5159     17
   5360  4518      676.5000    25      684.0000      676.5000   133955    1.10%           x42_2 D   5360   4147     17
   5555  4678      677.0000    24      684.0000      676.5000   138217    1.10%          x24_62 U   5555   5554     29
   5734  4816      681.0833    51      684.0000      676.5000   142897    1.10%          x37_61 N   5734    891     13
   5888  4944      678.8333    45      684.0000      676.6111   148179    1.08%          x36_25 D   5888   4574     19
   6062  5089      679.2500    76      684.0000      676.6667   153056    1.07%           x85_9 N   6062   1396     12
Elapsed time = 36.26 sec. (32372.92 ticks, tree = 9.07 MB, solutions = 1)
   6238  5226      680.7500    26      684.0000      676.7500   158299    1.06%          x36_25 U   6238   6236     19
   6409  5366      676.9000    25      684.0000      676.8333   163101    1.05%          x42_47 D   6409   3555     18
   6584  5505      677.9231    42      684.0000      676.8333   167736    1.05%          x47_33 D   6584   6582     23
   6748  5625      680.0000    36      684.0000      676.9000   172958    1.04%          x36_25 D   6748   5885     18
   6900  5747        cutoff            684.0000      677.0000   177439    1.02%          x42_47 U   6900   5460     16
   7040  5857      678.6429    40      684.0000      677.0000   181952    1.02%          x24_43 U   7040   3600     18
   7224  5999      677.7544    43      684.0000      677.0000   186576    1.02%           x2_24 D   7224   5789     26
   7399  6122      678.7544    52      684.0000      677.0000   191100    1.02%          x24_62 D   7399   2618     20
   7580  6246      678.0877    41      684.0000      677.0000   195695    1.02%          x36_25 U   7580   5778     30
   7736  6366      680.5000    32      684.0000      677.0333   200544    1.02%          x36_25 D   7736   6789     15
Elapsed time = 45.89 sec. (41953.71 ticks, tree = 11.37 MB, solutions = 1)
   7890  6493      677.5662    66      684.0000      677.1250   205675    1.01%           x63_1 D   7890   4969     15
   8065  6639      680.2143    48      684.0000      677.1667   210135    1.00%          x90_47 U   8065   5311     22
   8231  6772      682.1250    55      684.0000      677.2000   214847    0.99%          x47_33 D   8231   8229     19
   8396  6898      677.4167    29      684.0000      677.2500   219722    0.99%          x36_25 U   8396   6175     16
   8571  7040      677.3030   120      684.0000      677.3030   224219    0.98%          x90_47 D   8571   8133     16
   8741  7174      679.6000    39      684.0000      677.3333   229024    0.97%          x24_62 D   8741   8739     19
   8905  7294      677.6034    54      684.0000      677.3667   233602    0.97%          x62_64 D   8905   8904     25
   9065  7408      679.4239    68      684.0000      677.4259   238280    0.96%          x24_43 U   9065   7253     21
   9240  7539      678.0000    12      684.0000      677.5000   242070    0.95%           x50_5 D   9240   9239     23
   9424  7676        cutoff            684.0000      677.5000   246433    0.95%           x50_5 U   9424   9422     24
Elapsed time = 55.60 sec. (51531.56 ticks, tree = 13.57 MB, solutions = 1)
   9600  7796      679.5000    24      684.0000      677.5000   250930    0.95%           x38_2 U   9600   9598     31
   9783  7930      678.5000    30      684.0000      677.5000   255536    0.95%          x43_24 D   9783   7630     13
   9965  8052      680.7000    30      684.0000      677.5000   260289    0.95%          x42_44 U   9965   6382     22
  10128  8169      677.5000    30      684.0000      677.5000   264941    0.95%          x62_43 D  10128   7898     18
  10312  8322        cutoff            684.0000      677.5000   269571    0.95%          x24_38 U  10312  10310     32
  10450  8401      677.6667    33      684.0000      677.5492   274609    0.94%          x36_25 U  10450  10448     18
  10629  8539      680.7708   129      684.0000      677.5833   279039    0.94%          x38_18 U  10629  10628     18
  10797  8662      678.9167    90      684.0000      677.6488   283781    0.93%           x37_9 D  10797   5767     22
  10953  8779      680.1667    48      684.0000      677.6667   288168    0.93%          x50_63 U  10953  10951     20
  11121  8907      677.8000    30      684.0000      677.6875   292732    0.92%          x36_25 U  11121  11120     18
Elapsed time = 65.04 sec. (61121.28 ticks, tree = 16.05 MB, solutions = 1)
  11280  9029      677.7403    44      684.0000      677.7424   297674    0.91%          x45_63 D  11280  11279     37
  11460  9159      682.5417   106      684.0000      677.7500   302120    0.91%           x62_2 D  11460  11459     26
  11625  9266        cutoff            684.0000      677.8000   306360    0.91%          x24_62 D  11625  11623     35
  11809  9393      678.5000    29      684.0000      677.8333   310597    0.90%           x33_2 D  11809  11808     21
  11983  9513      679.8333    32      684.0000      677.8333   314918    0.90%          x24_43 U  11983   6171     14
  12144  9636      678.0000    32      684.0000      677.8382   319327    0.90%          x62_38 D  12144  12143     23
  12296  9733      678.5000    49      684.0000      677.9000   323606    0.89%          x36_25 U  12296  10138     22
  12459  9839      679.5000    19      684.0000      677.9444   327801    0.89%          x62_38 U  12459  10008     22
  12641  9960      678.0000    14      684.0000      678.0000   331308    0.88%           x86_5 D  12641   6872     20
  12813 10091        cutoff            684.0000      678.0000   336147    0.88%          x87_50 N  12813   3128     15
Elapsed time = 74.34 sec. (70701.74 ticks, tree = 18.06 MB, solutions = 1)
  12990 10219      678.2500    34      684.0000      678.0000   340620    0.88%          x43_24 U  12990   1905     19
  13170 10348      680.7500    21      684.0000      678.0000   345195    0.88%          x50_26 D  13170  13168     28
  13350 10464        cutoff            684.0000      678.0000   349068    0.88%          x43_24 N  13350  13348     22
  13534 10587      680.5000    45      684.0000      678.0000   353192    0.88%          x24_62 U  13534  13532     23
  13710 10714      682.5739    59      684.0000      678.0000   357669    0.88%          x43_25 U  13710   5965     19
  13892 10827      680.1759   106      684.0000      678.0429   362304    0.87%           x37_9 D  13892   8129     12
  14057 10963      682.4545    61      684.0000      678.0833   366486    0.87%          x47_33 D  14057  14055     25
  14220 11074      678.2917    59      684.0000      678.1042   370789    0.86%           x33_2 D  14220  14219     35
  14399 11209      681.0000    16      684.0000      678.1400   375042    0.86%          x90_47 U  14399  13428     21
  14562 11313      682.4375    44      684.0000      678.1667   379555    0.85%          x50_63 U  14562  14560     22
Elapsed time = 83.72 sec. (80276.50 ticks, tree = 19.99 MB, solutions = 1)
  14745 11441      681.6429    52      684.0000      678.1667   383618    0.85%          x90_47 U  14745  12465     15
  14935 11592      678.2500    48      684.0000      678.1818   387739    0.85%          x47_42 D  14935  14208     24
  15100 11704      681.2000    35      684.0000      678.2372   392528    0.84%          x62_43 U  15100   4121     18
  15276 11827        cutoff            684.0000      678.2500   396829    0.84%          x62_47 U  15276  12168     39
  15460 11954      679.6000    24      684.0000      678.2639   400903    0.84%          x50_26 D  15460  15459     29
  15626 12061      679.8000    42      684.0000      678.3026   405099    0.83%          x24_62 D  15626  15624     15
  15793 12174      678.6250    38      684.0000      678.3333   409298    0.83%          x62_38 D  15793   9866     24
  15967 12286      681.0000    34      684.0000      678.3333   413138    0.83%          x90_47 D  15967  11753     18
  16132 12407      678.5476    94      684.0000      678.3485   417036    0.83%          x62_38 D  16132  16131     24
  16818 12865      681.0000    32      684.0000      678.4699   433231    0.81%          x24_43 D  16818  10793     16
Elapsed time = 95.90 sec. (92717.61 ticks, tree = 22.22 MB, solutions = 1)
  17526 13272      681.5000    38      684.0000      678.5000   448833    0.80%          x90_42 U  17526  17524     32
  18240 13687      678.8333    32      684.0000      678.5000   464429    0.80%          x24_25 D  18240  18239     15
  18911 14088      679.7500    41      684.0000      678.5833   480563    0.79%          x24_62 D  18911  13401     13
  19579 14467      679.2000    53      684.0000      678.6667   496245    0.78%          x24_62 D  19579  11663     18
  20220 14823      679.0595    52      684.0000      678.7500   511787    0.77%          x24_62 U  20220  12164     19
  20911 15210      679.4333    38      684.0000      678.8333   526524    0.76%           x33_2 D  20911  20910     26
  21570 15599        cutoff            684.0000      678.9167   542011    0.74%           x2_38 U  21570  19766     31
  22247 16013      680.4545    49      684.0000      679.0000   554777    0.73%          x47_42 D  22247  12966     20
  22929 16385      682.0000    31      684.0000      679.0000   568764    0.73%           x1_55 U  22929  20620     13
  23620 16784      681.6250    76      684.0000      679.0000   583654    0.73%          x24_62 D  23620  15422     16
Elapsed time = 130.85 sec. (130909.45 ticks, tree = 29.31 MB, solutions = 1)
  24257 17177      679.2500    47      684.0000      679.1250   598710    0.71%           x2_24 D  24257   7663     23
  24907 17477      679.3333    63      684.0000      679.1667   612975    0.71%          x24_43 D  24907  18985     12
  25546 17833      681.2500    31      684.0000      679.2500   627253    0.69%          x62_38 U  25546  22841     20
  26211 18188      679.9545    42      684.0000      679.3295   640799    0.68%           x33_2 U  26211  16763     22
  26905 18565      681.5833   102      684.0000      679.3333   652805    0.68%          x58_80 U  26905  18675     12
  27570 18907      679.6993    46      684.0000      679.4359   666110    0.67%          x45_63 D  27570  27569     35
  28256 19287      681.6852    30      684.0000      679.5000   677167    0.66%          x43_24 U  28256  28255     27
  28950 19596        cutoff            684.0000      679.5000   689724    0.66%          x90_33 U  28950  27377     27
  29634 19934        cutoff            684.0000      679.5000   702646    0.66%          x43_25 U  29634  19765     21
  30281 20232      682.0714    44      684.0000      679.5000   715684    0.66%          x24_43 U  30281  30276     18
Elapsed time = 164.39 sec. (169082.55 ticks, tree = 35.31 MB, solutions = 1)
  30957 20554      679.7500    25      684.0000      679.5094   729709    0.66%          x90_33 D  30957  22150     22
  31599 20854        cutoff            684.0000      679.6111   742276    0.64%           x2_38 U  31599  24242     18
  32276 21157      680.3750    37      684.0000      679.6667   754819    0.63%          x24_62 U  32276  10092     21
  32914 21499      679.8000    84      684.0000      679.7333   767944    0.62%          x24_43 D  32914   4818     17
  33607 21823        cutoff            684.0000      679.7667   780592    0.62%          x36_25 D  33607  31453     29
  34365 22165      679.8333    33      684.0000      679.8333   794152    0.61%          x62_44 D  34365  31257     19
  35113 22508      680.4211    62      684.0000      679.8712   807935    0.60%          x90_24 D  35113   5563     17
  35821 22793      679.9375    61      684.0000      679.9375   821730    0.59%          x45_55 D  35821  27584     28
  36571 23175      680.3333    12      684.0000      680.0000   832034    0.58%          x63_28 U  36571  22038     31
  37304 23464        cutoff            684.0000      680.0000   843642    0.58%           x5_50 U  37304  37302     22
Elapsed time = 198.44 sec. (207253.52 ticks, tree = 40.76 MB, solutions = 1)
  38054 23783      680.1667    47      684.0000      680.0000   855631    0.58%          x24_62 N  38054  15760     19
  38799 24087        cutoff            684.0000      680.0000   867336    0.58%          x43_25 U  38799   8658     21
  39509 24352      681.3333    44      684.0000      680.0000   880581    0.58%          x24_42 U  39509  24748     19
  40170 24644        cutoff            684.0000      680.0833   894781    0.57%          x62_43 U  40170  39230     18
  40877 24874        cutoff            684.0000      680.1333   906751    0.57%          x62_25 U  40877  31701     24
  41581 25107      681.0000    38      684.0000      680.1667   918629    0.56%          x38_24 D  41581  41580     18
  42269 25387      680.4000    24      684.0000      680.2222   930857    0.55%          x28_46 D  42269  31530     28
  42984 25610        cutoff            684.0000      680.2500   940951    0.55%          x43_25 U  42984  14999     15
  43678 25884      680.5000    49      684.0000      680.3000   953236    0.54%          x24_43 D  43678  16062     13
  44422 26155      682.8333    30      684.0000      680.3333   963446    0.54%          x62_38 U  44422  16055     11
Elapsed time = 231.02 sec. (245448.66 ticks, tree = 45.63 MB, solutions = 1)
  45145 26423      682.0333   108      684.0000      680.3333   975860    0.54%          x61_85 D  45145  34952     19
  45837 26651        cutoff            684.0000      680.4048   987284    0.53%          x36_25 D  45837   4340     13
  46529 26859        cutoff            684.0000      680.4545   998454    0.52%          x38_47 U  46529  46527     30
  47296 27190        cutoff            684.0000      680.5000  1007173    0.51%           x90_2 U  47296  33136     20
  47998 27344      680.7500    26      684.0000      680.5000  1018108    0.51%          x43_24 U  47998  28347     20
  48723 27596      680.5000    25      684.0000      680.5000  1029048    0.51%          x47_42 D  48723  48722     26
  49442 27803      680.5000    33      684.0000      680.5000  1040162    0.51%           x1_55 D  49442  38704     31
  50203 28000      680.5000    30      684.0000      680.5000  1050485    0.51%          x62_38 D  50203  44723     17
  50952 28220        cutoff            684.0000      680.5000  1060571    0.51%          x62_25 U  50952  30201     19
  51685 28409      681.2500    51      684.0000      680.5000  1072201    0.51%          x62_38 D  51685  51684     23
Elapsed time = 262.40 sec. (283627.68 ticks, tree = 49.44 MB, solutions = 1)
  52323 28607      681.0476    50      684.0000      680.5476  1084822    0.50%           x50_5 U  52323  52321     43
  53001 28780      680.6667    60      684.0000      680.6000  1096206    0.50%          x43_62 D  53001  38635      9
  53681 28947        cutoff            684.0000      680.6667  1106411    0.49%          x63_26 U  53681  43974     24
  54402 29135      680.8030    75      684.0000      680.6667  1115682    0.49%          x47_33 D  54402  39685     28
  55082 29336      680.7333    45      684.0000      680.7333  1125793    0.48%           x1_55 D  55082  35406     19
  55786 29546        cutoff            684.0000      680.7500  1134811    0.48%          x36_25 D  55786  42561     15
  56463 29709      681.0000    34      684.0000      680.7967  1145626    0.47%          x36_25 U  56463  43396     17
  57171 29821      682.5000    24      684.0000      680.8333  1154507    0.46%          x43_24 D  57171  43645     21
  57875 29972      681.6333    95      684.0000      680.8333  1163932    0.46%          x81_85 D  57875  12219     15
  58519 30145        cutoff            684.0000      680.8889  1174363    0.45%           x86_8 U  58519  58517     29
Elapsed time = 292.73 sec. (321794.65 ticks, tree = 52.39 MB, solutions = 1)
  59209 30251      681.2286    68      684.0000      680.9286  1183842    0.45%           x90_2 D  59209  35767     31
  59885 30368      682.2500    20      684.0000      681.0000  1193320    0.44%          x50_63 U  59885  14540     19
  60638 30548        cutoff            684.0000      681.0000  1198973    0.44%           x1_55 U  60638  36545     23
  61353 30595        cutoff            684.0000      681.0000  1207280    0.44%            x5_8 D  61353  43852     18
  62097 30630        cutoff            684.0000      681.0000  1215741    0.44%          x90_47 U  62097  55409     17
  62834 30725        cutoff            684.0000      681.0000  1223817    0.44%          x24_43 U  62834   5017     23
  63561 30803      683.0000    20      684.0000      681.0000  1232465    0.44%          x47_42 U  63561  33185     26
  64251 30909      681.5000    34      684.0000      681.0000  1241075    0.44%           x5_50 U  64251  43193     15
  64931 31044      682.0000    32      684.0000      681.0000  1249776    0.44%          x90_47 D  64931  64929     22
  65600 31190      682.0000    75      684.0000      681.0000  1260385    0.44%          x43_62 D  65600  43470     27
Elapsed time = 321.03 sec. (359966.01 ticks, tree = 54.35 MB, solutions = 1)
  66227 31314      681.5714    29      684.0000      681.0714  1270414    0.43%          x45_55 D  66227  31223     23
  66870 31353        cutoff            684.0000      681.1071  1278918    0.42%          x43_24 D  66870  55897     33
  67537 31439      681.1538    32      684.0000      681.1538  1287194    0.42%          x47_42 D  67537  31893     29
  68212 31458        cutoff            684.0000      681.1667  1294565    0.41%            x5_8 D  68212  62516     27
  68892 31546        cutoff            684.0000      681.1667  1302816    0.41%          x62_43 U  68892  68890     22
  69549 31589      681.5625    36      684.0000      681.2167  1310911    0.41%            x5_8 D  69549  69548     40
  70215 31651        cutoff            684.0000      681.2500  1318197    0.40%          x42_44 U  70215   9883     25
  70920 31703      681.2500    49      684.0000      681.2500  1325386    0.40%           x63_1 D  70920  55880     28
  71552 31770      681.5000    17      684.0000      681.3000  1334091    0.39%          x87_86 D  71552  46775     25
  72216 31784        cutoff            684.0000      681.3333  1341206    0.39%          x90_47 U  72216  64614     17
Elapsed time = 347.78 sec. (398140.22 ticks, tree = 55.72 MB, solutions = 1)
  72903 31769        cutoff            684.0000      681.3333  1347709    0.39%          x24_25 D  72903  26569     21
  73594 31852      682.3333    72      684.0000      681.3333  1355626    0.39%          x36_25 D  73594  52807     20
  74235 31915      681.3833    90      684.0000      681.3833  1363669    0.38%          x50_63 D  74235  58024     13
  74877 31952        cutoff            684.0000      681.4211  1371439    0.38%          x62_25 D  74877  46066     21
  75569 31987        cutoff            684.0000      681.4545  1378461    0.37%          x24_62 D  75569  46449     29
  76234 31973        cutoff            684.0000      681.5000  1384956    0.37%          x28_46 U  76234  67715     33
  76988 32083      682.5000    12      684.0000      681.5000  1390199    0.37%            x5_8 D  76988  36461     29
  77668 32018      681.8571    17      684.0000      681.5000  1397768    0.37%            x5_8 D  77668  73929     31
  78334 32015        cutoff            684.0000      681.5000  1404369    0.37%          x43_38 D  78334  78333     13
  79019 32016        cutoff            684.0000      681.5000  1411170    0.37%          x47_33 U  79019  72779     22
Elapsed time = 373.86 sec. (436307.86 ticks, tree = 56.26 MB, solutions = 1)
  79717 31970      682.1667    28      684.0000      681.5000  1418080    0.37%          x38_18 D  79717  57196     21
  80391 31934      683.0000    22      684.0000      681.5000  1425534    0.37%           x86_8 U  80391  80389     21
  81074 31932        cutoff            684.0000      681.5000  1432497    0.37%           x1_55 D  81074  25711     30
  81745 31884        cutoff            684.0000      681.5000  1440009    0.37%          x38_24 U  81745  30771     20
  82390 31865      682.0000    22      684.0000      681.5000  1447196    0.37%          x43_38 U  82390  82388     22
  83039 31879        cutoff            684.0000      681.5000  1454675    0.37%          x90_24 U  83039  55968     25
  83710 31854      681.7500    44      684.0000      681.5000  1463134    0.37%          x90_24 D  83710  83709     26
  84356 31908      681.6667    52      684.0000      681.5153  1471988    0.36%          x62_38 N  84356  44872     13
  84985 31850      682.0000    28      684.0000      681.5784  1479251    0.35%          x90_24 D  84985  40466     25
  85598 31825        cutoff            684.0000      681.6000  1486594    0.35%          x62_38 D  85598  66791     26
Elapsed time = 398.52 sec. (474480.49 ticks, tree = 56.21 MB, solutions = 1)
  86230 31793        cutoff            684.0000      681.6250  1493326    0.35%           x2_38 U  86230  14318     37
  86874 31739      681.7500    31      684.0000      681.6667  1500257    0.34%          x38_47 D  86874  48398     28
  87535 31612        cutoff            684.0000      681.6667  1505971    0.34%          x43_24 D  87535  58791     32
  88170 31545        cutoff            684.0000      681.6939  1513592    0.34%          x36_25 D  88170  51148     14
  88815 31511        cutoff            684.0000      681.7333  1520330    0.33%          x36_25 D  88815  36065     17
  89455 31401        cutoff            684.0000      681.7500  1526185    0.33%           x62_2 U  89455  31064     30
  90159 31318        cutoff            684.0000      681.7500  1532149    0.33%          x42_44 U  90159  68660     29
  90821 31221      682.0410   100      684.0000      681.7750  1539078    0.33%          x49_14 D  90821  84138     23
  91469 31146        cutoff            684.0000      681.8125  1544991    0.32%           x5_50 U  91469  58252     24
  92142 31046        cutoff            684.0000      681.8333  1550970    0.32%          x90_24 U  92142  87754     17
Elapsed time = 422.20 sec. (512659.57 ticks, tree = 54.82 MB, solutions = 1)
  92846 31042      682.3333    38      684.0000      681.8333  1556622    0.32%          x24_62 U  92846  44858     17
  93520 31027        cutoff            684.0000      681.8333  1563304    0.32%          x36_25 D  93520  84762     18
  94131 30934        cutoff            684.0000      681.8889  1569661    0.31%          x47_42 U  94131  69601     26
  94799 30832      682.5000    14      684.0000      681.9167  1575124    0.30%          x43_25 D  94799  20529     18
  95447 30685      681.9545    39      684.0000      681.9545  1581442    0.30%          x44_38 D  95447  88151     34
  96058 30525        cutoff            684.0000      682.0000  1586322    0.29%          x63_28 U  96058  96057     30
  96743 30261        cutoff            684.0000      682.0000  1589919    0.29%          x50_86 U  96743  96741     27
  97409 30113      682.5000    20      684.0000      682.0000  1593944    0.29%          x50_26 N  97409  97408     20
  98053 29914        cutoff            684.0000      682.0000  1598758    0.29%          x28_63 D  98053  48447     19
  98764 29713        cutoff            684.0000      682.0000  1604321    0.29%          x47_33 D  98764  95621     21
Elapsed time = 445.13 sec. (550829.31 ticks, tree = 52.64 MB, solutions = 1)
  99505 29548        cutoff            684.0000      682.0000  1609479    0.29%           x86_8 U  99505  13690     23
 100231 29321        cutoff            684.0000      682.0000  1615031    0.29%          x45_63 U 100231  81464     44
 100957 29092        cutoff            684.0000      682.0000  1620962    0.29%          x45_63 U 100957  77475     28
 101696 28942      682.0000    32      684.0000      682.0000  1626715    0.29%          x63_28 D 101696  74090     30
 102379 28751        cutoff            684.0000      682.0000  1632930    0.29%          x62_25 U 102379  19914     24
 103082 28534        cutoff            684.0000      682.0000  1639262    0.29%          x43_62 U 103082  65350     16
 103776 28351      683.0000    47      684.0000      682.0000  1646528    0.29%          x36_25 D 103776  75784     21
 104448 28233      682.0833    70      684.0000      682.0333  1654443    0.29%           x62_2 N 104448  94591     26
 105041 28028      682.2670    60      684.0000      682.0804  1659512    0.28%          x47_42 N 105041  94592     28
 105605 27792      683.0000    30      684.0000      682.1000  1664278    0.28%          x38_43 N 105605  82503     25
Elapsed time = 467.04 sec. (589011.51 ticks, tree = 49.54 MB, solutions = 1)
 106215 27581      682.1250    52      684.0000      682.1250  1669248    0.27%          x62_90 D 106215  85407     41
 106833 27358      682.5000    20      684.0000      682.1667  1673994    0.27%          x43_24 U 106833  44006     27
 107510 27072      682.8333    34      684.0000      682.1667  1678543    0.27%          x28_63 U 107510  92504     22
 108218 26811        cutoff            684.0000      682.1667  1684629    0.27%          x62_38 U 108218  65658     16
 108893 26588        cutoff            684.0000      682.2083  1689860    0.26%          x47_42 U 108893 108890     28
 109571 26296        cutoff            684.0000      682.2500  1694760    0.26%            x5_8 U 109571  94702     26
 110233 25950        cutoff            684.0000      682.2500  1698912    0.26%          x47_33 U 110233 106521     17
 110895 25605        cutoff            684.0000      682.2500  1703375    0.26%          x45_63 U 110895  90288     26
 111551 25298      682.5000    76      684.0000      682.2857  1708342    0.25%          x24_43 N 111551   8253     21
 112218 24995        cutoff            684.0000      682.3333  1712953    0.24%           x1_55 D 112218  96047     20
Elapsed time = 486.41 sec. (627188.83 ticks, tree = 44.86 MB, solutions = 1)
 112897 24646      682.3333    25      684.0000      682.3333  1716549    0.24%          x63_28 U 112897  89438     30
 113599 24341      682.5000    34      684.0000      682.3333  1720594    0.24%          x24_42 D 113599  15482     21
 114271 24020        cutoff            684.0000      682.3333  1725559    0.24%          x43_24 D 114271  45132     36
 114927 23747        cutoff            684.0000      682.3750  1730633    0.24%          x50_26 U 114927 106241     26
 115619 23430        cutoff            684.0000      682.4154  1734817    0.23%          x24_62 D 115619  56207     23
 116289 23003        cutoff            684.0000      682.4396  1738991    0.23%          x36_25 D 116289  64771     19
 116957 22635        cutoff            684.0000      682.4792  1742743    0.22%          x38_18 U 116957  42349     17
 117646 22191      682.5000    10      684.0000      682.5000  1745801    0.22%          x50_26 N 117646  76812     22
 118352 21897        cutoff            684.0000      682.5000  1748921    0.22%            x5_8 D 118352  99392     26
 119004 21494        cutoff            684.0000      682.5000  1752024    0.22%          x46_45 D 119004  97058     12
Elapsed time = 504.46 sec. (665358.63 ticks, tree = 38.74 MB, solutions = 1)
 119672 21045        cutoff            684.0000      682.5000  1755690    0.22%          x42_24 U 119672 119670     24
 120347 20638        cutoff            684.0000      682.5000  1759498    0.22%          x44_38 D 120347  40792     29
 121007 20265        cutoff            684.0000      682.5000  1762969    0.22%          x46_63 U 121007 121006     32
 121708 19855        cutoff            684.0000      682.5000  1767200    0.22%          x24_62 U 121708   8180     20
 122374 19478        cutoff            684.0000      682.5000  1770857    0.22%          x24_25 D 122374  49114     21
 123038 19078        cutoff            684.0000      682.5000  1774511    0.22%          x62_18 U 123038 123010     27
 123723 18665        cutoff            684.0000      682.5000  1778448    0.22%          x62_18 U 123723  53706     31
 124425 18319        cutoff            684.0000      682.5000  1782601    0.22%           x63_1 D 124425  42969     30
 125110 17911      682.5000    31      684.0000      682.5000  1786747    0.22%          x47_42 D 125110  88052     27
 125793 17517        cutoff            684.0000      682.5000  1791236    0.22%          x24_25 D 125793  55920     14
Elapsed time = 520.94 sec. (703530.06 ticks, tree = 31.89 MB, solutions = 1)
 126481 17152        cutoff            684.0000      682.5000  1795723    0.22%          x24_25 D 126481  29049     18
 127192 16807        cutoff            684.0000      682.5000  1800359    0.22%          x81_49 U 127192 127190     19
 127824 16409        cutoff            684.0000      682.5333  1805852    0.21%           x9_37 U 127824   3325     16
 128442 15994        cutoff            684.0000      682.5833  1809547    0.21%           x2_38 D 128442  37796     25
 129081 15535        cutoff            684.0000      682.6000  1812689    0.20%          x50_26 D 129081  71272     43
 129693 15130        cutoff            684.0000      682.6250  1815680    0.20%           x2_38 U 129693 107952     30
 130299 14699        cutoff            684.0000      682.6667  1818683    0.19%          x45_63 D 130299 112618     21
 130931 14242        cutoff            684.0000      682.6667  1821501    0.19%           x86_8 U 130931 100218     23
 131596 13804        cutoff            684.0000      682.6667  1824724    0.19%          x63_55 D 131596  68868     30
 132242 13341        cutoff            684.0000      682.7143  1827960    0.19%          x45_63 U 132242 128270     27
Elapsed time = 536.78 sec. (741713.61 ticks, tree = 24.65 MB, solutions = 1)
 132864 12847        cutoff            684.0000      682.7500  1830503    0.18%           x5_50 U 132864  91225     22
 133495 12363        cutoff            684.0000      682.7500  1832702    0.18%          x62_43 U 133495  53509     25
 134182 11885        cutoff            684.0000      682.7614  1835576    0.18%           x5_50 U 134182  88877     24
 134835 11397      683.0000    16      684.0000      682.8000  1838221    0.18%          x43_24 N 134835 112533     20
 135448 10888        cutoff            684.0000      682.8333  1840534    0.17%          x33_38 D 135448  68486     34
 136086 10371        cutoff            684.0000      682.8333  1842323    0.17%          x47_24 D 136086  12100     24
 136732  9841        cutoff            684.0000      682.8550  1844883    0.17%          x43_62 D 136732  28599     28
 137378  9289      682.8889    69      684.0000      682.8889  1847077    0.16%           x1_55 N 137378  74333     18
 137998  8735        cutoff            684.0000      682.9211  1848932    0.16%          x28_63 U 137998 129398     39
 138626  8169        cutoff            684.0000      682.9667  1850839    0.15%          x38_18 D 138626  43644     19
Elapsed time = 550.12 sec. (779895.60 ticks, tree = 15.65 MB, solutions = 1)
 139261  7629        cutoff            684.0000      683.0000  1852818    0.15%          x50_26 U 139261 139260     27
 139898  7065        cutoff            684.0000      683.0000  1854719    0.15%          x63_26 D 139898  55929     17
 140539  6598        cutoff            684.0000      683.0000  1856551    0.15%            x5_8 D 140539 140537     35
 141170  6150        cutoff            684.0000      683.0000  1858445    0.15%           x5_50 U 141170  78317     19
 141817  5615        cutoff            684.0000      683.0000  1860337    0.15%          x62_44 U 141817 118829     24
 142446  5095        cutoff            684.0000      683.0000  1862166    0.15%            x5_8 U 142446  52219     26
 143090  4584        cutoff            684.0000      683.0000  1864180    0.15%          x63_28 D 143090 143089     23
 143728  4066        cutoff            684.0000      683.0000  1866173    0.15%          x62_90 U 143728  98605     29
 144361  3525        cutoff            684.0000      683.0000  1868248    0.15%           x63_1 D 144361  78788     23
 145004  3002        cutoff            684.0000      683.0000  1870354    0.15%           x2_24 D 145004 110270     27
Elapsed time = 561.97 sec. (818074.32 ticks, tree = 6.62 MB, solutions = 1)
 145647  2499        cutoff            684.0000      683.0000  1872533    0.15%          x33_44 D 145647 145646     22
 146284  1927        cutoff            684.0000      683.0000  1874746    0.15%          x28_63 D 146284  82598     25
 146926  1392        cutoff            684.0000      683.0000  1876833    0.15%          x36_25 D 146926  48500     23
 147566   854        cutoff            684.0000      683.0000  1879109    0.15%          x36_43 U 147566  40850     22
 148207   315        cutoff            684.0000      683.0000  1881630    0.15%          x83_31 U 148207 103964     21

Cover cuts applied:  6
Zero-half cuts applied:  15
Gomory fractional cuts applied:  4
User cuts applied:  3504

Root node processing (before b&c):
  Real time             =    0.20 sec. (368.34 ticks)
Sequential b&c:
  Real time             =  568.31 sec. (840591.15 ticks)
                          ------------
Total (root+branch&cut) =  568.51 sec. (840959.49 ticks)

