Version identifier: 22.1.0.0 | 2022-03-09 | 1a383f8ce
CPXPARAM_Preprocessing_Reduce                    1
CPXPARAM_Threads                                 1
CPXPARAM_Preprocessing_Reformulations            0
CPXPARAM_Emphasis_MIP                            2
CPXPARAM_MIP_Limits_CutPasses                    300
CPXPARAM_TimeLimit                               10800
CPXPARAM_MIP_Limits_TreeMemory                   20000
Legacy callback                                  BbLUID
         Disabling repeat represolve because of lazy constraint/incumbent callback.
1 of 1 MIP starts provided solutions.
MIP start 'm1' defined initial solution with objective 700.0000.
Tried aggregator 2 times.
MIP Presolve eliminated 4113 rows and 0 columns.
MIP Presolve modified 545 coefficients.
Aggregator did 4 substitutions.
Reduced MIP has 744 rows, 2271 columns, and 9484 nonzeros.
Reduced MIP has 2271 binaries, 0 generals, 0 SOSs, and 0 indicators.
Presolve time = 0.01 sec. (8.50 ticks)
Probing time = 0.00 sec. (2.53 ticks)
Clique table members: 766.
MIP emphasis: optimality.
MIP search method: traditional branch-and-cut.
Parallel mode: none, using 1 thread.
Root relaxation solution time = 0.00 sec. (2.42 ticks)

        Nodes                                         Cuts/
   Node  Left     Objective  IInf  Best Integer    Best Bound    ItCnt     Gap         Variable B NodeID Parent  Depth

*     0+    0                          700.0000       64.0000            90.86%
      0     0      662.0000    18      700.0000      616.0000      209   12.00%
      0     0      680.8333    41      700.0000      Cuts: 59      255    2.74%
      0     0      689.1250    54      700.0000      Cuts: 44      299    1.55%
      0     0      689.7857    61      700.0000      Cuts: 19      325    1.46%
      0     0      690.1667    81      700.0000      Cuts: 17      343    1.40%
      0     0      691.0000    24      700.0000      Cuts: 22      349    1.29%
      0     0      693.3750    72      700.0000      Cuts: 24      397    0.95%
      0     0      693.6000    74      700.0000      Cuts: 10      411    0.91%
      0     0      694.3478    75      700.0000      Cuts: 11      429    0.81%
      0     0      695.1875   109      700.0000      Cuts: 24      457    0.69%
      0     0      696.2143    71      700.0000      Cuts: 19      479    0.54%
      0     0      696.5000    67      700.0000      Cuts: 21      494    0.50%
      0     0      696.7500    95      700.0000      Cuts: 21      504    0.46%
      0     0      697.0000    30      700.0000      Cuts: 24      540    0.43%
      0     0      697.0488    67      700.0000       Cuts: 5      560    0.42%
      0     0      697.0556    48      700.0000       User: 4      563    0.42%
      0     0      697.1039    73      700.0000       Cuts: 6      579    0.41%
      0     0      697.1163    58      700.0000       User: 1      581    0.41%
      0     0      697.2083    57      700.0000   ZeroHalf: 3      593    0.40%
      0     0      697.3734    77      700.0000   ZeroHalf: 3      607    0.38%
      0     0      697.4559    80      700.0000       Cuts: 9      622    0.36%
      0     0      697.5000    16      700.0000       Cuts: 3      633    0.36%
      0     0      697.5556    56      700.0000       Cuts: 3      644    0.35%
      0     0      697.7000    37      700.0000       Cuts: 7      685    0.33%
      0     0      697.7030    74      700.0000   ZeroHalf: 4      693    0.33%
      0     0      697.7284    76      700.0000       Cuts: 4      701    0.32%
      0     2      698.0000    14      700.0000      698.5000      702    0.21%                        0             0
Elapsed time = 0.25 sec. (298.03 ticks, tree = 0.01 MB, solutions = 1)

Zero-half cuts applied:  26
Gomory fractional cuts applied:  1
User cuts applied:  431

Root node processing (before b&c):
  Real time             =    0.25 sec. (291.83 ticks)
Sequential b&c:
  Real time             =    0.06 sec. (25.32 ticks)
                          ------------
Total (root+branch&cut) =    0.31 sec. (317.14 ticks)

