Version identifier: 22.1.0.0 | 2022-03-09 | 1a383f8ce
CPXPARAM_Preprocessing_Reduce                    1
CPXPARAM_Threads                                 1
CPXPARAM_Preprocessing_Reformulations            0
CPXPARAM_Emphasis_MIP                            2
CPXPARAM_MIP_Limits_CutPasses                    300
CPXPARAM_TimeLimit                               10800
CPXPARAM_MIP_Limits_TreeMemory                   20000
Legacy callback                                  BbLUID
         Disabling repeat represolve because of lazy constraint/incumbent callback.
1 of 1 MIP starts provided solutions.
MIP start 'm1' defined initial solution with objective 670.0000.
Tried aggregator 2 times.
MIP Presolve eliminated 3759 rows and 0 columns.
MIP Presolve modified 523 coefficients.
Aggregator did 4 substitutions.
Reduced MIP has 722 rows, 2215 columns, and 8836 nonzeros.
Reduced MIP has 2215 binaries, 0 generals, 0 SOSs, and 0 indicators.
Presolve time = 0.00 sec. (7.98 ticks)
Probing time = 0.00 sec. (2.52 ticks)
Clique table members: 722.
MIP emphasis: optimality.
MIP search method: traditional branch-and-cut.
Parallel mode: none, using 1 thread.
Root relaxation solution time = 0.00 sec. (2.68 ticks)

        Nodes                                         Cuts/
   Node  Left     Objective  IInf  Best Integer    Best Bound    ItCnt     Gap         Variable B NodeID Parent  Depth

*     0+    0                          670.0000       44.0000            93.43%
      0     0      588.5000    16      670.0000      588.5000      148   12.16%
      0     0      619.0000    28      670.0000     Cuts: 121      186    7.61%
      0     0      645.6000    79      670.0000      Cuts: 81      224    3.64%
      0     0      647.5000    96      670.0000      Cuts: 39      245    3.36%
      0     0      650.2500   101      670.0000      Cuts: 14      265    2.95%
      0     0      652.2500    83      670.0000      Cuts: 12      287    2.65%
      0     0      652.6667    76      670.0000      Cuts: 22      297    2.59%
      0     0      653.0000    50      670.0000      Cuts: 11      309    2.54%
      0     0      654.0000    56      670.0000      Cuts: 14      320    2.39%
      0     0      656.0000    34      670.0000       Cuts: 5      324    2.09%
      0     0      657.5000    58      670.0000       Cuts: 2      333    1.87%
      0     0      659.0000    56      670.0000      Cuts: 10      336    1.64%
      0     0      660.2727    47      670.0000      Cuts: 10      356    1.45%
      0     0      663.5000    58      670.0000      Cuts: 17      370    0.97%
      0     0      664.2500    71      670.0000       Cuts: 7      383    0.86%
      0     0      665.0000    67      670.0000      Cuts: 17      395    0.75%
      0     0      665.0000    62      670.0000      Cuts: 15      399    0.75%
      0     0      666.0000    24      670.0000      Cuts: 13      405    0.60%
      0     0      666.0000    52      670.0000       Cuts: 8      413    0.60%
      0     0      666.5000    16      670.0000      Cuts: 15      427    0.52%
      0     0      666.5000    18      670.0000   ZeroHalf: 1      431    0.52%
      0     0      666.5000    18      670.0000   ZeroHalf: 1      432    0.52%
      0     0      666.5714    64      670.0000   ZeroHalf: 3      436    0.51%
      0     0      666.8000    29      670.0000       Cuts: 7      450    0.48%
      0     0      667.0000    29      670.0000   ZeroHalf: 5      454    0.45%
      0     0      667.0000    23      670.0000   ZeroHalf: 5      456    0.45%
      0     0      667.0000    69      670.0000       Cuts: 5      465    0.45%
      0     0      667.0000    67      670.0000   ZeroHalf: 6      470    0.45%
      0     0      667.0000    50      670.0000   ZeroHalf: 6      479    0.45%
      0     0      667.0000    16      670.0000      Cuts: 15      486    0.45%
      0     0      667.0000    19      670.0000   ZeroHalf: 2      489    0.45%
      0     0      667.0000    18      670.0000      Cuts: 11      491    0.45%
      0     0      667.0408    65      670.0000  ZeroHalf: 13      499    0.44%
      0     0      667.0714    58      670.0000   ZeroHalf: 5      506    0.44%
      0     0      667.0938    66      670.0000   ZeroHalf: 3      512    0.43%
      0     0      667.1600    61      670.0000   ZeroHalf: 2      521    0.42%
      0     0      667.2000    59      670.0000   ZeroHalf: 3      527    0.42%
      0     0      667.2000    74      670.0000      Cuts: 15      533    0.42%
      0     0      667.2222    41      670.0000   ZeroHalf: 5      540    0.41%
      0     0      667.3000    67      670.0000   ZeroHalf: 3      550    0.40%
      0     0      667.3750    49      670.0000   ZeroHalf: 4      556    0.39%
      0     0      667.4444    46      670.0000   ZeroHalf: 4      563    0.38%
      0     0      667.4651    47      670.0000       Cuts: 8      570    0.38%
      0     0      667.5000    81      670.0000      Cuts: 10      575    0.37%
      0     0      667.6667    57      670.0000   ZeroHalf: 9      590    0.35%
      0     0      667.7500    65      670.0000   ZeroHalf: 4      601    0.34%
      0     0      667.7500    58      670.0000   ZeroHalf: 2      602    0.34%
      0     0      667.7500    65      670.0000   ZeroHalf: 3      609    0.34%
      0     0      667.7755    86      670.0000   ZeroHalf: 3      620    0.33%
      0     0      667.9545    71      670.0000   ZeroHalf: 2      641    0.31%
      0     0      667.9701    74      670.0000       Cuts: 2      656    0.30%
      0     0      667.9701    86      670.0000   ZeroHalf: 1      657    0.30%
      0     1      668.0000    24      670.0000      668.0000      659    0.30%                        0             0
Elapsed time = 0.39 sec. (496.55 ticks, tree = 0.01 MB, solutions = 1)

Zero-half cuts applied:  67
Gomory fractional cuts applied:  1
User cuts applied:  434

Root node processing (before b&c):
  Real time             =    0.38 sec. (487.79 ticks)
Sequential b&c:
  Real time             =    0.25 sec. (155.52 ticks)
                          ------------
Total (root+branch&cut) =    0.63 sec. (643.31 ticks)

