Version identifier: 22.1.0.0 | 2022-03-09 | 1a383f8ce
CPXPARAM_Preprocessing_Reduce                    1
CPXPARAM_Threads                                 1
CPXPARAM_Preprocessing_Reformulations            0
CPXPARAM_Emphasis_MIP                            2
CPXPARAM_MIP_Limits_CutPasses                    300
CPXPARAM_TimeLimit                               10800
CPXPARAM_MIP_Limits_TreeMemory                   20000
Legacy callback                                  BbLUID
         Disabling repeat represolve because of lazy constraint/incumbent callback.
1 of 1 MIP starts provided solutions.
MIP start 'm1' defined initial solution with objective 582.0000.
Tried aggregator 1 time.
MIP Presolve eliminated 12584 rows and 0 columns.
MIP Presolve modified 822 coefficients.
Reduced MIP has 1024 rows, 4391 columns, and 21056 nonzeros.
Reduced MIP has 4391 binaries, 0 generals, 0 SOSs, and 0 indicators.
Presolve time = 0.01 sec. (23.22 ticks)
Probing time = 0.00 sec. (3.20 ticks)
Clique table members: 1024.
MIP emphasis: optimality.
MIP search method: traditional branch-and-cut.
Parallel mode: none, using 1 thread.
Root relaxation solution time = 0.00 sec. (4.49 ticks)

        Nodes                                         Cuts/
   Node  Left     Objective  IInf  Best Integer    Best Bound    ItCnt     Gap         Variable B NodeID Parent  Depth

*     0+    0                          582.0000        0.0000           100.00%
      0     0      516.0000    34      582.0000      413.0000      149   29.04%
      0     0      519.5000    64      582.0000      Cuts: 33      173   10.74%
      0     0      526.5000    28      582.0000      Cuts: 31      219    9.54%
      0     0      527.0000    52      582.0000      Cuts: 41      226    9.45%
      0     0      527.7500    38      582.0000      Cuts: 21      243    9.32%
      0     0      531.0000    46      582.0000      Cuts: 22      255    8.76%
      0     0      531.3333   102      582.0000       Cuts: 7      274    8.71%
      0     0      531.5000    94      582.0000       Cuts: 3      279    8.68%
      0     0      533.5000    46      582.0000       User: 1      287    8.33%
      0     0      533.8333   121      582.0000      Cuts: 10      303    8.28%
      0     0      534.2500   114      582.0000       Cuts: 4      311    8.20%
      0     0      534.5000   119      582.0000       User: 1      315    8.16%
      0     0      534.5000   107      582.0000       Cuts: 3      316    8.16%
      0     0      534.5000    86      582.0000       User: 4      317    8.16%
      0     0      534.5000    80      582.0000       User: 1      321    8.16%
      0     0      535.2500   119      582.0000       Cuts: 2      335    8.03%
      0     0      537.0000    85      582.0000       User: 2      352    7.73%
      0     0      537.0000    86      582.0000       Cuts: 6      357    7.73%
      0     0      537.5000    92      582.0000       Cuts: 3      374    7.65%
      0     0      537.5000    86      582.0000       Cuts: 5      380    7.65%
      0     0      538.6429    61      582.0000       Cuts: 6      407    7.45%
      0     0      538.6875    67      582.0000       Cuts: 7      417    7.44%
      0     0      538.8333    62      582.0000       Cuts: 4      421    7.42%
      0     0      540.0588   132      582.0000       Cuts: 2      446    7.21%
      0     0      540.0857   143      582.0000       Cuts: 7      451    7.20%
      0     0      540.3556   145      582.0000       User: 6      457    7.16%
      0     0      540.3556   147      582.0000       User: 3      459    7.16%
      0     0      542.0000    26      582.0000       User: 6      492    6.87%
      0     0      552.0000     8      582.0000       Cuts: 2      543    5.15%
      0     0      554.3333   161      582.0000      Cuts: 22      579    4.75%
      0     0      554.8333   123      582.0000       Cuts: 6      605    4.67%
      0     0      555.5000   190      582.0000      Cuts: 16      663    4.55%
      0     0      555.7500   161      582.0000       Cuts: 6      683    4.51%
      0     0      556.4286   161      582.0000       Cuts: 4      711    4.39%
      0     0      556.7500   159      582.0000       Cuts: 6      723    4.34%
      0     0      557.0000    22      582.0000       Cuts: 7      746    4.30%
      0     0      558.6667   163      582.0000       Cuts: 5      784    4.01%
      0     0      559.8968   177      582.0000       Cuts: 5      817    3.80%
      0     0      562.3333   149      582.0000       Cuts: 8      855    3.38%
      0     0      562.7963   197      582.0000       Cuts: 8      883    3.30%
      0     0      563.2481   178      582.0000       Cuts: 6      901    3.22%
      0     0      565.6667   154      582.0000       Cuts: 6      926    2.81%
      0     0      567.2727   180      582.0000      Cuts: 15      978    2.53%
      0     0      567.9002   193      582.0000       Cuts: 8     1002    2.42%
      0     0      568.3684   213      582.0000       Cuts: 6     1024    2.34%
      0     0      568.4165   221      582.0000       Cuts: 4     1042    2.33%
      0     0      568.4165   216      582.0000       Cuts: 5     1048    2.33%
      0     0      568.4165   218      582.0000       Cuts: 3     1053    2.33%
      0     0      568.9565   249      582.0000       Cuts: 2     1086    2.24%
      0     0      569.4598   254      582.0000       Cuts: 8     1118    2.15%
      0     0      569.8114   265      582.0000       Cuts: 5     1156    2.09%
      0     0      570.5571   234      582.0000       Cuts: 7     1193    1.97%
      0     0      571.4000   232      582.0000       Cuts: 5     1233    1.82%
      0     0      571.6557   263      582.0000       Cuts: 5     1278    1.78%
      0     0      571.7000   227      582.0000       Cuts: 4     1311    1.77%
      0     0      571.9671   258      582.0000       Cuts: 4     1343    1.72%
      0     0      572.5833    86      582.0000       Cuts: 3     1365    1.62%
      0     0      572.7200   247      582.0000      Cuts: 14     1396    1.59%
      0     0      572.8205   254      582.0000   ZeroHalf: 3     1410    1.58%
      0     0      573.9251   236      582.0000       Cuts: 2     1525    1.39%
      0     0      574.5370   254      582.0000      Cuts: 10     1581    1.28%
      0     0      574.8889   261      582.0000      Cuts: 13     1621    1.22%
      0     0      574.9545   224      582.0000       Cuts: 9     1648    1.21%
      0     0      575.1406   226      582.0000      Cuts: 20     1679    1.18%
      0     0      575.2557   259      582.0000       Cuts: 5     1724    1.16%
      0     0      575.4167   249      582.0000       Cuts: 4     1772    1.13%
      0     0      575.4245   247      582.0000       User: 2     1781    1.13%
      0     0      575.5823   263      582.0000       Cuts: 6     1812    1.10%
      0     0      575.6229   254      582.0000       Cuts: 3     1821    1.10%
      0     0      575.6229   253      582.0000       Cuts: 3     1826    1.10%
      0     0      575.8542   243      582.0000       Cuts: 2     1858    1.06%
      0     0      576.1577   257      582.0000       Cuts: 9     1888    1.00%
      0     0      576.2396   257      582.0000      Cuts: 12     1910    0.99%
      0     0      576.2476   248      582.0000   ZeroHalf: 2     1914    0.99%
      0     0      576.4163   280      582.0000       Cuts: 5     1960    0.96%
      0     0      576.4526   236      582.0000       Cuts: 2     1970    0.95%
      0     0      576.4663   245      582.0000       Cuts: 7     1989    0.95%
      0     0      576.5004   263      582.0000       Cuts: 6     2017    0.94%
      0     0      576.5004   262      582.0000   ZeroHalf: 2     2030    0.94%
      0     0      576.5004   261      582.0000   ZeroHalf: 4     2037    0.94%
      0     2      576.5004   261      582.0000      576.5191     2037    0.94%                        0             0
Elapsed time = 1.17 sec. (1989.77 ticks, tree = 0.01 MB, solutions = 1)
      1     2      578.6973   270      582.0000      577.8296     2186    0.72%          x60_41 N      1      0      1
      2     3      579.2396   212      582.0000      577.8296     2268    0.72%          x41_63 N      2      1      2
      9     2      579.2396   218      582.0000      579.2396     2598    0.47%           x17_8 N      9      2      3

Clique cuts applied:  1
Zero-half cuts applied:  44
User cuts applied:  663

Root node processing (before b&c):
  Real time             =    1.17 sec. (1987.33 ticks)
Sequential b&c:
  Real time             =    0.89 sec. (1524.81 ticks)
                          ------------
Total (root+branch&cut) =    2.06 sec. (3512.15 ticks)

