Version identifier: 22.1.0.0 | 2022-03-09 | 1a383f8ce
CPXPARAM_Preprocessing_Reduce                    1
CPXPARAM_Threads                                 1
CPXPARAM_Preprocessing_Reformulations            0
CPXPARAM_Emphasis_MIP                            2
CPXPARAM_MIP_Limits_CutPasses                    300
CPXPARAM_TimeLimit                               10800
CPXPARAM_MIP_Limits_TreeMemory                   20000
Legacy callback                                  BbLUID
         Disabling repeat represolve because of lazy constraint/incumbent callback.
1 of 1 MIP starts provided solutions.
MIP start 'm1' defined initial solution with objective 203.0000.
Tried aggregator 1 time.
MIP Presolve eliminated 346 rows and 0 columns.
MIP Presolve modified 64 coefficients.
Reduced MIP has 106 rows, 373 columns, and 1250 nonzeros.
Reduced MIP has 373 binaries, 0 generals, 0 SOSs, and 0 indicators.
Presolve time = 0.00 sec. (0.75 ticks)
Probing time = 0.00 sec. (0.71 ticks)
Clique table members: 106.
MIP emphasis: optimality.
MIP search method: traditional branch-and-cut.
Parallel mode: none, using 1 thread.
Root relaxation solution time = 0.00 sec. (0.26 ticks)

        Nodes                                         Cuts/
   Node  Left     Objective  IInf  Best Integer    Best Bound    ItCnt     Gap         Variable B NodeID Parent  Depth

*     0+    0                          203.0000        0.0000           100.00%
      0     0      189.0000    22      203.0000      163.0000       30   19.70%
      0     0      192.0000    20      203.0000       Cuts: 7       39    5.42%
      0     0      193.0000    18      203.0000       Cuts: 6       42    4.93%
      0     0      193.0000    20      203.0000   ZeroHalf: 2       45    4.93%
      0     0      193.5000    20      203.0000   ZeroHalf: 2       53    4.68%
      0     0      194.6296    57      203.0000   ZeroHalf: 3       77    4.12%
      0     0      195.3617    56      203.0000       Cuts: 4       96    3.76%
      0     0      195.6279    57      203.0000       Cuts: 5      111    3.63%
      0     0      196.2045    59      203.0000       Cuts: 5      128    3.35%
      0     0      196.8713    59      203.0000       Cuts: 7      144    3.02%
      0     0      197.3125    53      203.0000       Cuts: 5      162    2.80%
      0     0      197.6667    42      203.0000       Cuts: 3      176    2.63%
      0     0      198.0000    45      203.0000       Cuts: 6      191    2.46%
      0     0      198.0000    32      203.0000   ZeroHalf: 2      199    2.46%
      0     0      198.0000    45      203.0000       Cuts: 5      200    2.46%
      0     0      198.1429    52      203.0000   ZeroHalf: 1      203    2.39%
      0     0      198.2857    55      203.0000       Cuts: 4      211    2.32%
      0     0      198.6636    61      203.0000   ZeroHalf: 8      220    2.14%
      0     0      198.8889    48      203.0000   ZeroHalf: 2      230    2.03%
      0     0      199.0082    57      203.0000       Cuts: 3      239    1.97%
      0     0      199.1047    57      203.0000       Cuts: 7      243    1.92%
      0     0      199.1071    60      203.0000       Cuts: 2      246    1.92%
      0     0      199.1818    53      203.0000       Cuts: 2      253    1.88%
      0     0      199.2333    60      203.0000   ZeroHalf: 5      261    1.86%
      0     0      199.3235    61      203.0000   ZeroHalf: 2      270    1.81%
      0     0      199.3793    51      203.0000       Cuts: 4      280    1.78%
      0     0      199.5000    46      203.0000       Cuts: 6      290    1.72%
      0     0      199.8750    56      203.0000   ZeroHalf: 8      304    1.54%
      0     0      200.0000    60      203.0000   ZeroHalf: 4      320    1.48%
      0     0      200.2000    57      203.0000   ZeroHalf: 4      339    1.38%
      0     0      200.5000    56      203.0000   ZeroHalf: 6      350    1.23%
      0     0      200.7500    47      203.0000   ZeroHalf: 3      369    1.11%
      0     0      201.0000    28      203.0000       Cuts: 7      381    0.99%
      0     0      201.0250    58      203.0000       Cuts: 3      384    0.97%
      0     0      201.0444    61      203.0000       Cuts: 5      388    0.96%
      0     0      201.1667    46      203.0000       Cuts: 7      401    0.90%
      0     0      201.2500    57      203.0000      Cuts: 11      411    0.86%
      0     0      201.2738    62      203.0000   ZeroHalf: 4      419    0.85%
      0     0      201.4000    53      203.0000       Cuts: 2      428    0.79%
      0     0      201.8000    53      203.0000  ZeroHalf: 10      436    0.59%
      0     0      201.8261    57      203.0000   ZeroHalf: 4      442    0.58%
      0     0      201.8400    57      203.0000   ZeroHalf: 3      446    0.57%
      0     0      201.8889    58      203.0000   ZeroHalf: 4      457    0.55%
      0     0      202.0000    57      203.0000       Cuts: 5      466    0.49%
      0     0        cutoff            203.0000                    471    0.00%                        0             0
Elapsed time = 0.09 sec. (98.72 ticks, tree = 0.01 MB, solutions = 1)

Zero-half cuts applied:  18
User cuts applied:  73

Root node processing (before b&c):
  Real time             =    0.09 sec. (98.72 ticks)
Sequential b&c:
  Real time             =    0.00 sec. (0.00 ticks)
                          ------------
Total (root+branch&cut) =    0.09 sec. (98.72 ticks)

