Version identifier: 22.1.0.0 | 2022-03-09 | 1a383f8ce
CPXPARAM_Preprocessing_Reduce                    1
CPXPARAM_Threads                                 1
CPXPARAM_Preprocessing_Reformulations            0
CPXPARAM_Emphasis_MIP                            2
CPXPARAM_MIP_Limits_CutPasses                    300
CPXPARAM_TimeLimit                               10800
CPXPARAM_MIP_Limits_TreeMemory                   20000
Legacy callback                                  BbLUID
         Disabling repeat represolve because of lazy constraint/incumbent callback.
1 of 1 MIP starts provided solutions.
MIP start 'm1' defined initial solution with objective 255.0000.
Tried aggregator 1 time.
MIP Presolve eliminated 250 rows and 0 columns.
MIP Presolve modified 49 coefficients.
Reduced MIP has 91 rows, 306 columns, and 968 nonzeros.
Reduced MIP has 306 binaries, 0 generals, 0 SOSs, and 0 indicators.
Presolve time = 0.00 sec. (0.57 ticks)
Probing time = 0.00 sec. (0.53 ticks)
Clique table members: 91.
MIP emphasis: optimality.
MIP search method: traditional branch-and-cut.
Parallel mode: none, using 1 thread.
Root relaxation solution time = 0.00 sec. (0.25 ticks)

        Nodes                                         Cuts/
   Node  Left     Objective  IInf  Best Integer    Best Bound    ItCnt     Gap         Variable B NodeID Parent  Depth

*     0+    0                          255.0000        0.0000           100.00%
      0     0      245.5000    16      255.0000      183.0000       28   28.24%
      0     0      248.4444    45      255.0000       Cuts: 7       30    2.57%
      0     0      249.5000    10      255.0000      Cuts: 15       40    2.16%
      0     0      250.9000    39      255.0000      Cuts: 10       60    1.61%
      0     0      251.3000    41      255.0000   ZeroHalf: 7       63    1.45%
      0     0      251.4286    36      255.0000   ZeroHalf: 9       72    1.40%
      0     0      251.4545    48      255.0000   ZeroHalf: 8       75    1.39%
      0     0      251.5758    56      255.0000  ZeroHalf: 12       87    1.34%
      0     0      251.8226    41      255.0000   ZeroHalf: 7      101    1.25%
      0     0      251.8323    51      255.0000   ZeroHalf: 4      107    1.24%
      0     0      251.8936    47      255.0000       Cuts: 7      118    1.22%
      0     0      251.9444    51      255.0000   ZeroHalf: 8      132    1.20%
      0     0      252.0227    47      255.0000   ZeroHalf: 3      140    1.17%
      0     0      252.0435    53      255.0000   ZeroHalf: 3      146    1.16%
      0     0      252.1562    48      255.0000   ZeroHalf: 5      159    1.12%
      0     0      252.3333    41      255.0000   ZeroHalf: 2      166    1.05%
      0     0      252.3645    50      255.0000  ZeroHalf: 11      177    1.03%
      0     0      252.3750    45      255.0000   ZeroHalf: 2      185    1.03%
      0     0      252.4028    48      255.0000   ZeroHalf: 2      200    1.02%
      0     0      252.4375    49      255.0000   ZeroHalf: 3      210    1.00%
      0     0      252.4718    47      255.0000       Cuts: 3      222    0.99%
      0     0      252.4932    51      255.0000   ZeroHalf: 1      229    0.98%
      0     0      252.5115    54      255.0000   ZeroHalf: 1      234    0.98%
      0     0      252.5174    54      255.0000   ZeroHalf: 2      240    0.97%
      0     0      252.6054    48      255.0000   ZeroHalf: 3      253    0.94%
      0     0      252.6119    48      255.0000       Cuts: 2      257    0.94%
      0     0      252.6270    56      255.0000   ZeroHalf: 1      262    0.93%
      0     0      252.6415    57      255.0000   ZeroHalf: 1      267    0.92%
      0     0      252.6504    57      255.0000       Cuts: 6      275    0.92%
      0     0      252.6786    56      255.0000   ZeroHalf: 1      291    0.91%
      0     0      252.7138    50      255.0000   ZeroHalf: 2      300    0.90%
      0     0      252.7500    45      255.0000       Cuts: 3      311    0.88%
      0     0      252.7500    52      255.0000   ZeroHalf: 4      319    0.88%
      0     0      252.7500    52      255.0000   ZeroHalf: 1      322    0.88%
      0     0      252.7500    36      255.0000   ZeroHalf: 5      334    0.88%
      0     0      252.7755    52      255.0000   ZeroHalf: 4      345    0.87%
      0     2      253.0000    16      255.0000      253.0000      355    0.78%                        0             0
Elapsed time = 0.10 sec. (115.66 ticks, tree = 0.01 MB, solutions = 1)

Zero-half cuts applied:  18
User cuts applied:  97

Root node processing (before b&c):
  Real time             =    0.10 sec. (114.73 ticks)
Sequential b&c:
  Real time             =    0.01 sec. (13.22 ticks)
                          ------------
Total (root+branch&cut) =    0.11 sec. (127.95 ticks)

