Version identifier: 22.1.0.0 | 2022-03-09 | 1a383f8ce
CPXPARAM_Preprocessing_Reduce                    1
CPXPARAM_Threads                                 1
CPXPARAM_Preprocessing_Reformulations            0
CPXPARAM_Emphasis_MIP                            2
CPXPARAM_MIP_Limits_CutPasses                    300
CPXPARAM_TimeLimit                               10800
CPXPARAM_MIP_Limits_TreeMemory                   20000
Legacy callback                                  BbLUID
         Disabling repeat represolve because of lazy constraint/incumbent callback.
1 of 1 MIP starts provided solutions.
MIP start 'm1' defined initial solution with objective 193.0000.
Tried aggregator 1 time.
MIP Presolve eliminated 289 rows and 0 columns.
MIP Presolve modified 65 coefficients.
Reduced MIP has 107 rows, 358 columns, and 1137 nonzeros.
Reduced MIP has 358 binaries, 0 generals, 0 SOSs, and 0 indicators.
Presolve time = 0.00 sec. (0.67 ticks)
Probing time = 0.00 sec. (0.68 ticks)
Clique table members: 107.
MIP emphasis: optimality.
MIP search method: traditional branch-and-cut.
Parallel mode: none, using 1 thread.
Root relaxation solution time = 0.00 sec. (0.24 ticks)

        Nodes                                         Cuts/
   Node  Left     Objective  IInf  Best Integer    Best Bound    ItCnt     Gap         Variable B NodeID Parent  Depth

*     0+    0                          193.0000        0.0000           100.00%
      0     0      169.0000    26      193.0000      147.0000       12   23.83%
      0     0      172.5000    32      193.0000       Cuts: 6       27   10.62%
      0     0      176.6667    42      193.0000      Cuts: 12       39    8.46%
      0     0      179.0000     8      193.0000      Cuts: 10       49    7.25%
      0     0      187.0000    47      193.0000       Cuts: 7       63    3.11%
      0     0      188.6000    41      193.0000      Cuts: 12       64    2.28%
      0     0      189.0000    39      193.0000       Cuts: 5       66    2.07%
      0     0      189.5000    38      193.0000       Cuts: 5       70    1.81%
      0     0      189.8750    50      193.0000       Cuts: 5       79    1.62%
      0     0      190.1667    52      193.0000       Cuts: 5       84    1.47%
      0     0      190.6667    45      193.0000       Cuts: 4       98    1.21%
      0     0      190.8947    58      193.0000       Cuts: 7      107    1.09%
      0     0      191.3333    37      193.0000       Cuts: 4      108    0.86%
      0     0      191.3333    42      193.0000      Cuts: 12      110    0.86%
      0     0        cutoff            193.0000                    116    0.00%                        0             0
Elapsed time = 0.03 sec. (29.65 ticks, tree = 0.01 MB, solutions = 1)

Zero-half cuts applied:  18
Gomory fractional cuts applied:  1
User cuts applied:  65

Root node processing (before b&c):
  Real time             =    0.03 sec. (29.65 ticks)
Sequential b&c:
  Real time             =    0.00 sec. (0.00 ticks)
                          ------------
Total (root+branch&cut) =    0.03 sec. (29.65 ticks)

