Version identifier: 22.1.0.0 | 2022-03-09 | 1a383f8ce
CPXPARAM_Preprocessing_Reduce                    1
CPXPARAM_Threads                                 1
CPXPARAM_Preprocessing_Reformulations            0
CPXPARAM_Emphasis_MIP                            2
CPXPARAM_MIP_Limits_CutPasses                    300
CPXPARAM_TimeLimit                               10800
CPXPARAM_MIP_Limits_TreeMemory                   20000
Legacy callback                                  BbLUID
         Disabling repeat represolve because of lazy constraint/incumbent callback.
1 of 1 MIP starts provided solutions.
MIP start 'm1' defined initial solution with objective 245.0000.
Tried aggregator 1 time.
MIP Presolve eliminated 327 rows and 0 columns.
MIP Presolve modified 65 coefficients.
Reduced MIP has 107 rows, 303 columns, and 1053 nonzeros.
Reduced MIP has 303 binaries, 0 generals, 0 SOSs, and 0 indicators.
Presolve time = 0.00 sec. (0.69 ticks)
Probing time = 0.00 sec. (0.53 ticks)
Clique table members: 107.
MIP emphasis: optimality.
MIP search method: traditional branch-and-cut.
Parallel mode: none, using 1 thread.
Root relaxation solution time = 0.00 sec. (0.28 ticks)

        Nodes                                         Cuts/
   Node  Left     Objective  IInf  Best Integer    Best Bound    ItCnt     Gap         Variable B NodeID Parent  Depth

*     0+    0                          245.0000        0.0000           100.00%
      0     0      189.5000    10      245.0000      189.5000       30   22.65%
      0     2      226.0000    16      245.0000      226.5000       30    7.55%                        0             0
Elapsed time = 0.01 sec. (9.43 ticks, tree = 0.01 MB, solutions = 1)

User cuts applied:  80

Root node processing (before b&c):
  Real time             =    0.01 sec. (9.38 ticks)
Sequential b&c:
  Real time             =    0.01 sec. (15.29 ticks)
                          ------------
Total (root+branch&cut) =    0.02 sec. (24.67 ticks)

