Version identifier: 22.1.0.0 | 2022-03-09 | 1a383f8ce
CPXPARAM_Preprocessing_Reduce                    1
CPXPARAM_Threads                                 1
CPXPARAM_Preprocessing_Reformulations            0
CPXPARAM_Emphasis_MIP                            2
CPXPARAM_MIP_Limits_CutPasses                    300
CPXPARAM_TimeLimit                               10800
CPXPARAM_MIP_Limits_TreeMemory                   20000
Legacy callback                                  BbLUID
         Disabling repeat represolve because of lazy constraint/incumbent callback.
1 of 1 MIP starts provided solutions.
MIP start 'm1' defined initial solution with objective 293.0000.
Tried aggregator 1 time.
MIP Presolve eliminated 322 rows and 0 columns.
MIP Presolve modified 76 coefficients.
Reduced MIP has 118 rows, 337 columns, and 1153 nonzeros.
Reduced MIP has 337 binaries, 0 generals, 0 SOSs, and 0 indicators.
Presolve time = 0.00 sec. (0.74 ticks)
Probing time = 0.00 sec. (0.63 ticks)
Clique table members: 118.
MIP emphasis: optimality.
MIP search method: traditional branch-and-cut.
Parallel mode: none, using 1 thread.
Root relaxation solution time = 0.00 sec. (0.26 ticks)

        Nodes                                         Cuts/
   Node  Left     Objective  IInf  Best Integer    Best Bound    ItCnt     Gap         Variable B NodeID Parent  Depth

*     0+    0                          293.0000        0.0000           100.00%
      0     0      222.0000    18      293.0000      184.0000       15   37.20%
      0     0      246.2000    50      293.0000       Cuts: 9       26   15.97%
      0     0      251.5000    40      293.0000       Cuts: 3       34   14.16%
      0     0      254.5000    41      293.0000      Cuts: 10       50   13.14%
      0     0      255.0000    22      293.0000      Cuts: 11       57   12.97%
      0     0      259.4000    55      293.0000      Cuts: 12       74   11.47%
      0     0      260.1000    64      293.0000       Cuts: 9       89   11.23%
      0     0      261.0000    38      293.0000       Cuts: 6      105   10.92%
      0     0      261.4878    65      293.0000       Cuts: 3      117   10.76%
      0     0      262.1500    58      293.0000       Cuts: 3      137   10.53%
      0     0      262.5417    64      293.0000       Cuts: 4      146   10.40%
      0     0      265.9545    57      293.0000       User: 1      176    9.23%
      0     0      266.4186    67      293.0000       Cuts: 4      183    9.07%
      0     0      268.0000    60      293.0000       Cuts: 7      196    8.53%
      0     0      270.5263    57      293.0000       Cuts: 9      218    7.67%
      0     0      271.5449    61      293.0000       Cuts: 5      235    7.32%
      0     0      276.8333    59      293.0000      Cuts: 10      282    5.52%
      0     0      277.0000    61      293.0000       Cuts: 7      287    5.46%
      0     0      277.4839    63      293.0000       Cuts: 9      304    5.30%
      0     0      277.8000    68      293.0000       Cuts: 5      320    5.19%
      0     0      277.9500    71      293.0000       Cuts: 4      329    5.14%
      0     0      278.0833    62      293.0000       Cuts: 4      338    5.09%
      0     0      278.2603    72      293.0000       Cuts: 7      351    5.03%
      0     0      278.6757    63      293.0000       Cuts: 5      370    4.89%
      0     0      279.0103    70      293.0000   ZeroHalf: 3      391    4.77%
      0     0      279.0597    70      293.0000       Cuts: 4      403    4.76%
      0     0      279.1964    68      293.0000   ZeroHalf: 1      419    4.71%
      0     0      279.3088    68      293.0000   ZeroHalf: 2      438    4.67%
      0     0      279.3588    70      293.0000   ZeroHalf: 3      451    4.66%
      0     0      279.3761    67      293.0000   ZeroHalf: 2      458    4.65%
      0     0      279.3843    73      293.0000   ZeroHalf: 1      467    4.65%
      0     0      279.3928    72      293.0000   ZeroHalf: 1      473    4.64%
      0     0      279.4231    71      293.0000   ZeroHalf: 1      482    4.63%
      0     0      279.4233    72      293.0000       User: 1      483    4.63%
      0     0      279.4310    70      293.0000   ZeroHalf: 1      490    4.63%
      0     2      279.7778    57      293.0000      279.9000      490    4.47%                        0             0
Elapsed time = 0.14 sec. (205.57 ticks, tree = 0.01 MB, solutions = 1)

Zero-half cuts applied:  19
User cuts applied:  157

Root node processing (before b&c):
  Real time             =    0.14 sec. (205.47 ticks)
Sequential b&c:
  Real time             =    0.12 sec. (124.13 ticks)
                          ------------
Total (root+branch&cut) =    0.26 sec. (329.61 ticks)

