Version identifier: 22.1.0.0 | 2022-03-09 | 1a383f8ce
CPXPARAM_Preprocessing_Reduce                    1
CPXPARAM_Threads                                 1
CPXPARAM_Preprocessing_Reformulations            0
CPXPARAM_Emphasis_MIP                            2
CPXPARAM_MIP_Limits_CutPasses                    300
CPXPARAM_TimeLimit                               10800
CPXPARAM_MIP_Limits_TreeMemory                   20000
Legacy callback                                  BbLUID
         Disabling repeat represolve because of lazy constraint/incumbent callback.
1 of 1 MIP starts provided solutions.
MIP start 'm1' defined initial solution with objective 227.0000.
Tried aggregator 1 time.
MIP Presolve eliminated 293 rows and 0 columns.
MIP Presolve modified 66 coefficients.
Reduced MIP has 108 rows, 363 columns, and 1191 nonzeros.
Reduced MIP has 363 binaries, 0 generals, 0 SOSs, and 0 indicators.
Presolve time = 0.00 sec. (0.69 ticks)
Probing time = 0.00 sec. (0.68 ticks)
Clique table members: 108.
MIP emphasis: optimality.
MIP search method: traditional branch-and-cut.
Parallel mode: none, using 1 thread.
Root relaxation solution time = 0.00 sec. (0.27 ticks)

        Nodes                                         Cuts/
   Node  Left     Objective  IInf  Best Integer    Best Bound    ItCnt     Gap         Variable B NodeID Parent  Depth

*     0+    0                          227.0000        0.0000           100.00%
      0     0      216.6667    28      227.0000      198.0000       37   12.78%
      0     0      218.2500    31      227.0000       Cuts: 7       40    3.85%
      0     0      219.8333    44      227.0000       Cuts: 8       59    3.16%
      0     0      220.0000    46      227.0000       Cuts: 9       65    3.08%
      0     0      220.0000    42      227.0000       Cuts: 5       70    3.08%
      0     0      220.2308    55      227.0000       Cuts: 6       76    2.98%
      0     0      221.4167    43      227.0000      Cuts: 12       85    2.46%
      0     0      221.4583    47      227.0000       Cuts: 8       91    2.44%
      0     0      222.5000    49      227.0000       Cuts: 8      113    1.98%
      0     0        cutoff            227.0000                    127    0.00%                        0             0
Elapsed time = 0.02 sec. (21.50 ticks, tree = 0.01 MB, solutions = 1)

Clique cuts applied:  1
Zero-half cuts applied:  5
User cuts applied:  56

Root node processing (before b&c):
  Real time             =    0.02 sec. (21.51 ticks)
Sequential b&c:
  Real time             =    0.00 sec. (0.00 ticks)
                          ------------
Total (root+branch&cut) =    0.02 sec. (21.51 ticks)

