Version identifier: 22.1.0.0 | 2022-03-09 | 1a383f8ce
CPXPARAM_Preprocessing_Reduce                    1
CPXPARAM_Threads                                 1
CPXPARAM_Preprocessing_Reformulations            0
CPXPARAM_Emphasis_MIP                            2
CPXPARAM_MIP_Limits_CutPasses                    300
CPXPARAM_TimeLimit                               10800
CPXPARAM_MIP_Limits_TreeMemory                   20000
Legacy callback                                  BbLUID
         Disabling repeat represolve because of lazy constraint/incumbent callback.
1 of 1 MIP starts provided solutions.
MIP start 'm1' defined initial solution with objective 272.0000.
Tried aggregator 1 time.
MIP Presolve eliminated 265 rows and 0 columns.
MIP Presolve modified 50 coefficients.
Reduced MIP has 92 rows, 279 columns, and 896 nonzeros.
Reduced MIP has 279 binaries, 0 generals, 0 SOSs, and 0 indicators.
Presolve time = 0.00 sec. (0.56 ticks)
Probing time = 0.00 sec. (0.46 ticks)
Clique table members: 92.
MIP emphasis: optimality.
MIP search method: traditional branch-and-cut.
Parallel mode: none, using 1 thread.
Root relaxation solution time = 0.00 sec. (0.25 ticks)

        Nodes                                         Cuts/
   Node  Left     Objective  IInf  Best Integer    Best Bound    ItCnt     Gap         Variable B NodeID Parent  Depth

*     0+    0                          272.0000        0.0000           100.00%
      0     0      237.0000    20      272.0000      219.0000       34   19.49%
      0     0      240.0000    24      272.0000       Cuts: 6       38   11.76%
      0     0      244.0000    27      272.0000       Cuts: 7       41   10.29%
      0     0      248.0000    43      272.0000      Cuts: 15       64    8.82%
      0     0      248.7500    37      272.0000      Cuts: 13       83    8.55%
      0     0      249.4000    36      272.0000       Cuts: 6       95    8.31%
      0     0      250.7500    52      272.0000      Cuts: 15      117    7.81%
      0     0      251.7143    43      272.0000      Cuts: 19      131    7.46%
      0     0      252.5000    58      272.0000      Cuts: 15      148    7.17%
      0     0      252.9444    50      272.0000      Cuts: 10      168    7.01%
      0     0      254.1667    54      272.0000      Cuts: 11      193    6.56%
      0     0      254.4400    58      272.0000       Cuts: 8      201    6.46%
      0     0      255.0588    61      272.0000       Cuts: 5      226    6.23%
      0     0      255.1522    64      272.0000      Cuts: 10      240    6.19%
      0     0      255.5652    66      272.0000       Cuts: 7      274    6.04%
      0     0      255.8857    58      272.0000       Cuts: 3      290    5.92%
      0     0      256.0400    51      272.0000       Cuts: 6      301    5.87%
      0     0      256.4714    62      272.0000       Cuts: 9      317    5.71%
      0     0      256.8636    65      272.0000      Cuts: 17      337    5.56%
      0     0      257.0500    58      272.0000       Cuts: 9      361    5.50%
      0     0      257.0625    53      272.0000       Cuts: 2      374    5.49%
      0     0      257.3333    33      272.0000      Cuts: 12      387    5.39%
      0     0      257.4500    71      272.0000      Cuts: 12      404    5.35%
      0     0      258.3750    50      272.0000      Cuts: 13      444    5.01%
      0     0      258.5610    63      272.0000      Cuts: 10      464    4.94%
      0     0      259.0000    57      272.0000   ZeroHalf: 7      493    4.78%
      0     0      259.0000    32      272.0000   ZeroHalf: 9      521    4.78%
      0     0      259.1667    55      272.0000      Cuts: 13      540    4.72%
      0     0      259.2949    70      272.0000       Cuts: 6      557    4.67%
      0     0      259.3625    70      272.0000   ZeroHalf: 2      568    4.65%
      0     0      259.4194    71      272.0000       Cuts: 4      575    4.63%
      0     0      259.6382    74      272.0000   ZeroHalf: 2      603    4.54%
      0     0      259.7273    59      272.0000   ZeroHalf: 3      614    4.51%
      0     0      259.8125    63      272.0000       Cuts: 4      628    4.48%
      0     0      259.8480    74      272.0000   ZeroHalf: 4      649    4.47%
      0     0      259.8654    74      272.0000   ZeroHalf: 1      664    4.46%
      0     2      259.8654    74      272.0000      259.8654      664    4.46%                        0             0
Elapsed time = 0.12 sec. (146.48 ticks, tree = 0.01 MB, solutions = 1)

Zero-half cuts applied:  23
User cuts applied:  188

Root node processing (before b&c):
  Real time             =    0.12 sec. (146.47 ticks)
Sequential b&c:
  Real time             =    0.21 sec. (193.85 ticks)
                          ------------
Total (root+branch&cut) =    0.33 sec. (340.32 ticks)

