Version identifier: 22.1.0.0 | 2022-03-09 | 1a383f8ce
CPXPARAM_Preprocessing_Reduce                    1
CPXPARAM_Threads                                 1
CPXPARAM_Preprocessing_Reformulations            0
CPXPARAM_Emphasis_MIP                            2
CPXPARAM_MIP_Limits_CutPasses                    300
CPXPARAM_TimeLimit                               10800
CPXPARAM_MIP_Limits_TreeMemory                   20000
Legacy callback                                  BbLUID
         Disabling repeat represolve because of lazy constraint/incumbent callback.
1 of 1 MIP starts provided solutions.
MIP start 'm1' defined initial solution with objective 265.0000.
Tried aggregator 1 time.
MIP Presolve eliminated 320 rows and 0 columns.
MIP Presolve modified 53 coefficients.
Reduced MIP has 95 rows, 308 columns, and 1025 nonzeros.
Reduced MIP has 308 binaries, 0 generals, 0 SOSs, and 0 indicators.
Presolve time = 0.00 sec. (0.64 ticks)
Probing time = 0.00 sec. (0.54 ticks)
Clique table members: 95.
MIP emphasis: optimality.
MIP search method: traditional branch-and-cut.
Parallel mode: none, using 1 thread.
Root relaxation solution time = 0.00 sec. (0.25 ticks)

        Nodes                                         Cuts/
   Node  Left     Objective  IInf  Best Integer    Best Bound    ItCnt     Gap         Variable B NodeID Parent  Depth

*     0+    0                          265.0000        0.0000           100.00%
      0     0      250.5000    20      265.0000      203.0000       36   23.40%
      0     0      255.5000    32      265.0000       Cuts: 4       49    3.58%
      0     0      256.5000    40      265.0000       Cuts: 7       56    3.21%
      0     0      257.2500    48      265.0000   ZeroHalf: 3       64    2.92%
      0     0      257.2500    52      265.0000       Cuts: 5       68    2.92%
      0     0      258.0000    54      265.0000      Cuts: 10       83    2.64%
      0     0      258.3333    41      265.0000      Cuts: 10       96    2.52%
      0     0      258.4118    54      265.0000       Cuts: 7      101    2.49%
      0     0      258.7500    44      265.0000       Cuts: 7      116    2.36%
      0     0      258.8333    54      265.0000       Cuts: 7      121    2.33%
      0     0      263.5000    34      265.0000      Cuts: 10      139    0.57%
      0     0        cutoff            265.0000                    143    0.00%                        0             0
Elapsed time = 0.02 sec. (18.52 ticks, tree = 0.01 MB, solutions = 1)

Zero-half cuts applied:  12
Gomory fractional cuts applied:  2
User cuts applied:  54

Root node processing (before b&c):
  Real time             =    0.02 sec. (18.53 ticks)
Sequential b&c:
  Real time             =    0.00 sec. (0.00 ticks)
                          ------------
Total (root+branch&cut) =    0.02 sec. (18.53 ticks)

