Version identifier: 22.1.0.0 | 2022-03-09 | 1a383f8ce
CPXPARAM_Preprocessing_Reduce                    1
CPXPARAM_Threads                                 1
CPXPARAM_Preprocessing_Reformulations            0
CPXPARAM_Emphasis_MIP                            2
CPXPARAM_MIP_Limits_CutPasses                    300
CPXPARAM_TimeLimit                               10800
CPXPARAM_MIP_Limits_TreeMemory                   20000
Legacy callback                                  BbLUID
         Disabling repeat represolve because of lazy constraint/incumbent callback.
1 of 1 MIP starts provided solutions.
MIP start 'm1' defined initial solution with objective 253.0000.
Tried aggregator 1 time.
MIP Presolve eliminated 262 rows and 0 columns.
MIP Presolve modified 54 coefficients.
Reduced MIP has 97 rows, 301 columns, and 995 nonzeros.
Reduced MIP has 301 binaries, 0 generals, 0 SOSs, and 0 indicators.
Presolve time = 0.00 sec. (0.59 ticks)
Probing time = 0.00 sec. (0.52 ticks)
Clique table members: 97.
MIP emphasis: optimality.
MIP search method: traditional branch-and-cut.
Parallel mode: none, using 1 thread.
Root relaxation solution time = 0.00 sec. (0.25 ticks)

        Nodes                                         Cuts/
   Node  Left     Objective  IInf  Best Integer    Best Bound    ItCnt     Gap         Variable B NodeID Parent  Depth

*     0+    0                          253.0000        0.0000           100.00%
      0     0      227.5000    18      253.0000      195.0000       34   22.92%
      0     0      246.2500    37      253.0000       Cuts: 6       44    2.67%
      0     0      250.5000    32      253.0000      Cuts: 15       52    0.99%
      0     0        cutoff            253.0000                     59    0.00%                        0             0
Elapsed time = 0.01 sec. (8.04 ticks, tree = 0.01 MB, solutions = 1)

Zero-half cuts applied:  9
Lift and project cuts applied:  1
Gomory fractional cuts applied:  3
User cuts applied:  63

Root node processing (before b&c):
  Real time             =    0.01 sec. (8.05 ticks)
Sequential b&c:
  Real time             =    0.00 sec. (0.00 ticks)
                          ------------
Total (root+branch&cut) =    0.01 sec. (8.05 ticks)

