Version identifier: 22.1.0.0 | 2022-03-09 | 1a383f8ce
CPXPARAM_Preprocessing_Reduce                    1
CPXPARAM_Threads                                 1
CPXPARAM_Preprocessing_Reformulations            0
CPXPARAM_Emphasis_MIP                            2
CPXPARAM_MIP_Limits_CutPasses                    300
CPXPARAM_TimeLimit                               10800
CPXPARAM_MIP_Limits_TreeMemory                   20000
Legacy callback                                  BbLUID
         Disabling repeat represolve because of lazy constraint/incumbent callback.
1 of 1 MIP starts provided solutions.
MIP start 'm1' defined initial solution with objective 241.0000.
Tried aggregator 1 time.
MIP Presolve eliminated 221 rows and 0 columns.
MIP Presolve modified 45 coefficients.
Reduced MIP has 89 rows, 299 columns, and 897 nonzeros.
Reduced MIP has 299 binaries, 0 generals, 0 SOSs, and 0 indicators.
Presolve time = 0.00 sec. (0.52 ticks)
Probing time = 0.00 sec. (0.51 ticks)
Clique table members: 89.
MIP emphasis: optimality.
MIP search method: traditional branch-and-cut.
Parallel mode: none, using 1 thread.
Root relaxation solution time = 0.00 sec. (0.19 ticks)

        Nodes                                         Cuts/
   Node  Left     Objective  IInf  Best Integer    Best Bound    ItCnt     Gap         Variable B NodeID Parent  Depth

*     0+    0                          241.0000        0.0000           100.00%
      0     0      230.5000    26      241.0000      165.0000       19   31.54%
      0     0      232.0000    27      241.0000       Cuts: 7       30    3.73%
      0     2      232.6667    27      241.0000      233.3333       30    3.18%                        0             0
Elapsed time = 0.02 sec. (11.62 ticks, tree = 0.01 MB, solutions = 1)

Zero-half cuts applied:  2
Gomory fractional cuts applied:  2
User cuts applied:  61

Root node processing (before b&c):
  Real time             =    0.02 sec. (11.61 ticks)
Sequential b&c:
  Real time             =    0.02 sec. (7.75 ticks)
                          ------------
Total (root+branch&cut) =    0.05 sec. (19.36 ticks)

