Version identifier: 22.1.0.0 | 2022-03-09 | 1a383f8ce
CPXPARAM_Preprocessing_Reduce                    1
CPXPARAM_Threads                                 1
CPXPARAM_Preprocessing_Reformulations            0
CPXPARAM_Emphasis_MIP                            2
CPXPARAM_MIP_Limits_CutPasses                    300
CPXPARAM_TimeLimit                               10800
CPXPARAM_MIP_Limits_TreeMemory                   20000
Legacy callback                                  BbLUID
         Disabling repeat represolve because of lazy constraint/incumbent callback.
1 of 1 MIP starts provided solutions.
MIP start 'm1' defined initial solution with objective 296.0000.
Tried aggregator 1 time.
MIP Presolve eliminated 2444 rows and 0 columns.
MIP Presolve modified 283 coefficients.
Reduced MIP has 365 rows, 1322 columns, and 5773 nonzeros.
Reduced MIP has 1322 binaries, 0 generals, 0 SOSs, and 0 indicators.
Presolve time = 0.00 sec. (4.85 ticks)
Probing time = 0.00 sec. (2.46 ticks)
Clique table members: 365.
MIP emphasis: optimality.
MIP search method: traditional branch-and-cut.
Parallel mode: none, using 1 thread.
Root relaxation solution time = 0.00 sec. (1.06 ticks)

        Nodes                                         Cuts/
   Node  Left     Objective  IInf  Best Integer    Best Bound    ItCnt     Gap         Variable B NodeID Parent  Depth

*     0+    0                          296.0000        0.0000           100.00%
      0     0      221.0000    10      296.0000      221.0000       63   25.34%
      0     0      267.5000    22      296.0000       User: 4       67    9.63%
      0     0      271.0000    38      296.0000      Cuts: 25       82    8.45%
      0     0      278.5000    18      296.0000       Cuts: 7      110    5.91%
      0     0      280.2000    76      296.0000       Cuts: 9      124    5.34%
      0     0      280.9000    72      296.0000       Cuts: 2      132    5.10%
      0     0      281.0000    74      296.0000      Cuts: 11      139    5.07%
      0     0      281.4143   106      296.0000       Cuts: 9      151    4.93%
      0     0      281.4800   105      296.0000       Cuts: 2      155    4.91%
      0     0      281.7857    78      296.0000       Cuts: 6      162    4.80%
      0     0      282.5096   108      296.0000      Cuts: 11      186    4.56%
      0     0      283.1818    99      296.0000       Cuts: 7      208    4.33%
      0     0      283.4065   107      296.0000       Cuts: 5      223    4.25%
      0     0      283.7333   102      296.0000       Cuts: 3      232    4.14%
      0     0      283.8000   105      296.0000       Cuts: 7      238    4.12%
      0     0      283.9256   108      296.0000       Cuts: 3      250    4.08%
      0     0      284.0000   105      296.0000       Cuts: 2      259    4.05%
      0     0      284.3026   113      296.0000       Cuts: 4      286    3.95%
      0     0      284.3940   111      296.0000       User: 1      295    3.92%
      0     0      284.6533   110      296.0000       Cuts: 4      320    3.83%
      0     0      284.8378   109      296.0000       Cuts: 3      336    3.77%
      0     0      284.8895   117      296.0000       Cuts: 3      343    3.75%
      0     0      285.4286   103      296.0000       Cuts: 2      372    3.57%
      0     0      285.6652   109      296.0000       Cuts: 8      388    3.49%
      0     0      286.3382   109      296.0000       Cuts: 6      410    3.26%
      0     0      286.7619    96      296.0000       Cuts: 7      451    3.12%
      0     0      287.0833   107      296.0000       Cuts: 6      466    3.01%
      0     0      287.3182   112      296.0000       Cuts: 4      491    2.93%
      0     0      287.3317   114      296.0000       User: 1      496    2.93%
      0     0      287.3750   116      296.0000       Cuts: 3      511    2.91%
      0     0      287.3883   118      296.0000       Cuts: 2      518    2.91%
      0     0      287.3947   106      296.0000       User: 1      521    2.91%
      0     0      287.3991   119      296.0000   ZeroHalf: 1      526    2.91%
      0     2      287.3991   119      296.0000      287.3991      526    2.91%                        0             0
Elapsed time = 0.17 sec. (269.83 ticks, tree = 0.01 MB, solutions = 1)
      3     3      288.9687   111      296.0000      288.8750      719    2.41%          x15_14 N      3      1      2

Zero-half cuts applied:  11
User cuts applied:  211

Root node processing (before b&c):
  Real time             =    0.17 sec. (269.81 ticks)
Sequential b&c:
  Real time             =    0.25 sec. (491.52 ticks)
                          ------------
Total (root+branch&cut) =    0.41 sec. (761.33 ticks)

