Version identifier: 22.1.0.0 | 2022-03-09 | 1a383f8ce
CPXPARAM_Preprocessing_Reduce                    1
CPXPARAM_Threads                                 1
CPXPARAM_Preprocessing_Reformulations            0
CPXPARAM_Emphasis_MIP                            2
CPXPARAM_MIP_Limits_CutPasses                    300
CPXPARAM_TimeLimit                               10800
CPXPARAM_MIP_Limits_TreeMemory                   20000
Legacy callback                                  BbLUID
         Disabling repeat represolve because of lazy constraint/incumbent callback.
1 of 1 MIP starts provided solutions.
MIP start 'm1' defined initial solution with objective 339.0000.
Tried aggregator 1 time.
MIP Presolve eliminated 2651 rows and 0 columns.
MIP Presolve modified 263 coefficients.
Reduced MIP has 345 rows, 1229 columns, and 5500 nonzeros.
Reduced MIP has 1229 binaries, 0 generals, 0 SOSs, and 0 indicators.
Presolve time = 0.00 sec. (4.78 ticks)
Probing time = 0.00 sec. (2.42 ticks)
Clique table members: 345.
MIP emphasis: optimality.
MIP search method: traditional branch-and-cut.
Parallel mode: none, using 1 thread.
Root relaxation solution time = 0.00 sec. (1.25 ticks)

        Nodes                                         Cuts/
   Node  Left     Objective  IInf  Best Integer    Best Bound    ItCnt     Gap         Variable B NodeID Parent  Depth

*     0+    0                          339.0000        0.0000           100.00%
      0     0      267.3333    35      339.0000      236.0000       88   30.38%
      0     2      291.7000    85      339.0000      292.0676       88   13.84%                        0             0
Elapsed time = 0.05 sec. (100.72 ticks, tree = 0.01 MB, solutions = 1)
      2     4      319.0000    96      339.0000      314.3889      465    7.26%           x40_5 N      2      0      1
     22    13      318.6925   113      339.0000      314.6250     1136    7.19%          x27_17 N     22     21      5
     40    27      332.5000    86      339.0000      314.6250     1906    7.19%          x24_32 D     40     39     19
     65    38      328.5000   102      339.0000      321.3000     3194    5.22%          x38_19 N     65     27      9
     91    63      327.7500    77      339.0000      323.5000     4608    4.57%           x1_35 N     91     82     15
    131   101      325.3077   105      339.0000      324.8333     6448    4.18%           x8_14 D    131     80     10
    175   142      327.3750    82      339.0000      325.6000     8600    3.95%           x5_19 D    175    118      5
    221   179      326.4286   106      339.0000      326.0500    10336    3.82%          x13_30 D    221    177     13
    267   217      327.2500    72      339.0000      326.6250    11912    3.65%          x39_35 D    267    244     22
    460   389      330.0000    50      339.0000      328.1667    20102    3.20%          x32_36 U    460    375      8
Elapsed time = 1.96 sec. (3290.73 ticks, tree = 1.04 MB, solutions = 1)
    700   575        cutoff            339.0000      329.0500    29126    2.94%          x20_14 U    700    577     24
    919   739      332.4667   100      339.0000      329.7059    38193    2.74%          x17_34 D    919    490     19
   1149   887      334.0000    95      339.0000      330.3125    48492    2.56%          x33_27 N   1149   1147     26
   1389  1011      334.7500    80      339.0000      330.7207    58460    2.44%          x20_10 U   1389    815     24
   1613  1147      332.8333    70      339.0000      331.0000    67265    2.36%          x10_30 U   1613   1612     23
   1871  1266      331.4286    95      339.0000      331.2500    77275    2.29%           x9_20 D   1871    746     17
   2104  1390      334.6111    97      339.0000      331.5000    86789    2.21%          x10_30 D   2104   1487     23
   2316  1476      331.7518    99      339.0000      331.7237    95606    2.15%           x11_5 D   2316   2211     26
   2515  1566      332.9000   103      339.0000      332.0000   105230    2.06%          x22_27 D   2515    735     17
   2706  1646        cutoff            339.0000      332.2000   113818    2.01%          x20_18 U   2706   2236     24
Elapsed time = 8.32 sec. (12859.71 ticks, tree = 2.40 MB, solutions = 1)
   2887  1734      333.7778    80      339.0000      332.5000   122524    1.92%          x10_30 D   2887    734     22
   3075  1810      335.3462    92      339.0000      332.7500   131364    1.84%          x16_27 D   3075   3074     28
   3247  1873      335.1667    79      339.0000      333.0000   139163    1.77%          x34_21 D   3247   1015     29
   3423  1908        cutoff            339.0000      333.2500   147899    1.70%          x27_10 U   3423   1883     20
   3600  1971      337.8333    58      339.0000      333.5000   156084    1.62%          x39_35 U   3600   1707     24
   3783  2007      334.3333    66      339.0000      333.7000   163772    1.56%          x20_32 D   3783   1847     15
   3965  2037      337.9000    80      339.0000      334.0000   171304    1.47%          x13_17 D   3965    703     15
   4161  2073      337.6667    87      339.0000      334.2143   178837    1.41%           x32_5 D   4161   2971     22
   4367  2130      338.0000    46      339.0000      334.5000   186055    1.33%           x20_9 U   4367   3348     19
   4552  2170        cutoff            339.0000      334.6250   192957    1.29%          x16_27 U   4552    329     18
Elapsed time = 13.68 sec. (22450.31 ticks, tree = 3.01 MB, solutions = 1)
   4740  2203        cutoff            339.0000      334.8571   199145    1.22%          x20_10 U   4740   3240      8
   4926  2227        cutoff            339.0000      335.0000   205850    1.18%           x9_20 U   4926    587     15
   5127  2230      336.4397    92      339.0000      335.1667   212053    1.13%           x5_19 D   5127   4401     20
   5328  2270      335.8333    52      339.0000      335.3333   217657    1.08%           x5_19 U   5328   4629     31
   5514  2293      336.6429    75      339.0000      335.5000   222966    1.03%          x32_19 D   5514   1576     33
   5720  2310      335.8077    77      339.0000      335.5682   228239    1.01%           x20_9 U   5720   5719     28
   5910  2312      335.8125    73      339.0000      335.7143   233158    0.97%            x5_7 D   5910   5695     30
   6096  2308        cutoff            339.0000      335.8333   237887    0.93%          x10_21 U   6096   2954     25
   6294  2291        cutoff            339.0000      336.0000   242106    0.88%           x30_2 N   6294   6292     30
   6487  2257      336.0000    89      339.0000      336.0000   246592    0.88%          x10_30 D   6487   4994     25
Elapsed time = 18.18 sec. (32013.89 ticks, tree = 2.80 MB, solutions = 1)
   6678  2226        cutoff            339.0000      336.1667   251044    0.84%          x21_39 D   6678   5096     21
   6874  2201        cutoff            339.0000      336.2500   255445    0.81%           x32_5 D   6874   3534     16
   7072  2176        cutoff            339.0000      336.3929   259106    0.77%          x21_39 D   7072   6147     29
   7266  2142      337.7500    83      339.0000      336.5000   262667    0.74%          x30_17 D   7266   2262     23
   7473  2074      336.8750    92      339.0000      336.5625   266146    0.72%          x13_17 D   7473   7472     24
   7672  2050        cutoff            339.0000      336.6786   269361    0.68%          x39_35 D   7672   7152     16
   7874  1996        cutoff            339.0000      336.7778   272684    0.66%          x39_35 U   7874   5270     25
   8058  1935        cutoff            339.0000      336.9122   275633    0.62%          x39_35 U   8058   4647     20
   8255  1851        cutoff            339.0000      337.0000   278528    0.59%           x9_27 U   8255   7284     19
   8444  1760      337.2500    51      339.0000      337.0000   281601    0.59%          x20_27 N   8444   8051     20
Elapsed time = 21.77 sec. (41571.31 ticks, tree = 2.02 MB, solutions = 1)
   8638  1666        cutoff            339.0000      337.1000   284252    0.56%          x30_20 D   8638   3809     19
   8835  1556        cutoff            339.0000      337.2083   286806    0.53%          x39_35 U   8835   5437     30
   9040  1452      337.5476    65      339.0000      337.2917   289010    0.50%          x39_35 D   9040   8556     21
   9238  1331        cutoff            339.0000      337.4167   291024    0.47%          x20_18 U   9238   2056     28
   9444  1190        cutoff            339.0000      337.5000   292731    0.44%          x32_19 D   9444   8915     25
   9648  1033        cutoff            339.0000      337.5000   294482    0.44%          x22_27 U   9648   3543     23
   9850   908      338.0000    42      339.0000      337.6667   295929    0.39%            x5_7 N   9850   4821     25
  10057   755        cutoff            339.0000      337.7500   297157    0.37%           x32_5 U  10057   3675     21
  10257   596        cutoff            339.0000      337.8333   298160    0.34%          x21_39 D  10257   7517     30
  10474   413        cutoff            339.0000      338.0000   299065    0.29%          x33_27 U  10474   8137     36
Elapsed time = 24.40 sec. (51141.50 ticks, tree = 0.60 MB, solutions = 1)
  10691   215        cutoff            339.0000      338.0000   300005    0.29%           x1_21 U  10691   6975     26
  10913    18        cutoff            339.0000      338.0000   301011    0.29%          x16_27 D  10913   9664     23

Cover cuts applied:  2
User cuts applied:  1666

Root node processing (before b&c):
  Real time             =    0.05 sec. (100.39 ticks)
Sequential b&c:
  Real time             =   24.76 sec. (53099.87 ticks)
                          ------------
Total (root+branch&cut) =   24.81 sec. (53200.26 ticks)

