Version identifier: 22.1.0.0 | 2022-03-09 | 1a383f8ce
CPXPARAM_Preprocessing_Reduce                    1
CPXPARAM_Threads                                 1
CPXPARAM_Preprocessing_Reformulations            0
CPXPARAM_Emphasis_MIP                            2
CPXPARAM_MIP_Limits_CutPasses                    300
CPXPARAM_TimeLimit                               10800
CPXPARAM_MIP_Limits_TreeMemory                   20000
Legacy callback                                  BbLUID
         Disabling repeat represolve because of lazy constraint/incumbent callback.
1 of 1 MIP starts provided solutions.
MIP start 'm1' defined initial solution with objective 288.0000.
Tried aggregator 1 time.
MIP Presolve eliminated 2093 rows and 0 columns.
MIP Presolve modified 164 coefficients.
Reduced MIP has 246 rows, 1174 columns, and 4393 nonzeros.
Reduced MIP has 1174 binaries, 0 generals, 0 SOSs, and 0 indicators.
Presolve time = 0.00 sec. (3.67 ticks)
Probing time = 0.00 sec. (2.42 ticks)
Clique table members: 246.
MIP emphasis: optimality.
MIP search method: traditional branch-and-cut.
Parallel mode: none, using 1 thread.
Root relaxation solution time = 0.00 sec. (0.81 ticks)

        Nodes                                         Cuts/
   Node  Left     Objective  IInf  Best Integer    Best Bound    ItCnt     Gap         Variable B NodeID Parent  Depth

*     0+    0                          288.0000        0.0000           100.00%
      0     0      244.0000    18      288.0000      203.0000       34   29.51%
      0     0      264.0000    34      288.0000      User: 17       61    8.33%
      0     0      282.0000    20      288.0000      Cuts: 13       71    2.08%
      0     0      284.5000    48      288.0000      Cuts: 17       89    1.22%
      0     0      284.8000    75      288.0000      Cuts: 17      104    1.11%
      0     0      285.0000    42      288.0000      Cuts: 11      113    1.04%
      0     0      285.5000    12      288.0000      Cuts: 12      121    0.87%
      0     0      285.5714    68      288.0000       Cuts: 3      130    0.84%
      0     0      285.6667    83      288.0000      Cuts: 11      137    0.81%
      0     0      285.6667    65      288.0000       Cuts: 7      155    0.81%
      0     0      286.0000    66      288.0000      Cuts: 10      167    0.69%
      0     0      286.0893    76      288.0000      Cuts: 13      175    0.66%
      0     0      286.1429    80      288.0000       Cuts: 3      180    0.64%
      0     0      286.1681    80      288.0000   ZeroHalf: 7      189    0.64%
      0     0      286.5294    55      288.0000       Cuts: 5      203    0.51%
      0     0      286.5625    73      288.0000      Cuts: 12      212    0.50%
      0     0      286.7072   104      288.0000   ZeroHalf: 7      231    0.45%
      0     0      286.9333    72      288.0000       Cuts: 5      246    0.37%
      0     0        cutoff            288.0000                    248    0.00%                        0             0
Elapsed time = 0.06 sec. (82.06 ticks, tree = 0.01 MB, solutions = 1)

Zero-half cuts applied:  17
User cuts applied:  130

Root node processing (before b&c):
  Real time             =    0.06 sec. (82.08 ticks)
Sequential b&c:
  Real time             =    0.00 sec. (0.00 ticks)
                          ------------
Total (root+branch&cut) =    0.06 sec. (82.08 ticks)

