Version identifier: 22.1.0.0 | 2022-03-09 | 1a383f8ce
CPXPARAM_Preprocessing_Reduce                    1
CPXPARAM_Threads                                 1
CPXPARAM_Preprocessing_Reformulations            0
CPXPARAM_Emphasis_MIP                            2
CPXPARAM_MIP_Limits_CutPasses                    300
CPXPARAM_TimeLimit                               10800
CPXPARAM_MIP_Limits_TreeMemory                   20000
Legacy callback                                  BbLUID
         Disabling repeat represolve because of lazy constraint/incumbent callback.
1 of 1 MIP starts provided solutions.
MIP start 'm1' defined initial solution with objective 348.0000.
Tried aggregator 1 time.
MIP Presolve eliminated 1646 rows and 0 columns.
MIP Presolve modified 194 coefficients.
Reduced MIP has 276 rows, 1007 columns, and 3977 nonzeros.
Reduced MIP has 1007 binaries, 0 generals, 0 SOSs, and 0 indicators.
Presolve time = 0.00 sec. (3.21 ticks)
Probing time = 0.00 sec. (2.32 ticks)
Clique table members: 276.
MIP emphasis: optimality.
MIP search method: traditional branch-and-cut.
Parallel mode: none, using 1 thread.
Root relaxation solution time = 0.00 sec. (0.91 ticks)

        Nodes                                         Cuts/
   Node  Left     Objective  IInf  Best Integer    Best Bound    ItCnt     Gap         Variable B NodeID Parent  Depth

*     0+    0                          348.0000        0.0000           100.00%
      0     0      253.0000    16      348.0000      253.0000       84   27.30%
      0     2      335.0000    78      348.0000      336.0000       84    3.45%                        0             0
Elapsed time = 0.04 sec. (56.54 ticks, tree = 0.01 MB, solutions = 1)

User cuts applied:  219

Root node processing (before b&c):
  Real time             =    0.04 sec. (56.37 ticks)
Sequential b&c:
  Real time             =    0.03 sec. (54.61 ticks)
                          ------------
Total (root+branch&cut) =    0.07 sec. (110.98 ticks)

