Version identifier: 22.1.0.0 | 2022-03-09 | 1a383f8ce
CPXPARAM_Preprocessing_Reduce                    1
CPXPARAM_Threads                                 1
CPXPARAM_Preprocessing_Reformulations            0
CPXPARAM_Emphasis_MIP                            2
CPXPARAM_MIP_Limits_CutPasses                    300
CPXPARAM_TimeLimit                               10800
CPXPARAM_MIP_Limits_TreeMemory                   20000
Legacy callback                                  BbLUID
         Disabling repeat represolve because of lazy constraint/incumbent callback.
1 of 1 MIP starts provided solutions.
MIP start 'm1' defined initial solution with objective 328.0000.
Tried aggregator 1 time.
MIP Presolve eliminated 1009 rows and 0 columns.
MIP Presolve modified 173 coefficients.
Reduced MIP has 255 rows, 858 columns, and 2892 nonzeros.
Reduced MIP has 858 binaries, 0 generals, 0 SOSs, and 0 indicators.
Presolve time = 0.00 sec. (2.13 ticks)
Probing time = 0.00 sec. (1.98 ticks)
Clique table members: 255.
MIP emphasis: optimality.
MIP search method: traditional branch-and-cut.
Parallel mode: none, using 1 thread.
Root relaxation solution time = 0.00 sec. (0.77 ticks)

        Nodes                                         Cuts/
   Node  Left     Objective  IInf  Best Integer    Best Bound    ItCnt     Gap         Variable B NodeID Parent  Depth

*     0+    0                          328.0000        0.0000           100.00%
      0     0      315.5000    22      328.0000      283.0000       84   13.72%
      0     0      326.6667    14      328.0000      Cuts: 23       96    0.41%
      0     0        cutoff            328.0000                    103    0.00%                        0             0
Elapsed time = 0.02 sec. (20.22 ticks, tree = 0.01 MB, solutions = 1)

Zero-half cuts applied:  17
Gomory fractional cuts applied:  1
User cuts applied:  94

Root node processing (before b&c):
  Real time             =    0.02 sec. (20.23 ticks)
Sequential b&c:
  Real time             =    0.00 sec. (0.00 ticks)
                          ------------
Total (root+branch&cut) =    0.02 sec. (20.23 ticks)

