Version identifier: 22.1.0.0 | 2022-03-09 | 1a383f8ce
CPXPARAM_Preprocessing_Reduce                    1
CPXPARAM_Threads                                 1
CPXPARAM_Preprocessing_Reformulations            0
CPXPARAM_Emphasis_MIP                            2
CPXPARAM_MIP_Limits_CutPasses                    300
CPXPARAM_TimeLimit                               10800
CPXPARAM_MIP_Limits_TreeMemory                   20000
Legacy callback                                  BbLUID
         Disabling repeat represolve because of lazy constraint/incumbent callback.
1 of 1 MIP starts provided solutions.
MIP start 'm1' defined initial solution with objective 445.0000.
Tried aggregator 2 times.
MIP Presolve eliminated 1122 rows and 0 columns.
MIP Presolve modified 162 coefficients.
Aggregator did 2 substitutions.
Reduced MIP has 243 rows, 804 columns, and 3001 nonzeros.
Reduced MIP has 804 binaries, 0 generals, 0 SOSs, and 0 indicators.
Presolve time = 0.00 sec. (2.60 ticks)
Probing time = 0.00 sec. (1.92 ticks)
Clique table members: 243.
MIP emphasis: optimality.
MIP search method: traditional branch-and-cut.
Parallel mode: none, using 1 thread.
Root relaxation solution time = 0.00 sec. (0.57 ticks)

        Nodes                                         Cuts/
   Node  Left     Objective  IInf  Best Integer    Best Bound    ItCnt     Gap         Variable B NodeID Parent  Depth

*     0+    0                          445.0000       41.0000            90.79%
      0     0      428.0000    12      445.0000      365.0000       34   17.98%
      0     0      434.0000    12      445.0000      Cuts: 12       54    2.47%
      0     0      435.5000    46      445.0000      Cuts: 22       62    2.13%
      0     0      436.5000    42      445.0000       Cuts: 4       71    1.91%
      0     0      438.0000    46      445.0000       Cuts: 3       80    1.57%
      0     0      439.2000    46      445.0000      Cuts: 14       86    1.30%
      0     0      440.0000    49      445.0000      Cuts: 20      105    1.12%
      0     0      441.0000    71      445.0000      Cuts: 12      120    0.90%
      0     0        cutoff            445.0000                    138    0.00%                        0             0
Elapsed time = 0.03 sec. (39.14 ticks, tree = 0.01 MB, solutions = 1)

Zero-half cuts applied:  14
User cuts applied:  161

Root node processing (before b&c):
  Real time             =    0.03 sec. (39.16 ticks)
Sequential b&c:
  Real time             =    0.00 sec. (0.00 ticks)
                          ------------
Total (root+branch&cut) =    0.03 sec. (39.16 ticks)

