Version identifier: 22.1.0.0 | 2022-03-09 | 1a383f8ce
CPXPARAM_Preprocessing_Reduce                    1
CPXPARAM_Threads                                 1
CPXPARAM_Preprocessing_Reformulations            0
CPXPARAM_Emphasis_MIP                            2
CPXPARAM_MIP_Limits_CutPasses                    300
CPXPARAM_TimeLimit                               10800
CPXPARAM_MIP_Limits_TreeMemory                   20000
Legacy callback                                  BbLUID
         Disabling repeat represolve because of lazy constraint/incumbent callback.
1 of 1 MIP starts provided solutions.
MIP start 'm1' defined initial solution with objective 303.0000.
Tried aggregator 1 time.
MIP Presolve eliminated 1325 rows and 0 columns.
MIP Presolve modified 159 coefficients.
Reduced MIP has 241 rows, 893 columns, and 3222 nonzeros.
Reduced MIP has 893 binaries, 0 generals, 0 SOSs, and 0 indicators.
Presolve time = 0.00 sec. (2.50 ticks)
Probing time = 0.00 sec. (2.16 ticks)
Clique table members: 241.
MIP emphasis: optimality.
MIP search method: traditional branch-and-cut.
Parallel mode: none, using 1 thread.
Root relaxation solution time = 0.00 sec. (0.72 ticks)

        Nodes                                         Cuts/
   Node  Left     Objective  IInf  Best Integer    Best Bound    ItCnt     Gap         Variable B NodeID Parent  Depth

*     0+    0                          303.0000        0.0000           100.00%
      0     0      258.0000     8      303.0000      229.0000       58   24.42%
      0     0      262.5000    16      303.0000      Cuts: 30       78   13.37%
      0     0      266.0000    50      303.0000      Cuts: 23       92   12.21%
      0     0      273.0000    37      303.0000      Cuts: 18      106    9.90%
      0     0      283.5000    64      303.0000      Cuts: 10      109    6.44%
      0     0      284.5000    64      303.0000       Cuts: 7      114    6.11%
      0     0      285.0000    68      303.0000       Cuts: 7      119    5.94%
      0     0      285.2857    64      303.0000       Cuts: 5      123    5.85%
      0     0      286.2500    86      303.0000       Cuts: 6      138    5.53%
      0     0      286.8571   105      303.0000      Cuts: 14      156    5.33%
      0     0      287.0000    81      303.0000       Cuts: 7      162    5.28%
      0     0      289.0000    65      303.0000      Cuts: 14      173    4.62%
      0     0      290.0714    86      303.0000      Cuts: 19      200    4.27%
      0     0      290.5000    84      303.0000       Cuts: 8      218    4.13%
      0     0      291.0000    28      303.0000      Cuts: 17      228    3.96%
      0     0      291.5000    24      303.0000      Cuts: 26      239    3.80%
      0     0      291.8235   108      303.0000       Cuts: 6      252    3.69%
      0     0      291.8837   103      303.0000   ZeroHalf: 4      257    3.67%
      0     0      292.0035   115      303.0000       Cuts: 9      263    3.63%
      0     0      292.1667   113      303.0000       Cuts: 5      273    3.58%
      0     0      292.5000    88      303.0000       Cuts: 7      289    3.47%
      0     0      292.5745   102      303.0000       Cuts: 6      304    3.44%
      0     0      293.0500    98      303.0000       Cuts: 8      331    3.28%
      0     0      293.3333   105      303.0000   ZeroHalf: 5      350    3.19%
      0     0      293.3544   120      303.0000   ZeroHalf: 2      366    3.18%
      0     0      293.3571   117      303.0000       User: 1      370    3.18%
      0     0      293.5000   108      303.0000       Cuts: 2      386    3.14%
      0     0      293.5000   116      303.0000       Cuts: 3      394    3.14%
      0     2      293.5000   116      303.0000      293.5000      394    3.14%                        0             0
Elapsed time = 0.18 sec. (253.73 ticks, tree = 0.01 MB, solutions = 1)
     11     3      296.0000    54      303.0000      295.2000      589    2.57%          x29_21 N     11     10      4

Zero-half cuts applied:  21
User cuts applied:  323

Root node processing (before b&c):
  Real time             =    0.18 sec. (253.71 ticks)
Sequential b&c:
  Real time             =    0.20 sec. (363.53 ticks)
                          ------------
Total (root+branch&cut) =    0.38 sec. (617.24 ticks)

