Version identifier: 22.1.0.0 | 2022-03-09 | 1a383f8ce
CPXPARAM_Preprocessing_Reduce                    1
CPXPARAM_Threads                                 1
CPXPARAM_Preprocessing_Reformulations            0
CPXPARAM_Emphasis_MIP                            2
CPXPARAM_MIP_Limits_CutPasses                    300
CPXPARAM_TimeLimit                               10800
CPXPARAM_MIP_Limits_TreeMemory                   20000
Legacy callback                                  BbLUID
         Disabling repeat represolve because of lazy constraint/incumbent callback.
1 of 1 MIP starts provided solutions.
MIP start 'm1' defined initial solution with objective 357.0000.
Tried aggregator 1 time.
MIP Presolve eliminated 960 rows and 0 columns.
MIP Presolve modified 125 coefficients.
Reduced MIP has 207 rows, 852 columns, and 2732 nonzeros.
Reduced MIP has 852 binaries, 0 generals, 0 SOSs, and 0 indicators.
Presolve time = 0.00 sec. (1.96 ticks)
Probing time = 0.00 sec. (1.94 ticks)
Clique table members: 207.
MIP emphasis: optimality.
MIP search method: traditional branch-and-cut.
Parallel mode: none, using 1 thread.
Root relaxation solution time = 0.00 sec. (0.65 ticks)

        Nodes                                         Cuts/
   Node  Left     Objective  IInf  Best Integer    Best Bound    ItCnt     Gap         Variable B NodeID Parent  Depth

*     0+    0                          357.0000        0.0000           100.00%
      0     0      327.0000    36      357.0000      308.0000       41   13.73%
      0     0      335.6667    33      357.0000      Cuts: 14       61    5.98%
      0     0      347.5000    37      357.0000      Cuts: 41       76    2.66%
      0     0      349.0000    42      357.0000      Cuts: 13       81    2.24%
      0     0      349.1250    79      357.0000       Cuts: 9       93    2.21%
      0     0      351.0000    75      357.0000      Cuts: 10       98    1.68%
      0     0      351.0000    33      357.0000      Cuts: 22      102    1.68%
      0     0      351.0000    30      357.0000       Cuts: 4      105    1.68%
      0     0      351.3750    34      357.0000   ZeroHalf: 7      111    1.58%
      0     0      351.4286    38      357.0000   ZeroHalf: 9      115    1.56%
      0     0      351.8333    39      357.0000  ZeroHalf: 13      123    1.45%
      0     0      352.2500    40      357.0000      Cuts: 12      125    1.33%
      0     0      352.3333    33      357.0000      Cuts: 19      128    1.31%
      0     0      352.5000    40      357.0000  ZeroHalf: 18      137    1.26%
      0     0      353.0000    30      357.0000  ZeroHalf: 12      140    1.12%
      0     0      353.0000    38      357.0000   ZeroHalf: 4      145    1.12%
      0     0      353.3333    35      357.0000  ZeroHalf: 10      153    1.03%
      0     0      353.3333    42      357.0000   ZeroHalf: 4      157    1.03%
      0     0      353.7500    36      357.0000  ZeroHalf: 12      162    0.91%
      0     0      354.0000    35      357.0000   ZeroHalf: 6      163    0.84%
      0     0      354.0000    32      357.0000  ZeroHalf: 14      165    0.84%
      0     0      354.0000    16      357.0000   ZeroHalf: 7      167    0.84%
      0     0      354.1429    42      357.0000   ZeroHalf: 3      171    0.80%
      0     0      354.2500    47      357.0000      Cuts: 15      181    0.77%
      0     0      354.2500    46      357.0000   ZeroHalf: 6      188    0.77%
      0     0      354.2500    39      357.0000   ZeroHalf: 4      197    0.77%
      0     0      354.3333    39      357.0000  ZeroHalf: 10      211    0.75%
      0     0      354.3333    31      357.0000   ZeroHalf: 8      217    0.75%
      0     0      354.3333    32      357.0000   ZeroHalf: 3      220    0.75%
      0     0      354.3478    49      357.0000   ZeroHalf: 4      222    0.74%
      0     0      354.5357    48      357.0000   ZeroHalf: 5      233    0.69%
      0     0      354.8182    45      357.0000   ZeroHalf: 7      250    0.61%
      0     0      354.8800    48      357.0000   ZeroHalf: 9      257    0.59%
      0     0      354.9286    50      357.0000   ZeroHalf: 7      264    0.58%
      0     0      354.9286    58      357.0000   ZeroHalf: 5      269    0.58%
      0     0      355.0000    35      357.0000      Cuts: 12      276    0.56%
      0     0      355.0164    49      357.0000   ZeroHalf: 3      282    0.56%
      0     0      355.0789    48      357.0000   ZeroHalf: 3      293    0.54%
      0     0      355.1461    90      357.0000   ZeroHalf: 4      300    0.52%
      0     0      355.1792    99      357.0000      Cuts: 11      306    0.51%
      0     0      355.2745    59      357.0000   ZeroHalf: 5      317    0.48%
      0     0      355.4348    91      357.0000      Cuts: 12      338    0.44%
      0     0        cutoff            357.0000                    357    0.00%                        0             0
Elapsed time = 0.14 sec. (140.20 ticks, tree = 0.01 MB, solutions = 1)

Zero-half cuts applied:  15
Gomory fractional cuts applied:  1
User cuts applied:  137

Root node processing (before b&c):
  Real time             =    0.14 sec. (140.26 ticks)
Sequential b&c:
  Real time             =    0.00 sec. (0.00 ticks)
                          ------------
Total (root+branch&cut) =    0.14 sec. (140.26 ticks)

