Version identifier: 22.1.0.0 | 2022-03-09 | 1a383f8ce
CPXPARAM_Preprocessing_Reduce                    1
CPXPARAM_Threads                                 1
CPXPARAM_Preprocessing_Reformulations            0
CPXPARAM_Emphasis_MIP                            2
CPXPARAM_MIP_Limits_CutPasses                    300
CPXPARAM_TimeLimit                               10800
CPXPARAM_MIP_Limits_TreeMemory                   20000
Legacy callback                                  BbLUID
         Disabling repeat represolve because of lazy constraint/incumbent callback.
1 of 1 MIP starts provided solutions.
MIP start 'm1' defined initial solution with objective 279.0000.
Tried aggregator 1 time.
MIP Presolve eliminated 1798 rows and 0 columns.
MIP Presolve modified 210 coefficients.
Reduced MIP has 292 rows, 1089 columns, and 4388 nonzeros.
Reduced MIP has 1089 binaries, 0 generals, 0 SOSs, and 0 indicators.
Presolve time = 0.00 sec. (3.50 ticks)
Probing time = 0.00 sec. (2.37 ticks)
Clique table members: 292.
MIP emphasis: optimality.
MIP search method: traditional branch-and-cut.
Parallel mode: none, using 1 thread.
Root relaxation solution time = 0.00 sec. (0.91 ticks)

        Nodes                                         Cuts/
   Node  Left     Objective  IInf  Best Integer    Best Bound    ItCnt     Gap         Variable B NodeID Parent  Depth

*     0+    0                          279.0000        0.0000           100.00%
      0     0      250.0000    19      279.0000      250.0000       55   10.39%
      0     2      277.0000    42      279.0000      277.5000       63    0.54%                        0             0
Elapsed time = 0.02 sec. (33.43 ticks, tree = 0.01 MB, solutions = 1)

User cuts applied:  123

Root node processing (before b&c):
  Real time             =    0.02 sec. (28.43 ticks)
Sequential b&c:
  Real time             =    0.00 sec. (7.04 ticks)
                          ------------
Total (root+branch&cut) =    0.02 sec. (35.47 ticks)

