Version identifier: 22.1.0.0 | 2022-03-09 | 1a383f8ce
CPXPARAM_Preprocessing_Reduce                    1
CPXPARAM_Threads                                 1
CPXPARAM_Preprocessing_Reformulations            0
CPXPARAM_Emphasis_MIP                            2
CPXPARAM_MIP_Limits_CutPasses                    300
CPXPARAM_TimeLimit                               10800
CPXPARAM_MIP_Limits_TreeMemory                   20000
Legacy callback                                  BbLUID
         Disabling repeat represolve because of lazy constraint/incumbent callback.
1 of 1 MIP starts provided solutions.
MIP start 'm1' defined initial solution with objective 401.0000.
Tried aggregator 1 time.
MIP Presolve eliminated 4166 rows and 0 columns.
MIP Presolve modified 362 coefficients.
Reduced MIP has 484 rows, 1941 columns, and 8137 nonzeros.
Reduced MIP has 1941 binaries, 0 generals, 0 SOSs, and 0 indicators.
Presolve time = 0.00 sec. (7.46 ticks)
Probing time = 0.00 sec. (2.60 ticks)
Clique table members: 484.
MIP emphasis: optimality.
MIP search method: traditional branch-and-cut.
Parallel mode: none, using 1 thread.
Root relaxation solution time = 0.00 sec. (1.94 ticks)

        Nodes                                         Cuts/
   Node  Left     Objective  IInf  Best Integer    Best Bound    ItCnt     Gap         Variable B NodeID Parent  Depth

*     0+    0                          401.0000        0.0000           100.00%
      0     0      365.2000    53      401.0000      312.0000      100   22.19%
      0     0      379.0000    38      401.0000      Cuts: 13      125    5.49%
      0     0      380.6667    72      401.0000       Cuts: 8      134    5.07%
      0     0      382.5833    78      401.0000      Cuts: 17      159    4.59%
      0     0      383.2500    98      401.0000      Cuts: 21      172    4.43%
      0     0      384.6000   106      401.0000      Cuts: 18      194    4.09%
      0     0      385.5000    91      401.0000      Cuts: 11      219    3.87%
      0     0      385.6667    77      401.0000      Cuts: 15      239    3.82%
      0     0      387.5000    30      401.0000      Cuts: 26      259    3.37%
      0     0      388.8333    66      401.0000      Cuts: 22      279    3.03%
      0     0      396.3333    75      401.0000      Cuts: 19      311    1.16%
      0     0      397.8000    90      401.0000      Cuts: 28      336    0.80%
      0     0      398.0000    30      401.0000      Cuts: 12      346    0.75%
      0     0      399.1429    67      401.0000      Cuts: 22      371    0.46%
      0     0      399.3333    52      401.0000      Cuts: 19      378    0.42%
      0     0      399.6667    82      401.0000      Cuts: 20      390    0.33%
      0     0      400.0000    67      401.0000      Cuts: 17      395    0.25%
      0     0        cutoff            401.0000                    405    0.00%                        0             0
Elapsed time = 0.11 sec. (181.61 ticks, tree = 0.01 MB, solutions = 1)

Zero-half cuts applied:  30
User cuts applied:  260

Root node processing (before b&c):
  Real time             =    0.11 sec. (181.64 ticks)
Sequential b&c:
  Real time             =    0.00 sec. (0.00 ticks)
                          ------------
Total (root+branch&cut) =    0.11 sec. (181.64 ticks)

