Version identifier: 22.1.0.0 | 2022-03-09 | 1a383f8ce
CPXPARAM_Preprocessing_Reduce                    1
CPXPARAM_Threads                                 1
CPXPARAM_Preprocessing_Reformulations            0
CPXPARAM_Emphasis_MIP                            2
CPXPARAM_MIP_Limits_CutPasses                    300
CPXPARAM_TimeLimit                               10800
CPXPARAM_MIP_Limits_TreeMemory                   20000
Legacy callback                                  BbLUID
         Disabling repeat represolve because of lazy constraint/incumbent callback.
1 of 1 MIP starts provided solutions.
MIP start 'm1' defined initial solution with objective 462.0000.
Tried aggregator 1 time.
MIP Presolve eliminated 3344 rows and 0 columns.
MIP Presolve modified 281 coefficients.
Reduced MIP has 403 rows, 1729 columns, and 6672 nonzeros.
Reduced MIP has 1729 binaries, 0 generals, 0 SOSs, and 0 indicators.
Presolve time = 0.00 sec. (5.78 ticks)
Probing time = 0.00 sec. (2.51 ticks)
Clique table members: 403.
MIP emphasis: optimality.
MIP search method: traditional branch-and-cut.
Parallel mode: none, using 1 thread.
Root relaxation solution time = 0.00 sec. (1.24 ticks)

        Nodes                                         Cuts/
   Node  Left     Objective  IInf  Best Integer    Best Bound    ItCnt     Gap         Variable B NodeID Parent  Depth

*     0+    0                          462.0000        0.0000           100.00%
      0     0      446.0000    40      462.0000      370.0000       46   19.91%
      0     0      451.0000    26      462.0000      Cuts: 30       65    2.38%
      0     0      455.0000    20      462.0000      Cuts: 25       82    1.52%
      0     0      458.0000    12      462.0000       Cuts: 7       84    0.87%
      0     0      459.0000    10      462.0000       Cuts: 3       89    0.65%
      0     0      459.3077    66      462.0000   ZeroHalf: 4       97    0.58%
      0     0      459.6667    39      462.0000      Cuts: 10      109    0.51%
      0     0      460.3333    45      462.0000      Cuts: 11      126    0.36%
      0     0      460.4545    63      462.0000   ZeroHalf: 7      131    0.33%
      0     0      460.5000    73      462.0000   ZeroHalf: 9      137    0.32%
      0     0      460.7500    57      462.0000      Cuts: 10      147    0.27%
      0     0      460.7500    68      462.0000   ZeroHalf: 5      155    0.27%
      0     0        cutoff            462.0000                    157    0.00%                        0             0
Elapsed time = 0.06 sec. (78.22 ticks, tree = 0.01 MB, solutions = 1)

Zero-half cuts applied:  27
Lift and project cuts applied:  1
Gomory fractional cuts applied:  1
User cuts applied:  167

Root node processing (before b&c):
  Real time             =    0.06 sec. (78.25 ticks)
Sequential b&c:
  Real time             =    0.00 sec. (0.00 ticks)
                          ------------
Total (root+branch&cut) =    0.06 sec. (78.25 ticks)

