Version identifier: 22.1.0.0 | 2022-03-09 | 1a383f8ce
CPXPARAM_Preprocessing_Reduce                    1
CPXPARAM_Threads                                 1
CPXPARAM_Preprocessing_Reformulations            0
CPXPARAM_Emphasis_MIP                            2
CPXPARAM_MIP_Limits_CutPasses                    300
CPXPARAM_TimeLimit                               10800
CPXPARAM_MIP_Limits_TreeMemory                   20000
Legacy callback                                  BbLUID
         Disabling repeat represolve because of lazy constraint/incumbent callback.
1 of 1 MIP starts provided solutions.
MIP start 'm1' defined initial solution with objective 395.0000.
Tried aggregator 1 time.
MIP Presolve eliminated 6851 rows and 0 columns.
MIP Presolve modified 417 coefficients.
Reduced MIP has 539 rows, 2455 columns, and 11075 nonzeros.
Reduced MIP has 2455 binaries, 0 generals, 0 SOSs, and 0 indicators.
Presolve time = 0.01 sec. (11.74 ticks)
Probing time = 0.00 sec. (2.77 ticks)
Clique table members: 539.
MIP emphasis: optimality.
MIP search method: traditional branch-and-cut.
Parallel mode: none, using 1 thread.
Root relaxation solution time = 0.00 sec. (2.07 ticks)

        Nodes                                         Cuts/
   Node  Left     Objective  IInf  Best Integer    Best Bound    ItCnt     Gap         Variable B NodeID Parent  Depth

*     0+    0                          395.0000        0.0000           100.00%
      0     0      328.5000    37      395.0000      286.0000      121   27.59%
      0     0      366.7500    87      395.0000      Cuts: 29      154    7.15%
      0     0      367.6667    35      395.0000       Cuts: 9      179    6.92%
      0     0      368.0000    44      395.0000       Cuts: 9      187    6.84%
      0     0      369.5000   100      395.0000       Cuts: 7      192    6.46%
      0     0      371.8667   121      395.0000       Cuts: 9      213    5.86%
      0     0      372.2500   102      395.0000       Cuts: 3      237    5.76%
      0     0      372.5000    62      395.0000       Cuts: 8      248    5.70%
      0     0      373.9231    83      395.0000       Cuts: 3      262    5.34%
      0     0      374.2442   135      395.0000       User: 2      270    5.25%
      0     0      374.2442   138      395.0000       User: 1      272    5.25%
      0     0      374.5000    24      395.0000       User: 1      275    5.19%
      0     0      376.7500    41      395.0000       Cuts: 7      303    4.62%
      0     0      377.4375   137      395.0000       Cuts: 6      318    4.45%
      0     0      377.8571   117      395.0000       Cuts: 5      335    4.34%
      0     0      378.3030   144      395.0000       Cuts: 6      372    4.23%
      0     0      378.3978   152      395.0000       Cuts: 5      384    4.20%
      0     0      378.4576   151      395.0000       Cuts: 2      392    4.19%
      0     0      378.4922   156      395.0000       Cuts: 3      400    4.18%
      0     0      378.7816   162      395.0000       Cuts: 3      420    4.11%
      0     0      378.7816   163      395.0000       User: 3      421    4.11%
      0     0      378.8077   110      395.0000       User: 1      426    4.10%
      0     0      379.1667   137      395.0000       User: 1      444    4.01%
      0     2      379.3750   134      395.0000      379.5000      444    3.92%                        0             0
Elapsed time = 0.31 sec. (516.66 ticks, tree = 0.01 MB, solutions = 1)
      6     8      380.7000   131      395.0000      380.5000      605    3.67%          x24_18 N      6      5      5
     27    22      382.7778   105      395.0000      380.5500     1056    3.66%          x24_18 N     27      5      5
     60    46      383.1111   142      395.0000      381.2800     1945    3.47%           x34_8 N     60      6      6
     89    70      383.3125   121      395.0000      383.2667     2744    2.97%          x23_60 U     89     88      8
    124   101      387.4250   113      395.0000      383.6786     4106    2.87%          x46_30 U    124    122      7
    164   133      384.1930   123      395.0000      384.1719     5769    2.74%          x35_23 U    164    163     14
    218   181      393.8000    73      395.0000      385.0000     7754    2.53%           x2_41 N    218     40     17
    257   218      385.7778    92      395.0000      385.2500     9115    2.47%          x40_28 U    257    222     17
    297   255      385.7545    94      395.0000      385.5429    10497    2.39%           x3_27 D    297    296     16
    487   400      389.2500    49      395.0000      386.5000    16920    2.15%          x17_50 N    487    466     22
Elapsed time = 3.46 sec. (3675.56 ticks, tree = 0.80 MB, solutions = 1)
    700   568      388.0000    52      395.0000      387.0000    24232    2.03%           x1_28 D    700    699     17
    956   768      389.0000     8      395.0000      387.5200    32035    1.89%          x30_45 U    956    673     21
   1203   935      388.1667    75      395.0000      387.9167    38843    1.79%            x8_2 D   1203    899     24
   1463  1104        cutoff            395.0000      388.1151    46927    1.74%          x35_27 U   1463   1461     29
   1736  1284      393.3500    91      395.0000      388.3333    54791    1.69%          x38_11 U   1736   1734     21
   2002  1458      390.8980   118      395.0000      388.5000    62080    1.65%          x40_28 U   2002    530     18
   2250  1586      390.0500    73      395.0000      388.7500    69666    1.58%          x55_19 D   2250   2248     23
   2514  1745      392.5000    16      395.0000      389.0000    77137    1.52%          x12_48 U   2514   2118     23
   2750  1890      391.1471    95      395.0000      389.0288    84696    1.51%          x30_45 U   2750   2748     34
   2998  2052      390.1667    50      395.0000      389.2187    91717    1.46%          x24_40 U   2998   2794     26
Elapsed time = 14.20 sec. (13240.92 ticks, tree = 2.92 MB, solutions = 1)
   3252  2181      389.5000    94      395.0000      389.4000    98708    1.42%           x38_3 D   3252   3165     14
   3485  2318      389.7143    99      395.0000      389.5000   105426    1.39%           x38_3 D   3485   3186     33
   3716  2437        cutoff            395.0000      389.6614   112404    1.35%           x3_43 U   3716   2430     34
   3975  2576      391.5000    10      395.0000      389.7857   119350    1.32%          x55_19 N   3975   3973     16
   4214  2690      390.5000    56      395.0000      389.9644   126451    1.27%          x55_29 D   4214   1583     29
   4455  2801      393.0625    91      395.0000      390.0000   133725    1.27%          x38_55 U   4455   3038     17
   4698  2914      392.2500    34      395.0000      390.1000   140699    1.24%          x12_11 U   4698   4696     21
   4919  2995      393.2857    61      395.0000      390.2500   147267    1.20%           x3_31 U   4919   2640     27
   5147  3110      390.3750    59      395.0000      390.3750   153752    1.17%           x11_3 D   5147   4817     28
   5382  3227      390.8333    68      395.0000      390.5000   160311    1.14%          x53_24 D   5382    468     23
Elapsed time = 23.61 sec. (22797.28 ticks, tree = 4.59 MB, solutions = 1)
   5629  3349        cutoff            395.0000      390.5217   166924    1.13%          x12_11 D   5629    808     24
   5867  3444      391.0000    47      395.0000      390.6667   173275    1.10%          x11_31 D   5867   3671     37
   6094  3549      393.0000    56      395.0000      390.7500   179274    1.08%          x12_11 D   6094   6092     22
   6310  3634      392.3333   117      395.0000      390.8974   185746    1.04%          x12_11 D   6310   5815     17
   6530  3710      392.3333    42      395.0000      391.0000   191420    1.01%          x19_45 U   6530   5038     37
   6765  3781      393.1000    65      395.0000      391.0000   197491    1.01%           x38_3 U   6765   2623     24
   6995  3849      392.0000    80      395.0000      391.0000   203870    1.01%           x57_6 N   6995   6994     17
   7212  3906      393.8333   117      395.0000      391.1190   210545    0.98%           x38_3 U   7212   4825     18
   7433  3978      391.5625   134      395.0000      391.2019   216346    0.96%          x23_39 D   7433    432     12
   7671  4081        cutoff            395.0000      391.3056   221913    0.94%          x46_39 U   7671   5944     13
Elapsed time = 32.04 sec. (32362.13 ticks, tree = 5.74 MB, solutions = 1)
   7894  4145      391.8889    91      395.0000      391.3667   227543    0.92%          x18_56 D   7894   6215     32
   8101  4211      393.0000    46      395.0000      391.5000   232744    0.89%           x43_1 U   8101   7701     22
   8342  4279        cutoff            395.0000      391.5000   237799    0.89%           x24_1 U   8342   8340     46
   8590  4333        cutoff            395.0000      391.5000   243136    0.89%           x57_6 U   8590   7030     22
   8801  4378      391.6250    68      395.0000      391.6071   248512    0.86%          x28_18 D   8801   4880     18
   9026  4433        cutoff            395.0000      391.6667   253289    0.84%          x24_52 D   9026   9024     41
   9245  4482      392.3333    67      395.0000      391.7500   257732    0.82%           x3_31 D   9245   8419     27
   9462  4501      393.3333    63      395.0000      391.7841   262743    0.81%          x18_40 D   9462   6999     26
   9700  4532      391.9375    65      395.0000      391.8846   267339    0.79%          x52_24 D   9700   9112     36
   9921  4580      393.2500    16      395.0000      392.0000   271432    0.76%          x19_45 U   9921   4406     15
Elapsed time = 39.57 sec. (41926.16 ticks, tree = 6.52 MB, solutions = 1)
  10120  4610      393.2000    59      395.0000      392.0000   275588    0.76%          x34_27 D  10120   3187     16
  10323  4606        cutoff            395.0000      392.0000   280469    0.76%          x38_55 U  10323  10321     25
  10538  4607        cutoff            395.0000      392.0000   284800    0.76%          x24_15 U  10538   8948     27
  10736  4611      394.0000   110      395.0000      392.0000   289807    0.76%          x12_11 D  10736   2188     25
  10940  4605      392.1250    22      395.0000      392.0667   294593    0.74%          x12_11 U  10940   3856     25
  11155  4635      393.8333    52      395.0000      392.1667   298609    0.72%          x28_25 U  11155   8978     34
  11385  4677        cutoff            395.0000      392.2083   302317    0.71%          x12_11 D  11385  11383     22
  11587  4732      393.8571    63      395.0000      392.2500   306500    0.70%          x38_55 D  11587   3735     25
  11804  4736      393.0345    70      395.0000      392.3333   310405    0.68%          x38_55 U  11804   4447     21
  12024  4750      393.2500    32      395.0000      392.3333   313692    0.68%          x21_13 D  12024  12022     32
Elapsed time = 46.34 sec. (51490.38 ticks, tree = 6.75 MB, solutions = 1)
  12233  4749        cutoff            395.0000      392.4167   317793    0.65%          x40_15 D  12233   5497     22
  12425  4739      393.5000    23      395.0000      392.5000   321731    0.63%          x55_19 N  12425  10418     26
  12615  4704        cutoff            395.0000      392.5000   325297    0.63%          x11_33 U  12615  12613     27
  12809  4656        cutoff            395.0000      392.5000   329140    0.63%          x19_45 U  12809  12807     35
  13024  4618      393.8333    75      395.0000      392.5000   333193    0.63%          x12_11 U  13024   7574     22
  13220  4592      393.2500    28      395.0000      392.5714   337028    0.61%           x6_12 N  13220   1705     32
  13429  4588      392.6667    48      395.0000      392.6250   340360    0.60%          x40_18 U  13429   8996     13
  13643  4577      393.1667    62      395.0000      392.6667   343504    0.59%          x11_31 D  13643  11931     25
  13856  4538      393.5556    42      395.0000      392.7143   346609    0.58%          x29_55 N  13856  10931     17
  14068  4497      393.2500    63      395.0000      392.7500   349817    0.57%          x27_39 U  14068  12822     33
Elapsed time = 52.12 sec. (61046.54 ticks, tree = 6.48 MB, solutions = 1)
  14265  4467      393.4390    76      395.0000      392.8000   352867    0.56%           x38_3 D  14265  12795     19
  14480  4443        cutoff            395.0000      392.8571   355984    0.54%           x38_3 U  14480   3622     22
  14683  4401        cutoff            395.0000      392.9615   358781    0.52%          x12_11 D  14683   7542     32
  14875  4337        cutoff            395.0000      393.0000   361121    0.51%          x38_55 D  14875  11836     27
  15084  4286        cutoff            395.0000      393.0000   363842    0.51%          x17_50 D  15084   3201     33
  15272  4208      393.2222    52      395.0000      393.0000   366916    0.51%          x31_33 N  15272  11551     36
  15480  4119      393.0000    60      395.0000      393.0000   369654    0.51%          x40_52 D  15480   7002     28
  15684  4053      394.0000    19      395.0000      393.0000   372701    0.51%          x15_40 D  15684  13434     28
  15887  3972        cutoff            395.0000      393.0000   376031    0.51%          x40_15 U  15887   7846     20
  16089  3887        cutoff            395.0000      393.0000   379271    0.51%           x57_6 U  16089   8919     20
Elapsed time = 57.13 sec. (70615.69 ticks, tree = 5.68 MB, solutions = 1)
  16286  3836        cutoff            395.0000      393.1111   381916    0.48%           x6_12 U  16286  12703     28
  16500  3801        cutoff            395.0000      393.1667   384235    0.46%          x24_40 U  16500  12194     27
  16703  3723        cutoff            395.0000      393.2095   386943    0.45%          x46_30 U  16703  16701     23
  16902  3642      393.5714    69      395.0000      393.2500   388991    0.44%          x12_48 N  16902   4979     15
  17102  3550        cutoff            395.0000      393.2857   391156    0.43%          x30_45 U  17102  12327     19
  17309  3478      394.0000    18      395.0000      393.3333   393247    0.42%          x24_40 D  17309  16615     13
  17523  3399      393.5000    16      395.0000      393.3421   395684    0.42%          x24_15 N  17523  16564     25
  17725  3293        cutoff            395.0000      393.4062   397813    0.40%           x45_8 U  17725   9666     40
  17924  3198        cutoff            395.0000      393.4643   399655    0.39%          x12_11 U  17924  14760     26
  18126  3071        cutoff            395.0000      393.5000   401187    0.38%          x29_37 D  18126  13798     27
Elapsed time = 61.73 sec. (80181.45 ticks, tree = 4.49 MB, solutions = 1)
  18326  2920        cutoff            395.0000      393.5000   402964    0.38%          x12_11 D  18326   4118     13
  18532  2792        cutoff            395.0000      393.5000   404857    0.38%           x28_1 U  18532  17760     25
  18746  2677        cutoff            395.0000      393.5000   406732    0.38%          x28_18 U  18746  10968     25
  18953  2517        cutoff            395.0000      393.5000   408578    0.38%           x3_45 U  18953   7301     23
  19158  2397        cutoff            395.0000      393.5833   410434    0.36%          x32_41 D  19158   1006     16
  19362  2247        cutoff            395.0000      393.6429   411908    0.34%          x27_39 D  19362  10302     35
  19565  2101        cutoff            395.0000      393.6667   413258    0.34%          x29_30 U  19565  11850     16
  19773  1953        cutoff            395.0000      393.7273   414576    0.32%          x38_55 D  19773  19011     18
  19998  1781        cutoff            395.0000      393.7500   415761    0.32%          x12_11 U  19998  19069     20
  20843  1053        cutoff            395.0000      394.0000   419569    0.25%          x13_38 D  20843  11545     24
Elapsed time = 66.06 sec. (92599.37 ticks, tree = 1.75 MB, solutions = 1)
  21700   289        cutoff            395.0000      394.0000   423533    0.25%          x18_40 U  21700  19100     25

Cover cuts applied:  3
Mixed integer rounding cuts applied:  1
Zero-half cuts applied:  22
Lift and project cuts applied:  1
Gomory fractional cuts applied:  1
User cuts applied:  1734

Root node processing (before b&c):
  Real time             =    0.31 sec. (516.25 ticks)
Sequential b&c:
  Real time             =   67.16 sec. (97548.63 ticks)
                          ------------
Total (root+branch&cut) =   67.47 sec. (98064.88 ticks)

