Version identifier: 22.1.0.0 | 2022-03-09 | 1a383f8ce
CPXPARAM_Preprocessing_Reduce                    1
CPXPARAM_Threads                                 1
CPXPARAM_Preprocessing_Reformulations            0
CPXPARAM_Emphasis_MIP                            2
CPXPARAM_MIP_Limits_CutPasses                    300
CPXPARAM_TimeLimit                               10800
CPXPARAM_MIP_Limits_TreeMemory                   20000
Legacy callback                                  BbLUID
         Disabling repeat represolve because of lazy constraint/incumbent callback.
1 of 1 MIP starts provided solutions.
MIP start 'm1' defined initial solution with objective 456.0000.
Tried aggregator 1 time.
MIP Presolve eliminated 6034 rows and 0 columns.
MIP Presolve modified 452 coefficients.
Reduced MIP has 574 rows, 2233 columns, and 10736 nonzeros.
Reduced MIP has 2233 binaries, 0 generals, 0 SOSs, and 0 indicators.
Presolve time = 0.01 sec. (10.86 ticks)
Probing time = 0.00 sec. (2.69 ticks)
Clique table members: 576.
MIP emphasis: optimality.
MIP search method: traditional branch-and-cut.
Parallel mode: none, using 1 thread.
Root relaxation solution time = 0.00 sec. (1.68 ticks)

        Nodes                                         Cuts/
   Node  Left     Objective  IInf  Best Integer    Best Bound    ItCnt     Gap         Variable B NodeID Parent  Depth

*     0+    0                          456.0000        0.0000           100.00%
      0     0      412.5000    44      456.0000      346.0000       48   24.12%
      0     0      418.0000    50      456.0000      Cuts: 29       77    8.33%
      0     0      422.6667    87      456.0000      Cuts: 18       92    7.31%
      0     0      426.6667    55      456.0000       Cuts: 6      142    6.43%
      0     0      428.3333    95      456.0000       Cuts: 8      155    6.07%
      0     0      428.6250    99      456.0000      Cuts: 12      175    6.00%
      0     0      429.0000   109      456.0000       Cuts: 4      177    5.92%
      0     0      429.0000   104      456.0000       Cuts: 2      179    5.92%
      0     0      429.2500   106      456.0000       Cuts: 5      200    5.87%
      0     0      431.9444   137      456.0000       Cuts: 9      249    5.28%
      0     0      433.0000    78      456.0000       Cuts: 6      261    5.04%
      0     0      433.0000   133      456.0000       Cuts: 7      271    5.04%
      0     0      433.0000   121      456.0000       Cuts: 8      282    5.04%
      0     0      434.5000   144      456.0000       Cuts: 8      325    4.71%
      0     0      435.2500   142      456.0000      Cuts: 13      344    4.55%
      0     0      437.0455   152      456.0000      Cuts: 22      372    4.16%
      0     0      437.5000    84      456.0000      Cuts: 12      392    4.06%
      0     0      438.0238   150      456.0000      Cuts: 10      423    3.94%
      0     0      438.2400   154      456.0000      Cuts: 10      447    3.89%
      0     0      438.2444   158      456.0000       Cuts: 6      450    3.89%
      0     0      438.5833   148      456.0000       Cuts: 3      462    3.82%
      0     0      439.2857   145      456.0000       Cuts: 8      497    3.67%
      0     0      440.0000   156      456.0000      Cuts: 23      536    3.51%
      0     0      441.2222   152      456.0000       Cuts: 8      574    3.24%
      0     0      441.6667   147      456.0000      Cuts: 10      599    3.14%
      0     0      442.0152   158      456.0000      Cuts: 13      631    3.07%
      0     0      442.1487   152      456.0000      Cuts: 11      659    3.04%
      0     0      442.4444   147      456.0000       Cuts: 6      682    2.97%
      0     0      442.6923   142      456.0000       Cuts: 6      716    2.92%
      0     0      442.7963   157      456.0000      Cuts: 12      743    2.90%
      0     0      442.8270   160      456.0000       Cuts: 4      772    2.89%
      0     0      443.1133   150      456.0000       Cuts: 8      807    2.83%
      0     0      443.1591   156      456.0000      Cuts: 18      834    2.82%
      0     0      443.1603    96      456.0000       Cuts: 7      842    2.82%
      0     0      443.3380   159      456.0000       Cuts: 4      885    2.78%
      0     0      443.3790   159      456.0000       User: 1      888    2.77%
      0     0      443.6755   159      456.0000       Cuts: 4      912    2.70%
      0     0      444.0026   160      456.0000       Cuts: 6      926    2.63%
      0     0      444.1623   148      456.0000       Cuts: 5      948    2.60%
      0     0      444.2000   167      456.0000       Cuts: 6      961    2.59%
      0     0      444.2500   161      456.0000       Cuts: 4      982    2.58%
      0     0      444.3462   160      456.0000       Cuts: 5      998    2.56%
      0     0      444.4000   159      456.0000   ZeroHalf: 2     1015    2.54%
      0     0      444.4607   170      456.0000   ZeroHalf: 4     1048    2.53%
      0     0      444.4820   165      456.0000   ZeroHalf: 1     1060    2.53%
      0     0      444.5606   178      456.0000       Cuts: 2     1082    2.51%
      0     0      444.7245   169      456.0000   ZeroHalf: 6     1112    2.47%
      0     0      444.8577   174      456.0000   ZeroHalf: 3     1150    2.44%
      0     0      445.2648   165      456.0000   ZeroHalf: 5     1203    2.35%
      0     0      445.3588   164      456.0000       Cuts: 7     1232    2.33%
      0     0      445.4535   174      456.0000   ZeroHalf: 8     1265    2.31%
      0     0      445.4535   176      456.0000   ZeroHalf: 2     1267    2.31%
      0     0      445.4696   176      456.0000   ZeroHalf: 1     1274    2.31%
      0     0      445.4696   177      456.0000   ZeroHalf: 1     1275    2.31%
      0     2      445.4696   177      456.0000      445.4891     1275    2.31%                        0             0
Elapsed time = 0.61 sec. (1008.11 ticks, tree = 0.01 MB, solutions = 1)
      2     4      447.0833   109      456.0000      446.2200     1493    2.14%          x60_46 N      2      1      2
      8     4      448.5238   155      456.0000      447.8152     1716    1.79%          x25_23 D      8      6      3
     19    10      454.0333    92      456.0000      447.8152     1939    1.79%           x50_6 D     19     18     14
     31    10      449.8779   136      456.0000      449.8779     2726    1.34%          x46_10 N     31     26      6

Zero-half cuts applied:  24
Gomory fractional cuts applied:  1
User cuts applied:  454

Root node processing (before b&c):
  Real time             =    0.61 sec. (1008.06 ticks)
Sequential b&c:
  Real time             =    0.68 sec. (1236.50 ticks)
                          ------------
Total (root+branch&cut) =    1.30 sec. (2244.56 ticks)

