Version identifier: 22.1.0.0 | 2022-03-09 | 1a383f8ce
CPXPARAM_Preprocessing_Reduce                    1
CPXPARAM_Threads                                 1
CPXPARAM_Preprocessing_Reformulations            0
CPXPARAM_Emphasis_MIP                            2
CPXPARAM_MIP_Limits_CutPasses                    300
CPXPARAM_TimeLimit                               10800
CPXPARAM_MIP_Limits_TreeMemory                   20000
Legacy callback                                  BbLUID
         Disabling repeat represolve because of lazy constraint/incumbent callback.
1 of 1 MIP starts provided solutions.
MIP start 'm1' defined initial solution with objective 488.0000.
Tried aggregator 2 times.
MIP Presolve eliminated 3823 rows and 0 columns.
MIP Presolve modified 363 coefficients.
Aggregator did 2 substitutions.
Reduced MIP has 483 rows, 1734 columns, and 7263 nonzeros.
Reduced MIP has 1734 binaries, 0 generals, 0 SOSs, and 0 indicators.
Presolve time = 0.00 sec. (7.46 ticks)
Probing time = 0.00 sec. (2.51 ticks)
Clique table members: 483.
MIP emphasis: optimality.
MIP search method: traditional branch-and-cut.
Parallel mode: none, using 1 thread.
Root relaxation solution time = 0.00 sec. (1.27 ticks)

        Nodes                                         Cuts/
   Node  Left     Objective  IInf  Best Integer    Best Bound    ItCnt     Gap         Variable B NodeID Parent  Depth

*     0+    0                          488.0000       15.0000            96.93%
      0     0      417.0000    50      488.0000      377.0000       39   22.75%
      0     0      422.0000    18      488.0000      Cuts: 51       62   13.52%
      0     0      427.5000    18      488.0000      Cuts: 20       85   12.40%
      0     0      435.0000    10      488.0000      Cuts: 19       97   10.86%
      0     0      437.0000    23      488.0000      Cuts: 19      112   10.45%
      0     0      439.0000    12      488.0000       Cuts: 7      118   10.04%
      0     0      444.5000    24      488.0000       Cuts: 4      123    8.91%
      0     0      452.2000   121      488.0000       Cuts: 7      131    7.34%
      0     0      453.0000    65      488.0000       Cuts: 9      143    7.17%
      0     0      453.2000    68      488.0000       Cuts: 2      151    7.13%
      0     0      453.3333    70      488.0000       User: 1      154    7.10%
      0     0      453.5000     8      488.0000       Cuts: 5      156    7.07%
      0     0      453.5000     8      488.0000   ZeroHalf: 4      158    7.07%
      0     0      453.5185    74      488.0000   ZeroHalf: 4      166    7.07%
      0     2      453.5185    74      488.0000      453.8148      166    7.01%                        0             0
Elapsed time = 0.14 sec. (210.89 ticks, tree = 0.01 MB, solutions = 1)
     12     8      462.8750   126      488.0000      455.8333      539    6.59%          x59_15 U     12     11      3
     29    15      483.7500    62      488.0000      455.8333      914    6.59%           x57_5 N     29     28     18
     46    26      461.3750    76      488.0000      459.5662     1349    5.83%          x15_57 N     46     44      9
     68    47      463.7778    68      488.0000      462.5578     2201    5.21%          x57_59 N     68     62      4
     97    73      484.2000    69      488.0000      465.0000     3155    4.71%          x14_15 N     97     86     11
    120    95      471.7143    64      488.0000      465.7857     3844    4.55%          x21_57 U    120     58      6
    141   112      468.0000    16      488.0000      466.5000     4825    4.41%          x57_59 N    141     85      8
    165   133      475.6000    75      488.0000      467.5000     5913    4.20%          x39_21 D    165     74      7
    190   153      470.6268   143      488.0000      468.5000     6959    4.00%           x4_54 D    190    176      7
    264   207      477.8750    48      488.0000      470.0000     9576    3.69%          x23_27 U    264    210     26
Elapsed time = 2.07 sec. (3462.26 ticks, tree = 0.37 MB, solutions = 1)
    380   299      471.5714    37      488.0000      471.3077    13709    3.42%          x13_24 U    380    379     44
    502   389      474.0000    64      488.0000      472.1250    18076    3.25%          x57_59 N    502    382     14
    611   460        cutoff            488.0000      472.7500    21271    3.12%          x59_39 U    611    181     10
    727   539      474.9231    56      488.0000      473.5000    25623    2.97%          x15_41 D    727    709     59
    848   632      486.6667    27      488.0000      474.0000    30294    2.87%          x29_53 N    848    846     49
    981   710      482.9375    59      488.0000      474.7368    35411    2.72%          x22_43 U    981    883     15
   1099   784      479.0833    86      488.0000      475.0000    40256    2.66%          x15_21 N   1099   1098     24
   1211   845      476.5333    79      488.0000      475.6667    44964    2.53%          x14_15 D   1211    165      8
   1346   924      479.0000    10      488.0000      476.4655    50163    2.36%            x5_4 U   1346   1219     18
   1463   994      485.0476    87      488.0000      477.0000    55805    2.25%          x14_17 U   1463    157     21
Elapsed time = 7.76 sec. (13071.02 ticks, tree = 2.01 MB, solutions = 1)
   1580  1053      479.6667    75      488.0000      477.3333    59920    2.19%          x49_37 D   1580   1578     16
   1704  1116      478.1000    33      488.0000      477.7778    64811    2.09%          x21_43 D   1704   1623     31
   1821  1179      483.4444    72      488.0000      478.0000    69775    2.05%           x59_5 U   1821   1575     14
   1951  1237        cutoff            488.0000      478.5000    75338    1.95%          x59_21 U   1951   1595     11
   2082  1292        cutoff            488.0000      479.0000    80627    1.84%          x37_59 U   2082   1346     19
   2220  1335      481.7778    75      488.0000      479.2000    85466    1.80%          x21_59 D   2220   1877     13
   2373  1386      485.5000    16      488.0000      479.6154    90086    1.72%           x5_37 U   2373   1906      7
   2501  1426      482.2500    17      488.0000      479.9500    94510    1.65%           x57_4 D   2501    963     18
   2620  1462      482.3333    74      488.0000      480.0000    99169    1.64%           x57_4 D   2620    979     12
   2751  1496        cutoff            488.0000      480.4000   104210    1.56%            x5_4 U   2751   2208     15
Elapsed time = 13.06 sec. (22654.58 ticks, tree = 2.47 MB, solutions = 1)
   2880  1522      480.7273    65      488.0000      480.5833   108859    1.52%            x5_4 D   2880   1977     13
   3017  1560        cutoff            488.0000      481.0000   113481    1.43%          x59_37 U   3017   1870     14
   3159  1545        cutoff            488.0000      481.0000   118114    1.43%           x15_5 U   3159   2739      9
   3281  1554        cutoff            488.0000      481.4444   121907    1.34%          x59_37 D   3281   3199     19
   3424  1564      482.0000    10      488.0000      481.6250   125876    1.31%           x5_50 D   3424    756     21
   3572  1555      482.6667   107      488.0000      482.0000   130400    1.23%          x49_54 N   3572   2879     20
   3718  1555      486.6667    51      488.0000      482.1000   134311    1.21%          x59_37 D   3718   3279     21
   3861  1568      483.1852    69      488.0000      482.4167   138483    1.14%          x39_22 N   3861   3859     16
   4000  1567      484.5000    73      488.0000      482.5556   142790    1.12%          x22_57 D   4000   1669     11
   4139  1550        cutoff            488.0000      482.8571   146910    1.05%            x4_5 U   4139   4121     15
Elapsed time = 17.82 sec. (32275.98 ticks, tree = 2.22 MB, solutions = 1)
   4278  1530      484.2500    57      488.0000      483.0000   150567    1.02%           x37_4 N   4278   3517     15
   4418  1504        cutoff            488.0000      483.2500   154474    0.97%           x5_15 U   4418   3419     12
   4565  1481        cutoff            488.0000      483.5000   157888    0.92%          x57_59 D   4565   3759     15
   4703  1453      486.2500    50      488.0000      483.7500   161466    0.87%          x12_24 D   4703   3444     12
   4856  1374        cutoff            488.0000      484.0000   164932    0.82%          x12_24 D   4856   3183     12
   5005  1305      484.8333    72      488.0000      484.1667   168140    0.79%           x57_4 D   5005   3129     12
   5143  1253        cutoff            488.0000      484.5000   171329    0.72%          x59_37 U   5143   4173     17
   5291  1204      485.0000    25      488.0000      484.6667   174369    0.68%           x37_4 D   5291   3918     22
   5444  1144        cutoff            488.0000      485.0000   177053    0.61%          x37_15 D   5444   3896      9
   5600  1045      485.8333    70      488.0000      485.0000   179442    0.61%           x4_37 N   5600   1757     16
Elapsed time = 21.59 sec. (41854.63 ticks, tree = 1.29 MB, solutions = 1)
   5760   958        cutoff            488.0000      485.3750   181800    0.54%            x5_4 D   5760   4274     18
   5908   867        cutoff            488.0000      485.6000   183838    0.49%          x12_24 D   5908   2680     15
   6060   761        cutoff            488.0000      486.0000   185422    0.41%          x23_27 U   6060    917     24
   6224   636        cutoff            488.0000      486.0000   187110    0.41%           x5_15 D   6224   1814     16
   6384   486      486.6000    65      488.0000      486.3250   188548    0.34%          x59_21 N   6384   5039     13
   6549   352      487.0000    20      488.0000      486.5357   189741    0.30%          x21_22 N   6549   4379     19
   6720   208        cutoff            488.0000      486.9375   190697    0.22%           x37_4 U   6720   3350     27
   6906    33        cutoff            488.0000      487.0000   191357    0.20%           x59_5 U   6906   4011     17

Cover cuts applied:  3
Zero-half cuts applied:  11
Gomory fractional cuts applied:  2
User cuts applied:  2140

Root node processing (before b&c):
  Real time             =    0.14 sec. (210.85 ticks)
Sequential b&c:
  Real time             =   23.61 sec. (49530.63 ticks)
                          ------------
Total (root+branch&cut) =   23.75 sec. (49741.48 ticks)

