Version identifier: 22.1.0.0 | 2022-03-09 | 1a383f8ce
CPXPARAM_Preprocessing_Reduce                    1
CPXPARAM_Threads                                 1
CPXPARAM_Preprocessing_Reformulations            0
CPXPARAM_Emphasis_MIP                            2
CPXPARAM_MIP_Limits_CutPasses                    300
CPXPARAM_TimeLimit                               10800
CPXPARAM_MIP_Limits_TreeMemory                   20000
Legacy callback                                  BbLUID
         Disabling repeat represolve because of lazy constraint/incumbent callback.
1 of 1 MIP starts provided solutions.
MIP start 'm1' defined initial solution with objective 460.0000.
Tried aggregator 1 time.
MIP Presolve eliminated 3653 rows and 0 columns.
MIP Presolve modified 372 coefficients.
Reduced MIP has 494 rows, 1814 columns, and 7621 nonzeros.
Reduced MIP has 1814 binaries, 0 generals, 0 SOSs, and 0 indicators.
Presolve time = 0.00 sec. (6.73 ticks)
Probing time = 0.00 sec. (2.51 ticks)
Clique table members: 498.
MIP emphasis: optimality.
MIP search method: traditional branch-and-cut.
Parallel mode: none, using 1 thread.
Root relaxation solution time = 0.00 sec. (1.81 ticks)

        Nodes                                         Cuts/
   Node  Left     Objective  IInf  Best Integer    Best Bound    ItCnt     Gap         Variable B NodeID Parent  Depth

*     0+    0                          460.0000        0.0000           100.00%
      0     0      397.0000    17      460.0000      356.0000       83   22.61%
      0     0      411.5000    72      460.0000      Cuts: 35      106   10.54%
      0     0      413.0000    40      460.0000      Cuts: 31      124   10.22%
      0     0      415.5000    52      460.0000      Cuts: 37      145    9.67%
      0     0      417.0000    28      460.0000      Cuts: 24      163    9.35%
      0     0      418.5000    54      460.0000       Cuts: 5      168    9.02%
      0     0      419.8571   112      460.0000       Cuts: 3      172    8.73%
      0     0      420.3571    72      460.0000       Cuts: 4      174    8.62%
      0     0      421.3571   116      460.0000      Cuts: 17      184    8.40%
      0     0      422.7222   123      460.0000       Cuts: 6      205    8.10%
      0     0      424.5000   112      460.0000       Cuts: 4      219    7.72%
      0     0      425.0833   125      460.0000       Cuts: 8      229    7.59%
      0     0      426.8542   118      460.0000       Cuts: 4      241    7.21%
      0     0      427.8125   118      460.0000       Cuts: 5      251    7.00%
      0     0      428.0000    97      460.0000       Cuts: 5      253    6.96%
      0     0      428.0833   105      460.0000       Cuts: 3      255    6.94%
      0     0      429.2500   116      460.0000       Cuts: 3      282    6.68%
      0     0      429.5000    50      460.0000       Cuts: 9      292    6.63%
      0     0      430.2500   108      460.0000       Cuts: 6      314    6.47%
      0     0      430.3571   124      460.0000       Cuts: 9      330    6.44%
      0     0      430.9333   136      460.0000       Cuts: 7      344    6.32%
      0     0      431.2222   132      460.0000       User: 1      353    6.26%
      0     0      431.3636   134      460.0000       User: 1      357    6.23%
      0     0      432.1111   136      460.0000       Cuts: 3      373    6.06%
      0     0      432.3067   140      460.0000       Cuts: 5      378    6.02%
      0     0      432.4444   141      460.0000       Cuts: 7      388    5.99%
      0     0      432.4444   143      460.0000       User: 1      390    5.99%
      0     0      432.4667   123      460.0000       Cuts: 2      394    5.99%
      0     0      433.0000   138      460.0000       Cuts: 2      403    5.87%
      0     0      434.6111   124      460.0000       Cuts: 3      418    5.52%
      0     0      434.9890   140      460.0000       Cuts: 6      438    5.44%
      0     0      435.1562   100      460.0000       Cuts: 2      445    5.40%
      0     0      435.4091   102      460.0000       Cuts: 2      448    5.35%
      0     0      435.4286   100      460.0000       Cuts: 2      452    5.34%
      0     0      435.4324   101      460.0000       User: 2      453    5.34%
      0     0      435.8148    85      460.0000       User: 1      464    5.26%
      0     0      436.1429    84      460.0000       Cuts: 7      475    5.19%
      0     0      436.5556   100      460.0000       Cuts: 2      490    5.10%
      0     0      436.6250   107      460.0000       Cuts: 2      495    5.08%
      0     0      436.7143    97      460.0000       Cuts: 2      509    5.06%
      0     0      436.9444   148      460.0000       Cuts: 2      525    5.01%
      0     0      436.9545   116      460.0000       User: 1      526    5.01%
      0     0      436.9545    94      460.0000       User: 2      528    5.01%
      0     0      438.7531   161      460.0000      User: 11      556    4.62%
      0     0      439.0630   162      460.0000       Cuts: 6      565    4.55%
      0     0      439.6389   160      460.0000       Cuts: 3      590    4.43%
      0     0      439.8750   112      460.0000       Cuts: 5      608    4.37%
      0     0      439.9722    79      460.0000       Cuts: 7      623    4.35%
      0     0      440.1968   167      460.0000       Cuts: 2      646    4.31%
      0     0      440.8543   154      460.0000       User: 1      666    4.16%
      0     0      441.3200   148      460.0000       User: 1      686    4.06%
      0     0      441.4935   151      460.0000       Cuts: 3      700    4.02%
      0     0      442.9682   136      460.0000       Cuts: 2      747    3.70%
      0     0      443.0682   134      460.0000       Cuts: 2      758    3.68%
      0     0      443.2000   132      460.0000   ZeroHalf: 2      769    3.65%
      0     0      443.6141   147      460.0000       Cuts: 6      828    3.56%
      0     0      443.6913   152      460.0000       Cuts: 7      835    3.55%
      0     0      443.7110   154      460.0000       Cuts: 2      839    3.54%
      0     2      443.7110   154      460.0000      443.8403      839    3.51%                        0             0
Elapsed time = 0.51 sec. (820.19 ticks, tree = 0.01 MB, solutions = 1)
      3     5      446.6667    89      460.0000      445.2250     1012    3.21%           x51_7 N      3      1      2
      9    10      448.3333    94      460.0000      445.2250     1191    3.21%            x7_1 N      9      8      7
     28    25      449.6667   133      460.0000      445.2829     1799    3.20%          x27_37 N     28     25     10
     50    40      451.3651   111      460.0000      445.3462     2687    3.19%           x7_46 N     50      2      3
     70    57      452.7333    99      460.0000      448.8333     4401    2.43%           x7_46 N     70     10      9
    107    93      450.0769    64      460.0000      449.7647     5871    2.23%          x15_60 D    107     88     19
    146   128      454.1111   101      460.0000      450.1111     7740    2.15%          x51_34 N    146    112     15
    183   159      453.7319   101      460.0000      450.6176     9236    2.04%          x26_57 U    183    148     17
    223   193      456.3333    84      460.0000      451.0000    10935    1.96%          x26_43 N    223    181     12
    408   360      453.3333   109      460.0000      452.0000    19020    1.74%           x5_34 N    408    377      9
Elapsed time = 3.23 sec. (4010.75 ticks, tree = 0.86 MB, solutions = 1)
    627   516        cutoff            460.0000      453.0000    28113    1.52%          x58_43 U    627    347     15
    849   656      453.7857    66      460.0000      453.5000    37438    1.41%          x32_23 D    849    302     17
   1110   822      454.2857    72      460.0000      453.9750    46514    1.31%          x32_23 D   1110    374     18
   1369   968      454.7353    96      460.0000      454.2500    56418    1.25%           x3_57 N   1369   1197     31
   1631  1122        cutoff            460.0000      454.5000    65754    1.20%          x58_43 U   1631   1305     17
   1908  1259        cutoff            460.0000      454.8333    75377    1.12%           x3_57 D   1908   1906     14
   2183  1365        cutoff            460.0000      455.0196    85722    1.08%          x58_43 U   2183   1001     18
   2453  1478      456.6667   132      460.0000      455.3191    94675    1.02%          x18_15 D   2453    659     16
   2727  1608      456.5556    98      460.0000      455.5000   104203    0.98%          x57_26 D   2727   2566     20
   3009  1670      457.1154   132      460.0000      455.7500   114331    0.92%           x29_3 N   3009   1045     18
Elapsed time = 13.14 sec. (13572.28 ticks, tree = 1.79 MB, solutions = 1)
   3282  1744        cutoff            460.0000      456.0000   122905    0.87%          x16_15 U   3282   2909     26
   3562  1816        cutoff            460.0000      456.1667   132797    0.83%          x58_43 U   3562   3392     11
   3875  1884        cutoff            460.0000      456.4167   141804    0.78%          x14_43 U   3875   2665     25
   4170  1940      456.7083   121      460.0000      456.5532   150852    0.75%          x13_19 U   4170   1336     22
   4456  1975        cutoff            460.0000      456.8000   158554    0.70%           x3_57 U   4456   4054     23
   4774  2004        cutoff            460.0000      457.0000   166181    0.65%           x57_3 U   4774   3725     25
   5078  1991      458.4211   139      460.0000      457.1429   173490    0.62%          x14_60 D   5078   5077     22
   5414  1957        cutoff            460.0000      457.3333   180585    0.58%          x46_30 U   5414   4353     18
   5741  1894        cutoff            460.0000      457.5000   187069    0.54%          x14_60 U   5741   2204     17
   6074  1826        cutoff            460.0000      457.6667   193455    0.51%          x19_13 U   6074   6065     23
Elapsed time = 21.42 sec. (23123.74 ticks, tree = 1.95 MB, solutions = 1)
   6441  1746        cutoff            460.0000      457.8750   199128    0.46%          x16_15 U   6441   6439     29
   6796  1623      458.3333    79      460.0000      458.0000   204828    0.43%          x14_60 D   6796   5716     18
   7164  1488        cutoff            460.0000      458.1667   209994    0.40%          x18_15 U   7164   5598     24
   7543  1271        cutoff            460.0000      458.3333   214217    0.36%           x3_57 D   7543   1889     20
   7927  1017        cutoff            460.0000      458.5000   218016    0.33%          x13_19 D   7927   6250     29
   8309   735        cutoff            460.0000      458.6667   221215    0.29%           x29_3 U   8309   1038     13
   8699   393        cutoff            460.0000      458.9167   223486    0.24%          x43_39 D   8699   8135     20
   9106    20        cutoff            460.0000      459.0000   225314    0.22%          x18_15 U   9106   1727     16

Cover cuts applied:  1
Zero-half cuts applied:  36
Gomory fractional cuts applied:  3
User cuts applied:  1091

Root node processing (before b&c):
  Real time             =    0.51 sec. (820.14 ticks)
Sequential b&c:
  Real time             =   25.17 sec. (30054.35 ticks)
                          ------------
Total (root+branch&cut) =   25.67 sec. (30874.49 ticks)

