Version identifier: 22.1.0.0 | 2022-03-09 | 1a383f8ce
CPXPARAM_Preprocessing_Reduce                    1
CPXPARAM_Threads                                 1
CPXPARAM_Preprocessing_Reformulations            0
CPXPARAM_Emphasis_MIP                            2
CPXPARAM_MIP_Limits_CutPasses                    300
CPXPARAM_TimeLimit                               10800
CPXPARAM_MIP_Limits_TreeMemory                   20000
Legacy callback                                  BbLUID
         Disabling repeat represolve because of lazy constraint/incumbent callback.
1 of 1 MIP starts provided solutions.
MIP start 'm1' defined initial solution with objective 427.0000.
Tried aggregator 1 time.
MIP Presolve eliminated 2912 rows and 0 columns.
MIP Presolve modified 273 coefficients.
Reduced MIP has 395 rows, 1766 columns, and 6618 nonzeros.
Reduced MIP has 1766 binaries, 0 generals, 0 SOSs, and 0 indicators.
Presolve time = 0.00 sec. (5.37 ticks)
Probing time = 0.00 sec. (2.52 ticks)
Clique table members: 397.
MIP emphasis: optimality.
MIP search method: traditional branch-and-cut.
Parallel mode: none, using 1 thread.
Root relaxation solution time = 0.00 sec. (1.63 ticks)

        Nodes                                         Cuts/
   Node  Left     Objective  IInf  Best Integer    Best Bound    ItCnt     Gap         Variable B NodeID Parent  Depth

*     0+    0                          427.0000        0.0000           100.00%
      0     0      393.5000    76      427.0000      336.0000      137   21.31%
      0     0      410.2500    33      427.0000      Cuts: 28      177    3.92%
      0     0      415.5000   110      427.0000      Cuts: 45      222    2.69%
      0     0      416.1000    72      427.0000      Cuts: 12      246    2.55%
      0     0      418.2500    77      427.0000      Cuts: 14      259    2.05%
      0     0      420.5000    52      427.0000      Cuts: 17      282    1.52%
      0     0      421.1538   130      427.0000      Cuts: 18      317    1.37%
      0     0      421.6667   112      427.0000      Cuts: 23      335    1.25%
      0     0      422.6875   134      427.0000      Cuts: 13      367    1.01%
      0     0      423.2500   111      427.0000      Cuts: 17      393    0.88%
      0     0      423.3333   118      427.0000      Cuts: 21      426    0.86%
      0     0      424.0000   114      427.0000      Cuts: 12      442    0.70%
      0     0      424.0000   134      427.0000      Cuts: 12      467    0.70%
      0     0      424.0435    91      427.0000      Cuts: 15      502    0.69%
      0     0      424.3552   147      427.0000      Cuts: 14      538    0.62%
      0     0      424.6486    92      427.0000       Cuts: 9      550    0.55%
      0     0      424.6667    90      427.0000      Cuts: 12      557    0.55%
      0     0      424.9697   131      427.0000       Cuts: 7      579    0.48%
      0     0      425.0000    73      427.0000      Cuts: 10      590    0.47%
      0     0      425.1111   132      427.0000      Cuts: 12      615    0.44%
      0     0      425.1911   143      427.0000      Cuts: 15      642    0.42%
      0     0      425.2222   136      427.0000       Cuts: 2      649    0.42%
      0     0      425.3776   130      427.0000   ZeroHalf: 6      666    0.38%
      0     0      425.4275   145      427.0000       Cuts: 6      684    0.37%
      0     0      425.6224   149      427.0000      Cuts: 12      699    0.32%
      0     0      425.6318   146      427.0000      Cuts: 13      708    0.32%
      0     0      425.6429   138      427.0000       Cuts: 7      716    0.32%
      0     0      426.0000    68      427.0000  ZeroHalf: 25      743    0.23%
      0     0        cutoff            427.0000                    764    0.00%                        0             0
Elapsed time = 0.17 sec. (224.61 ticks, tree = 0.01 MB, solutions = 1)

Zero-half cuts applied:  50
Gomory fractional cuts applied:  1
User cuts applied:  306

Root node processing (before b&c):
  Real time             =    0.17 sec. (224.64 ticks)
Sequential b&c:
  Real time             =    0.00 sec. (0.00 ticks)
                          ------------
Total (root+branch&cut) =    0.17 sec. (224.64 ticks)

