Version identifier: 22.1.0.0 | 2022-03-09 | 1a383f8ce
CPXPARAM_Preprocessing_Reduce                    1
CPXPARAM_Threads                                 1
CPXPARAM_Preprocessing_Reformulations            0
CPXPARAM_Emphasis_MIP                            2
CPXPARAM_MIP_Limits_CutPasses                    300
CPXPARAM_TimeLimit                               10800
CPXPARAM_MIP_Limits_TreeMemory                   20000
Legacy callback                                  BbLUID
         Disabling repeat represolve because of lazy constraint/incumbent callback.
1 of 1 MIP starts provided solutions.
MIP start 'm1' defined initial solution with objective 423.0000.
Tried aggregator 1 time.
MIP Presolve eliminated 3751 rows and 0 columns.
MIP Presolve modified 396 coefficients.
Reduced MIP has 518 rows, 1798 columns, and 8174 nonzeros.
Reduced MIP has 1798 binaries, 0 generals, 0 SOSs, and 0 indicators.
Presolve time = 0.00 sec. (7.52 ticks)
Probing time = 0.00 sec. (2.52 ticks)
Clique table members: 518.
MIP emphasis: optimality.
MIP search method: traditional branch-and-cut.
Parallel mode: none, using 1 thread.
Root relaxation solution time = 0.00 sec. (1.31 ticks)

        Nodes                                         Cuts/
   Node  Left     Objective  IInf  Best Integer    Best Bound    ItCnt     Gap         Variable B NodeID Parent  Depth

*     0+    0                          423.0000        0.0000           100.00%
      0     0      373.5000    18      423.0000      332.0000       74   21.51%
      0     0      404.5000    20      423.0000      Cuts: 61      132    4.37%
      0     0      411.5000    12      423.0000      Cuts: 24      152    2.72%
      0     0      417.0000    18      423.0000      Cuts: 28      165    1.42%
      0     0      417.0000    14      423.0000       Cuts: 8      171    1.42%
      0     0      420.5000    16      423.0000      Cuts: 18      200    0.59%
      0     0      420.5000    18      423.0000   ZeroHalf: 3      203    0.59%
      0     0      420.5000    22      423.0000       Cuts: 3      206    0.59%
      0     0      420.5000    39      423.0000   ZeroHalf: 2      211    0.59%
      0     0      420.5000    20      423.0000   ZeroHalf: 5      223    0.59%
      0     0      421.5000    34      423.0000       Cuts: 6      236    0.35%
      0     0      422.0000    30      423.0000      Cuts: 10      243    0.24%
      0     0      422.0000    32      423.0000   ZeroHalf: 5      247    0.24%
      0     0      422.0000    43      423.0000   ZeroHalf: 4      251    0.24%
      0     0      422.0000    32      423.0000  ZeroHalf: 12      259    0.24%
      0     0      422.0000    37      423.0000   ZeroHalf: 5      262    0.24%
      0     0      422.0000    20      423.0000   ZeroHalf: 3      267    0.24%
      0     0      422.0000    22      423.0000   ZeroHalf: 1      271    0.24%
      0     0      422.0000    37      423.0000   ZeroHalf: 2      273    0.24%
      0     0      422.0000    18      423.0000   ZeroHalf: 9      282    0.24%
      0     0        cutoff            423.0000                    298    0.00%                        0             0
Elapsed time = 0.09 sec. (140.13 ticks, tree = 0.01 MB, solutions = 1)

Zero-half cuts applied:  10
Gomory fractional cuts applied:  1
User cuts applied:  280

Root node processing (before b&c):
  Real time             =    0.09 sec. (140.16 ticks)
Sequential b&c:
  Real time             =    0.00 sec. (0.00 ticks)
                          ------------
Total (root+branch&cut) =    0.09 sec. (140.16 ticks)

