Version identifier: 22.1.0.0 | 2022-03-09 | 1a383f8ce
CPXPARAM_Preprocessing_Reduce                    1
CPXPARAM_Threads                                 1
CPXPARAM_Preprocessing_Reformulations            0
CPXPARAM_Emphasis_MIP                            2
CPXPARAM_MIP_Limits_CutPasses                    300
CPXPARAM_TimeLimit                               10800
CPXPARAM_MIP_Limits_TreeMemory                   20000
Legacy callback                                  BbLUID
         Disabling repeat represolve because of lazy constraint/incumbent callback.
1 of 1 MIP starts provided solutions.
MIP start 'm1' defined initial solution with objective 411.0000.
Tried aggregator 1 time.
MIP Presolve eliminated 5319 rows and 0 columns.
MIP Presolve modified 411 coefficients.
Reduced MIP has 533 rows, 2193 columns, and 9422 nonzeros.
Reduced MIP has 2193 binaries, 0 generals, 0 SOSs, and 0 indicators.
Presolve time = 0.01 sec. (9.10 ticks)
Probing time = 0.00 sec. (2.69 ticks)
Clique table members: 533.
MIP emphasis: optimality.
MIP search method: traditional branch-and-cut.
Parallel mode: none, using 1 thread.
Root relaxation solution time = 0.00 sec. (1.69 ticks)

        Nodes                                         Cuts/
   Node  Left     Objective  IInf  Best Integer    Best Bound    ItCnt     Gap         Variable B NodeID Parent  Depth

*     0+    0                          411.0000        0.0000           100.00%
      0     0      354.0000    55      411.0000      314.0000       78   23.60%
      0     0      366.0000    18      411.0000      Cuts: 42      111   10.95%
      0     0      372.3333    90      411.0000      Cuts: 19      135    9.41%
      0     0      372.6667    63      411.0000      Cuts: 15      145    9.33%
      0     0      373.1250    92      411.0000      Cuts: 16      176    9.22%
      0     0      374.0208   122      411.0000      Cuts: 16      206    9.00%
      0     0      374.0833   116      411.0000      Cuts: 18      216    8.98%
      0     0      375.2083   103      411.0000      Cuts: 13      249    8.71%
      0     0      376.9375   109      411.0000       Cuts: 9      257    8.29%
      0     0      377.3571   119      411.0000       Cuts: 8      269    8.19%
      0     0      377.5000   128      411.0000       User: 1      275    8.15%
      0     0      377.6667   125      411.0000       Cuts: 6      282    8.11%
      0     0      377.8333   115      411.0000       Cuts: 2      288    8.07%
      0     0      377.8333   113      411.0000       Cuts: 8      291    8.07%
      0     0      377.8571   125      411.0000       Cuts: 3      297    8.06%
      0     0      377.8571   124      411.0000       Cuts: 9      303    8.06%
      0     0      378.1250    81      411.0000       Cuts: 2      313    8.00%
      0     0      378.5000   125      411.0000       Cuts: 4      327    7.91%
      0     0      378.6333   109      411.0000       Cuts: 7      341    7.88%
      0     0      378.7692    91      411.0000       Cuts: 3      352    7.84%
      0     0      380.4000   103      411.0000       User: 4      393    7.45%
      0     0      382.0720   126      411.0000       Cuts: 8      434    7.04%
      0     0      382.5741   114      411.0000       Cuts: 8      453    6.92%
      0     0      382.8261   139      411.0000       Cuts: 4      468    6.85%
      0     0      383.0833   106      411.0000      Cuts: 10      481    6.79%
      0     0      383.2874   140      411.0000       Cuts: 7      500    6.74%
      0     0      383.5000    97      411.0000       Cuts: 3      507    6.69%
      0     0      383.6393   148      411.0000       Cuts: 5      518    6.66%
      0     0      383.6774   148      411.0000       User: 1      522    6.65%
      0     0      383.9459   120      411.0000       User: 1      538    6.58%
      0     0      383.9474   131      411.0000       Cuts: 4      542    6.58%
      0     0      384.2632   124      411.0000       Cuts: 2      552    6.51%
      0     0      384.3906   140      411.0000       Cuts: 3      566    6.47%
      0     0      384.6042   127      411.0000       Cuts: 3      606    6.42%
      0     0      385.0000   127      411.0000       Cuts: 3      621    6.33%
      0     0      385.0921   125      411.0000       User: 4      646    6.30%
      0     0      385.3666   153      411.0000       Cuts: 3      668    6.24%
      0     0      385.4000   100      411.0000       User: 1      672    6.23%
      0     0      385.5000   101      411.0000       Cuts: 6      680    6.20%
      0     0      385.6940   126      411.0000       Cuts: 3      703    6.16%
      0     0      385.7097   147      411.0000       User: 3      709    6.15%
      0     0      386.4118   127      411.0000       Cuts: 2      733    5.98%
      0     0      386.6796   128      411.0000       Cuts: 2      753    5.92%
      0     2      386.6796   128      411.0000      386.7368      753    5.90%                        0             0
Elapsed time = 0.49 sec. (959.88 ticks, tree = 0.01 MB, solutions = 1)
      1     3      388.0000   106      411.0000      388.0000      775    5.60%          x40_60 D      1      0      1
      3     5      398.9474    80      411.0000      388.0000     1086    5.60%          x15_14 U      3      2      2
     15    11      396.5000    68      411.0000      390.5385     1760    4.98%          x40_29 N     15     13      8
     28    15      402.5556    90      411.0000      391.0000     2506    4.87%          x53_60 D     28     27      5
     35    22      392.9250   101      411.0000      393.0000     3197    4.38%          x15_14 D     35      2      2
     51    33      405.1111    86      411.0000      396.5342     4122    3.52%          x49_39 N     51      8      3
     66    41      400.4792   115      411.0000      397.6857     4889    3.24%          x48_60 D     66     65      8
     85    48      399.5000    18      411.0000      398.0000     6024    3.16%          x45_44 N     85     83      9
    108    68      398.7143    75      411.0000      398.3939     7183    3.07%          x44_40 D    108    107     12
    206   144      409.6250   117      411.0000      399.8571    11641    2.71%          x13_15 U    206    199     22
Elapsed time = 2.60 sec. (4253.78 ticks, tree = 0.53 MB, solutions = 1)
    305   210      407.9286    96      411.0000      400.8571    16324    2.47%          x60_39 D    305    235     17
    422   293        cutoff            411.0000      401.7183    22047    2.26%          x40_24 U    422    214     15
    559   386        cutoff            411.0000      402.3750    28476    2.10%          x45_55 U    559    373     17
    679   452      407.2500    62      411.0000      402.7778    33479    2.00%          x49_42 U    679    677     19
    800   507      403.0952    90      411.0000      403.1111    39375    1.92%          x10_55 D    800    600     15
    966   586      409.5000    94      411.0000      403.5714    46352    1.81%          x45_57 N    966    875     25
   1144   668      407.5000    66      411.0000      404.0000    53479    1.70%          x15_14 D   1144    811     18
   1300   734      405.0000    38      411.0000      404.2857    60125    1.63%          x49_42 D   1300   1132     21
   1481   804      409.0000    80      411.0000      404.6032    67142    1.56%          x57_32 N   1481    155     11
   1654   873      408.5000    35      411.0000      405.0000    74305    1.46%          x47_49 D   1654    570     26
Elapsed time = 10.26 sec. (13861.69 ticks, tree = 1.77 MB, solutions = 1)
   1839   920      405.5294    51      411.0000      405.2500    81103    1.40%          x49_47 D   1839   1758     13
   2002   962        cutoff            411.0000      405.5000    87809    1.34%          x49_47 U   2002   1748     12
   2196  1000      406.1667    69      411.0000      405.7662    93667    1.27%          x44_46 D   2196   1141     24
   2374  1052      408.0833    59      411.0000      406.0000   100120    1.22%          x55_10 D   2374   2373     29
   2556  1067        cutoff            411.0000      406.2292   105781    1.16%          x10_32 U   2556   1826     35
   2750  1101        cutoff            411.0000      406.5000   111703    1.09%           x45_9 U   2750   2748     40
   2935  1142      407.8750    95      411.0000      406.7500   117040    1.03%          x10_32 D   2935   2682     17
   3136  1172      407.8025   107      411.0000      407.0000   122832    0.97%          x47_49 N   3136   1112     12
   3344  1201        cutoff            411.0000      407.2500   128613    0.91%          x57_46 U   3344   3342     41
   3552  1209        cutoff            411.0000      407.5000   134365    0.85%          x44_46 U   3552   2610     24
Elapsed time = 17.43 sec. (23452.90 ticks, tree = 1.84 MB, solutions = 1)
   3744  1220        cutoff            411.0000      407.6667   139252    0.81%          x10_45 U   3744   3446     23
   3949  1199        cutoff            411.0000      407.9167   144316    0.75%          x47_49 D   3949   2516     25
   4151  1147      408.6667    62      411.0000      408.0000   148968    0.73%          x46_10 U   4151    338      9
   4352  1120        cutoff            411.0000      408.2857   153367    0.66%          x45_10 U   4352   1652     27
   4560  1086      409.0000    53      411.0000      408.4931   157653    0.61%          x47_49 U   4560   3907     26
   4799  1021        cutoff            411.0000      408.6667   161411    0.57%          x46_44 U   4799   3915     17
   5030   957        cutoff            411.0000      408.8750   164890    0.52%          x46_10 D   5030   3597     30
   5238   861        cutoff            411.0000      409.0000   167888    0.49%          x49_42 U   5238    704     28
   5473   762      409.2177   109      411.0000      409.2143   171211    0.43%          x44_46 N   5473   5421     25
   5700   610      409.8000    64      411.0000      409.3750   174005    0.40%          x10_41 D   5700   5484     19
Elapsed time = 22.69 sec. (33018.52 ticks, tree = 0.92 MB, solutions = 1)
   5929   439        cutoff            411.0000      409.5909   176936    0.34%          x49_39 U   5929   3175     18
   6172   256        cutoff            411.0000      409.8750   178775    0.27%           x2_32 D   6172   4809     35
   6419    26        cutoff            411.0000      410.0000   179941    0.24%          x24_40 U   6419   4840     38

Cover cuts applied:  2
Zero-half cuts applied:  19
User cuts applied:  1384

Root node processing (before b&c):
  Real time             =    0.49 sec. (959.81 ticks)
Sequential b&c:
  Real time             =   23.15 sec. (35083.46 ticks)
                          ------------
Total (root+branch&cut) =   23.64 sec. (36043.28 ticks)

