Version identifier: 22.1.0.0 | 2022-03-09 | 1a383f8ce
CPXPARAM_Preprocessing_Reduce                    1
CPXPARAM_Threads                                 1
CPXPARAM_Preprocessing_Reformulations            0
CPXPARAM_Emphasis_MIP                            2
CPXPARAM_MIP_Limits_CutPasses                    300
CPXPARAM_TimeLimit                               10800
CPXPARAM_MIP_Limits_TreeMemory                   20000
Legacy callback                                  BbLUID
         Disabling repeat represolve because of lazy constraint/incumbent callback.
1 of 1 MIP starts provided solutions.
MIP start 'm1' defined initial solution with objective 580.0000.
Tried aggregator 1 time.
MIP Presolve eliminated 7451 rows and 0 columns.
MIP Presolve modified 509 coefficients.
Reduced MIP has 671 rows, 2947 columns, and 12754 nonzeros.
Reduced MIP has 2947 binaries, 0 generals, 0 SOSs, and 0 indicators.
Presolve time = 0.01 sec. (12.96 ticks)
Probing time = 0.00 sec. (2.86 ticks)
Clique table members: 671.
MIP emphasis: optimality.
MIP search method: traditional branch-and-cut.
Parallel mode: none, using 1 thread.
Root relaxation solution time = 0.00 sec. (2.81 ticks)

        Nodes                                         Cuts/
   Node  Left     Objective  IInf  Best Integer    Best Bound    ItCnt     Gap         Variable B NodeID Parent  Depth

*     0+    0                          580.0000        0.0000           100.00%
      0     0      522.8333    81      580.0000      458.0000      111   21.03%
      0     0      531.0000    23      580.0000      Cuts: 49      142    8.45%
      0     0      538.5000    57      580.0000      Cuts: 12      148    7.16%
      0     0      547.0000   127      580.0000      Cuts: 29      185    5.69%
      0     0      548.8333   103      580.0000      Cuts: 22      222    5.37%
      0     0      551.5000    16      580.0000      Cuts: 13      227    4.91%
      0     0      553.5000    39      580.0000       Cuts: 3      239    4.57%
      0     0      553.6667    30      580.0000      Cuts: 16      245    4.54%
      0     0      555.1667    79      580.0000      Cuts: 16      253    4.28%
      0     0      555.1667    75      580.0000       Cuts: 8      260    4.28%
      0     0      555.6288   139      580.0000       Cuts: 6      281    4.20%
      0     0      555.8700   140      580.0000       Cuts: 8      287    4.16%
      0     0      555.8804   136      580.0000       Cuts: 2      292    4.16%
      0     0      556.5625   132      580.0000       Cuts: 4      316    4.04%
      0     0      556.5625    99      580.0000       Cuts: 6      318    4.04%
      0     0      557.4000   111      580.0000       Cuts: 3      334    3.90%
      0     0      557.5091   128      580.0000  ZeroHalf: 22      342    3.88%
      0     0      557.8667   158      580.0000       Cuts: 9      358    3.82%
      0     0      558.0167   128      580.0000   ZeroHalf: 9      374    3.79%
      0     0      558.9211   131      580.0000      Cuts: 22      403    3.63%
      0     0      559.3750   125      580.0000   ZeroHalf: 7      435    3.56%
      0     0      559.6406   132      580.0000       Cuts: 9      450    3.51%
      0     0      559.6875   126      580.0000   ZeroHalf: 1      454    3.50%
      0     0      559.7604   132      580.0000   ZeroHalf: 7      460    3.49%
      0     0      559.8795   141      580.0000   ZeroHalf: 4      484    3.47%
      0     0      560.2159   113      580.0000   ZeroHalf: 2      500    3.41%
      0     0      560.3310   141      580.0000       Cuts: 9      516    3.39%
      0     0      560.5098   142      580.0000       Cuts: 3      540    3.36%
      0     0      560.5952   145      580.0000   ZeroHalf: 3      558    3.35%
      0     0      561.3098   136      580.0000      Cuts: 14      620    3.22%
      0     0      561.6000    30      580.0000       Cuts: 6      644    3.17%
      0     0      561.6579   129      580.0000       Cuts: 6      656    3.16%
      0     0      561.6923   110      580.0000   ZeroHalf: 3      673    3.16%
      0     0      561.7763   128      580.0000       Cuts: 3      696    3.14%
      0     2      561.7763   130      580.0000      561.8429      696    3.13%                        0             0
Elapsed time = 0.44 sec. (684.65 ticks, tree = 0.01 MB, solutions = 1)
      3     5      563.1840   125      580.0000      563.2222      811    2.89%          x75_30 D      3      1      2
      8     8      576.1429   112      580.0000      563.3333     1045    2.87%           x1_26 N      8      7      7
     27    16      571.6250   110      580.0000      563.7778     1479    2.80%           x36_1 N     27     26     13
     41    23      567.3784   133      580.0000      564.0833     2001    2.74%           x3_43 N     41      2      3
     59    34      566.9200   122      580.0000      566.0000     3156    2.41%          x63_48 N     59     56      7
     72    42      576.5395   134      580.0000      566.9375     4072    2.25%          x13_48 N     72     64     10
     90    51      569.3846   142      580.0000      567.6923     5219    2.12%           x9_36 U     90     89      7
    116    60      568.9128   104      580.0000      568.6667     6383    1.95%           x1_26 D    116     97      8
    141    66      572.0933   146      580.0000      569.4000     7703    1.83%          x30_77 N    141    140     13
    274   124      573.0000    43      580.0000      572.2222    14164    1.34%          x65_59 N    274    210      6
Elapsed time = 3.23 sec. (3981.21 ticks, tree = 0.32 MB, solutions = 1)
    486   247      576.1429    88      580.0000      574.0000    20354    1.03%           x3_47 N    486    395     11
    657   318        cutoff            580.0000      575.1250    27392    0.84%          x20_36 D    657    201     22
    889   414      576.1053    82      580.0000      576.0714    34096    0.68%          x20_36 D    889    496     14
   1147   496        cutoff            580.0000      576.5333    39269    0.60%          x74_78 U   1147   1145     17
   1406   585      578.5000    38      580.0000      577.0000    44234    0.52%          x41_47 N   1406   1200     15
   1709   633        cutoff            580.0000      577.5000    49049    0.43%           x3_47 U   1709   1570     17
   1988   630      577.9259   129      580.0000      577.8000    53326    0.38%          x13_20 D   1988    300     31
   2250   613      578.0000    50      580.0000      578.0000    56792    0.34%          x20_36 D   2250    502     13
   2560   505      579.0000    22      580.0000      578.5000    59851    0.26%          x59_16 U   2560   1652     25
   2863   355      578.9286    59      580.0000      578.7273    61992    0.22%          x47_68 D   2863   2790     24
Elapsed time = 12.12 sec. (13540.82 ticks, tree = 0.56 MB, solutions = 1)
   3174   116        cutoff            580.0000      579.0000    63280    0.17%          x74_78 D   3174   2587     18

Clique cuts applied:  1
Zero-half cuts applied:  40
Gomory fractional cuts applied:  3
User cuts applied:  1231

Root node processing (before b&c):
  Real time             =    0.44 sec. (684.60 ticks)
Sequential b&c:
  Real time             =   12.22 sec. (14227.69 ticks)
                          ------------
Total (root+branch&cut) =   12.66 sec. (14912.29 ticks)

