Version identifier: 22.1.0.0 | 2022-03-09 | 1a383f8ce
CPXPARAM_Preprocessing_Reduce                    1
CPXPARAM_Threads                                 1
CPXPARAM_Preprocessing_Reformulations            0
CPXPARAM_Emphasis_MIP                            2
CPXPARAM_MIP_Limits_CutPasses                    300
CPXPARAM_TimeLimit                               10800
CPXPARAM_MIP_Limits_TreeMemory                   20000
Legacy callback                                  BbLUID
         Disabling repeat represolve because of lazy constraint/incumbent callback.
1 of 1 MIP starts provided solutions.
MIP start 'm1' defined initial solution with objective 526.0000.
Tried aggregator 1 time.
MIP Presolve eliminated 14518 rows and 0 columns.
MIP Presolve modified 854 coefficients.
Reduced MIP has 1016 rows, 3898 columns, and 21164 nonzeros.
Reduced MIP has 3898 binaries, 0 generals, 0 SOSs, and 0 indicators.
Presolve time = 0.02 sec. (25.71 ticks)
Probing time = 0.00 sec. (3.14 ticks)
Clique table members: 1016.
MIP emphasis: optimality.
MIP search method: traditional branch-and-cut.
Parallel mode: none, using 1 thread.
Root relaxation solution time = 0.00 sec. (3.62 ticks)

        Nodes                                         Cuts/
   Node  Left     Objective  IInf  Best Integer    Best Bound    ItCnt     Gap         Variable B NodeID Parent  Depth

*     0+    0                          526.0000        0.0000           100.00%
      0     0      442.4167   115      526.0000      391.0000      130   25.67%
      0     0      463.0000     8      526.0000      Cuts: 44      149   11.98%
      0     0      469.4545    65      526.0000      Cuts: 15      190   10.75%
      0     0      470.9941   143      526.0000       Cuts: 8      237   10.46%
      0     0      471.0000    82      526.0000       User: 1      246   10.46%
      0     0      472.5000   190      526.0000      Cuts: 13      298   10.17%
      0     0      473.2351   157      526.0000       Cuts: 5      327   10.03%
      0     0      473.3093   158      526.0000       Cuts: 5      337   10.02%
      0     0      473.5000    30      526.0000       Cuts: 5      350    9.98%
      0     0      473.9012   168      526.0000       User: 4      371    9.90%
      0     0      474.0591   173      526.0000       Cuts: 6      395    9.87%
      0     0      475.6667   145      526.0000       Cuts: 8      427    9.57%
      0     0      475.7500   201      526.0000       Cuts: 6      437    9.55%
      0     0      476.1288   200      526.0000       Cuts: 3      478    9.48%
      0     0      476.1667   192      526.0000       User: 2      484    9.47%
      0     0      481.0815   206      526.0000       Cuts: 9      539    8.54%
      0     0      481.4091   191      526.0000       Cuts: 9      562    8.48%
      0     0      481.5319   205      526.0000       User: 4      575    8.45%
      0     0      481.5446   202      526.0000       Cuts: 3      578    8.45%
      0     0      481.8182   201      526.0000       Cuts: 6      590    8.40%
      0     0      481.8182   202      526.0000       User: 1      592    8.40%
      0     0      481.8182   201      526.0000       User: 1      594    8.40%
      0     0      482.3125   201      526.0000       Cuts: 2      639    8.31%
      0     0      482.7712   179      526.0000       Cuts: 2      669    8.22%
      0     0      486.0833   150      526.0000       User: 1      710    7.59%
      0     0      487.6284   163      526.0000       Cuts: 7      757    7.29%
      0     0      487.6284   162      526.0000       Cuts: 2      760    7.29%
      0     0      487.9564   165      526.0000       User: 1      786    7.23%
      0     0      488.7805   162      526.0000       Cuts: 5      813    7.08%
      0     0      488.9508   177      526.0000       Cuts: 3      831    7.04%
      0     0      489.0496   208      526.0000       Cuts: 6      846    7.02%
      0     0      489.1296   192      526.0000       Cuts: 3      861    7.01%
      0     0      489.4792   192      526.0000       Cuts: 5      880    6.94%
      0     0      489.6354   201      526.0000       User: 5      885    6.91%
      0     0      489.6354   201      526.0000   ZeroHalf: 3      886    6.91%
      0     0      489.6806   197      526.0000   ZeroHalf: 1      892    6.90%
      0     0      489.6910   204      526.0000       Cuts: 2      899    6.90%
      0     0      489.7000   204      526.0000       Cuts: 2      903    6.90%
      0     0      490.1211   208      526.0000       Cuts: 2      943    6.82%
      0     0      492.2500   211      526.0000       Cuts: 2      982    6.42%
      0     0      493.0486   214      526.0000      Cuts: 12     1017    6.26%
      0     0      494.1768   210      526.0000       Cuts: 3     1051    6.05%
      0     0      495.1389   211      526.0000       Cuts: 7     1073    5.87%
      0     0      497.3125   208      526.0000       Cuts: 4     1104    5.45%
      0     0      497.8654   215      526.0000      Cuts: 10     1129    5.35%
      0     0      498.2692   196      526.0000       Cuts: 4     1153    5.27%
      0     0      498.7652   208      526.0000       User: 2     1186    5.18%
      0     0      498.7652   206      526.0000   ZeroHalf: 2     1191    5.18%
      0     0      498.8768   221      526.0000   ZeroHalf: 1     1207    5.16%
      0     0      499.1933   220      526.0000       Cuts: 5     1240    5.10%
      0     0      499.1933   221      526.0000       Cuts: 6     1245    5.10%
      0     0      499.1933   220      526.0000   ZeroHalf: 1     1246    5.10%
      0     0      499.2170   220      526.0000   ZeroHalf: 1     1258    5.09%
      0     2      499.2170   220      526.0000      499.2273     1258    5.09%                        0             0
Elapsed time = 0.87 sec. (1629.21 ticks, tree = 0.01 MB, solutions = 1)
      1     3      500.9194   221      526.0000      501.0000     1379    4.75%          x47_46 N      1      0      1
      2     4      502.9631   190      526.0000      501.0000     1597    4.75%          x26_80 N      2      1      2
      3     5      505.5000   155      526.0000      503.0095     1703    4.37%          x26_80 N      3      1      2
      4     6      508.2717   198      526.0000      503.0095     1803    4.37%          x46_81 N      4      3      3
      7     8      512.1429   173      526.0000      503.0095     2068    4.37%          x46_47 N      7      6      6
     10    11      522.2500    32      526.0000      503.0095     2230    4.37%          x13_20 U     10      9      9
     13     9      517.5266   209      526.0000      503.0893     2645    4.36%          x26_47 N     13      2      3
     20    10        cutoff            526.0000      503.0893     3035    4.36%          x59_58 U     20     19      9
     31    13      508.5460   216      526.0000      505.3500     3809    3.93%          x26_47 N     31      2      3
     51    23      516.2500   181      526.0000      512.6169     6901    2.54%          x72_55 N     51     50      5
Elapsed time = 2.77 sec. (5648.13 ticks, tree = 0.17 MB, solutions = 1)
     90    33      524.8095   183      526.0000      518.8854     9865    1.35%          x80_26 N     90     70      6
    146    38      523.5625   205      526.0000      522.9091    13411    0.59%          x80_19 D    146    110     12

Clique cuts applied:  1
Zero-half cuts applied:  37
Gomory fractional cuts applied:  3
User cuts applied:  915

Root node processing (before b&c):
  Real time             =    0.87 sec. (1618.61 ticks)
Sequential b&c:
  Real time             =    3.61 sec. (6332.49 ticks)
                          ------------
Total (root+branch&cut) =    4.48 sec. (7951.10 ticks)

