Version identifier: 22.1.0.0 | 2022-03-09 | 1a383f8ce
CPXPARAM_Preprocessing_Reduce                    1
CPXPARAM_Threads                                 1
CPXPARAM_Preprocessing_Reformulations            0
CPXPARAM_Emphasis_MIP                            2
CPXPARAM_MIP_Limits_CutPasses                    300
CPXPARAM_TimeLimit                               10800
CPXPARAM_MIP_Limits_TreeMemory                   20000
Legacy callback                                  BbLUID
         Disabling repeat represolve because of lazy constraint/incumbent callback.
1 of 1 MIP starts provided solutions.
MIP start 'm1' defined initial solution with objective 549.0000.
Tried aggregator 1 time.
MIP Presolve eliminated 9525 rows and 0 columns.
MIP Presolve modified 647 coefficients.
Reduced MIP has 809 rows, 3464 columns, and 16374 nonzeros.
Reduced MIP has 3464 binaries, 0 generals, 0 SOSs, and 0 indicators.
Presolve time = 0.01 sec. (17.22 ticks)
Probing time = 0.00 sec. (3.02 ticks)
Clique table members: 809.
MIP emphasis: optimality.
MIP search method: traditional branch-and-cut.
Parallel mode: none, using 1 thread.
Root relaxation solution time = 0.00 sec. (2.73 ticks)

        Nodes                                         Cuts/
   Node  Left     Objective  IInf  Best Integer    Best Bound    ItCnt     Gap         Variable B NodeID Parent  Depth

*     0+    0                          549.0000        0.0000           100.00%
      0     0      471.5000    16      549.0000      434.0000      113   20.95%
      0     0      479.2500    71      549.0000      Cuts: 92      168   12.70%
      0     0      489.0000    44      549.0000      Cuts: 13      184   10.93%
      0     0      491.0000   120      549.0000      Cuts: 12      201   10.56%
      0     0      491.0000    70      549.0000       Cuts: 8      210   10.56%
      0     0      493.6667    90      549.0000       Cuts: 3      238   10.08%
      0     0      495.0000   120      549.0000       Cuts: 9      268    9.84%
      0     0      499.0312   140      549.0000       Cuts: 6      316    9.10%
      0     0      499.0556   148      549.0000       Cuts: 5      326    9.10%
      0     0      499.5000   158      549.0000      User: 11      346    9.02%
      0     0      499.8958   167      549.0000      Cuts: 11      361    8.94%
      0     0      500.1071   145      549.0000      Cuts: 10      376    8.91%
      0     0      500.1333   131      549.0000       User: 1      383    8.90%
      0     0      501.0476   153      549.0000       User: 1      399    8.73%
      0     0      501.0625   153      549.0000       User: 4      400    8.73%
      0     0      501.7143   159      549.0000       User: 1      439    8.61%
      0     0      501.7222   177      549.0000       Cuts: 4      442    8.61%
      0     0      503.0000   142      549.0000       User: 1      470    8.38%
      0     0      503.1056   177      549.0000       Cuts: 2      479    8.36%
      0     0      503.9103   182      549.0000       Cuts: 6      490    8.21%
      0     0      507.1333   157      549.0000       Cuts: 9      531    7.63%
      0     0      508.8750   164      549.0000       Cuts: 9      566    7.31%
      0     0      509.7500   152      549.0000       Cuts: 4      590    7.15%
      0     0      510.6000   178      549.0000       Cuts: 8      609    6.99%
      0     0      510.6667   140      549.0000       Cuts: 5      617    6.98%
      0     0      512.7500   158      549.0000       Cuts: 7      640    6.60%
      0     0      513.6667   138      549.0000       Cuts: 7      655    6.44%
      0     0      513.8333   161      549.0000       Cuts: 7      662    6.41%
      0     0      514.0000   170      549.0000       Cuts: 6      672    6.38%
      0     0      514.4000   154      549.0000       Cuts: 6      682    6.30%
      0     0      514.5714   140      549.0000       Cuts: 4      692    6.27%
      0     0      514.6667   139      549.0000       Cuts: 7      705    6.25%
      0     0      514.6667   138      549.0000      User: 14      713    6.25%
      0     0      514.7018   175      549.0000       Cuts: 4      722    6.25%
      0     0      514.7143   142      549.0000       User: 1      727    6.25%
      0     0      514.7456   177      549.0000       User: 1      738    6.24%
      0     0      514.8058   178      549.0000       User: 2      746    6.23%
      0     0      514.9231   157      549.0000       Cuts: 2      755    6.21%
      0     0      515.0000   175      549.0000       User: 1      767    6.19%
      0     0      515.0000   156      549.0000       Cuts: 2      776    6.19%
      0     0      515.0000   164      549.0000      Cuts: 21      788    6.19%
      0     0      515.1250   177      549.0000       User: 5      805    6.17%
      0     0      515.1250   164      549.0000       Cuts: 3      817    6.17%
      0     0      515.2857   173      549.0000       User: 1      844    6.14%
      0     0      515.3148   178      549.0000       User: 1      855    6.14%
      0     0      515.3529   181      549.0000       Cuts: 3      869    6.13%
      0     0      515.3529   183      549.0000   ZeroHalf: 1      871    6.13%
      0     0      515.4320   185      549.0000   ZeroHalf: 1      878    6.11%
      0     2      515.4336   186      549.0000      515.4928      878    6.10%                        0             0
Elapsed time = 0.69 sec. (1339.94 ticks, tree = 0.01 MB, solutions = 1)
      1     3      516.3571   159      549.0000      516.5000      970    5.92%          x31_22 N      1      0      1
      3     5      526.1667   147      549.0000      516.6250     1193    5.90%          x16_56 N      3      1      2
      4     6      529.1111   158      549.0000      516.6250     1384    5.90%          x27_80 N      4      3      3
      5     6      534.7321   164      549.0000      516.6250     1545    5.90%          x27_80 N      5      3      3
      8     8      542.2808   194      549.0000      516.6250     1955    5.90%          x68_11 N      8      7      6
     10     8      525.9500   151      549.0000      516.8043     2199    5.86%          x66_56 N     10      2      3
     16     9      537.0833   161      549.0000      516.8043     2753    5.86%          x11_69 D     16     13      6
     29    11      521.7500   180      549.0000      522.0000     3351    4.92%          x31_22 N     29      0      1
     38    14      538.1042   187      549.0000      525.5500     4112    4.27%          x68_27 N     38     33      5
     93    28      543.1382   196      549.0000      540.5000     6958    1.55%          x68_27 N     93     58      6
Elapsed time = 2.77 sec. (5187.69 ticks, tree = 0.13 MB, solutions = 1)
    165    59      544.2222   138      549.0000      544.2000     9285    0.87%          x62_50 D    165    137     14
    285    70        cutoff            549.0000      546.0000    12166    0.55%          x50_56 D    285    284     16

Clique cuts applied:  1
Zero-half cuts applied:  21
User cuts applied:  1030

Root node processing (before b&c):
  Real time             =    0.69 sec. (1339.84 ticks)
Sequential b&c:
  Real time             =    4.56 sec. (6584.28 ticks)
                          ------------
Total (root+branch&cut) =    5.25 sec. (7924.12 ticks)

