Version identifier: 22.1.0.0 | 2022-03-09 | 1a383f8ce
CPXPARAM_Preprocessing_Reduce                    1
CPXPARAM_Threads                                 1
CPXPARAM_Preprocessing_Reformulations            0
CPXPARAM_Emphasis_MIP                            2
CPXPARAM_MIP_Limits_CutPasses                    300
CPXPARAM_TimeLimit                               10800
CPXPARAM_MIP_Limits_TreeMemory                   20000
Legacy callback                                  BbLUID
         Disabling repeat represolve because of lazy constraint/incumbent callback.
1 of 1 MIP starts provided solutions.
MIP start 'm1' defined initial solution with objective 591.0000.
Tried aggregator 1 time.
MIP Presolve eliminated 5844 rows and 0 columns.
MIP Presolve modified 515 coefficients.
Reduced MIP has 677 rows, 2662 columns, and 11718 nonzeros.
Reduced MIP has 2662 binaries, 0 generals, 0 SOSs, and 0 indicators.
Presolve time = 0.01 sec. (11.02 ticks)
Probing time = 0.00 sec. (2.74 ticks)
Clique table members: 691.
MIP emphasis: optimality.
MIP search method: traditional branch-and-cut.
Parallel mode: none, using 1 thread.
Root relaxation solution time = 0.00 sec. (2.69 ticks)

        Nodes                                         Cuts/
   Node  Left     Objective  IInf  Best Integer    Best Bound    ItCnt     Gap         Variable B NodeID Parent  Depth

*     0+    0                          591.0000        0.0000           100.00%
      0     0      554.0000    60      591.0000      502.0000      188   15.06%
      0     0      554.5000    10      591.0000       User: 7      198    6.18%
      0     0      559.0000    32      591.0000      Cuts: 29      233    5.41%
      0     0      559.7143    73      591.0000      Cuts: 39      260    5.29%
      0     0      564.0000    45      591.0000       Cuts: 9      286    4.57%
      0     0      564.3333    81      591.0000      Cuts: 18      308    4.51%
      0     0      564.5000    36      591.0000      Cuts: 22      321    4.48%
      0     0      565.0000    14      591.0000      Cuts: 10      331    4.40%
      0     0      565.5000    80      591.0000      Cuts: 27      342    4.31%
      0     0      566.0000    72      591.0000      Cuts: 10      359    4.23%
      0     0      566.0000    52      591.0000      Cuts: 13      367    4.23%
      0     0      566.5500    80      591.0000      Cuts: 16      390    4.14%
      0     0      566.6667    86      591.0000       Cuts: 5      403    4.12%
      0     0      566.8000    87      591.0000       User: 7      407    4.09%
      0     0      566.9000    87      591.0000       Cuts: 7      415    4.08%
      0     0      567.2500   127      591.0000       Cuts: 5      424    4.02%
      0     0      567.5000   119      591.0000       Cuts: 7      445    3.98%
      0     0      567.5000   119      591.0000       Cuts: 5      454    3.98%
      0     0      567.5000   120      591.0000       Cuts: 2      461    3.98%
      0     0      567.5270   158      591.0000       Cuts: 2      473    3.97%
      0     0      567.8529   125      591.0000      Cuts: 10      485    3.92%
      0     0      567.9444   135      591.0000       Cuts: 2      496    3.90%
      0     0      568.2037   141      591.0000       Cuts: 3      504    3.86%
      0     0      568.3333   131      591.0000       User: 1      516    3.84%
      0     0      570.4167   140      591.0000       Cuts: 5      536    3.48%
      0     0      570.9444   143      591.0000       Cuts: 7      551    3.39%
      0     0      570.9722   135      591.0000       Cuts: 7      566    3.39%
      0     0      570.9722   139      591.0000       User: 3      570    3.39%
      0     0      571.8929   151      591.0000       Cuts: 4      607    3.23%
      0     0      572.0083   174      591.0000      Cuts: 19      619    3.21%
      0     0      572.0083   185      591.0000      Cuts: 10      632    3.21%
      0     0      572.8167   168      591.0000      Cuts: 12      656    3.08%
      0     0      573.1500   185      591.0000      Cuts: 14      673    3.02%
      0     0      573.5583   182      591.0000       Cuts: 4      696    2.95%
      0     0      573.5700   179      591.0000      User: 10      702    2.95%
      0     0      573.6250   181      591.0000       User: 1      709    2.94%
      0     0      573.6250   181      591.0000       User: 4      716    2.94%
      0     0      573.8000   176      591.0000   ZeroHalf: 1      726    2.91%
      0     0      573.8500   184      591.0000   ZeroHalf: 2      737    2.90%
      0     0      574.0500   183      591.0000       Cuts: 9      741    2.87%
      0     0      574.0500   167      591.0000       Cuts: 5      746    2.87%
      0     0      574.0500   186      591.0000   ZeroHalf: 3      757    2.87%
      0     0      574.0500   184      591.0000       Cuts: 6      776    2.87%
      0     0      574.1833   172      591.0000       Cuts: 8      811    2.85%
      0     0      574.1833   181      591.0000       Cuts: 2      821    2.85%
      0     0      574.1833   184      591.0000      Cuts: 14      824    2.85%
      0     0      574.1833   185      591.0000   ZeroHalf: 2      825    2.85%
      0     0      574.1833   172      591.0000       Cuts: 2      827    2.85%
      0     2      574.1833   172      591.0000      574.1833      827    2.85%                        0             0
Elapsed time = 0.57 sec. (957.23 ticks, tree = 0.01 MB, solutions = 1)
      2     4      576.2308   168      591.0000      575.3111     1055    2.65%          x77_17 N      2      1      2
     11    13      580.4000    88      591.0000      575.3111     1361    2.65%          x79_17 N     11      9      9
     26    25      575.6526   178      591.0000      575.6500     1695    2.60%          x17_51 N     26      0      1
     55    54      586.5000    20      591.0000      575.6500     2450    2.60%           x79_3 D     55     54     21
     64    57      589.0345    70      591.0000      575.6500     2695    2.60%           x21_1 N     64     63     29
     70    60      578.8167   174      591.0000      576.8000     3202    2.40%          x74_77 N     70      2      3
     89    77      578.5000   161      591.0000      578.3833     4098    2.13%           x48_9 D     89     82      6
    107    93      585.1607   173      591.0000      579.0556     5022    2.02%          x57_77 U    107     70      4
    133   116      584.4882   154      591.0000      579.7742     6273    1.90%           x5_58 N    133     34      8
    234   202        cutoff            591.0000      580.6364    10199    1.75%          x32_43 N    234    175     10
Elapsed time = 3.23 sec. (4427.69 ticks, tree = 0.54 MB, solutions = 1)
    341   292      586.5000    49      591.0000      581.0000    13546    1.69%          x71_61 N    341    340     25
    442   372      589.3333    13      591.0000      581.5000    18342    1.61%          x23_17 U    442    441     24
    515   421      589.1429    71      591.0000      581.5000    21114    1.61%          x65_10 U    515    437     21
    629   519      583.9167   156      591.0000      581.9000    26119    1.54%           x48_9 U    629    235     11
    746   620      585.0000    73      591.0000      582.0000    31102    1.52%           x9_71 D    746    326     11
    866   703      584.3333    55      591.0000      582.2308    36013    1.48%          x21_23 D    866    526     18
    982   795      586.0000    12      591.0000      582.5000    42112    1.44%          x26_57 U    982    923     21
   1119   903      589.1000    40      591.0000      582.5385    47195    1.43%          x79_26 N   1119   1108     36
   1223   981      583.0294    84      591.0000      582.6667    53717    1.41%           x8_21 U   1223     45     15
   1345  1055      586.4545   103      591.0000      582.7500    58870    1.40%          x61_48 U   1345   1343     11
Elapsed time = 11.70 sec. (14034.81 ticks, tree = 2.39 MB, solutions = 1)
   1460  1133      589.0833    56      591.0000      582.9444    64597    1.36%           x2_65 U   1460   1403     23
   1581  1234        cutoff            591.0000      583.0000    69892    1.35%           x79_3 U   1581   1579     27
   1724  1318      588.3810    42      591.0000      583.0000    74750    1.35%          x43_17 D   1724   1723     24
   1839  1389      583.0333   104      591.0000      583.0090    80838    1.35%          x17_23 N   1839   1402     21
   1951  1473      586.7667   100      591.0000      583.1667    86906    1.33%          x23_52 N   1951   1945     14
   2069  1555      587.9855   159      591.0000      583.2500    92530    1.31%          x29_17 D   2069   2068     27
   2202  1616      586.7167   160      591.0000      583.4364    98460    1.28%          x17_43 N   2202   1443     13
   2324  1710      585.0000    24      591.0000      583.5000   103826    1.27%          x79_26 D   2324   2323     22
   2440  1767      588.1000    52      591.0000      583.5658   109346    1.26%          x49_65 U   2440   2362     25
   2561  1836      590.0000    40      591.0000      583.6700   115424    1.24%          x23_52 U   2561   2105     18
Elapsed time = 20.00 sec. (23651.55 ticks, tree = 3.98 MB, solutions = 1)
   2686  1910        cutoff            591.0000      583.7727   120910    1.22%          x52_23 U   2686   2565     19
   2813  1972      589.3409    93      591.0000      583.9038   126717    1.20%          x68_65 U   2813   2086     21
   2952  2057      586.0000    12      591.0000      584.0000   132127    1.18%          x26_23 U   2952    289     23
   3068  2150      585.5000    23      591.0000      584.0000   137605    1.18%          x26_23 U   3068    408     16
   3200  2232      584.0000    28      591.0000      584.0000   143483    1.18%          x23_44 D   3200   2659     15
   3343  2310      584.0611    62      591.0000      584.0500   148747    1.18%          x23_52 D   3343   2516     22
   3478  2388      589.1429    40      591.0000      584.1515   154174    1.16%          x62_65 U   3478   1441     24
   3622  2445      586.3750   117      591.0000      584.2500   159990    1.14%          x29_51 U   3622   3440     16
   3762  2511      585.3214    46      591.0000      584.3333   165482    1.13%           x79_3 U   3762   3326     42
   3874  2564      588.4625    63      591.0000      584.4167   171492    1.11%           x3_29 D   3874   3872     26
Elapsed time = 28.16 sec. (33258.91 ticks, tree = 5.46 MB, solutions = 1)
   3994  2642      587.5000    12      591.0000      584.5000   177145    1.10%           x3_29 U   3994   3992     26
   4130  2727      586.3000   111      591.0000      584.5000   183232    1.10%          x58_64 D   4130   1351     11
   4267  2804      586.0000   110      591.0000      584.5195   188381    1.10%           x8_57 U   4267   1906     13
   4400  2847      584.6225    92      591.0000      584.6250   193293    1.08%           x3_52 D   4400   3962     30
   4507  2910      586.6667    99      591.0000      584.6667   199020    1.07%          x29_51 U   4507   4505     30
   4638  2961        cutoff            591.0000      584.7098   204516    1.06%           x3_36 U   4638   4636     22
   4765  3024      587.9464   127      591.0000      584.7500   209573    1.06%          x29_52 U   4765   3624     18
   4898  3091      585.4688    61      591.0000      584.8056   214823    1.05%          x21_23 N   4898   4897     32
   5034  3157        cutoff            591.0000      584.8571   220407    1.04%          x68_65 U   5034   4991     20
   5163  3178      585.2658    84      591.0000      584.9464   225131    1.02%           x3_29 N   5163   5162     24
Elapsed time = 36.21 sec. (42884.88 ticks, tree = 6.49 MB, solutions = 1)
   5291  3242        cutoff            591.0000      585.0000   230426    1.02%          x44_23 U   5291    805     35
   5406  3329      589.3333    14      591.0000      585.0000   235816    1.02%          x26_23 N   5406   2886     17
   5545  3396      589.1042   102      591.0000      585.0000   241068    1.02%           x3_29 N   5545   5543     38
   5661  3442      588.8571    58      591.0000      585.0000   245894    1.02%          x49_65 U   5661   2954     19
   5792  3502      585.5000    82      591.0000      585.0000   251279    1.02%           x51_8 U   5792   3262     16
   5930  3540      585.1296    74      591.0000      585.0678   256412    1.00%           x2_65 D   5930   5929     25
   6050  3574      587.6875    57      591.0000      585.1250   261616    0.99%           x8_57 U   6050   6048     27
   6182  3619      589.7500    40      591.0000      585.1667   266648    0.99%          x49_65 U   6182   5990     19
   6307  3686      585.2500   102      591.0000      585.2121   271857    0.98%           x43_3 D   6307   5535     11
   6420  3717      585.8750    29      591.0000      585.2500   276380    0.97%           x8_57 D   6420   6419     28
Elapsed time = 43.75 sec. (52453.95 ticks, tree = 7.35 MB, solutions = 1)
   6538  3755      585.4167    30      591.0000      585.3000   281129    0.96%          x17_23 D   6538   4286     19
   6660  3795        cutoff            591.0000      585.3333   286422    0.96%          x40_30 U   6660   6658     31
   6790  3837      589.6667    79      591.0000      585.3684   291710    0.95%          x77_17 U   6790   1227     16
   6920  3878      586.0115   122      591.0000      585.4167   296144    0.94%          x52_17 D   6920   6919     23
   7060  3936        cutoff            591.0000      585.4643   300551    0.94%          x62_65 U   7060   7054     32
   7187  4005      586.0000    46      591.0000      585.5000   305683    0.93%          x40_30 U   7187   6112     24
   7337  4071      587.5000    22      591.0000      585.5000   310152    0.93%           x26_8 U   7337   7335     24
   7485  4125      585.5714    80      591.0000      585.5000   314209    0.93%          x52_23 N   7485   6520     21
   7630  4195      589.5000    62      591.0000      585.5043   318870    0.93%          x58_64 N   7630   4822     15
   7760  4230      585.6400    86      591.0000      585.5714   323374    0.92%          x57_23 D   7760   7014     48
Elapsed time = 51.43 sec. (62069.68 ticks, tree = 8.21 MB, solutions = 1)
   7894  4276        cutoff            591.0000      585.6250   328105    0.91%            x1_3 U   7894   7892     31
   8028  4352      587.6667    71      591.0000      585.6667   332758    0.90%          x77_51 D   8028   8027     19
   8175  4417        cutoff            591.0000      585.6667   337441    0.90%          x61_48 U   8175   1751     10
   8294  4441        cutoff            591.0000      585.7143   342453    0.89%           x2_65 U   8294   7042     29
   8425  4500        cutoff            591.0000      585.7500   347033    0.89%          x77_52 U   8425   8423     44
   8561  4553        cutoff            591.0000      585.7692   351286    0.89%           x3_36 U   8561   4096     39
   8698  4579        cutoff            591.0000      585.8205   355620    0.88%          x79_52 U   8698   6116     32
   8830  4623        cutoff            591.0000      585.8454   359269    0.87%          x21_44 U   8830   6383     44
   8964  4653        cutoff            591.0000      585.8889   363504    0.86%          x17_57 U   8964   7831     21
   9106  4678        cutoff            591.0000      585.9500   367765    0.85%          x45_23 U   9106   3966     18
Elapsed time = 59.07 sec. (71634.72 ticks, tree = 8.86 MB, solutions = 1)
   9246  4715      588.0000    23      591.0000      586.0000   372182    0.85%           x1_45 D   9246    587     28
   9350  4766      586.2927    91      591.0000      586.0000   377358    0.85%           x3_29 U   9350   9032     36
   9479  4830      589.6667    78      591.0000      586.0000   382204    0.85%           x3_36 U   9479   5281     20
   9599  4894      587.5000    22      591.0000      586.0000   387180    0.85%           x79_3 N   9599   9598     24
   9707  4934        cutoff            591.0000      586.0000   392263    0.85%          x67_40 U   9707   7187     25
   9844  4986      589.6667    19      591.0000      586.0000   396530    0.85%          x57_21 U   9844   9842     30
   9968  5035        cutoff            591.0000      586.0000   401658    0.85%           x3_36 U   9968   8311     32
  10084  5065      586.1071    62      591.0000      586.0455   406352    0.84%           x3_52 N  10084   8700     17
  10221  5092        cutoff            591.0000      586.0833   410504    0.83%           x1_29 U  10221  10219     54
  10364  5131        cutoff            591.0000      586.1232   414145    0.83%          x45_44 U  10364  10070     42
Elapsed time = 66.10 sec. (81220.13 ticks, tree = 9.53 MB, solutions = 1)
  10506  5154        cutoff            591.0000      586.1429   418004    0.82%          x77_17 U  10506   3231     33
  10616  5194        cutoff            591.0000      586.1667   422680    0.82%          x68_65 U  10616  10021     28
  10757  5226        cutoff            591.0000      586.1875   426976    0.81%          x49_65 U  10757  10429     22
  10887  5255        cutoff            591.0000      586.2333   431560    0.81%          x68_65 U  10887  10885     32
  11030  5322      586.2500    38      591.0000      586.2500   435554    0.80%          x34_65 D  11030  11029     48
  11150  5362      586.3333    20      591.0000      586.2576   439893    0.80%          x52_51 D  11150  11149     25
  11283  5376      589.0000    96      591.0000      586.3000   443696    0.80%           x3_17 U  11283  11130     25
  11412  5419      588.5313   140      591.0000      586.3333   447763    0.79%          x29_51 U  11412  11410     25
  11543  5466        cutoff            591.0000      586.3485   452032    0.79%          x23_44 U  11543   2879     17
  12124  5590        cutoff            591.0000      586.4827   467650    0.76%          x23_44 U  12124  11144      9
Elapsed time = 75.53 sec. (93651.91 ticks, tree = 10.08 MB, solutions = 1)
  12627  5740      586.5000    91      591.0000      586.5000   483946    0.76%           x37_5 D  12627   4130     12
  13154  5834      587.2125   166      591.0000      586.6250   500276    0.74%          x26_23 N  13154   2146      6
  13649  5962        cutoff            591.0000      586.6911   516026    0.73%          x58_64 U  13649  13647     33
  14180  6042      587.0000    43      591.0000      586.7778   530132    0.71%           x3_36 D  14180  14179     26
  14708  6152      586.9077    95      591.0000      586.8794   544276    0.70%          x21_44 D  14708  14707     35
  15235  6226      587.3902    66      591.0000      587.0000   557792    0.68%           x26_8 D  15235  15234     22
  15670  6347      587.0795    68      591.0000      587.0000   574778    0.68%           x17_1 D  15670  14958     36
  16147  6472        cutoff            591.0000      587.0000   590430    0.68%           x17_1 U  16147  16144     28
  16640  6548      587.0972   136      591.0000      587.0795   605094    0.66%          x68_65 D  16640  16376     31
  17152  6647        cutoff            591.0000      587.1667   619069    0.65%          x45_23 U  17152   3319     17
Elapsed time = 101.84 sec. (131838.39 ticks, tree = 11.64 MB, solutions = 1)
  17680  6762      587.2500   126      591.0000      587.2353   632446    0.64%          x44_23 D  17680  10586     29
  18201  6869        cutoff            591.0000      587.3030   646231    0.63%          x23_44 U  18201  12776     21
  18699  6972      587.4250    86      591.0000      587.3677   661325    0.61%          x29_52 N  18699  17437     14
  19220  7062      589.1667    80      591.0000      587.4444   673518    0.60%          x77_51 D  19220  18693     37
  19718  7144        cutoff            591.0000      587.5000   687823    0.59%          x57_23 D  19718  16768     36
  20251  7195      587.5000    94      591.0000      587.5000   700883    0.59%          x21_44 D  20251  18952     25
  20752  7250      587.6667    34      591.0000      587.5805   714509    0.58%          x74_75 D  20752  19063     33
  21269  7275        cutoff            591.0000      587.6667   726135    0.56%           x29_3 D  21269  21267     21
  21771  7348      588.5000    12      591.0000      587.7000   739488    0.56%          x44_52 D  21771   6238     44
  22259  7390      588.0526    76      591.0000      587.7500   752089    0.55%          x52_17 N  22259  22258     21
Elapsed time = 127.17 sec. (170034.77 ticks, tree = 12.58 MB, solutions = 1)
  22797  7460      589.0000    85      591.0000      587.8182   764003    0.54%           x79_3 U  22797  16307     37
  23334  7507      588.0833   131      591.0000      587.8750   774888    0.53%           x36_3 D  23334  23333     23
  23875  7574      587.9833   115      591.0000      587.9500   784788    0.52%          x62_65 D  23875  23874     27
  24330  7547      588.3704    38      591.0000      588.0000   798709    0.51%          x26_52 N  24330   9600     25
  24805  7522      589.1667    76      591.0000      588.0000   812232    0.51%           x79_3 U  24805  24803     22
  25305  7539      588.2500   134      591.0000      588.0000   825558    0.51%          x29_17 D  25305  20904     19
  25789  7538      589.5714    91      591.0000      588.0714   838149    0.50%           x3_17 U  25789  16602     25
  26301  7557        cutoff            591.0000      588.1439   849471    0.48%           x3_17 U  26301  18501     14
  26800  7566      588.3810    47      591.0000      588.1979   861231    0.47%          x21_51 D  26800  26799     30
  27301  7586      589.5000    21      591.0000      588.2500   871941    0.47%          x21_60 D  27301    230     14
Elapsed time = 150.83 sec. (208275.16 ticks, tree = 12.89 MB, solutions = 1)
  27812  7570      589.2727    41      591.0000      588.3333   881989    0.45%          x17_43 N  27812  19527     20
  28334  7569        cutoff            591.0000      588.3667   892665    0.45%          x29_17 U  28334  28332     25
  28836  7555        cutoff            591.0000      588.4359   902833    0.43%           x36_3 U  28836  22128     34
  29315  7513      588.5000    18      591.0000      588.5000   913457    0.42%           x3_52 D  29315  24261     27
  29788  7416        cutoff            591.0000      588.5000   924165    0.42%          x51_17 U  29788  26528     34
  30263  7383        cutoff            591.0000      588.5131   936303    0.42%           x29_8 U  30263  12676     43
  30754  7333      588.7500    86      591.0000      588.5833   945780    0.41%          x79_57 D  30754  27361     40
  31245  7281        cutoff            591.0000      588.6563   954826    0.40%          x77_51 U  31245  26354     26
  31746  7193      589.0000    62      591.0000      588.6667   964645    0.39%          x77_17 U  31746  29049     24
  32246  7126      588.7500    36      591.0000      588.7500   973791    0.38%           x3_52 N  32246  30971     32
Elapsed time = 172.50 sec. (246458.00 ticks, tree = 12.22 MB, solutions = 1)
  32740  6994      589.0000    29      591.0000      588.8000   982535    0.37%           x43_3 D  32740   4590     34
  33236  6898      589.4591   129      591.0000      588.8562   991384    0.36%           x3_17 N  33236  28261     15
  33741  6802      589.3000   176      591.0000      588.9198   999652    0.35%          x44_17 D  33741   9046     11
  34221  6658        cutoff            591.0000      589.0000  1008000    0.34%          x57_23 U  34221  29528     31
  34675  6491        cutoff            591.0000      589.0000  1017099    0.34%           x79_3 N  34675  29627     30
  35180  6344        cutoff            591.0000      589.0000  1025971    0.34%          x29_51 U  35180  35178     10
  35666  6186        cutoff            591.0000      589.0000  1035319    0.34%           x26_8 U  35666  28773     28
  36132  6047        cutoff            591.0000      589.0787  1043130    0.33%          x21_44 U  36132  26137     28
  36632  5895        cutoff            591.0000      589.1429  1050397    0.31%           x3_29 D  36632  15612     24
  37166  5694        cutoff            591.0000      589.1765  1057978    0.31%           x8_57 D  37166  37165     17
Elapsed time = 191.39 sec. (284665.59 ticks, tree = 9.84 MB, solutions = 1)
  37721  5510        cutoff            591.0000      589.2500  1065076    0.30%          x52_17 U  37721  29672     15
  38249  5314        cutoff            591.0000      589.3000  1072088    0.29%          x52_23 U  38249  38247     16
  38781  5067        cutoff            591.0000      589.3333  1078490    0.28%           x79_3 U  38781  38780     11
  39305  4839        cutoff            591.0000      589.4154  1084321    0.27%          x52_23 U  39305  33830     21
  39835  4564        cutoff            591.0000      589.5000  1090075    0.25%          x17_57 U  39835  38420     45
  40347  4208        cutoff            591.0000      589.5000  1095570    0.25%            x1_3 U  40347  29670     31
  40897  3900        cutoff            591.0000      589.5000  1101202    0.25%          x45_23 D  40897  38979     22
  41404  3593        cutoff            591.0000      589.5794  1106887    0.24%           x3_36 D  41404  35639     26
  41944  3257        cutoff            591.0000      589.6667  1111158    0.23%           x3_36 U  41944   9452     23
  42459  2874        cutoff            591.0000      589.6721  1115593    0.22%           x3_36 U  42459  29809     21
Elapsed time = 207.46 sec. (322847.89 ticks, tree = 5.03 MB, solutions = 1)
  42992  2473        cutoff            591.0000      589.7500  1119259    0.21%          x23_52 U  42992  16906     12
  43535  2086        cutoff            591.0000      589.8333  1122978    0.20%          x26_52 U  43535  29104     46
  44102  1664        cutoff            591.0000      589.9000  1125981    0.19%          x79_77 D  44102  16275     11
  44654  1185        cutoff            591.0000      590.0000  1128390    0.17%          x26_52 D  44654  34405     26
  45203   716        cutoff            591.0000      590.0000  1131127    0.17%          x26_23 U  45203  34872     27
  45762   274        cutoff            591.0000      590.0000  1133948    0.17%           x43_3 D  45762  43893     27

Zero-half cuts applied:  36
Gomory fractional cuts applied:  1
User cuts applied:  3337

Root node processing (before b&c):
  Real time             =    0.57 sec. (957.19 ticks)
Sequential b&c:
  Real time             =  214.59 sec. (347436.83 ticks)
                          ------------
Total (root+branch&cut) =  215.16 sec. (348394.02 ticks)

