Version identifier: 22.1.0.0 | 2022-03-09 | 1a383f8ce
CPXPARAM_Preprocessing_Reduce                    1
CPXPARAM_Threads                                 1
CPXPARAM_Preprocessing_Reformulations            0
CPXPARAM_Emphasis_MIP                            2
CPXPARAM_MIP_Limits_CutPasses                    300
CPXPARAM_TimeLimit                               10800
CPXPARAM_MIP_Limits_TreeMemory                   20000
Legacy callback                                  BbLUID
         Disabling repeat represolve because of lazy constraint/incumbent callback.
1 of 1 MIP starts provided solutions.
MIP start 'm1' defined initial solution with objective 551.0000.
Tried aggregator 1 time.
MIP Presolve eliminated 11829 rows and 0 columns.
MIP Presolve modified 757 coefficients.
Reduced MIP has 919 rows, 3614 columns, and 18803 nonzeros.
Reduced MIP has 3614 binaries, 0 generals, 0 SOSs, and 0 indicators.
Presolve time = 0.01 sec. (21.91 ticks)
Probing time = 0.00 sec. (3.06 ticks)
Clique table members: 919.
MIP emphasis: optimality.
MIP search method: traditional branch-and-cut.
Parallel mode: none, using 1 thread.
Root relaxation solution time = 0.00 sec. (3.06 ticks)

        Nodes                                         Cuts/
   Node  Left     Objective  IInf  Best Integer    Best Bound    ItCnt     Gap         Variable B NodeID Parent  Depth

*     0+    0                          551.0000        0.0000           100.00%
      0     0      498.2500   106      551.0000      436.0000      153   20.87%
      0     0      512.8125   137      551.0000      Cuts: 40      228    6.93%
      0     0      512.8125   150      551.0000      Cuts: 11      235    6.93%
      0     0      515.6667   125      551.0000      Cuts: 12      246    6.41%
      0     0      515.6667   141      551.0000      Cuts: 16      256    6.41%
      0     0      515.7500   149      551.0000       Cuts: 8      262    6.40%
      0     0      516.0000   143      551.0000      Cuts: 12      267    6.35%
      0     0      516.0000   138      551.0000       Cuts: 4      277    6.35%
      0     0      516.0000    80      551.0000      Cuts: 12      302    6.35%
      0     0      518.4912   185      551.0000       Cuts: 3      354    5.90%
      0     0      519.2500   187      551.0000       Cuts: 5      371    5.76%
      0     0      519.2857   181      551.0000       Cuts: 6      374    5.76%
      0     0      519.6250    88      551.0000       Cuts: 2      397    5.69%
      0     0      519.6250    89      551.0000       Cuts: 5      403    5.69%
      0     0      519.9000   171      551.0000       Cuts: 5      430    5.64%
      0     0      520.1154   167      551.0000       Cuts: 9      441    5.61%
      0     0      520.5000   187      551.0000       User: 1      455    5.54%
      0     0      520.7097   170      551.0000       Cuts: 9      478    5.50%
      0     0      520.7500    85      551.0000       User: 5      479    5.49%
      0     0      522.1250   165      551.0000       Cuts: 3      516    5.24%
      0     0      522.1250   165      551.0000      Cuts: 12      520    5.24%
      0     0      522.8333   140      551.0000      Cuts: 18      538    5.11%
      0     0      523.0000   108      551.0000       Cuts: 8      576    5.08%
      0     0      523.0000   111      551.0000      Cuts: 16      610    5.08%
      0     0      523.2500   156      551.0000      Cuts: 13      636    5.04%
      0     0      523.2812   183      551.0000       Cuts: 8      658    5.03%
      0     0      523.5000   173      551.0000       Cuts: 5      689    4.99%
      0     0      523.5000   153      551.0000       Cuts: 5      704    4.99%
      0     0      523.7500   122      551.0000       Cuts: 7      715    4.95%
      0     0      523.7500   119      551.0000       Cuts: 2      717    4.95%
      0     0      524.5175   212      551.0000      Cuts: 12      762    4.81%
      0     0      524.5833   157      551.0000       User: 2      770    4.79%
      0     0      524.6905   207      551.0000      Cuts: 12      790    4.77%
      0     0      527.6034   178      551.0000       Cuts: 2      854    4.25%
      0     0      527.8205   201      551.0000       Cuts: 6      874    4.21%
      0     0      528.0833   199      551.0000       Cuts: 6      894    4.16%
      0     0      528.2000   143      551.0000       Cuts: 6      907    4.14%
      0     0      528.6250   207      551.0000       Cuts: 9      935    4.06%
      0     0      529.0173   228      551.0000       Cuts: 4      975    3.99%
      0     0      529.0173   230      551.0000      Cuts: 11      980    3.99%
      0     0      529.0173   230      551.0000       User: 1      981    3.99%
      0     0      529.0173   230      551.0000       User: 1      982    3.99%
      0     0      529.0173   230      551.0000       User: 1      983    3.99%
      0     2      529.3553   217      551.0000      529.3860      983    3.92%                        0             0
Elapsed time = 0.71 sec. (1265.61 ticks, tree = 0.01 MB, solutions = 1)
      1     3      530.5000   194      551.0000      530.5000     1070    3.72%          x59_45 N      1      0      1
      2     4      531.3399   192      551.0000      531.0000     1258    3.63%          x15_81 N      2      1      2
      3     4      544.1196   215      551.0000      531.3977     1529    3.56%          x15_81 N      3      1      2
      7     6      536.6250   164      551.0000      531.5000     1933    3.54%          x15_61 D      7      6      5
     14     9      549.2500   117      551.0000      531.5000     2325    3.54%          x15_49 N     14     13     11
     21    11      534.2500   166      551.0000      532.9167     2811    3.28%          x68_51 N     21     20      4
     28    18      541.0556   133      551.0000      535.2500     3780    2.86%           x7_52 N     28     23      6
     36    25      536.5000   134      551.0000      536.2222     4491    2.68%           x7_52 N     36     26      6
     43    31      546.3971   195      551.0000      537.3333     5320    2.48%          x73_56 N     43     37     10
     79    66      545.0667   153      551.0000      539.5000     8724    2.09%          x20_47 N     79     59     11
Elapsed time = 3.04 sec. (5187.43 ticks, tree = 0.37 MB, solutions = 1)
    107    83      548.2045   118      551.0000      540.2500    10866    1.95%          x70_71 D    107    106     13
    150   112      547.4000   109      551.0000      541.0769    14381    1.80%          x37_71 N    150    129     19
    201   149      545.2333   143      551.0000      541.8167    18564    1.67%           x65_6 N    201    199     16
    254   182        cutoff            551.0000      542.2778    22287    1.58%          x74_26 U    254    182      7
    312   213        cutoff            551.0000      542.7391    25791    1.50%           x71_9 U    312    308     15
    378   260      543.7500    64      551.0000      543.2500    29150    1.41%           x7_23 U    378    347     26
    438   302      546.7273   162      551.0000      543.5957    33621    1.34%            x3_4 N    438    274      9
    506   347      544.4444   130      551.0000      543.8929    36899    1.29%          x43_58 U    506    339     15
    584   386      544.4583   142      551.0000      544.1538    40261    1.24%          x37_71 N    584    583     26
    657   428      545.1143   161      551.0000      544.4008    43438    1.20%            x7_6 D    657    656     16
Elapsed time = 11.02 sec. (14847.91 ticks, tree = 4.10 MB, solutions = 1)
    732   469      544.7500   128      551.0000      544.5714    47721    1.17%          x74_22 D    732    694     19
    820   512      548.7692   143      551.0000      544.7500    51002    1.13%           x4_43 N    820    818     22
    893   551      547.5667   106      551.0000      544.9921    54926    1.09%          x52_66 N    893    581     19
    975   599      548.3333   194      551.0000      545.0044    59615    1.09%          x69_70 U    975    445     10
   1056   637      549.7304   140      551.0000      545.2029    63978    1.05%          x37_78 N   1056   1054     23
   1141   670      545.6667   141      551.0000      545.3600    67690    1.02%           x43_3 D   1141    161     14
   1220   710      548.5000    56      551.0000      545.5000    71446    1.00%          x37_71 U   1220   1217     21
   1299   738      548.3750   113      551.0000      545.7000    75327    0.96%           x65_6 N   1299   1297     27
   1392   763      547.8333    76      551.0000      545.8542    80267    0.93%           x65_6 D   1392   1243     28
   1472   800      546.7500   108      551.0000      546.0000    84555    0.91%          x37_59 D   1472   1085     12
Elapsed time = 19.96 sec. (24577.75 ticks, tree = 8.91 MB, solutions = 1)
   1546   812        cutoff            551.0000      546.1667    89429    0.88%           x36_3 U   1546    745     22
   1630   839      546.4907   143      551.0000      546.3636    94082    0.84%          x20_47 D   1630    307     15
   1733   867      548.0000    97      551.0000      546.5000    99483    0.82%          x22_47 N   1733   1607     20
   1824   876        cutoff            551.0000      546.7083   105035    0.78%          x37_14 U   1824   1408     21
   1893   885        cutoff            551.0000      546.8571   110038    0.75%          x37_67 U   1893   1602     26
   1972   876      549.0000    83      551.0000      547.0000   114793    0.73%          x37_78 D   1972    937     28
   2059   876        cutoff            551.0000      547.1250   119453    0.70%          x22_47 D   2059   1659     22
   2152   894      547.5122   165      551.0000      547.2727   124479    0.68%          x14_51 D   2152   2008     17
   2240   908      549.3333    60      551.0000      547.4667   129048    0.64%          x67_78 U   2240   2238     24
   2323   890      549.7000   166      551.0000      547.5455   133762    0.63%          x22_47 D   2323   2123     11
Elapsed time = 27.69 sec. (34216.30 ticks, tree = 7.98 MB, solutions = 1)
   2405   889        cutoff            551.0000      547.6667   138027    0.60%           x7_23 D   2405   2355     19
   2510   903        cutoff            551.0000      547.7965   142530    0.58%          x37_78 U   2510   2429     13
   2610   887      549.0000    61      551.0000      548.0000   147760    0.54%           x4_43 U   2610   1278     23
   2714   882      549.5000    99      551.0000      548.0476   153217    0.54%          x67_71 D   2714    520     29
   2824   877      548.3750    92      551.0000      548.2198   157896    0.50%          x70_30 N   2824   2646     25
   2945   872      549.5714   140      551.0000      548.3385   162322    0.48%          x74_26 N   2945   1363     17
   3050   862        cutoff            551.0000      548.5000   166598    0.45%          x22_47 U   3050   1447     25
   3160   825      548.6250    96      551.0000      548.5556   170603    0.44%          x51_14 D   3160   3159     24
   3269   800        cutoff            551.0000      548.6897   174865    0.42%          x37_67 U   3269   2458     20
   3386   774      549.3000   102      551.0000      548.8333   178897    0.39%          x22_47 D   3386   2985     28
Elapsed time = 34.64 sec. (43818.58 ticks, tree = 4.55 MB, solutions = 1)
   3500   748        cutoff            551.0000      549.0000   181851    0.36%          x59_37 D   3500   2321     28
   3611   691      549.7000   144      551.0000      549.0000   185754    0.36%          x37_78 D   3611   3278     16
   3728   654        cutoff            551.0000      549.1000   189122    0.34%          x20_47 U   3728   3696     26
   3857   595        cutoff            551.0000      549.2500   192083    0.32%          x22_47 D   3857   2189     22
   3983   526        cutoff            551.0000      549.4000   194602    0.29%          x22_47 U   3983   3457     27
   4116   431        cutoff            551.0000      549.5000   196840    0.27%          x51_14 U   4116   3502     26
   4244   336        cutoff            551.0000      549.6667   198943    0.24%          x22_47 D   4244   3573     25
   4383   212        cutoff            551.0000      549.8333   200258    0.21%          x78_79 D   4383    926     18
   4526    88        cutoff            551.0000      550.0000   201149    0.18%          x79_71 U   4526   2922     45

Clique cuts applied:  1
Zero-half cuts applied:  33
Gomory fractional cuts applied:  1
User cuts applied:  1931

Root node processing (before b&c):
  Real time             =    0.71 sec. (1264.74 ticks)
Sequential b&c:
  Real time             =   38.13 sec. (51880.59 ticks)
                          ------------
Total (root+branch&cut) =   38.84 sec. (53145.32 ticks)

