Version identifier: 22.1.0.0 | 2022-03-09 | 1a383f8ce
CPXPARAM_Preprocessing_Reduce                    1
CPXPARAM_Threads                                 1
CPXPARAM_Preprocessing_Reformulations            0
CPXPARAM_Emphasis_MIP                            2
CPXPARAM_MIP_Limits_CutPasses                    300
CPXPARAM_TimeLimit                               10800
CPXPARAM_MIP_Limits_TreeMemory                   20000
Legacy callback                                  BbLUID
         Disabling repeat represolve because of lazy constraint/incumbent callback.
1 of 1 MIP starts provided solutions.
MIP start 'm1' defined initial solution with objective 524.0000.
Tried aggregator 1 time.
MIP Presolve eliminated 13861 rows and 0 columns.
MIP Presolve modified 887 coefficients.
Reduced MIP has 1049 rows, 3852 columns, and 22197 nonzeros.
Reduced MIP has 3852 binaries, 0 generals, 0 SOSs, and 0 indicators.
Presolve time = 0.02 sec. (27.40 ticks)
Probing time = 0.00 sec. (3.06 ticks)
Clique table members: 1049.
MIP emphasis: optimality.
MIP search method: traditional branch-and-cut.
Parallel mode: none, using 1 thread.
Root relaxation solution time = 0.00 sec. (4.89 ticks)

        Nodes                                         Cuts/
   Node  Left     Objective  IInf  Best Integer    Best Bound    ItCnt     Gap         Variable B NodeID Parent  Depth

*     0+    0                          524.0000        0.0000           100.00%
      0     0      404.0000    18      524.0000      404.0000      195   22.90%
      0     0      454.0000    30      524.0000     Cuts: 142      281   13.36%
      0     0      476.4000    57      524.0000      Cuts: 64      367    9.08%
      0     0      484.0000   108      524.0000      Cuts: 22      389    7.63%
      0     0      494.1667    68      524.0000      Cuts: 13      439    5.69%
      0     0      495.1429   142      524.0000      Cuts: 11      479    5.51%
      0     0      495.3750   142      524.0000      Cuts: 16      505    5.46%
      0     0      495.5000   142      524.0000       Cuts: 9      513    5.44%
      0     0      496.5000   137      524.0000      Cuts: 14      556    5.25%
      0     0      497.0357   161      524.0000      Cuts: 11      576    5.15%
      0     0      497.3846   149      524.0000       Cuts: 6      590    5.08%
      0     0      497.5000   161      524.0000       Cuts: 7      605    5.06%
      0     0      498.0417   170      524.0000      Cuts: 16      659    4.95%
      0     0      498.1419   160      524.0000       Cuts: 8      680    4.93%
      0     0      499.8000   154      524.0000      Cuts: 13      734    4.62%
      0     0      502.2692   148      524.0000       Cuts: 8      793    4.15%
      0     0      502.8333   142      524.0000      Cuts: 14      831    4.04%
      0     0      503.3000   145      524.0000       Cuts: 6      849    3.95%
      0     0      503.3333   154      524.0000      Cuts: 14      859    3.94%
      0     0      503.3333   155      524.0000       Cuts: 6      876    3.94%
      0     0      503.3846   146      524.0000       Cuts: 6      887    3.93%
      0     0      504.5000   102      524.0000       Cuts: 7      996    3.72%
      0     0      504.5829   170      524.0000      Cuts: 13     1013    3.71%
      0     0      504.6667    96      524.0000       Cuts: 4     1029    3.69%
      0     0      504.6934   179      524.0000       Cuts: 9     1041    3.68%
      0     0      504.9771   165      524.0000       User: 1     1066    3.63%
      0     0      506.0279   167      524.0000       Cuts: 6     1102    3.43%
      0     0      506.6000   104      524.0000       Cuts: 4     1162    3.32%
      0     0      506.8021   175      524.0000      Cuts: 11     1217    3.28%
      0     0      506.8898   180      524.0000       Cuts: 3     1273    3.27%
      0     0      506.8974   173      524.0000       Cuts: 6     1279    3.26%
      0     0      506.9302   182      524.0000       Cuts: 5     1307    3.26%
      0     0      506.9564   190      524.0000       Cuts: 4     1344    3.25%
      0     0      506.9899   181      524.0000       Cuts: 8     1369    3.25%
      0     0      507.0000   145      524.0000       Cuts: 5     1379    3.24%
      0     0      509.2237   167      524.0000      Cuts: 11     1478    2.82%
      0     0      509.3000   160      524.0000       Cuts: 7     1500    2.81%
      0     0      509.5204   184      524.0000       Cuts: 9     1525    2.76%
      0     0      509.6369   185      524.0000       Cuts: 8     1551    2.74%
      0     0      509.9643   179      524.0000       Cuts: 6     1579    2.68%
      0     0      510.4507   182      524.0000       Cuts: 4     1647    2.59%
      0     0      510.5019   194      524.0000       User: 1     1677    2.58%
      0     0      510.9263   183      524.0000       Cuts: 7     1746    2.49%
      0     0      510.9454   183      524.0000       Cuts: 3     1761    2.49%
      0     0      511.0501   178      524.0000      Cuts: 10     1803    2.47%
      0     0      511.1617   177      524.0000       Cuts: 4     1820    2.45%
      0     0      511.2617   190      524.0000       Cuts: 2     1841    2.43%
      0     0      511.2617   191      524.0000       User: 1     1842    2.43%
      0     0      511.3038   197      524.0000       User: 1     1861    2.42%
      0     0      511.4921   181      524.0000       Cuts: 2     1884    2.39%
      0     0      511.5006   189      524.0000       Cuts: 4     1899    2.39%
      0     0      511.6178   187      524.0000       Cuts: 2     1917    2.36%
      0     0      511.6225   180      524.0000       Cuts: 4     1927    2.36%
      0     0      511.6440   195      524.0000       User: 1     1942    2.36%
      0     0      511.8824   196      524.0000   ZeroHalf: 1     1972    2.31%
      0     0      511.8824   198      524.0000       User: 1     1973    2.31%
      0     0      511.8830   193      524.0000       User: 1     1976    2.31%
      0     2      511.8830   193      524.0000      511.9796     1976    2.29%                        0             0
Elapsed time = 0.99 sec. (1840.41 ticks, tree = 0.01 MB, solutions = 1)
      1     3      512.5973   171      524.0000      512.6200     2050    2.17%          x69_47 D      1      0      1
      2     4      512.8583   168      524.0000      512.8670     2119    2.12%          x23_30 D      2      1      2
      5     4      522.6667    57      524.0000      512.8670     2447    2.12%          x35_15 N      5      4      4
      9     5      513.8166   175      524.0000      513.8261     2749    1.94%           x5_61 N      9      8      5
     12     7      515.8714   180      524.0000      513.9220     3032    1.92%           x5_72 N     12     11      7
     19    10      522.3756    84      524.0000      513.9220     3421    1.92%          x35_32 N     19     18     13
     29    11      520.5513   169      524.0000      514.5081     4351    1.81%          x44_26 N     29     10      7
     38    14      515.7634   141      524.0000      515.1923     5243    1.68%          x45_41 N     38     35     10
     45    19      518.5717   142      524.0000      515.9316     5960    1.54%          x24_15 N     45     38     11
     80    33      517.0884   120      524.0000      517.0884     9155    1.32%           x23_5 D     80     79     16
Elapsed time = 3.39 sec. (5898.96 ticks, tree = 0.14 MB, solutions = 1)
    146    77      518.8457   136      524.0000      518.5937    11953    1.03%          x35_32 D    146     45     12
    240   136      519.5000    98      524.0000      519.4000    15759    0.88%           x56_5 D    240    218     21
    333   180      520.0833   108      524.0000      520.0197    19129    0.76%          x44_80 D    333    332     20
    460   233      522.1429   114      524.0000      520.6667    24048    0.64%           x5_12 D    460    458     28
    599   271      521.0324   170      524.0000      521.0299    29119    0.57%           x7_27 N    599    416     10
    728   276        cutoff            524.0000      521.5000    33110    0.48%          x41_55 D    728    543     22
    927   265      523.0000    38      524.0000      522.2000    38943    0.34%          x62_61 D    927    655     28
   1120   179      522.5897   122      524.0000      522.5000    42346    0.29%           x5_72 D   1120    548     26

Zero-half cuts applied:  35
Gomory fractional cuts applied:  1
User cuts applied:  1148

Root node processing (before b&c):
  Real time             =    0.99 sec. (1835.04 ticks)
Sequential b&c:
  Real time             =   11.18 sec. (12671.02 ticks)
                          ------------
Total (root+branch&cut) =   12.17 sec. (14506.06 ticks)

