Version identifier: 22.1.0.0 | 2022-03-09 | 1a383f8ce
CPXPARAM_Preprocessing_Reduce                    1
CPXPARAM_Threads                                 1
CPXPARAM_Preprocessing_Reformulations            0
CPXPARAM_Emphasis_MIP                            2
CPXPARAM_MIP_Limits_CutPasses                    300
CPXPARAM_TimeLimit                               10800
CPXPARAM_MIP_Limits_TreeMemory                   20000
Legacy callback                                  BbLUID
         Disabling repeat represolve because of lazy constraint/incumbent callback.
1 of 1 MIP starts provided solutions.
MIP start 'm1' defined initial solution with objective 577.0000.
Tried aggregator 2 times.
MIP Presolve eliminated 5621 rows and 0 columns.
MIP Presolve modified 504 coefficients.
Aggregator did 4 substitutions.
Reduced MIP has 662 rows, 2502 columns, and 11497 nonzeros.
Reduced MIP has 2502 binaries, 0 generals, 0 SOSs, and 0 indicators.
Presolve time = 0.01 sec. (12.31 ticks)
Probing time = 0.00 sec. (2.68 ticks)
Clique table members: 662.
MIP emphasis: optimality.
MIP search method: traditional branch-and-cut.
Parallel mode: none, using 1 thread.
Root relaxation solution time = 0.00 sec. (2.36 ticks)

        Nodes                                         Cuts/
   Node  Left     Objective  IInf  Best Integer    Best Bound    ItCnt     Gap         Variable B NodeID Parent  Depth

*     0+    0                          577.0000       63.0000            89.08%
      0     0      507.0000    24      577.0000      507.0000      103   12.13%
      0     0      563.0000    14      577.0000      Cuts: 50      129    2.43%
      0     0      567.5000    30      577.0000      Cuts: 58      148    1.65%
      0     0      569.0000    62      577.0000      Cuts: 14      159    1.39%
      0     0      569.6667    44      577.0000      Cuts: 18      175    1.27%
      0     0      569.7500    60      577.0000      Cuts: 18      187    1.26%
      0     0      571.2642    87      577.0000      Cuts: 18      210    0.99%
      0     0      572.0000    18      577.0000      Cuts: 17      228    0.87%
      0     0      572.5000    28      577.0000      Cuts: 15      240    0.78%
      0     0      572.6000    81      577.0000      Cuts: 13      246    0.76%
      0     0      573.0000    65      577.0000      Cuts: 11      259    0.69%
      0     0      573.5000    44      577.0000      Cuts: 17      281    0.61%
      0     0      573.8500   132      577.0000       Cuts: 9      297    0.55%
      0     0      574.0000    78      577.0000       Cuts: 5      306    0.52%
      0     0      574.8750    97      577.0000      Cuts: 12      321    0.37%
      0     0      575.1667    58      577.0000      Cuts: 19      329    0.32%
      0     0      575.2222    85      577.0000      Cuts: 18      334    0.31%
      0     0      575.7500    52      577.0000      Cuts: 14      352    0.22%
      0     0      575.8333    65      577.0000      Cuts: 13      359    0.20%
      0     0      575.8636    79      577.0000      Cuts: 17      375    0.20%
      0     0      576.0000    80      577.0000      Cuts: 13      393    0.17%
      0     0        cutoff            577.0000                    397    0.00%                        0             0
Elapsed time = 0.16 sec. (200.61 ticks, tree = 0.01 MB, solutions = 1)

Zero-half cuts applied:  24
User cuts applied:  333

Root node processing (before b&c):
  Real time             =    0.16 sec. (200.66 ticks)
Sequential b&c:
  Real time             =    0.00 sec. (0.00 ticks)
                          ------------
Total (root+branch&cut) =    0.16 sec. (200.66 ticks)

