Version identifier: 22.1.0.0 | 2022-03-09 | 1a383f8ce
CPXPARAM_Preprocessing_Reduce                    1
CPXPARAM_Threads                                 1
CPXPARAM_Preprocessing_Reformulations            0
CPXPARAM_Emphasis_MIP                            2
CPXPARAM_MIP_Limits_CutPasses                    300
CPXPARAM_TimeLimit                               10800
CPXPARAM_MIP_Limits_TreeMemory                   20000
Legacy callback                                  BbLUID
         Disabling repeat represolve because of lazy constraint/incumbent callback.
1 of 1 MIP starts provided solutions.
MIP start 'm1' defined initial solution with objective 470.0000.
Tried aggregator 1 time.
MIP Presolve eliminated 7932 rows and 0 columns.
MIP Presolve modified 614 coefficients.
Reduced MIP has 776 rows, 3355 columns, and 14899 nonzeros.
Reduced MIP has 3355 binaries, 0 generals, 0 SOSs, and 0 indicators.
Presolve time = 0.01 sec. (14.51 ticks)
Probing time = 0.00 sec. (2.99 ticks)
Clique table members: 776.
MIP emphasis: optimality.
MIP search method: traditional branch-and-cut.
Parallel mode: none, using 1 thread.
Root relaxation solution time = 0.00 sec. (2.68 ticks)

        Nodes                                         Cuts/
   Node  Left     Objective  IInf  Best Integer    Best Bound    ItCnt     Gap         Variable B NodeID Parent  Depth

*     0+    0                          470.0000        0.0000           100.00%
      0     0      416.0000    34      470.0000      379.0000      111   19.36%
      0     0      435.0000    94      470.0000      Cuts: 45      188    7.45%
      0     0      440.0000   131      470.0000      Cuts: 18      222    6.38%
      0     0      447.0000   114      470.0000      Cuts: 17      256    4.89%
      0     0      448.0000    96      470.0000      Cuts: 22      285    4.68%
      0     0      448.0000   103      470.0000      Cuts: 11      299    4.68%
      0     0      448.5000    22      470.0000      Cuts: 10      312    4.57%
      0     0      450.6667   118      470.0000      Cuts: 25      350    4.11%
      0     0      451.5000    20      470.0000      Cuts: 16      374    3.94%
      0     0      452.8864   153      470.0000      Cuts: 10      406    3.64%
      0     0      453.5000   150      470.0000      Cuts: 10      424    3.51%
      0     0      453.8000   145      470.0000       Cuts: 3      444    3.45%
      0     0      454.0000   118      470.0000       Cuts: 9      464    3.40%
      0     0      455.3333   130      470.0000      Cuts: 11      487    3.12%
      0     0      456.4000   171      470.0000       Cuts: 7      522    2.89%
      0     0      456.8000   177      470.0000      Cuts: 17      541    2.81%
      0     0      457.1000   166      470.0000       Cuts: 5      576    2.74%
      0     0      457.3333   129      470.0000      Cuts: 21      601    2.70%
      0     0      457.5000   179      470.0000      Cuts: 14      622    2.66%
      0     0      457.6053   185      470.0000       Cuts: 2      634    2.64%
      0     0      457.8333   146      470.0000       User: 7      648    2.59%
      0     0      458.0000   137      470.0000       Cuts: 3      650    2.55%
      0     0      458.0000   130      470.0000       Cuts: 5      653    2.55%
      0     0      458.0000   185      470.0000       Cuts: 9      664    2.55%
      0     0      458.5217   203      470.0000       Cuts: 4      666    2.44%
      0     0      458.6667   178      470.0000       Cuts: 4      674    2.41%
      0     0      458.7059   183      470.0000       Cuts: 7      684    2.40%
      0     0      458.7059   184      470.0000       User: 1      685    2.40%
      0     0      458.7143   164      470.0000       User: 1      686    2.40%
      0     0      458.8095   177      470.0000   ZeroHalf: 2      694    2.38%
      0     2      459.5909   169      470.0000      459.7500      694    2.18%                        0             0
Elapsed time = 0.37 sec. (669.72 ticks, tree = 0.01 MB, solutions = 1)
      1     3      462.6667   161      470.0000      461.8125     1307    1.74%          x27_10 N      1      0      1
      3     4      464.3462   114      470.0000      461.8125     1552    1.74%          x72_27 N      3      2      3
     14     8      468.2857    91      470.0000      461.8125     1761    1.74%          x27_53 N     14     13     14
     20     7      467.8455   124      470.0000      462.6667     2164    1.56%          x27_10 N     20      0      1
     30     9      464.8333   106      470.0000      464.8333     2714    1.10%           x2_10 N     30     28      5
     50    12      469.0000   114      470.0000      466.6667     3716    0.71%          x27_66 N     50     49      7
     69     8      469.0000    34      470.0000      468.5000     4190    0.32%          x77_76 N     69     56     15

Cover cuts applied:  1
Zero-half cuts applied:  35
Gomory fractional cuts applied:  1
User cuts applied:  674

Root node processing (before b&c):
  Real time             =    0.37 sec. (669.20 ticks)
Sequential b&c:
  Real time             =    1.26 sec. (1945.71 ticks)
                          ------------
Total (root+branch&cut) =    1.63 sec. (2614.91 ticks)

