Version identifier: 22.1.0.0 | 2022-03-09 | 1a383f8ce
CPXPARAM_Preprocessing_Reduce                    1
CPXPARAM_Threads                                 1
CPXPARAM_Preprocessing_Reformulations            0
CPXPARAM_Emphasis_MIP                            2
CPXPARAM_MIP_Limits_CutPasses                    300
CPXPARAM_TimeLimit                               10800
CPXPARAM_MIP_Limits_TreeMemory                   20000
Legacy callback                                  BbLUID
         Disabling repeat represolve because of lazy constraint/incumbent callback.
1 of 1 MIP starts provided solutions.
MIP start 'm1' defined initial solution with objective 490.0000.
Tried aggregator 1 time.
MIP Presolve eliminated 16029 rows and 0 columns.
MIP Presolve modified 949 coefficients.
Reduced MIP has 1111 rows, 4339 columns, and 25547 nonzeros.
Reduced MIP has 4339 binaries, 0 generals, 0 SOSs, and 0 indicators.
Presolve time = 0.02 sec. (32.07 ticks)
Probing time = 0.00 sec. (3.22 ticks)
Clique table members: 1111.
MIP emphasis: optimality.
MIP search method: traditional branch-and-cut.
Parallel mode: none, using 1 thread.
Root relaxation solution time = 0.00 sec. (3.65 ticks)

        Nodes                                         Cuts/
   Node  Left     Objective  IInf  Best Integer    Best Bound    ItCnt     Gap         Variable B NodeID Parent  Depth

*     0+    0                          490.0000        0.0000           100.00%
      0     0      421.0000    41      490.0000      372.0000      101   24.08%
      0     0      437.0000   117      490.0000      Cuts: 68      160   10.82%
      0     0      438.4000   156      490.0000      Cuts: 22      188   10.53%
      0     0      439.3333   106      490.0000      Cuts: 10      199   10.34%
      0     0      441.3333   114      490.0000       Cuts: 9      209    9.93%
      0     0      443.2500    92      490.0000      Cuts: 15      220    9.54%
      0     0      443.5833   108      490.0000       Cuts: 7      236    9.47%
      0     0      444.1667   100      490.0000       Cuts: 3      250    9.35%
      0     0      444.5000    36      490.0000       Cuts: 2      256    9.29%
      0     0      444.5000    36      490.0000       User: 7      259    9.29%
      0     0      445.0833   163      490.0000       User: 7      277    9.17%
      0     0      449.2188   135      490.0000      Cuts: 13      311    8.32%
      0     0      449.7500   120      490.0000      Cuts: 21      323    8.21%
      0     0      450.2500   142      490.0000       Cuts: 2      330    8.11%
      0     0      453.7917   167      490.0000       Cuts: 7      362    7.39%
      0     0      459.0000    30      490.0000       Cuts: 5      428    6.33%
      0     0      461.3333   108      490.0000      Cuts: 22      484    5.85%
      0     0      461.5000    22      490.0000       User: 4      493    5.82%
      0     0      462.3333   137      490.0000       Cuts: 5      523    5.65%
      0     0      462.6000   165      490.0000       Cuts: 3      546    5.59%
      0     0      462.7661   189      490.0000       Cuts: 4      569    5.56%
      0     0      463.0625   179      490.0000      Cuts: 12      593    5.50%
      0     0      463.2372   194      490.0000       Cuts: 4      617    5.46%
      0     0      463.3293   188      490.0000       Cuts: 2      632    5.44%
      0     0      463.3333   186      490.0000       User: 1      634    5.44%
      0     0      463.5000   176      490.0000       Cuts: 2      643    5.41%
      0     0      463.5000   108      490.0000       Cuts: 2      649    5.41%
      0     0      464.0000   139      490.0000       Cuts: 2      674    5.31%
      0     0      464.2500   151      490.0000       Cuts: 8      689    5.26%
      0     0      464.2500   144      490.0000       User: 1      690    5.26%
      0     0      464.3125   151      490.0000       Cuts: 3      716    5.24%
      0     0      464.5262   190      490.0000       Cuts: 6      741    5.20%
      0     0      465.1111   183      490.0000       User: 1      767    5.08%
      0     0      465.1250   180      490.0000       Cuts: 5      776    5.08%
      0     0      465.1364   194      490.0000      User: 10      787    5.07%
      0     0      465.2436   193      490.0000       Cuts: 2      796    5.05%
      0     0      465.2436   192      490.0000       User: 3      797    5.05%
      0     0      465.3158   192      490.0000       User: 2      814    5.04%
      0     0      465.3305   196      490.0000       Cuts: 3      820    5.03%
      0     0      465.4932   190      490.0000       User: 1      837    5.00%
      0     0      465.5833   186      490.0000       Cuts: 3      859    4.98%
      0     0      465.5918   200      490.0000       Cuts: 2      866    4.98%
      0     0      465.6000   184      490.0000       User: 1      870    4.98%
      0     0      465.6000   189      490.0000       Cuts: 3      872    4.98%
      0     0      465.8182   187      490.0000       User: 1      887    4.94%
      0     0      466.2500   183      490.0000   ZeroHalf: 1      923    4.85%
      0     0      466.2768   195      490.0000       User: 3      942    4.84%
      0     0      466.2857   170      490.0000       User: 4      950    4.84%
      0     0      466.3562   201      490.0000       User: 1      963    4.83%
      0     0      466.3563   197      490.0000       Cuts: 2      969    4.83%
      0     0      466.3625   195      490.0000       User: 1      972    4.82%
      0     0      466.4400   198      490.0000       User: 2      993    4.81%
      0     0      466.4500   190      490.0000       User: 2      994    4.81%
      0     2      466.5104   187      490.0000      466.5104      994    4.79%                        0             0
Elapsed time = 1.01 sec. (2085.42 ticks, tree = 0.01 MB, solutions = 1)
      1     3      466.9687   173      490.0000      466.9687     1055    4.70%          x25_16 N      1      0      1
      2     4      467.1944   170      490.0000      467.1875     1139    4.66%          x52_79 N      2      1      2
      3     5      473.0208   186      490.0000      467.2000     1433    4.65%          x52_79 N      3      1      2
      4     6      467.7857   189      490.0000      467.4643     1497    4.60%          x35_69 N      4      2      3
      6     8      478.2000   175      490.0000      467.4643     1978    4.60%          x25_41 N      6      4      4
     10    12      472.0000   164      490.0000      467.4643     2326    4.60%          x79_20 N     10      8      7
     13    14      479.5492   169      490.0000      467.4643     2747    4.60%          x74_35 N     13     11      9
     19    15      482.0000   177      490.0000      467.4643     2902    4.60%          x60_73 N     19     18     15
     33    22      487.7857   146      490.0000      467.4643     3186    4.60%          x41_40 D     33     32     28
     57    36      478.8333   144      490.0000      468.0757     4759    4.47%          x57_35 D     57     56     17
Elapsed time = 3.20 sec. (6478.43 ticks, tree = 0.35 MB, solutions = 1)
     87    51      470.3704   171      490.0000      470.3704     7145    4.01%          x80_57 D     87     83     11
    128    90      479.1000   162      490.0000      472.6111    10097    3.55%           x16_5 U    128     10      8
    172   126      483.2041   172      490.0000      474.1667    12853    3.23%           x16_5 N    172    118      4
    218   162      475.6500   162      490.0000      475.3718    16196    2.99%          x59_35 D    218    217     20
    270   207      483.7436   185      490.0000      476.4215    18746    2.77%          x66_33 U    270    239     13
    336   258      481.4135   215      490.0000      477.1250    21858    2.63%          x41_16 N    336    297     15
    405   308      478.1016   161      490.0000      477.8750    25101    2.47%          x66_33 U    405    354     17
    466   358      479.7381   143      490.0000      478.5500    28789    2.34%          x66_33 N    466    385     24
    523   400      479.5088   163      490.0000      479.1429    32057    2.22%          x58_41 D    523    474     26
    598   454      480.0000   149      490.0000      479.8750    35399    2.07%          x35_79 D    598    574     31
Elapsed time = 11.58 sec. (16183.71 ticks, tree = 6.89 MB, solutions = 1)
    666   494      486.1667    99      490.0000      480.2000    38775    2.00%          x35_33 U    666    482     28
    740   538      481.0000    87      490.0000      480.5000    42353    1.94%          x20_33 D    740    709     40
    833   590      483.2385   156      490.0000      480.9167    45800    1.85%          x33_79 D    833    832     11
    921   623      483.2500    96      490.0000      481.2500    49441    1.79%          x60_35 D    921    114     19
   1004   658        cutoff            490.0000      481.5714    52757    1.72%          x38_57 N   1004    858     42
   1092   695      482.2652   136      490.0000      481.8750    56696    1.66%          x33_79 D   1092    808     28
   1180   745      483.4038   123      490.0000      482.1667    60110    1.60%          x35_44 D   1180   1025     26
   1256   786      483.8333   163      490.0000      482.3750    63650    1.56%          x66_33 N   1256   1037     14
   1348   819        cutoff            490.0000      482.5833    67244    1.51%          x41_16 U   1348    971     21
   1437   861        cutoff            490.0000      482.7778    70770    1.47%          x17_20 U   1437   1354     37
Elapsed time = 21.08 sec. (25797.31 ticks, tree = 12.36 MB, solutions = 1)
   1535   912      485.5000    77      490.0000      483.0000    74345    1.43%          x18_78 D   1535   1534     25
   1621   954      483.2465   203      490.0000      483.0962    78187    1.41%          x35_75 D   1621   1352     13
   1713  1001      486.4907   172      490.0000      483.2500    81681    1.38%          x59_53 N   1713   1648     15
   1801  1045        cutoff            490.0000      483.4375    85162    1.34%          x41_40 U   1801    384     31
   1888  1069      485.5408   168      490.0000      483.5333    88628    1.32%          x35_20 U   1888   1886     37
   1975  1109      488.8333    97      490.0000      483.6667    92393    1.29%          x66_20 U   1975   1690     23
   2070  1132      484.2857    61      490.0000      483.8000    95703    1.27%          x11_35 D   2070   1949     27
   2150  1164      488.6386   179      490.0000      483.9615    99868    1.23%          x41_40 U   2150   1861     21
   2230  1195        cutoff            490.0000      484.0000   103742    1.22%          x66_33 U   2230    314     16
   2309  1194        cutoff            490.0000      484.1667   107548    1.19%          x57_69 D   2309    487     21
Elapsed time = 30.28 sec. (35402.60 ticks, tree = 17.48 MB, solutions = 1)
   2381  1218      484.7813   177      490.0000      484.3333   111229    1.16%          x35_20 D   2381   2121     30
   2451  1251      485.0000    53      490.0000      484.5000   115204    1.12%          x17_20 U   2451   1173     16
   2537  1255        cutoff            490.0000      484.6750   118795    1.09%          x69_35 U   2537   1845     30
   2616  1283        cutoff            490.0000      484.8673   122437    1.05%          x60_35 U   2616   2154     31
   2700  1314      485.5000   101      490.0000      485.0000   125312    1.02%          x38_57 D   2700   2370     21
   2785  1329      485.2564   165      490.0000      485.1429   128676    0.99%          x17_19 N   2785   2336     32
   2880  1343      487.8125   160      490.0000      485.2886   132533    0.96%          x11_35 D   2880    529     19
   2969  1363        cutoff            490.0000      485.4783   137472    0.92%          x35_20 U   2969   2772     20
   3049  1393      488.8636   167      490.0000      485.5000   140127    0.92%          x80_79 D   3049   2516     10
   3135  1401        cutoff            490.0000      485.6379   143768    0.89%          x33_79 U   3135   2409     18
Elapsed time = 38.60 sec. (45025.18 ticks, tree = 17.68 MB, solutions = 1)
   3204  1421      486.6632   200      490.0000      485.7273   146655    0.87%          x19_52 D   3204   2732     24
   3296  1436        cutoff            490.0000      485.8333   149974    0.85%          x41_69 U   3296   1702     27
   3384  1433        cutoff            490.0000      485.9375   153036    0.83%          x69_41 U   3384   2641     40
   3459  1460      488.2037    90      490.0000      486.0000   155690    0.82%          x18_62 N   3459   3359     34
   3545  1483        cutoff            490.0000      486.0500   158843    0.81%          x33_79 D   3545   2741     14
   3619  1496      486.4444    94      490.0000      486.1667   162237    0.78%           x3_28 N   3619   1701     33
   3706  1507      489.0000    90      490.0000      486.2500   165207    0.77%          x33_44 D   3706    641     33
   3788  1508        cutoff            490.0000      486.3333   168473    0.75%          x80_69 U   3788   3786     25
   3866  1528      487.4861   187      490.0000      486.4257   171260    0.73%          x58_41 D   3866    731     18
   3948  1559      488.5000    22      490.0000      486.5000   174461    0.71%          x77_30 D   3948   3947     27
Elapsed time = 46.56 sec. (54699.40 ticks, tree = 18.89 MB, solutions = 1)
   4058  1580        cutoff            490.0000      486.5000   178492    0.71%          x35_20 U   4058   2607     27
   4156  1597        cutoff            490.0000      486.5903   181695    0.70%          x11_35 U   4156   4128     34
   4246  1609      486.7500    88      490.0000      486.6667   185249    0.68%          x18_78 D   4246   2523     33
   4355  1611      486.7500    34      490.0000      486.7500   188584    0.66%          x18_62 U   4355   4300     23
   4437  1614        cutoff            490.0000      486.8061   191448    0.65%          x59_17 U   4437   1894     24
   4529  1598        cutoff            490.0000      486.8750   195332    0.64%          x35_20 U   4529   2729     16
   4624  1583        cutoff            490.0000      487.0000   198826    0.61%          x72_11 U   4624   2896     33
   4734  1591        cutoff            490.0000      487.0000   202811    0.61%          x35_20 N   4734   3739     12
   4840  1574        cutoff            490.0000      487.1111   205885    0.59%           x5_16 D   4840   4178     33
   4955  1564      487.2586   185      490.0000      487.1667   208875    0.58%          x21_35 D   4955   4507     27
Elapsed time = 53.08 sec. (64288.31 ticks, tree = 13.45 MB, solutions = 1)
   5057  1561      487.5000    42      490.0000      487.2500   212164    0.56%          x28_21 N   5057   3476     23
   5165  1530        cutoff            490.0000      487.3333   215125    0.54%          x19_17 U   5165   4705     15
   5275  1528      488.5000    20      490.0000      487.3889   217842    0.53%           x11_3 U   5275   3406     27
   5373  1516        cutoff            490.0000      487.5000   220494    0.51%          x75_77 U   5373   3418     24
   5488  1547        cutoff            490.0000      487.5000   223756    0.51%          x11_62 U   5488   5480     41
   5597  1546        cutoff            490.0000      487.5000   226711    0.51%          x18_62 D   5597   4711     13
   5688  1517        cutoff            490.0000      487.5417   229711    0.50%          x41_56 N   5688   5041     61
   5791  1490        cutoff            490.0000      487.6272   232690    0.48%           x11_3 U   5791   5458     43
   5888  1474        cutoff            490.0000      487.6881   235716    0.47%          x79_80 U   5888   5307     12
   5993  1471      488.5000    46      490.0000      487.7500   238705    0.46%          x69_41 D   5993   5161     34
Elapsed time = 58.99 sec. (73875.13 ticks, tree = 9.83 MB, solutions = 1)
   6093  1438      487.8750    72      490.0000      487.8000   241593    0.45%           x3_28 U   6093   4695     26
   6192  1414      488.9286   160      490.0000      487.8750   244285    0.43%          x66_69 D   6192   4849     33
   6300  1379      488.5000    24      490.0000      488.0000   246539    0.41%          x77_30 N   6300   5368     30
   6410  1365        cutoff            490.0000      488.0000   248736    0.41%          x69_79 U   6410   3151     53
   6517  1334        cutoff            490.0000      488.0000   250942    0.41%          x33_53 D   6517   6516     23
   6612  1294        cutoff            490.0000      488.0833   253336    0.39%          x33_44 U   6612   5615     34
   6719  1242        cutoff            490.0000      488.1618   255510    0.38%          x41_16 U   6719   1832     21
   6822  1198        cutoff            490.0000      488.2000   257413    0.37%          x32_33 U   6822   2590     44
   6930  1149        cutoff            490.0000      488.2500   259256    0.36%          x17_20 U   6930   4410     39
   7034  1102        cutoff            490.0000      488.3333   261222    0.34%          x20_33 U   7034   2251     35
Elapsed time = 64.05 sec. (83464.97 ticks, tree = 5.50 MB, solutions = 1)
   7138  1043        cutoff            490.0000      488.4167   262795    0.32%          x47_63 D   7138   3831     34
   7220  1006      488.6250    68      490.0000      488.5000   264228    0.31%           x4_10 N   7220   5504     26
   7324   964        cutoff            490.0000      488.5000   265398    0.31%           x55_9 D   7324   6732     33
   7425   914      489.0000    38      490.0000      488.5000   266947    0.31%          x77_30 D   7425   7423     40
   7541   853        cutoff            490.0000      488.5000   268537    0.31%          x18_62 D   7541   4001     47
   7643   775        cutoff            490.0000      488.5000   270217    0.31%           x16_5 D   7643   3048     11
   7735   720        cutoff            490.0000      488.5833   271650    0.29%          x33_79 U   7735   5878     19
   7834   646      488.8500    83      490.0000      488.6389   272797    0.28%          x60_31 N   7834   7833     29
   7936   575        cutoff            490.0000      488.7000   273900    0.27%          x41_40 D   7936   7195     27
   8339   249        cutoff            490.0000      489.0000   276900    0.20%          x12_75 U   8339   8337     34
Elapsed time = 68.51 sec. (95895.78 ticks, tree = 1.35 MB, solutions = 1)

Zero-half cuts applied:  16
Gomory fractional cuts applied:  3
User cuts applied:  2218

Root node processing (before b&c):
  Real time             =    1.01 sec. (2083.65 ticks)
Sequential b&c:
  Real time             =   68.26 sec. (96786.26 ticks)
                          ------------
Total (root+branch&cut) =   69.27 sec. (98869.91 ticks)

