Version identifier: 22.1.0.0 | 2022-03-09 | 1a383f8ce
CPXPARAM_Preprocessing_Reduce                    1
CPXPARAM_Threads                                 1
CPXPARAM_Preprocessing_Reformulations            0
CPXPARAM_Emphasis_MIP                            2
CPXPARAM_MIP_Limits_CutPasses                    300
CPXPARAM_TimeLimit                               10800
CPXPARAM_MIP_Limits_TreeMemory                   20000
Legacy callback                                  BbLUID
         Disabling repeat represolve because of lazy constraint/incumbent callback.
1 of 1 MIP starts provided solutions.
MIP start 'm1' defined initial solution with objective 545.0000.
Tried aggregator 1 time.
MIP Presolve eliminated 7565 rows and 0 columns.
MIP Presolve modified 552 coefficients.
Reduced MIP has 714 rows, 2951 columns, and 13823 nonzeros.
Reduced MIP has 2951 binaries, 0 generals, 0 SOSs, and 0 indicators.
Presolve time = 0.01 sec. (14.20 ticks)
Probing time = 0.00 sec. (2.83 ticks)
Clique table members: 714.
MIP emphasis: optimality.
MIP search method: traditional branch-and-cut.
Parallel mode: none, using 1 thread.
Root relaxation solution time = 0.00 sec. (2.77 ticks)

        Nodes                                         Cuts/
   Node  Left     Objective  IInf  Best Integer    Best Bound    ItCnt     Gap         Variable B NodeID Parent  Depth

*     0+    0                          545.0000        0.0000           100.00%
      0     0      496.0000    57      545.0000      451.0000      130   17.25%
      0     0      517.0000    60      545.0000      Cuts: 56      180    5.14%
      0     0      520.5000    82      545.0000      Cuts: 24      198    4.50%
      0     0      530.8333    99      545.0000      Cuts: 27      237    2.60%
      0     0      532.3333    70      545.0000      Cuts: 45      254    2.32%
      0     0      533.3667   148      545.0000      Cuts: 31      272    2.13%
      0     0      534.0000   127      545.0000      Cuts: 31      286    2.02%
      0     0      534.0588   168      545.0000      Cuts: 10      302    2.01%
      0     0      535.0000    47      545.0000       Cuts: 8      315    1.83%
      0     0      535.5000    29      545.0000      Cuts: 30      347    1.74%
      0     0      537.2500    41      545.0000      Cuts: 14      363    1.42%
      0     0      538.5714    50      545.0000      Cuts: 13      377    1.18%
      0     0      541.3333    34      545.0000       Cuts: 9      398    0.67%
      0     0      541.6667    35      545.0000       Cuts: 8      400    0.61%
      0     0      542.0000    25      545.0000       Cuts: 9      408    0.55%
      0     0      543.0000    36      545.0000       Cuts: 6      426    0.37%
      0     0        cutoff            545.0000                    432    0.00%                        0             0
Elapsed time = 0.13 sec. (213.24 ticks, tree = 0.01 MB, solutions = 1)

Clique cuts applied:  1
Zero-half cuts applied:  32
Gomory fractional cuts applied:  3
User cuts applied:  310

Root node processing (before b&c):
  Real time             =    0.13 sec. (213.30 ticks)
Sequential b&c:
  Real time             =    0.00 sec. (0.00 ticks)
                          ------------
Total (root+branch&cut) =    0.13 sec. (213.30 ticks)

