Version identifier: 22.1.0.0 | 2022-03-09 | 1a383f8ce
CPXPARAM_Preprocessing_Reduce                    1
CPXPARAM_Threads                                 1
CPXPARAM_Preprocessing_Reformulations            0
CPXPARAM_Emphasis_MIP                            2
CPXPARAM_MIP_Limits_CutPasses                    300
CPXPARAM_TimeLimit                               10800
CPXPARAM_MIP_Limits_TreeMemory                   20000
Legacy callback                                  BbLUID
         Disabling repeat represolve because of lazy constraint/incumbent callback.
1 of 1 MIP starts provided solutions.
MIP start 'm1' defined initial solution with objective 540.0000.
Tried aggregator 1 time.
MIP Presolve eliminated 5229 rows and 0 columns.
MIP Presolve modified 495 coefficients.
Reduced MIP has 657 rows, 2553 columns, and 10852 nonzeros.
Reduced MIP has 2553 binaries, 0 generals, 0 SOSs, and 0 indicators.
Presolve time = 0.01 sec. (9.82 ticks)
Probing time = 0.00 sec. (2.70 ticks)
Clique table members: 657.
MIP emphasis: optimality.
MIP search method: traditional branch-and-cut.
Parallel mode: none, using 1 thread.
Root relaxation solution time = 0.00 sec. (2.29 ticks)

        Nodes                                         Cuts/
   Node  Left     Objective  IInf  Best Integer    Best Bound    ItCnt     Gap         Variable B NodeID Parent  Depth

*     0+    0                          540.0000        0.0000           100.00%
      0     0      443.0000    26      540.0000      443.0000      108   17.96%
      0     0      490.0000    14      540.0000      Cuts: 90      175    9.26%
      0     0      526.0000    17      540.0000      Cuts: 42      197    2.59%
      0     0      534.5000     8      540.0000      Cuts: 20      209    1.02%
      0     0      535.0000    32      540.0000      Cuts: 11      215    0.93%
      0     0      535.6667    51      540.0000       Cuts: 5      221    0.80%
      0     0      536.4167    44      540.0000      Cuts: 14      233    0.66%
      0     0      537.5000    56      540.0000       Cuts: 8      238    0.46%
      0     0      538.5000    22      540.0000      Cuts: 21      242    0.28%
      0     0      538.6667    15      540.0000   ZeroHalf: 5      247    0.25%
      0     0        cutoff            540.0000                    253    0.00%                        0             0
Elapsed time = 0.08 sec. (90.37 ticks, tree = 0.01 MB, solutions = 1)

Clique cuts applied:  1
Cover cuts applied:  1
Zero-half cuts applied:  36
Gomory fractional cuts applied:  1
User cuts applied:  188

Root node processing (before b&c):
  Real time             =    0.08 sec. (90.41 ticks)
Sequential b&c:
  Real time             =    0.00 sec. (0.00 ticks)
                          ------------
Total (root+branch&cut) =    0.08 sec. (90.41 ticks)

