Version identifier: 22.1.0.0 | 2022-03-09 | 1a383f8ce
CPXPARAM_Preprocessing_Reduce                    1
CPXPARAM_Threads                                 1
CPXPARAM_Preprocessing_Reformulations            0
CPXPARAM_Emphasis_MIP                            2
CPXPARAM_MIP_Limits_CutPasses                    300
CPXPARAM_TimeLimit                               10800
CPXPARAM_MIP_Limits_TreeMemory                   20000
Legacy callback                                  BbLUID
         Disabling repeat represolve because of lazy constraint/incumbent callback.
1 of 1 MIP starts provided solutions.
MIP start 'm1' defined initial solution with objective 464.0000.
Tried aggregator 1 time.
MIP Presolve eliminated 17137 rows and 0 columns.
MIP Presolve modified 910 coefficients.
Reduced MIP has 1072 rows, 4242 columns, and 25057 nonzeros.
Reduced MIP has 4242 binaries, 0 generals, 0 SOSs, and 0 indicators.
Presolve time = 0.02 sec. (32.97 ticks)
Probing time = 0.00 sec. (3.18 ticks)
Clique table members: 1072.
MIP emphasis: optimality.
MIP search method: traditional branch-and-cut.
Parallel mode: none, using 1 thread.
Root relaxation solution time = 0.00 sec. (3.57 ticks)

        Nodes                                         Cuts/
   Node  Left     Objective  IInf  Best Integer    Best Bound    ItCnt     Gap         Variable B NodeID Parent  Depth

*     0+    0                          464.0000        0.0000           100.00%
      0     0      387.6667    76      464.0000      321.0000      113   30.82%
      0     0      404.0000    94      464.0000      Cuts: 22      159   12.93%
      0     0      404.5000    86      464.0000      Cuts: 10      165   12.82%
      0     0      420.7500    99      464.0000       User: 3      206    9.32%
      0     0      420.7500    90      464.0000       User: 7      225    9.32%
      0     0      420.7500   117      464.0000       User: 9      229    9.32%
      0     0      422.0000   131      464.0000      Cuts: 12      243    9.05%
      0     0      422.6250   108      464.0000      Cuts: 23      254    8.92%
      0     0      422.6667   108      464.0000       Cuts: 3      263    8.91%
      0     0      422.9444   137      464.0000       Cuts: 2      272    8.85%
      0     0      423.1250   144      464.0000       User: 7      280    8.81%
      0     0      423.5625   146      464.0000       User: 5      305    8.71%
      0     0      423.5833   160      464.0000      Cuts: 14      315    8.71%
      0     0      423.5833   149      464.0000       Cuts: 7      321    8.71%
      0     0      423.5833   149      464.0000       Cuts: 7      324    8.71%
      0     0      423.5833   151      464.0000       User: 2      325    8.71%
      0     0      423.7778   157      464.0000       Cuts: 8      337    8.67%
      0     0      423.8333   149      464.0000       User: 6      339    8.66%
      0     0      424.5000   111      464.0000       User: 1      347    8.51%
      0     0      424.5000   134      464.0000       Cuts: 8      351    8.51%
      0     0      424.5000   116      464.0000       Cuts: 9      357    8.51%
      0     0      424.5000   135      464.0000       User: 1      360    8.51%
      0     0      424.5000   136      464.0000       User: 1      366    8.51%
      0     0      426.3333    69      464.0000       User: 1      384    8.12%
      0     0      426.3750   117      464.0000      Cuts: 13      394    8.11%
      0     0      426.3750   120      464.0000       User: 4      396    8.11%
      0     0      426.5000    68      464.0000       User: 1      403    8.08%
      0     0      428.3158   151      464.0000       User: 3      426    7.69%
      0     0      428.4667   122      464.0000       Cuts: 2      433    7.66%
      0     0      428.8750   128      464.0000       User: 5      450    7.57%
      0     0      429.0000   130      464.0000       User: 1      452    7.54%
      0     0      429.0000    40      464.0000       User: 1      459    7.54%
      0     0      430.2222   122      464.0000       Cuts: 7      504    7.28%
      0     0      431.5294   121      464.0000       Cuts: 2      534    7.00%
      0     0      432.0000    67      464.0000       User: 1      542    6.90%
      0     0      432.1667    76      464.0000      Cuts: 13      561    6.86%
      0     0      432.3333   152      464.0000       Cuts: 4      577    6.82%
      0     0      433.6667   142      464.0000      Cuts: 11      612    6.54%
      0     0      433.7500   107      464.0000       Cuts: 5      625    6.52%
      0     0      433.7500   122      464.0000       Cuts: 2      635    6.52%
      0     0      433.7664   180      464.0000       Cuts: 2      643    6.52%
      0     0      434.2500   142      464.0000       Cuts: 3      670    6.41%
      0     0      434.2719   169      464.0000       Cuts: 3      676    6.41%
      0     0      434.2931   170      464.0000       User: 1      678    6.40%
      0     0      434.4304   186      464.0000       Cuts: 2      688    6.37%
      0     0      435.0625   192      464.0000       Cuts: 2      731    6.24%
      0     0      435.1625   198      464.0000       Cuts: 4      751    6.21%
      0     0      435.2833   196      464.0000       Cuts: 2      769    6.19%
      0     0      435.2857   195      464.0000       User: 5      770    6.19%
      0     0      435.3044   205      464.0000       User: 1      778    6.18%
      0     0      435.5194   205      464.0000       User: 4      826    6.14%
      0     0      435.5833   146      464.0000       User: 1      837    6.12%
      0     0      435.6000   140      464.0000       User: 1      841    6.12%
      0     0      436.5000   148      464.0000       Cuts: 6      871    5.93%
      0     0      436.5000   143      464.0000       Cuts: 4      877    5.93%
      0     0      436.5000   152      464.0000       User: 1      882    5.93%
      0     0      436.7500   103      464.0000       Cuts: 3      891    5.87%
      0     0      437.4000   138      464.0000      Cuts: 12      913    5.73%
      0     0      438.1667   202      464.0000      Cuts: 10      961    5.57%
      0     0      438.6667   200      464.0000       Cuts: 6      971    5.46%
      0     0      438.7143   204      464.0000       Cuts: 2      996    5.45%
      0     0      438.8222   199      464.0000       Cuts: 6     1014    5.43%
      0     0      438.9608   185      464.0000       Cuts: 4     1042    5.40%
      0     0      439.0909   182      464.0000       Cuts: 6     1061    5.37%
      0     0      439.6286   176      464.0000       Cuts: 5     1101    5.25%
      0     0      440.0143   177      464.0000      Cuts: 13     1114    5.17%
      0     0      440.3571   165      464.0000       Cuts: 6     1140    5.10%
      0     0      440.5000   178      464.0000       Cuts: 3     1158    5.06%
      0     0      440.5335   178      464.0000       User: 2     1162    5.06%
      0     0      440.8286   177      464.0000       User: 1     1183    4.99%
      0     0      440.8367   171      464.0000       User: 7     1189    4.99%
      0     0      440.8367   171      464.0000       User: 1     1201    4.99%
      0     0      440.8367   172      464.0000       User: 1     1203    4.99%
      0     0      440.8375   168      464.0000       Cuts: 2     1205    4.99%
      0     0      440.9545   165      464.0000       User: 1     1211    4.97%
      0     0      441.0600   169      464.0000       Cuts: 4     1233    4.94%
      0     0      441.1379   192      464.0000       Cuts: 4     1253    4.93%
      0     0      441.1379   185      464.0000       User: 9     1256    4.93%
      0     0      441.2500   169      464.0000       Cuts: 2     1279    4.90%
      0     0      441.8661   183      464.0000       Cuts: 3     1315    4.77%
      0     2      441.8661   183      464.0000      441.8754     1315    4.77%                        0             0
Elapsed time = 1.20 sec. (2281.46 ticks, tree = 0.01 MB, solutions = 1)
      1     3      444.1511   195      464.0000      444.1935     1675    4.27%          x23_16 N      1      0      1
      2     4      445.6000   182      464.0000      444.1935     1814    4.27%          x52_30 D      2      1      2
      3     5      446.4227   193      464.0000      445.8000     1955    3.92%          x52_30 N      3      1      2
      4     6      446.1875   192      464.0000      445.8333     1998    3.92%          x45_72 N      4      2      3
      6     8      449.2500   171      464.0000      445.8333     2147    3.92%          x40_45 N      6      4      4
      9    10      456.9420   177      464.0000      445.8333     2493    3.92%          x23_33 N      9      7      6
     18    14      447.9143   183      464.0000      446.2000     3019    3.84%          x23_16 N     18      0      1
     22    17      450.1283   191      464.0000      446.2000     3354    3.84%           x8_81 N     22     21      4
     30    19      458.0500   159      464.0000      446.2000     4319    3.84%           x3_65 D     30     29      9
     60    30      449.8256   189      464.0000      449.5000     6441    3.12%           x8_81 D     60     37      5
Elapsed time = 3.41 sec. (6744.51 ticks, tree = 0.23 MB, solutions = 1)
     94    57      459.5000   152      464.0000      451.7000     8715    2.65%           x58_4 N     94     64      7
    140    95      456.0125   196      464.0000      453.4063    12201    2.28%          x19_80 D    140    105      8
    193   137      461.0091   156      464.0000      454.5579    16372    2.03%          x43_23 N    193    191     11
    253   183      457.7500   159      464.0000      455.3333    20494    1.87%          x30_78 D    253     80      8
    319   237      459.0541   187      464.0000      456.2537    23942    1.67%          x74_40 N    319    185     13
    400   285      458.6684   175      464.0000      457.0000    28442    1.51%          x74_40 U    400    340     13
    482   329        cutoff            464.0000      457.4949    32719    1.40%           x68_4 U    482    480     14
    563   382      458.5417   171      464.0000      458.0283    37134    1.29%           x68_4 N    563    490     14
    636   426      461.6250   166      464.0000      458.3373    40858    1.22%           x68_4 D    636    431     13
    684   445      462.3333   105      464.0000      458.5500    43645    1.17%           x7_74 U    684    499     15
Elapsed time = 13.10 sec. (16468.98 ticks, tree = 5.11 MB, solutions = 1)
    742   462      459.0750   172      464.0000      458.7500    47033    1.13%          x40_45 D    742    563     15
    808   483      460.3333    91      464.0000      459.0000    51009    1.08%          x72_13 N    808    450     16
    862   507      461.0026   187      464.0000      459.1250    54021    1.05%          x67_72 U    862    375     14
    917   516      460.1346   184      464.0000      459.2917    56340    1.01%          x74_40 D    917    875     21
    979   527      460.3595   193      464.0000      459.5000    59535    0.97%          x70_57 D    979    771     20
   1039   544      462.4962   181      464.0000      459.6400    63034    0.94%          x60_44 D   1039    766     16
   1095   559      461.0000    24      464.0000      459.9091    66619    0.88%          x32_23 N   1095    955     22
   1170   576        cutoff            464.0000      460.0000    70248    0.86%          x13_78 U   1170    529     13
   1240   594      460.8000    78      464.0000      460.2500    72961    0.81%          x74_40 D   1240    996     17
   1300   599      460.8636   127      464.0000      460.4286    76274    0.77%          x74_40 N   1300    796     20
Elapsed time = 21.44 sec. (26127.14 ticks, tree = 6.66 MB, solutions = 1)
   1383   616        cutoff            464.0000      460.6316    79733    0.73%          x40_74 D   1383    687     19
   1451   623        cutoff            464.0000      460.8333    83272    0.68%          x60_44 D   1451   1366     15
   1531   633      462.4667   103      464.0000      461.0000    86428    0.65%           x30_2 N   1531   1530     24
   1611   629        cutoff            464.0000      461.1471    89975    0.61%          x53_11 U   1611    165     12
   1706   631        cutoff            464.0000      461.3321    93744    0.57%          x40_45 U   1706    551     15
   1807   650      461.5000    16      464.0000      461.5000    97776    0.54%          x65_39 D   1807   1610     26
   1901   648      461.6154   158      464.0000      461.5568   100853    0.53%          x13_78 D   1901    860     16
   2003   630        cutoff            464.0000      461.7197   103323    0.49%          x32_33 U   2003   1439     14
   2095   633      461.9130   138      464.0000      461.8378   106720    0.47%          x32_33 D   2095   1116     21
   2190   620      462.0000    22      464.0000      462.0000   109394    0.43%          x57_48 N   2190   1986     20
Elapsed time = 29.26 sec. (35709.98 ticks, tree = 3.93 MB, solutions = 1)
   2290   604      462.2308   113      464.0000      462.0000   112507    0.43%           x65_2 N   2290   2289     29
   2399   573      462.8939   118      464.0000      462.1522   115562    0.40%          x40_45 D   2399    703     13
   2506   535        cutoff            464.0000      462.2500   117999    0.38%          x19_81 D   2506    422     11
   2617   474        cutoff            464.0000      462.4286   120563    0.34%          x61_22 U   2617   2451     33
   2728   423        cutoff            464.0000      462.5000   122319    0.32%          x78_22 D   2728   1830     19
   2841   355        cutoff            464.0000      462.6308   124216    0.30%          x78_22 U   2841   1705     12
   2954   275        cutoff            464.0000      462.7333   125515    0.27%          x60_44 D   2954   2358     19
   3084   178        cutoff            464.0000      462.8556   126567    0.25%          x63_23 U   3084   2379     28
   3212    60        cutoff            464.0000      463.0000   127459    0.22%          x72_45 D   3212   2754     20

Zero-half cuts applied:  37
User cuts applied:  1578

Root node processing (before b&c):
  Real time             =    1.19 sec. (2268.81 ticks)
Sequential b&c:
  Real time             =   32.77 sec. (42641.58 ticks)
                          ------------
Total (root+branch&cut) =   33.96 sec. (44910.39 ticks)

